[2026-08-17 19:57:39.669] [debug] [coffee] event=settings.change status=success field=thirdpartyType value=Lilly_(WMF)
[2026-08-17 19:57:39.674] [debug] [coffee] event=coffee.socket status=started transport=ws machineName=WMF model=Lilly_(WMF) ip=192.168.10.99 port=25000
[2026-08-17 19:57:39.684] [debug] [coffee] event=temperature.change status=success
[2026-08-17 19:57:40.237] [debug] [coffee] event=coffee.socket status=success transport=ws machineName=WMF action=connected
[2026-08-17 19:57:40.262] [debug] [coffee] event=hardware.response status=success machineName=Lilly_(WMF) command=getApiVersion returnvalue=40501
[2026-08-17 19:57:40.777] [debug] [coffee] event=hardware.response status=success machineName=Lilly_(WMF) command=getDiagnosticData returnvalue=0
[2026-08-17 19:57:40.781] [debug] [coffee] event=temperature.change status=success value=96
[2026-08-17 19:57:41.985] [debug] [coffee] event=hardware.response status=success machineName=Lilly_(WMF) command=getMachineInfo returnvalue=0
[2026-08-17 20:00:34.932] [debug] [coffee] event=settings.change status=success field=thirdpartyType value=Lilly_(WMF)
[2026-08-17 20:00:34.934] [debug] [coffee] event=coffee.socket status=started transport=ws machineName=WMF model=Lilly_(WMF) ip=192.168.10.99 port=25000
[2026-08-17 20:00:34.948] [debug] [coffee] event=temperature.change status=success
[2026-08-17 20:00:35.042] [debug] [coffee] event=coffee.socket status=success transport=ws machineName=WMF action=connected
[2026-08-17 20:00:35.070] [debug] [coffee] event=hardware.response status=success machineName=Lilly_(WMF) command=getApiVersion returnvalue=40501
[2026-08-17 20:00:35.623] [debug] [coffee] event=hardware.response status=success machineName=Lilly_(WMF) command=getDiagnosticData returnvalue=0
[2026-08-17 20:00:35.624] [debug] [coffee] event=temperature.change status=success value=96
[2026-08-17 20:00:36.770] [debug] [coffee] event=hardware.response status=success machineName=Lilly_(WMF) command=getMachineInfo returnvalue=0
[2026-08-17 20:00:54.530] [debug] [coffee] event=settings.change status=success field=thirdpartyType value=Lilly_(WMF)
[2026-08-17 20:00:54.536] [debug] [coffee] event=coffee.socket status=started transport=ws machineName=WMF model=Lilly_(WMF) ip=192.168.10.99 port=25000
[2026-08-17 20:00:54.546] [debug] [coffee] event=temperature.change status=success
[2026-08-17 20:00:54.717] [debug] [coffee] event=coffee.socket status=success transport=ws machineName=WMF action=connected
[2026-08-17 20:00:54.783] [debug] [coffee] event=hardware.response status=success machineName=Lilly_(WMF) command=getApiVersion returnvalue=40501
[2026-08-17 20:00:55.243] [debug] [coffee] event=hardware.response status=success machineName=Lilly_(WMF) command=getDiagnosticData returnvalue=0
[2026-08-17 20:00:55.244] [debug] [coffee] event=temperature.change status=success value=96
[2026-08-17 20:00:56.441] [debug] [coffee] event=hardware.response status=success machineName=Lilly_(WMF) command=getMachineInfo returnvalue=0
[2026-08-17 20:08:21.219] [debug] [coffee] event=settings.change status=success field=thirdpartyType value=Lilly_(WMF)
[2026-08-17 20:08:21.222] [debug] [coffee] event=coffee.socket status=started transport=ws machineName=WMF model=Lilly_(WMF) ip=192.168.10.99 port=25000
[2026-08-17 20:08:21.233] [debug] [coffee] event=temperature.change status=success
[2026-08-17 20:08:21.506] [debug] [coffee] event=coffee.socket status=success transport=ws machineName=WMF action=connected
[2026-08-17 20:08:21.530] [debug] [coffee] event=hardware.response status=success machineName=Lilly_(WMF) command=getApiVersion returnvalue=40501
[2026-08-17 20:08:22.057] [debug] [coffee] event=hardware.response status=success machineName=Lilly_(WMF) command=getDiagnosticData returnvalue=0
[2026-08-17 20:08:22.058] [debug] [coffee] event=temperature.change status=success value=96
[2026-08-17 20:08:23.262] [debug] [coffee] event=hardware.response status=success machineName=Lilly_(WMF) command=getMachineInfo returnvalue=0
[2026-08-17 20:12:31.423] [debug] [coffee] event=hardware.response status=success machineName=Lilly_(WMF) command=checkBeverage returnvalue=0
[2026-08-17 20:12:31.425] [debug] [coffee] event=hardware.response status=ignored machineName=Lilly_(WMF) command=checkBeverage reason=unsupported_function returnvalue=0
[2026-08-17 20:12:32.358] [debug] [coffee] event=coffee.side_effect status=success protocol=COFFEE amount=45 fanResult=true roasterResult=true
[2026-08-17 20:12:33.469] [debug] [coffee] event=hardware.response status=success machineName=Lilly_(WMF) command=startBeverage returnvalue=0
[2026-08-17 20:12:33.470] [debug] [coffee] event=hardware.response status=success machineName=Lilly_(WMF) command=startBeverage returnvalue=0 phase=accepted
[2026-08-17 20:12:33.471] [debug] [coffee] event=hardware.response status=ignored machineName=Lilly_(WMF) command=startBeverage reason=unsupported_function returnvalue=0
[2026-08-17 20:12:33.577] [debug] [coffee] event=hardware.response status=success machineName=Lilly_(WMF) command=startBeverage recipeState=99
[2026-08-17 20:12:33.578] [debug] [coffee] event=hardware.response status=success machineName=Lilly_(WMF) command=startBeverage recipeState=99 canCancel=true
[2026-08-17 20:12:33.579] [debug] [coffee] event=hardware.response status=ignored machineName=Lilly_(WMF) command=startBeverage reason=unsupported_function
[2026-08-17 20:12:55.686] [debug] [coffee] event=hardware.response status=success machineName=Lilly_(WMF) command=startBeverage recipeState=9
[2026-08-17 20:12:55.687] [debug] [coffee] event=hardware.response status=success machineName=Lilly_(WMF) command=startBeverage recipeState=9 ready=true
[2026-08-17 20:12:55.688] [debug] [coffee] event=hardware.response status=ignored machineName=Lilly_(WMF) command=startBeverage reason=unsupported_function
[2026-08-17 20:12:55.689] [debug] [coffee] event=inventory.decrease status=ignored protocol=COFFEE inventoryProtocol=COFFEE amount=45
[2026-08-17 20:24:31.132] [debug] [coffee] event=settings.change status=success field=thirdpartyType value=Lilly_(WMF)
[2026-08-17 20:24:31.135] [debug] [coffee] event=coffee.socket status=started transport=ws machineName=WMF model=Lilly_(WMF) ip=192.168.10.99 port=25000
[2026-08-17 20:24:31.142] [debug] [coffee] event=temperature.change status=success
[2026-08-17 20:24:31.211] [debug] [coffee] event=coffee.socket status=success transport=ws machineName=WMF action=connected
[2026-08-17 20:24:31.229] [debug] [coffee] event=hardware.response status=success machineName=Lilly_(WMF) command=getApiVersion returnvalue=40501
[2026-08-17 20:24:31.985] [debug] [coffee] event=hardware.response status=success machineName=Lilly_(WMF) command=getDiagnosticData returnvalue=0
[2026-08-17 20:24:31.986] [debug] [coffee] event=temperature.change status=success value=96
[2026-08-17 20:24:32.979] [debug] [coffee] event=hardware.response status=success machineName=Lilly_(WMF) command=getMachineInfo returnvalue=0
[2026-08-17 20:46:30.797] [debug] [coffee] event=hardware.response status=success machineName=Lilly_(WMF) command=checkBeverage returnvalue=0
[2026-08-17 20:46:30.800] [debug] [coffee] event=hardware.response status=ignored machineName=Lilly_(WMF) command=checkBeverage reason=unsupported_function returnvalue=0
[2026-08-17 20:46:32.918] [debug] [coffee] event=hardware.response status=success machineName=Lilly_(WMF) command=startBeverage returnvalue=0
[2026-08-17 20:46:32.920] [debug] [coffee] event=hardware.response status=success machineName=Lilly_(WMF) command=startBeverage returnvalue=0 phase=accepted
[2026-08-17 20:46:32.921] [debug] [coffee] event=hardware.response status=ignored machineName=Lilly_(WMF) command=startBeverage reason=unsupported_function returnvalue=0
[2026-08-17 20:46:33.022] [debug] [coffee] event=hardware.response status=success machineName=Lilly_(WMF) command=startBeverage recipeState=99
[2026-08-17 20:46:33.023] [debug] [coffee] event=hardware.response status=success machineName=Lilly_(WMF) command=startBeverage recipeState=99 canCancel=true
[2026-08-17 20:46:33.024] [debug] [coffee] event=hardware.response status=ignored machineName=Lilly_(WMF) command=startBeverage reason=unsupported_function
[2026-08-17 20:46:47.646] [debug] [coffee] event=hardware.response status=success machineName=Lilly_(WMF) command=startBeverage recipeState=9
[2026-08-17 20:46:47.648] [debug] [coffee] event=hardware.response status=success machineName=Lilly_(WMF) command=startBeverage recipeState=9 ready=true
[2026-08-17 20:46:47.649] [debug] [coffee] event=hardware.response status=ignored machineName=Lilly_(WMF) command=startBeverage reason=unsupported_function
[2026-08-17 20:46:47.651] [debug] [coffee] event=inventory.decrease status=ignored protocol=COLD_MILK inventoryProtocol=MILK amount=180
[2026-08-17 20:46:49.561] [debug] [coffee] event=hardware.response status=success machineName=Lilly_(WMF) command=checkBeverage returnvalue=0
[2026-08-17 20:46:49.564] [debug] [coffee] event=hardware.response status=ignored machineName=Lilly_(WMF) command=checkBeverage reason=unsupported_function returnvalue=0
[2026-08-17 20:46:49.675] [debug] [coffee] event=coffee.side_effect status=success protocol=COFFEE amount=62 fanResult=true roasterResult=true
[2026-08-17 20:46:50.821] [debug] [coffee] event=hardware.response status=success machineName=Lilly_(WMF) command=startBeverage returnvalue=0
[2026-08-17 20:46:50.822] [debug] [coffee] event=hardware.response status=success machineName=Lilly_(WMF) command=startBeverage returnvalue=0 phase=accepted
[2026-08-17 20:46:50.824] [debug] [coffee] event=hardware.response status=ignored machineName=Lilly_(WMF) command=startBeverage reason=unsupported_function returnvalue=0
[2026-08-17 20:46:51.036] [debug] [coffee] event=hardware.response status=success machineName=Lilly_(WMF) command=startBeverage recipeState=99
[2026-08-17 20:46:51.038] [debug] [coffee] event=hardware.response status=success machineName=Lilly_(WMF) command=startBeverage recipeState=99 canCancel=true
[2026-08-17 20:46:51.039] [debug] [coffee] event=hardware.response status=ignored machineName=Lilly_(WMF) command=startBeverage reason=unsupported_function
[2026-08-17 20:47:19.412] [debug] [coffee] event=hardware.response status=success machineName=Lilly_(WMF) command=startBeverage recipeState=9
[2026-08-17 20:47:19.414] [debug] [coffee] event=hardware.response status=success machineName=Lilly_(WMF) command=startBeverage recipeState=9 ready=true
[2026-08-17 20:47:19.416] [debug] [coffee] event=hardware.response status=ignored machineName=Lilly_(WMF) command=startBeverage reason=unsupported_function
[2026-08-17 20:47:19.418] [debug] [coffee] event=inventory.decrease status=ignored protocol=COFFEE inventoryProtocol=COFFEE amount=62
[2026-08-17 20:47:29.618] [debug] [coffee] event=hardware.response status=success machineName=Lilly_(WMF) command=checkBeverage returnvalue=0
[2026-08-17 20:47:29.620] [debug] [coffee] event=hardware.response status=ignored machineName=Lilly_(WMF) command=checkBeverage reason=unsupported_function returnvalue=0
[2026-08-17 20:47:31.678] [debug] [coffee] event=hardware.response status=success machineName=Lilly_(WMF) command=startBeverage returnvalue=0
[2026-08-17 20:47:31.681] [debug] [coffee] event=hardware.response status=success machineName=Lilly_(WMF) command=startBeverage returnvalue=0 phase=accepted
[2026-08-17 20:47:31.682] [debug] [coffee] event=hardware.response status=ignored machineName=Lilly_(WMF) command=startBeverage reason=unsupported_function returnvalue=0
[2026-08-17 20:47:31.908] [debug] [coffee] event=hardware.response status=success machineName=Lilly_(WMF) command=startBeverage recipeState=99
[2026-08-17 20:47:31.909] [debug] [coffee] event=hardware.response status=success machineName=Lilly_(WMF) command=startBeverage recipeState=99 canCancel=true
[2026-08-17 20:47:31.911] [debug] [coffee] event=hardware.response status=ignored machineName=Lilly_(WMF) command=startBeverage reason=unsupported_function
[2026-08-17 20:47:47.815] [debug] [coffee] event=hardware.response status=success machineName=Lilly_(WMF) command=startBeverage recipeState=9
[2026-08-17 20:47:47.816] [debug] [coffee] event=hardware.response status=success machineName=Lilly_(WMF) command=startBeverage recipeState=9 ready=true
[2026-08-17 20:47:47.818] [debug] [coffee] event=hardware.response status=ignored machineName=Lilly_(WMF) command=startBeverage reason=unsupported_function
[2026-08-17 20:47:47.819] [debug] [coffee] event=inventory.decrease status=ignored protocol=COLD_MILK inventoryProtocol=MILK amount=200
[2026-08-17 21:37:31.434] [debug] [coffee] event=hardware.response status=success machineName=Lilly_(WMF) command=checkBeverage returnvalue=0
[2026-08-17 21:37:31.435] [debug] [coffee] event=hardware.response status=ignored machineName=Lilly_(WMF) command=checkBeverage reason=unsupported_function returnvalue=0
[2026-08-17 21:37:32.360] [debug] [coffee] event=coffee.side_effect status=success protocol=COFFEE amount=45 fanResult=true roasterResult=true
[2026-08-17 21:37:33.475] [debug] [coffee] event=hardware.response status=success machineName=Lilly_(WMF) command=startBeverage returnvalue=0
[2026-08-17 21:37:33.477] [debug] [coffee] event=hardware.response status=success machineName=Lilly_(WMF) command=startBeverage returnvalue=0 phase=accepted
[2026-08-17 21:37:33.478] [debug] [coffee] event=hardware.response status=ignored machineName=Lilly_(WMF) command=startBeverage reason=unsupported_function returnvalue=0
[2026-08-17 21:37:33.631] [debug] [coffee] event=hardware.response status=success machineName=Lilly_(WMF) command=startBeverage recipeState=99
[2026-08-17 21:37:33.633] [debug] [coffee] event=hardware.response status=success machineName=Lilly_(WMF) command=startBeverage recipeState=99 canCancel=true
[2026-08-17 21:37:33.635] [debug] [coffee] event=hardware.response status=ignored machineName=Lilly_(WMF) command=startBeverage reason=unsupported_function
[2026-08-17 21:37:55.269] [debug] [coffee] event=hardware.response status=success machineName=Lilly_(WMF) command=startBeverage recipeState=9
[2026-08-17 21:37:55.271] [debug] [coffee] event=hardware.response status=success machineName=Lilly_(WMF) command=startBeverage recipeState=9 ready=true
[2026-08-17 21:37:55.273] [debug] [coffee] event=hardware.response status=ignored machineName=Lilly_(WMF) command=startBeverage reason=unsupported_function
[2026-08-17 21:37:55.276] [debug] [coffee] event=inventory.decrease status=ignored protocol=COFFEE inventoryProtocol=COFFEE amount=45
[2026-08-17 21:39:10.261] [debug] [coffee] event=hardware.response status=success machineName=Lilly_(WMF) command=checkBeverage returnvalue=0
[2026-08-17 21:39:10.263] [debug] [coffee] event=hardware.response status=ignored machineName=Lilly_(WMF) command=checkBeverage reason=unsupported_function returnvalue=0
[2026-08-17 21:39:11.235] [debug] [coffee] event=coffee.side_effect status=success protocol=COFFEE amount=62 fanResult=true roasterResult=true
[2026-08-17 21:39:12.347] [debug] [coffee] event=hardware.response status=success machineName=Lilly_(WMF) command=startBeverage returnvalue=0
[2026-08-17 21:39:12.349] [debug] [coffee] event=hardware.response status=success machineName=Lilly_(WMF) command=startBeverage returnvalue=0 phase=accepted
[2026-08-17 21:39:12.351] [debug] [coffee] event=hardware.response status=ignored machineName=Lilly_(WMF) command=startBeverage reason=unsupported_function returnvalue=0
[2026-08-17 21:39:12.451] [debug] [coffee] event=hardware.response status=success machineName=Lilly_(WMF) command=startBeverage recipeState=99
[2026-08-17 21:39:12.452] [debug] [coffee] event=hardware.response status=success machineName=Lilly_(WMF) command=startBeverage recipeState=99 canCancel=true
[2026-08-17 21:39:12.454] [debug] [coffee] event=hardware.response status=ignored machineName=Lilly_(WMF) command=startBeverage reason=unsupported_function
[2026-08-17 21:39:39.724] [debug] [coffee] event=hardware.response status=success machineName=Lilly_(WMF) command=startBeverage recipeState=9
[2026-08-17 21:39:39.726] [debug] [coffee] event=hardware.response status=success machineName=Lilly_(WMF) command=startBeverage recipeState=9 ready=true
[2026-08-17 21:39:39.728] [debug] [coffee] event=hardware.response status=ignored machineName=Lilly_(WMF) command=startBeverage reason=unsupported_function
[2026-08-17 21:39:39.730] [debug] [coffee] event=inventory.decrease status=ignored protocol=COFFEE inventoryProtocol=COFFEE amount=62
[2026-08-17 21:52:12.194] [debug] [coffee] event=settings.change status=success field=thirdpartyType value=Lilly_(WMF)
[2026-08-17 21:52:12.196] [debug] [coffee] event=coffee.socket status=started transport=ws machineName=WMF model=Lilly_(WMF) ip=192.168.10.99 port=25000
[2026-08-17 21:52:12.204] [debug] [coffee] event=temperature.change status=success
[2026-08-17 21:52:12.275] [debug] [coffee] event=coffee.socket status=success transport=ws machineName=WMF action=connected
[2026-08-17 21:52:12.298] [debug] [coffee] event=hardware.response status=success machineName=Lilly_(WMF) command=getApiVersion returnvalue=40501
[2026-08-17 21:52:13.041] [debug] [coffee] event=hardware.response status=success machineName=Lilly_(WMF) command=getDiagnosticData returnvalue=0
[2026-08-17 21:52:13.042] [debug] [coffee] event=temperature.change status=success value=96
[2026-08-17 21:52:14.011] [debug] [coffee] event=hardware.response status=success machineName=Lilly_(WMF) command=getMachineInfo returnvalue=0
[2026-08-17 21:58:50.983] [debug] [coffee] event=hardware.response status=success machineName=Lilly_(WMF) command=checkBeverage returnvalue=0
[2026-08-17 21:58:50.985] [debug] [coffee] event=hardware.response status=ignored machineName=Lilly_(WMF) command=checkBeverage reason=unsupported_function returnvalue=0
[2026-08-17 21:58:53.137] [debug] [coffee] event=hardware.response status=success machineName=Lilly_(WMF) command=startBeverage returnvalue=0
[2026-08-17 21:58:53.139] [debug] [coffee] event=hardware.response status=success machineName=Lilly_(WMF) command=startBeverage returnvalue=0 phase=accepted
[2026-08-17 21:58:53.141] [debug] [coffee] event=hardware.response status=ignored machineName=Lilly_(WMF) command=startBeverage reason=unsupported_function returnvalue=0
[2026-08-17 21:58:53.143] [debug] [coffee] event=hardware.response status=success machineName=Lilly_(WMF) command=startBeverage recipeState=99
[2026-08-17 21:58:53.145] [debug] [coffee] event=hardware.response status=success machineName=Lilly_(WMF) command=startBeverage recipeState=99 canCancel=true
[2026-08-17 21:58:53.147] [debug] [coffee] event=hardware.response status=ignored machineName=Lilly_(WMF) command=startBeverage reason=unsupported_function
[2026-08-17 21:59:06.447] [debug] [coffee] event=hardware.response status=success machineName=Lilly_(WMF) command=startBeverage recipeState=9
[2026-08-17 21:59:06.448] [debug] [coffee] event=hardware.response status=success machineName=Lilly_(WMF) command=startBeverage recipeState=9 ready=true
[2026-08-17 21:59:06.452] [debug] [coffee] event=hardware.response status=ignored machineName=Lilly_(WMF) command=startBeverage reason=unsupported_function
[2026-08-17 21:59:06.454] [debug] [coffee] event=inventory.decrease status=ignored protocol=COLD_MILK inventoryProtocol=MILK amount=160
[2026-08-17 21:59:08.338] [debug] [coffee] event=hardware.response status=success machineName=Lilly_(WMF) command=checkBeverage returnvalue=0
[2026-08-17 21:59:08.340] [debug] [coffee] event=hardware.response status=ignored machineName=Lilly_(WMF) command=checkBeverage reason=unsupported_function returnvalue=0
[2026-08-17 21:59:08.469] [debug] [coffee] event=coffee.side_effect status=success protocol=COFFEE amount=62 fanResult=true roasterResult=true
[2026-08-17 21:59:09.585] [debug] [coffee] event=hardware.response status=success machineName=Lilly_(WMF) command=startBeverage returnvalue=0
[2026-08-17 21:59:09.586] [debug] [coffee] event=hardware.response status=success machineName=Lilly_(WMF) command=startBeverage returnvalue=0 phase=accepted
[2026-08-17 21:59:09.588] [debug] [coffee] event=hardware.response status=ignored machineName=Lilly_(WMF) command=startBeverage reason=unsupported_function returnvalue=0
[2026-08-17 21:59:09.712] [debug] [coffee] event=hardware.response status=success machineName=Lilly_(WMF) command=startBeverage recipeState=99
[2026-08-17 21:59:09.713] [debug] [coffee] event=hardware.response status=success machineName=Lilly_(WMF) command=startBeverage recipeState=99 canCancel=true
[2026-08-17 21:59:09.715] [debug] [coffee] event=hardware.response status=ignored machineName=Lilly_(WMF) command=startBeverage reason=unsupported_function
[2026-08-17 21:59:38.581] [debug] [coffee] event=hardware.response status=success machineName=Lilly_(WMF) command=startBeverage recipeState=9
[2026-08-17 21:59:38.583] [debug] [coffee] event=hardware.response status=success machineName=Lilly_(WMF) command=startBeverage recipeState=9 ready=true
[2026-08-17 21:59:38.585] [debug] [coffee] event=hardware.response status=ignored machineName=Lilly_(WMF) command=startBeverage reason=unsupported_function
[2026-08-17 21:59:38.587] [debug] [coffee] event=inventory.decrease status=ignored protocol=COFFEE inventoryProtocol=COFFEE amount=62
[2026-08-17 22:10:34.666] [debug] [coffee] event=hardware.response status=success machineName=Lilly_(WMF) command=checkBeverage returnvalue=0
[2026-08-17 22:10:34.668] [debug] [coffee] event=hardware.response status=ignored machineName=Lilly_(WMF) command=checkBeverage reason=unsupported_function returnvalue=0
[2026-08-17 22:10:35.623] [debug] [coffee] event=coffee.side_effect status=success protocol=COFFEE amount=45 fanResult=true roasterResult=true
[2026-08-17 22:10:36.737] [debug] [coffee] event=hardware.response status=success machineName=Lilly_(WMF) command=startBeverage returnvalue=0
[2026-08-17 22:10:36.739] [debug] [coffee] event=hardware.response status=success machineName=Lilly_(WMF) command=startBeverage returnvalue=0 phase=accepted
[2026-08-17 22:10:36.741] [debug] [coffee] event=hardware.response status=ignored machineName=Lilly_(WMF) command=startBeverage reason=unsupported_function returnvalue=0
[2026-08-17 22:10:36.865] [debug] [coffee] event=hardware.response status=success machineName=Lilly_(WMF) command=startBeverage recipeState=99
[2026-08-17 22:10:36.866] [debug] [coffee] event=hardware.response status=success machineName=Lilly_(WMF) command=startBeverage recipeState=99 canCancel=true
[2026-08-17 22:10:36.869] [debug] [coffee] event=hardware.response status=ignored machineName=Lilly_(WMF) command=startBeverage reason=unsupported_function
[2026-08-17 22:10:58.848] [debug] [coffee] event=hardware.response status=success machineName=Lilly_(WMF) command=startBeverage recipeState=9
[2026-08-17 22:10:58.849] [debug] [coffee] event=hardware.response status=success machineName=Lilly_(WMF) command=startBeverage recipeState=9 ready=true
[2026-08-17 22:10:58.853] [debug] [coffee] event=hardware.response status=ignored machineName=Lilly_(WMF) command=startBeverage reason=unsupported_function
[2026-08-17 22:10:58.855] [debug] [coffee] event=inventory.decrease status=ignored protocol=COFFEE inventoryProtocol=COFFEE amount=45
[2026-08-17 22:21:20.232] [debug] [coffee] event=settings.change status=success field=thirdpartyType value=Lilly_(WMF)
[2026-08-17 22:21:20.235] [debug] [coffee] event=coffee.socket status=started transport=ws machineName=WMF model=Lilly_(WMF) ip=192.168.10.99 port=25000
[2026-08-17 22:21:20.243] [debug] [coffee] event=temperature.change status=success
[2026-08-17 22:21:20.320] [debug] [coffee] event=coffee.socket status=success transport=ws machineName=WMF action=connected
[2026-08-17 22:21:20.340] [debug] [coffee] event=hardware.response status=success machineName=Lilly_(WMF) command=getApiVersion returnvalue=40501
[2026-08-17 22:21:20.861] [debug] [coffee] event=hardware.response status=success machineName=Lilly_(WMF) command=getDiagnosticData returnvalue=0
[2026-08-17 22:21:20.862] [debug] [coffee] event=temperature.change status=success value=96
[2026-08-17 22:21:22.348] [debug] [coffee] event=hardware.response status=success machineName=Lilly_(WMF) command=getMachineInfo returnvalue=0
[2026-08-17 22:23:22.138] [debug] [coffee] event=settings.change status=success field=thirdpartyType value=Lilly_(WMF)
[2026-08-17 22:23:22.141] [debug] [coffee] event=coffee.socket status=started transport=ws machineName=WMF model=Lilly_(WMF) ip=192.168.10.99 port=25000
[2026-08-17 22:23:22.149] [debug] [coffee] event=temperature.change status=success
[2026-08-17 22:23:22.255] [debug] [coffee] event=coffee.socket status=success transport=ws machineName=WMF action=connected
[2026-08-17 22:23:22.280] [debug] [coffee] event=hardware.response status=success machineName=Lilly_(WMF) command=getApiVersion returnvalue=40501
[2026-08-17 22:23:22.785] [debug] [coffee] event=hardware.response status=success machineName=Lilly_(WMF) command=getDiagnosticData returnvalue=0
[2026-08-17 22:23:22.786] [debug] [coffee] event=temperature.change status=success value=96
[2026-08-17 22:23:24.181] [debug] [coffee] event=hardware.response status=success machineName=Lilly_(WMF) command=getMachineInfo returnvalue=0
[2026-08-17 22:27:26.126] [debug] [coffee] event=settings.change status=success field=thirdpartyType value=Lilly_(WMF)
[2026-08-17 22:27:26.128] [debug] [coffee] event=coffee.socket status=started transport=ws machineName=WMF model=Lilly_(WMF) ip=192.168.10.99 port=25000
[2026-08-17 22:27:26.135] [debug] [coffee] event=temperature.change status=success
[2026-08-17 22:27:26.233] [debug] [coffee] event=coffee.socket status=success transport=ws machineName=WMF action=connected
[2026-08-17 22:27:26.244] [debug] [coffee] event=hardware.response status=success machineName=Lilly_(WMF) command=getApiVersion returnvalue=40501
[2026-08-17 22:27:26.823] [debug] [coffee] event=hardware.response status=success machineName=Lilly_(WMF) command=getDiagnosticData returnvalue=0
[2026-08-17 22:27:26.824] [debug] [coffee] event=temperature.change status=success value=96
[2026-08-17 22:27:27.966] [debug] [coffee] event=hardware.response status=success machineName=Lilly_(WMF) command=getMachineInfo returnvalue=0
[2026-08-17 22:32:37.513] [debug] [coffee] event=settings.change status=success field=thirdpartyType value=Lilly_(WMF)
[2026-08-17 22:32:37.515] [debug] [coffee] event=coffee.socket status=started transport=ws machineName=WMF model=Lilly_(WMF) ip=192.168.10.99 port=25000
[2026-08-17 22:32:37.524] [debug] [coffee] event=temperature.change status=success
[2026-08-17 22:32:37.614] [debug] [coffee] event=coffee.socket status=success transport=ws machineName=WMF action=connected
[2026-08-17 22:32:37.632] [debug] [coffee] event=hardware.response status=success machineName=Lilly_(WMF) command=getApiVersion returnvalue=40501
[2026-08-17 22:32:38.136] [debug] [coffee] event=hardware.response status=success machineName=Lilly_(WMF) command=getDiagnosticData returnvalue=0
[2026-08-17 22:32:38.137] [debug] [coffee] event=temperature.change status=success value=96
[2026-08-17 22:32:39.349] [debug] [coffee] event=hardware.response status=success machineName=Lilly_(WMF) command=getMachineInfo returnvalue=0
[2026-08-17 22:47:14.261] [debug] [coffee] event=settings.change status=success field=thirdpartyType value=Lilly_(WMF)
[2026-08-17 22:47:14.263] [debug] [coffee] event=coffee.socket status=started transport=ws machineName=WMF model=Lilly_(WMF) ip=192.168.10.99 port=25000
[2026-08-17 22:47:14.270] [debug] [coffee] event=temperature.change status=success
[2026-08-17 22:47:14.392] [debug] [coffee] event=coffee.socket status=success transport=ws machineName=WMF action=connected
[2026-08-17 22:47:14.415] [debug] [coffee] event=hardware.response status=success machineName=Lilly_(WMF) command=getApiVersion returnvalue=40501
[2026-08-17 22:47:14.912] [debug] [coffee] event=hardware.response status=success machineName=Lilly_(WMF) command=getDiagnosticData returnvalue=0
[2026-08-17 22:47:14.913] [debug] [coffee] event=temperature.change status=success value=96
[2026-08-17 22:47:16.192] [debug] [coffee] event=hardware.response status=success machineName=Lilly_(WMF) command=getMachineInfo returnvalue=0
[2026-08-17 23:18:45.582] [debug] [coffee] event=settings.change status=success field=thirdpartyType value=Lilly_(WMF)
[2026-08-17 23:18:45.584] [debug] [coffee] event=coffee.socket status=started transport=ws machineName=WMF model=Lilly_(WMF) ip=192.168.10.99 port=25000
[2026-08-17 23:18:45.592] [debug] [coffee] event=temperature.change status=success
[2026-08-17 23:18:45.664] [debug] [coffee] event=coffee.socket status=success transport=ws machineName=WMF action=connected
[2026-08-17 23:18:45.694] [debug] [coffee] event=hardware.response status=success machineName=Lilly_(WMF) command=getApiVersion returnvalue=40501
[2026-08-17 23:18:46.191] [debug] [coffee] event=hardware.response status=success machineName=Lilly_(WMF) command=getDiagnosticData returnvalue=0
[2026-08-17 23:18:46.193] [debug] [coffee] event=temperature.change status=success value=96
[2026-08-17 23:18:47.427] [debug] [coffee] event=hardware.response status=success machineName=Lilly_(WMF) command=getMachineInfo returnvalue=0
[2026-08-17 23:22:20.254] [debug] [coffee] event=settings.change status=success field=thirdpartyType value=Lilly_(WMF)
[2026-08-17 23:22:20.256] [debug] [coffee] event=coffee.socket status=started transport=ws machineName=WMF model=Lilly_(WMF) ip=192.168.10.99 port=25000
[2026-08-17 23:22:20.266] [debug] [coffee] event=temperature.change status=success
[2026-08-17 23:22:20.368] [debug] [coffee] event=coffee.socket status=success transport=ws machineName=WMF action=connected
[2026-08-17 23:22:20.379] [debug] [coffee] event=hardware.response status=success machineName=Lilly_(WMF) command=getApiVersion returnvalue=40501
[2026-08-17 23:22:20.928] [debug] [coffee] event=hardware.response status=success machineName=Lilly_(WMF) command=getDiagnosticData returnvalue=0
[2026-08-17 23:22:20.929] [debug] [coffee] event=temperature.change status=success value=96
[2026-08-17 23:22:22.107] [debug] [coffee] event=hardware.response status=success machineName=Lilly_(WMF) command=getMachineInfo returnvalue=0
[2026-08-17 23:23:17.444] [debug] [coffee] event=settings.change status=success field=thirdpartyType value=Lilly_(WMF)
[2026-08-17 23:23:17.446] [debug] [coffee] event=coffee.socket status=started transport=ws machineName=WMF model=Lilly_(WMF) ip=192.168.10.99 port=25000
[2026-08-17 23:23:17.453] [debug] [coffee] event=temperature.change status=success
[2026-08-17 23:23:17.545] [debug] [coffee] event=coffee.socket status=success transport=ws machineName=WMF action=connected
[2026-08-17 23:23:17.666] [debug] [coffee] event=hardware.response status=success machineName=Lilly_(WMF) command=getApiVersion returnvalue=40501
[2026-08-17 23:23:17.667] [debug] [coffee] event=hardware.response status=success machineName=Lilly_(WMF) command=getDiagnosticData returnvalue=0
[2026-08-17 23:23:17.668] [debug] [coffee] event=temperature.change status=success value=96
[2026-08-17 23:23:18.965] [debug] [coffee] event=hardware.response status=success machineName=Lilly_(WMF) command=getMachineInfo returnvalue=0
[2026-08-17 23:23:43.783] [debug] [coffee] event=hardware.response status=success machineName=Lilly_(WMF) command=checkBeverage returnvalue=0
[2026-08-17 23:23:43.786] [debug] [coffee] event=hardware.response status=ignored machineName=Lilly_(WMF) command=checkBeverage reason=unsupported_function returnvalue=0
[2026-08-17 23:23:44.752] [debug] [coffee] event=coffee.side_effect status=success protocol=COFFEE amount=61 fanResult=true roasterResult=true
[2026-08-17 23:23:45.918] [debug] [coffee] event=hardware.response status=success machineName=Lilly_(WMF) command=startBeverage returnvalue=0
[2026-08-17 23:23:45.920] [debug] [coffee] event=hardware.response status=success machineName=Lilly_(WMF) command=startBeverage returnvalue=0 phase=accepted
[2026-08-17 23:23:45.922] [debug] [coffee] event=hardware.response status=ignored machineName=Lilly_(WMF) command=startBeverage reason=unsupported_function returnvalue=0
[2026-08-17 23:23:46.304] [debug] [coffee] event=hardware.response status=success machineName=Lilly_(WMF) command=startBeverage recipeState=99
[2026-08-17 23:23:46.305] [debug] [coffee] event=hardware.response status=success machineName=Lilly_(WMF) command=startBeverage recipeState=99 canCancel=true
[2026-08-17 23:23:46.307] [debug] [coffee] event=hardware.response status=ignored machineName=Lilly_(WMF) command=startBeverage reason=unsupported_function
[2026-08-17 23:24:12.420] [debug] [coffee] event=hardware.response status=success machineName=Lilly_(WMF) command=startBeverage recipeState=-9
[2026-08-17 23:24:12.422] [debug] [coffee] event=hardware.response status=success machineName=Lilly_(WMF) command=startBeverage recipeState=-9 ready=false
[2026-08-17 23:24:12.424] [debug] [coffee] event=hardware.response status=ignored machineName=Lilly_(WMF) command=startBeverage reason=unsupported_function
[2026-08-17 23:24:12.427] [debug] [coffee] event=inventory.decrease status=ignored protocol=COFFEE inventoryProtocol=COFFEE amount=61