[2026-09-02 00:03:37.713] [info]  [HASTE DB Load] Loaded settings from SQLite database successfully. StoreName: "헤이스트 김포운양역점", StoreNo: "010-7477-9363", ThemeMode: "Light", isKioskDryRun: "false"
[2026-09-02 00:03:38.346] [info]  [app] event=app.startup status=started appVersion=3.3.1r79 packaged=true
[2026-09-02 00:03:38.565] [info]  [app] event=app.window status=success
[2026-09-02 00:03:38.592] [info]  [app] event=app.tray status=success
[2026-09-02 00:03:38.593] [info]  [app] event=updater.check status=ignored reason=store_managed_distribution
[2026-09-02 00:03:38.598] [info]  [app] event=app.ipc status=success
[2026-09-02 00:03:38.690] [info]  [app] event=task.start status=success
[2026-09-02 00:03:38.692] [debug] [api] [api] event=settings.change status=success port=8080 posStoreNo=010-7477-9363 deviceModelId=D0000
[2026-09-02 00:03:38.698] [info]  [api] [HASTE] Found SSL Certificates at: C:\Users\CoffeeVanada\AppData\Local\haste_client3\resources\resources
[2026-09-02 00:03:38.703] [info]  [api] [HASTE] Started HTTP Hono Server on port 8080 (Toss Place HTTP Mode).
[2026-09-02 00:03:38.707] [info]  [api] [HASTE] Started HTTPS Hono Server on port 8443 (Toss Kiosk Mode).
[2026-09-02 00:03:38.708] [debug] [api] [api] event=api.server status=success port=8080 host=0.0.0.0
[2026-09-02 00:03:38.709] [debug] [coffee] [coffee] event=settings.change status=success field=thirdpartyType value=Lilly_(WMF)
[2026-09-02 00:03:38.711] [debug] [coffee] [coffee] event=coffee.socket status=started transport=ws machineName=WMF model=Lilly_(WMF) ip=192.168.10.99 port=25000
[2026-09-02 00:03:38.717] [debug] [coffee] [coffee] event=temperature.change status=success
[2026-09-02 00:03:38.718] [debug] [api] [api] event=did.callback status=ignored reason=local_did_not_open screen=temperature
[2026-09-02 00:03:38.723] [info]  [HASTE DB Save] Settings category "inventory" has been updated and saved to SQLite successfully.
[2026-09-02 00:03:38.726] [info]  [HASTE DB Save] Settings category "inventory" has been updated and saved to SQLite successfully.
[2026-09-02 00:03:38.728] [info]  [HASTE DB Save] Settings category "inventory" has been updated and saved to SQLite successfully.
[2026-09-02 00:03:38.730] [info]  [HASTE DB Save] Settings category "inventory" has been updated and saved to SQLite successfully.
[2026-09-02 00:03:38.731] [debug] [api] [HASTE Theme Sync] Applied local UI theme: isDark=false
[2026-09-02 00:03:38.732] [debug] [api] [api] event=did.callback status=started target=local screen=/ reason=local_api_down
[2026-09-02 00:03:38.735] [info]  [app] event=app.startup status=success message="subscriptions registered"
[2026-09-02 00:03:38.736] [debug] [task] [task] event=scheduler.change status=success routine=FOAMER_RINSING intervalSec=3600 normalizedIntervalSec=3600
[2026-09-02 00:03:38.737] [warn]  [HASTE Foamer Schedule] Could not resolve last foamer time: Cannot find module '../services/haste_foamer_stats'
Require stack:
- C:\Users\CoffeeVanada\AppData\Local\haste_client3\resources\app.asar\out\main\index.js
- 
[2026-09-02 00:03:38.739] [debug] [task] [task] event=scheduler.change status=success routine=WARM_RINSING intervalSec=0 normalizedIntervalSec=0
[2026-09-02 00:03:38.740] [debug] [task] [task] event=scheduler.change status=success routine=MIXER_RINSING intervalSec=0 normalizedIntervalSec=0
[2026-09-02 00:03:38.741] [debug] [task] [task] event=scheduler.change status=success routine=ERROR_CHECK intervalSec=600 normalizedIntervalSec=600
[2026-09-02 00:03:38.742] [debug] [task] [task] event=scheduler.change status=success routine=ICE_MAKER intervalSec=1800 normalizedIntervalSec=1800
[2026-09-02 00:03:38.743] [debug] [task] [task] event=scheduler.change status=success routine=TEMP_CHECK intervalSec=60 normalizedIntervalSec=60
[2026-09-02 00:03:38.744] [debug] [app] event=scheduler.change status=success routine=license.verify intervalSec=86400
[2026-09-02 00:03:38.744] [info]  [app] event=app.startup status=success message="schedulers registered"
[2026-09-02 00:03:38.746] [info]  [HASTE Guard] enableHasteAgent is false (OFF). Skipping agent bot launch.
[2026-09-02 00:03:38.747] [info]  [HASTE Official Auto-Updater] Initialized background auto-updater (Target hotpatches & Official releases).
[2026-09-02 00:03:38.747] [info]  [app] event=license.verify status=success state=locked
[2026-09-02 00:03:38.816] [debug] [api] [HASTE DevTools Sync] Current window DevTools opened state: false, Target state: false
[2026-09-02 00:03:38.857] [debug] [coffee] [coffee] event=coffee.socket status=success transport=ws machineName=WMF action=connected
[2026-09-02 00:03:38.883] [debug] [coffee] [coffee] event=hardware.response status=success machineName=Lilly_(WMF) command=getApiVersion returnvalue=40501
[2026-09-02 00:03:39.258] [info]  [HASTE DB Save] Settings category "information" has been updated and saved to SQLite successfully.
[2026-09-02 00:03:39.392] [debug] [coffee] [coffee] event=hardware.response status=success machineName=Lilly_(WMF) command=getDiagnosticData returnvalue=0
[2026-09-02 00:03:39.394] [debug] [coffee] [coffee] event=temperature.change status=success value=96
[2026-09-02 00:03:39.395] [debug] [api] [api] event=did.callback status=ignored reason=local_did_not_open screen=temperature
[2026-09-02 00:03:40.587] [debug] [coffee] [coffee] event=hardware.response status=success machineName=Lilly_(WMF) command=getMachineInfo returnvalue=0
[2026-09-02 00:03:40.760] [info]  [HASTE Startup Auto-Rescue] Serialport incomplete after boot. Executing 1-shot automatic refresh reconnection...
[2026-09-02 00:03:40.761] [info]  [serialport] [serialport] event=serialport.connect status=started scope=all
[2026-09-02 00:03:40.783] [debug] [api] [api] event=did.callback status=started target=local screen=main
[2026-09-02 00:03:40.784] [debug] [serialport] [serialport] event=serialport.connect status=success boardName=board1 port=COM3
[2026-09-02 00:03:40.800] [debug] [serialport] [serialport] event=serialport.packet status=success boardName=board1 length=24 message="bytearray(b'\\x020A1DCP0201A00101A10344\\x03')"
[2026-09-02 00:03:42.306] [debug] [task] [app] event=did.open status=success reason=electron_window_local_webview_monitor url=http://127.0.0.1:8080/did/index.html?clientId=A8%3AA1%3A59%3ADD%3A64%3A66
[2026-09-02 00:03:42.431] [debug] [task] [app] event=did.open status=success reason=electron_window_remote_webview_monitor url=http://127.0.0.1:8080/promo
[2026-09-02 00:03:42.432] [info]  [HASTE Auto-DID] Successfully auto-launched dual DIDs with restored monitor positions!
[2026-09-02 00:03:44.019] [info]  🚀 [HASTE Target Updater] New remote deployment detected (3.3.1r81 > 3.3.1r79). Auto-applying update immediately...
[2026-09-02 00:03:44.020] [info]  [HASTE Official Updater] Downloading official update v3.3.1r81 from: https://github.com/rst9374-tech/haste_client_version/releases/download/v3.3.1r81/hasteai_client_v3.3.1r81.asar
[2026-09-02 00:03:44.023] [error] [app] event=main_process.error status=failed reason=uncaught_exception stack=Error:_Invalid_package_C:\Users\COFFEE~1\AppData\Local\Temp\hasteai_official_v3.3.1r81.asar_at_createError_(node:electron/js2c/node_init:2:2369)_at_t.<computed>_[as_open]_(node:electron/js2c/node_init:2:3203)_at_WriteStream._construct_(node:internal/fs/streams:74:17)_at_constructNT_(node:internal/streams/destroy:300:12)_at_process.processTicksAndRejections_(node:internal/process/task_queues:89:21) message="Invalid package C:\\Users\\COFFEE~1\\AppData\\Local\\Temp\\hasteai_official_v3.3.1r81.asar"
[2026-09-02 00:04:38.748] [debug] [task] [task] event=maintenance.enqueue status=ignored reason=sales_open routine=temperature trigger=scheduled
[2026-09-02 00:04:38.751] [debug] [task] [task] event=maintenance.routine status=ignored reason=sales_open routine=temperature trigger=scheduled
[2026-09-02 00:04:39.035] [info]  🚀 [HASTE Target Updater] New remote deployment detected (3.3.1r81 > 3.3.1r79). Auto-applying update immediately...
[2026-09-02 00:04:39.036] [info]  [HASTE Official Updater] Downloading official update v3.3.1r81 from: https://github.com/rst9374-tech/haste_client_version/releases/download/v3.3.1r81/hasteai_client_v3.3.1r81.asar
[2026-09-02 00:04:39.043] [error] [app] event=main_process.error status=failed reason=uncaught_exception stack=Error:_Invalid_package_C:\Users\COFFEE~1\AppData\Local\Temp\hasteai_official_v3.3.1r81.asar_at_createError_(node:electron/js2c/node_init:2:2369)_at_t.<computed>_[as_open]_(node:electron/js2c/node_init:2:3203)_at_WriteStream._construct_(node:internal/fs/streams:74:17)_at_constructNT_(node:internal/streams/destroy:300:12)_at_process.processTicksAndRejections_(node:internal/process/task_queues:89:21) message="Invalid package C:\\Users\\COFFEE~1\\AppData\\Local\\Temp\\hasteai_official_v3.3.1r81.asar"
[2026-09-02 00:05:38.761] [debug] [task] [task] event=maintenance.enqueue status=ignored reason=sales_open routine=temperature trigger=scheduled
[2026-09-02 00:05:38.763] [debug] [task] [task] event=maintenance.routine status=ignored reason=sales_open routine=temperature trigger=scheduled
[2026-09-02 00:05:39.037] [info]  🚀 [HASTE Target Updater] New remote deployment detected (3.3.1r81 > 3.3.1r79). Auto-applying update immediately...
[2026-09-02 00:05:39.038] [info]  [HASTE Official Updater] Downloading official update v3.3.1r81 from: https://github.com/rst9374-tech/haste_client_version/releases/download/v3.3.1r81/hasteai_client_v3.3.1r81.asar
[2026-09-02 00:05:39.044] [error] [app] event=main_process.error status=failed reason=uncaught_exception stack=Error:_Invalid_package_C:\Users\COFFEE~1\AppData\Local\Temp\hasteai_official_v3.3.1r81.asar_at_createError_(node:electron/js2c/node_init:2:2369)_at_t.<computed>_[as_open]_(node:electron/js2c/node_init:2:3203)_at_WriteStream._construct_(node:internal/fs/streams:74:17)_at_constructNT_(node:internal/streams/destroy:300:12)_at_process.processTicksAndRejections_(node:internal/process/task_queues:89:21) message="Invalid package C:\\Users\\COFFEE~1\\AppData\\Local\\Temp\\hasteai_official_v3.3.1r81.asar"
[2026-09-02 00:06:38.765] [debug] [task] [task] event=maintenance.enqueue status=ignored reason=sales_open routine=temperature trigger=scheduled
[2026-09-02 00:06:38.768] [debug] [task] [task] event=maintenance.routine status=ignored reason=sales_open routine=temperature trigger=scheduled
[2026-09-02 00:06:39.036] [info]  🚀 [HASTE Target Updater] New remote deployment detected (3.3.1r81 > 3.3.1r79). Auto-applying update immediately...
[2026-09-02 00:06:39.036] [info]  [HASTE Official Updater] Downloading official update v3.3.1r81 from: https://github.com/rst9374-tech/haste_client_version/releases/download/v3.3.1r81/hasteai_client_v3.3.1r81.asar
[2026-09-02 00:06:39.039] [error] [app] event=main_process.error status=failed reason=uncaught_exception stack=Error:_Invalid_package_C:\Users\COFFEE~1\AppData\Local\Temp\hasteai_official_v3.3.1r81.asar_at_createError_(node:electron/js2c/node_init:2:2369)_at_t.<computed>_[as_open]_(node:electron/js2c/node_init:2:3203)_at_WriteStream._construct_(node:internal/fs/streams:74:17)_at_constructNT_(node:internal/streams/destroy:300:12)_at_process.processTicksAndRejections_(node:internal/process/task_queues:89:21) message="Invalid package C:\\Users\\COFFEE~1\\AppData\\Local\\Temp\\hasteai_official_v3.3.1r81.asar"
[2026-09-02 00:07:38.779] [debug] [task] [task] event=maintenance.enqueue status=ignored reason=sales_open routine=temperature trigger=scheduled
[2026-09-02 00:07:38.781] [debug] [task] [task] event=maintenance.routine status=ignored reason=sales_open routine=temperature trigger=scheduled
[2026-09-02 00:07:39.053] [info]  🚀 [HASTE Target Updater] New remote deployment detected (3.3.1r81 > 3.3.1r79). Auto-applying update immediately...
[2026-09-02 00:07:39.053] [info]  [HASTE Official Updater] Downloading official update v3.3.1r81 from: https://github.com/rst9374-tech/haste_client_version/releases/download/v3.3.1r81/hasteai_client_v3.3.1r81.asar
[2026-09-02 00:07:39.060] [error] [app] event=main_process.error status=failed reason=uncaught_exception stack=Error:_Invalid_package_C:\Users\COFFEE~1\AppData\Local\Temp\hasteai_official_v3.3.1r81.asar_at_createError_(node:electron/js2c/node_init:2:2369)_at_t.<computed>_[as_open]_(node:electron/js2c/node_init:2:3203)_at_WriteStream._construct_(node:internal/fs/streams:74:17)_at_constructNT_(node:internal/streams/destroy:300:12)_at_process.processTicksAndRejections_(node:internal/process/task_queues:89:21) message="Invalid package C:\\Users\\COFFEE~1\\AppData\\Local\\Temp\\hasteai_official_v3.3.1r81.asar"
[2026-09-02 00:08:38.781] [debug] [task] [task] event=maintenance.enqueue status=ignored reason=sales_open routine=temperature trigger=scheduled
[2026-09-02 00:08:38.784] [debug] [task] [task] event=maintenance.routine status=ignored reason=sales_open routine=temperature trigger=scheduled
[2026-09-02 00:08:39.079] [info]  🚀 [HASTE Target Updater] New remote deployment detected (3.3.1r81 > 3.3.1r79). Auto-applying update immediately...
[2026-09-02 00:08:39.081] [info]  [HASTE Official Updater] Downloading official update v3.3.1r81 from: https://github.com/rst9374-tech/haste_client_version/releases/download/v3.3.1r81/hasteai_client_v3.3.1r81.asar
[2026-09-02 00:08:39.089] [error] [app] event=main_process.error status=failed reason=uncaught_exception stack=Error:_Invalid_package_C:\Users\COFFEE~1\AppData\Local\Temp\hasteai_official_v3.3.1r81.asar_at_createError_(node:electron/js2c/node_init:2:2369)_at_t.<computed>_[as_open]_(node:electron/js2c/node_init:2:3203)_at_WriteStream._construct_(node:internal/fs/streams:74:17)_at_constructNT_(node:internal/streams/destroy:300:12)_at_process.processTicksAndRejections_(node:internal/process/task_queues:89:21) message="Invalid package C:\\Users\\COFFEE~1\\AppData\\Local\\Temp\\hasteai_official_v3.3.1r81.asar"
[2026-09-02 00:09:38.785] [debug] [task] [task] event=maintenance.enqueue status=ignored reason=sales_open routine=temperature trigger=scheduled
[2026-09-02 00:09:38.787] [debug] [task] [task] event=maintenance.routine status=ignored reason=sales_open routine=temperature trigger=scheduled
[2026-09-02 00:09:39.052] [info]  🚀 [HASTE Target Updater] New remote deployment detected (3.3.1r81 > 3.3.1r79). Auto-applying update immediately...
[2026-09-02 00:09:39.052] [info]  [HASTE Official Updater] Downloading official update v3.3.1r81 from: https://github.com/rst9374-tech/haste_client_version/releases/download/v3.3.1r81/hasteai_client_v3.3.1r81.asar
[2026-09-02 00:09:39.056] [error] [app] event=main_process.error status=failed reason=uncaught_exception stack=Error:_Invalid_package_C:\Users\COFFEE~1\AppData\Local\Temp\hasteai_official_v3.3.1r81.asar_at_createError_(node:electron/js2c/node_init:2:2369)_at_t.<computed>_[as_open]_(node:electron/js2c/node_init:2:3203)_at_WriteStream._construct_(node:internal/fs/streams:74:17)_at_constructNT_(node:internal/streams/destroy:300:12)_at_process.processTicksAndRejections_(node:internal/process/task_queues:89:21) message="Invalid package C:\\Users\\COFFEE~1\\AppData\\Local\\Temp\\hasteai_official_v3.3.1r81.asar"
[2026-09-02 00:09:49.705] [info]  [HASTE DB Save] Settings category "information" has been updated and saved to SQLite successfully.
[2026-09-02 00:09:54.596] [info]  [HASTE Shutdown] Releasing all serial ports...
[2026-09-02 00:09:54.599] [info]  [app] event=app.shutdown status=started
[2026-09-02 00:09:54.738] [debug] [serialport] [serialport] event=serialport.close status=success boardName=board1 port=COM3
[2026-09-02 00:12:59.980] [info]  [HASTE DB Load] Loaded settings from SQLite database successfully. StoreName: "헤이스트 김포운양역점", StoreNo: "010-7477-9363", ThemeMode: "Light", isKioskDryRun: "false"
[2026-09-02 00:13:00.704] [info]  [app] event=app.startup status=started appVersion=3.3.1r83 packaged=true
[2026-09-02 00:13:00.989] [info]  [app] event=app.window status=success
[2026-09-02 00:13:01.006] [info]  [app] event=app.tray status=success
[2026-09-02 00:13:01.007] [info]  [app] event=updater.check status=ignored reason=store_managed_distribution
[2026-09-02 00:13:01.013] [info]  [app] event=app.ipc status=success
[2026-09-02 00:13:01.198] [info]  [app] event=task.start status=success
[2026-09-02 00:13:01.203] [debug] [api] [api] event=settings.change status=success port=8080 posStoreNo=010-7477-9363 deviceModelId=D0000
[2026-09-02 00:13:01.211] [info]  [api] [HASTE] Found SSL Certificates at: C:\Users\CoffeeVanada\AppData\Local\haste_client3\resources\resources
[2026-09-02 00:13:01.241] [info]  [api] [HASTE] Started HTTP Hono Server on port 8080 (Toss Place HTTP Mode).
[2026-09-02 00:13:01.244] [info]  [api] [HASTE] Started HTTPS Hono Server on port 8443 (Toss Kiosk Mode).
[2026-09-02 00:13:01.246] [debug] [api] [api] event=api.server status=success port=8080 host=0.0.0.0
[2026-09-02 00:13:01.247] [debug] [coffee] [coffee] event=settings.change status=success field=thirdpartyType value=Lilly_(WMF)
[2026-09-02 00:13:01.249] [debug] [coffee] [coffee] event=coffee.socket status=started transport=ws machineName=WMF model=Lilly_(WMF) ip=192.168.10.99 port=25000
[2026-09-02 00:13:01.256] [debug] [coffee] [coffee] event=temperature.change status=success
[2026-09-02 00:13:01.257] [debug] [api] [api] event=did.callback status=ignored reason=local_did_not_open screen=temperature
[2026-09-02 00:13:01.261] [info]  [HASTE DB Save] Settings category "inventory" has been updated and saved to SQLite successfully.
[2026-09-02 00:13:01.263] [info]  [HASTE DB Save] Settings category "inventory" has been updated and saved to SQLite successfully.
[2026-09-02 00:13:01.266] [info]  [HASTE DB Save] Settings category "inventory" has been updated and saved to SQLite successfully.
[2026-09-02 00:13:01.268] [info]  [HASTE DB Save] Settings category "inventory" has been updated and saved to SQLite successfully.
[2026-09-02 00:13:01.269] [debug] [api] [HASTE Theme Sync] Applied local UI theme: isDark=false
[2026-09-02 00:13:01.270] [debug] [api] [api] event=did.callback status=started target=local screen=/ reason=local_api_down
[2026-09-02 00:13:01.272] [info]  [app] event=app.startup status=success message="subscriptions registered"
[2026-09-02 00:13:01.273] [debug] [task] [task] event=scheduler.change status=success routine=FOAMER_RINSING intervalSec=3600 normalizedIntervalSec=3600
[2026-09-02 00:13:01.276] [warn]  [HASTE Foamer Schedule] Could not resolve last foamer time: Cannot find module '../services/haste_foamer_stats'
Require stack:
- C:\Users\CoffeeVanada\AppData\Local\haste_client3\resources\app.asar\out\main\index.js
- 
[2026-09-02 00:13:01.277] [debug] [task] [task] event=scheduler.change status=success routine=WARM_RINSING intervalSec=0 normalizedIntervalSec=0
[2026-09-02 00:13:01.278] [debug] [task] [task] event=scheduler.change status=success routine=MIXER_RINSING intervalSec=0 normalizedIntervalSec=0
[2026-09-02 00:13:01.279] [debug] [task] [task] event=scheduler.change status=success routine=ERROR_CHECK intervalSec=600 normalizedIntervalSec=600
[2026-09-02 00:13:01.280] [debug] [task] [task] event=scheduler.change status=success routine=ICE_MAKER intervalSec=1800 normalizedIntervalSec=1800
[2026-09-02 00:13:01.281] [debug] [task] [task] event=scheduler.change status=success routine=TEMP_CHECK intervalSec=60 normalizedIntervalSec=60
[2026-09-02 00:13:01.282] [debug] [app] event=scheduler.change status=success routine=license.verify intervalSec=86400
[2026-09-02 00:13:01.282] [info]  [app] event=app.startup status=success message="schedulers registered"
[2026-09-02 00:13:01.284] [info]  [HASTE Guard] enableHasteAgent is false (OFF). Skipping agent bot launch.
[2026-09-02 00:13:01.285] [info]  [HASTE Official Auto-Updater] Initialized background auto-updater (Target hotpatches & Official releases).
[2026-09-02 00:13:01.285] [info]  [app] event=license.verify status=success state=locked
[2026-09-02 00:13:01.338] [debug] [coffee] [coffee] event=coffee.socket status=success transport=ws machineName=WMF action=connected
[2026-09-02 00:13:01.342] [debug] [api] [HASTE DevTools Sync] Current window DevTools opened state: false, Target state: false
[2026-09-02 00:13:01.355] [debug] [coffee] [coffee] event=hardware.response status=success machineName=Lilly_(WMF) command=getApiVersion returnvalue=40501
[2026-09-02 00:13:01.579] [info]  [HASTE DB Save] Settings category "information" has been updated and saved to SQLite successfully.
[2026-09-02 00:13:01.895] [debug] [coffee] [coffee] event=hardware.response status=success machineName=Lilly_(WMF) command=getDiagnosticData returnvalue=0
[2026-09-02 00:13:01.896] [debug] [coffee] [coffee] event=temperature.change status=success value=96
[2026-09-02 00:13:01.897] [debug] [api] [api] event=did.callback status=ignored reason=local_did_not_open screen=temperature
[2026-09-02 00:13:03.073] [debug] [coffee] [coffee] event=hardware.response status=success machineName=Lilly_(WMF) command=getMachineInfo returnvalue=0
[2026-09-02 00:13:03.292] [info]  [HASTE Startup Auto-Rescue] Serialport incomplete after boot. Executing 1-shot automatic refresh reconnection...
[2026-09-02 00:13:03.292] [info]  [serialport] [serialport] event=serialport.connect status=started scope=all
[2026-09-02 00:13:03.297] [debug] [api] [api] event=did.callback status=started target=local screen=main
[2026-09-02 00:13:03.298] [debug] [serialport] [serialport] event=serialport.connect status=success boardName=board1 port=COM3
[2026-09-02 00:13:03.317] [debug] [serialport] [serialport] event=serialport.packet status=success boardName=board1 length=24 message="bytearray(b'\\x020A1DCP0201A00101A10344\\x03')"
[2026-09-02 00:13:04.834] [debug] [task] [app] event=did.open status=success reason=electron_window_local_webview_monitor url=http://127.0.0.1:8080/did/index.html?clientId=A8%3AA1%3A59%3ADD%3A64%3A66
[2026-09-02 00:13:04.964] [debug] [task] [app] event=did.open status=success reason=electron_window_remote_webview_monitor url=http://127.0.0.1:8080/promo
[2026-09-02 00:13:04.965] [info]  [HASTE Auto-DID] Successfully auto-launched dual DIDs with restored monitor positions!
[2026-09-02 00:14:01.283] [debug] [task] [task] event=maintenance.enqueue status=ignored reason=sales_open routine=temperature trigger=scheduled
[2026-09-02 00:14:01.284] [debug] [task] [task] event=maintenance.routine status=ignored reason=sales_open routine=temperature trigger=scheduled
[2026-09-02 00:15:01.296] [debug] [task] [task] event=maintenance.enqueue status=ignored reason=sales_open routine=temperature trigger=scheduled
[2026-09-02 00:15:01.299] [debug] [task] [task] event=maintenance.routine status=ignored reason=sales_open routine=temperature trigger=scheduled
[2026-09-02 00:15:03.504] [debug] [api] [HASTE Theme Sync] Applied local UI theme: isDark=false
[2026-09-02 00:15:03.509] [info]  [HASTE DB Save] Settings category "information" has been updated and saved to SQLite successfully.
[2026-09-02 00:15:03.559] [debug] [api] [HASTE DevTools Sync] Current window DevTools opened state: false, Target state: false
[2026-09-02 00:15:03.745] [info]  [HASTE DB Save] Settings category "information" has been updated and saved to SQLite successfully.
[2026-09-02 00:15:03.765] [info]  [HASTE DB Save] Settings category "information" has been updated and saved to SQLite successfully.
[2026-09-02 00:15:03.774] [info]  [HASTE DB Save] Settings category "information" has been updated and saved to SQLite successfully.
[2026-09-02 00:15:03.787] [info]  [HASTE DB Save] Settings category "information" has been updated and saved to SQLite successfully.
[2026-09-02 00:15:03.799] [info]  [task] [HASTE Hard-Relaunch] App exit triggered from Renderer safely. Executing OS-Level Hard Relaunch...
[2026-09-02 00:15:03.828] [info]  [task] [HASTE Hard-Relaunch] Gracefully releasing all serial ports before OS-level exit...
[2026-09-02 00:15:03.953] [debug] [api] [api] event=did.callback status=started target=local screen=/ reason=serialport_down
[2026-09-02 00:15:03.954] [debug] [serialport] [serialport] event=serialport.close status=success boardName=board1 port=COM3
[2026-09-02 00:15:03.955] [info]  [task] [HASTE Hard-Relaunch] [Prod Mode] Spawning next Lilly process via PS1: C:\Users\CoffeeVanada\AppData\Local\haste_client3\haste_client3.exe
[2026-09-02 00:15:03.958] [info]  [task] [HASTE Hard-Relaunch] PS1 written: C:\Users\COFFEE~1\AppData\Local\Temp\haste_relaunch_1788275703957.ps1
[2026-09-02 00:15:04.112] [info]  [task] [HASTE Hard-Relaunch] Current process exiting via app.exit(0) safely.
[2026-09-02 00:15:09.294] [info]  [HASTE DB Load] Loaded settings from SQLite database successfully. StoreName: "헤이스트 김포운양역점", StoreNo: "010-7477-9363", ThemeMode: "Light", isKioskDryRun: "false"
[2026-09-02 00:15:09.672] [info]  [app] event=app.startup status=started appVersion=3.3.1r83 packaged=true
[2026-09-02 00:15:09.786] [info]  [app] event=app.window status=success
[2026-09-02 00:15:09.809] [info]  [app] event=app.tray status=success
[2026-09-02 00:15:09.845] [info]  [app] event=updater.check status=ignored reason=store_managed_distribution
[2026-09-02 00:15:09.852] [info]  [app] event=app.ipc status=success
[2026-09-02 00:15:09.952] [info]  [app] event=task.start status=success
[2026-09-02 00:15:09.955] [debug] [api] [api] event=settings.change status=success port=8080 posStoreNo=010-7477-9363 deviceModelId=D0000
[2026-09-02 00:15:09.971] [info]  [api] [HASTE] Found SSL Certificates at: C:\Users\CoffeeVanada\AppData\Local\haste_client3\resources\resources
[2026-09-02 00:15:10.017] [info]  [api] [HASTE] Started HTTP Hono Server on port 8080 (Toss Place HTTP Mode).
[2026-09-02 00:15:10.020] [info]  [api] [HASTE] Started HTTPS Hono Server on port 8443 (Toss Kiosk Mode).
[2026-09-02 00:15:10.034] [debug] [api] [api] event=api.server status=success port=8080 host=0.0.0.0
[2026-09-02 00:15:10.060] [debug] [coffee] [coffee] event=settings.change status=success field=thirdpartyType value=Lilly_(WMF)
[2026-09-02 00:15:10.078] [debug] [coffee] [coffee] event=coffee.socket status=started transport=ws machineName=WMF model=Lilly_(WMF) ip=192.168.10.99 port=25000
[2026-09-02 00:15:10.107] [debug] [coffee] [coffee] event=temperature.change status=success
[2026-09-02 00:15:10.121] [debug] [api] [api] event=did.callback status=ignored reason=local_did_not_open screen=temperature
[2026-09-02 00:15:10.129] [info]  [HASTE DB Save] Settings category "inventory" has been updated and saved to SQLite successfully.
[2026-09-02 00:15:10.132] [info]  [HASTE DB Save] Settings category "inventory" has been updated and saved to SQLite successfully.
[2026-09-02 00:15:10.134] [info]  [HASTE DB Save] Settings category "inventory" has been updated and saved to SQLite successfully.
[2026-09-02 00:15:10.149] [info]  [HASTE DB Save] Settings category "inventory" has been updated and saved to SQLite successfully.
[2026-09-02 00:15:10.161] [debug] [api] [HASTE Theme Sync] Applied local UI theme: isDark=false
[2026-09-02 00:15:10.175] [debug] [api] [api] event=did.callback status=started target=local screen=/ reason=local_api_down
[2026-09-02 00:15:10.178] [info]  [app] event=app.startup status=success message="subscriptions registered"
[2026-09-02 00:15:10.191] [debug] [task] [task] event=scheduler.change status=success routine=FOAMER_RINSING intervalSec=3600 normalizedIntervalSec=3600
[2026-09-02 00:15:10.206] [warn]  [HASTE Foamer Schedule] Could not resolve last foamer time: Cannot find module '../services/haste_foamer_stats'
Require stack:
- C:\Users\CoffeeVanada\AppData\Local\haste_client3\resources\app.asar\out\main\index.js
- 
[2026-09-02 00:15:10.217] [debug] [task] [task] event=scheduler.change status=success routine=WARM_RINSING intervalSec=0 normalizedIntervalSec=0
[2026-09-02 00:15:10.238] [debug] [task] [task] event=scheduler.change status=success routine=MIXER_RINSING intervalSec=0 normalizedIntervalSec=0
[2026-09-02 00:15:10.243] [debug] [task] [task] event=scheduler.change status=success routine=ERROR_CHECK intervalSec=600 normalizedIntervalSec=600
[2026-09-02 00:15:10.256] [debug] [task] [task] event=scheduler.change status=success routine=ICE_MAKER intervalSec=1800 normalizedIntervalSec=1800
[2026-09-02 00:15:10.281] [debug] [task] [task] event=scheduler.change status=success routine=TEMP_CHECK intervalSec=60 normalizedIntervalSec=60
[2026-09-02 00:15:10.294] [debug] [app] event=scheduler.change status=success routine=license.verify intervalSec=86400
[2026-09-02 00:15:10.295] [info]  [app] event=app.startup status=success message="schedulers registered"
[2026-09-02 00:15:10.299] [info]  [HASTE Guard] enableHasteAgent is false (OFF). Skipping agent bot launch.
[2026-09-02 00:15:10.300] [info]  [HASTE Official Auto-Updater] Initialized background auto-updater (Target hotpatches & Official releases).
[2026-09-02 00:15:10.332] [debug] [api] [HASTE DevTools Sync] Current window DevTools opened state: false, Target state: false
[2026-09-02 00:15:10.420] [debug] [coffee] [coffee] event=coffee.socket status=success transport=ws machineName=WMF action=connected
[2026-09-02 00:15:10.486] [debug] [coffee] [coffee] event=hardware.response status=success machineName=Lilly_(WMF) command=getApiVersion returnvalue=40501
[2026-09-02 00:15:10.742] [info]  [HASTE DB Save] Settings category "information" has been updated and saved to SQLite successfully.
[2026-09-02 00:15:10.787] [info]  [app] event=license.verify status=success state=approved storeId=010-7477-9363
[2026-09-02 00:15:10.792] [info]  [HASTE DB Save] Settings category "information" has been updated and saved to SQLite successfully.
[2026-09-02 00:15:11.013] [debug] [coffee] [coffee] event=hardware.response status=success machineName=Lilly_(WMF) command=getDiagnosticData returnvalue=0
[2026-09-02 00:15:11.038] [debug] [coffee] [coffee] event=temperature.change status=success value=96
[2026-09-02 00:15:11.041] [debug] [api] [api] event=did.callback status=ignored reason=local_did_not_open screen=temperature
[2026-09-02 00:15:12.194] [debug] [coffee] [coffee] event=hardware.response status=success machineName=Lilly_(WMF) command=getMachineInfo returnvalue=0
[2026-09-02 00:15:12.318] [info]  [HASTE Startup Auto-Rescue] Serialport incomplete after boot. Executing 1-shot automatic refresh reconnection...
[2026-09-02 00:15:12.319] [info]  [serialport] [serialport] event=serialport.connect status=started scope=all
[2026-09-02 00:15:12.353] [debug] [api] [api] event=did.callback status=started target=local screen=main
[2026-09-02 00:15:12.361] [debug] [serialport] [serialport] event=serialport.connect status=success boardName=board1 port=COM3
[2026-09-02 00:15:12.371] [debug] [serialport] [serialport] event=serialport.packet status=success boardName=board1 length=24 message="bytearray(b'\\x020A1DCP0201A00101A10344\\x03')"
[2026-09-02 00:15:13.862] [debug] [task] [app] event=did.open status=success reason=electron_window_local_webview_monitor url=http://127.0.0.1:8080/did/index.html?clientId=A8%3AA1%3A59%3ADD%3A64%3A66
[2026-09-02 00:15:14.038] [debug] [task] [app] event=did.open status=success reason=electron_window_remote_webview_monitor url=http://127.0.0.1:8080/promo
[2026-09-02 00:15:14.180] [info]  [HASTE Auto-DID] Successfully auto-launched dual DIDs with restored monitor positions!
[2026-09-02 00:16:10.308] [debug] [task] [task] event=maintenance.enqueue status=ignored reason=sales_open routine=temperature trigger=scheduled
[2026-09-02 00:16:10.326] [debug] [task] [task] event=maintenance.routine status=ignored reason=sales_open routine=temperature trigger=scheduled
[2026-09-02 00:16:45.697] [info]  [HASTE Restore] Triggering partial overwrite for HARDWARE CONFIG settings only...
[2026-09-02 00:16:45.736] [debug] [coffee] [coffee] event=settings.change status=success machineName=WMF_1 ip=192.168.10.99 port=25000
[2026-09-02 00:16:45.745] [debug] [api] [api] event=did.callback status=started target=local screen=/ reason=coffee_machine_down
[2026-09-02 00:16:45.753] [debug] [coffee] [coffee] event=coffee.socket status=started transport=ws machineName=WMF_1 model=Lilly_(WMF) ip=192.168.10.99 port=25000
[2026-09-02 00:16:45.832] [debug] [task] [task] event=scheduler.change status=success routine=ERROR_CHECK intervalSec=1800 normalizedIntervalSec=1800
[2026-09-02 00:16:45.885] [debug] [task] [task] event=scheduler.change status=success routine=TEMP_CHECK intervalSec=600 normalizedIntervalSec=600
[2026-09-02 00:16:45.941] [info]  [HASTE DB Save] Settings category "inventory" has been updated and saved to SQLite successfully.
[2026-09-02 00:16:45.952] [info]  [HASTE DB Save] Settings category "coffee" has been updated and saved to SQLite successfully.
[2026-09-02 00:16:45.959] [info]  [HASTE DB Save] Settings category "inventory" has been updated and saved to SQLite successfully.
[2026-09-02 00:16:45.969] [info]  [HASTE DB Save] Settings category "cup" has been updated and saved to SQLite successfully.
[2026-09-02 00:16:45.998] [info]  [HASTE DB Save] Settings category "parts" has been updated and saved to SQLite successfully.
[2026-09-02 00:16:46.001] [info]  [serialport] [serialport] event=settings.change status=success scope=all
[2026-09-02 00:16:46.006] [info]  [serialport] [serialport] event=serialport.connect status=started scope=all
[2026-09-02 00:16:46.054] [info]  [HASTE DB Save] Settings category "serialport" has been updated and saved to SQLite successfully.
[2026-09-02 00:16:46.066] [info]  [HASTE DB Save] Settings category "inventory" has been updated and saved to SQLite successfully.
[2026-09-02 00:16:46.122] [info]  [HASTE DB Save] Settings category "sirubs" has been updated and saved to SQLite successfully.
[2026-09-02 00:16:46.132] [info]  [HASTE DB Save] Settings category "inventory" has been updated and saved to SQLite successfully.
[2026-09-02 00:16:46.145] [info]  [HASTE DB Save] Settings category "water" has been updated and saved to SQLite successfully.
[2026-09-02 00:16:46.147] [info]  [HASTE DB Save] Settings category "unexpected" has been updated and saved to SQLite successfully.
[2026-09-02 00:16:46.150] [debug] [api] [api] event=settings.change status=success port=8080 posStoreNo=010-7477-9363 deviceModelId=D0000
[2026-09-02 00:16:46.154] [debug] [api] [HASTE Theme Sync] Applied local UI theme: isDark=false
[2026-09-02 00:16:46.185] [info]  [HASTE DB Save] Settings category "information" has been updated and saved to SQLite successfully.
[2026-09-02 00:16:46.190] [info]  [HASTE DB Save] Settings category "inventory" has been updated and saved to SQLite successfully.
[2026-09-02 00:16:46.200] [info]  [HASTE DB Save] Settings category "coffee" has been updated and saved to SQLite successfully.
[2026-09-02 00:16:46.205] [info]  [HASTE DB Save] Settings category "cup" has been updated and saved to SQLite successfully.
[2026-09-02 00:16:46.213] [info]  [HASTE Restore Success] Forcing physical serial port reconnection...
[2026-09-02 00:16:46.213] [info]  [serialport] [serialport] event=serialport.connect status=started scope=all
[2026-09-02 00:16:46.215] [info]  [HASTE DB Restore] Settings backup restored and applied successfully. Path: "unknown_stream", AppliedCategories: [all_settings]
[2026-09-02 00:16:46.260] [info]  [HASTE DB Load] Loaded settings from SQLite database successfully. StoreName: "헤이스트 김포운양역점", StoreNo: "010-7477-9363", ThemeMode: "Light", isKioskDryRun: "false"
[2026-09-02 00:16:46.297] [debug] [coffee] [coffee] event=settings.change status=success machineName=WMF ip=192.168.10.99 port=25000
[2026-09-02 00:16:46.307] [debug] [coffee] [coffee] event=coffee.socket status=started transport=ws machineName=WMF model=Lilly_(WMF) ip=192.168.10.99 port=25000
[2026-09-02 00:16:46.322] [info]  [HASTE DB Save] Settings category "inventory" has been updated and saved to SQLite successfully.
[2026-09-02 00:16:46.354] [info]  [HASTE DB Reload] Reloaded settingsStore in-memory cache with fresh DB values.
[2026-09-02 00:16:46.369] [info]  [task] [HASTE Autoload Commit] License auto-activated for: 010-7477-9363
[2026-09-02 00:16:46.446] [info]   [HASTE Guard] Backup JSON successfully saved under SQLite DB folder: C:\Users\CoffeeVanada\AppData\Roaming\haste_client3.3\haste_injected_config_raw.json
[2026-09-02 00:16:46.467] [error] [task] [app] event=settings.backup.cloud status=failed reason=action_error message="app is not defined"
[2026-09-02 00:16:46.489] [debug] [serialport] [serialport] event=serialport.close status=success boardName=board1 port=COM3
[2026-09-02 00:16:46.506] [debug] [coffee] [coffee] event=coffee.socket status=success transport=ws machineName=WMF action=closed
[2026-09-02 00:16:46.512] [debug] [api] [HASTE DevTools Sync] Current window DevTools opened state: false, Target state: false
[2026-09-02 00:16:46.542] [info]  [HASTE DB Save] Settings category "information" has been updated and saved to SQLite successfully.
[2026-09-02 00:16:46.547] [info]  [HASTE DB Save] Settings category "information" has been updated and saved to SQLite successfully.
[2026-09-02 00:16:46.551] [info]  [HASTE DB Save] Settings category "information" has been updated and saved to SQLite successfully.
[2026-09-02 00:16:46.638] [error] [serialport] [serialport] event=serialport.error status=failed reason=port_error boardName=board1 port=COM6 message="Opening COM6: Access denied"
[2026-09-02 00:16:46.701] [error] [serialport] [serialport] event=serialport.error status=failed reason=port_error boardName=board2 port=COM7 message="Opening COM7: Access denied"
[2026-09-02 00:16:46.737] [debug] [coffee] [coffee] event=coffee.socket status=success transport=ws machineName=WMF_1 action=connected
[2026-09-02 00:16:46.742] [error] [coffee] [coffee] event=hardware.command status=failed reason=not_connected machineName=WMF command=getApiVersion
[2026-09-02 00:16:46.746] [error] [coffee] [coffee] event=hardware.command status=failed reason=not_connected machineName=WMF command=getDiagnosticData
[2026-09-02 00:16:46.748] [error] [coffee] [coffee] event=hardware.command status=failed reason=not_connected machineName=WMF command=getMachineInfo
[2026-09-02 00:16:46.750] [debug] [coffee] [coffee] event=coffee.socket status=success transport=ws machineName=WMF action=connected
[2026-09-02 00:16:46.757] [debug] [serialport] [serialport] event=serialport.connect status=success boardName=board2 port=COM7
[2026-09-02 00:16:46.763] [debug] [api] [api] event=did.callback status=started target=local screen=main
[2026-09-02 00:16:46.779] [debug] [serialport] [serialport] event=serialport.connect status=success boardName=board1 port=COM6
[2026-09-02 00:16:46.790] [debug] [coffee] [coffee] event=hardware.response status=success machineName=Lilly_(WMF) command=getApiVersion returnvalue=40501
[2026-09-02 00:16:46.856] [debug] [serialport] [serialport] event=serialport.packet status=success boardName=board1 length=24 message="bytearray(b'\\x020A1DCP0201A00101A10344\\x03')"
[2026-09-02 00:16:46.938] [debug] [serialport] [serialport] event=serialport.packet status=success boardName=board1 length=24 message="bytearray(b'\\x020A1DPC0200A00101A00342\\x03')"
[2026-09-02 00:16:46.983] [debug] [serialport] [serialport] event=serialport.packet.parse status=success boardName=board1 message="{\"isValidStx\":true,\"isValidEtx\":true,\"isValidDst\":true,\"isValidSrc\":true,\"isValidLength\":true,\"fnc\":\"1\",\"act\":\"D\",\"data\":{\"0\":48,\"1\":50,\"2\":48,\"3\":48,\"4\":65,\"5\":48,\"6\":48,\"7\":49,\"8\":48,\"9\":49,\"10\":65,\"11\":48,\"12\":48,\"13\":51,\"14\":52},\"values\":[\"02\",\"00\",\"A0\",\"01\",\"01\",\"A0\",\"03\"],\"part\":{},\"isValidChecksum\":true}"
[2026-09-02 00:16:47.143] [info]  [HASTE DB Save] Settings category "information" has been updated and saved to SQLite successfully.
[2026-09-02 00:16:47.270] [info]  [HASTE DB Save] Settings category "information" has been updated and saved to SQLite successfully.
[2026-09-02 00:16:47.287] [debug] [coffee] [coffee] event=hardware.response status=success machineName=Lilly_(WMF) command=getDiagnosticData returnvalue=0
[2026-09-02 00:16:48.488] [debug] [coffee] [coffee] event=hardware.response status=success machineName=Lilly_(WMF) command=getMachineInfo returnvalue=0
[2026-09-02 00:17:04.787] [info]  [task] [HASTE App] Program restart requested. Relaunching...
[2026-09-02 00:17:06.162] [info]  [HASTE DB Load] Loaded settings from SQLite database successfully. StoreName: "헤이스트 김포운양역점", StoreNo: "010-7477-9363", ThemeMode: "Light", isKioskDryRun: "false"
[2026-09-02 00:17:06.527] [info]  [app] event=app.startup status=started appVersion=3.3.1r83 packaged=true
[2026-09-02 00:17:06.600] [info]  [app] event=app.window status=success
[2026-09-02 00:17:06.617] [info]  [app] event=app.tray status=success
[2026-09-02 00:17:06.618] [info]  [app] event=updater.check status=ignored reason=store_managed_distribution
[2026-09-02 00:17:06.623] [info]  [app] event=app.ipc status=success
[2026-09-02 00:17:06.768] [info]  [app] event=task.start status=success
[2026-09-02 00:17:06.770] [debug] [api] [api] event=settings.change status=success port=8080 posStoreNo=010-7477-9363 deviceModelId=D0000
[2026-09-02 00:17:06.772] [info]  [api] [HASTE] Found SSL Certificates at: C:\Users\CoffeeVanada\AppData\Local\haste_client3\resources\resources
[2026-09-02 00:17:06.774] [info]  [api] [HASTE] Started HTTP Hono Server on port 8080 (Toss Place HTTP Mode).
[2026-09-02 00:17:06.777] [info]  [api] [HASTE] Started HTTPS Hono Server on port 8443 (Toss Kiosk Mode).
[2026-09-02 00:17:06.778] [debug] [api] [api] event=api.server status=success port=8080 host=0.0.0.0
[2026-09-02 00:17:06.779] [debug] [coffee] [coffee] event=settings.change status=success field=thirdpartyType value=Lilly_(WMF)
[2026-09-02 00:17:06.781] [debug] [coffee] [coffee] event=coffee.socket status=started transport=ws machineName=WMF model=Lilly_(WMF) ip=192.168.10.99 port=25000
[2026-09-02 00:17:06.787] [debug] [coffee] [coffee] event=temperature.change status=success
[2026-09-02 00:17:06.788] [debug] [api] [api] event=did.callback status=ignored reason=local_did_not_open screen=temperature
[2026-09-02 00:17:06.792] [info]  [HASTE DB Save] Settings category "inventory" has been updated and saved to SQLite successfully.
[2026-09-02 00:17:06.794] [info]  [HASTE DB Save] Settings category "inventory" has been updated and saved to SQLite successfully.
[2026-09-02 00:17:06.797] [info]  [HASTE DB Save] Settings category "inventory" has been updated and saved to SQLite successfully.
[2026-09-02 00:17:06.799] [info]  [HASTE DB Save] Settings category "inventory" has been updated and saved to SQLite successfully.
[2026-09-02 00:17:06.800] [debug] [api] [HASTE Theme Sync] Applied local UI theme: isDark=false
[2026-09-02 00:17:06.801] [debug] [api] [api] event=did.callback status=started target=local screen=/ reason=local_api_down
[2026-09-02 00:17:06.804] [info]  [app] event=app.startup status=success message="subscriptions registered"
[2026-09-02 00:17:06.805] [debug] [task] [task] event=scheduler.change status=success routine=FOAMER_RINSING intervalSec=3600 normalizedIntervalSec=3600
[2026-09-02 00:17:06.807] [warn]  [HASTE Foamer Schedule] Could not resolve last foamer time: Cannot find module '../services/haste_foamer_stats'
Require stack:
- C:\Users\CoffeeVanada\AppData\Local\haste_client3\resources\app.asar\out\main\index.js
- 
[2026-09-02 00:17:06.808] [debug] [task] [task] event=scheduler.change status=success routine=WARM_RINSING intervalSec=0 normalizedIntervalSec=0
[2026-09-02 00:17:06.809] [debug] [task] [task] event=scheduler.change status=success routine=MIXER_RINSING intervalSec=0 normalizedIntervalSec=0
[2026-09-02 00:17:06.810] [debug] [task] [task] event=scheduler.change status=success routine=ERROR_CHECK intervalSec=1800 normalizedIntervalSec=1800
[2026-09-02 00:17:06.811] [debug] [task] [task] event=scheduler.change status=success routine=ICE_MAKER intervalSec=1800 normalizedIntervalSec=1800
[2026-09-02 00:17:06.812] [debug] [task] [task] event=scheduler.change status=success routine=TEMP_CHECK intervalSec=600 normalizedIntervalSec=600
[2026-09-02 00:17:06.813] [debug] [app] event=scheduler.change status=success routine=license.verify intervalSec=86400
[2026-09-02 00:17:06.814] [info]  [app] event=app.startup status=success message="schedulers registered"
[2026-09-02 00:17:06.816] [info]  [HASTE Guard] enableHasteAgent is false (OFF). Skipping agent bot launch.
[2026-09-02 00:17:06.816] [info]  [HASTE Official Auto-Updater] Initialized background auto-updater (Target hotpatches & Official releases).
[2026-09-02 00:17:06.892] [debug] [coffee] [coffee] event=coffee.socket status=success transport=ws machineName=WMF action=connected
[2026-09-02 00:17:06.897] [debug] [api] [HASTE DevTools Sync] Current window DevTools opened state: false, Target state: false
[2026-09-02 00:17:06.909] [debug] [coffee] [coffee] event=hardware.response status=success machineName=Lilly_(WMF) command=getApiVersion returnvalue=40501
[2026-09-02 00:17:07.121] [info]  [HASTE DB Save] Settings category "information" has been updated and saved to SQLite successfully.
[2026-09-02 00:17:07.122] [info]  [app] event=license.verify status=success state=approved storeId=010-7477-9363
[2026-09-02 00:17:07.129] [info]  [HASTE DB Save] Settings category "information" has been updated and saved to SQLite successfully.
[2026-09-02 00:17:07.429] [debug] [coffee] [coffee] event=hardware.response status=success machineName=Lilly_(WMF) command=getDiagnosticData returnvalue=0
[2026-09-02 00:17:07.431] [debug] [coffee] [coffee] event=temperature.change status=success value=96
[2026-09-02 00:17:07.432] [debug] [api] [api] event=did.callback status=ignored reason=local_did_not_open screen=temperature
[2026-09-02 00:17:08.625] [debug] [coffee] [coffee] event=hardware.response status=success machineName=Lilly_(WMF) command=getMachineInfo returnvalue=0
[2026-09-02 00:17:08.825] [info]  [HASTE Startup Auto-Rescue] Serialport incomplete after boot. Executing 1-shot automatic refresh reconnection...
[2026-09-02 00:17:08.826] [info]  [serialport] [serialport] event=serialport.connect status=started scope=all
[2026-09-02 00:17:08.857] [debug] [serialport] [serialport] event=serialport.connect status=success boardName=board1 port=COM6
[2026-09-02 00:17:08.859] [debug] [api] [api] event=did.callback status=started target=local screen=main
[2026-09-02 00:17:08.860] [debug] [serialport] [serialport] event=serialport.connect status=success boardName=board2 port=COM7
[2026-09-02 00:17:08.913] [debug] [serialport] [serialport] event=serialport.packet status=success boardName=board1 length=24 message="bytearray(b'\\x020A1DCP0201A00101A10344\\x03')"
[2026-09-02 00:17:08.976] [debug] [serialport] [serialport] event=serialport.packet status=success boardName=board1 length=24 message="bytearray(b'\\x020A1DPC0200A00101A00342\\x03')"
[2026-09-02 00:17:08.977] [debug] [serialport] [serialport] event=serialport.packet.parse status=success boardName=board1 message="{\"isValidStx\":true,\"isValidEtx\":true,\"isValidDst\":true,\"isValidSrc\":true,\"isValidLength\":true,\"fnc\":\"1\",\"act\":\"D\",\"data\":{\"0\":48,\"1\":50,\"2\":48,\"3\":48,\"4\":65,\"5\":48,\"6\":48,\"7\":49,\"8\":48,\"9\":49,\"10\":65,\"11\":48,\"12\":48,\"13\":51,\"14\":52},\"values\":[\"02\",\"00\",\"A0\",\"01\",\"01\",\"A0\",\"03\"],\"part\":{},\"isValidChecksum\":true}"
[2026-09-02 00:17:10.368] [debug] [task] [app] event=did.open status=success reason=electron_window_local_webview_monitor url=http://127.0.0.1:8080/did/index.html?clientId=A8%3AA1%3A59%3ADD%3A64%3A66
[2026-09-02 00:17:10.434] [debug] [task] [app] event=did.open status=success reason=electron_window_remote_webview_monitor url=http://127.0.0.1:8080/promo
[2026-09-02 00:17:10.436] [info]  [HASTE Auto-DID] Successfully auto-launched dual DIDs with restored monitor positions!
[2026-09-02 00:18:23.397] [info]  [task] [HASTE Google Sheet Sync] Synchronizing latest SOT directly from Google Sheets...
[2026-09-02 00:18:24.646] [info]  [task] [HASTE Google Sheet Sync] ✅ 실시간 파싱 무결성 100% 검증 통과! (총 794개 레시피, 커피 556개 펄스 정상)
[2026-09-02 00:18:24.649] [info]  [task] [HASTE IPC] Executing executeApplyStandardRecipes (Store Environment Optimized SOT)...
[2026-09-02 00:18:24.659] [info]  [HASTE DB Save] Settings category "menu" has been updated and saved to SQLite successfully.
[2026-09-02 00:18:24.662] [info]  [HASTE DB Save] Settings category "menu" has been updated and saved to SQLite successfully.
[2026-09-02 00:18:24.673] [info]  [HASTE DB Load] Loaded settings from SQLite database successfully. StoreName: "헤이스트 김포운양역점", StoreNo: "010-7477-9363", ThemeMode: "Light", isKioskDryRun: "false"
[2026-09-02 00:18:24.676] [info]  [HASTE DB Reload] Reloaded settingsStore in-memory cache with fresh DB values.
[2026-09-02 00:18:24.678] [info]  [task] [HASTE SOT] Successfully injected standard recipes. Total: 255.
[2026-09-02 00:18:24.680] [warn]  [task] [HASTE SOT] Kiosk DB sync notice: table menu_item has no column named is_option
[2026-09-02 00:18:24.689] [info]  [HASTE DB Load] Loaded settings from SQLite database successfully. StoreName: "헤이스트 김포운양역점", StoreNo: "010-7477-9363", ThemeMode: "Light", isKioskDryRun: "false"
[2026-09-02 00:18:24.691] [info]  [HASTE DB Reload] Reloaded settingsStore in-memory cache with fresh DB values.
[2026-09-02 00:18:24.692] [info]  [task] [HASTE Google Sheet Sync] Live sync & local DB injection completed successfully!
[2026-09-02 00:18:24.880] [info]  [HASTE DB Save] Settings category "information" has been updated and saved to SQLite successfully.
[2026-09-02 00:18:24.883] [info]  [HASTE DB Save] Settings category "information" has been updated and saved to SQLite successfully.
[2026-09-02 00:18:24.887] [info]  [HASTE DB Save] Settings category "information" has been updated and saved to SQLite successfully.