[2026-08-10 21:29:45.247] [info]  [2026-08-10 21:29:45.244] [info] [HASTE Agent] [GATEWAY] [OK] (075575) : Token Synchronized
[2026-08-10 21:29:45.259] [info]  [2026-08-10 21:29:45.245] [info] [HASTE Agent] [GATEWAY] [FAIL] : Tunnel Session Missing (Status Blocked)
[2026-08-10 21:29:45.277] [info]  [2026-08-10 21:29:45.246] [info] [HASTE Agent] [Client -> Cloud] [GATEWAY] [RUN] (075575) : Connecting to Signal Broker (Primary)
[2026-08-10 21:29:46.442] [info]  ==================================================
[2026-08-10 21:29:46.449] [info]  [2026-08-10 21:29:46.441] [info] [HASTE Agent] Security server connection initialized successfully!
[2026-08-10 21:29:46.452] [info]  Bot Tag Name: cafehaste_gateway#1981
[2026-08-10 21:29:46.458] [info]  HASTE Client API Address: http://127.0.0.1:8080
[2026-08-10 21:29:46.463] [info]  ==================================================
[2026-08-10 21:29:46.467] [info]  Listening for remote dashboard control commands...
[2026-08-10 21:29:46.472] [info]  ==================================================
[2026-08-10 21:31:34.364] [info]  [DATABASE] Successfully loaded HASTE Local DB (075575)
[2026-08-10 21:31:34.419] [info]  ==================================================
[2026-08-10 21:31:34.423] [info]  [HQ Origin] HASTE Cloud designated via --prod launch argument.
[2026-08-10 21:31:34.426] [info]  Targeting endpoint: https://cloud.cafehaste.com
[2026-08-10 21:31:34.428] [info]  ==================================================
[2026-08-10 21:31:34.431] [info]  [2026-08-10 21:31:34.423] [info] [HASTE Agent] [HEALTH] [RUN] (075575) : Checking Lilly Engine API (Attempt: 1/5)
[2026-08-10 21:31:34.437] [info]  [HASTE] [Step 0: HEALTH] [INFO] Starting diagnostics for local hardware and internet connectivity...
[2026-08-10 21:31:34.691] [info]  [2026-08-10 21:31:34.689] [info] [HASTE Agent] [GATEWAY] [RUN] (075575) : Waiting for Client API (Port 8080)
[2026-08-10 21:31:34.702] [info]  [2026-08-10 21:31:34.699] [info] [HASTE Agent] [GATEWAY] [OK] (075575) : Token Synchronized
[2026-08-10 21:31:34.709] [info]  [2026-08-10 21:31:34.701] [info] [HASTE Agent] [GATEWAY] [FAIL] : Tunnel Session Missing (Status Blocked)
[2026-08-10 21:31:34.713] [info]  [2026-08-10 21:31:34.703] [info] [HASTE Agent] [Client -> Cloud] [GATEWAY] [RUN] (075575) : Connecting to Signal Broker (Primary)
[2026-08-10 21:31:36.259] [info]  ==================================================
[2026-08-10 21:31:36.264] [info]  [2026-08-10 21:31:36.258] [info] [HASTE Agent] Security server connection initialized successfully!
[2026-08-10 21:31:36.265] [info]  Bot Tag Name: cafehaste_gateway#1981
[2026-08-10 21:31:36.267] [info]  HASTE Client API Address: http://127.0.0.1:8080
[2026-08-10 21:31:36.270] [info]  ==================================================
[2026-08-10 21:31:36.277] [info]  Listening for remote dashboard control commands...
[2026-08-10 21:31:36.280] [info]  ==================================================
[2026-08-10 21:33:35.654] [info]  [DATABASE] Successfully loaded HASTE Local DB (075575)
[2026-08-10 21:33:35.714] [info]  ==================================================
[2026-08-10 21:33:35.720] [info]  [HQ Origin] HASTE Cloud designated via --prod launch argument.
[2026-08-10 21:33:35.722] [info]  Targeting endpoint: https://cloud.cafehaste.com
[2026-08-10 21:33:35.724] [info]  ==================================================
[2026-08-10 21:33:35.727] [info]  [2026-08-10 21:33:35.715] [info] [HASTE Agent] [HEALTH] [RUN] (075575) : Checking Lilly Engine API (Attempt: 1/5)
[2026-08-10 21:33:35.730] [info]  [HASTE] [Step 0: HEALTH] [INFO] Starting diagnostics for local hardware and internet connectivity...
[2026-08-10 21:33:35.989] [info]  [2026-08-10 21:33:35.987] [info] [HASTE Agent] [GATEWAY] [RUN] (075575) : Waiting for Client API (Port 8080)
[2026-08-10 21:33:36.002] [info]  [2026-08-10 21:33:35.998] [info] [HASTE Agent] [GATEWAY] [OK] (075575) : Token Synchronized
[2026-08-10 21:33:36.007] [info]  [2026-08-10 21:33:36.000] [info] [HASTE Agent] [GATEWAY] [FAIL] : Tunnel Session Missing (Status Blocked)
[2026-08-10 21:33:36.011] [info]  [2026-08-10 21:33:36.001] [info] [HASTE Agent] [Client -> Cloud] [GATEWAY] [RUN] (075575) : Connecting to Signal Broker (Primary)
[2026-08-10 21:33:37.204] [info]  ==================================================
[2026-08-10 21:33:37.209] [info]  [2026-08-10 21:33:37.203] [info] [HASTE Agent] Security server connection initialized successfully!
[2026-08-10 21:33:37.211] [info]  Bot Tag Name: cafehaste_gateway#1981
[2026-08-10 21:33:37.213] [info]  HASTE Client API Address: http://127.0.0.1:8080
[2026-08-10 21:33:37.215] [info]  ==================================================
[2026-08-10 21:33:37.216] [info]  Listening for remote dashboard control commands...
[2026-08-10 21:33:37.218] [info]  ==================================================
[2026-08-10 21:38:49.001] [info]  [DATABASE] Successfully loaded HASTE Local DB (075575)
[2026-08-10 21:38:49.044] [info]  ==================================================
[2026-08-10 21:38:49.051] [info]  [HQ Origin] HASTE Cloud designated via --prod launch argument.
[2026-08-10 21:38:49.053] [info]  Targeting endpoint: https://cloud.cafehaste.com
[2026-08-10 21:38:49.055] [info]  ==================================================
[2026-08-10 21:38:49.059] [info]  [2026-08-10 21:38:49.046] [info] [HASTE Agent] [HEALTH] [RUN] (075575) : Checking Lilly Engine API (Attempt: 1/5)
[2026-08-10 21:38:49.062] [info]  [HASTE] [Step 0: HEALTH] [INFO] Starting diagnostics for local hardware and internet connectivity...
[2026-08-10 21:38:49.328] [info]  [2026-08-10 21:38:49.326] [info] [HASTE Agent] [GATEWAY] [RUN] (075575) : Waiting for Client API (Port 8080)
[2026-08-10 21:38:49.343] [info]  [2026-08-10 21:38:49.342] [info] [HASTE Agent] [GATEWAY] [OK] (075575) : Token Synchronized
[2026-08-10 21:38:49.346] [info]  [2026-08-10 21:38:49.343] [info] [HASTE Agent] [GATEWAY] [FAIL] : Tunnel Session Missing (Status Blocked)
[2026-08-10 21:38:49.349] [info]  [2026-08-10 21:38:49.344] [info] [HASTE Agent] [Client -> Cloud] [GATEWAY] [RUN] (075575) : Connecting to Signal Broker (Primary)
[2026-08-10 21:38:50.665] [info]  ==================================================
[2026-08-10 21:38:50.670] [info]  [2026-08-10 21:38:50.664] [info] [HASTE Agent] Security server connection initialized successfully!
[2026-08-10 21:38:50.672] [info]  Bot Tag Name: cafehaste_gateway#1981
[2026-08-10 21:38:50.674] [info]  HASTE Client API Address: http://127.0.0.1:8080
[2026-08-10 21:38:50.676] [info]  ==================================================
[2026-08-10 21:38:50.680] [info]  Listening for remote dashboard control commands...
[2026-08-10 21:38:50.683] [info]  ==================================================
[2026-08-10 21:42:39.119] [info] [HASTE Agent] [HASTE Agent Bot] Successfully initialized using injected env variables. StoreCode: 075575
[2026-08-10 21:42:39.120] [info] [HASTE Agent] [HQ Origin] HASTE Cloud designated via --prod launch argument.
[2026-08-10 21:42:39.121] [info] [HASTE Agent] Targeting endpoint: https://cloud.cafehaste.com
[2026-08-10 21:42:39.140] [info]  [HASTE Agent Bot] Successfully initialized using injected env variables. StoreCode: 075575
[2026-08-10 21:42:39.142] [info]  [HQ Origin] HASTE Cloud designated via --prod launch argument.
[2026-08-10 21:42:39.142] [info]  Targeting endpoint: https://cloud.cafehaste.com
[2026-08-10 21:42:39.188] [info] [HASTE Agent] [HASTE Agent Server] Hono Gateway running on Port 8082 (Relaying to Port 8080)
[2026-08-10 21:42:39.189] [info]  [HASTE Agent Server] Hono Gateway running on Port 8082 (Relaying to Port 8080)
[2026-08-10 21:42:39.189] [info] [HASTE Agent] Stealth Standby mode active. Waiting for remote connection requests...
[2026-08-10 21:42:39.191] [info] [HASTE Agent] [HEALTH] [RUN] (075575) : Checking Lilly Engine API (Attempt: 1/5)
[2026-08-10 21:42:39.191] [info]  [2026-08-10 21:42:39.189] [info] [HASTE Agent] Stealth Standby mode active. Waiting for remote connection requests...
[2026-08-10 21:42:39.191] [info] [HASTE Agent] [HASTE] [Step 0: HEALTH] [INFO] Starting diagnostics for local hardware and internet connectivity...
[2026-08-10 21:42:39.192] [info]  [2026-08-10 21:42:39.190] [info] [HASTE Agent] [HEALTH] [RUN] (075575) : Checking Lilly Engine API (Attempt: 1/5)
[2026-08-10 21:42:39.193] [info]  [HASTE] [Step 0: HEALTH] [INFO] Starting diagnostics for local hardware and internet connectivity...
[2026-08-10 21:42:39.448] [warn] [HASTE Agent] [HASTE] [Step 0: HEALTH] [WARN] Lilly Electron engine (port 8080) is offline. Please launch the client app first.
[2026-08-10 21:42:39.492] [error] [HASTE] [Step 0: HEALTH] [WARN] Lilly Electron engine (port 8080) is offline. Please launch the client app first.
[2026-08-10 21:42:42.457] [info] [HASTE Agent] [HEALTH] [RUN] (075575) : Checking Lilly Engine API (Attempt: 2/5)
[2026-08-10 21:42:42.458] [info]  [2026-08-10 21:42:42.457] [info] [HASTE Agent] [HEALTH] [RUN] (075575) : Checking Lilly Engine API (Attempt: 2/5)
[2026-08-10 21:42:42.458] [info] [HASTE Agent] [HASTE] [Step 0: HEALTH] [INFO] Starting diagnostics for local hardware and internet connectivity...
[2026-08-10 21:42:42.459] [info]  [HASTE] [Step 0: HEALTH] [INFO] Starting diagnostics for local hardware and internet connectivity...
[2026-08-10 21:42:42.574] [warn] [HASTE Agent] [HASTE] [Step 0: HEALTH] [WARN] Lilly Electron engine (port 8080) is offline. Please launch the client app first.
[2026-08-10 21:42:42.575] [error] [HASTE] [Step 0: HEALTH] [WARN] Lilly Electron engine (port 8080) is offline. Please launch the client app first.
[2026-08-10 21:42:45.575] [info] [HASTE Agent] [HEALTH] [RUN] (075575) : Checking Lilly Engine API (Attempt: 3/5)
[2026-08-10 21:42:45.576] [info]  [2026-08-10 21:42:45.575] [info] [HASTE Agent] [HEALTH] [RUN] (075575) : Checking Lilly Engine API (Attempt: 3/5)
[2026-08-10 21:42:45.576] [info] [HASTE Agent] [HASTE] [Step 0: HEALTH] [INFO] Starting diagnostics for local hardware and internet connectivity...
[2026-08-10 21:42:45.577] [info]  [HASTE] [Step 0: HEALTH] [INFO] Starting diagnostics for local hardware and internet connectivity...
[2026-08-10 21:42:45.704] [warn] [HASTE Agent] [HASTE] [Step 0: HEALTH] [WARN] Lilly Electron engine (port 8080) is offline. Please launch the client app first.
[2026-08-10 21:42:45.704] [error] [HASTE] [Step 0: HEALTH] [WARN] Lilly Electron engine (port 8080) is offline. Please launch the client app first.
[2026-08-10 21:42:48.709] [info] [HASTE Agent] [HEALTH] [RUN] (075575) : Checking Lilly Engine API (Attempt: 4/5)
[2026-08-10 21:42:48.710] [info]  [2026-08-10 21:42:48.709] [info] [HASTE Agent] [HEALTH] [RUN] (075575) : Checking Lilly Engine API (Attempt: 4/5)
[2026-08-10 21:42:48.710] [info] [HASTE Agent] [HASTE] [Step 0: HEALTH] [INFO] Starting diagnostics for local hardware and internet connectivity...
[2026-08-10 21:42:48.711] [info]  [HASTE] [Step 0: HEALTH] [INFO] Starting diagnostics for local hardware and internet connectivity...
[2026-08-10 21:42:48.824] [warn] [HASTE Agent] [HASTE] [Step 0: HEALTH] [WARN] Lilly Electron engine (port 8080) is offline. Please launch the client app first.
[2026-08-10 21:42:48.833] [error] [HASTE] [Step 0: HEALTH] [WARN] Lilly Electron engine (port 8080) is offline. Please launch the client app first.
[2026-08-10 21:45:53.918] [info] [HASTE Agent] [HASTE Agent Bot] Successfully initialized using injected env variables. StoreCode: 075575
[2026-08-10 21:45:53.919] [info] [HASTE Agent] [HQ Origin] HASTE Cloud designated via --prod launch argument.
[2026-08-10 21:45:53.919] [info] [HASTE Agent] Targeting endpoint: https://cloud.cafehaste.com
[2026-08-10 21:45:53.919] [info]  [HASTE Agent Bot] Successfully initialized using injected env variables. StoreCode: 075575
[2026-08-10 21:45:53.921] [info]  [HQ Origin] HASTE Cloud designated via --prod launch argument.
[2026-08-10 21:45:53.922] [info]  Targeting endpoint: https://cloud.cafehaste.com
[2026-08-10 21:45:53.981] [info] [HASTE Agent] [HASTE Agent Server] Hono Gateway running on Port 8082 (Relaying to Port 8080)
[2026-08-10 21:45:53.982] [info]  [HASTE Agent Server] Hono Gateway running on Port 8082 (Relaying to Port 8080)
[2026-08-10 21:45:53.982] [info] [HASTE Agent] Stealth Standby mode active. Waiting for remote connection requests...
[2026-08-10 21:45:53.982] [info] [HASTE Agent] [HEALTH] [RUN] (075575) : Checking Lilly Engine API (Attempt: 1/5)
[2026-08-10 21:45:53.983] [info]  [2026-08-10 21:45:53.982] [info] [HASTE Agent] Stealth Standby mode active. Waiting for remote connection requests...
[2026-08-10 21:45:53.983] [info] [HASTE Agent] [HASTE] [Step 0: HEALTH] [INFO] Starting diagnostics for local hardware and internet connectivity...
[2026-08-10 21:45:53.985] [info]  [2026-08-10 21:45:53.982] [info] [HASTE Agent] [HEALTH] [RUN] (075575) : Checking Lilly Engine API (Attempt: 1/5)
[2026-08-10 21:45:53.986] [info]  [HASTE] [Step 0: HEALTH] [INFO] Starting diagnostics for local hardware and internet connectivity...
[2026-08-10 21:45:54.260] [info] [HASTE Agent] Discord client skipped. Running in Direct Webhook/SSE Tunnel Mode.
[2026-08-10 21:45:54.263] [info]  [2026-08-10 21:45:54.260] [info] [HASTE Agent] Discord client skipped. Running in Direct Webhook/SSE Tunnel Mode.
[2026-08-10 21:47:55.503] [info] [HASTE Agent] [HASTE Agent Bot] Successfully initialized using injected env variables. StoreCode: 075575
[2026-08-10 21:47:55.504] [info] [HASTE Agent] [HQ Origin] HASTE Cloud designated via --prod launch argument.
[2026-08-10 21:47:55.504] [info] [HASTE Agent] Targeting endpoint: https://cloud.cafehaste.com
[2026-08-10 21:47:55.503] [info]  [HASTE Agent Bot] Successfully initialized using injected env variables. StoreCode: 075575
[2026-08-10 21:47:55.506] [info]  [HQ Origin] HASTE Cloud designated via --prod launch argument.
[2026-08-10 21:47:55.507] [info]  Targeting endpoint: https://cloud.cafehaste.com
[2026-08-10 21:47:55.573] [info] [HASTE Agent] [HASTE Agent Server] Hono Gateway running on Port 8082 (Relaying to Port 8080)
[2026-08-10 21:47:55.574] [info] [HASTE Agent] Stealth Standby mode active. Waiting for remote connection requests...
[2026-08-10 21:47:55.574] [info]  [HASTE Agent Server] Hono Gateway running on Port 8082 (Relaying to Port 8080)
[2026-08-10 21:47:55.575] [info] [HASTE Agent] [HEALTH] [RUN] (075575) : Checking Lilly Engine API (Attempt: 1/5)
[2026-08-10 21:47:55.576] [info] [HASTE Agent] [HASTE] [Step 0: HEALTH] [INFO] Starting diagnostics for local hardware and internet connectivity...
[2026-08-10 21:47:55.576] [info]  [2026-08-10 21:47:55.574] [info] [HASTE Agent] Stealth Standby mode active. Waiting for remote connection requests...
[2026-08-10 21:47:55.578] [info]  [2026-08-10 21:47:55.575] [info] [HASTE Agent] [HEALTH] [RUN] (075575) : Checking Lilly Engine API (Attempt: 1/5)
[2026-08-10 21:47:55.580] [info]  [HASTE] [Step 0: HEALTH] [INFO] Starting diagnostics for local hardware and internet connectivity...
[2026-08-10 21:47:55.865] [info] [HASTE Agent] Discord client skipped. Running in Direct Webhook/SSE Tunnel Mode.
[2026-08-10 21:47:55.999] [info]  [2026-08-10 21:47:55.864] [info] [HASTE Agent] Discord client skipped. Running in Direct Webhook/SSE Tunnel Mode.
[2026-08-10 21:53:40.655] [info] [HASTE Agent] [HASTE Agent Bot] Successfully initialized using injected env variables. StoreCode: 075575
[2026-08-10 21:53:40.656] [info] [HASTE Agent] [HQ Origin] HASTE Cloud designated via --prod launch argument.
[2026-08-10 21:53:40.657] [info] [HASTE Agent] Targeting endpoint: https://cloud.cafehaste.com
[2026-08-10 21:53:40.665] [info]  [HASTE Agent Bot] Successfully initialized using injected env variables. StoreCode: 075575
[2026-08-10 21:53:40.667] [info]  [HQ Origin] HASTE Cloud designated via --prod launch argument.
[2026-08-10 21:53:40.668] [info]  Targeting endpoint: https://cloud.cafehaste.com
[2026-08-10 21:53:40.715] [info] [HASTE Agent] [HASTE Agent Server] Hono Gateway running on Port 8082 (Relaying to Port 8080)
[2026-08-10 21:53:40.715] [info]  [HASTE Agent Server] Hono Gateway running on Port 8082 (Relaying to Port 8080)
[2026-08-10 21:53:40.716] [info] [HASTE Agent] Stealth Standby mode active. Waiting for remote connection requests...
[2026-08-10 21:53:40.717] [info] [HASTE Agent] [HEALTH] [RUN] (075575) : Checking Lilly Engine API (Attempt: 1/5)
[2026-08-10 21:53:40.717] [info]  [2026-08-10 21:53:40.715] [info] [HASTE Agent] Stealth Standby mode active. Waiting for remote connection requests...
[2026-08-10 21:53:40.718] [info] [HASTE Agent] [HASTE] [Step 0: HEALTH] [INFO] Starting diagnostics for local hardware and internet connectivity...
[2026-08-10 21:53:40.718] [info]  [2026-08-10 21:53:40.716] [info] [HASTE Agent] [HEALTH] [RUN] (075575) : Checking Lilly Engine API (Attempt: 1/5)
[2026-08-10 21:53:40.719] [info]  [HASTE] [Step 0: HEALTH] [INFO] Starting diagnostics for local hardware and internet connectivity...
[2026-08-10 21:53:40.982] [info] [HASTE Agent] Discord client skipped. Running in Direct Webhook/SSE Tunnel Mode.
[2026-08-10 21:53:40.983] [info]  [2026-08-10 21:53:40.982] [info] [HASTE Agent] Discord client skipped. Running in Direct Webhook/SSE Tunnel Mode.
[2026-08-10 21:55:14.864] [info]  [DATABASE] Successfully loaded HASTE Local DB (075575)
[2026-08-10 21:55:14.970] [info]  ==================================================
[2026-08-10 21:55:14.990] [info]  [HQ Origin] HASTE Cloud designated via --prod launch argument.
[2026-08-10 21:55:14.993] [info]  Targeting endpoint: https://cloud.cafehaste.com
[2026-08-10 21:55:15.001] [info]  ==================================================
[2026-08-10 21:55:15.006] [info]  [2026-08-10 21:55:14.975] [info] [HASTE Agent] [HEALTH] [RUN] (075575) : Checking Lilly Engine API (Attempt: 1/5)
[2026-08-10 21:55:15.013] [info]  [HASTE] [Step 0: HEALTH] [INFO] Starting diagnostics for local hardware and internet connectivity...
[2026-08-10 21:55:15.303] [info]  [2026-08-10 21:55:15.301] [info] [HASTE Agent] [GATEWAY] [RUN] (075575) : Waiting for Client API (Port 8080)
[2026-08-10 21:55:15.323] [info]  [2026-08-10 21:55:15.320] [info] [HASTE Agent] [GATEWAY] [OK] (075575) : Token Synchronized
[2026-08-10 21:55:15.330] [info]  [2026-08-10 21:55:15.322] [info] [HASTE Agent] [GATEWAY] [FAIL] : Tunnel Session Missing (Status Blocked)
[2026-08-10 21:55:15.334] [info]  [2026-08-10 21:55:15.323] [info] [HASTE Agent] [Client -> Cloud] [GATEWAY] [RUN] (075575) : Connecting to Signal Broker (Primary)
[2026-08-10 21:55:16.451] [info]  ==================================================
[2026-08-10 21:55:16.454] [info]  [2026-08-10 21:55:16.449] [info] [HASTE Agent] Security server connection initialized successfully!
[2026-08-10 21:55:16.456] [info]  Bot Tag Name: cafehaste_gateway#1981
[2026-08-10 21:55:16.461] [info]  HASTE Client API Address: http://127.0.0.1:8080
[2026-08-10 21:55:16.465] [info]  ==================================================
[2026-08-10 21:55:16.467] [info]  Listening for remote dashboard control commands...
[2026-08-10 21:55:16.470] [info]  ==================================================
[2026-08-10 22:05:42.769] [error] node:internal/modules/cjs/loader:1527
[2026-08-10 22:05:42.771] [error] throw err;
[2026-08-10 22:05:42.772] [error] ^
[2026-08-10 22:05:42.773] [error] Error: Cannot find module 'discord.js'
[2026-08-10 22:05:42.774] [error] Require stack:
[2026-08-10 22:05:42.775] [error] - C:\Users\김성규\AppData\Local\Programs\haste-client\resources\haste_agent_bridge.js
[2026-08-10 22:05:42.775] [error] at Module._resolveFilename (node:internal/modules/cjs/loader:1524:15)
[2026-08-10 22:05:42.776] [error] at wrapResolveFilename (node:internal/modules/cjs/loader:1078:27)
[2026-08-10 22:05:42.777] [error] at defaultResolveImplForCJSLoading (node:internal/modules/cjs/loader:1102:10)
[2026-08-10 22:05:42.778] [error] at resolveForCJSWithHooks (node:internal/modules/cjs/loader:1129:12)
[2026-08-10 22:05:42.778] [error] at Module._load (node:internal/modules/cjs/loader:1301:5)
[2026-08-10 22:05:42.779] [error] at c._load (node:electron/js2c/node_init:2:18060)
[2026-08-10 22:05:42.780] [error] at wrapModuleLoad (node:internal/modules/cjs/loader:262:19)
[2026-08-10 22:05:42.780] [error] at Module.require (node:internal/modules/cjs/loader:1624:12)
[2026-08-10 22:05:42.781] [error] at require (node:internal/modules/helpers:153:16)
[2026-08-10 22:05:42.782] [error] at Object.<anonymous> (C:\Users\김성규\AppData\Local\Programs\haste-client\resources\haste_agent_bridge.js:627:37) {
[2026-08-10 22:05:42.783] [error] code: 'MODULE_NOT_FOUND',
[2026-08-10 22:05:42.783] [error] requireStack: [
[2026-08-10 22:05:42.784] [error] 'C:\\Users\\김성규\\AppData\\Local\\Programs\\haste-client\\resources\\haste_agent_bridge.js'
[2026-08-10 22:05:42.785] [error] ]
[2026-08-10 22:05:42.786] [error] }
[2026-08-10 22:05:42.786] [error] Node.js v24.18.0
[2026-08-10 22:05:47.905] [error] node:internal/modules/cjs/loader:1527
[2026-08-10 22:05:47.906] [error] throw err;
[2026-08-10 22:05:47.907] [error] ^
[2026-08-10 22:05:47.908] [error] Error: Cannot find module 'discord.js'
[2026-08-10 22:05:47.908] [error] Require stack:
[2026-08-10 22:05:47.909] [error] - C:\Users\김성규\AppData\Local\Programs\haste-client\resources\haste_agent_bridge.js
[2026-08-10 22:05:47.910] [error] at Module._resolveFilename (node:internal/modules/cjs/loader:1524:15)
[2026-08-10 22:05:47.911] [error] at wrapResolveFilename (node:internal/modules/cjs/loader:1078:27)
[2026-08-10 22:05:47.911] [error] at defaultResolveImplForCJSLoading (node:internal/modules/cjs/loader:1102:10)
[2026-08-10 22:05:47.912] [error] at resolveForCJSWithHooks (node:internal/modules/cjs/loader:1129:12)
[2026-08-10 22:05:47.913] [error] at Module._load (node:internal/modules/cjs/loader:1301:5)
[2026-08-10 22:05:47.913] [error] at c._load (node:electron/js2c/node_init:2:18060)
[2026-08-10 22:05:47.914] [error] at wrapModuleLoad (node:internal/modules/cjs/loader:262:19)
[2026-08-10 22:05:47.915] [error] at Module.require (node:internal/modules/cjs/loader:1624:12)
[2026-08-10 22:05:47.916] [error] at require (node:internal/modules/helpers:153:16)
[2026-08-10 22:05:47.916] [error] at Object.<anonymous> (C:\Users\김성규\AppData\Local\Programs\haste-client\resources\haste_agent_bridge.js:627:37) {
[2026-08-10 22:05:47.917] [error] code: 'MODULE_NOT_FOUND',
[2026-08-10 22:05:47.918] [error] requireStack: [
[2026-08-10 22:05:47.919] [error] 'C:\\Users\\김성규\\AppData\\Local\\Programs\\haste-client\\resources\\haste_agent_bridge.js'
[2026-08-10 22:05:47.920] [error] ]
[2026-08-10 22:05:47.920] [error] }
[2026-08-10 22:05:47.921] [error] Node.js v24.18.0
[2026-08-10 22:05:53.040] [error] node:internal/modules/cjs/loader:1527
[2026-08-10 22:05:53.041] [error] throw err;
[2026-08-10 22:05:53.042] [error] ^
[2026-08-10 22:05:53.042] [error] Error: Cannot find module 'discord.js'
[2026-08-10 22:05:53.043] [error] Require stack:
[2026-08-10 22:05:53.044] [error] - C:\Users\김성규\AppData\Local\Programs\haste-client\resources\haste_agent_bridge.js
[2026-08-10 22:05:53.045] [error] at Module._resolveFilename (node:internal/modules/cjs/loader:1524:15)
[2026-08-10 22:05:53.045] [error] at wrapResolveFilename (node:internal/modules/cjs/loader:1078:27)
[2026-08-10 22:05:53.046] [error] at defaultResolveImplForCJSLoading (node:internal/modules/cjs/loader:1102:10)
[2026-08-10 22:05:53.047] [error] at resolveForCJSWithHooks (node:internal/modules/cjs/loader:1129:12)
[2026-08-10 22:05:53.047] [error] at Module._load (node:internal/modules/cjs/loader:1301:5)
[2026-08-10 22:05:53.048] [error] at c._load (node:electron/js2c/node_init:2:18060)
[2026-08-10 22:05:53.049] [error] at wrapModuleLoad (node:internal/modules/cjs/loader:262:19)
[2026-08-10 22:05:53.049] [error] at Module.require (node:internal/modules/cjs/loader:1624:12)
[2026-08-10 22:05:53.050] [error] at require (node:internal/modules/helpers:153:16)
[2026-08-10 22:05:53.051] [error] at Object.<anonymous> (C:\Users\김성규\AppData\Local\Programs\haste-client\resources\haste_agent_bridge.js:627:37) {
[2026-08-10 22:05:53.052] [error] code: 'MODULE_NOT_FOUND',
[2026-08-10 22:05:53.053] [error] requireStack: [
[2026-08-10 22:05:53.054] [error] 'C:\\Users\\김성규\\AppData\\Local\\Programs\\haste-client\\resources\\haste_agent_bridge.js'
[2026-08-10 22:05:53.054] [error] ]
[2026-08-10 22:05:53.055] [error] }
[2026-08-10 22:05:53.056] [error] Node.js v24.18.0
[2026-08-10 22:05:58.185] [error] node:internal/modules/cjs/loader:1527
[2026-08-10 22:05:58.186] [error] throw err;
[2026-08-10 22:05:58.186] [error] ^
[2026-08-10 22:05:58.187] [error] Error: Cannot find module 'discord.js'
[2026-08-10 22:05:58.188] [error] Require stack:
[2026-08-10 22:05:58.189] [error] - C:\Users\김성규\AppData\Local\Programs\haste-client\resources\haste_agent_bridge.js
[2026-08-10 22:05:58.189] [error] at Module._resolveFilename (node:internal/modules/cjs/loader:1524:15)
[2026-08-10 22:05:58.190] [error] at wrapResolveFilename (node:internal/modules/cjs/loader:1078:27)
[2026-08-10 22:05:58.191] [error] at defaultResolveImplForCJSLoading (node:internal/modules/cjs/loader:1102:10)
[2026-08-10 22:05:58.191] [error] at resolveForCJSWithHooks (node:internal/modules/cjs/loader:1129:12)
[2026-08-10 22:05:58.192] [error] at Module._load (node:internal/modules/cjs/loader:1301:5)
[2026-08-10 22:05:58.193] [error] at c._load (node:electron/js2c/node_init:2:18060)
[2026-08-10 22:05:58.193] [error] at wrapModuleLoad (node:internal/modules/cjs/loader:262:19)
[2026-08-10 22:05:58.194] [error] at Module.require (node:internal/modules/cjs/loader:1624:12)
[2026-08-10 22:05:58.195] [error] at require (node:internal/modules/helpers:153:16)
[2026-08-10 22:05:58.195] [error] at Object.<anonymous> (C:\Users\김성규\AppData\Local\Programs\haste-client\resources\haste_agent_bridge.js:627:37) {
[2026-08-10 22:05:58.196] [error] code: 'MODULE_NOT_FOUND',
[2026-08-10 22:05:58.197] [error] requireStack: [
[2026-08-10 22:05:58.198] [error] 'C:\\Users\\김성규\\AppData\\Local\\Programs\\haste-client\\resources\\haste_agent_bridge.js'
[2026-08-10 22:05:58.199] [error] ]
[2026-08-10 22:05:58.199] [error] }
[2026-08-10 22:05:58.200] [error] Node.js v24.18.0
[2026-08-10 22:06:03.328] [error] node:internal/modules/cjs/loader:1527
[2026-08-10 22:06:03.329] [error] throw err;
[2026-08-10 22:06:03.329] [error] ^
[2026-08-10 22:06:03.330] [error] Error: Cannot find module 'discord.js'
[2026-08-10 22:06:03.331] [error] Require stack:
[2026-08-10 22:06:03.331] [error] - C:\Users\김성규\AppData\Local\Programs\haste-client\resources\haste_agent_bridge.js
[2026-08-10 22:06:03.332] [error] at Module._resolveFilename (node:internal/modules/cjs/loader:1524:15)
[2026-08-10 22:06:03.333] [error] at wrapResolveFilename (node:internal/modules/cjs/loader:1078:27)
[2026-08-10 22:06:03.333] [error] at defaultResolveImplForCJSLoading (node:internal/modules/cjs/loader:1102:10)
[2026-08-10 22:06:03.334] [error] at resolveForCJSWithHooks (node:internal/modules/cjs/loader:1129:12)
[2026-08-10 22:06:03.335] [error] at Module._load (node:internal/modules/cjs/loader:1301:5)
[2026-08-10 22:06:03.336] [error] at c._load (node:electron/js2c/node_init:2:18060)
[2026-08-10 22:06:03.337] [error] at wrapModuleLoad (node:internal/modules/cjs/loader:262:19)
[2026-08-10 22:06:03.337] [error] at Module.require (node:internal/modules/cjs/loader:1624:12)
[2026-08-10 22:06:03.338] [error] at require (node:internal/modules/helpers:153:16)
[2026-08-10 22:06:03.339] [error] at Object.<anonymous> (C:\Users\김성규\AppData\Local\Programs\haste-client\resources\haste_agent_bridge.js:627:37) {
[2026-08-10 22:06:03.340] [error] code: 'MODULE_NOT_FOUND',
[2026-08-10 22:06:03.341] [error] requireStack: [
[2026-08-10 22:06:03.341] [error] 'C:\\Users\\김성규\\AppData\\Local\\Programs\\haste-client\\resources\\haste_agent_bridge.js'
[2026-08-10 22:06:03.342] [error] ]
[2026-08-10 22:06:03.343] [error] }
[2026-08-10 22:06:03.343] [error] Node.js v24.18.0
[2026-08-10 22:06:08.462] [error] node:internal/modules/cjs/loader:1527
[2026-08-10 22:06:08.463] [error] throw err;
[2026-08-10 22:06:08.464] [error] ^
[2026-08-10 22:06:08.464] [error] Error: Cannot find module 'discord.js'
[2026-08-10 22:06:08.465] [error] Require stack:
[2026-08-10 22:06:08.466] [error] - C:\Users\김성규\AppData\Local\Programs\haste-client\resources\haste_agent_bridge.js
[2026-08-10 22:06:08.467] [error] at Module._resolveFilename (node:internal/modules/cjs/loader:1524:15)
[2026-08-10 22:06:08.468] [error] at wrapResolveFilename (node:internal/modules/cjs/loader:1078:27)
[2026-08-10 22:06:08.468] [error] at defaultResolveImplForCJSLoading (node:internal/modules/cjs/loader:1102:10)
[2026-08-10 22:06:08.469] [error] at resolveForCJSWithHooks (node:internal/modules/cjs/loader:1129:12)
[2026-08-10 22:06:08.470] [error] at Module._load (node:internal/modules/cjs/loader:1301:5)
[2026-08-10 22:06:08.471] [error] at c._load (node:electron/js2c/node_init:2:18060)
[2026-08-10 22:06:08.471] [error] at wrapModuleLoad (node:internal/modules/cjs/loader:262:19)
[2026-08-10 22:06:08.472] [error] at Module.require (node:internal/modules/cjs/loader:1624:12)
[2026-08-10 22:06:08.473] [error] at require (node:internal/modules/helpers:153:16)
[2026-08-10 22:06:08.473] [error] at Object.<anonymous> (C:\Users\김성규\AppData\Local\Programs\haste-client\resources\haste_agent_bridge.js:627:37) {
[2026-08-10 22:06:08.474] [error] code: 'MODULE_NOT_FOUND',
[2026-08-10 22:06:08.475] [error] requireStack: [
[2026-08-10 22:06:08.476] [error] 'C:\\Users\\김성규\\AppData\\Local\\Programs\\haste-client\\resources\\haste_agent_bridge.js'
[2026-08-10 22:06:08.476] [error] ]
[2026-08-10 22:06:08.477] [error] }
[2026-08-10 22:06:08.478] [error] Node.js v24.18.0
[2026-08-10 22:06:13.606] [error] node:internal/modules/cjs/loader:1527
[2026-08-10 22:06:13.607] [error] throw err;
[2026-08-10 22:06:13.607] [error] ^
[2026-08-10 22:06:13.608] [error] Error: Cannot find module 'discord.js'
[2026-08-10 22:06:13.609] [error] Require stack:
[2026-08-10 22:06:13.610] [error] - C:\Users\김성규\AppData\Local\Programs\haste-client\resources\haste_agent_bridge.js
[2026-08-10 22:06:13.610] [error] at Module._resolveFilename (node:internal/modules/cjs/loader:1524:15)
[2026-08-10 22:06:13.611] [error] at wrapResolveFilename (node:internal/modules/cjs/loader:1078:27)
[2026-08-10 22:06:13.612] [error] at defaultResolveImplForCJSLoading (node:internal/modules/cjs/loader:1102:10)
[2026-08-10 22:06:13.613] [error] at resolveForCJSWithHooks (node:internal/modules/cjs/loader:1129:12)
[2026-08-10 22:06:13.613] [error] at Module._load (node:internal/modules/cjs/loader:1301:5)
[2026-08-10 22:06:13.614] [error] at c._load (node:electron/js2c/node_init:2:18060)
[2026-08-10 22:06:13.615] [error] at wrapModuleLoad (node:internal/modules/cjs/loader:262:19)
[2026-08-10 22:06:13.615] [error] at Module.require (node:internal/modules/cjs/loader:1624:12)
[2026-08-10 22:06:13.616] [error] at require (node:internal/modules/helpers:153:16)
[2026-08-10 22:06:13.617] [error] at Object.<anonymous> (C:\Users\김성규\AppData\Local\Programs\haste-client\resources\haste_agent_bridge.js:627:37) {
[2026-08-10 22:06:13.618] [error] code: 'MODULE_NOT_FOUND',
[2026-08-10 22:06:13.619] [error] requireStack: [
[2026-08-10 22:06:13.620] [error] 'C:\\Users\\김성규\\AppData\\Local\\Programs\\haste-client\\resources\\haste_agent_bridge.js'
[2026-08-10 22:06:13.620] [error] ]
[2026-08-10 22:06:13.621] [error] }
[2026-08-10 22:06:13.622] [error] Node.js v24.18.0
[2026-08-10 22:06:18.747] [error] node:internal/modules/cjs/loader:1527
[2026-08-10 22:06:18.748] [error] throw err;
[2026-08-10 22:06:18.749] [error] ^
[2026-08-10 22:06:18.750] [error] Error: Cannot find module 'discord.js'
[2026-08-10 22:06:18.751] [error] Require stack:
[2026-08-10 22:06:18.751] [error] - C:\Users\김성규\AppData\Local\Programs\haste-client\resources\haste_agent_bridge.js
[2026-08-10 22:06:18.752] [error] at Module._resolveFilename (node:internal/modules/cjs/loader:1524:15)
[2026-08-10 22:06:18.753] [error] at wrapResolveFilename (node:internal/modules/cjs/loader:1078:27)
[2026-08-10 22:06:18.754] [error] at defaultResolveImplForCJSLoading (node:internal/modules/cjs/loader:1102:10)
[2026-08-10 22:06:18.754] [error] at resolveForCJSWithHooks (node:internal/modules/cjs/loader:1129:12)
[2026-08-10 22:06:18.755] [error] at Module._load (node:internal/modules/cjs/loader:1301:5)
[2026-08-10 22:06:18.756] [error] at c._load (node:electron/js2c/node_init:2:18060)
[2026-08-10 22:06:18.757] [error] at wrapModuleLoad (node:internal/modules/cjs/loader:262:19)
[2026-08-10 22:06:18.757] [error] at Module.require (node:internal/modules/cjs/loader:1624:12)
[2026-08-10 22:06:18.758] [error] at require (node:internal/modules/helpers:153:16)
[2026-08-10 22:06:18.759] [error] at Object.<anonymous> (C:\Users\김성규\AppData\Local\Programs\haste-client\resources\haste_agent_bridge.js:627:37) {
[2026-08-10 22:06:18.759] [error] code: 'MODULE_NOT_FOUND',
[2026-08-10 22:06:18.760] [error] requireStack: [
[2026-08-10 22:06:18.761] [error] 'C:\\Users\\김성규\\AppData\\Local\\Programs\\haste-client\\resources\\haste_agent_bridge.js'
[2026-08-10 22:06:18.761] [error] ]
[2026-08-10 22:06:18.762] [error] }
[2026-08-10 22:06:18.763] [error] Node.js v24.18.0
[2026-08-10 22:06:23.911] [error] node:internal/modules/cjs/loader:1527
[2026-08-10 22:06:23.913] [error] throw err;
[2026-08-10 22:06:23.914] [error] ^
[2026-08-10 22:06:23.914] [error] Error: Cannot find module 'discord.js'
[2026-08-10 22:06:23.915] [error] Require stack:
[2026-08-10 22:06:23.916] [error] - C:\Users\김성규\AppData\Local\Programs\haste-client\resources\haste_agent_bridge.js
[2026-08-10 22:06:23.919] [error] at Module._resolveFilename (node:internal/modules/cjs/loader:1524:15)
[2026-08-10 22:06:23.920] [error] at wrapResolveFilename (node:internal/modules/cjs/loader:1078:27)
[2026-08-10 22:06:23.920] [error] at defaultResolveImplForCJSLoading (node:internal/modules/cjs/loader:1102:10)
[2026-08-10 22:06:23.921] [error] at resolveForCJSWithHooks (node:internal/modules/cjs/loader:1129:12)
[2026-08-10 22:06:23.922] [error] at Module._load (node:internal/modules/cjs/loader:1301:5)
[2026-08-10 22:06:23.923] [error] at c._load (node:electron/js2c/node_init:2:18060)
[2026-08-10 22:06:23.924] [error] at wrapModuleLoad (node:internal/modules/cjs/loader:262:19)
[2026-08-10 22:06:23.925] [error] at Module.require (node:internal/modules/cjs/loader:1624:12)
[2026-08-10 22:06:23.926] [error] at require (node:internal/modules/helpers:153:16)
[2026-08-10 22:06:23.927] [error] at Object.<anonymous> (C:\Users\김성규\AppData\Local\Programs\haste-client\resources\haste_agent_bridge.js:627:37) {
[2026-08-10 22:06:23.928] [error] code: 'MODULE_NOT_FOUND',
[2026-08-10 22:06:23.930] [error] requireStack: [
[2026-08-10 22:06:23.931] [error] 'C:\\Users\\김성규\\AppData\\Local\\Programs\\haste-client\\resources\\haste_agent_bridge.js'
[2026-08-10 22:06:23.931] [error] ]
[2026-08-10 22:06:23.932] [error] }
[2026-08-10 22:06:23.933] [error] Node.js v24.18.0
[2026-08-10 22:06:29.065] [error] node:internal/modules/cjs/loader:1527
[2026-08-10 22:06:29.065] [error] throw err;
[2026-08-10 22:06:29.066] [error] ^
[2026-08-10 22:06:29.067] [error] Error: Cannot find module 'discord.js'
[2026-08-10 22:06:29.068] [error] Require stack:
[2026-08-10 22:06:29.068] [error] - C:\Users\김성규\AppData\Local\Programs\haste-client\resources\haste_agent_bridge.js
[2026-08-10 22:06:29.069] [error] at Module._resolveFilename (node:internal/modules/cjs/loader:1524:15)
[2026-08-10 22:06:29.070] [error] at wrapResolveFilename (node:internal/modules/cjs/loader:1078:27)
[2026-08-10 22:06:29.071] [error] at defaultResolveImplForCJSLoading (node:internal/modules/cjs/loader:1102:10)
[2026-08-10 22:06:29.071] [error] at resolveForCJSWithHooks (node:internal/modules/cjs/loader:1129:12)
[2026-08-10 22:06:29.072] [error] at Module._load (node:internal/modules/cjs/loader:1301:5)
[2026-08-10 22:06:29.073] [error] at c._load (node:electron/js2c/node_init:2:18060)
[2026-08-10 22:06:29.073] [error] at wrapModuleLoad (node:internal/modules/cjs/loader:262:19)
[2026-08-10 22:06:29.074] [error] at Module.require (node:internal/modules/cjs/loader:1624:12)
[2026-08-10 22:06:29.075] [error] at require (node:internal/modules/helpers:153:16)
[2026-08-10 22:06:29.075] [error] at Object.<anonymous> (C:\Users\김성규\AppData\Local\Programs\haste-client\resources\haste_agent_bridge.js:627:37) {
[2026-08-10 22:06:29.076] [error] code: 'MODULE_NOT_FOUND',
[2026-08-10 22:06:29.077] [error] requireStack: [
[2026-08-10 22:06:29.078] [error] 'C:\\Users\\김성규\\AppData\\Local\\Programs\\haste-client\\resources\\haste_agent_bridge.js'
[2026-08-10 22:06:29.078] [error] ]
[2026-08-10 22:06:29.079] [error] }
[2026-08-10 22:06:29.080] [error] Node.js v24.18.0
[2026-08-10 22:06:34.225] [error] node:internal/modules/cjs/loader:1527
[2026-08-10 22:06:34.226] [error] throw err;
[2026-08-10 22:06:34.226] [error] ^
[2026-08-10 22:06:34.227] [error] Error: Cannot find module 'discord.js'
[2026-08-10 22:06:34.228] [error] Require stack:
[2026-08-10 22:06:34.229] [error] - C:\Users\김성규\AppData\Local\Programs\haste-client\resources\haste_agent_bridge.js
[2026-08-10 22:06:34.229] [error] at Module._resolveFilename (node:internal/modules/cjs/loader:1524:15)
[2026-08-10 22:06:34.230] [error] at wrapResolveFilename (node:internal/modules/cjs/loader:1078:27)
[2026-08-10 22:06:34.231] [error] at defaultResolveImplForCJSLoading (node:internal/modules/cjs/loader:1102:10)
[2026-08-10 22:06:34.232] [error] at resolveForCJSWithHooks (node:internal/modules/cjs/loader:1129:12)
[2026-08-10 22:06:34.232] [error] at Module._load (node:internal/modules/cjs/loader:1301:5)
[2026-08-10 22:06:34.233] [error] at c._load (node:electron/js2c/node_init:2:18060)
[2026-08-10 22:06:34.234] [error] at wrapModuleLoad (node:internal/modules/cjs/loader:262:19)
[2026-08-10 22:06:34.236] [error] at Module.require (node:internal/modules/cjs/loader:1624:12)
[2026-08-10 22:06:34.237] [error] at require (node:internal/modules/helpers:153:16)
[2026-08-10 22:06:34.238] [error] at Object.<anonymous> (C:\Users\김성규\AppData\Local\Programs\haste-client\resources\haste_agent_bridge.js:627:37) {
[2026-08-10 22:06:34.239] [error] code: 'MODULE_NOT_FOUND',
[2026-08-10 22:06:34.240] [error] requireStack: [
[2026-08-10 22:06:34.240] [error] 'C:\\Users\\김성규\\AppData\\Local\\Programs\\haste-client\\resources\\haste_agent_bridge.js'
[2026-08-10 22:06:34.241] [error] ]
[2026-08-10 22:06:34.242] [error] }
[2026-08-10 22:06:34.242] [error] Node.js v24.18.0
[2026-08-10 22:06:39.435] [error] node:internal/modules/cjs/loader:1527
[2026-08-10 22:06:39.437] [error] throw err;
[2026-08-10 22:06:39.438] [error] ^
[2026-08-10 22:06:39.439] [error] Error: Cannot find module 'discord.js'
[2026-08-10 22:06:39.440] [error] Require stack:
[2026-08-10 22:06:39.441] [error] - C:\Users\김성규\AppData\Local\Programs\haste-client\resources\haste_agent_bridge.js
[2026-08-10 22:06:39.441] [error] at Module._resolveFilename (node:internal/modules/cjs/loader:1524:15)
[2026-08-10 22:06:39.442] [error] at wrapResolveFilename (node:internal/modules/cjs/loader:1078:27)
[2026-08-10 22:06:39.443] [error] at defaultResolveImplForCJSLoading (node:internal/modules/cjs/loader:1102:10)
[2026-08-10 22:06:39.443] [error] at resolveForCJSWithHooks (node:internal/modules/cjs/loader:1129:12)
[2026-08-10 22:06:39.444] [error] at Module._load (node:internal/modules/cjs/loader:1301:5)
[2026-08-10 22:06:39.445] [error] at c._load (node:electron/js2c/node_init:2:18060)
[2026-08-10 22:06:39.445] [error] at wrapModuleLoad (node:internal/modules/cjs/loader:262:19)
[2026-08-10 22:06:39.446] [error] at Module.require (node:internal/modules/cjs/loader:1624:12)
[2026-08-10 22:06:39.447] [error] at require (node:internal/modules/helpers:153:16)
[2026-08-10 22:06:39.447] [error] at Object.<anonymous> (C:\Users\김성규\AppData\Local\Programs\haste-client\resources\haste_agent_bridge.js:627:37) {
[2026-08-10 22:06:39.448] [error] code: 'MODULE_NOT_FOUND',
[2026-08-10 22:06:39.449] [error] requireStack: [
[2026-08-10 22:06:39.450] [error] 'C:\\Users\\김성규\\AppData\\Local\\Programs\\haste-client\\resources\\haste_agent_bridge.js'
[2026-08-10 22:06:39.451] [error] ]
[2026-08-10 22:06:39.452] [error] }
[2026-08-10 22:06:39.453] [error] Node.js v24.18.0
[2026-08-10 22:06:44.626] [error] node:internal/modules/cjs/loader:1527
[2026-08-10 22:06:44.627] [error] throw err;
[2026-08-10 22:06:44.629] [error] ^
[2026-08-10 22:06:44.630] [error] Error: Cannot find module 'discord.js'
[2026-08-10 22:06:44.632] [error] Require stack:
[2026-08-10 22:06:44.634] [error] - C:\Users\김성규\AppData\Local\Programs\haste-client\resources\haste_agent_bridge.js
[2026-08-10 22:06:44.636] [error] at Module._resolveFilename (node:internal/modules/cjs/loader:1524:15)
[2026-08-10 22:06:44.637] [error] at wrapResolveFilename (node:internal/modules/cjs/loader:1078:27)
[2026-08-10 22:06:44.639] [error] at defaultResolveImplForCJSLoading (node:internal/modules/cjs/loader:1102:10)
[2026-08-10 22:06:44.640] [error] at resolveForCJSWithHooks (node:internal/modules/cjs/loader:1129:12)
[2026-08-10 22:06:44.642] [error] at Module._load (node:internal/modules/cjs/loader:1301:5)
[2026-08-10 22:06:44.643] [error] at c._load (node:electron/js2c/node_init:2:18060)
[2026-08-10 22:06:44.645] [error] at wrapModuleLoad (node:internal/modules/cjs/loader:262:19)
[2026-08-10 22:06:44.646] [error] at Module.require (node:internal/modules/cjs/loader:1624:12)
[2026-08-10 22:06:44.647] [error] at require (node:internal/modules/helpers:153:16)
[2026-08-10 22:06:44.648] [error] at Object.<anonymous> (C:\Users\김성규\AppData\Local\Programs\haste-client\resources\haste_agent_bridge.js:627:37) {
[2026-08-10 22:06:44.650] [error] code: 'MODULE_NOT_FOUND',
[2026-08-10 22:06:44.653] [error] requireStack: [
[2026-08-10 22:06:44.654] [error] 'C:\\Users\\김성규\\AppData\\Local\\Programs\\haste-client\\resources\\haste_agent_bridge.js'
[2026-08-10 22:06:44.656] [error] ]
[2026-08-10 22:06:44.657] [error] }
[2026-08-10 22:06:44.658] [error] Node.js v24.18.0
[2026-08-10 22:06:49.789] [error] node:internal/modules/cjs/loader:1527
[2026-08-10 22:06:49.790] [error] throw err;
[2026-08-10 22:06:49.791] [error] ^
[2026-08-10 22:06:49.791] [error] Error: Cannot find module 'discord.js'
[2026-08-10 22:06:49.792] [error] Require stack:
[2026-08-10 22:06:49.793] [error] - C:\Users\김성규\AppData\Local\Programs\haste-client\resources\haste_agent_bridge.js
[2026-08-10 22:06:49.794] [error] at Module._resolveFilename (node:internal/modules/cjs/loader:1524:15)
[2026-08-10 22:06:49.794] [error] at wrapResolveFilename (node:internal/modules/cjs/loader:1078:27)
[2026-08-10 22:06:49.795] [error] at defaultResolveImplForCJSLoading (node:internal/modules/cjs/loader:1102:10)
[2026-08-10 22:06:49.796] [error] at resolveForCJSWithHooks (node:internal/modules/cjs/loader:1129:12)
[2026-08-10 22:06:49.796] [error] at Module._load (node:internal/modules/cjs/loader:1301:5)
[2026-08-10 22:06:49.797] [error] at c._load (node:electron/js2c/node_init:2:18060)
[2026-08-10 22:06:49.798] [error] at wrapModuleLoad (node:internal/modules/cjs/loader:262:19)
[2026-08-10 22:06:49.799] [error] at Module.require (node:internal/modules/cjs/loader:1624:12)
[2026-08-10 22:06:49.799] [error] at require (node:internal/modules/helpers:153:16)
[2026-08-10 22:06:49.800] [error] at Object.<anonymous> (C:\Users\김성규\AppData\Local\Programs\haste-client\resources\haste_agent_bridge.js:627:37) {
[2026-08-10 22:06:49.802] [error] code: 'MODULE_NOT_FOUND',
[2026-08-10 22:06:49.803] [error] requireStack: [
[2026-08-10 22:06:49.804] [error] 'C:\\Users\\김성규\\AppData\\Local\\Programs\\haste-client\\resources\\haste_agent_bridge.js'
[2026-08-10 22:06:49.805] [error] ]
[2026-08-10 22:06:49.806] [error] }
[2026-08-10 22:06:49.807] [error] Node.js v24.18.0
[2026-08-10 22:06:54.941] [error] node:internal/modules/cjs/loader:1527
[2026-08-10 22:06:54.942] [error] throw err;
[2026-08-10 22:06:54.943] [error] ^
[2026-08-10 22:06:54.944] [error] Error: Cannot find module 'discord.js'
[2026-08-10 22:06:54.945] [error] Require stack:
[2026-08-10 22:06:54.946] [error] - C:\Users\김성규\AppData\Local\Programs\haste-client\resources\haste_agent_bridge.js
[2026-08-10 22:06:54.946] [error] at Module._resolveFilename (node:internal/modules/cjs/loader:1524:15)
[2026-08-10 22:06:54.947] [error] at wrapResolveFilename (node:internal/modules/cjs/loader:1078:27)
[2026-08-10 22:06:54.948] [error] at defaultResolveImplForCJSLoading (node:internal/modules/cjs/loader:1102:10)
[2026-08-10 22:06:54.948] [error] at resolveForCJSWithHooks (node:internal/modules/cjs/loader:1129:12)
[2026-08-10 22:06:54.949] [error] at Module._load (node:internal/modules/cjs/loader:1301:5)
[2026-08-10 22:06:54.951] [error] at c._load (node:electron/js2c/node_init:2:18060)
[2026-08-10 22:06:54.952] [error] at wrapModuleLoad (node:internal/modules/cjs/loader:262:19)
[2026-08-10 22:06:54.953] [error] at Module.require (node:internal/modules/cjs/loader:1624:12)
[2026-08-10 22:06:54.955] [error] at require (node:internal/modules/helpers:153:16)
[2026-08-10 22:06:54.956] [error] at Object.<anonymous> (C:\Users\김성규\AppData\Local\Programs\haste-client\resources\haste_agent_bridge.js:627:37) {
[2026-08-10 22:06:54.956] [error] code: 'MODULE_NOT_FOUND',
[2026-08-10 22:06:54.957] [error] requireStack: [
[2026-08-10 22:06:54.958] [error] 'C:\\Users\\김성규\\AppData\\Local\\Programs\\haste-client\\resources\\haste_agent_bridge.js'
[2026-08-10 22:06:54.959] [error] ]
[2026-08-10 22:06:54.960] [error] }
[2026-08-10 22:06:54.960] [error] Node.js v24.18.0
[2026-08-10 22:07:00.092] [error] node:internal/modules/cjs/loader:1527
[2026-08-10 22:07:00.092] [error] throw err;
[2026-08-10 22:07:00.093] [error] ^
[2026-08-10 22:07:00.094] [error] Error: Cannot find module 'discord.js'
[2026-08-10 22:07:00.095] [error] Require stack:
[2026-08-10 22:07:00.095] [error] - C:\Users\김성규\AppData\Local\Programs\haste-client\resources\haste_agent_bridge.js
[2026-08-10 22:07:00.096] [error] at Module._resolveFilename (node:internal/modules/cjs/loader:1524:15)
[2026-08-10 22:07:00.097] [error] at wrapResolveFilename (node:internal/modules/cjs/loader:1078:27)
[2026-08-10 22:07:00.097] [error] at defaultResolveImplForCJSLoading (node:internal/modules/cjs/loader:1102:10)
[2026-08-10 22:07:00.098] [error] at resolveForCJSWithHooks (node:internal/modules/cjs/loader:1129:12)
[2026-08-10 22:07:00.099] [error] at Module._load (node:internal/modules/cjs/loader:1301:5)
[2026-08-10 22:07:00.100] [error] at c._load (node:electron/js2c/node_init:2:18060)
[2026-08-10 22:07:00.101] [error] at wrapModuleLoad (node:internal/modules/cjs/loader:262:19)
[2026-08-10 22:07:00.102] [error] at Module.require (node:internal/modules/cjs/loader:1624:12)
[2026-08-10 22:07:00.103] [error] at require (node:internal/modules/helpers:153:16)
[2026-08-10 22:07:00.104] [error] at Object.<anonymous> (C:\Users\김성규\AppData\Local\Programs\haste-client\resources\haste_agent_bridge.js:627:37) {
[2026-08-10 22:07:00.105] [error] code: 'MODULE_NOT_FOUND',
[2026-08-10 22:07:00.106] [error] requireStack: [
[2026-08-10 22:07:00.107] [error] 'C:\\Users\\김성규\\AppData\\Local\\Programs\\haste-client\\resources\\haste_agent_bridge.js'
[2026-08-10 22:07:00.107] [error] ]
[2026-08-10 22:07:00.108] [error] }
[2026-08-10 22:07:00.109] [error] Node.js v24.18.0
[2026-08-10 22:07:05.311] [error] node:internal/modules/cjs/loader:1527
[2026-08-10 22:07:05.312] [error] throw err;
[2026-08-10 22:07:05.313] [error] ^
[2026-08-10 22:07:05.314] [error] Error: Cannot find module 'discord.js'
[2026-08-10 22:07:05.314] [error] Require stack:
[2026-08-10 22:07:05.315] [error] - C:\Users\김성규\AppData\Local\Programs\haste-client\resources\haste_agent_bridge.js
[2026-08-10 22:07:05.316] [error] at Module._resolveFilename (node:internal/modules/cjs/loader:1524:15)
[2026-08-10 22:07:05.317] [error] at wrapResolveFilename (node:internal/modules/cjs/loader:1078:27)
[2026-08-10 22:07:05.319] [error] at defaultResolveImplForCJSLoading (node:internal/modules/cjs/loader:1102:10)
[2026-08-10 22:07:05.321] [error] at resolveForCJSWithHooks (node:internal/modules/cjs/loader:1129:12)
[2026-08-10 22:07:05.323] [error] at Module._load (node:internal/modules/cjs/loader:1301:5)
[2026-08-10 22:07:05.324] [error] at c._load (node:electron/js2c/node_init:2:18060)
[2026-08-10 22:07:05.325] [error] at wrapModuleLoad (node:internal/modules/cjs/loader:262:19)
[2026-08-10 22:07:05.326] [error] at Module.require (node:internal/modules/cjs/loader:1624:12)
[2026-08-10 22:07:05.327] [error] at require (node:internal/modules/helpers:153:16)
[2026-08-10 22:07:05.328] [error] at Object.<anonymous> (C:\Users\김성규\AppData\Local\Programs\haste-client\resources\haste_agent_bridge.js:627:37) {
[2026-08-10 22:07:05.330] [error] code: 'MODULE_NOT_FOUND',
[2026-08-10 22:07:05.331] [error] requireStack: [
[2026-08-10 22:07:05.332] [error] 'C:\\Users\\김성규\\AppData\\Local\\Programs\\haste-client\\resources\\haste_agent_bridge.js'
[2026-08-10 22:07:05.334] [error] ]
[2026-08-10 22:07:05.335] [error] }
[2026-08-10 22:07:05.336] [error] Node.js v24.18.0
[2026-08-10 22:07:10.461] [error] node:internal/modules/cjs/loader:1527
[2026-08-10 22:07:10.462] [error] throw err;
[2026-08-10 22:07:10.463] [error] ^
[2026-08-10 22:07:10.463] [error] Error: Cannot find module 'discord.js'
[2026-08-10 22:07:10.464] [error] Require stack:
[2026-08-10 22:07:10.465] [error] - C:\Users\김성규\AppData\Local\Programs\haste-client\resources\haste_agent_bridge.js
[2026-08-10 22:07:10.466] [error] at Module._resolveFilename (node:internal/modules/cjs/loader:1524:15)
[2026-08-10 22:07:10.466] [error] at wrapResolveFilename (node:internal/modules/cjs/loader:1078:27)
[2026-08-10 22:07:10.467] [error] at defaultResolveImplForCJSLoading (node:internal/modules/cjs/loader:1102:10)
[2026-08-10 22:07:10.468] [error] at resolveForCJSWithHooks (node:internal/modules/cjs/loader:1129:12)
[2026-08-10 22:07:10.469] [error] at Module._load (node:internal/modules/cjs/loader:1301:5)
[2026-08-10 22:07:10.469] [error] at c._load (node:electron/js2c/node_init:2:18060)
[2026-08-10 22:07:10.470] [error] at wrapModuleLoad (node:internal/modules/cjs/loader:262:19)
[2026-08-10 22:07:10.471] [error] at Module.require (node:internal/modules/cjs/loader:1624:12)
[2026-08-10 22:07:10.471] [error] at require (node:internal/modules/helpers:153:16)
[2026-08-10 22:07:10.472] [error] at Object.<anonymous> (C:\Users\김성규\AppData\Local\Programs\haste-client\resources\haste_agent_bridge.js:627:37) {
[2026-08-10 22:07:10.473] [error] code: 'MODULE_NOT_FOUND',
[2026-08-10 22:07:10.474] [error] requireStack: [
[2026-08-10 22:07:10.474] [error] 'C:\\Users\\김성규\\AppData\\Local\\Programs\\haste-client\\resources\\haste_agent_bridge.js'
[2026-08-10 22:07:10.475] [error] ]
[2026-08-10 22:07:10.476] [error] }
[2026-08-10 22:07:10.477] [error] Node.js v24.18.0
[2026-08-10 22:07:15.706] [error] node:internal/modules/cjs/loader:1527
[2026-08-10 22:07:15.707] [error] throw err;
[2026-08-10 22:07:15.709] [error] ^
[2026-08-10 22:07:15.710] [error] Error: Cannot find module 'discord.js'
[2026-08-10 22:07:15.711] [error] Require stack:
[2026-08-10 22:07:15.712] [error] - C:\Users\김성규\AppData\Local\Programs\haste-client\resources\haste_agent_bridge.js
[2026-08-10 22:07:15.713] [error] at Module._resolveFilename (node:internal/modules/cjs/loader:1524:15)
[2026-08-10 22:07:15.714] [error] at wrapResolveFilename (node:internal/modules/cjs/loader:1078:27)
[2026-08-10 22:07:15.715] [error] at defaultResolveImplForCJSLoading (node:internal/modules/cjs/loader:1102:10)
[2026-08-10 22:07:15.716] [error] at resolveForCJSWithHooks (node:internal/modules/cjs/loader:1129:12)
[2026-08-10 22:07:15.718] [error] at Module._load (node:internal/modules/cjs/loader:1301:5)
[2026-08-10 22:07:15.720] [error] at c._load (node:electron/js2c/node_init:2:18060)
[2026-08-10 22:07:15.722] [error] at wrapModuleLoad (node:internal/modules/cjs/loader:262:19)
[2026-08-10 22:07:15.723] [error] at Module.require (node:internal/modules/cjs/loader:1624:12)
[2026-08-10 22:07:15.724] [error] at require (node:internal/modules/helpers:153:16)
[2026-08-10 22:07:15.725] [error] at Object.<anonymous> (C:\Users\김성규\AppData\Local\Programs\haste-client\resources\haste_agent_bridge.js:627:37) {
[2026-08-10 22:07:15.726] [error] code: 'MODULE_NOT_FOUND',
[2026-08-10 22:07:15.727] [error] requireStack: [
[2026-08-10 22:07:15.728] [error] 'C:\\Users\\김성규\\AppData\\Local\\Programs\\haste-client\\resources\\haste_agent_bridge.js'
[2026-08-10 22:07:15.729] [error] ]
[2026-08-10 22:07:15.731] [error] }
[2026-08-10 22:07:15.732] [error] Node.js v24.18.0
[2026-08-10 22:07:21.035] [error] node:internal/modules/cjs/loader:1527
[2026-08-10 22:07:21.037] [error] throw err;
[2026-08-10 22:07:21.039] [error] ^
[2026-08-10 22:07:21.040] [error] Error: Cannot find module 'discord.js'
[2026-08-10 22:07:21.042] [error] Require stack:
[2026-08-10 22:07:21.044] [error] - C:\Users\김성규\AppData\Local\Programs\haste-client\resources\haste_agent_bridge.js
[2026-08-10 22:07:21.045] [error] at Module._resolveFilename (node:internal/modules/cjs/loader:1524:15)
[2026-08-10 22:07:21.047] [error] at wrapResolveFilename (node:internal/modules/cjs/loader:1078:27)
[2026-08-10 22:07:21.048] [error] at defaultResolveImplForCJSLoading (node:internal/modules/cjs/loader:1102:10)
[2026-08-10 22:07:21.049] [error] at resolveForCJSWithHooks (node:internal/modules/cjs/loader:1129:12)
[2026-08-10 22:07:21.051] [error] at Module._load (node:internal/modules/cjs/loader:1301:5)
[2026-08-10 22:07:21.052] [error] at c._load (node:electron/js2c/node_init:2:18060)
[2026-08-10 22:07:21.054] [error] at wrapModuleLoad (node:internal/modules/cjs/loader:262:19)
[2026-08-10 22:07:21.055] [error] at Module.require (node:internal/modules/cjs/loader:1624:12)
[2026-08-10 22:07:21.056] [error] at require (node:internal/modules/helpers:153:16)
[2026-08-10 22:07:21.058] [error] at Object.<anonymous> (C:\Users\김성규\AppData\Local\Programs\haste-client\resources\haste_agent_bridge.js:627:37) {
[2026-08-10 22:07:21.059] [error] code: 'MODULE_NOT_FOUND',
[2026-08-10 22:07:21.061] [error] requireStack: [
[2026-08-10 22:07:21.062] [error] 'C:\\Users\\김성규\\AppData\\Local\\Programs\\haste-client\\resources\\haste_agent_bridge.js'
[2026-08-10 22:07:21.063] [error] ]
[2026-08-10 22:07:21.065] [error] }
[2026-08-10 22:07:21.066] [error] Node.js v24.18.0
[2026-08-10 22:07:26.292] [error] node:internal/modules/cjs/loader:1527
[2026-08-10 22:07:26.294] [error] throw err;
[2026-08-10 22:07:26.295] [error] ^
[2026-08-10 22:07:26.297] [error] Error: Cannot find module 'discord.js'
[2026-08-10 22:07:26.298] [error] Require stack:
[2026-08-10 22:07:26.298] [error] - C:\Users\김성규\AppData\Local\Programs\haste-client\resources\haste_agent_bridge.js
[2026-08-10 22:07:26.299] [error] at Module._resolveFilename (node:internal/modules/cjs/loader:1524:15)
[2026-08-10 22:07:26.301] [error] at wrapResolveFilename (node:internal/modules/cjs/loader:1078:27)
[2026-08-10 22:07:26.305] [error] at defaultResolveImplForCJSLoading (node:internal/modules/cjs/loader:1102:10)
[2026-08-10 22:07:26.308] [error] at resolveForCJSWithHooks (node:internal/modules/cjs/loader:1129:12)
[2026-08-10 22:07:26.310] [error] at Module._load (node:internal/modules/cjs/loader:1301:5)
[2026-08-10 22:07:26.312] [error] at c._load (node:electron/js2c/node_init:2:18060)
[2026-08-10 22:07:26.315] [error] at wrapModuleLoad (node:internal/modules/cjs/loader:262:19)
[2026-08-10 22:07:26.318] [error] at Module.require (node:internal/modules/cjs/loader:1624:12)
[2026-08-10 22:07:26.320] [error] at require (node:internal/modules/helpers:153:16)
[2026-08-10 22:07:26.322] [error] at Object.<anonymous> (C:\Users\김성규\AppData\Local\Programs\haste-client\resources\haste_agent_bridge.js:627:37) {
[2026-08-10 22:07:26.323] [error] code: 'MODULE_NOT_FOUND',
[2026-08-10 22:07:26.324] [error] requireStack: [
[2026-08-10 22:07:26.325] [error] 'C:\\Users\\김성규\\AppData\\Local\\Programs\\haste-client\\resources\\haste_agent_bridge.js'
[2026-08-10 22:07:26.326] [error] ]
[2026-08-10 22:07:26.327] [error] }
[2026-08-10 22:07:26.328] [error] Node.js v24.18.0
[2026-08-10 22:07:31.461] [error] node:internal/modules/cjs/loader:1527
[2026-08-10 22:07:31.462] [error] throw err;
[2026-08-10 22:07:31.462] [error] ^
[2026-08-10 22:07:31.463] [error] Error: Cannot find module 'discord.js'
[2026-08-10 22:07:31.464] [error] Require stack:
[2026-08-10 22:07:31.465] [error] - C:\Users\김성규\AppData\Local\Programs\haste-client\resources\haste_agent_bridge.js
[2026-08-10 22:07:31.465] [error] at Module._resolveFilename (node:internal/modules/cjs/loader:1524:15)
[2026-08-10 22:07:31.466] [error] at wrapResolveFilename (node:internal/modules/cjs/loader:1078:27)
[2026-08-10 22:07:31.467] [error] at defaultResolveImplForCJSLoading (node:internal/modules/cjs/loader:1102:10)
[2026-08-10 22:07:31.468] [error] at resolveForCJSWithHooks (node:internal/modules/cjs/loader:1129:12)
[2026-08-10 22:07:31.469] [error] at Module._load (node:internal/modules/cjs/loader:1301:5)
[2026-08-10 22:07:31.470] [error] at c._load (node:electron/js2c/node_init:2:18060)
[2026-08-10 22:07:31.471] [error] at wrapModuleLoad (node:internal/modules/cjs/loader:262:19)
[2026-08-10 22:07:31.472] [error] at Module.require (node:internal/modules/cjs/loader:1624:12)
[2026-08-10 22:07:31.473] [error] at require (node:internal/modules/helpers:153:16)
[2026-08-10 22:07:31.474] [error] at Object.<anonymous> (C:\Users\김성규\AppData\Local\Programs\haste-client\resources\haste_agent_bridge.js:627:37) {
[2026-08-10 22:07:31.475] [error] code: 'MODULE_NOT_FOUND',
[2026-08-10 22:07:31.476] [error] requireStack: [
[2026-08-10 22:07:31.476] [error] 'C:\\Users\\김성규\\AppData\\Local\\Programs\\haste-client\\resources\\haste_agent_bridge.js'
[2026-08-10 22:07:31.477] [error] ]
[2026-08-10 22:07:31.478] [error] }
[2026-08-10 22:07:31.478] [error] Node.js v24.18.0
[2026-08-10 22:07:36.607] [error] node:internal/modules/cjs/loader:1527
[2026-08-10 22:07:36.608] [error] throw err;
[2026-08-10 22:07:36.609] [error] ^
[2026-08-10 22:07:36.610] [error] Error: Cannot find module 'discord.js'
[2026-08-10 22:07:36.611] [error] Require stack:
[2026-08-10 22:07:36.611] [error] - C:\Users\김성규\AppData\Local\Programs\haste-client\resources\haste_agent_bridge.js
[2026-08-10 22:07:36.612] [error] at Module._resolveFilename (node:internal/modules/cjs/loader:1524:15)
[2026-08-10 22:07:36.613] [error] at wrapResolveFilename (node:internal/modules/cjs/loader:1078:27)
[2026-08-10 22:07:36.614] [error] at defaultResolveImplForCJSLoading (node:internal/modules/cjs/loader:1102:10)
[2026-08-10 22:07:36.614] [error] at resolveForCJSWithHooks (node:internal/modules/cjs/loader:1129:12)
[2026-08-10 22:07:36.615] [error] at Module._load (node:internal/modules/cjs/loader:1301:5)
[2026-08-10 22:07:36.616] [error] at c._load (node:electron/js2c/node_init:2:18060)
[2026-08-10 22:07:36.616] [error] at wrapModuleLoad (node:internal/modules/cjs/loader:262:19)
[2026-08-10 22:07:36.617] [error] at Module.require (node:internal/modules/cjs/loader:1624:12)
[2026-08-10 22:07:36.618] [error] at require (node:internal/modules/helpers:153:16)
[2026-08-10 22:07:36.619] [error] at Object.<anonymous> (C:\Users\김성규\AppData\Local\Programs\haste-client\resources\haste_agent_bridge.js:627:37) {
[2026-08-10 22:07:36.620] [error] code: 'MODULE_NOT_FOUND',
[2026-08-10 22:07:36.621] [error] requireStack: [
[2026-08-10 22:07:36.621] [error] 'C:\\Users\\김성규\\AppData\\Local\\Programs\\haste-client\\resources\\haste_agent_bridge.js'
[2026-08-10 22:07:36.622] [error] ]
[2026-08-10 22:07:36.623] [error] }
[2026-08-10 22:07:36.623] [error] Node.js v24.18.0
[2026-08-10 22:07:41.763] [error] node:internal/modules/cjs/loader:1527
[2026-08-10 22:07:41.764] [error] throw err;
[2026-08-10 22:07:41.765] [error] ^
[2026-08-10 22:07:41.766] [error] Error: Cannot find module 'discord.js'
[2026-08-10 22:07:41.766] [error] Require stack:
[2026-08-10 22:07:41.767] [error] - C:\Users\김성규\AppData\Local\Programs\haste-client\resources\haste_agent_bridge.js
[2026-08-10 22:07:41.768] [error] at Module._resolveFilename (node:internal/modules/cjs/loader:1524:15)
[2026-08-10 22:07:41.769] [error] at wrapResolveFilename (node:internal/modules/cjs/loader:1078:27)
[2026-08-10 22:07:41.770] [error] at defaultResolveImplForCJSLoading (node:internal/modules/cjs/loader:1102:10)
[2026-08-10 22:07:41.771] [error] at resolveForCJSWithHooks (node:internal/modules/cjs/loader:1129:12)
[2026-08-10 22:07:41.772] [error] at Module._load (node:internal/modules/cjs/loader:1301:5)
[2026-08-10 22:07:41.772] [error] at c._load (node:electron/js2c/node_init:2:18060)
[2026-08-10 22:07:41.773] [error] at wrapModuleLoad (node:internal/modules/cjs/loader:262:19)
[2026-08-10 22:07:41.774] [error] at Module.require (node:internal/modules/cjs/loader:1624:12)
[2026-08-10 22:07:41.775] [error] at require (node:internal/modules/helpers:153:16)
[2026-08-10 22:07:41.775] [error] at Object.<anonymous> (C:\Users\김성규\AppData\Local\Programs\haste-client\resources\haste_agent_bridge.js:627:37) {
[2026-08-10 22:07:41.776] [error] code: 'MODULE_NOT_FOUND',
[2026-08-10 22:07:41.777] [error] requireStack: [
[2026-08-10 22:07:41.777] [error] 'C:\\Users\\김성규\\AppData\\Local\\Programs\\haste-client\\resources\\haste_agent_bridge.js'
[2026-08-10 22:07:41.778] [error] ]
[2026-08-10 22:07:41.779] [error] }
[2026-08-10 22:07:41.780] [error] Node.js v24.18.0
[2026-08-10 22:07:46.930] [error] node:internal/modules/cjs/loader:1527
[2026-08-10 22:07:46.932] [error] throw err;
[2026-08-10 22:07:46.933] [error] ^
[2026-08-10 22:07:46.934] [error] Error: Cannot find module 'discord.js'
[2026-08-10 22:07:46.936] [error] Require stack:
[2026-08-10 22:07:46.938] [error] - C:\Users\김성규\AppData\Local\Programs\haste-client\resources\haste_agent_bridge.js
[2026-08-10 22:07:46.939] [error] at Module._resolveFilename (node:internal/modules/cjs/loader:1524:15)
[2026-08-10 22:07:46.941] [error] at wrapResolveFilename (node:internal/modules/cjs/loader:1078:27)
[2026-08-10 22:07:46.942] [error] at defaultResolveImplForCJSLoading (node:internal/modules/cjs/loader:1102:10)
[2026-08-10 22:07:46.943] [error] at resolveForCJSWithHooks (node:internal/modules/cjs/loader:1129:12)
[2026-08-10 22:07:46.944] [error] at Module._load (node:internal/modules/cjs/loader:1301:5)
[2026-08-10 22:07:46.945] [error] at c._load (node:electron/js2c/node_init:2:18060)
[2026-08-10 22:07:46.946] [error] at wrapModuleLoad (node:internal/modules/cjs/loader:262:19)
[2026-08-10 22:07:46.947] [error] at Module.require (node:internal/modules/cjs/loader:1624:12)
[2026-08-10 22:07:46.948] [error] at require (node:internal/modules/helpers:153:16)
[2026-08-10 22:07:46.949] [error] at Object.<anonymous> (C:\Users\김성규\AppData\Local\Programs\haste-client\resources\haste_agent_bridge.js:627:37) {
[2026-08-10 22:07:46.950] [error] code: 'MODULE_NOT_FOUND',
[2026-08-10 22:07:46.951] [error] requireStack: [
[2026-08-10 22:07:46.953] [error] 'C:\\Users\\김성규\\AppData\\Local\\Programs\\haste-client\\resources\\haste_agent_bridge.js'
[2026-08-10 22:07:46.954] [error] ]
[2026-08-10 22:07:46.954] [error] }
[2026-08-10 22:07:46.955] [error] Node.js v24.18.0
[2026-08-10 22:07:52.082] [error] node:internal/modules/cjs/loader:1527
[2026-08-10 22:07:52.083] [error] throw err;
[2026-08-10 22:07:52.084] [error] ^
[2026-08-10 22:07:52.085] [error] Error: Cannot find module 'discord.js'
[2026-08-10 22:07:52.086] [error] Require stack:
[2026-08-10 22:07:52.087] [error] - C:\Users\김성규\AppData\Local\Programs\haste-client\resources\haste_agent_bridge.js
[2026-08-10 22:07:52.088] [error] at Module._resolveFilename (node:internal/modules/cjs/loader:1524:15)
[2026-08-10 22:07:52.088] [error] at wrapResolveFilename (node:internal/modules/cjs/loader:1078:27)
[2026-08-10 22:07:52.089] [error] at defaultResolveImplForCJSLoading (node:internal/modules/cjs/loader:1102:10)
[2026-08-10 22:07:52.090] [error] at resolveForCJSWithHooks (node:internal/modules/cjs/loader:1129:12)
[2026-08-10 22:07:52.090] [error] at Module._load (node:internal/modules/cjs/loader:1301:5)
[2026-08-10 22:07:52.091] [error] at c._load (node:electron/js2c/node_init:2:18060)
[2026-08-10 22:07:52.092] [error] at wrapModuleLoad (node:internal/modules/cjs/loader:262:19)
[2026-08-10 22:07:52.093] [error] at Module.require (node:internal/modules/cjs/loader:1624:12)
[2026-08-10 22:07:52.093] [error] at require (node:internal/modules/helpers:153:16)
[2026-08-10 22:07:52.094] [error] at Object.<anonymous> (C:\Users\김성규\AppData\Local\Programs\haste-client\resources\haste_agent_bridge.js:627:37) {
[2026-08-10 22:07:52.095] [error] code: 'MODULE_NOT_FOUND',
[2026-08-10 22:07:52.096] [error] requireStack: [
[2026-08-10 22:07:52.096] [error] 'C:\\Users\\김성규\\AppData\\Local\\Programs\\haste-client\\resources\\haste_agent_bridge.js'
[2026-08-10 22:07:52.097] [error] ]
[2026-08-10 22:07:52.098] [error] }
[2026-08-10 22:07:52.098] [error] Node.js v24.18.0
[2026-08-10 22:07:57.225] [error] node:internal/modules/cjs/loader:1527
[2026-08-10 22:07:57.226] [error] throw err;
[2026-08-10 22:07:57.227] [error] ^
[2026-08-10 22:07:57.227] [error] Error: Cannot find module 'discord.js'
[2026-08-10 22:07:57.228] [error] Require stack:
[2026-08-10 22:07:57.229] [error] - C:\Users\김성규\AppData\Local\Programs\haste-client\resources\haste_agent_bridge.js
[2026-08-10 22:07:57.230] [error] at Module._resolveFilename (node:internal/modules/cjs/loader:1524:15)
[2026-08-10 22:07:57.230] [error] at wrapResolveFilename (node:internal/modules/cjs/loader:1078:27)
[2026-08-10 22:07:57.231] [error] at defaultResolveImplForCJSLoading (node:internal/modules/cjs/loader:1102:10)
[2026-08-10 22:07:57.232] [error] at resolveForCJSWithHooks (node:internal/modules/cjs/loader:1129:12)
[2026-08-10 22:07:57.233] [error] at Module._load (node:internal/modules/cjs/loader:1301:5)
[2026-08-10 22:07:57.233] [error] at c._load (node:electron/js2c/node_init:2:18060)
[2026-08-10 22:07:57.234] [error] at wrapModuleLoad (node:internal/modules/cjs/loader:262:19)
[2026-08-10 22:07:57.236] [error] at Module.require (node:internal/modules/cjs/loader:1624:12)
[2026-08-10 22:07:57.236] [error] at require (node:internal/modules/helpers:153:16)
[2026-08-10 22:07:57.237] [error] at Object.<anonymous> (C:\Users\김성규\AppData\Local\Programs\haste-client\resources\haste_agent_bridge.js:627:37) {
[2026-08-10 22:07:57.238] [error] code: 'MODULE_NOT_FOUND',
[2026-08-10 22:07:57.239] [error] requireStack: [
[2026-08-10 22:07:57.239] [error] 'C:\\Users\\김성규\\AppData\\Local\\Programs\\haste-client\\resources\\haste_agent_bridge.js'
[2026-08-10 22:07:57.240] [error] ]
[2026-08-10 22:07:57.241] [error] }
[2026-08-10 22:07:57.242] [error] Node.js v24.18.0
[2026-08-10 22:08:02.366] [error] node:internal/modules/cjs/loader:1527
[2026-08-10 22:08:02.367] [error] throw err;
[2026-08-10 22:08:02.368] [error] ^
[2026-08-10 22:08:02.369] [error] Error: Cannot find module 'discord.js'
[2026-08-10 22:08:02.370] [error] Require stack:
[2026-08-10 22:08:02.371] [error] - C:\Users\김성규\AppData\Local\Programs\haste-client\resources\haste_agent_bridge.js
[2026-08-10 22:08:02.372] [error] at Module._resolveFilename (node:internal/modules/cjs/loader:1524:15)
[2026-08-10 22:08:02.374] [error] at wrapResolveFilename (node:internal/modules/cjs/loader:1078:27)
[2026-08-10 22:08:02.374] [error] at defaultResolveImplForCJSLoading (node:internal/modules/cjs/loader:1102:10)
[2026-08-10 22:08:02.375] [error] at resolveForCJSWithHooks (node:internal/modules/cjs/loader:1129:12)
[2026-08-10 22:08:02.376] [error] at Module._load (node:internal/modules/cjs/loader:1301:5)
[2026-08-10 22:08:02.376] [error] at c._load (node:electron/js2c/node_init:2:18060)
[2026-08-10 22:08:02.377] [error] at wrapModuleLoad (node:internal/modules/cjs/loader:262:19)
[2026-08-10 22:08:02.378] [error] at Module.require (node:internal/modules/cjs/loader:1624:12)
[2026-08-10 22:08:02.379] [error] at require (node:internal/modules/helpers:153:16)
[2026-08-10 22:08:02.379] [error] at Object.<anonymous> (C:\Users\김성규\AppData\Local\Programs\haste-client\resources\haste_agent_bridge.js:627:37) {
[2026-08-10 22:08:02.380] [error] code: 'MODULE_NOT_FOUND',
[2026-08-10 22:08:02.381] [error] requireStack: [
[2026-08-10 22:08:02.381] [error] 'C:\\Users\\김성규\\AppData\\Local\\Programs\\haste-client\\resources\\haste_agent_bridge.js'
[2026-08-10 22:08:02.382] [error] ]
[2026-08-10 22:08:02.383] [error] }
[2026-08-10 22:08:02.384] [error] Node.js v24.18.0
[2026-08-10 22:08:07.648] [error] node:internal/modules/cjs/loader:1527
[2026-08-10 22:08:07.649] [error] throw err;
[2026-08-10 22:08:07.650] [error] ^
[2026-08-10 22:08:07.651] [error] Error: Cannot find module 'discord.js'
[2026-08-10 22:08:07.652] [error] Require stack:
[2026-08-10 22:08:07.654] [error] - C:\Users\김성규\AppData\Local\Programs\haste-client\resources\haste_agent_bridge.js
[2026-08-10 22:08:07.655] [error] at Module._resolveFilename (node:internal/modules/cjs/loader:1524:15)
[2026-08-10 22:08:07.656] [error] at wrapResolveFilename (node:internal/modules/cjs/loader:1078:27)
[2026-08-10 22:08:07.658] [error] at defaultResolveImplForCJSLoading (node:internal/modules/cjs/loader:1102:10)
[2026-08-10 22:08:07.659] [error] at resolveForCJSWithHooks (node:internal/modules/cjs/loader:1129:12)
[2026-08-10 22:08:07.661] [error] at Module._load (node:internal/modules/cjs/loader:1301:5)
[2026-08-10 22:08:07.662] [error] at c._load (node:electron/js2c/node_init:2:18060)
[2026-08-10 22:08:07.663] [error] at wrapModuleLoad (node:internal/modules/cjs/loader:262:19)
[2026-08-10 22:08:07.664] [error] at Module.require (node:internal/modules/cjs/loader:1624:12)
[2026-08-10 22:08:07.665] [error] at require (node:internal/modules/helpers:153:16)
[2026-08-10 22:08:07.665] [error] at Object.<anonymous> (C:\Users\김성규\AppData\Local\Programs\haste-client\resources\haste_agent_bridge.js:627:37) {
[2026-08-10 22:08:07.666] [error] code: 'MODULE_NOT_FOUND',
[2026-08-10 22:08:07.669] [error] requireStack: [
[2026-08-10 22:08:07.671] [error] 'C:\\Users\\김성규\\AppData\\Local\\Programs\\haste-client\\resources\\haste_agent_bridge.js'
[2026-08-10 22:08:07.672] [error] ]
[2026-08-10 22:08:07.673] [error] }
[2026-08-10 22:08:07.675] [error] Node.js v24.18.0
[2026-08-10 22:08:12.802] [error] node:internal/modules/cjs/loader:1527
[2026-08-10 22:08:12.804] [error] throw err;
[2026-08-10 22:08:12.805] [error] ^
[2026-08-10 22:08:12.806] [error] Error: Cannot find module 'discord.js'
[2026-08-10 22:08:12.806] [error] Require stack:
[2026-08-10 22:08:12.807] [error] - C:\Users\김성규\AppData\Local\Programs\haste-client\resources\haste_agent_bridge.js
[2026-08-10 22:08:12.808] [error] at Module._resolveFilename (node:internal/modules/cjs/loader:1524:15)
[2026-08-10 22:08:12.808] [error] at wrapResolveFilename (node:internal/modules/cjs/loader:1078:27)
[2026-08-10 22:08:12.809] [error] at defaultResolveImplForCJSLoading (node:internal/modules/cjs/loader:1102:10)
[2026-08-10 22:08:12.810] [error] at resolveForCJSWithHooks (node:internal/modules/cjs/loader:1129:12)
[2026-08-10 22:08:12.810] [error] at Module._load (node:internal/modules/cjs/loader:1301:5)
[2026-08-10 22:08:12.811] [error] at c._load (node:electron/js2c/node_init:2:18060)
[2026-08-10 22:08:12.812] [error] at wrapModuleLoad (node:internal/modules/cjs/loader:262:19)
[2026-08-10 22:08:12.812] [error] at Module.require (node:internal/modules/cjs/loader:1624:12)
[2026-08-10 22:08:12.813] [error] at require (node:internal/modules/helpers:153:16)
[2026-08-10 22:08:12.814] [error] at Object.<anonymous> (C:\Users\김성규\AppData\Local\Programs\haste-client\resources\haste_agent_bridge.js:627:37) {
[2026-08-10 22:08:12.815] [error] code: 'MODULE_NOT_FOUND',
[2026-08-10 22:08:12.816] [error] requireStack: [
[2026-08-10 22:08:12.816] [error] 'C:\\Users\\김성규\\AppData\\Local\\Programs\\haste-client\\resources\\haste_agent_bridge.js'
[2026-08-10 22:08:12.817] [error] ]
[2026-08-10 22:08:12.818] [error] }
[2026-08-10 22:08:12.819] [error] Node.js v24.18.0
[2026-08-10 22:08:17.979] [error] node:internal/modules/cjs/loader:1527
[2026-08-10 22:08:17.979] [error] throw err;
[2026-08-10 22:08:17.980] [error] ^
[2026-08-10 22:08:17.981] [error] Error: Cannot find module 'discord.js'
[2026-08-10 22:08:17.982] [error] Require stack:
[2026-08-10 22:08:17.982] [error] - C:\Users\김성규\AppData\Local\Programs\haste-client\resources\haste_agent_bridge.js
[2026-08-10 22:08:17.983] [error] at Module._resolveFilename (node:internal/modules/cjs/loader:1524:15)
[2026-08-10 22:08:17.984] [error] at wrapResolveFilename (node:internal/modules/cjs/loader:1078:27)
[2026-08-10 22:08:17.985] [error] at defaultResolveImplForCJSLoading (node:internal/modules/cjs/loader:1102:10)
[2026-08-10 22:08:17.986] [error] at resolveForCJSWithHooks (node:internal/modules/cjs/loader:1129:12)
[2026-08-10 22:08:17.987] [error] at Module._load (node:internal/modules/cjs/loader:1301:5)
[2026-08-10 22:08:17.988] [error] at c._load (node:electron/js2c/node_init:2:18060)
[2026-08-10 22:08:17.988] [error] at wrapModuleLoad (node:internal/modules/cjs/loader:262:19)
[2026-08-10 22:08:17.989] [error] at Module.require (node:internal/modules/cjs/loader:1624:12)
[2026-08-10 22:08:17.990] [error] at require (node:internal/modules/helpers:153:16)
[2026-08-10 22:08:17.990] [error] at Object.<anonymous> (C:\Users\김성규\AppData\Local\Programs\haste-client\resources\haste_agent_bridge.js:627:37) {
[2026-08-10 22:08:17.991] [error] code: 'MODULE_NOT_FOUND',
[2026-08-10 22:08:17.992] [error] requireStack: [
[2026-08-10 22:08:17.993] [error] 'C:\\Users\\김성규\\AppData\\Local\\Programs\\haste-client\\resources\\haste_agent_bridge.js'
[2026-08-10 22:08:17.993] [error] ]
[2026-08-10 22:08:17.994] [error] }
[2026-08-10 22:08:17.995] [error] Node.js v24.18.0
[2026-08-10 22:08:23.124] [error] node:internal/modules/cjs/loader:1527
[2026-08-10 22:08:23.125] [error] throw err;
[2026-08-10 22:08:23.126] [error] ^
[2026-08-10 22:08:23.127] [error] Error: Cannot find module 'discord.js'
[2026-08-10 22:08:23.127] [error] Require stack:
[2026-08-10 22:08:23.128] [error] - C:\Users\김성규\AppData\Local\Programs\haste-client\resources\haste_agent_bridge.js
[2026-08-10 22:08:23.129] [error] at Module._resolveFilename (node:internal/modules/cjs/loader:1524:15)
[2026-08-10 22:08:23.129] [error] at wrapResolveFilename (node:internal/modules/cjs/loader:1078:27)
[2026-08-10 22:08:23.130] [error] at defaultResolveImplForCJSLoading (node:internal/modules/cjs/loader:1102:10)
[2026-08-10 22:08:23.131] [error] at resolveForCJSWithHooks (node:internal/modules/cjs/loader:1129:12)
[2026-08-10 22:08:23.131] [error] at Module._load (node:internal/modules/cjs/loader:1301:5)
[2026-08-10 22:08:23.132] [error] at c._load (node:electron/js2c/node_init:2:18060)
[2026-08-10 22:08:23.133] [error] at wrapModuleLoad (node:internal/modules/cjs/loader:262:19)
[2026-08-10 22:08:23.133] [error] at Module.require (node:internal/modules/cjs/loader:1624:12)
[2026-08-10 22:08:23.134] [error] at require (node:internal/modules/helpers:153:16)
[2026-08-10 22:08:23.135] [error] at Object.<anonymous> (C:\Users\김성규\AppData\Local\Programs\haste-client\resources\haste_agent_bridge.js:627:37) {
[2026-08-10 22:08:23.137] [error] code: 'MODULE_NOT_FOUND',
[2026-08-10 22:08:23.138] [error] requireStack: [
[2026-08-10 22:08:23.139] [error] 'C:\\Users\\김성규\\AppData\\Local\\Programs\\haste-client\\resources\\haste_agent_bridge.js'
[2026-08-10 22:08:23.139] [error] ]
[2026-08-10 22:08:23.140] [error] }
[2026-08-10 22:08:23.141] [error] Node.js v24.18.0
[2026-08-10 22:08:28.275] [error] node:internal/modules/cjs/loader:1527
[2026-08-10 22:08:28.276] [error] throw err;
[2026-08-10 22:08:28.277] [error] ^
[2026-08-10 22:08:28.278] [error] Error: Cannot find module 'discord.js'
[2026-08-10 22:08:28.279] [error] Require stack:
[2026-08-10 22:08:28.280] [error] - C:\Users\김성규\AppData\Local\Programs\haste-client\resources\haste_agent_bridge.js
[2026-08-10 22:08:28.281] [error] at Module._resolveFilename (node:internal/modules/cjs/loader:1524:15)
[2026-08-10 22:08:28.282] [error] at wrapResolveFilename (node:internal/modules/cjs/loader:1078:27)
[2026-08-10 22:08:28.283] [error] at defaultResolveImplForCJSLoading (node:internal/modules/cjs/loader:1102:10)
[2026-08-10 22:08:28.283] [error] at resolveForCJSWithHooks (node:internal/modules/cjs/loader:1129:12)
[2026-08-10 22:08:28.284] [error] at Module._load (node:internal/modules/cjs/loader:1301:5)
[2026-08-10 22:08:28.286] [error] at c._load (node:electron/js2c/node_init:2:18060)
[2026-08-10 22:08:28.287] [error] at wrapModuleLoad (node:internal/modules/cjs/loader:262:19)
[2026-08-10 22:08:28.288] [error] at Module.require (node:internal/modules/cjs/loader:1624:12)
[2026-08-10 22:08:28.289] [error] at require (node:internal/modules/helpers:153:16)
[2026-08-10 22:08:28.290] [error] at Object.<anonymous> (C:\Users\김성규\AppData\Local\Programs\haste-client\resources\haste_agent_bridge.js:627:37) {
[2026-08-10 22:08:28.291] [error] code: 'MODULE_NOT_FOUND',
[2026-08-10 22:08:28.292] [error] requireStack: [
[2026-08-10 22:08:28.293] [error] 'C:\\Users\\김성규\\AppData\\Local\\Programs\\haste-client\\resources\\haste_agent_bridge.js'
[2026-08-10 22:08:28.294] [error] ]
[2026-08-10 22:08:28.294] [error] }
[2026-08-10 22:08:28.295] [error] Node.js v24.18.0
[2026-08-10 22:08:33.423] [error] node:internal/modules/cjs/loader:1527
[2026-08-10 22:08:33.424] [error] throw err;
[2026-08-10 22:08:33.425] [error] ^
[2026-08-10 22:08:33.426] [error] Error: Cannot find module 'discord.js'
[2026-08-10 22:08:33.427] [error] Require stack:
[2026-08-10 22:08:33.427] [error] - C:\Users\김성규\AppData\Local\Programs\haste-client\resources\haste_agent_bridge.js
[2026-08-10 22:08:33.428] [error] at Module._resolveFilename (node:internal/modules/cjs/loader:1524:15)
[2026-08-10 22:08:33.429] [error] at wrapResolveFilename (node:internal/modules/cjs/loader:1078:27)
[2026-08-10 22:08:33.430] [error] at defaultResolveImplForCJSLoading (node:internal/modules/cjs/loader:1102:10)
[2026-08-10 22:08:33.430] [error] at resolveForCJSWithHooks (node:internal/modules/cjs/loader:1129:12)
[2026-08-10 22:08:33.431] [error] at Module._load (node:internal/modules/cjs/loader:1301:5)
[2026-08-10 22:08:33.432] [error] at c._load (node:electron/js2c/node_init:2:18060)
[2026-08-10 22:08:33.432] [error] at wrapModuleLoad (node:internal/modules/cjs/loader:262:19)
[2026-08-10 22:08:33.433] [error] at Module.require (node:internal/modules/cjs/loader:1624:12)
[2026-08-10 22:08:33.434] [error] at require (node:internal/modules/helpers:153:16)
[2026-08-10 22:08:33.436] [error] at Object.<anonymous> (C:\Users\김성규\AppData\Local\Programs\haste-client\resources\haste_agent_bridge.js:627:37) {
[2026-08-10 22:08:33.437] [error] code: 'MODULE_NOT_FOUND',
[2026-08-10 22:08:33.438] [error] requireStack: [
[2026-08-10 22:08:33.439] [error] 'C:\\Users\\김성규\\AppData\\Local\\Programs\\haste-client\\resources\\haste_agent_bridge.js'
[2026-08-10 22:08:33.440] [error] ]
[2026-08-10 22:08:33.441] [error] }
[2026-08-10 22:08:33.442] [error] Node.js v24.18.0
[2026-08-10 22:08:38.566] [error] node:internal/modules/cjs/loader:1527
[2026-08-10 22:08:38.566] [error] throw err;
[2026-08-10 22:08:38.567] [error] ^
[2026-08-10 22:08:38.568] [error] Error: Cannot find module 'discord.js'
[2026-08-10 22:08:38.570] [error] Require stack:
[2026-08-10 22:08:38.571] [error] - C:\Users\김성규\AppData\Local\Programs\haste-client\resources\haste_agent_bridge.js
[2026-08-10 22:08:38.571] [error] at Module._resolveFilename (node:internal/modules/cjs/loader:1524:15)
[2026-08-10 22:08:38.572] [error] at wrapResolveFilename (node:internal/modules/cjs/loader:1078:27)
[2026-08-10 22:08:38.573] [error] at defaultResolveImplForCJSLoading (node:internal/modules/cjs/loader:1102:10)
[2026-08-10 22:08:38.574] [error] at resolveForCJSWithHooks (node:internal/modules/cjs/loader:1129:12)
[2026-08-10 22:08:38.574] [error] at Module._load (node:internal/modules/cjs/loader:1301:5)
[2026-08-10 22:08:38.575] [error] at c._load (node:electron/js2c/node_init:2:18060)
[2026-08-10 22:08:38.576] [error] at wrapModuleLoad (node:internal/modules/cjs/loader:262:19)
[2026-08-10 22:08:38.576] [error] at Module.require (node:internal/modules/cjs/loader:1624:12)
[2026-08-10 22:08:38.577] [error] at require (node:internal/modules/helpers:153:16)
[2026-08-10 22:08:38.578] [error] at Object.<anonymous> (C:\Users\김성규\AppData\Local\Programs\haste-client\resources\haste_agent_bridge.js:627:37) {
[2026-08-10 22:08:38.578] [error] code: 'MODULE_NOT_FOUND',
[2026-08-10 22:08:38.579] [error] requireStack: [
[2026-08-10 22:08:38.580] [error] 'C:\\Users\\김성규\\AppData\\Local\\Programs\\haste-client\\resources\\haste_agent_bridge.js'
[2026-08-10 22:08:38.580] [error] ]
[2026-08-10 22:08:38.581] [error] }
[2026-08-10 22:08:38.582] [error] Node.js v24.18.0
[2026-08-10 22:08:43.706] [error] node:internal/modules/cjs/loader:1527
[2026-08-10 22:08:43.707] [error] throw err;
[2026-08-10 22:08:43.708] [error] ^
[2026-08-10 22:08:43.709] [error] Error: Cannot find module 'discord.js'
[2026-08-10 22:08:43.710] [error] Require stack:
[2026-08-10 22:08:43.710] [error] - C:\Users\김성규\AppData\Local\Programs\haste-client\resources\haste_agent_bridge.js
[2026-08-10 22:08:43.711] [error] at Module._resolveFilename (node:internal/modules/cjs/loader:1524:15)
[2026-08-10 22:08:43.712] [error] at wrapResolveFilename (node:internal/modules/cjs/loader:1078:27)
[2026-08-10 22:08:43.712] [error] at defaultResolveImplForCJSLoading (node:internal/modules/cjs/loader:1102:10)
[2026-08-10 22:08:43.713] [error] at resolveForCJSWithHooks (node:internal/modules/cjs/loader:1129:12)
[2026-08-10 22:08:43.714] [error] at Module._load (node:internal/modules/cjs/loader:1301:5)
[2026-08-10 22:08:43.715] [error] at c._load (node:electron/js2c/node_init:2:18060)
[2026-08-10 22:08:43.715] [error] at wrapModuleLoad (node:internal/modules/cjs/loader:262:19)
[2026-08-10 22:08:43.716] [error] at Module.require (node:internal/modules/cjs/loader:1624:12)
[2026-08-10 22:08:43.717] [error] at require (node:internal/modules/helpers:153:16)
[2026-08-10 22:08:43.718] [error] at Object.<anonymous> (C:\Users\김성규\AppData\Local\Programs\haste-client\resources\haste_agent_bridge.js:627:37) {
[2026-08-10 22:08:43.719] [error] code: 'MODULE_NOT_FOUND',
[2026-08-10 22:08:43.720] [error] requireStack: [
[2026-08-10 22:08:43.721] [error] 'C:\\Users\\김성규\\AppData\\Local\\Programs\\haste-client\\resources\\haste_agent_bridge.js'
[2026-08-10 22:08:43.722] [error] ]
[2026-08-10 22:08:43.723] [error] }
[2026-08-10 22:08:43.724] [error] Node.js v24.18.0
[2026-08-10 22:08:48.851] [error] node:internal/modules/cjs/loader:1527
[2026-08-10 22:08:48.852] [error] throw err;
[2026-08-10 22:08:48.853] [error] ^
[2026-08-10 22:08:48.854] [error] Error: Cannot find module 'discord.js'
[2026-08-10 22:08:48.855] [error] Require stack:
[2026-08-10 22:08:48.856] [error] - C:\Users\김성규\AppData\Local\Programs\haste-client\resources\haste_agent_bridge.js
[2026-08-10 22:08:48.856] [error] at Module._resolveFilename (node:internal/modules/cjs/loader:1524:15)
[2026-08-10 22:08:48.857] [error] at wrapResolveFilename (node:internal/modules/cjs/loader:1078:27)
[2026-08-10 22:08:48.858] [error] at defaultResolveImplForCJSLoading (node:internal/modules/cjs/loader:1102:10)
[2026-08-10 22:08:48.858] [error] at resolveForCJSWithHooks (node:internal/modules/cjs/loader:1129:12)
[2026-08-10 22:08:48.859] [error] at Module._load (node:internal/modules/cjs/loader:1301:5)
[2026-08-10 22:08:48.860] [error] at c._load (node:electron/js2c/node_init:2:18060)
[2026-08-10 22:08:48.860] [error] at wrapModuleLoad (node:internal/modules/cjs/loader:262:19)
[2026-08-10 22:08:48.861] [error] at Module.require (node:internal/modules/cjs/loader:1624:12)
[2026-08-10 22:08:48.862] [error] at require (node:internal/modules/helpers:153:16)
[2026-08-10 22:08:48.862] [error] at Object.<anonymous> (C:\Users\김성규\AppData\Local\Programs\haste-client\resources\haste_agent_bridge.js:627:37) {
[2026-08-10 22:08:48.863] [error] code: 'MODULE_NOT_FOUND',
[2026-08-10 22:08:48.864] [error] requireStack: [
[2026-08-10 22:08:48.865] [error] 'C:\\Users\\김성규\\AppData\\Local\\Programs\\haste-client\\resources\\haste_agent_bridge.js'
[2026-08-10 22:08:48.866] [error] ]
[2026-08-10 22:08:48.866] [error] }
[2026-08-10 22:08:48.867] [error] Node.js v24.18.0
[2026-08-10 22:09:20.615] [error] node:internal/modules/cjs/loader:1527
[2026-08-10 22:09:20.617] [error] throw err;
[2026-08-10 22:09:20.618] [error] ^
[2026-08-10 22:09:20.619] [error] Error: Cannot find module 'discord.js'
[2026-08-10 22:09:20.620] [error] Require stack:
[2026-08-10 22:09:20.620] [error] - C:\Users\김성규\AppData\Local\Programs\haste-client\resources\haste_agent_bridge.js
[2026-08-10 22:09:20.621] [error] at Module._resolveFilename (node:internal/modules/cjs/loader:1524:15)
[2026-08-10 22:09:20.622] [error] at wrapResolveFilename (node:internal/modules/cjs/loader:1078:27)
[2026-08-10 22:09:20.623] [error] at defaultResolveImplForCJSLoading (node:internal/modules/cjs/loader:1102:10)
[2026-08-10 22:09:20.624] [error] at resolveForCJSWithHooks (node:internal/modules/cjs/loader:1129:12)
[2026-08-10 22:09:20.625] [error] at Module._load (node:internal/modules/cjs/loader:1301:5)
[2026-08-10 22:09:20.626] [error] at c._load (node:electron/js2c/node_init:2:18060)
[2026-08-10 22:09:20.626] [error] at wrapModuleLoad (node:internal/modules/cjs/loader:262:19)
[2026-08-10 22:09:20.627] [error] at Module.require (node:internal/modules/cjs/loader:1624:12)
[2026-08-10 22:09:20.628] [error] at require (node:internal/modules/helpers:153:16)
[2026-08-10 22:09:20.629] [error] at Object.<anonymous> (C:\Users\김성규\AppData\Local\Programs\haste-client\resources\haste_agent_bridge.js:627:37) {
[2026-08-10 22:09:20.629] [error] code: 'MODULE_NOT_FOUND',
[2026-08-10 22:09:20.631] [error] requireStack: [
[2026-08-10 22:09:20.632] [error] 'C:\\Users\\김성규\\AppData\\Local\\Programs\\haste-client\\resources\\haste_agent_bridge.js'
[2026-08-10 22:09:20.633] [error] ]
[2026-08-10 22:09:20.634] [error] }
[2026-08-10 22:09:20.636] [error] Node.js v24.18.0