[2026-09-22 16:17:16.782] [info]  [TOSS RAW ORDER] orderId=757500663104926582, items=[{"name":"아메리카노","productNo":"17413461","options":[{"optionCode":"1826174","optionName":"ICE","price":0,"quantity":1},{"optionCode":"1826006","optionName":"연하게","price":0,"quantity":1}]}]
[2026-09-22 16:17:16.792] [info]  [TOSS ITEM RESOLVED] orderId=757500663104926582, item="아메리카노" (17413461) | rawOptions=[{"optionCode":"1826174","optionName":"ICE","price":0,"quantity":1},{"optionCode":"1826006","optionName":"연하게","price":0,"quantity":1}] ➔ resolved="ICE 아메리카노 (시그니처) (연하게)" (GSI1001) steps={"step1":["CUP","ICE"],"step2":["COFFEE","30"],"step3":["ICE","5000"],"step4":["COLD","150"]}
[2026-09-22 16:18:38.435] [info]  [toss] event=order.completed status=success source=toss virtual=off mode=order orderId=757500663104926582 bill=757500663104926582 menuCount=1
[2026-09-22 16:21:47.015] [info]  [TOSS RAW ORDER] orderId=757501809001363097, items=[{"name":"초코라떼","productNo":"17413496","options":[{"optionCode":"1826174","optionName":"ICE","price":0,"quantity":1}]},{"name":"레몬에이드","productNo":"17413545","options":[]},{"name":"복숭아티","productNo":"17413526","options":[{"optionCode":"1826174","optionName":"ICE","price":0,"quantity":1}]}]
[2026-09-22 16:21:47.021] [info]  [TOSS ITEM RESOLVED] orderId=757501809001363097, item="초코라떼" (17413496) | rawOptions=[{"optionCode":"1826174","optionName":"ICE","price":0,"quantity":1}] ➔ resolved="ICE 초코라떼" (GMI3006) steps={"step1":["CUP","ICE"],"step2":["ICE","5000"],"step3":["COLD_MILK","160"],"step4":["초코","60"]}
[2026-09-22 16:21:47.027] [info]  [TOSS ITEM RESOLVED] orderId=757501809001363097, item="레몬에이드" (17413545) | rawOptions=[] ➔ resolved="ICE 레몬에이드" (GAI4000) steps={"step1":["CUP","ICE"],"step2":["ICE","5000"],"step3":["SPARKLE","160"],"step4":["레몬","50"]}
[2026-09-22 16:21:47.032] [info]  [TOSS ITEM RESOLVED] orderId=757501809001363097, item="복숭아티" (17413526) | rawOptions=[{"optionCode":"1826174","optionName":"ICE","price":0,"quantity":1}] ➔ resolved="ICE 복숭아티" (GTI5000) steps={"step1":["CUP","ICE"],"step2":["ICE","5000"],"step3":["COLD","130"],"step4":["복숭아","40"],"step5":["얼그레이","10"]}
[2026-09-22 16:22:33.917] [info]  [toss] event=order.completed status=success source=toss virtual=off mode=order orderId=757501809001363097 bill=757501809001363097 menuCount=2
[2026-09-22 16:23:41.189] [info]  [TOSS RAW ORDER] orderId=757502289035258230, items=[{"name":"레몬차","productNo":"17413528","options":[{"optionCode":"1826174","optionName":"ICE","price":0,"quantity":1}]}]
[2026-09-22 16:23:41.193] [info]  [TOSS ITEM RESOLVED] orderId=757502289035258230, item="레몬차" (17413528) | rawOptions=[{"optionCode":"1826174","optionName":"ICE","price":0,"quantity":1}] ➔ resolved="ICE 레몬차" (GTI5002) steps={"step1":["CUP","ICE"],"step2":["ICE","5000"],"step3":["COLD","110"],"step4":["레몬","60"],"step5":["설탕","10"]}
[2026-09-22 16:24:04.319] [info]  [toss] event=order.completed status=success source=toss virtual=off mode=order orderId=757502289035258230 bill=757502289035258230 menuCount=1
[2026-09-22 16:27:05.097] [info]  [TOSS RAW ORDER] orderId=757503146048992413, items=[{"name":"복숭아티","productNo":"17413526","options":[{"optionCode":"1826174","optionName":"ICE","price":0,"quantity":1}]}]
[2026-09-22 16:27:05.101] [info]  [TOSS ITEM RESOLVED] orderId=757503146048992413, item="복숭아티" (17413526) | rawOptions=[{"optionCode":"1826174","optionName":"ICE","price":0,"quantity":1}] ➔ resolved="ICE 복숭아티" (GTI5000) steps={"step1":["CUP","ICE"],"step2":["ICE","5000"],"step3":["COLD","130"],"step4":["복숭아","40"],"step5":["얼그레이","10"]}
[2026-09-22 16:27:05.116] [info]  [toss] event=order.completed status=success source=toss virtual=on mode=order orderId=757503146048992413 bill=757503146048992413 menuCount=0
[2026-09-22 16:27:30.584] [info]  [TOSS RAW ORDER] orderId=757503230715220259, items=[{"name":"아샷추","productNo":"17413463","options":[]}]
[2026-09-22 16:27:30.597] [info]  [TOSS ITEM RESOLVED] orderId=757503230715220259, item="아샷추" (17413463) | rawOptions=[] ➔ resolved="ICE 아샷추 (시그니처)" (GSI1003) steps={"step1":["CUP","ICE"],"step2":["COFFEE","30"],"step3":["ICE",5000],"step4":["COLD",95],"step5":["복숭아","45"]}
[2026-09-22 16:30:35.509] [error] [toss] event=order.failed status=failed stage=HARDWARE source=toss virtual=off mode=order orderId=757503230715220259 bill=757503230715220259 menuCount=1 error=HW물리검증_실패:_Timeout_has_occurred
[2026-09-22 20:50:03.237] [info]  [TOSS RAW ORDER] orderId=757569245952190319, items=[{"name":"아메리카노","productNo":"17413461","options":[{"optionCode":"1825938","optionName":"HOT","price":0,"quantity":1}]}]
[2026-09-22 20:50:03.252] [info]  [TOSS ITEM RESOLVED] orderId=757569245952190319, item="아메리카노" (17413461) | rawOptions=[{"optionCode":"1825938","optionName":"HOT","price":0,"quantity":1}] ➔ resolved="HOT 아메리카노 (시그니처)" (GSH1002) steps={"step1":["CUP","HOT"],"step2":["COFFEE","60"],"step3":["HOT","280"]}
[2026-09-22 20:52:02.346] [info]  [toss] event=order.completed status=success source=toss virtual=off mode=order orderId=757569245952190319 bill=757569245952190319 menuCount=2
[2026-09-22 22:05:30.078] [info]  [TOSS RAW ORDER] orderId=757588312352202768, items=[{"name":"카페라떼","productNo":"17413467","options":[{"optionCode":"1826174","optionName":"ICE","price":0,"quantity":1}]}]
[2026-09-22 22:05:30.085] [info]  [TOSS ITEM RESOLVED] orderId=757588312352202768, item="카페라떼" (17413467) | rawOptions=[{"optionCode":"1826174","optionName":"ICE","price":0,"quantity":1}] ➔ resolved="ICE 카페라떼 (시그니처)" (GSI2001) steps={"step1":["CUP","ICE"],"step2":["COFFEE","60"],"step3":["ICE","5000"],"step4":["COLD_MILK","140"]}
[2026-09-22 22:06:57.375] [info]  [toss] event=order.completed status=success source=toss virtual=off mode=order orderId=757588312352202768 bill=757588312352202768 menuCount=1
[2026-09-22 22:10:47.936] [info]  [TOSS RAW ORDER] orderId=757589643611717529, items=[{"name":"아메리카노","productNo":"17413461","options":[{"optionCode":"1826174","optionName":"ICE","price":0,"quantity":1},{"optionCode":"1826008","optionName":"설탕","price":300,"quantity":1}]}]
[2026-09-22 22:10:47.947] [info]  [TOSS ITEM RESOLVED] orderId=757589643611717529, item="아메리카노" (17413461) | rawOptions=[{"optionCode":"1826174","optionName":"ICE","price":0,"quantity":1},{"optionCode":"1826008","optionName":"설탕","price":300,"quantity":1}] ➔ resolved="ICE 아메리카노 (시그니처) (설탕)" (GSI1007) steps={"step1":["CUP","ICE"],"step2":["COFFEE","60"],"step3":["ICE","5000"],"step4":["COLD","100"],"step5":["설탕","20"]}
[2026-09-22 22:11:54.359] [info]  [toss] event=order.completed status=success source=toss virtual=off mode=order orderId=757589643611717529 bill=757589643611717529 menuCount=1
[2026-09-22 23:01:30.244] [info]  [TOSS RAW ORDER] orderId=757602380630836785, items=[{"name":"레몬에이드","productNo":"17413545","options":[]}]
[2026-09-22 23:01:30.252] [info]  [TOSS ITEM RESOLVED] orderId=757602380630836785, item="레몬에이드" (17413545) | rawOptions=[] ➔ resolved="ICE 레몬에이드" (GAI4000) steps={"step1":["CUP","ICE"],"step2":["ICE","5000"],"step3":["SPARKLE","160"],"step4":["레몬","50"]}
[2026-09-22 23:02:01.273] [info]  [toss] event=order.completed status=success source=toss virtual=off mode=order orderId=757602380630836785 bill=757602380630836785 menuCount=1
[2026-09-22 23:05:15.739] [info]  [TOSS RAW ORDER] orderId=757603340753169225, items=[{"name":"자두에이드","productNo":"17413552","options":[]}]
[2026-09-22 23:05:15.761] [info]  [TOSS ITEM RESOLVED] orderId=757603340753169225, item="자두에이드" (17413552) | rawOptions=[] ➔ resolved="ICE 자두에이드" (GAI4007) steps={"step1":["CUP","ICE"],"step2":["ICE",5200],"step3":["SPARKLE",161],"step4":["자두","55"]}
[2026-09-22 23:05:37.027] [info]  [toss] event=order.completed status=success source=toss virtual=off mode=order orderId=757603340753169225 bill=757603340753169225 menuCount=1