[2026-08-30 00:00:24.652] [debug] [task] [task] event=maintenance.enqueue status=ignored reason=sales_open routine=temperature trigger=scheduled
[2026-08-30 00:00:24.665] [debug] [task] [task] event=maintenance.routine status=ignored reason=sales_open routine=temperature trigger=scheduled
[2026-08-30 00:10:24.630] [debug] [task] [task] event=maintenance.enqueue status=ignored reason=sales_open routine=wmf_error trigger=scheduled
[2026-08-30 00:10:24.633] [debug] [task] [task] event=maintenance.routine status=ignored reason=sales_open routine=wmf_error trigger=scheduled
[2026-08-30 00:10:24.635] [debug] [task] [task] event=maintenance.enqueue status=ignored reason=sales_open routine=ice_maker trigger=scheduled
[2026-08-30 00:10:24.644] [debug] [task] [task] event=maintenance.routine status=ignored reason=sales_open routine=ice_maker trigger=scheduled
[2026-08-30 00:10:24.657] [debug] [task] [task] event=maintenance.enqueue status=ignored reason=sales_open routine=temperature trigger=scheduled
[2026-08-30 00:10:24.660] [debug] [task] [task] event=maintenance.routine status=ignored reason=sales_open routine=temperature trigger=scheduled
[2026-08-30 00:20:24.669] [debug] [task] [task] event=maintenance.enqueue status=ignored reason=sales_open routine=temperature trigger=scheduled
[2026-08-30 00:20:24.681] [debug] [task] [task] event=maintenance.routine status=ignored reason=sales_open routine=temperature trigger=scheduled
[2026-08-30 00:30:24.671] [debug] [task] [task] event=maintenance.enqueue status=ignored reason=sales_open routine=temperature trigger=scheduled
[2026-08-30 00:30:24.677] [debug] [task] [task] event=maintenance.routine status=ignored reason=sales_open routine=temperature trigger=scheduled
[2026-08-30 00:40:24.635] [debug] [task] [task] event=maintenance.enqueue status=ignored reason=sales_open routine=wmf_error trigger=scheduled
[2026-08-30 00:40:24.642] [debug] [task] [task] event=maintenance.routine status=ignored reason=sales_open routine=wmf_error trigger=scheduled
[2026-08-30 00:40:24.662] [debug] [task] [task] event=maintenance.enqueue status=ignored reason=sales_open routine=ice_maker trigger=scheduled
[2026-08-30 00:40:24.663] [debug] [task] [task] event=maintenance.routine status=ignored reason=sales_open routine=ice_maker trigger=scheduled
[2026-08-30 00:40:24.671] [debug] [task] [task] event=maintenance.enqueue status=ignored reason=sales_open routine=temperature trigger=scheduled
[2026-08-30 00:40:24.695] [debug] [task] [task] event=maintenance.routine status=ignored reason=sales_open routine=temperature trigger=scheduled
[2026-08-30 00:50:24.685] [debug] [task] [task] event=maintenance.enqueue status=ignored reason=sales_open routine=temperature trigger=scheduled
[2026-08-30 00:50:24.694] [debug] [task] [task] event=maintenance.routine status=ignored reason=sales_open routine=temperature trigger=scheduled
[2026-08-30 01:00:24.698] [debug] [task] [task] event=maintenance.enqueue status=ignored reason=sales_open routine=temperature trigger=scheduled
[2026-08-30 01:00:24.714] [debug] [task] [task] event=maintenance.routine status=ignored reason=sales_open routine=temperature trigger=scheduled
[2026-08-30 01:10:24.643] [debug] [task] [task] event=maintenance.enqueue status=ignored reason=sales_open routine=wmf_error trigger=scheduled
[2026-08-30 01:10:24.647] [debug] [task] [task] event=maintenance.routine status=ignored reason=sales_open routine=wmf_error trigger=scheduled
[2026-08-30 01:10:24.676] [debug] [task] [task] event=maintenance.enqueue status=ignored reason=sales_open routine=ice_maker trigger=scheduled
[2026-08-30 01:10:24.687] [debug] [task] [task] event=maintenance.routine status=ignored reason=sales_open routine=ice_maker trigger=scheduled
[2026-08-30 01:10:24.706] [debug] [task] [task] event=maintenance.enqueue status=ignored reason=sales_open routine=temperature trigger=scheduled
[2026-08-30 01:10:24.711] [debug] [task] [task] event=maintenance.routine status=ignored reason=sales_open routine=temperature trigger=scheduled
[2026-08-30 01:20:24.709] [debug] [task] [task] event=maintenance.enqueue status=ignored reason=sales_open routine=temperature trigger=scheduled
[2026-08-30 01:20:24.714] [debug] [task] [task] event=maintenance.routine status=ignored reason=sales_open routine=temperature trigger=scheduled
[2026-08-30 01:30:24.719] [debug] [task] [task] event=maintenance.enqueue status=ignored reason=sales_open routine=temperature trigger=scheduled
[2026-08-30 01:30:24.721] [debug] [task] [task] event=maintenance.routine status=ignored reason=sales_open routine=temperature trigger=scheduled
[2026-08-30 01:31:45.378] [debug] [task] [task] event=maintenance.enqueue status=ignored reason=sales_open routine=foamer trigger=scheduled
[2026-08-30 01:31:45.380] [debug] [task] [task] event=maintenance.routine status=ignored reason=sales_open routine=foamer trigger=scheduled
[2026-08-30 01:40:24.654] [debug] [task] [task] event=maintenance.enqueue status=ignored reason=sales_open routine=wmf_error trigger=scheduled
[2026-08-30 01:40:24.664] [debug] [task] [task] event=maintenance.routine status=ignored reason=sales_open routine=wmf_error trigger=scheduled
[2026-08-30 01:40:24.685] [debug] [task] [task] event=maintenance.enqueue status=ignored reason=sales_open routine=ice_maker trigger=scheduled
[2026-08-30 01:40:24.703] [debug] [task] [task] event=maintenance.routine status=ignored reason=sales_open routine=ice_maker trigger=scheduled
[2026-08-30 01:40:24.731] [debug] [task] [task] event=maintenance.enqueue status=ignored reason=sales_open routine=temperature trigger=scheduled
[2026-08-30 01:40:24.769] [debug] [task] [task] event=maintenance.routine status=ignored reason=sales_open routine=temperature trigger=scheduled
[2026-08-30 01:47:31.676] [info]  [HASTE DB Save] Settings category "menu" has been updated and saved to SQLite successfully.
[2026-08-30 01:47:31.743] [info]  [HASTE DB Save] Settings category "menu" has been updated and saved to SQLite successfully.
[2026-08-30 01:47:31.821] [info]  [HASTE DB Save] Settings category "menu" has been updated and saved to SQLite successfully.
[2026-08-30 01:47:31.833] [info]  [HASTE DB Save] Settings category "menu" has been updated and saved to SQLite successfully.
[2026-08-30 01:47:31.871] [info]  [HASTE DB Save] Settings category "inventory" has been updated and saved to SQLite successfully.
[2026-08-30 01:47:32.011] [info]  [HASTE DB Save] Settings category "information" has been updated and saved to SQLite successfully.
[2026-08-30 01:47:32.019] [info]  [HASTE DB Save] Settings category "information" has been updated and saved to SQLite successfully.
[2026-08-30 01:47:32.035] [info]  [HASTE DB Save] Settings category "information" has been updated and saved to SQLite successfully.
[2026-08-30 01:47:32.476] [info]  [HASTE DB Save] Settings category "information" has been updated and saved to SQLite successfully.
[2026-08-30 01:47:32.766] [info]  [HASTE DB Save] Settings category "information" has been updated and saved to SQLite successfully.
[2026-08-30 01:47:43.204] [info]  [HASTE DB Save] Settings category "menu" has been updated and saved to SQLite successfully.
[2026-08-30 01:47:43.358] [info]  [HASTE DB Save] Settings category "inventory" has been updated and saved to SQLite successfully.
[2026-08-30 01:47:43.428] [info]  [HASTE DB Save] Settings category "information" has been updated and saved to SQLite successfully.
[2026-08-30 01:47:43.468] [info]  [HASTE DB Save] Settings category "information" has been updated and saved to SQLite successfully.
[2026-08-30 01:47:43.472] [info]  [HASTE DB Save] Settings category "information" has been updated and saved to SQLite successfully.
[2026-08-30 01:47:43.818] [info]  [HASTE DB Save] Settings category "information" has been updated and saved to SQLite successfully.
[2026-08-30 01:47:44.081] [info]  [HASTE DB Save] Settings category "information" has been updated and saved to SQLite successfully.
[2026-08-30 01:50:24.739] [debug] [task] [task] event=maintenance.enqueue status=ignored reason=sales_open routine=temperature trigger=scheduled
[2026-08-30 01:50:24.745] [debug] [task] [task] event=maintenance.routine status=ignored reason=sales_open routine=temperature trigger=scheduled
[2026-08-30 02:00:24.751] [debug] [task] [task] event=maintenance.enqueue status=ignored reason=sales_open routine=temperature trigger=scheduled
[2026-08-30 02:00:24.753] [debug] [task] [task] event=maintenance.routine status=ignored reason=sales_open routine=temperature trigger=scheduled
[2026-08-30 02:10:24.662] [debug] [task] [task] event=maintenance.enqueue status=ignored reason=sales_open routine=wmf_error trigger=scheduled
[2026-08-30 02:10:24.703] [debug] [task] [task] event=maintenance.routine status=ignored reason=sales_open routine=wmf_error trigger=scheduled
[2026-08-30 02:10:24.707] [debug] [task] [task] event=maintenance.enqueue status=ignored reason=sales_open routine=ice_maker trigger=scheduled
[2026-08-30 02:10:24.714] [debug] [task] [task] event=maintenance.routine status=ignored reason=sales_open routine=ice_maker trigger=scheduled
[2026-08-30 02:10:24.756] [debug] [task] [task] event=maintenance.enqueue status=ignored reason=sales_open routine=temperature trigger=scheduled
[2026-08-30 02:10:24.804] [debug] [task] [task] event=maintenance.routine status=ignored reason=sales_open routine=temperature trigger=scheduled
[2026-08-30 02:19:04.367] [info]  [task] [HASTE Remote Hotpatch] Downloading ASAR from: https://github.com/rst9374-tech/haste_client_version/releases/download/v3.3.0r123/hasteai_client_v3.3.0r123.asar
[2026-08-30 02:19:13.521] [info]  [task] [HASTE Remote Hotpatch] PS1 script written: C:\Users\COFFEE~1\AppData\Local\Temp\haste_remote_patch_1788023953520.ps1
[2026-08-30 02:19:14.559] [info]  [HASTE Shutdown] Releasing all serial ports...
[2026-08-30 02:19:14.584] [info]  [app] event=app.shutdown status=started
[2026-08-30 02:19:14.798] [debug] [serialport] [serialport] event=serialport.close status=success boardName=board2 port=COM7
[2026-08-30 02:19:14.812] [debug] [serialport] [serialport] event=serialport.close status=success boardName=board1 port=COM6
[2026-08-30 02:19:16.456] [info]  [HASTE DB Load] Loaded settings from SQLite database successfully. StoreName: "헤이스트 김포운양역점", StoreNo: "3412109495", ThemeMode: "Light", isKioskDryRun: "false"
[2026-08-30 02:19:16.964] [info]  [app] event=app.startup status=started appVersion=3.3.0r123 packaged=true
[2026-08-30 02:19:16.985] [info]  [HASTE Media Sync] Synchronized 0 DID media files from ASAR to external resources.
[2026-08-30 02:19:17.079] [info]  [app] event=app.window status=success
[2026-08-30 02:19:17.107] [info]  [app] event=app.tray status=success
[2026-08-30 02:19:17.108] [info]  [app] event=updater.check status=ignored reason=store_managed_distribution
[2026-08-30 02:19:17.113] [info]  [app] event=app.ipc status=success
[2026-08-30 02:19:17.236] [info]  [app] event=task.start status=success
[2026-08-30 02:19:17.238] [debug] [api] [api] event=settings.change status=success port=8080 posStoreNo=3412109495 deviceModelId=D0000
[2026-08-30 02:19:17.242] [info]  [api] [HASTE] Found SSL Certificates at: C:\Users\CoffeeVanada\AppData\Local\haste_client3.3\resources\resources
[2026-08-30 02:19:17.244] [info]  [api] [HASTE] Started HTTP Hono Server on port 8080 (Toss Place HTTP Mode).
[2026-08-30 02:19:17.247] [info]  [api] [HASTE] Started HTTPS Hono Server on port 8443 (Toss Kiosk Mode).
[2026-08-30 02:19:17.248] [debug] [api] [api] event=api.server status=success port=8080 host=0.0.0.0
[2026-08-30 02:19:17.249] [debug] [coffee] [coffee] event=settings.change status=success field=thirdpartyType value=Lilly_(WMF)
[2026-08-30 02:19:17.252] [debug] [coffee] [coffee] event=coffee.socket status=started transport=ws machineName=WMF model=Lilly_(WMF) ip=192.168.10.99 port=25000
[2026-08-30 02:19:17.259] [debug] [coffee] [coffee] event=temperature.change status=success
[2026-08-30 02:19:17.261] [debug] [api] [api] event=did.callback status=ignored reason=local_did_not_open screen=temperature
[2026-08-30 02:19:17.266] [info]  [HASTE DB Save] Settings category "inventory" has been updated and saved to SQLite successfully.
[2026-08-30 02:19:17.268] [info]  [HASTE DB Save] Settings category "inventory" has been updated and saved to SQLite successfully.
[2026-08-30 02:19:17.269] [info]  [serialport] [serialport] event=serialport.connect status=started scope=all
[2026-08-30 02:19:17.272] [info]  [HASTE DB Save] Settings category "inventory" has been updated and saved to SQLite successfully.
[2026-08-30 02:19:17.274] [info]  [HASTE DB Save] Settings category "inventory" has been updated and saved to SQLite successfully.
[2026-08-30 02:19:17.275] [debug] [api] [HASTE Theme Sync] Applied local UI theme: isDark=false
[2026-08-30 02:19:17.277] [debug] [api] [api] event=did.callback status=started target=local screen=/ reason=local_api_down
[2026-08-30 02:19:17.280] [info]  [app] event=app.startup status=success message="subscriptions registered"
[2026-08-30 02:19:17.281] [debug] [task] [task] event=scheduler.change status=success routine=FOAMER_RINSING intervalSec=6000 normalizedIntervalSec=6000
[2026-08-30 02:19:17.283] [debug] [task] [task] event=scheduler.change status=success routine=WARM_RINSING intervalSec=0 normalizedIntervalSec=0
[2026-08-30 02:19:17.284] [debug] [task] [task] event=scheduler.change status=success routine=MIXER_RINSING intervalSec=0 normalizedIntervalSec=0
[2026-08-30 02:19:17.285] [debug] [task] [task] event=scheduler.change status=success routine=ERROR_CHECK intervalSec=1800 normalizedIntervalSec=1800
[2026-08-30 02:19:17.286] [debug] [task] [task] event=scheduler.change status=success routine=ICE_MAKER intervalSec=1800 normalizedIntervalSec=1800
[2026-08-30 02:19:17.287] [debug] [task] [task] event=scheduler.change status=success routine=TEMP_CHECK intervalSec=600 normalizedIntervalSec=600
[2026-08-30 02:19:17.288] [debug] [app] event=scheduler.change status=success routine=license.verify intervalSec=86400
[2026-08-30 02:19:17.288] [info]  [app] event=app.startup status=success message="schedulers registered"
[2026-08-30 02:19:17.290] [info]  [HASTE Guard] enableHasteAgent is false (OFF). Skipping agent bot launch.
[2026-08-30 02:19:17.318] [debug] [coffee] [coffee] event=coffee.socket status=success transport=ws machineName=WMF action=connected
[2026-08-30 02:19:17.336] [debug] [coffee] [coffee] event=hardware.response status=success machineName=Lilly_(WMF) command=getApiVersion returnvalue=40501
[2026-08-30 02:19:17.338] [debug] [api] [HASTE DevTools Sync] Current window DevTools opened state: false, Target state: false
[2026-08-30 02:19:17.598] [debug] [serialport] [serialport] event=serialport.connect status=success boardName=board1 port=COM6
[2026-08-30 02:19:17.609] [debug] [api] [api] event=did.callback status=started target=local screen=main
[2026-08-30 02:19:17.610] [debug] [serialport] [serialport] event=serialport.connect status=success boardName=board2 port=COM7
[2026-08-30 02:19:17.636] [info]  [HASTE DB Save] Settings category "information" has been updated and saved to SQLite successfully.
[2026-08-30 02:19:17.662] [info]  [HASTE DB Save] Settings category "information" has been updated and saved to SQLite successfully.
[2026-08-30 02:19:17.662] [info]  [app] event=license.verify status=success state=approved storeId=3412109495
[2026-08-30 02:19:17.731] [debug] [serialport] [serialport] event=serialport.packet status=success boardName=board1 length=24 message="bytearray(b'\\x020A1DCP0201A00101A10344\\x03')"
[2026-08-30 02:19:17.838] [debug] [coffee] [coffee] event=hardware.response status=success machineName=Lilly_(WMF) command=getDiagnosticData returnvalue=0
[2026-08-30 02:19:17.839] [debug] [coffee] [coffee] event=temperature.change status=success value=96
[2026-08-30 02:19:17.840] [debug] [api] [api] event=did.callback status=ignored reason=local_did_not_open screen=temperature
[2026-08-30 02:19:18.067] [debug] [serialport] [serialport] event=serialport.packet status=success boardName=board1 length=24 message="bytearray(b'\\x020A1DPC0200A00101A00342\\x03')"
[2026-08-30 02:19:18.068] [debug] [serialport] [serialport] event=serialport.packet.parse status=success boardName=board1 message="{\"isValidStx\":true,\"isValidEtx\":true,\"isValidDst\":true,\"isValidSrc\":true,\"isValidLength\":true,\"fnc\":\"1\",\"act\":\"D\",\"data\":{\"0\":48,\"1\":50,\"2\":48,\"3\":48,\"4\":65,\"5\":48,\"6\":48,\"7\":49,\"8\":48,\"9\":49,\"10\":65,\"11\":48,\"12\":48,\"13\":51,\"14\":52},\"values\":[\"02\",\"00\",\"A0\",\"01\",\"01\",\"A0\",\"03\"],\"part\":{},\"isValidChecksum\":true}"
[2026-08-30 02:19:19.152] [debug] [coffee] [coffee] event=hardware.response status=success machineName=Lilly_(WMF) command=getMachineInfo returnvalue=0
[2026-08-30 02:19:25.038] [debug] [task] [app] event=did.open status=success reason=electron_window_remote_webview_monitor url=http://127.0.0.1:8080/promo
[2026-08-30 02:19:25.039] [debug] [api] [HASTE Theme Sync] Applied local UI theme: isDark=false
[2026-08-30 02:19:25.043] [info]  [HASTE DB Save] Settings category "information" has been updated and saved to SQLite successfully.
[2026-08-30 02:19:25.094] [debug] [api] [HASTE DevTools Sync] Current window DevTools opened state: false, Target state: false
[2026-08-30 02:19:26.204] [debug] [task] [app] event=did.open status=success reason=electron_window_local_webview_monitor url=http://127.0.0.1:8080/did/index.html?clientId=A8%3AA1%3A59%3ADD%3A64%3A66
[2026-08-30 02:19:26.206] [debug] [api] [HASTE Theme Sync] Applied local UI theme: isDark=false
[2026-08-30 02:19:26.210] [info]  [HASTE DB Save] Settings category "information" has been updated and saved to SQLite successfully.
[2026-08-30 02:19:26.264] [debug] [api] [HASTE DevTools Sync] Current window DevTools opened state: false, Target state: false
[2026-08-30 02:19:31.358] [info]  [task] [HASTE Google Sheet Sync] Synchronizing latest SOT directly from Google Sheets...
[2026-08-30 02:19:32.382] [info]  [task] [HASTE Google Sheet Sync] ✅ 실시간 파싱 무결성 100% 검증 통과! (총 794개 레시피, 커피 556개 펄스 정상)
[2026-08-30 02:19:32.385] [info]  [task] [HASTE IPC] Executing executeApplyStandardRecipes (Store Environment Optimized SOT)...
[2026-08-30 02:19:32.399] [info]  [HASTE DB Save] Settings category "menu" has been updated and saved to SQLite successfully.
[2026-08-30 02:19:32.401] [info]  [HASTE DB Save] Settings category "menu" has been updated and saved to SQLite successfully.
[2026-08-30 02:19:32.407] [info]  [HASTE DB Load] Loaded settings from SQLite database successfully. StoreName: "헤이스트 김포운양역점", StoreNo: "3412109495", ThemeMode: "Light", isKioskDryRun: "false"
[2026-08-30 02:19:32.411] [info]  [HASTE DB Reload] Reloaded settingsStore in-memory cache with fresh DB values.
[2026-08-30 02:19:32.412] [info]  [task] [HASTE SOT] Successfully injected standard recipes. Total: 255.
[2026-08-30 02:19:32.413] [warn]  [task] [HASTE SOT] Kiosk DB sync notice: table menu_item has no column named is_option
[2026-08-30 02:19:32.424] [info]  [HASTE DB Load] Loaded settings from SQLite database successfully. StoreName: "헤이스트 김포운양역점", StoreNo: "3412109495", ThemeMode: "Light", isKioskDryRun: "false"
[2026-08-30 02:19:32.426] [info]  [HASTE DB Reload] Reloaded settingsStore in-memory cache with fresh DB values.
[2026-08-30 02:19:32.427] [info]  [task] [HASTE Google Sheet Sync] Live sync & local DB injection completed successfully!
[2026-08-30 02:19:32.764] [info]  [HASTE DB Save] Settings category "information" has been updated and saved to SQLite successfully.
[2026-08-30 02:19:32.766] [info]  [HASTE DB Save] Settings category "information" has been updated and saved to SQLite successfully.
[2026-08-30 02:19:32.767] [info]  [HASTE DB Save] Settings category "information" has been updated and saved to SQLite successfully.