[2026-08-27 01:11:16.190] [info]  [toss] event=order.completed status=success source=toss virtual=on mode=order orderId=747850622625487737 bill=747850622625487737 menuCount=0
[2026-08-27 04:17:03.536] [info]  [toss] event=order.completed status=success source=toss virtual=off mode=order orderId=747897002710647861 bill=747897002710647861 menuCount=2
[2026-08-27 05:58:06.515] [info]  [toss] event=order.completed status=success source=toss virtual=off mode=order orderId=747922624593905542 bill=747922624593905542 menuCount=1
[2026-08-27 12:56:50.775] [info]  [toss] event=order.completed status=success source=toss virtual=off mode=order orderId=748028033958777059 bill=748028033958777059 menuCount=1
[2026-08-27 15:14:11.317] [info]  [toss] event=order.completed status=success source=toss virtual=off mode=order orderId=748062316584906047 bill=748062316584906047 menuCount=1
[2026-08-27 19:26:21.672] [error] [toss] event=order.failed status=failed stage=HARDWARE source=toss virtual=off mode=order orderId=748125097476611297 bill=748125097476611297 menuCount=4 error=HW물리검증_실패:_Timeout_has_occurred
[2026-08-27 19:54:53.055] [info]  [toss] event=order.completed status=success source=toss virtual=on mode=order orderId=748133392589372137 bill=748133392589372137 menuCount=0
[2026-08-27 20:13:00.066] [info]  [toss] event=order.completed status=success source=toss virtual=off mode=order orderId=748137774089376020 bill=748137774089376020 menuCount=2
[2026-08-27 20:14:27.307] [info]  [toss] event=order.completed status=success source=toss virtual=off mode=order orderId=748138175211608982 bill=748138175211608982 menuCount=1
[2026-08-27 20:17:11.105] [info]  [toss] event=order.completed status=success source=toss virtual=on mode=order orderId=748139005457338631 bill=748139005457338631 menuCount=0
[2026-08-27 20:59:42.675] [info]  [toss] event=order.completed status=success source=toss virtual=off mode=order orderId=748149538231261676 bill=748149538231261676 menuCount=1
[2026-08-27 21:05:15.487] [info]  [toss] event=order.completed status=success source=toss virtual=off mode=order orderId=748150932212391116 bill=748150932212391116 menuCount=1
[2026-08-27 21:06:28.901] [info]  [toss] event=order.completed status=success source=toss virtual=off mode=order orderId=748151243668831464 bill=748151243668831464 menuCount=1
[2026-08-27 21:36:31.387] [info]  [toss] event=order.completed status=success source=toss virtual=off mode=order orderId=748158634418355882 bill=748158634418355882 menuCount=2
[2026-08-27 21:39:18.885] [info]  [toss] event=order.completed status=success source=toss virtual=off mode=order orderId=748159530191657411 bill=748159530191657411 menuCount=1
[2026-08-27 21:53:20.949] [info]  [toss] event=order.completed status=success source=toss virtual=off mode=order orderId=748163008158873524 bill=748163008158873524 menuCount=1
[2026-08-27 22:11:16.176] [info]  [toss] event=order.completed status=success source=toss virtual=on mode=order orderId=748167716982332225 bill=748167716982332225 menuCount=0
[2026-08-27 22:19:35.552] [info]  [toss] event=order.completed status=success source=toss virtual=off mode=order orderId=748169750913598832 bill=748169750913598832 menuCount=1
[2026-08-27 22:24:01.365] [info]  [toss] event=order.completed status=success source=toss virtual=off mode=order orderId=748170693226912708 bill=748170693226912708 menuCount=1
[2026-08-27 22:29:16.882] [info]  [manual] event=order.received status=success source=manual virtual=off mode=test orderId=INSTANT-1787837356553 bill=0000 menuCount=1 mappings=[{"baseCode":"MDI1002","recipeCode":"MDI1002","matchedMenuName":"ICED_아메리카노(다크시그니처)","stepsSummary":"CUP:ICE,_COFFEE:45,_ICE:5700,_COLD:170,_NONE:NONE,_NONE:NONE,_NONE:NONE,_NONE:NONE,_NONE:NONE,_NONE:NONE"}] isTestBrew=true
[2026-08-27 22:29:54.174] [info]  [manual] event=order.completed status=success source=manual virtual=off mode=test orderId=INSTANT-1787837356553 bill=0000 menuCount=1
[2026-08-27 22:40:00.779] [info]  [toss] event=order.completed status=success source=toss virtual=off mode=order orderId=748174332523813074 bill=748174332523813074 menuCount=4
[2026-08-27 23:16:15.278] [info]  [toss] event=order.completed status=success source=toss virtual=off mode=order orderId=748183718944153202 bill=748183718944153202 menuCount=1
[2026-08-27 23:16:48.904] [info]  [manual] event=order.received status=success source=manual virtual=off mode=test orderId=INSTANT-1787840208514 bill=0000 menuCount=1 mappings=[{"baseCode":"MDI1002","recipeCode":"MDI1002","matchedMenuName":"ICED_아메리카노(다크시그니처)","stepsSummary":"CUP:ICE,_COFFEE:45,_ICE:5700,_COLD:170,_NONE:NONE,_NONE:NONE,_NONE:NONE,_NONE:NONE,_NONE:NONE,_NONE:NONE"}] isTestBrew=true
[2026-08-27 23:17:31.244] [info]  [manual] event=order.completed status=success source=manual virtual=off mode=test orderId=INSTANT-1787840208514 bill=0000 menuCount=1
[2026-08-27 23:19:50.762] [info]  [toss] event=order.completed status=success source=toss virtual=off mode=order orderId=748184719898039560 bill=748184719898039560 menuCount=1