[2026-09-23 00:11:17.794] [info]  [TOSS RAW ORDER] orderId=757619967955673249, items=[{"name":"아메리카노","productNo":"16702755","options":[{"optionCode":"1759895","optionName":"ICE","price":0,"quantity":1}]}]
[2026-09-23 00:11:17.820] [info]  [TOSS ITEM RESOLVED] orderId=757619967955673249, item="아메리카노" (16702755) | rawOptions=[{"optionCode":"1759895","optionName":"ICE","price":0,"quantity":1}] ➔ resolved="ICE 아메리카노 (시그니처)" (GSI1002) steps={"step1":["CUP","ICE"],"step2":["COFFEE","60"],"step3":["ICE",5000],"step4":["COLD",105]}
[2026-09-23 00:12:02.249] [info]  [toss] event=order.completed status=success source=toss virtual=off mode=order orderId=757619967955673249 bill=757619967955673249 menuCount=1
[2026-09-23 00:41:05.325] [info]  [TOSS RAW ORDER] orderId=757627450946340871, items=[{"name":"아메리카노","productNo":"GSI1002","options":[{"optionCode":"1759895","optionName":"ICE","price":0,"quantity":1}]}]
[2026-09-23 00:41:05.352] [info]  [TOSS ITEM RESOLVED] orderId=757627450946340871, item="아메리카노" (GSI1002) | rawOptions=[{"optionCode":"1759895","optionName":"ICE","price":0,"quantity":1}] ➔ resolved="ICE 아메리카노 (시그니처)" (GSI1002) steps={"step1":["CUP","ICE"],"step2":["COFFEE","60"],"step3":["ICE",5000],"step4":["COLD",105]}
[2026-09-23 00:41:47.563] [info]  [toss] event=order.completed status=success source=toss virtual=off mode=order orderId=757627450946340871 bill=757627450946340871 menuCount=1
[2026-09-23 05:18:40.782] [info]  [TOSS RAW ORDER] orderId=757697290105122702, items=[{"name":"아메리카노","productNo":"GSI1002","options":[{"optionCode":"1759895","optionName":"ICE","price":0,"quantity":1}]}]
[2026-09-23 05:18:40.868] [info]  [TOSS ITEM RESOLVED] orderId=757697290105122702, item="아메리카노" (GSI1002) | rawOptions=[{"optionCode":"1759895","optionName":"ICE","price":0,"quantity":1}] ➔ resolved="ICE 아메리카노 (시그니처)" (GSI1002) steps={"step1":["CUP","ICE"],"step2":["COFFEE","60"],"step3":["ICE",5000],"step4":["COLD",105]}
[2026-09-23 05:19:39.577] [info]  [toss] event=order.completed status=success source=toss virtual=off mode=order orderId=757697290105122702 bill=757697290105122702 menuCount=1
[2026-09-23 06:19:35.774] [info]  [TOSS RAW ORDER] orderId=757712631166248802, items=[{"name":"아메리카노","productNo":"GSI1002","options":[{"optionCode":"1759895","optionName":"ICE","price":0,"quantity":1}]}]
[2026-09-23 06:19:35.837] [info]  [TOSS ITEM RESOLVED] orderId=757712631166248802, item="아메리카노" (GSI1002) | rawOptions=[{"optionCode":"1759895","optionName":"ICE","price":0,"quantity":1}] ➔ resolved="ICE 아메리카노 (시그니처)" (GSI1002) steps={"step1":["CUP","ICE"],"step2":["COFFEE","60"],"step3":["ICE",5000],"step4":["COLD",105]}
[2026-09-23 06:20:18.589] [info]  [toss] event=order.completed status=success source=toss virtual=off mode=order orderId=757712631166248802 bill=757712631166248802 menuCount=1
[2026-09-23 08:04:14.735] [info]  [TOSS RAW ORDER] orderId=757738988520729770, items=[{"name":"아메리카노","productNo":"16702755","options":[{"optionCode":"1759894","optionName":"HOT","price":0,"quantity":1}]}]
[2026-09-23 08:04:14.760] [info]  [TOSS ITEM RESOLVED] orderId=757738988520729770, item="아메리카노" (16702755) | rawOptions=[{"optionCode":"1759894","optionName":"HOT","price":0,"quantity":1}] ➔ resolved="HOT 아메리카노 (시그니처)" (GSH1002) steps={"step1":["CUP","HOT"],"step2":["COFFEE","60"],"step3":["HOT",270]}
[2026-09-23 08:05:00.458] [info]  [toss] event=order.completed status=success source=toss virtual=off mode=order orderId=757738988520729770 bill=757738988520729770 menuCount=1
[2026-09-23 08:39:32.776] [info]  [TOSS RAW ORDER] orderId=757747825608876731, items=[{"name":"아메리카노","productNo":"GSI1002","options":[{"optionCode":"1759895","optionName":"ICE","price":0,"quantity":1}]}]
[2026-09-23 08:39:32.784] [info]  [TOSS ITEM RESOLVED] orderId=757747825608876731, item="아메리카노" (GSI1002) | rawOptions=[{"optionCode":"1759895","optionName":"ICE","price":0,"quantity":1}] ➔ resolved="ICE 아메리카노 (시그니처)" (GSI1002) steps={"step1":["CUP","ICE"],"step2":["COFFEE","60"],"step3":["ICE",5000],"step4":["COLD",105]}
[2026-09-23 08:40:24.190] [info]  [toss] event=order.completed status=success source=toss virtual=off mode=order orderId=757747825608876731 bill=757747825608876731 menuCount=1
[2026-09-23 08:47:21.250] [info]  [TOSS RAW ORDER] orderId=757749820486957404, items=[{"name":"아메리카노","productNo":"GSI1002","options":[{"optionCode":"1759895","optionName":"ICE","price":0,"quantity":1}]}]
[2026-09-23 08:47:21.273] [info]  [TOSS ITEM RESOLVED] orderId=757749820486957404, item="아메리카노" (GSI1002) | rawOptions=[{"optionCode":"1759895","optionName":"ICE","price":0,"quantity":1}] ➔ resolved="ICE 아메리카노 (시그니처)" (GSI1002) steps={"step1":["CUP","ICE"],"step2":["COFFEE","60"],"step3":["ICE",5000],"step4":["COLD",105]}
[2026-09-23 08:48:09.293] [info]  [toss] event=order.completed status=success source=toss virtual=off mode=order orderId=757749820486957404 bill=757749820486957404 menuCount=1
[2026-09-23 10:18:03.264] [info]  [TOSS RAW ORDER] orderId=757772654340847475, items=[{"name":"카페라떼","productNo":"GSI2001","options":[{"optionCode":"1759895","optionName":"ICE","price":0,"quantity":1}]}]
[2026-09-23 10:18:03.314] [info]  [TOSS ITEM RESOLVED] orderId=757772654340847475, item="카페라떼" (GSI2001) | rawOptions=[{"optionCode":"1759895","optionName":"ICE","price":0,"quantity":1}] ➔ resolved="ICE 카페라떼 (시그니처)" (GSI2001) steps={"step1":["CUP","ICE"],"step2":["COFFEE","60"],"step3":["ICE",5000],"step4":["COLD_MILK",140]}
[2026-09-23 10:19:03.962] [info]  [toss] event=order.completed status=success source=toss virtual=off mode=order orderId=757772654340847475 bill=757772654340847475 menuCount=1
[2026-09-23 10:56:49.287] [info]  [TOSS RAW ORDER] orderId=757782357942854298, items=[{"name":"아메리카노","productNo":"GSI1002","options":[{"optionCode":"1759895","optionName":"ICE","price":0,"quantity":1},{"optionCode":"1759903","optionName":"연하게","price":0,"quantity":1}]}]
[2026-09-23 10:56:49.300] [info]  [TOSS ITEM RESOLVED] orderId=757782357942854298, item="아메리카노" (GSI1002) | rawOptions=[{"optionCode":"1759895","optionName":"ICE","price":0,"quantity":1},{"optionCode":"1759903","optionName":"연하게","price":0,"quantity":1}] ➔ resolved="ICE 아메리카노 (시그니처) (연하게)" (GSI1001) steps={"step1":["CUP","ICE"],"step2":["COFFEE","30"],"step3":["ICE",5000],"step4":["COLD",135]}
[2026-09-23 10:57:30.847] [info]  [toss] event=order.completed status=success source=toss virtual=off mode=order orderId=757782357942854298 bill=757782357942854298 menuCount=1
[2026-09-23 11:25:28.794] [info]  [TOSS RAW ORDER] orderId=757789558967214470, items=[{"name":"아메리카노","productNo":"GSI1002","options":[{"optionCode":"1759895","optionName":"ICE","price":0,"quantity":1}]}]
[2026-09-23 11:25:28.813] [info]  [TOSS ITEM RESOLVED] orderId=757789558967214470, item="아메리카노" (GSI1002) | rawOptions=[{"optionCode":"1759895","optionName":"ICE","price":0,"quantity":1}] ➔ resolved="ICE 아메리카노 (시그니처)" (GSI1002) steps={"step1":["CUP","ICE"],"step2":["COFFEE","60"],"step3":["ICE",5000],"step4":["COLD",105]}
[2026-09-23 11:26:11.014] [info]  [toss] event=order.completed status=success source=toss virtual=off mode=order orderId=757789558967214470 bill=757789558967214470 menuCount=1
[2026-09-23 12:22:46.309] [info]  [TOSS RAW ORDER] orderId=757804050656649911, items=[{"name":"아메리카노","productNo":"16702755","options":[{"optionCode":"1759895","optionName":"ICE","price":0,"quantity":1}]}]
[2026-09-23 12:22:46.316] [info]  [TOSS ITEM RESOLVED] orderId=757804050656649911, item="아메리카노" (16702755) | rawOptions=[{"optionCode":"1759895","optionName":"ICE","price":0,"quantity":1}] ➔ resolved="ICE 아메리카노 (시그니처)" (GSI1002) steps={"step1":["CUP","ICE"],"step2":["COFFEE","60"],"step3":["ICE",5000],"step4":["COLD",105]}
[2026-09-23 12:23:41.797] [info]  [toss] event=order.completed status=success source=toss virtual=off mode=order orderId=757804050656649911 bill=757804050656649911 menuCount=1
[2026-09-23 13:14:34.207] [info]  [TOSS RAW ORDER] orderId=757817065472911377, items=[{"name":"아메리카노","productNo":"GSI1002","options":[{"optionCode":"1759895","optionName":"ICE","price":0,"quantity":1}]}]
[2026-09-23 13:14:34.316] [info]  [TOSS ITEM RESOLVED] orderId=757817065472911377, item="아메리카노" (GSI1002) | rawOptions=[{"optionCode":"1759895","optionName":"ICE","price":0,"quantity":1}] ➔ resolved="ICE 아메리카노 (시그니처)" (GSI1002) steps={"step1":["CUP","ICE"],"step2":["COFFEE","60"],"step3":["ICE",5000],"step4":["COLD",105]}
[2026-09-23 13:15:22.047] [info]  [toss] event=order.completed status=success source=toss virtual=off mode=order orderId=757817065472911377 bill=757817065472911377 menuCount=1
[2026-09-23 15:02:07.230] [info]  [TOSS RAW ORDER] orderId=757844123687168974, items=[{"name":"아샷추","productNo":"GDI1003","options":[]}]
[2026-09-23 15:02:07.246] [info]  [TOSS ITEM RESOLVED] orderId=757844123687168974, item="아샷추" (GDI1003) | rawOptions=[] ➔ resolved="ICE 아샷추 (딥리치)" (GDI1003) steps={"step1":["CUP","ICE"],"step2":["COFFEE",30],"step3":["ICE",5000],"step4":["COLD",105],"step5":["복숭아",45]}
[2026-09-23 15:03:07.797] [info]  [toss] event=order.completed status=success source=toss virtual=off mode=order orderId=757844123687168974 bill=757844123687168974 menuCount=1
[2026-09-23 15:20:09.283] [info]  [TOSS RAW ORDER] orderId=757848675945663425, items=[{"name":"아메리카노","productNo":"GSI1002","options":[{"optionCode":"1759895","optionName":"ICE","price":0,"quantity":1},{"optionCode":"1759903","optionName":"연하게","price":0,"quantity":1}]}]
[2026-09-23 15:20:09.320] [info]  [TOSS ITEM RESOLVED] orderId=757848675945663425, item="아메리카노" (GSI1002) | rawOptions=[{"optionCode":"1759895","optionName":"ICE","price":0,"quantity":1},{"optionCode":"1759903","optionName":"연하게","price":0,"quantity":1}] ➔ resolved="ICE 아메리카노 (시그니처) (연하게)" (GSI1001) steps={"step1":["CUP","ICE"],"step2":["COFFEE","30"],"step3":["ICE",5000],"step4":["COLD",135]}
[2026-09-23 15:20:52.172] [info]  [toss] event=order.completed status=success source=toss virtual=off mode=order orderId=757848675945663425 bill=757848675945663425 menuCount=1
[2026-09-23 15:41:05.353] [info]  [TOSS RAW ORDER] orderId=757853961108436290, items=[{"name":"아메리카노","productNo":"16702755","options":[{"optionCode":"1759895","optionName":"ICE","price":0,"quantity":1}]}]
[2026-09-23 15:41:05.358] [info]  [TOSS ITEM RESOLVED] orderId=757853961108436290, item="아메리카노" (16702755) | rawOptions=[{"optionCode":"1759895","optionName":"ICE","price":0,"quantity":1}] ➔ resolved="ICE 아메리카노 (시그니처)" (GSI1002) steps={"step1":["CUP","ICE"],"step2":["COFFEE","60"],"step3":["ICE",5000],"step4":["COLD",105]}
[2026-09-23 15:41:51.715] [info]  [toss] event=order.completed status=success source=toss virtual=off mode=order orderId=757853961108436290 bill=757853961108436290 menuCount=1
[2026-09-23 15:42:52.234] [info]  [TOSS RAW ORDER] orderId=757854404651965624, items=[{"name":"아메리카노","productNo":"GSI1002","options":[{"optionCode":"1759895","optionName":"ICE","price":0,"quantity":1},{"optionCode":"1759903","optionName":"연하게","price":0,"quantity":1}]}]
[2026-09-23 15:42:52.296] [info]  [TOSS ITEM RESOLVED] orderId=757854404651965624, item="아메리카노" (GSI1002) | rawOptions=[{"optionCode":"1759895","optionName":"ICE","price":0,"quantity":1},{"optionCode":"1759903","optionName":"연하게","price":0,"quantity":1}] ➔ resolved="ICE 아메리카노 (시그니처) (연하게)" (GSI1001) steps={"step1":["CUP","ICE"],"step2":["COFFEE","30"],"step3":["ICE",5000],"step4":["COLD",135]}
[2026-09-23 15:43:25.179] [info]  [toss] event=order.completed status=success source=toss virtual=off mode=order orderId=757854404651965624 bill=757854404651965624 menuCount=1
[2026-09-23 16:23:29.278] [info]  [TOSS RAW ORDER] orderId=757864635456922104, items=[{"name":"아메리카노","productNo":"GSI1002","options":[{"optionCode":"1759895","optionName":"ICE","price":0,"quantity":1}]}]
[2026-09-23 16:23:29.350] [info]  [TOSS ITEM RESOLVED] orderId=757864635456922104, item="아메리카노" (GSI1002) | rawOptions=[{"optionCode":"1759895","optionName":"ICE","price":0,"quantity":1}] ➔ resolved="ICE 아메리카노 (시그니처)" (GSI1002) steps={"step1":["CUP","ICE"],"step2":["COFFEE","60"],"step3":["ICE",5000],"step4":["COLD",105]}
[2026-09-23 16:24:16.143] [info]  [toss] event=order.completed status=success source=toss virtual=off mode=order orderId=757864635456922104 bill=757864635456922104 menuCount=1
[2026-09-23 16:27:16.338] [info]  [TOSS RAW ORDER] orderId=757865586209171407, items=[{"name":"아메리카노","productNo":"GSI1002","options":[{"optionCode":"1759895","optionName":"ICE","price":0,"quantity":1}]}]
[2026-09-23 16:27:16.345] [info]  [TOSS ITEM RESOLVED] orderId=757865586209171407, item="아메리카노" (GSI1002) | rawOptions=[{"optionCode":"1759895","optionName":"ICE","price":0,"quantity":1}] ➔ resolved="ICE 아메리카노 (시그니처)" (GSI1002) steps={"step1":["CUP","ICE"],"step2":["COFFEE","60"],"step3":["ICE",5000],"step4":["COLD",115]}
[2026-09-23 16:28:02.675] [info]  [toss] event=order.completed status=success source=toss virtual=off mode=order orderId=757865586209171407 bill=757865586209171407 menuCount=1
[2026-09-23 16:29:53.386] [info]  [TOSS RAW ORDER] orderId=757866246644278743, items=[{"name":"아메리카노","productNo":"GSI1002","options":[{"optionCode":"1759894","optionName":"HOT","price":0,"quantity":1}]}]
[2026-09-23 16:29:53.400] [info]  [TOSS ITEM RESOLVED] orderId=757866246644278743, item="아메리카노" (GSI1002) | rawOptions=[{"optionCode":"1759894","optionName":"HOT","price":0,"quantity":1}] ➔ resolved="HOT 아메리카노 (시그니처)" (GSH1002) steps={"step1":["CUP","HOT"],"step2":["COFFEE","60"],"step3":["HOT",270]}
[2026-09-23 16:30:40.996] [info]  [toss] event=order.completed status=success source=toss virtual=off mode=order orderId=757866246644278743 bill=757866246644278743 menuCount=1