[2026-08-20 15:24:59.207] [info]  [HASTE DB Load] Loaded settings from SQLite database successfully. StoreName: "헤이스트 김포운양역점", StoreNo: "3412109495", ThemeMode: "Light", isKioskDryRun: "false"
[2026-08-20 15:24:59.716] [info]  [app] event=app.startup status=started appVersion=3.1.0-r1 packaged=true
[2026-08-20 15:25:00.034] [info]  [app] event=app.window status=success
[2026-08-20 15:25:00.058] [info]  [app] event=app.tray status=success
[2026-08-20 15:25:00.058] [info]  [app] event=updater.check status=ignored reason=store_managed_distribution
[2026-08-20 15:25:00.063] [info]  [app] event=app.ipc status=success
[2026-08-20 15:25:00.115] [info]  [app] event=task.start status=success
[2026-08-20 15:25:00.117] [debug] [api] [api] event=settings.change status=success port=8080 posStoreNo=3412109495 deviceModelId=D0000
[2026-08-20 15:25:00.121] [info]  [api] [HASTE] Found SSL Certificates at: C:\Users\CoffeeVanada\AppData\Local\Programs\haste-client\resources\resources
[2026-08-20 15:25:00.155] [info]  [api] [HASTE] Started HTTP Hono Server on port 8080 (Toss Place HTTP Mode).
[2026-08-20 15:25:00.170] [info]  [api] [HASTE] Started HTTPS Hono Server on port 8443 (Toss Kiosk Mode).
[2026-08-20 15:25:00.171] [debug] [api] [api] event=api.server status=success port=8080 host=0.0.0.0
[2026-08-20 15:25:00.172] [info]  [serialport] [serialport] event=serialport.connect status=started scope=all
[2026-08-20 15:25:00.174] [debug] [coffee] [coffee] event=settings.change status=success field=thirdpartyType value=Lilly_(WMF)
[2026-08-20 15:25:00.176] [debug] [coffee] [coffee] event=coffee.socket status=started transport=ws machineName=WMF model=Lilly_(WMF) ip=192.168.10.99 port=25000
[2026-08-20 15:25:00.185] [debug] [coffee] [coffee] event=temperature.change status=success
[2026-08-20 15:25:00.186] [debug] [api] [api] event=did.callback status=ignored reason=local_did_not_open screen=temperature
[2026-08-20 15:25:00.192] [info]  [HASTE DB Save] Settings category "inventory" has been updated and saved to SQLite successfully.
[2026-08-20 15:25:00.195] [info]  [HASTE DB Save] Settings category "inventory" has been updated and saved to SQLite successfully.
[2026-08-20 15:25:00.196] [info]  [serialport] [serialport] event=serialport.connect status=started scope=all
[2026-08-20 15:25:00.199] [info]  [HASTE DB Save] Settings category "inventory" has been updated and saved to SQLite successfully.
[2026-08-20 15:25:00.201] [info]  [HASTE DB Save] Settings category "inventory" has been updated and saved to SQLite successfully.
[2026-08-20 15:25:00.202] [debug] [api] [HASTE Theme Sync] Applied local UI theme: isDark=false
[2026-08-20 15:25:00.203] [debug] [api] [api] event=did.callback status=started target=local screen=/ reason=local_api_down
[2026-08-20 15:25:00.206] [info]  [app] event=app.startup status=success message="subscriptions registered"
[2026-08-20 15:25:00.206] [debug] [task] [task] event=scheduler.change status=success routine=FOAMER_RINSING intervalSec=6000 normalizedIntervalSec=6000
[2026-08-20 15:25:00.209] [debug] [task] [task] event=scheduler.change status=success routine=WARM_RINSING intervalSec=0 normalizedIntervalSec=0
[2026-08-20 15:25:00.210] [debug] [task] [task] event=scheduler.change status=success routine=MIXER_RINSING intervalSec=0 normalizedIntervalSec=0
[2026-08-20 15:25:00.211] [debug] [task] [task] event=scheduler.change status=success routine=ERROR_CHECK intervalSec=1800 normalizedIntervalSec=1800
[2026-08-20 15:25:00.212] [debug] [task] [task] event=scheduler.change status=success routine=ICE_MAKER intervalSec=1800 normalizedIntervalSec=1800
[2026-08-20 15:25:00.213] [debug] [task] [task] event=scheduler.change status=success routine=TEMP_CHECK intervalSec=600 normalizedIntervalSec=600
[2026-08-20 15:25:00.215] [debug] [app] event=scheduler.change status=success routine=license.verify intervalSec=86400
[2026-08-20 15:25:00.215] [info]  [app] event=app.startup status=success message="schedulers registered"
[2026-08-20 15:25:00.217] [info]  [HASTE Guard] enableHasteAgent is false (OFF). Skipping agent bot launch.
[2026-08-20 15:25:00.290] [debug] [api] [HASTE DevTools Sync] Current window DevTools opened state: false, Target state: false
[2026-08-20 15:25:00.341] [debug] [coffee] [coffee] event=coffee.socket status=success transport=ws machineName=WMF action=connected
[2026-08-20 15:25:00.368] [debug] [coffee] [coffee] event=hardware.response status=success machineName=Lilly_(WMF) command=getApiVersion returnvalue=40501
[2026-08-20 15:25:00.385] [error] [serialport] [serialport] event=serialport.error status=failed reason=port_error boardName=board1 port=COM6 message="Opening COM6: Access denied"
[2026-08-20 15:25:00.435] [error] [serialport] [serialport] event=serialport.error status=failed reason=port_error boardName=board2 port=COM7 message="Opening COM7: Access denied"
[2026-08-20 15:25:00.712] [debug] [serialport] [serialport] event=serialport.connect status=success boardName=board2 port=COM7
[2026-08-20 15:25:00.730] [debug] [api] [api] event=did.callback status=started target=local screen=main
[2026-08-20 15:25:00.732] [debug] [serialport] [serialport] event=serialport.connect status=success boardName=board1 port=COM6
[2026-08-20 15:25:00.864] [debug] [coffee] [coffee] event=hardware.response status=success machineName=Lilly_(WMF) command=getDiagnosticData returnvalue=0
[2026-08-20 15:25:00.866] [debug] [coffee] [coffee] event=temperature.change status=success value=96
[2026-08-20 15:25:00.867] [debug] [api] [api] event=did.callback status=ignored reason=local_did_not_open screen=temperature
[2026-08-20 15:25:00.868] [debug] [serialport] [serialport] event=serialport.packet status=success boardName=board1 length=24 message="bytearray(b'\\x020A1DCP0201A00101A10344\\x03')"
[2026-08-20 15:25:00.949] [info]  [HASTE DB Save] Settings category "information" has been updated and saved to SQLite successfully.
[2026-08-20 15:25:00.949] [info]  [app] event=license.verify status=success state=approved storeId=3412109495
[2026-08-20 15:25:01.013] [debug] [serialport] [serialport] event=serialport.packet status=success boardName=board1 length=24 message="bytearray(b'\\x020A1DPC0200A00101A00342\\x03')"
[2026-08-20 15:25:01.015] [debug] [serialport] [serialport] event=serialport.packet.parse status=success boardName=board1 message="{\"isValidStx\":true,\"isValidEtx\":true,\"isValidDst\":true,\"isValidSrc\":true,\"isValidLength\":true,\"fnc\":\"1\",\"act\":\"D\",\"data\":{\"0\":48,\"1\":50,\"2\":48,\"3\":48,\"4\":65,\"5\":48,\"6\":48,\"7\":49,\"8\":48,\"9\":49,\"10\":65,\"11\":48,\"12\":48,\"13\":51,\"14\":52},\"values\":[\"02\",\"00\",\"A0\",\"01\",\"01\",\"A0\",\"03\"],\"part\":{},\"isValidChecksum\":true}"
[2026-08-20 15:25:02.084] [debug] [coffee] [coffee] event=hardware.response status=success machineName=Lilly_(WMF) command=getMachineInfo returnvalue=0
[2026-08-20 15:25:06.849] [info]  [HASTE Shutdown] Releasing all serial ports...
[2026-08-20 15:25:06.850] [info]  [app] event=app.shutdown status=started
[2026-08-20 15:25:38.071] [info]  [HASTE DB Load] Loaded settings from SQLite database successfully. StoreName: "헤이스트 김포운양역점", StoreNo: "3412109495", ThemeMode: "Light", isKioskDryRun: "false"
[2026-08-20 15:25:38.730] [info]  [app] event=app.startup status=started appVersion=3.1.0-r1 packaged=true
[2026-08-20 15:25:39.064] [info]  [app] event=app.window status=success
[2026-08-20 15:25:39.081] [info]  [app] event=app.tray status=success
[2026-08-20 15:25:39.082] [info]  [app] event=updater.check status=ignored reason=store_managed_distribution
[2026-08-20 15:25:39.085] [info]  [app] event=app.ipc status=success
[2026-08-20 15:25:39.087] [info]  [app] event=task.start status=success
[2026-08-20 15:25:39.089] [debug] [api] [api] event=settings.change status=success port=8080 posStoreNo=3412109495 deviceModelId=D0000
[2026-08-20 15:25:39.092] [info]  [api] [HASTE] Found SSL Certificates at: C:\Users\CoffeeVanada\AppData\Local\Programs\haste-client\resources\resources
[2026-08-20 15:25:39.187] [info]  [api] [HASTE] Started HTTP Hono Server on port 8080 (Toss Place HTTP Mode).
[2026-08-20 15:25:39.199] [info]  [api] [HASTE] Started HTTPS Hono Server on port 8443 (Toss Kiosk Mode).
[2026-08-20 15:25:39.200] [debug] [api] [api] event=api.server status=success port=8080 host=0.0.0.0
[2026-08-20 15:25:39.201] [info]  [serialport] [serialport] event=serialport.connect status=started scope=all
[2026-08-20 15:25:39.203] [debug] [coffee] [coffee] event=settings.change status=success field=thirdpartyType value=Lilly_(WMF)
[2026-08-20 15:25:39.205] [debug] [coffee] [coffee] event=coffee.socket status=started transport=ws machineName=WMF model=Lilly_(WMF) ip=192.168.10.99 port=25000
[2026-08-20 15:25:39.227] [debug] [coffee] [coffee] event=temperature.change status=success
[2026-08-20 15:25:39.228] [debug] [api] [api] event=did.callback status=ignored reason=local_did_not_open screen=temperature
[2026-08-20 15:25:39.235] [info]  [HASTE DB Save] Settings category "inventory" has been updated and saved to SQLite successfully.
[2026-08-20 15:25:39.237] [info]  [HASTE DB Save] Settings category "inventory" has been updated and saved to SQLite successfully.
[2026-08-20 15:25:39.238] [info]  [serialport] [serialport] event=serialport.connect status=started scope=all
[2026-08-20 15:25:39.241] [info]  [HASTE DB Save] Settings category "inventory" has been updated and saved to SQLite successfully.
[2026-08-20 15:25:39.243] [info]  [HASTE DB Save] Settings category "inventory" has been updated and saved to SQLite successfully.
[2026-08-20 15:25:39.244] [debug] [api] [HASTE Theme Sync] Applied local UI theme: isDark=false
[2026-08-20 15:25:39.245] [debug] [api] [api] event=did.callback status=started target=local screen=/ reason=local_api_down
[2026-08-20 15:25:39.251] [info]  [app] event=app.startup status=success message="subscriptions registered"
[2026-08-20 15:25:39.251] [debug] [task] [task] event=scheduler.change status=success routine=FOAMER_RINSING intervalSec=6000 normalizedIntervalSec=6000
[2026-08-20 15:25:39.254] [debug] [task] [task] event=scheduler.change status=success routine=WARM_RINSING intervalSec=0 normalizedIntervalSec=0
[2026-08-20 15:25:39.255] [debug] [task] [task] event=scheduler.change status=success routine=MIXER_RINSING intervalSec=0 normalizedIntervalSec=0
[2026-08-20 15:25:39.256] [debug] [task] [task] event=scheduler.change status=success routine=ERROR_CHECK intervalSec=1800 normalizedIntervalSec=1800
[2026-08-20 15:25:39.257] [debug] [task] [task] event=scheduler.change status=success routine=ICE_MAKER intervalSec=1800 normalizedIntervalSec=1800
[2026-08-20 15:25:39.258] [debug] [task] [task] event=scheduler.change status=success routine=TEMP_CHECK intervalSec=600 normalizedIntervalSec=600
[2026-08-20 15:25:39.260] [debug] [app] event=scheduler.change status=success routine=license.verify intervalSec=86400
[2026-08-20 15:25:39.260] [info]  [app] event=app.startup status=success message="schedulers registered"
[2026-08-20 15:25:39.262] [info]  [HASTE Guard] enableHasteAgent is false (OFF). Skipping agent bot launch.
[2026-08-20 15:25:39.263] [info]  [app] event=license.verify status=success state=approved storeId=3412109495
[2026-08-20 15:25:39.413] [error] [serialport] [serialport] event=serialport.error status=failed reason=port_error boardName=board1 port=COM6 message="Opening COM6: Access denied"
[2026-08-20 15:25:39.416] [error] [serialport] [serialport] event=serialport.error status=failed reason=port_error boardName=board2 port=COM7 message="Opening COM7: Access denied"
[2026-08-20 15:25:39.418] [debug] [api] [HASTE DevTools Sync] Current window DevTools opened state: false, Target state: false
[2026-08-20 15:25:39.436] [debug] [coffee] [coffee] event=coffee.socket status=success transport=ws machineName=WMF action=connected
[2026-08-20 15:25:39.463] [debug] [coffee] [coffee] event=hardware.response status=success machineName=Lilly_(WMF) command=getApiVersion returnvalue=40501
[2026-08-20 15:25:39.589] [debug] [serialport] [serialport] event=serialport.connect status=success boardName=board1 port=COM6
[2026-08-20 15:25:39.598] [debug] [api] [api] event=did.callback status=started target=local screen=main
[2026-08-20 15:25:39.603] [debug] [serialport] [serialport] event=serialport.connect status=success boardName=board2 port=COM7
[2026-08-20 15:25:39.722] [debug] [serialport] [serialport] event=serialport.packet status=success boardName=board1 length=24 message="bytearray(b'\\x020A1DCP0201A00101A10344\\x03')"
[2026-08-20 15:25:39.796] [debug] [serialport] [serialport] event=serialport.packet status=success boardName=board1 length=24 message="bytearray(b'\\x020A1DPC0200A00101A00342\\x03')"
[2026-08-20 15:25:39.798] [debug] [serialport] [serialport] event=serialport.packet.parse status=success boardName=board1 message="{\"isValidStx\":true,\"isValidEtx\":true,\"isValidDst\":true,\"isValidSrc\":true,\"isValidLength\":true,\"fnc\":\"1\",\"act\":\"D\",\"data\":{\"0\":48,\"1\":50,\"2\":48,\"3\":48,\"4\":65,\"5\":48,\"6\":48,\"7\":49,\"8\":48,\"9\":49,\"10\":65,\"11\":48,\"12\":48,\"13\":51,\"14\":52},\"values\":[\"02\",\"00\",\"A0\",\"01\",\"01\",\"A0\",\"03\"],\"part\":{},\"isValidChecksum\":true}"
[2026-08-20 15:25:39.958] [debug] [coffee] [coffee] event=hardware.response status=success machineName=Lilly_(WMF) command=getDiagnosticData returnvalue=0
[2026-08-20 15:25:39.959] [debug] [coffee] [coffee] event=temperature.change status=success value=96
[2026-08-20 15:25:39.960] [debug] [api] [api] event=did.callback status=ignored reason=local_did_not_open screen=temperature
[2026-08-20 15:25:41.177] [debug] [coffee] [coffee] event=hardware.response status=success machineName=Lilly_(WMF) command=getMachineInfo returnvalue=0
[2026-08-20 15:25:56.335] [debug] [api] [HASTE Theme Sync] Applied local UI theme: isDark=false
[2026-08-20 15:25:56.338] [info]  [HASTE DB Save] Settings category "information" has been updated and saved to SQLite successfully.
[2026-08-20 15:25:56.409] [info]  [HASTE DB Save] Settings category "information" has been updated and saved to SQLite successfully.
[2026-08-20 15:25:56.410] [info]  [HASTE DB Save] Settings category "information" has been updated and saved to SQLite successfully.
[2026-08-20 15:25:56.413] [info]  [HASTE DB Save] Settings category "information" has been updated and saved to SQLite successfully.