[2026-08-15 17:12:04.848] [info]  [serialport] event=serialport.connect status=started scope=all
[2026-08-15 17:12:04.870] [info]  [serialport] event=serialport.connect status=started scope=all
[2026-08-15 17:12:04.921] [error] [serialport] event=serialport.error status=failed reason=port_error boardName=board1 port=COM3 message="Opening COM3: Access denied"
[2026-08-15 17:12:05.020] [debug] [serialport] event=serialport.connect status=success boardName=board1 port=COM3
[2026-08-15 17:12:05.238] [debug] [serialport] event=serialport.packet status=success boardName=board1 length=24 message="bytearray(b'\\x020A1DCP0201A00101A10344\\x03')"
[2026-08-15 17:12:32.457] [info]  [serialport] event=serialport.connect status=started scope=all
[2026-08-15 17:12:32.476] [info]  [serialport] event=serialport.connect status=started scope=all
[2026-08-15 17:12:32.521] [error] [serialport] event=serialport.error status=failed reason=port_error boardName=board1 port=COM3 message="Opening COM3: Access denied"
[2026-08-15 17:12:32.695] [debug] [serialport] event=serialport.connect status=success boardName=board1 port=COM3
[2026-08-15 17:12:32.704] [debug] [serialport] event=serialport.packet status=success boardName=board1 length=24 message="bytearray(b'\\x020A1DCP0201A00101A10344\\x03')"
[2026-08-15 17:15:40.008] [info]  [serialport] event=settings.change status=success scope=all
[2026-08-15 17:15:40.010] [info]  [serialport] event=serialport.connect status=started scope=all
[2026-08-15 17:15:40.013] [info]  [serialport] event=serialport.connect status=started scope=all
[2026-08-15 17:15:40.047] [info]  [serialport] event=serialport.connect status=started scope=all
[2026-08-15 17:15:40.089] [error] [serialport] event=serialport.error status=failed reason=port_error boardName=board1 port=COM6 message="Opening COM6: Access denied"
[2026-08-15 17:15:40.092] [error] [serialport] event=serialport.error status=failed reason=port_error boardName=board2 port=COM7 message="Opening COM7: Access denied"
[2026-08-15 17:15:40.275] [debug] [serialport] event=serialport.close status=success boardName=board1 port=COM3
[2026-08-15 17:15:40.277] [debug] [serialport] event=serialport.connect status=success boardName=board1 port=COM6
[2026-08-15 17:15:40.279] [debug] [serialport] event=serialport.connect status=success boardName=board2 port=COM7
[2026-08-15 17:15:40.322] [error] [serialport] event=serialport.error status=failed reason=port_error boardName=board1 port=COM6 message="Opening COM6: Access denied"
[2026-08-15 17:15:40.323] [error] [serialport] event=serialport.error status=failed reason=port_error boardName=board2 port=COM7 message="Opening COM7: Access denied"
[2026-08-15 17:15:40.373] [debug] [serialport] event=serialport.packet status=success boardName=board1 length=24 message="bytearray(b'\\x020A1DCP0201A00101A10344\\x03')"
[2026-08-15 17:15:40.412] [debug] [serialport] event=serialport.packet status=success boardName=board1 length=24 message="bytearray(b'\\x020A1DPC0200A00101A00342\\x03')"
[2026-08-15 17:15:40.413] [debug] [serialport] event=serialport.packet.parse status=success boardName=board1 message="{\"isValidStx\":true,\"isValidEtx\":true,\"isValidDst\":true,\"isValidSrc\":true,\"isValidLength\":true,\"fnc\":\"1\",\"act\":\"D\",\"data\":{\"0\":48,\"1\":50,\"2\":48,\"3\":48,\"4\":65,\"5\":48,\"6\":48,\"7\":49,\"8\":48,\"9\":49,\"10\":65,\"11\":48,\"12\":48,\"13\":51,\"14\":52},\"values\":[\"02\",\"00\",\"A0\",\"01\",\"01\",\"A0\",\"03\"],\"part\":{},\"isValidChecksum\":true}"
[2026-08-15 17:29:19.346] [info]  [serialport] event=serialport.connect status=started scope=all
[2026-08-15 17:29:19.367] [info]  [serialport] event=serialport.connect status=started scope=all
[2026-08-15 17:29:19.422] [error] [serialport] event=serialport.error status=failed reason=port_error boardName=board1 port=COM6 message="Opening COM6: Access denied"
[2026-08-15 17:29:19.423] [error] [serialport] event=serialport.error status=failed reason=port_error boardName=board2 port=COM7 message="Opening COM7: Access denied"
[2026-08-15 17:29:19.543] [debug] [serialport] event=serialport.connect status=success boardName=board1 port=COM6
[2026-08-15 17:29:19.545] [debug] [serialport] event=serialport.connect status=success boardName=board2 port=COM7
[2026-08-15 17:29:19.551] [debug] [serialport] event=serialport.packet status=success boardName=board1 length=24 message="bytearray(b'\\x020A1DCP0201A00101A10344\\x03')"
[2026-08-15 17:29:19.621] [debug] [serialport] event=serialport.packet status=success boardName=board1 length=24 message="bytearray(b'\\x020A1DPC0200A00101A00342\\x03')"
[2026-08-15 17:29:19.622] [debug] [serialport] event=serialport.packet.parse status=success boardName=board1 message="{\"isValidStx\":true,\"isValidEtx\":true,\"isValidDst\":true,\"isValidSrc\":true,\"isValidLength\":true,\"fnc\":\"1\",\"act\":\"D\",\"data\":{\"0\":48,\"1\":50,\"2\":48,\"3\":48,\"4\":65,\"5\":48,\"6\":48,\"7\":49,\"8\":48,\"9\":49,\"10\":65,\"11\":48,\"12\":48,\"13\":51,\"14\":52},\"values\":[\"02\",\"00\",\"A0\",\"01\",\"01\",\"A0\",\"03\"],\"part\":{},\"isValidChecksum\":true}"
[2026-08-15 17:41:21.870] [info]  [serialport] event=serialport.connect status=started scope=all
[2026-08-15 17:41:21.905] [info]  [serialport] event=serialport.connect status=started scope=all
[2026-08-15 17:41:22.135] [error] [serialport] event=serialport.error status=failed reason=port_error boardName=board2 port=COM7 message="Opening COM7: Access denied"
[2026-08-15 17:41:22.142] [error] [serialport] event=serialport.error status=failed reason=port_error boardName=board1 port=COM6 message="Opening COM6: Access denied"
[2026-08-15 17:41:22.146] [error] [serialport] event=serialport.error status=failed reason=port_error boardName=board2 port=COM7 message="Opening COM7: Access denied"
[2026-08-15 17:41:25.931] [debug] [serialport] event=serialport.connect status=success boardName=board1 port=COM6
[2026-08-15 17:41:26.182] [debug] [serialport] event=serialport.packet status=success boardName=board1 length=24 message="bytearray(b'\\x020A1DCP0201A00101A10344\\x03')"
[2026-08-15 17:41:26.287] [debug] [serialport] event=serialport.packet status=success boardName=board1 length=24 message="bytearray(b'\\x020A1DPC0200A00101A00342\\x03')"
[2026-08-15 17:41:26.289] [debug] [serialport] event=serialport.packet.parse status=success boardName=board1 message="{\"isValidStx\":true,\"isValidEtx\":true,\"isValidDst\":true,\"isValidSrc\":true,\"isValidLength\":true,\"fnc\":\"1\",\"act\":\"D\",\"data\":{\"0\":48,\"1\":50,\"2\":48,\"3\":48,\"4\":65,\"5\":48,\"6\":48,\"7\":49,\"8\":48,\"9\":49,\"10\":65,\"11\":48,\"12\":48,\"13\":51,\"14\":52},\"values\":[\"02\",\"00\",\"A0\",\"01\",\"01\",\"A0\",\"03\"],\"part\":{},\"isValidChecksum\":true}"
[2026-08-15 18:00:31.957] [info]  [serialport] event=serialport.connect status=started scope=all
[2026-08-15 18:00:32.009] [info]  [serialport] event=serialport.connect status=started scope=all
[2026-08-15 18:00:32.112] [error] [serialport] event=serialport.error status=failed reason=port_error boardName=board1 port=COM6 message="Opening COM6: Access denied"
[2026-08-15 18:00:32.114] [error] [serialport] event=serialport.error status=failed reason=port_error boardName=board2 port=COM7 message="Opening COM7: Access denied"
[2026-08-15 18:00:32.307] [debug] [serialport] event=serialport.connect status=success boardName=board1 port=COM6
[2026-08-15 18:00:32.309] [debug] [serialport] event=serialport.connect status=success boardName=board2 port=COM7
[2026-08-15 18:00:32.449] [debug] [serialport] event=serialport.packet status=success boardName=board1 length=24 message="bytearray(b'\\x020A1DCP0201A00101A10344\\x03')"
[2026-08-15 18:00:32.506] [debug] [serialport] event=serialport.packet status=success boardName=board1 length=24 message="bytearray(b'\\x020A1DPC0200A00101A00342\\x03')"
[2026-08-15 18:00:32.511] [debug] [serialport] event=serialport.packet.parse status=success boardName=board1 message="{\"isValidStx\":true,\"isValidEtx\":true,\"isValidDst\":true,\"isValidSrc\":true,\"isValidLength\":true,\"fnc\":\"1\",\"act\":\"D\",\"data\":{\"0\":48,\"1\":50,\"2\":48,\"3\":48,\"4\":65,\"5\":48,\"6\":48,\"7\":49,\"8\":48,\"9\":49,\"10\":65,\"11\":48,\"12\":48,\"13\":51,\"14\":52},\"values\":[\"02\",\"00\",\"A0\",\"01\",\"01\",\"A0\",\"03\"],\"part\":{},\"isValidChecksum\":true}"
[2026-08-15 18:03:29.032] [info]  [serialport] event=serialport.connect status=started scope=all
[2026-08-15 18:03:29.071] [info]  [serialport] event=serialport.connect status=started scope=all
[2026-08-15 18:03:29.188] [error] [serialport] event=serialport.error status=failed reason=port_error boardName=board1 port=COM6 message="Opening COM6: Access denied"
[2026-08-15 18:03:29.190] [error] [serialport] event=serialport.error status=failed reason=port_error boardName=board2 port=COM7 message="Opening COM7: Access denied"
[2026-08-15 18:03:30.270] [debug] [serialport] event=serialport.connect status=success boardName=board1 port=COM6
[2026-08-15 18:03:30.274] [debug] [serialport] event=serialport.connect status=success boardName=board2 port=COM7
[2026-08-15 18:03:31.653] [debug] [serialport] event=serialport.packet status=success boardName=board1 length=24 message="bytearray(b'\\x020A1DPC0200A00101A00342\\x03')"
[2026-08-15 18:03:31.656] [debug] [serialport] event=serialport.packet.parse status=success boardName=board1 message="{\"isValidStx\":true,\"isValidEtx\":true,\"isValidDst\":true,\"isValidSrc\":true,\"isValidLength\":true,\"fnc\":\"1\",\"act\":\"D\",\"data\":{\"0\":48,\"1\":50,\"2\":48,\"3\":48,\"4\":65,\"5\":48,\"6\":48,\"7\":49,\"8\":48,\"9\":49,\"10\":65,\"11\":48,\"12\":48,\"13\":51,\"14\":52},\"values\":[\"02\",\"00\",\"A0\",\"01\",\"01\",\"A0\",\"03\"],\"part\":{},\"isValidChecksum\":true}"
[2026-08-15 18:03:31.659] [debug] [serialport] event=serialport.packet status=success boardName=board1 length=24 message="bytearray(b'\\x020A1DCP0201A00101A10344\\x03')"
[2026-08-15 18:28:47.206] [info]  [serialport] event=serialport.connect status=started scope=all
[2026-08-15 18:28:47.234] [info]  [serialport] event=serialport.connect status=started scope=all
[2026-08-15 18:28:47.336] [error] [serialport] event=serialport.error status=failed reason=port_error boardName=board1 port=COM6 message="Opening COM6: Access denied"
[2026-08-15 18:28:47.338] [error] [serialport] event=serialport.error status=failed reason=port_error boardName=board2 port=COM7 message="Opening COM7: Access denied"
[2026-08-15 18:28:47.600] [debug] [serialport] event=serialport.connect status=success boardName=board1 port=COM6
[2026-08-15 18:28:47.615] [debug] [serialport] event=serialport.connect status=success boardName=board2 port=COM7
[2026-08-15 18:28:47.795] [debug] [serialport] event=serialport.packet status=success boardName=board1 length=24 message="bytearray(b'\\x020A1DCP0201A00101A10344\\x03')"
[2026-08-15 18:28:47.797] [debug] [serialport] event=serialport.packet status=success boardName=board1 length=24 message="bytearray(b'\\x020A1DPC0200A00101A00342\\x03')"
[2026-08-15 18:28:47.799] [debug] [serialport] event=serialport.packet.parse status=success boardName=board1 message="{\"isValidStx\":true,\"isValidEtx\":true,\"isValidDst\":true,\"isValidSrc\":true,\"isValidLength\":true,\"fnc\":\"1\",\"act\":\"D\",\"data\":{\"0\":48,\"1\":50,\"2\":48,\"3\":48,\"4\":65,\"5\":48,\"6\":48,\"7\":49,\"8\":48,\"9\":49,\"10\":65,\"11\":48,\"12\":48,\"13\":51,\"14\":52},\"values\":[\"02\",\"00\",\"A0\",\"01\",\"01\",\"A0\",\"03\"],\"part\":{},\"isValidChecksum\":true}"
[2026-08-15 18:45:27.998] [info]  [serialport] event=serialport.connect status=started scope=all
[2026-08-15 18:45:28.045] [info]  [serialport] event=serialport.connect status=started scope=all
[2026-08-15 18:45:28.120] [error] [serialport] event=serialport.error status=failed reason=port_error boardName=board1 port=COM6 message="Opening COM6: Access denied"
[2026-08-15 18:45:28.122] [error] [serialport] event=serialport.error status=failed reason=port_error boardName=board2 port=COM7 message="Opening COM7: Access denied"
[2026-08-15 18:45:28.270] [debug] [serialport] event=serialport.connect status=success boardName=board1 port=COM6
[2026-08-15 18:45:28.274] [debug] [serialport] event=serialport.connect status=success boardName=board2 port=COM7
[2026-08-15 18:45:28.334] [debug] [serialport] event=serialport.packet status=success boardName=board1 length=24 message="bytearray(b'\\x020A1DCP0201A00101A10344\\x03')"
[2026-08-15 18:45:28.382] [debug] [serialport] event=serialport.packet status=success boardName=board1 length=24 message="bytearray(b'\\x020A1DPC0200A00101A00342\\x03')"
[2026-08-15 18:45:28.384] [debug] [serialport] event=serialport.packet.parse status=success boardName=board1 message="{\"isValidStx\":true,\"isValidEtx\":true,\"isValidDst\":true,\"isValidSrc\":true,\"isValidLength\":true,\"fnc\":\"1\",\"act\":\"D\",\"data\":{\"0\":48,\"1\":50,\"2\":48,\"3\":48,\"4\":65,\"5\":48,\"6\":48,\"7\":49,\"8\":48,\"9\":49,\"10\":65,\"11\":48,\"12\":48,\"13\":51,\"14\":52},\"values\":[\"02\",\"00\",\"A0\",\"01\",\"01\",\"A0\",\"03\"],\"part\":{},\"isValidChecksum\":true}"
[2026-08-15 18:45:54.259] [info]  [serialport] event=serialport.connect status=started scope=all
[2026-08-15 18:45:54.321] [info]  [serialport] event=serialport.connect status=started scope=all
[2026-08-15 18:45:54.496] [error] [serialport] event=serialport.error status=failed reason=port_error boardName=board1 port=COM6 message="Opening COM6: Access denied"
[2026-08-15 18:45:54.510] [error] [serialport] event=serialport.error status=failed reason=port_error boardName=board2 port=COM7 message="Opening COM7: Access denied"
[2026-08-15 18:45:55.525] [debug] [serialport] event=serialport.connect status=success boardName=board2 port=COM7
[2026-08-15 18:45:55.527] [debug] [serialport] event=serialport.connect status=success boardName=board1 port=COM6
[2026-08-15 18:45:56.593] [debug] [serialport] event=serialport.packet status=success boardName=board1 length=24 message="bytearray(b'\\x020A1DPC0200A00101A00342\\x03')"
[2026-08-15 18:45:56.594] [debug] [serialport] event=serialport.packet.parse status=success boardName=board1 message="{\"isValidStx\":true,\"isValidEtx\":true,\"isValidDst\":true,\"isValidSrc\":true,\"isValidLength\":true,\"fnc\":\"1\",\"act\":\"D\",\"data\":{\"0\":48,\"1\":50,\"2\":48,\"3\":48,\"4\":65,\"5\":48,\"6\":48,\"7\":49,\"8\":48,\"9\":49,\"10\":65,\"11\":48,\"12\":48,\"13\":51,\"14\":52},\"values\":[\"02\",\"00\",\"A0\",\"01\",\"01\",\"A0\",\"03\"],\"part\":{},\"isValidChecksum\":true}"
[2026-08-15 18:45:56.596] [debug] [serialport] event=serialport.packet status=success boardName=board1 length=24 message="bytearray(b'\\x020A1DCP0201A00101A10344\\x03')"
[2026-08-15 18:47:28.598] [debug] [serialport] event=serialport.packet status=success boardName=board1 length=10 message="bytearray(b'\\x02034QCP7B\\x03')"
[2026-08-15 18:47:28.644] [debug] [serialport] event=serialport.packet status=success boardName=board1 length=14 message="bytearray(b'\\x02056DCP300035\\x03')"
[2026-08-15 18:47:28.673] [debug] [serialport] event=serialport.packet status=success boardName=board1 length=50 message="bytearray(b'\\x02174DPC0000100000000010000100000000000000000000F6\\x03')"
[2026-08-15 18:47:28.674] [debug] [serialport] event=serialport.packet.parse status=success boardName=board1 message="{\"isValidStx\":true,\"isValidEtx\":true,\"isValidDst\":true,\"isValidSrc\":true,\"isValidLength\":true,\"fnc\":\"4\",\"act\":\"D\",\"data\":{\"0\":48,\"1\":48,\"2\":48,\"3\":48,\"4\":49,\"5\":48,\"6\":48,\"7\":48,\"8\":48,\"9\":48,\"10\":48,\"11\":48,\"12\":48,\"13\":48,\"14\":49,\"15\":48,\"16\":48,\"17\":48,\"18\":48,\"19\":49,\"20\":48,\"21\":48,\"22\":48,\"23\":48,\"24\":48,\"25\":48,\"26\":48,\"27\":48,\"28\":48,\"29\":48,\"30\":48,\"31\":48,\"32\":48,\"33\":48,\"34\":48,\"35\":48,\"36\":48,\"37\":48,\"38\":48,\"39\":48,\"40\":70},\"values\":[0,0,0,0,1,0,0,0,0,0,0,0,0,0,1,0,0,0,0,1,0,0,0,0,0,0,0,0,0,0,0,0,0,0,0,0,0,0,0,0,22],\"part\":{},\"isValidChecksum\":true}"
[2026-08-15 18:47:28.718] [debug] [serialport] event=serialport.packet status=success boardName=board1 length=14 message="bytearray(b'\\x02056DCP300035\\x03')"
[2026-08-15 18:47:28.725] [debug] [serialport] event=serialport.packet status=success boardName=board1 length=10 message="bytearray(b'\\x02036APC6D\\x03')"
[2026-08-15 18:47:28.727] [debug] [serialport] event=serialport.packet.parse status=success boardName=board1 message="{\"isValidStx\":true,\"isValidEtx\":true,\"isValidDst\":true,\"isValidSrc\":true,\"isValidLength\":true,\"fnc\":\"6\",\"act\":\"A\",\"data\":{\"0\":54},\"values\":[],\"part\":{},\"isValidChecksum\":true}"
[2026-08-15 18:47:28.728] [debug] [serialport] event=serialport.packet.response status=success boardName=board1 functionGroup=6 action=A
[2026-08-15 18:47:28.753] [debug] [serialport] event=serialport.packet status=success boardName=board1 length=14 message="bytearray(b'\\x02056DCP30283F\\x03')"
[2026-08-15 18:47:28.760] [debug] [serialport] event=serialport.packet status=success boardName=board1 length=10 message="bytearray(b'\\x02036APC6D\\x03')"
[2026-08-15 18:47:28.761] [debug] [serialport] event=serialport.packet.parse status=success boardName=board1 message="{\"isValidStx\":true,\"isValidEtx\":true,\"isValidDst\":true,\"isValidSrc\":true,\"isValidLength\":true,\"fnc\":\"6\",\"act\":\"A\",\"data\":{\"0\":54},\"values\":[],\"part\":{},\"isValidChecksum\":true}"
[2026-08-15 18:47:28.763] [debug] [serialport] event=serialport.packet.response status=success boardName=board1 functionGroup=6 action=A
[2026-08-15 18:47:28.830] [debug] [serialport] event=serialport.packet status=success boardName=board1 length=10 message="bytearray(b'\\x02036APC6D\\x03')"
[2026-08-15 18:47:28.832] [debug] [serialport] event=serialport.packet.parse status=success boardName=board1 message="{\"isValidStx\":true,\"isValidEtx\":true,\"isValidDst\":true,\"isValidSrc\":true,\"isValidLength\":true,\"fnc\":\"6\",\"act\":\"A\",\"data\":{\"0\":54},\"values\":[],\"part\":{},\"isValidChecksum\":true}"
[2026-08-15 18:47:28.833] [debug] [serialport] event=serialport.packet.response status=success boardName=board1 functionGroup=6 action=A
[2026-08-15 18:47:28.914] [debug] [serialport] event=serialport.packet status=success boardName=board1 length=10 message="bytearray(b'\\x02034QCP7B\\x03')"
[2026-08-15 18:47:28.963] [debug] [serialport] event=serialport.packet status=success boardName=board1 length=50 message="bytearray(b'\\x02174DPC0000100000000010000100000000000000000000F6\\x03')"
[2026-08-15 18:47:28.964] [debug] [serialport] event=serialport.packet.parse status=success boardName=board1 message="{\"isValidStx\":true,\"isValidEtx\":true,\"isValidDst\":true,\"isValidSrc\":true,\"isValidLength\":true,\"fnc\":\"4\",\"act\":\"D\",\"data\":{\"0\":48,\"1\":48,\"2\":48,\"3\":48,\"4\":49,\"5\":48,\"6\":48,\"7\":48,\"8\":48,\"9\":48,\"10\":48,\"11\":48,\"12\":48,\"13\":48,\"14\":49,\"15\":48,\"16\":48,\"17\":48,\"18\":48,\"19\":49,\"20\":48,\"21\":48,\"22\":48,\"23\":48,\"24\":48,\"25\":48,\"26\":48,\"27\":48,\"28\":48,\"29\":48,\"30\":48,\"31\":48,\"32\":48,\"33\":48,\"34\":48,\"35\":48,\"36\":48,\"37\":48,\"38\":48,\"39\":48,\"40\":70},\"values\":[0,0,0,0,1,0,0,0,0,0,0,0,0,0,1,0,0,0,0,1,0,0,0,0,0,0,0,0,0,0,0,0,0,0,0,0,0,0,0,0,22],\"part\":{},\"isValidChecksum\":true}"
[2026-08-15 18:47:29.026] [debug] [serialport] event=serialport.packet status=success boardName=board1 length=10 message="bytearray(b'\\x02034QCP7B\\x03')"
[2026-08-15 18:47:29.046] [debug] [serialport] event=serialport.packet status=success boardName=board1 length=50 message="bytearray(b'\\x02174DPC0000100000000010000100000000000000000000F6\\x03')"
[2026-08-15 18:47:29.047] [debug] [serialport] event=serialport.packet.parse status=success boardName=board1 message="{\"isValidStx\":true,\"isValidEtx\":true,\"isValidDst\":true,\"isValidSrc\":true,\"isValidLength\":true,\"fnc\":\"4\",\"act\":\"D\",\"data\":{\"0\":48,\"1\":48,\"2\":48,\"3\":48,\"4\":49,\"5\":48,\"6\":48,\"7\":48,\"8\":48,\"9\":48,\"10\":48,\"11\":48,\"12\":48,\"13\":48,\"14\":49,\"15\":48,\"16\":48,\"17\":48,\"18\":48,\"19\":49,\"20\":48,\"21\":48,\"22\":48,\"23\":48,\"24\":48,\"25\":48,\"26\":48,\"27\":48,\"28\":48,\"29\":48,\"30\":48,\"31\":48,\"32\":48,\"33\":48,\"34\":48,\"35\":48,\"36\":48,\"37\":48,\"38\":48,\"39\":48,\"40\":70},\"values\":[0,0,0,0,1,0,0,0,0,0,0,0,0,0,1,0,0,0,0,1,0,0,0,0,0,0,0,0,0,0,0,0,0,0,0,0,0,0,0,0,22],\"part\":{},\"isValidChecksum\":true}"
[2026-08-15 18:47:29.129] [debug] [serialport] event=serialport.packet status=success boardName=board1 length=10 message="bytearray(b'\\x02034QCP7B\\x03')"
[2026-08-15 18:47:29.173] [debug] [serialport] event=serialport.packet status=success boardName=board1 length=50 message="bytearray(b'\\x02174DPC0000100000000010000100000000000000000000F6\\x03')"
[2026-08-15 18:47:29.175] [debug] [serialport] event=serialport.packet.parse status=success boardName=board1 message="{\"isValidStx\":true,\"isValidEtx\":true,\"isValidDst\":true,\"isValidSrc\":true,\"isValidLength\":true,\"fnc\":\"4\",\"act\":\"D\",\"data\":{\"0\":48,\"1\":48,\"2\":48,\"3\":48,\"4\":49,\"5\":48,\"6\":48,\"7\":48,\"8\":48,\"9\":48,\"10\":48,\"11\":48,\"12\":48,\"13\":48,\"14\":49,\"15\":48,\"16\":48,\"17\":48,\"18\":48,\"19\":49,\"20\":48,\"21\":48,\"22\":48,\"23\":48,\"24\":48,\"25\":48,\"26\":48,\"27\":48,\"28\":48,\"29\":48,\"30\":48,\"31\":48,\"32\":48,\"33\":48,\"34\":48,\"35\":48,\"36\":48,\"37\":48,\"38\":48,\"39\":48,\"40\":70},\"values\":[0,0,0,0,1,0,0,0,0,0,0,0,0,0,1,0,0,0,0,1,0,0,0,0,0,0,0,0,0,0,0,0,0,0,0,0,0,0,0,0,22],\"part\":{},\"isValidChecksum\":true}"
[2026-08-15 18:47:29.240] [debug] [serialport] event=serialport.packet status=success boardName=board1 length=10 message="bytearray(b'\\x02034QCP7B\\x03')"
[2026-08-15 18:47:29.299] [debug] [serialport] event=serialport.packet status=success boardName=board1 length=50 message="bytearray(b'\\x02174DPC0000100000000010000100000000000000000000F6\\x03')"
[2026-08-15 18:47:29.301] [debug] [serialport] event=serialport.packet.parse status=success boardName=board1 message="{\"isValidStx\":true,\"isValidEtx\":true,\"isValidDst\":true,\"isValidSrc\":true,\"isValidLength\":true,\"fnc\":\"4\",\"act\":\"D\",\"data\":{\"0\":48,\"1\":48,\"2\":48,\"3\":48,\"4\":49,\"5\":48,\"6\":48,\"7\":48,\"8\":48,\"9\":48,\"10\":48,\"11\":48,\"12\":48,\"13\":48,\"14\":49,\"15\":48,\"16\":48,\"17\":48,\"18\":48,\"19\":49,\"20\":48,\"21\":48,\"22\":48,\"23\":48,\"24\":48,\"25\":48,\"26\":48,\"27\":48,\"28\":48,\"29\":48,\"30\":48,\"31\":48,\"32\":48,\"33\":48,\"34\":48,\"35\":48,\"36\":48,\"37\":48,\"38\":48,\"39\":48,\"40\":70},\"values\":[0,0,0,0,1,0,0,0,0,0,0,0,0,0,1,0,0,0,0,1,0,0,0,0,0,0,0,0,0,0,0,0,0,0,0,0,0,0,0,0,22],\"part\":{},\"isValidChecksum\":true}"
[2026-08-15 18:47:29.347] [debug] [serialport] event=serialport.packet status=success boardName=board1 length=10 message="bytearray(b'\\x02034QCP7B\\x03')"
[2026-08-15 18:47:29.388] [debug] [serialport] event=serialport.packet status=success boardName=board1 length=50 message="bytearray(b'\\x02174DPC0000100000000010000100000000000000000000F6\\x03')"
[2026-08-15 18:47:29.390] [debug] [serialport] event=serialport.packet.parse status=success boardName=board1 message="{\"isValidStx\":true,\"isValidEtx\":true,\"isValidDst\":true,\"isValidSrc\":true,\"isValidLength\":true,\"fnc\":\"4\",\"act\":\"D\",\"data\":{\"0\":48,\"1\":48,\"2\":48,\"3\":48,\"4\":49,\"5\":48,\"6\":48,\"7\":48,\"8\":48,\"9\":48,\"10\":48,\"11\":48,\"12\":48,\"13\":48,\"14\":49,\"15\":48,\"16\":48,\"17\":48,\"18\":48,\"19\":49,\"20\":48,\"21\":48,\"22\":48,\"23\":48,\"24\":48,\"25\":48,\"26\":48,\"27\":48,\"28\":48,\"29\":48,\"30\":48,\"31\":48,\"32\":48,\"33\":48,\"34\":48,\"35\":48,\"36\":48,\"37\":48,\"38\":48,\"39\":48,\"40\":70},\"values\":[0,0,0,0,1,0,0,0,0,0,0,0,0,0,1,0,0,0,0,1,0,0,0,0,0,0,0,0,0,0,0,0,0,0,0,0,0,0,0,0,22],\"part\":{},\"isValidChecksum\":true}"
[2026-08-15 18:47:29.443] [debug] [serialport] event=serialport.packet status=success boardName=board1 length=10 message="bytearray(b'\\x02034QCP7B\\x03')"
[2026-08-15 18:47:29.472] [debug] [serialport] event=serialport.packet status=success boardName=board1 length=50 message="bytearray(b'\\x02174DPC0000100000000010000100000000000000000000F6\\x03')"
[2026-08-15 18:47:29.473] [debug] [serialport] event=serialport.packet.parse status=success boardName=board1 message="{\"isValidStx\":true,\"isValidEtx\":true,\"isValidDst\":true,\"isValidSrc\":true,\"isValidLength\":true,\"fnc\":\"4\",\"act\":\"D\",\"data\":{\"0\":48,\"1\":48,\"2\":48,\"3\":48,\"4\":49,\"5\":48,\"6\":48,\"7\":48,\"8\":48,\"9\":48,\"10\":48,\"11\":48,\"12\":48,\"13\":48,\"14\":49,\"15\":48,\"16\":48,\"17\":48,\"18\":48,\"19\":49,\"20\":48,\"21\":48,\"22\":48,\"23\":48,\"24\":48,\"25\":48,\"26\":48,\"27\":48,\"28\":48,\"29\":48,\"30\":48,\"31\":48,\"32\":48,\"33\":48,\"34\":48,\"35\":48,\"36\":48,\"37\":48,\"38\":48,\"39\":48,\"40\":70},\"values\":[0,0,0,0,1,0,0,0,0,0,0,0,0,0,1,0,0,0,0,1,0,0,0,0,0,0,0,0,0,0,0,0,0,0,0,0,0,0,0,0,22],\"part\":{},\"isValidChecksum\":true}"
[2026-08-15 18:47:29.551] [debug] [serialport] event=serialport.packet status=success boardName=board1 length=10 message="bytearray(b'\\x02034QCP7B\\x03')"
[2026-08-15 18:47:29.584] [debug] [serialport] event=serialport.packet status=success boardName=board1 length=50 message="bytearray(b'\\x02174DPC0000100000000010000100000000000000000000F6\\x03')"
[2026-08-15 18:47:29.590] [debug] [serialport] event=serialport.packet.parse status=success boardName=board1 message="{\"isValidStx\":true,\"isValidEtx\":true,\"isValidDst\":true,\"isValidSrc\":true,\"isValidLength\":true,\"fnc\":\"4\",\"act\":\"D\",\"data\":{\"0\":48,\"1\":48,\"2\":48,\"3\":48,\"4\":49,\"5\":48,\"6\":48,\"7\":48,\"8\":48,\"9\":48,\"10\":48,\"11\":48,\"12\":48,\"13\":48,\"14\":49,\"15\":48,\"16\":48,\"17\":48,\"18\":48,\"19\":49,\"20\":48,\"21\":48,\"22\":48,\"23\":48,\"24\":48,\"25\":48,\"26\":48,\"27\":48,\"28\":48,\"29\":48,\"30\":48,\"31\":48,\"32\":48,\"33\":48,\"34\":48,\"35\":48,\"36\":48,\"37\":48,\"38\":48,\"39\":48,\"40\":70},\"values\":[0,0,0,0,1,0,0,0,0,0,0,0,0,0,1,0,0,0,0,1,0,0,0,0,0,0,0,0,0,0,0,0,0,0,0,0,0,0,0,0,22],\"part\":{},\"isValidChecksum\":true}"
[2026-08-15 18:47:29.632] [debug] [serialport] event=serialport.packet status=success boardName=board1 length=10 message="bytearray(b'\\x02034QCP7B\\x03')"
[2026-08-15 18:47:29.662] [debug] [serialport] event=serialport.packet status=success boardName=board1 length=50 message="bytearray(b'\\x02174DPC0000100000000010000100000000000000000000F6\\x03')"
[2026-08-15 18:47:29.664] [debug] [serialport] event=serialport.packet.parse status=success boardName=board1 message="{\"isValidStx\":true,\"isValidEtx\":true,\"isValidDst\":true,\"isValidSrc\":true,\"isValidLength\":true,\"fnc\":\"4\",\"act\":\"D\",\"data\":{\"0\":48,\"1\":48,\"2\":48,\"3\":48,\"4\":49,\"5\":48,\"6\":48,\"7\":48,\"8\":48,\"9\":48,\"10\":48,\"11\":48,\"12\":48,\"13\":48,\"14\":49,\"15\":48,\"16\":48,\"17\":48,\"18\":48,\"19\":49,\"20\":48,\"21\":48,\"22\":48,\"23\":48,\"24\":48,\"25\":48,\"26\":48,\"27\":48,\"28\":48,\"29\":48,\"30\":48,\"31\":48,\"32\":48,\"33\":48,\"34\":48,\"35\":48,\"36\":48,\"37\":48,\"38\":48,\"39\":48,\"40\":70},\"values\":[0,0,0,0,1,0,0,0,0,0,0,0,0,0,1,0,0,0,0,1,0,0,0,0,0,0,0,0,0,0,0,0,0,0,0,0,0,0,0,0,22],\"part\":{},\"isValidChecksum\":true}"
[2026-08-15 18:47:29.754] [debug] [serialport] event=serialport.packet status=success boardName=board1 length=10 message="bytearray(b'\\x02034QCP7B\\x03')"
[2026-08-15 18:47:29.797] [debug] [serialport] event=serialport.packet status=success boardName=board1 length=50 message="bytearray(b'\\x02174DPC0000100000000010000100000000000000000000F6\\x03')"
[2026-08-15 18:47:29.798] [debug] [serialport] event=serialport.packet.parse status=success boardName=board1 message="{\"isValidStx\":true,\"isValidEtx\":true,\"isValidDst\":true,\"isValidSrc\":true,\"isValidLength\":true,\"fnc\":\"4\",\"act\":\"D\",\"data\":{\"0\":48,\"1\":48,\"2\":48,\"3\":48,\"4\":49,\"5\":48,\"6\":48,\"7\":48,\"8\":48,\"9\":48,\"10\":48,\"11\":48,\"12\":48,\"13\":48,\"14\":49,\"15\":48,\"16\":48,\"17\":48,\"18\":48,\"19\":49,\"20\":48,\"21\":48,\"22\":48,\"23\":48,\"24\":48,\"25\":48,\"26\":48,\"27\":48,\"28\":48,\"29\":48,\"30\":48,\"31\":48,\"32\":48,\"33\":48,\"34\":48,\"35\":48,\"36\":48,\"37\":48,\"38\":48,\"39\":48,\"40\":70},\"values\":[0,0,0,0,1,0,0,0,0,0,0,0,0,0,1,0,0,0,0,1,0,0,0,0,0,0,0,0,0,0,0,0,0,0,0,0,0,0,0,0,22],\"part\":{},\"isValidChecksum\":true}"
[2026-08-15 18:47:29.846] [debug] [serialport] event=serialport.packet status=success boardName=board1 length=10 message="bytearray(b'\\x02034QCP7B\\x03')"
[2026-08-15 18:47:29.874] [debug] [serialport] event=serialport.packet status=success boardName=board1 length=50 message="bytearray(b'\\x02174DPC0000100000000010000100000000000000000000F6\\x03')"
[2026-08-15 18:47:29.876] [debug] [serialport] event=serialport.packet.parse status=success boardName=board1 message="{\"isValidStx\":true,\"isValidEtx\":true,\"isValidDst\":true,\"isValidSrc\":true,\"isValidLength\":true,\"fnc\":\"4\",\"act\":\"D\",\"data\":{\"0\":48,\"1\":48,\"2\":48,\"3\":48,\"4\":49,\"5\":48,\"6\":48,\"7\":48,\"8\":48,\"9\":48,\"10\":48,\"11\":48,\"12\":48,\"13\":48,\"14\":49,\"15\":48,\"16\":48,\"17\":48,\"18\":48,\"19\":49,\"20\":48,\"21\":48,\"22\":48,\"23\":48,\"24\":48,\"25\":48,\"26\":48,\"27\":48,\"28\":48,\"29\":48,\"30\":48,\"31\":48,\"32\":48,\"33\":48,\"34\":48,\"35\":48,\"36\":48,\"37\":48,\"38\":48,\"39\":48,\"40\":70},\"values\":[0,0,0,0,1,0,0,0,0,0,0,0,0,0,1,0,0,0,0,1,0,0,0,0,0,0,0,0,0,0,0,0,0,0,0,0,0,0,0,0,22],\"part\":{},\"isValidChecksum\":true}"
[2026-08-15 18:47:29.945] [debug] [serialport] event=serialport.packet status=success boardName=board1 length=10 message="bytearray(b'\\x02034QCP7B\\x03')"
[2026-08-15 18:47:29.996] [debug] [serialport] event=serialport.packet status=success boardName=board1 length=50 message="bytearray(b'\\x02174DPC0000100000000010000100000000000000000000F6\\x03')"
[2026-08-15 18:47:29.999] [debug] [serialport] event=serialport.packet.parse status=success boardName=board1 message="{\"isValidStx\":true,\"isValidEtx\":true,\"isValidDst\":true,\"isValidSrc\":true,\"isValidLength\":true,\"fnc\":\"4\",\"act\":\"D\",\"data\":{\"0\":48,\"1\":48,\"2\":48,\"3\":48,\"4\":49,\"5\":48,\"6\":48,\"7\":48,\"8\":48,\"9\":48,\"10\":48,\"11\":48,\"12\":48,\"13\":48,\"14\":49,\"15\":48,\"16\":48,\"17\":48,\"18\":48,\"19\":49,\"20\":48,\"21\":48,\"22\":48,\"23\":48,\"24\":48,\"25\":48,\"26\":48,\"27\":48,\"28\":48,\"29\":48,\"30\":48,\"31\":48,\"32\":48,\"33\":48,\"34\":48,\"35\":48,\"36\":48,\"37\":48,\"38\":48,\"39\":48,\"40\":70},\"values\":[0,0,0,0,1,0,0,0,0,0,0,0,0,0,1,0,0,0,0,1,0,0,0,0,0,0,0,0,0,0,0,0,0,0,0,0,0,0,0,0,22],\"part\":{},\"isValidChecksum\":true}"
[2026-08-15 18:47:30.040] [debug] [serialport] event=serialport.packet status=success boardName=board1 length=10 message="bytearray(b'\\x02034QCP7B\\x03')"
[2026-08-15 18:47:30.071] [debug] [serialport] event=serialport.packet status=success boardName=board1 length=50 message="bytearray(b'\\x02174DPC0000100000000010000100000000000000000000F6\\x03')"
[2026-08-15 18:47:30.072] [debug] [serialport] event=serialport.packet.parse status=success boardName=board1 message="{\"isValidStx\":true,\"isValidEtx\":true,\"isValidDst\":true,\"isValidSrc\":true,\"isValidLength\":true,\"fnc\":\"4\",\"act\":\"D\",\"data\":{\"0\":48,\"1\":48,\"2\":48,\"3\":48,\"4\":49,\"5\":48,\"6\":48,\"7\":48,\"8\":48,\"9\":48,\"10\":48,\"11\":48,\"12\":48,\"13\":48,\"14\":49,\"15\":48,\"16\":48,\"17\":48,\"18\":48,\"19\":49,\"20\":48,\"21\":48,\"22\":48,\"23\":48,\"24\":48,\"25\":48,\"26\":48,\"27\":48,\"28\":48,\"29\":48,\"30\":48,\"31\":48,\"32\":48,\"33\":48,\"34\":48,\"35\":48,\"36\":48,\"37\":48,\"38\":48,\"39\":48,\"40\":70},\"values\":[0,0,0,0,1,0,0,0,0,0,0,0,0,0,1,0,0,0,0,1,0,0,0,0,0,0,0,0,0,0,0,0,0,0,0,0,0,0,0,0,22],\"part\":{},\"isValidChecksum\":true}"
[2026-08-15 18:47:30.172] [debug] [serialport] event=serialport.packet status=success boardName=board1 length=10 message="bytearray(b'\\x02034QCP7B\\x03')"
[2026-08-15 18:47:30.211] [debug] [serialport] event=serialport.packet status=success boardName=board1 length=50 message="bytearray(b'\\x02174DPC0000100000000010000100000000000000000000F6\\x03')"
[2026-08-15 18:47:30.213] [debug] [serialport] event=serialport.packet.parse status=success boardName=board1 message="{\"isValidStx\":true,\"isValidEtx\":true,\"isValidDst\":true,\"isValidSrc\":true,\"isValidLength\":true,\"fnc\":\"4\",\"act\":\"D\",\"data\":{\"0\":48,\"1\":48,\"2\":48,\"3\":48,\"4\":49,\"5\":48,\"6\":48,\"7\":48,\"8\":48,\"9\":48,\"10\":48,\"11\":48,\"12\":48,\"13\":48,\"14\":49,\"15\":48,\"16\":48,\"17\":48,\"18\":48,\"19\":49,\"20\":48,\"21\":48,\"22\":48,\"23\":48,\"24\":48,\"25\":48,\"26\":48,\"27\":48,\"28\":48,\"29\":48,\"30\":48,\"31\":48,\"32\":48,\"33\":48,\"34\":48,\"35\":48,\"36\":48,\"37\":48,\"38\":48,\"39\":48,\"40\":70},\"values\":[0,0,0,0,1,0,0,0,0,0,0,0,0,0,1,0,0,0,0,1,0,0,0,0,0,0,0,0,0,0,0,0,0,0,0,0,0,0,0,0,22],\"part\":{},\"isValidChecksum\":true}"
[2026-08-15 18:47:30.285] [debug] [serialport] event=serialport.packet status=success boardName=board1 length=10 message="bytearray(b'\\x02034QCP7B\\x03')"
[2026-08-15 18:47:30.327] [debug] [serialport] event=serialport.packet status=success boardName=board1 length=50 message="bytearray(b'\\x02174DPC0000100000000010000100000000000000000000F6\\x03')"
[2026-08-15 18:47:30.328] [debug] [serialport] event=serialport.packet.parse status=success boardName=board1 message="{\"isValidStx\":true,\"isValidEtx\":true,\"isValidDst\":true,\"isValidSrc\":true,\"isValidLength\":true,\"fnc\":\"4\",\"act\":\"D\",\"data\":{\"0\":48,\"1\":48,\"2\":48,\"3\":48,\"4\":49,\"5\":48,\"6\":48,\"7\":48,\"8\":48,\"9\":48,\"10\":48,\"11\":48,\"12\":48,\"13\":48,\"14\":49,\"15\":48,\"16\":48,\"17\":48,\"18\":48,\"19\":49,\"20\":48,\"21\":48,\"22\":48,\"23\":48,\"24\":48,\"25\":48,\"26\":48,\"27\":48,\"28\":48,\"29\":48,\"30\":48,\"31\":48,\"32\":48,\"33\":48,\"34\":48,\"35\":48,\"36\":48,\"37\":48,\"38\":48,\"39\":48,\"40\":70},\"values\":[0,0,0,0,1,0,0,0,0,0,0,0,0,0,1,0,0,0,0,1,0,0,0,0,0,0,0,0,0,0,0,0,0,0,0,0,0,0,0,0,22],\"part\":{},\"isValidChecksum\":true}"
[2026-08-15 18:47:30.405] [debug] [serialport] event=serialport.packet status=success boardName=board1 length=10 message="bytearray(b'\\x02034QCP7B\\x03')"
[2026-08-15 18:47:30.443] [debug] [serialport] event=serialport.packet status=success boardName=board1 length=50 message="bytearray(b'\\x02174DPC0000100000000010000100000000000000000000F6\\x03')"
[2026-08-15 18:47:30.445] [debug] [serialport] event=serialport.packet.parse status=success boardName=board1 message="{\"isValidStx\":true,\"isValidEtx\":true,\"isValidDst\":true,\"isValidSrc\":true,\"isValidLength\":true,\"fnc\":\"4\",\"act\":\"D\",\"data\":{\"0\":48,\"1\":48,\"2\":48,\"3\":48,\"4\":49,\"5\":48,\"6\":48,\"7\":48,\"8\":48,\"9\":48,\"10\":48,\"11\":48,\"12\":48,\"13\":48,\"14\":49,\"15\":48,\"16\":48,\"17\":48,\"18\":48,\"19\":49,\"20\":48,\"21\":48,\"22\":48,\"23\":48,\"24\":48,\"25\":48,\"26\":48,\"27\":48,\"28\":48,\"29\":48,\"30\":48,\"31\":48,\"32\":48,\"33\":48,\"34\":48,\"35\":48,\"36\":48,\"37\":48,\"38\":48,\"39\":48,\"40\":70},\"values\":[0,0,0,0,1,0,0,0,0,0,0,0,0,0,1,0,0,0,0,1,0,0,0,0,0,0,0,0,0,0,0,0,0,0,0,0,0,0,0,0,22],\"part\":{},\"isValidChecksum\":true}"
[2026-08-15 18:47:30.519] [debug] [serialport] event=serialport.packet status=success boardName=board1 length=10 message="bytearray(b'\\x02034QCP7B\\x03')"
[2026-08-15 18:47:30.585] [debug] [serialport] event=serialport.packet status=success boardName=board1 length=50 message="bytearray(b'\\x02174DPC0000100000000010000100000000000000000000F6\\x03')"
[2026-08-15 18:47:30.587] [debug] [serialport] event=serialport.packet.parse status=success boardName=board1 message="{\"isValidStx\":true,\"isValidEtx\":true,\"isValidDst\":true,\"isValidSrc\":true,\"isValidLength\":true,\"fnc\":\"4\",\"act\":\"D\",\"data\":{\"0\":48,\"1\":48,\"2\":48,\"3\":48,\"4\":49,\"5\":48,\"6\":48,\"7\":48,\"8\":48,\"9\":48,\"10\":48,\"11\":48,\"12\":48,\"13\":48,\"14\":49,\"15\":48,\"16\":48,\"17\":48,\"18\":48,\"19\":49,\"20\":48,\"21\":48,\"22\":48,\"23\":48,\"24\":48,\"25\":48,\"26\":48,\"27\":48,\"28\":48,\"29\":48,\"30\":48,\"31\":48,\"32\":48,\"33\":48,\"34\":48,\"35\":48,\"36\":48,\"37\":48,\"38\":48,\"39\":48,\"40\":70},\"values\":[0,0,0,0,1,0,0,0,0,0,0,0,0,0,1,0,0,0,0,1,0,0,0,0,0,0,0,0,0,0,0,0,0,0,0,0,0,0,0,0,22],\"part\":{},\"isValidChecksum\":true}"
[2026-08-15 18:47:30.627] [debug] [serialport] event=serialport.packet status=success boardName=board1 length=10 message="bytearray(b'\\x02034QCP7B\\x03')"
[2026-08-15 18:47:30.673] [debug] [serialport] event=serialport.packet status=success boardName=board1 length=50 message="bytearray(b'\\x02174DPC0000100000000010000100000000000000000000F6\\x03')"
[2026-08-15 18:47:30.674] [debug] [serialport] event=serialport.packet.parse status=success boardName=board1 message="{\"isValidStx\":true,\"isValidEtx\":true,\"isValidDst\":true,\"isValidSrc\":true,\"isValidLength\":true,\"fnc\":\"4\",\"act\":\"D\",\"data\":{\"0\":48,\"1\":48,\"2\":48,\"3\":48,\"4\":49,\"5\":48,\"6\":48,\"7\":48,\"8\":48,\"9\":48,\"10\":48,\"11\":48,\"12\":48,\"13\":48,\"14\":49,\"15\":48,\"16\":48,\"17\":48,\"18\":48,\"19\":49,\"20\":48,\"21\":48,\"22\":48,\"23\":48,\"24\":48,\"25\":48,\"26\":48,\"27\":48,\"28\":48,\"29\":48,\"30\":48,\"31\":48,\"32\":48,\"33\":48,\"34\":48,\"35\":48,\"36\":48,\"37\":48,\"38\":48,\"39\":48,\"40\":70},\"values\":[0,0,0,0,1,0,0,0,0,0,0,0,0,0,1,0,0,0,0,1,0,0,0,0,0,0,0,0,0,0,0,0,0,0,0,0,0,0,0,0,22],\"part\":{},\"isValidChecksum\":true}"
[2026-08-15 18:47:30.741] [debug] [serialport] event=serialport.packet status=success boardName=board1 length=10 message="bytearray(b'\\x02034QCP7B\\x03')"
[2026-08-15 18:47:30.779] [debug] [serialport] event=serialport.packet status=success boardName=board1 length=50 message="bytearray(b'\\x02174DPC0000101000000010000100000000000000000000F7\\x03')"
[2026-08-15 18:47:30.781] [debug] [serialport] event=serialport.packet.parse status=success boardName=board1 message="{\"isValidStx\":true,\"isValidEtx\":true,\"isValidDst\":true,\"isValidSrc\":true,\"isValidLength\":true,\"fnc\":\"4\",\"act\":\"D\",\"data\":{\"0\":48,\"1\":48,\"2\":48,\"3\":48,\"4\":49,\"5\":48,\"6\":49,\"7\":48,\"8\":48,\"9\":48,\"10\":48,\"11\":48,\"12\":48,\"13\":48,\"14\":49,\"15\":48,\"16\":48,\"17\":48,\"18\":48,\"19\":49,\"20\":48,\"21\":48,\"22\":48,\"23\":48,\"24\":48,\"25\":48,\"26\":48,\"27\":48,\"28\":48,\"29\":48,\"30\":48,\"31\":48,\"32\":48,\"33\":48,\"34\":48,\"35\":48,\"36\":48,\"37\":48,\"38\":48,\"39\":48,\"40\":70},\"values\":[0,0,0,0,1,0,1,0,0,0,0,0,0,0,1,0,0,0,0,1,0,0,0,0,0,0,0,0,0,0,0,0,0,0,0,0,0,0,0,0,22],\"part\":{},\"isValidChecksum\":true}"
[2026-08-15 18:47:30.908] [debug] [serialport] event=serialport.packet status=success boardName=board1 length=14 message="bytearray(b'\\x02056DCP300035\\x03')"
[2026-08-15 18:47:30.945] [debug] [serialport] event=serialport.packet status=success boardName=board1 length=10 message="bytearray(b'\\x02036APC6D\\x03')"
[2026-08-15 18:47:30.947] [debug] [serialport] event=serialport.packet.parse status=success boardName=board1 message="{\"isValidStx\":true,\"isValidEtx\":true,\"isValidDst\":true,\"isValidSrc\":true,\"isValidLength\":true,\"fnc\":\"6\",\"act\":\"A\",\"data\":{\"0\":54},\"values\":[],\"part\":{},\"isValidChecksum\":true}"
[2026-08-15 18:47:30.949] [debug] [serialport] event=serialport.packet.response status=success boardName=board1 functionGroup=6 action=A