[2026-08-20 00:45:25.661] [info]  [toss] event=order.received status=success source=toss virtual=off mode=order orderId=745307368247424076 menuCount=1 mappings=[{"baseCode":"MSH1000","recipeCode":"MSH1000","matchedMenuName":"HOT에스프레소_도피오(스탠다드)_MV","stepsSummary":"CUP:,_COFFEE:45"}]
[2026-08-20 00:45:25.772] [error] [toss] event=order.failed status=failed stage=HARDWARE source=toss virtual=off mode=order orderId=745307368247424076 bill=745307368247424076 menuCount=1 error=HW물리검증_실패:_[745307368247424076]_[HOT에스프레소_도피오(스탠다드)_MV]_컵_추출_실패:_컵4
[2026-08-20 00:45:33.279] [info]  [toss] event=order.received status=success source=toss virtual=off mode=order orderId=745307404255537625 menuCount=1 mappings=[{"baseCode":"MSI2002","recipeCode":"MSI2002","matchedMenuName":"ICED카페라떼(스탠다드)(샷추가)_MV","stepsSummary":"CUP:1,_ICE:5600,_COLD_MILK:140,_COFFEE:120"}]
[2026-08-20 00:45:33.347] [error] [toss] event=order.failed status=failed stage=HARDWARE source=toss virtual=off mode=order orderId=745307404255537625 bill=745307404255537625 menuCount=1 error=HW물리검증_실패:_[745307404255537625]_[ICED카페라떼(스탠다드)(샷추가)_MV]_컵_추출_실패:_컵1
[2026-08-20 00:45:46.366] [info]  [toss] event=order.received status=success source=toss virtual=off mode=order orderId=745307458039086441 menuCount=1 mappings=[{"baseCode":"MSI2006","recipeCode":"MSI2006","matchedMenuName":"ICED카페모카(스탠다드)_MV","stepsSummary":"CUP:1,_ICE:5600,_COLD_MILK:160,_SIRUP1:50,_COFFEE:90"}]
[2026-08-20 00:45:46.408] [error] [toss] event=order.failed status=failed stage=HARDWARE source=toss virtual=off mode=order orderId=745307458039086441 bill=745307458039086441 menuCount=1 error=HW물리검증_실패:_[745307458039086441]_[ICED카페모카(스탠다드)_MV]_컵_추출_실패:_컵1
[2026-08-20 00:46:05.848] [info]  [toss] event=order.received status=success source=toss virtual=off mode=order orderId=745307542910836927 menuCount=2 mappings=[{"baseCode":"MAI4014","recipeCode":"MAI4014","matchedMenuName":"ICED오렌지에이드_MV","stepsSummary":"CUP:1,_ICE:5600,_SPARKLE:200,_SIRUP2:70"},{"baseCode":"MAI4004","recipeCode":"MAI4004","matchedMenuName":"ICED자몽에이드_MV","stepsSummary":"CUP:1,_ICE:5600,_SPARKLE:200,_SIRUP5:70"}]
[2026-08-20 00:46:05.926] [error] [toss] event=order.failed status=failed stage=HARDWARE source=toss virtual=off mode=order orderId=745307542910836927 bill=745307542910836927 menuCount=2 error=HW물리검증_실패:_[745307542910836927]_[ICED오렌지에이드_MV]_컵_추출_실패:_컵1
[2026-08-20 00:46:26.869] [info]  [toss] event=order.received status=success source=toss virtual=off mode=order orderId=745307629577730660 menuCount=1 mappings=[{"baseCode":"MMI3025","recipeCode":"MMI3025","matchedMenuName":"ICED바나나라떼(헤이즐넛)_MV","stepsSummary":"CUP:1,_ICE:5600,_COLD_MILK:220,_SIRUP7:20,_SIRUP13:50"}]
[2026-08-20 00:46:26.917] [error] [toss] event=order.failed status=failed stage=HARDWARE source=toss virtual=off mode=order orderId=745307629577730660 bill=745307629577730660 menuCount=1 error=HW물리검증_실패:_[745307629577730660]_[ICED바나나라떼(헤이즐넛)_MV]_컵_추출_실패:_컵1
[2026-08-20 09:06:27.987] [info]  [toss] event=order.received status=success source=toss virtual=off mode=order orderId=745433463714118580 menuCount=1 mappings=[{"baseCode":"MMI3031","recipeCode":"MMI3031","matchedMenuName":"ICED초코라떼(헤이즐넛)_MV","stepsSummary":"CUP:1,_ICE:5600,_COLD_MILK:200,_SIRUP1:60,_SIRUP7:20"}]
[2026-08-20 09:06:28.050] [error] [toss] event=order.failed status=failed stage=HARDWARE source=toss virtual=off mode=order orderId=745433463714118580 bill=745433463714118580 menuCount=1 error=HW물리검증_실패:_[745433463714118580]_[ICED초코라떼(헤이즐넛)_MV]_컵_추출_실패:_컵1
[2026-08-20 09:09:57.982] [info]  [toss] event=order.received status=success source=toss virtual=off mode=order orderId=745434342408232884 menuCount=1 mappings=[{"baseCode":"MSI2003","recipeCode":"MSI2003","matchedMenuName":"ICED바닐라라떼(스탠다드)_MV","stepsSummary":"CUP:1,_ICE:5600,_COLD_MILK:160,_SIRUP15:40,_COFFEE:90"}]
[2026-08-20 09:09:58.034] [error] [toss] event=order.failed status=failed stage=HARDWARE source=toss virtual=off mode=order orderId=745434342408232884 bill=745434342408232884 menuCount=1 error=HW물리검증_실패:_[745434342408232884]_[ICED바닐라라떼(스탠다드)_MV]_컵_추출_실패:_컵1
[2026-08-20 09:10:17.984] [info]  [toss] event=order.received status=success source=toss virtual=off mode=order orderId=745434428957694296 menuCount=1 mappings=[{"baseCode":"MSI1002","recipeCode":"MSI1002","matchedMenuName":"ICED아메리카노(스탠다드)_MV","stepsSummary":"CUP:1,_ICE:5600,_COLD:155,_COFFEE:90"}]
[2026-08-20 09:10:18.031] [error] [toss] event=order.failed status=failed stage=HARDWARE source=toss virtual=off mode=order orderId=745434428957694296 bill=745434428957694296 menuCount=1 error=HW물리검증_실패:_[745434428957694296]_[ICED아메리카노(스탠다드)_MV]_컵_추출_실패:_컵1
[2026-08-20 09:10:36.988] [info]  [toss] event=order.received status=success source=toss virtual=off mode=order orderId=745434506783009532 menuCount=1 mappings=[{"baseCode":"MSI2001","recipeCode":"MSI2001","matchedMenuName":"ICED카페라떼(스탠다드)_MV","stepsSummary":"CUP:1,_ICE:5600,_COLD_MILK:180,_COFFEE:90"}]
[2026-08-20 09:10:37.055] [error] [toss] event=order.failed status=failed stage=HARDWARE source=toss virtual=off mode=order orderId=745434506783009532 bill=745434506783009532 menuCount=1 error=HW물리검증_실패:_[745434506783009532]_[ICED카페라떼(스탠다드)_MV]_컵_추출_실패:_컵1
[2026-08-20 09:10:47.982] [info]  [toss] event=order.received status=success source=toss virtual=off mode=order orderId=745434552865817984 menuCount=1 mappings=[{"baseCode":"MSI2003","recipeCode":"MSI2003","matchedMenuName":"ICED바닐라라떼(스탠다드)_MV","stepsSummary":"CUP:1,_ICE:5600,_COLD_MILK:160,_SIRUP15:40,_COFFEE:90"}]
[2026-08-20 09:10:48.039] [error] [toss] event=order.failed status=failed stage=HARDWARE source=toss virtual=off mode=order orderId=745434552865817984 bill=745434552865817984 menuCount=1 error=HW물리검증_실패:_[745434552865817984]_[ICED바닐라라떼(스탠다드)_MV]_컵_추출_실패:_컵1
[2026-08-20 09:11:00.993] [info]  [toss] event=order.received status=success source=toss virtual=off mode=order orderId=745434608608117312 menuCount=1 mappings=[{"baseCode":"MNI2003","recipeCode":"MNI2003","matchedMenuName":"ICED바닐라라떼(디카페인)_MV","stepsSummary":"CUP:1,_ICE:5600,_COLD_MILK:160,_SIRUP15:40,_COFFEE:61"}]
[2026-08-20 09:11:01.068] [error] [toss] event=order.failed status=failed stage=HARDWARE source=toss virtual=off mode=order orderId=745434608608117312 bill=745434608608117312 menuCount=1 error=HW물리검증_실패:_[745434608608117312]_[ICED바닐라라떼(디카페인)_MV]_컵_추출_실패:_컵1
[2026-08-20 09:11:17.981] [info]  [toss] event=order.received status=success source=toss virtual=off mode=order orderId=745434680716597493 menuCount=1 mappings=[{"baseCode":"MSH2003","recipeCode":"MSH2003","matchedMenuName":"HOT바닐라라떼(스탠다드)_MV","stepsSummary":"CUP:,_HOT_MILK:300,_SIRUP15:50,_COFFEE:90"}]
[2026-08-20 09:11:18.062] [error] [toss] event=order.failed status=failed stage=HARDWARE source=toss virtual=off mode=order orderId=745434680716597493 bill=745434680716597493 menuCount=1 error=HW물리검증_실패:_[745434680716597493]_[HOT바닐라라떼(스탠다드)_MV]_컵_추출_실패:_컵4