[2026-08-09 00:06:43.712] [info] [HASTE Agent] [HASTE Agent Bot] Successfully initialized using injected env variables. StoreCode: 075575
[2026-08-09 00:06:43.714] [info] [HASTE Agent] [HQ Origin] HASTE Cloud designated via --prod launch argument.
[2026-08-09 00:06:43.714] [info] [HASTE Agent] Targeting endpoint: https://cloud.cafehaste.com
[2026-08-09 00:06:43.716] [info]  [HASTE Agent Bot] Successfully initialized using injected env variables. StoreCode: 075575
[2026-08-09 00:06:43.719] [info]  [HQ Origin] HASTE Cloud designated via --prod launch argument.
[2026-08-09 00:06:43.722] [info]  Targeting endpoint: https://cloud.cafehaste.com
[2026-08-09 00:06:43.807] [info] [HASTE Agent] [HASTE Agent Server] Hono Gateway running on Port 8082 (Relaying to Port 8080)
[2026-08-09 00:06:43.808] [info] [HASTE Agent] Stealth Standby mode active. Waiting for remote connection requests...
[2026-08-09 00:06:43.809] [info] [HASTE Agent] [HEALTH] [RUN] (075575) : Checking Lilly Engine API (Attempt: 1/5)
[2026-08-09 00:06:43.808] [info]  [HASTE Agent Server] Hono Gateway running on Port 8082 (Relaying to Port 8080)
[2026-08-09 00:06:43.810] [info] [HASTE Agent] [HASTE] [Step 0: HEALTH] [INFO] Starting diagnostics for local hardware and internet connectivity...
[2026-08-09 00:06:43.812] [info]  [2026-08-09 00:06:43.808] [info] [HASTE Agent] Stealth Standby mode active. Waiting for remote connection requests...
[2026-08-09 00:06:43.814] [info]  [2026-08-09 00:06:43.809] [info] [HASTE Agent] [HEALTH] [RUN] (075575) : Checking Lilly Engine API (Attempt: 1/5)
[2026-08-09 00:06:43.816] [info]  [HASTE] [Step 0: HEALTH] [INFO] Starting diagnostics for local hardware and internet connectivity...
[2026-08-09 00:06:45.594] [info] [HASTE Agent] Discord client skipped. Running in Direct Webhook/SSE Tunnel Mode.
[2026-08-09 00:06:45.597] [info]  [2026-08-09 00:06:45.594] [info] [HASTE Agent] Discord client skipped. Running in Direct Webhook/SSE Tunnel Mode.
[2026-08-09 00:10:57.532] [info] [HASTE Agent] [HASTE Agent Bot] Successfully initialized using injected env variables. StoreCode: 075575
[2026-08-09 00:10:57.533] [info] [HASTE Agent] [HQ Origin] HASTE Cloud designated via --prod launch argument.
[2026-08-09 00:10:57.534] [info] [HASTE Agent] Targeting endpoint: https://cloud.cafehaste.com
[2026-08-09 00:10:57.533] [info]  [HASTE Agent Bot] Successfully initialized using injected env variables. StoreCode: 075575
[2026-08-09 00:10:57.538] [info]  [HQ Origin] HASTE Cloud designated via --prod launch argument.
[2026-08-09 00:10:57.540] [info]  Targeting endpoint: https://cloud.cafehaste.com
[2026-08-09 00:10:57.622] [info] [HASTE Agent] [HASTE Agent Server] Hono Gateway running on Port 8082 (Relaying to Port 8080)
[2026-08-09 00:10:57.622] [info] [HASTE Agent] Stealth Standby mode active. Waiting for remote connection requests...
[2026-08-09 00:10:57.623] [info] [HASTE Agent] [HEALTH] [RUN] (075575) : Checking Lilly Engine API (Attempt: 1/5)
[2026-08-09 00:10:57.623] [info]  [HASTE Agent Server] Hono Gateway running on Port 8082 (Relaying to Port 8080)
[2026-08-09 00:10:57.624] [info] [HASTE Agent] [HASTE] [Step 0: HEALTH] [INFO] Starting diagnostics for local hardware and internet connectivity...
[2026-08-09 00:10:57.625] [info]  [2026-08-09 00:10:57.622] [info] [HASTE Agent] Stealth Standby mode active. Waiting for remote connection requests...
[2026-08-09 00:10:57.628] [info]  [2026-08-09 00:10:57.623] [info] [HASTE Agent] [HEALTH] [RUN] (075575) : Checking Lilly Engine API (Attempt: 1/5)
[2026-08-09 00:10:57.629] [info]  [HASTE] [Step 0: HEALTH] [INFO] Starting diagnostics for local hardware and internet connectivity...
[2026-08-09 00:10:57.875] [info] [HASTE Agent] Discord client skipped. Running in Direct Webhook/SSE Tunnel Mode.
[2026-08-09 00:10:57.877] [info]  [2026-08-09 00:10:57.875] [info] [HASTE Agent] Discord client skipped. Running in Direct Webhook/SSE Tunnel Mode.
[2026-08-09 00:12:50.215] [info] [HASTE Agent] [HASTE Agent Bot] Successfully initialized using injected env variables. StoreCode: 075575
[2026-08-09 00:12:50.216] [info] [HASTE Agent] [HQ Origin] HASTE Cloud designated via --prod launch argument.
[2026-08-09 00:12:50.217] [info] [HASTE Agent] Targeting endpoint: https://cloud.cafehaste.com
[2026-08-09 00:12:50.216] [info]  [HASTE Agent Bot] Successfully initialized using injected env variables. StoreCode: 075575
[2026-08-09 00:12:50.219] [info]  [HQ Origin] HASTE Cloud designated via --prod launch argument.
[2026-08-09 00:12:50.221] [info]  Targeting endpoint: https://cloud.cafehaste.com
[2026-08-09 00:12:50.305] [info] [HASTE Agent] [HASTE Agent Server] Hono Gateway running on Port 8082 (Relaying to Port 8080)
[2026-08-09 00:12:50.306] [info] [HASTE Agent] Stealth Standby mode active. Waiting for remote connection requests...
[2026-08-09 00:12:50.307] [info] [HASTE Agent] [HEALTH] [RUN] (075575) : Checking Lilly Engine API (Attempt: 1/5)
[2026-08-09 00:12:50.306] [info]  [HASTE Agent Server] Hono Gateway running on Port 8082 (Relaying to Port 8080)
[2026-08-09 00:12:50.307] [info] [HASTE Agent] [HASTE] [Step 0: HEALTH] [INFO] Starting diagnostics for local hardware and internet connectivity...
[2026-08-09 00:12:50.308] [info]  [2026-08-09 00:12:50.306] [info] [HASTE Agent] Stealth Standby mode active. Waiting for remote connection requests...
[2026-08-09 00:12:50.310] [info]  [2026-08-09 00:12:50.307] [info] [HASTE Agent] [HEALTH] [RUN] (075575) : Checking Lilly Engine API (Attempt: 1/5)
[2026-08-09 00:12:50.312] [info]  [HASTE] [Step 0: HEALTH] [INFO] Starting diagnostics for local hardware and internet connectivity...
[2026-08-09 00:12:50.572] [info] [HASTE Agent] Discord client skipped. Running in Direct Webhook/SSE Tunnel Mode.
[2026-08-09 00:12:50.573] [info]  [2026-08-09 00:12:50.572] [info] [HASTE Agent] Discord client skipped. Running in Direct Webhook/SSE Tunnel Mode.
[2026-08-09 00:21:56.849] [info] [HASTE Agent] [HASTE Agent Bot] Successfully initialized using injected env variables. StoreCode: 075575
[2026-08-09 00:21:56.850] [info] [HASTE Agent] [HQ Origin] HASTE Cloud designated via --prod launch argument.
[2026-08-09 00:21:56.851] [info] [HASTE Agent] Targeting endpoint: https://cloud.cafehaste.com
[2026-08-09 00:21:56.851] [info]  [HASTE Agent Bot] Successfully initialized using injected env variables. StoreCode: 075575
[2026-08-09 00:21:56.855] [info]  [HQ Origin] HASTE Cloud designated via --prod launch argument.
[2026-08-09 00:21:56.857] [info]  Targeting endpoint: https://cloud.cafehaste.com
[2026-08-09 00:21:56.937] [info] [HASTE Agent] [HASTE Agent Server] Hono Gateway running on Port 8082 (Relaying to Port 8080)
[2026-08-09 00:21:56.937] [info] [HASTE Agent] Stealth Standby mode active. Waiting for remote connection requests...
[2026-08-09 00:21:56.938] [info] [HASTE Agent] [HEALTH] [RUN] (075575) : Checking Lilly Engine API (Attempt: 1/5)
[2026-08-09 00:21:56.938] [info]  [HASTE Agent Server] Hono Gateway running on Port 8082 (Relaying to Port 8080)
[2026-08-09 00:21:56.939] [info] [HASTE Agent] [HASTE] [Step 0: HEALTH] [INFO] Starting diagnostics for local hardware and internet connectivity...
[2026-08-09 00:21:56.941] [info]  [2026-08-09 00:21:56.937] [info] [HASTE Agent] Stealth Standby mode active. Waiting for remote connection requests...
[2026-08-09 00:21:56.943] [info]  [2026-08-09 00:21:56.938] [info] [HASTE Agent] [HEALTH] [RUN] (075575) : Checking Lilly Engine API (Attempt: 1/5)
[2026-08-09 00:21:56.945] [info]  [HASTE] [Step 0: HEALTH] [INFO] Starting diagnostics for local hardware and internet connectivity...
[2026-08-09 00:21:57.221] [info] [HASTE Agent] Discord client skipped. Running in Direct Webhook/SSE Tunnel Mode.
[2026-08-09 00:21:57.223] [info]  [2026-08-09 00:21:57.221] [info] [HASTE Agent] Discord client skipped. Running in Direct Webhook/SSE Tunnel Mode.
[2026-08-09 00:29:55.342] [info] [HASTE Agent] [HASTE Agent Bot] Successfully initialized using injected env variables. StoreCode: 075575
[2026-08-09 00:29:55.343] [info] [HASTE Agent] [HQ Origin] HASTE Cloud designated via --prod launch argument.
[2026-08-09 00:29:55.344] [info] [HASTE Agent] Targeting endpoint: https://cloud.cafehaste.com
[2026-08-09 00:29:55.344] [info]  [HASTE Agent Bot] Successfully initialized using injected env variables. StoreCode: 075575
[2026-08-09 00:29:55.350] [info]  [HQ Origin] HASTE Cloud designated via --prod launch argument.
[2026-08-09 00:29:55.352] [info]  Targeting endpoint: https://cloud.cafehaste.com
[2026-08-09 00:29:55.439] [info] [HASTE Agent] [HASTE Agent Server] Hono Gateway running on Port 8082 (Relaying to Port 8080)
[2026-08-09 00:29:55.440] [info] [HASTE Agent] Stealth Standby mode active. Waiting for remote connection requests...
[2026-08-09 00:29:55.440] [info] [HASTE Agent] [HEALTH] [RUN] (075575) : Checking Lilly Engine API (Attempt: 1/5)
[2026-08-09 00:29:55.441] [info] [HASTE Agent] [HASTE] [Step 0: HEALTH] [INFO] Starting diagnostics for local hardware and internet connectivity...
[2026-08-09 00:29:55.440] [info]  [HASTE Agent Server] Hono Gateway running on Port 8082 (Relaying to Port 8080)
[2026-08-09 00:29:55.443] [info]  [2026-08-09 00:29:55.440] [info] [HASTE Agent] Stealth Standby mode active. Waiting for remote connection requests...
[2026-08-09 00:29:55.445] [info]  [2026-08-09 00:29:55.440] [info] [HASTE Agent] [HEALTH] [RUN] (075575) : Checking Lilly Engine API (Attempt: 1/5)
[2026-08-09 00:29:55.448] [info]  [HASTE] [Step 0: HEALTH] [INFO] Starting diagnostics for local hardware and internet connectivity...
[2026-08-09 00:29:55.713] [info] [HASTE Agent] Discord client skipped. Running in Direct Webhook/SSE Tunnel Mode.
[2026-08-09 00:29:55.714] [info]  [2026-08-09 00:29:55.712] [info] [HASTE Agent] Discord client skipped. Running in Direct Webhook/SSE Tunnel Mode.
[2026-08-09 00:35:52.586] [info] [HASTE Agent] [HASTE Agent Bot] Successfully initialized using injected env variables. StoreCode: 075575
[2026-08-09 00:35:52.587] [info] [HASTE Agent] [HQ Origin] HASTE Cloud designated via --prod launch argument.
[2026-08-09 00:35:52.588] [info] [HASTE Agent] Targeting endpoint: https://cloud.cafehaste.com
[2026-08-09 00:35:52.587] [info]  [HASTE Agent Bot] Successfully initialized using injected env variables. StoreCode: 075575
[2026-08-09 00:35:52.595] [info]  [HQ Origin] HASTE Cloud designated via --prod launch argument.
[2026-08-09 00:35:52.596] [info]  Targeting endpoint: https://cloud.cafehaste.com
[2026-08-09 00:35:52.673] [info] [HASTE Agent] [HASTE Agent Server] Hono Gateway running on Port 8082 (Relaying to Port 8080)
[2026-08-09 00:35:52.674] [info] [HASTE Agent] Stealth Standby mode active. Waiting for remote connection requests...
[2026-08-09 00:35:52.675] [info] [HASTE Agent] [HEALTH] [RUN] (075575) : Checking Lilly Engine API (Attempt: 1/5)
[2026-08-09 00:35:52.674] [info]  [HASTE Agent Server] Hono Gateway running on Port 8082 (Relaying to Port 8080)
[2026-08-09 00:35:52.675] [info] [HASTE Agent] [HASTE] [Step 0: HEALTH] [INFO] Starting diagnostics for local hardware and internet connectivity...
[2026-08-09 00:35:52.678] [info]  [2026-08-09 00:35:52.674] [info] [HASTE Agent] Stealth Standby mode active. Waiting for remote connection requests...
[2026-08-09 00:35:52.679] [info]  [2026-08-09 00:35:52.675] [info] [HASTE Agent] [HEALTH] [RUN] (075575) : Checking Lilly Engine API (Attempt: 1/5)
[2026-08-09 00:35:52.681] [info]  [HASTE] [Step 0: HEALTH] [INFO] Starting diagnostics for local hardware and internet connectivity...
[2026-08-09 00:35:52.931] [info] [HASTE Agent] Discord client skipped. Running in Direct Webhook/SSE Tunnel Mode.
[2026-08-09 00:35:52.932] [info]  [2026-08-09 00:35:52.931] [info] [HASTE Agent] Discord client skipped. Running in Direct Webhook/SSE Tunnel Mode.
[2026-08-09 00:37:15.671] [info] [HASTE Agent] [HASTE Agent Bot] Successfully initialized using injected env variables. StoreCode: 075575
[2026-08-09 00:37:15.672] [info] [HASTE Agent] [HQ Origin] HASTE Cloud designated via --prod launch argument.
[2026-08-09 00:37:15.673] [info] [HASTE Agent] Targeting endpoint: https://cloud.cafehaste.com
[2026-08-09 00:37:15.673] [info]  [HASTE Agent Bot] Successfully initialized using injected env variables. StoreCode: 075575
[2026-08-09 00:37:15.681] [info]  [HQ Origin] HASTE Cloud designated via --prod launch argument.
[2026-08-09 00:37:15.683] [info]  Targeting endpoint: https://cloud.cafehaste.com
[2026-08-09 00:37:15.764] [info] [HASTE Agent] [HASTE Agent Server] Hono Gateway running on Port 8082 (Relaying to Port 8080)
[2026-08-09 00:37:15.765] [info] [HASTE Agent] Stealth Standby mode active. Waiting for remote connection requests...
[2026-08-09 00:37:15.766] [info] [HASTE Agent] [HEALTH] [RUN] (075575) : Checking Lilly Engine API (Attempt: 1/5)
[2026-08-09 00:37:15.766] [info]  [HASTE Agent Server] Hono Gateway running on Port 8082 (Relaying to Port 8080)
[2026-08-09 00:37:15.767] [info] [HASTE Agent] [HASTE] [Step 0: HEALTH] [INFO] Starting diagnostics for local hardware and internet connectivity...
[2026-08-09 00:37:15.770] [info]  [2026-08-09 00:37:15.765] [info] [HASTE Agent] Stealth Standby mode active. Waiting for remote connection requests...
[2026-08-09 00:37:15.773] [info]  [2026-08-09 00:37:15.766] [info] [HASTE Agent] [HEALTH] [RUN] (075575) : Checking Lilly Engine API (Attempt: 1/5)
[2026-08-09 00:37:15.774] [info]  [HASTE] [Step 0: HEALTH] [INFO] Starting diagnostics for local hardware and internet connectivity...
[2026-08-09 00:37:16.030] [info] [HASTE Agent] Discord client skipped. Running in Direct Webhook/SSE Tunnel Mode.
[2026-08-09 00:37:16.032] [info]  [2026-08-09 00:37:16.030] [info] [HASTE Agent] Discord client skipped. Running in Direct Webhook/SSE Tunnel Mode.
[2026-08-09 00:46:27.159] [info] [HASTE Agent] [HASTE Agent Bot] Successfully initialized using injected env variables. StoreCode: 075575
[2026-08-09 00:46:27.161] [info] [HASTE Agent] [HQ Origin] HASTE Cloud designated via --prod launch argument.
[2026-08-09 00:46:27.162] [info] [HASTE Agent] Targeting endpoint: https://cloud.cafehaste.com
[2026-08-09 00:46:27.161] [info]  [HASTE Agent Bot] Successfully initialized using injected env variables. StoreCode: 075575
[2026-08-09 00:46:27.166] [info]  [HQ Origin] HASTE Cloud designated via --prod launch argument.
[2026-08-09 00:46:27.168] [info]  Targeting endpoint: https://cloud.cafehaste.com
[2026-08-09 00:46:27.249] [info] [HASTE Agent] [HASTE Agent Server] Hono Gateway running on Port 8082 (Relaying to Port 8080)
[2026-08-09 00:46:27.250] [info] [HASTE Agent] Stealth Standby mode active. Waiting for remote connection requests...
[2026-08-09 00:46:27.251] [info] [HASTE Agent] [HEALTH] [RUN] (075575) : Checking Lilly Engine API (Attempt: 1/5)
[2026-08-09 00:46:27.251] [info]  [HASTE Agent Server] Hono Gateway running on Port 8082 (Relaying to Port 8080)
[2026-08-09 00:46:27.252] [info] [HASTE Agent] [HASTE] [Step 0: HEALTH] [INFO] Starting diagnostics for local hardware and internet connectivity...
[2026-08-09 00:46:27.256] [info]  [2026-08-09 00:46:27.250] [info] [HASTE Agent] Stealth Standby mode active. Waiting for remote connection requests...
[2026-08-09 00:46:27.258] [info]  [2026-08-09 00:46:27.251] [info] [HASTE Agent] [HEALTH] [RUN] (075575) : Checking Lilly Engine API (Attempt: 1/5)
[2026-08-09 00:46:27.259] [info]  [HASTE] [Step 0: HEALTH] [INFO] Starting diagnostics for local hardware and internet connectivity...
[2026-08-09 00:46:27.548] [info] [HASTE Agent] Discord client skipped. Running in Direct Webhook/SSE Tunnel Mode.
[2026-08-09 00:46:27.550] [info]  [2026-08-09 00:46:27.548] [info] [HASTE Agent] Discord client skipped. Running in Direct Webhook/SSE Tunnel Mode.
[2026-08-09 00:50:01.193] [info] [HASTE Agent] [HASTE Agent Bot] Successfully initialized using injected env variables. StoreCode: 075575
[2026-08-09 00:50:01.194] [info] [HASTE Agent] [HQ Origin] HASTE Cloud designated via --prod launch argument.
[2026-08-09 00:50:01.195] [info] [HASTE Agent] Targeting endpoint: https://cloud.cafehaste.com
[2026-08-09 00:50:01.194] [info]  [HASTE Agent Bot] Successfully initialized using injected env variables. StoreCode: 075575
[2026-08-09 00:50:01.202] [info]  [HQ Origin] HASTE Cloud designated via --prod launch argument.
[2026-08-09 00:50:01.205] [info]  Targeting endpoint: https://cloud.cafehaste.com
[2026-08-09 00:50:01.304] [info] [HASTE Agent] [HASTE Agent Server] Hono Gateway running on Port 8082 (Relaying to Port 8080)
[2026-08-09 00:50:01.305] [info] [HASTE Agent] Stealth Standby mode active. Waiting for remote connection requests...
[2026-08-09 00:50:01.306] [info] [HASTE Agent] [HEALTH] [RUN] (075575) : Checking Lilly Engine API (Attempt: 1/5)
[2026-08-09 00:50:01.306] [info]  [HASTE Agent Server] Hono Gateway running on Port 8082 (Relaying to Port 8080)
[2026-08-09 00:50:01.307] [info] [HASTE Agent] [HASTE] [Step 0: HEALTH] [INFO] Starting diagnostics for local hardware and internet connectivity...
[2026-08-09 00:50:01.310] [info]  [2026-08-09 00:50:01.305] [info] [HASTE Agent] Stealth Standby mode active. Waiting for remote connection requests...
[2026-08-09 00:50:01.313] [info]  [2026-08-09 00:50:01.306] [info] [HASTE Agent] [HEALTH] [RUN] (075575) : Checking Lilly Engine API (Attempt: 1/5)
[2026-08-09 00:50:01.315] [info]  [HASTE] [Step 0: HEALTH] [INFO] Starting diagnostics for local hardware and internet connectivity...
[2026-08-09 00:50:01.608] [info] [HASTE Agent] Discord client skipped. Running in Direct Webhook/SSE Tunnel Mode.
[2026-08-09 00:50:01.610] [info]  [2026-08-09 00:50:01.608] [info] [HASTE Agent] Discord client skipped. Running in Direct Webhook/SSE Tunnel Mode.
[2026-08-09 00:58:02.499] [info] [HASTE Agent] [HASTE Agent Bot] Successfully initialized using injected env variables. StoreCode: 075575
[2026-08-09 00:58:02.500] [info] [HASTE Agent] [HQ Origin] HASTE Cloud designated via --prod launch argument.
[2026-08-09 00:58:02.501] [info] [HASTE Agent] Targeting endpoint: https://cloud.cafehaste.com
[2026-08-09 00:58:02.501] [info]  [HASTE Agent Bot] Successfully initialized using injected env variables. StoreCode: 075575
[2026-08-09 00:58:02.506] [info]  [HQ Origin] HASTE Cloud designated via --prod launch argument.
[2026-08-09 00:58:02.509] [info]  Targeting endpoint: https://cloud.cafehaste.com
[2026-08-09 00:58:02.589] [info] [HASTE Agent] [HASTE Agent Server] Hono Gateway running on Port 8082 (Relaying to Port 8080)
[2026-08-09 00:58:02.590] [info] [HASTE Agent] Stealth Standby mode active. Waiting for remote connection requests...
[2026-08-09 00:58:02.591] [info] [HASTE Agent] [HEALTH] [RUN] (075575) : Checking Lilly Engine API (Attempt: 1/5)
[2026-08-09 00:58:02.591] [info]  [HASTE Agent Server] Hono Gateway running on Port 8082 (Relaying to Port 8080)
[2026-08-09 00:58:02.592] [info] [HASTE Agent] [HASTE] [Step 0: HEALTH] [INFO] Starting diagnostics for local hardware and internet connectivity...
[2026-08-09 00:58:02.594] [info]  [2026-08-09 00:58:02.590] [info] [HASTE Agent] Stealth Standby mode active. Waiting for remote connection requests...
[2026-08-09 00:58:02.596] [info]  [2026-08-09 00:58:02.591] [info] [HASTE Agent] [HEALTH] [RUN] (075575) : Checking Lilly Engine API (Attempt: 1/5)
[2026-08-09 00:58:02.598] [info]  [HASTE] [Step 0: HEALTH] [INFO] Starting diagnostics for local hardware and internet connectivity...
[2026-08-09 00:58:02.847] [info] [HASTE Agent] Discord client skipped. Running in Direct Webhook/SSE Tunnel Mode.
[2026-08-09 00:58:02.849] [info]  [2026-08-09 00:58:02.847] [info] [HASTE Agent] Discord client skipped. Running in Direct Webhook/SSE Tunnel Mode.
[2026-08-09 01:00:41.435] [info] [HASTE Agent] [HASTE Agent Bot] Successfully initialized using injected env variables. StoreCode: 075575
[2026-08-09 01:00:41.436] [info] [HASTE Agent] [HQ Origin] HASTE Cloud designated via --prod launch argument.
[2026-08-09 01:00:41.437] [info] [HASTE Agent] Targeting endpoint: https://cloud.cafehaste.com
[2026-08-09 01:00:41.436] [info]  [HASTE Agent Bot] Successfully initialized using injected env variables. StoreCode: 075575
[2026-08-09 01:00:41.440] [info]  [HQ Origin] HASTE Cloud designated via --prod launch argument.
[2026-08-09 01:00:41.442] [info]  Targeting endpoint: https://cloud.cafehaste.com
[2026-08-09 01:00:41.525] [info] [HASTE Agent] [HASTE Agent Server] Hono Gateway running on Port 8082 (Relaying to Port 8080)
[2026-08-09 01:00:41.526] [info] [HASTE Agent] Stealth Standby mode active. Waiting for remote connection requests...
[2026-08-09 01:00:41.527] [info] [HASTE Agent] [HEALTH] [RUN] (075575) : Checking Lilly Engine API (Attempt: 1/5)
[2026-08-09 01:00:41.528] [info] [HASTE Agent] [HASTE] [Step 0: HEALTH] [INFO] Starting diagnostics for local hardware and internet connectivity...
[2026-08-09 01:00:41.526] [info]  [HASTE Agent Server] Hono Gateway running on Port 8082 (Relaying to Port 8080)
[2026-08-09 01:00:41.529] [info]  [2026-08-09 01:00:41.526] [info] [HASTE Agent] Stealth Standby mode active. Waiting for remote connection requests...
[2026-08-09 01:00:41.531] [info]  [2026-08-09 01:00:41.527] [info] [HASTE Agent] [HEALTH] [RUN] (075575) : Checking Lilly Engine API (Attempt: 1/5)
[2026-08-09 01:00:41.533] [info]  [HASTE] [Step 0: HEALTH] [INFO] Starting diagnostics for local hardware and internet connectivity...
[2026-08-09 01:00:41.799] [info] [HASTE Agent] Discord client skipped. Running in Direct Webhook/SSE Tunnel Mode.
[2026-08-09 01:00:41.800] [info]  [2026-08-09 01:00:41.798] [info] [HASTE Agent] Discord client skipped. Running in Direct Webhook/SSE Tunnel Mode.
[2026-08-09 01:03:03.254] [info] [HASTE Agent] [HASTE Agent Bot] Successfully initialized using injected env variables. StoreCode: 075575
[2026-08-09 01:03:03.256] [info] [HASTE Agent] [HQ Origin] HASTE Cloud designated via --prod launch argument.
[2026-08-09 01:03:03.257] [info] [HASTE Agent] Targeting endpoint: https://cloud.cafehaste.com
[2026-08-09 01:03:03.257] [info]  [HASTE Agent Bot] Successfully initialized using injected env variables. StoreCode: 075575
[2026-08-09 01:03:03.263] [info]  [HQ Origin] HASTE Cloud designated via --prod launch argument.
[2026-08-09 01:03:03.266] [info]  Targeting endpoint: https://cloud.cafehaste.com
[2026-08-09 01:03:03.383] [info] [HASTE Agent] [HASTE Agent Server] Hono Gateway running on Port 8082 (Relaying to Port 8080)
[2026-08-09 01:03:03.384] [info] [HASTE Agent] Stealth Standby mode active. Waiting for remote connection requests...
[2026-08-09 01:03:03.385] [info]  [HASTE Agent Server] Hono Gateway running on Port 8082 (Relaying to Port 8080)
[2026-08-09 01:03:03.385] [info] [HASTE Agent] [HEALTH] [RUN] (075575) : Checking Lilly Engine API (Attempt: 1/5)
[2026-08-09 01:03:03.385] [info] [HASTE Agent] [HASTE] [Step 0: HEALTH] [INFO] Starting diagnostics for local hardware and internet connectivity...
[2026-08-09 01:03:03.388] [info]  [2026-08-09 01:03:03.384] [info] [HASTE Agent] Stealth Standby mode active. Waiting for remote connection requests...
[2026-08-09 01:03:03.390] [info]  [2026-08-09 01:03:03.385] [info] [HASTE Agent] [HEALTH] [RUN] (075575) : Checking Lilly Engine API (Attempt: 1/5)
[2026-08-09 01:03:03.391] [info]  [HASTE] [Step 0: HEALTH] [INFO] Starting diagnostics for local hardware and internet connectivity...
[2026-08-09 01:03:03.673] [info] [HASTE Agent] Discord client skipped. Running in Direct Webhook/SSE Tunnel Mode.
[2026-08-09 01:03:03.675] [info]  [2026-08-09 01:03:03.673] [info] [HASTE Agent] Discord client skipped. Running in Direct Webhook/SSE Tunnel Mode.
[2026-08-09 01:07:30.092] [info] [HASTE Agent] [HASTE Agent Bot] Successfully initialized using injected env variables. StoreCode: 075575
[2026-08-09 01:07:30.093] [info] [HASTE Agent] [HQ Origin] HASTE Cloud designated via --prod launch argument.
[2026-08-09 01:07:30.094] [info] [HASTE Agent] Targeting endpoint: https://cloud.cafehaste.com
[2026-08-09 01:07:30.095] [info]  [HASTE Agent Bot] Successfully initialized using injected env variables. StoreCode: 075575
[2026-08-09 01:07:30.101] [info]  [HQ Origin] HASTE Cloud designated via --prod launch argument.
[2026-08-09 01:07:30.103] [info]  Targeting endpoint: https://cloud.cafehaste.com
[2026-08-09 01:07:30.188] [info] [HASTE Agent] [HASTE Agent Server] Hono Gateway running on Port 8082 (Relaying to Port 8080)
[2026-08-09 01:07:30.189] [info] [HASTE Agent] Stealth Standby mode active. Waiting for remote connection requests...
[2026-08-09 01:07:30.190] [info] [HASTE Agent] [HEALTH] [RUN] (075575) : Checking Lilly Engine API (Attempt: 1/5)
[2026-08-09 01:07:30.189] [info]  [HASTE Agent Server] Hono Gateway running on Port 8082 (Relaying to Port 8080)
[2026-08-09 01:07:30.191] [info] [HASTE Agent] [HASTE] [Step 0: HEALTH] [INFO] Starting diagnostics for local hardware and internet connectivity...
[2026-08-09 01:07:30.194] [info]  [2026-08-09 01:07:30.189] [info] [HASTE Agent] Stealth Standby mode active. Waiting for remote connection requests...
[2026-08-09 01:07:30.196] [info]  [2026-08-09 01:07:30.190] [info] [HASTE Agent] [HEALTH] [RUN] (075575) : Checking Lilly Engine API (Attempt: 1/5)
[2026-08-09 01:07:30.198] [info]  [HASTE] [Step 0: HEALTH] [INFO] Starting diagnostics for local hardware and internet connectivity...
[2026-08-09 01:07:30.466] [info] [HASTE Agent] Discord client skipped. Running in Direct Webhook/SSE Tunnel Mode.
[2026-08-09 01:07:30.468] [info]  [2026-08-09 01:07:30.466] [info] [HASTE Agent] Discord client skipped. Running in Direct Webhook/SSE Tunnel Mode.
[2026-08-09 01:16:38.476] [info] [HASTE Agent] [HASTE Agent Bot] Successfully initialized using injected env variables. StoreCode: 075575
[2026-08-09 01:16:38.478] [info] [HASTE Agent] [HQ Origin] HASTE Cloud designated via --prod launch argument.
[2026-08-09 01:16:38.479] [info] [HASTE Agent] Targeting endpoint: https://cloud.cafehaste.com
[2026-08-09 01:16:38.478] [info]  [HASTE Agent Bot] Successfully initialized using injected env variables. StoreCode: 075575
[2026-08-09 01:16:38.484] [info]  [HQ Origin] HASTE Cloud designated via --prod launch argument.
[2026-08-09 01:16:38.487] [info]  Targeting endpoint: https://cloud.cafehaste.com
[2026-08-09 01:16:38.579] [info] [HASTE Agent] [HASTE Agent Server] Hono Gateway running on Port 8082 (Relaying to Port 8080)
[2026-08-09 01:16:38.580] [info] [HASTE Agent] Stealth Standby mode active. Waiting for remote connection requests...
[2026-08-09 01:16:38.581] [info] [HASTE Agent] [HEALTH] [RUN] (075575) : Checking Lilly Engine API (Attempt: 1/5)
[2026-08-09 01:16:38.582] [info] [HASTE Agent] [HASTE] [Step 0: HEALTH] [INFO] Starting diagnostics for local hardware and internet connectivity...
[2026-08-09 01:16:38.580] [info]  [HASTE Agent Server] Hono Gateway running on Port 8082 (Relaying to Port 8080)
[2026-08-09 01:16:38.585] [info]  [2026-08-09 01:16:38.580] [info] [HASTE Agent] Stealth Standby mode active. Waiting for remote connection requests...
[2026-08-09 01:16:38.588] [info]  [2026-08-09 01:16:38.581] [info] [HASTE Agent] [HEALTH] [RUN] (075575) : Checking Lilly Engine API (Attempt: 1/5)
[2026-08-09 01:16:38.590] [info]  [HASTE] [Step 0: HEALTH] [INFO] Starting diagnostics for local hardware and internet connectivity...
[2026-08-09 01:16:38.835] [info] [HASTE Agent] Discord client skipped. Running in Direct Webhook/SSE Tunnel Mode.
[2026-08-09 01:16:38.836] [info]  [2026-08-09 01:16:38.835] [info] [HASTE Agent] Discord client skipped. Running in Direct Webhook/SSE Tunnel Mode.
[2026-08-09 01:17:35.817] [info] [HASTE Agent] [HASTE Agent Bot] Successfully initialized using injected env variables. StoreCode: 075575
[2026-08-09 01:17:35.818] [info] [HASTE Agent] [HQ Origin] HASTE Cloud designated via --prod launch argument.
[2026-08-09 01:17:35.819] [info] [HASTE Agent] Targeting endpoint: https://cloud.cafehaste.com
[2026-08-09 01:17:35.818] [info]  [HASTE Agent Bot] Successfully initialized using injected env variables. StoreCode: 075575
[2026-08-09 01:17:35.825] [info]  [HQ Origin] HASTE Cloud designated via --prod launch argument.
[2026-08-09 01:17:35.826] [info]  Targeting endpoint: https://cloud.cafehaste.com
[2026-08-09 01:17:35.909] [info] [HASTE Agent] [HASTE Agent Server] Hono Gateway running on Port 8082 (Relaying to Port 8080)
[2026-08-09 01:17:35.910] [info] [HASTE Agent] Stealth Standby mode active. Waiting for remote connection requests...
[2026-08-09 01:17:35.910] [info] [HASTE Agent] [HEALTH] [RUN] (075575) : Checking Lilly Engine API (Attempt: 1/5)
[2026-08-09 01:17:35.911] [info] [HASTE Agent] [HASTE] [Step 0: HEALTH] [INFO] Starting diagnostics for local hardware and internet connectivity...
[2026-08-09 01:17:35.910] [info]  [HASTE Agent Server] Hono Gateway running on Port 8082 (Relaying to Port 8080)
[2026-08-09 01:17:35.914] [info]  [2026-08-09 01:17:35.909] [info] [HASTE Agent] Stealth Standby mode active. Waiting for remote connection requests...
[2026-08-09 01:17:35.918] [info]  [2026-08-09 01:17:35.910] [info] [HASTE Agent] [HEALTH] [RUN] (075575) : Checking Lilly Engine API (Attempt: 1/5)
[2026-08-09 01:17:35.922] [info]  [HASTE] [Step 0: HEALTH] [INFO] Starting diagnostics for local hardware and internet connectivity...
[2026-08-09 01:17:36.164] [info] [HASTE Agent] Discord client skipped. Running in Direct Webhook/SSE Tunnel Mode.
[2026-08-09 01:17:36.165] [info]  [2026-08-09 01:17:36.164] [info] [HASTE Agent] Discord client skipped. Running in Direct Webhook/SSE Tunnel Mode.
[2026-08-09 01:19:56.993] [info] [HASTE Agent] [HASTE Agent Bot] Successfully initialized using injected env variables. StoreCode: 075575
[2026-08-09 01:19:56.994] [info] [HASTE Agent] [HQ Origin] HASTE Cloud designated via --prod launch argument.
[2026-08-09 01:19:56.994] [info] [HASTE Agent] Targeting endpoint: https://cloud.cafehaste.com
[2026-08-09 01:19:56.995] [info]  [HASTE Agent Bot] Successfully initialized using injected env variables. StoreCode: 075575
[2026-08-09 01:19:57.002] [info]  [HQ Origin] HASTE Cloud designated via --prod launch argument.
[2026-08-09 01:19:57.008] [info]  Targeting endpoint: https://cloud.cafehaste.com
[2026-08-09 01:19:57.089] [info] [HASTE Agent] [HASTE Agent Server] Hono Gateway running on Port 8082 (Relaying to Port 8080)
[2026-08-09 01:19:57.090] [info] [HASTE Agent] Stealth Standby mode active. Waiting for remote connection requests...
[2026-08-09 01:19:57.091] [info] [HASTE Agent] [HEALTH] [RUN] (075575) : Checking Lilly Engine API (Attempt: 1/5)
[2026-08-09 01:19:57.090] [info]  [HASTE Agent Server] Hono Gateway running on Port 8082 (Relaying to Port 8080)
[2026-08-09 01:19:57.092] [info] [HASTE Agent] [HASTE] [Step 0: HEALTH] [INFO] Starting diagnostics for local hardware and internet connectivity...
[2026-08-09 01:19:57.095] [info]  [2026-08-09 01:19:57.090] [info] [HASTE Agent] Stealth Standby mode active. Waiting for remote connection requests...
[2026-08-09 01:19:57.097] [info]  [2026-08-09 01:19:57.091] [info] [HASTE Agent] [HEALTH] [RUN] (075575) : Checking Lilly Engine API (Attempt: 1/5)
[2026-08-09 01:19:57.099] [info]  [HASTE] [Step 0: HEALTH] [INFO] Starting diagnostics for local hardware and internet connectivity...
[2026-08-09 01:19:57.360] [info] [HASTE Agent] Discord client skipped. Running in Direct Webhook/SSE Tunnel Mode.
[2026-08-09 01:19:57.361] [info]  [2026-08-09 01:19:57.360] [info] [HASTE Agent] Discord client skipped. Running in Direct Webhook/SSE Tunnel Mode.