[2026-08-11 20:13:24.958] [error] at wrapResolveFilename (node:internal/modules/cjs/loader:1078:27)
[2026-08-11 20:13:24.959] [error] at defaultResolveImplForCJSLoading (node:internal/modules/cjs/loader:1102:10)
[2026-08-11 20:13:24.959] [error] at resolveForCJSWithHooks (node:internal/modules/cjs/loader:1129:12)
[2026-08-11 20:13:24.960] [error] at Module._load (node:internal/modules/cjs/loader:1301:5)
[2026-08-11 20:13:24.960] [error] at c._load (node:electron/js2c/node_init:2:18060)
[2026-08-11 20:13:24.961] [error] at wrapModuleLoad (node:internal/modules/cjs/loader:262:19)
[2026-08-11 20:13:24.961] [error] at Module.require (node:internal/modules/cjs/loader:1624:12)
[2026-08-11 20:13:24.962] [error] at require (node:internal/modules/helpers:153:16)
[2026-08-11 20:13:24.962] [error] at Object.<anonymous> (C:\Users\커피에반하다\AppData\Local\Programs\haste-client\resources\app.asar\node_modules\discord.js\src\index.js:3:29) {
[2026-08-11 20:13:24.963] [error] code: 'MODULE_NOT_FOUND',
[2026-08-11 20:13:24.964] [error] requireStack: [
[2026-08-11 20:13:24.964] [error] 'C:\\Users\\커피에반하다\\AppData\\Local\\Programs\\haste-client\\resources\\app.asar\\node_modules\\discord.js\\src\\index.js',
[2026-08-11 20:13:24.965] [error] 'C:\\Users\\커피에반하다\\AppData\\Local\\Programs\\haste-client\\resources\\app.asar\\haste_agent_bridge.js'
[2026-08-11 20:13:24.966] [error] ]
[2026-08-11 20:13:24.967] [error] }
[2026-08-11 20:13:24.967] [error] Node.js v24.18.0
[2026-08-11 20:13:30.246] [error] node:internal/modules/cjs/loader:1527
[2026-08-11 20:13:30.246] [error] throw err;
[2026-08-11 20:13:30.247] [error] ^
[2026-08-11 20:13:30.248] [error] Error: Cannot find module '@discordjs/util'
[2026-08-11 20:13:30.248] [error] Require stack:
[2026-08-11 20:13:30.249] [error] - C:\Users\커피에반하다\AppData\Local\Programs\haste-client\resources\app.asar\node_modules\discord.js\src\index.js
[2026-08-11 20:13:30.250] [error] - C:\Users\커피에반하다\AppData\Local\Programs\haste-client\resources\app.asar\haste_agent_bridge.js
[2026-08-11 20:13:30.251] [error] at Module._resolveFilename (node:internal/modules/cjs/loader:1524:15)
[2026-08-11 20:13:30.252] [error] at wrapResolveFilename (node:internal/modules/cjs/loader:1078:27)
[2026-08-11 20:13:30.252] [error] at defaultResolveImplForCJSLoading (node:internal/modules/cjs/loader:1102:10)
[2026-08-11 20:13:30.253] [error] at resolveForCJSWithHooks (node:internal/modules/cjs/loader:1129:12)
[2026-08-11 20:13:30.253] [error] at Module._load (node:internal/modules/cjs/loader:1301:5)
[2026-08-11 20:13:30.254] [error] at c._load (node:electron/js2c/node_init:2:18060)
[2026-08-11 20:13:30.254] [error] at wrapModuleLoad (node:internal/modules/cjs/loader:262:19)
[2026-08-11 20:13:30.255] [error] at Module.require (node:internal/modules/cjs/loader:1624:12)
[2026-08-11 20:13:30.256] [error] at require (node:internal/modules/helpers:153:16)
[2026-08-11 20:13:30.256] [error] at Object.<anonymous> (C:\Users\커피에반하다\AppData\Local\Programs\haste-client\resources\app.asar\node_modules\discord.js\src\index.js:3:29) {
[2026-08-11 20:13:30.257] [error] code: 'MODULE_NOT_FOUND',
[2026-08-11 20:13:30.258] [error] requireStack: [
[2026-08-11 20:13:30.258] [error] 'C:\\Users\\커피에반하다\\AppData\\Local\\Programs\\haste-client\\resources\\app.asar\\node_modules\\discord.js\\src\\index.js',
[2026-08-11 20:13:30.259] [error] 'C:\\Users\\커피에반하다\\AppData\\Local\\Programs\\haste-client\\resources\\app.asar\\haste_agent_bridge.js'
[2026-08-11 20:13:30.260] [error] ]
[2026-08-11 20:13:30.262] [error] }
[2026-08-11 20:13:30.263] [error] Node.js v24.18.0
[2026-08-11 20:13:35.569] [error] node:internal/modules/cjs/loader:1527
[2026-08-11 20:13:35.570] [error] throw err;
[2026-08-11 20:13:35.571] [error] ^
[2026-08-11 20:13:35.571] [error] Error: Cannot find module '@discordjs/util'
[2026-08-11 20:13:35.572] [error] Require stack:
[2026-08-11 20:13:35.573] [error] - C:\Users\커피에반하다\AppData\Local\Programs\haste-client\resources\app.asar\node_modules\discord.js\src\index.js
[2026-08-11 20:13:35.573] [error] - C:\Users\커피에반하다\AppData\Local\Programs\haste-client\resources\app.asar\haste_agent_bridge.js
[2026-08-11 20:13:35.574] [error] at Module._resolveFilename (node:internal/modules/cjs/loader:1524:15)
[2026-08-11 20:13:35.574] [error] at wrapResolveFilename (node:internal/modules/cjs/loader:1078:27)
[2026-08-11 20:13:35.575] [error] at defaultResolveImplForCJSLoading (node:internal/modules/cjs/loader:1102:10)
[2026-08-11 20:13:35.575] [error] at resolveForCJSWithHooks (node:internal/modules/cjs/loader:1129:12)
[2026-08-11 20:13:35.576] [error] at Module._load (node:internal/modules/cjs/loader:1301:5)
[2026-08-11 20:13:35.576] [error] at c._load (node:electron/js2c/node_init:2:18060)
[2026-08-11 20:13:35.577] [error] at wrapModuleLoad (node:internal/modules/cjs/loader:262:19)
[2026-08-11 20:13:35.577] [error] at Module.require (node:internal/modules/cjs/loader:1624:12)
[2026-08-11 20:13:35.578] [error] at require (node:internal/modules/helpers:153:16)
[2026-08-11 20:13:35.578] [error] at Object.<anonymous> (C:\Users\커피에반하다\AppData\Local\Programs\haste-client\resources\app.asar\node_modules\discord.js\src\index.js:3:29) {
[2026-08-11 20:13:35.579] [error] code: 'MODULE_NOT_FOUND',
[2026-08-11 20:13:35.579] [error] requireStack: [
[2026-08-11 20:13:35.580] [error] 'C:\\Users\\커피에반하다\\AppData\\Local\\Programs\\haste-client\\resources\\app.asar\\node_modules\\discord.js\\src\\index.js',
[2026-08-11 20:13:35.581] [error] 'C:\\Users\\커피에반하다\\AppData\\Local\\Programs\\haste-client\\resources\\app.asar\\haste_agent_bridge.js'
[2026-08-11 20:13:35.581] [error] ]
[2026-08-11 20:13:35.582] [error] }
[2026-08-11 20:13:35.583] [error] Node.js v24.18.0
[2026-08-11 20:13:40.880] [error] node:internal/modules/cjs/loader:1527
[2026-08-11 20:13:40.881] [error] throw err;
[2026-08-11 20:13:40.882] [error] ^
[2026-08-11 20:13:40.884] [error] Error: Cannot find module '@discordjs/util'
[2026-08-11 20:13:40.884] [error] Require stack:
[2026-08-11 20:13:40.885] [error] - C:\Users\커피에반하다\AppData\Local\Programs\haste-client\resources\app.asar\node_modules\discord.js\src\index.js
[2026-08-11 20:13:40.885] [error] - C:\Users\커피에반하다\AppData\Local\Programs\haste-client\resources\app.asar\haste_agent_bridge.js
[2026-08-11 20:13:40.886] [error] at Module._resolveFilename (node:internal/modules/cjs/loader:1524:15)
[2026-08-11 20:13:40.887] [error] at wrapResolveFilename (node:internal/modules/cjs/loader:1078:27)
[2026-08-11 20:13:40.887] [error] at defaultResolveImplForCJSLoading (node:internal/modules/cjs/loader:1102:10)
[2026-08-11 20:13:40.888] [error] at resolveForCJSWithHooks (node:internal/modules/cjs/loader:1129:12)
[2026-08-11 20:13:40.888] [error] at Module._load (node:internal/modules/cjs/loader:1301:5)
[2026-08-11 20:13:40.889] [error] at c._load (node:electron/js2c/node_init:2:18060)
[2026-08-11 20:13:40.890] [error] at wrapModuleLoad (node:internal/modules/cjs/loader:262:19)
[2026-08-11 20:13:40.890] [error] at Module.require (node:internal/modules/cjs/loader:1624:12)
[2026-08-11 20:13:40.891] [error] at require (node:internal/modules/helpers:153:16)
[2026-08-11 20:13:40.891] [error] at Object.<anonymous> (C:\Users\커피에반하다\AppData\Local\Programs\haste-client\resources\app.asar\node_modules\discord.js\src\index.js:3:29) {
[2026-08-11 20:13:40.892] [error] code: 'MODULE_NOT_FOUND',
[2026-08-11 20:13:40.892] [error] requireStack: [
[2026-08-11 20:13:40.893] [error] 'C:\\Users\\커피에반하다\\AppData\\Local\\Programs\\haste-client\\resources\\app.asar\\node_modules\\discord.js\\src\\index.js',
[2026-08-11 20:13:40.894] [error] 'C:\\Users\\커피에반하다\\AppData\\Local\\Programs\\haste-client\\resources\\app.asar\\haste_agent_bridge.js'
[2026-08-11 20:13:40.895] [error] ]
[2026-08-11 20:13:40.896] [error] }
[2026-08-11 20:13:40.897] [error] Node.js v24.18.0
[2026-08-11 20:13:46.191] [error] node:internal/modules/cjs/loader:1527
[2026-08-11 20:13:46.192] [error] throw err;
[2026-08-11 20:13:46.192] [error] ^
[2026-08-11 20:13:46.193] [error] Error: Cannot find module '@discordjs/util'
[2026-08-11 20:13:46.194] [error] Require stack:
[2026-08-11 20:13:46.194] [error] - C:\Users\커피에반하다\AppData\Local\Programs\haste-client\resources\app.asar\node_modules\discord.js\src\index.js
[2026-08-11 20:13:46.195] [error] - C:\Users\커피에반하다\AppData\Local\Programs\haste-client\resources\app.asar\haste_agent_bridge.js
[2026-08-11 20:13:46.195] [error] at Module._resolveFilename (node:internal/modules/cjs/loader:1524:15)
[2026-08-11 20:13:46.196] [error] at wrapResolveFilename (node:internal/modules/cjs/loader:1078:27)
[2026-08-11 20:13:46.196] [error] at defaultResolveImplForCJSLoading (node:internal/modules/cjs/loader:1102:10)
[2026-08-11 20:13:46.197] [error] at resolveForCJSWithHooks (node:internal/modules/cjs/loader:1129:12)
[2026-08-11 20:13:46.197] [error] at Module._load (node:internal/modules/cjs/loader:1301:5)
[2026-08-11 20:13:46.198] [error] at c._load (node:electron/js2c/node_init:2:18060)
[2026-08-11 20:13:46.198] [error] at wrapModuleLoad (node:internal/modules/cjs/loader:262:19)
[2026-08-11 20:13:46.200] [error] at Module.require (node:internal/modules/cjs/loader:1624:12)
[2026-08-11 20:13:46.201] [error] at require (node:internal/modules/helpers:153:16)
[2026-08-11 20:13:46.201] [error] at Object.<anonymous> (C:\Users\커피에반하다\AppData\Local\Programs\haste-client\resources\app.asar\node_modules\discord.js\src\index.js:3:29) {
[2026-08-11 20:13:46.202] [error] code: 'MODULE_NOT_FOUND',
[2026-08-11 20:13:46.202] [error] requireStack: [
[2026-08-11 20:13:46.203] [error] 'C:\\Users\\커피에반하다\\AppData\\Local\\Programs\\haste-client\\resources\\app.asar\\node_modules\\discord.js\\src\\index.js',
[2026-08-11 20:13:46.203] [error] 'C:\\Users\\커피에반하다\\AppData\\Local\\Programs\\haste-client\\resources\\app.asar\\haste_agent_bridge.js'
[2026-08-11 20:13:46.204] [error] ]
[2026-08-11 20:13:46.205] [error] }
[2026-08-11 20:13:46.206] [error] Node.js v24.18.0
[2026-08-11 20:13:51.491] [error] node:internal/modules/cjs/loader:1527
[2026-08-11 20:13:51.491] [error] throw err;
[2026-08-11 20:13:51.492] [error] ^
[2026-08-11 20:13:51.493] [error] Error: Cannot find module '@discordjs/util'
[2026-08-11 20:13:51.494] [error] Require stack:
[2026-08-11 20:13:51.494] [error] - C:\Users\커피에반하다\AppData\Local\Programs\haste-client\resources\app.asar\node_modules\discord.js\src\index.js
[2026-08-11 20:13:51.495] [error] - C:\Users\커피에반하다\AppData\Local\Programs\haste-client\resources\app.asar\haste_agent_bridge.js
[2026-08-11 20:13:51.495] [error] at Module._resolveFilename (node:internal/modules/cjs/loader:1524:15)
[2026-08-11 20:13:51.496] [error] at wrapResolveFilename (node:internal/modules/cjs/loader:1078:27)
[2026-08-11 20:13:51.497] [error] at defaultResolveImplForCJSLoading (node:internal/modules/cjs/loader:1102:10)
[2026-08-11 20:13:51.497] [error] at resolveForCJSWithHooks (node:internal/modules/cjs/loader:1129:12)
[2026-08-11 20:13:51.498] [error] at Module._load (node:internal/modules/cjs/loader:1301:5)
[2026-08-11 20:13:51.498] [error] at c._load (node:electron/js2c/node_init:2:18060)
[2026-08-11 20:13:51.500] [error] at wrapModuleLoad (node:internal/modules/cjs/loader:262:19)
[2026-08-11 20:13:51.501] [error] at Module.require (node:internal/modules/cjs/loader:1624:12)
[2026-08-11 20:13:51.501] [error] at require (node:internal/modules/helpers:153:16)
[2026-08-11 20:13:51.502] [error] at Object.<anonymous> (C:\Users\커피에반하다\AppData\Local\Programs\haste-client\resources\app.asar\node_modules\discord.js\src\index.js:3:29) {
[2026-08-11 20:13:51.502] [error] code: 'MODULE_NOT_FOUND',
[2026-08-11 20:13:51.503] [error] requireStack: [
[2026-08-11 20:13:51.504] [error] 'C:\\Users\\커피에반하다\\AppData\\Local\\Programs\\haste-client\\resources\\app.asar\\node_modules\\discord.js\\src\\index.js',
[2026-08-11 20:13:51.505] [error] 'C:\\Users\\커피에반하다\\AppData\\Local\\Programs\\haste-client\\resources\\app.asar\\haste_agent_bridge.js'
[2026-08-11 20:13:51.506] [error] ]
[2026-08-11 20:13:51.507] [error] }
[2026-08-11 20:13:51.508] [error] Node.js v24.18.0
[2026-08-11 20:13:56.928] [error] node:internal/modules/cjs/loader:1527
[2026-08-11 20:13:56.929] [error] throw err;
[2026-08-11 20:13:56.929] [error] ^
[2026-08-11 20:13:56.930] [error] Error: Cannot find module '@discordjs/util'
[2026-08-11 20:13:56.931] [error] Require stack:
[2026-08-11 20:13:56.932] [error] - C:\Users\커피에반하다\AppData\Local\Programs\haste-client\resources\app.asar\node_modules\discord.js\src\index.js
[2026-08-11 20:13:56.933] [error] - C:\Users\커피에반하다\AppData\Local\Programs\haste-client\resources\app.asar\haste_agent_bridge.js
[2026-08-11 20:13:56.934] [error] at Module._resolveFilename (node:internal/modules/cjs/loader:1524:15)
[2026-08-11 20:13:56.935] [error] at wrapResolveFilename (node:internal/modules/cjs/loader:1078:27)
[2026-08-11 20:13:56.935] [error] at defaultResolveImplForCJSLoading (node:internal/modules/cjs/loader:1102:10)
[2026-08-11 20:13:56.936] [error] at resolveForCJSWithHooks (node:internal/modules/cjs/loader:1129:12)
[2026-08-11 20:13:56.936] [error] at Module._load (node:internal/modules/cjs/loader:1301:5)
[2026-08-11 20:13:56.937] [error] at c._load (node:electron/js2c/node_init:2:18060)
[2026-08-11 20:13:56.937] [error] at wrapModuleLoad (node:internal/modules/cjs/loader:262:19)
[2026-08-11 20:13:56.938] [error] at Module.require (node:internal/modules/cjs/loader:1624:12)
[2026-08-11 20:13:56.940] [error] at require (node:internal/modules/helpers:153:16)
[2026-08-11 20:13:56.941] [error] at Object.<anonymous> (C:\Users\커피에반하다\AppData\Local\Programs\haste-client\resources\app.asar\node_modules\discord.js\src\index.js:3:29) {
[2026-08-11 20:13:56.941] [error] code: 'MODULE_NOT_FOUND',
[2026-08-11 20:13:56.942] [error] requireStack: [
[2026-08-11 20:13:56.943] [error] 'C:\\Users\\커피에반하다\\AppData\\Local\\Programs\\haste-client\\resources\\app.asar\\node_modules\\discord.js\\src\\index.js',
[2026-08-11 20:13:56.943] [error] 'C:\\Users\\커피에반하다\\AppData\\Local\\Programs\\haste-client\\resources\\app.asar\\haste_agent_bridge.js'
[2026-08-11 20:13:56.945] [error] ]
[2026-08-11 20:13:56.945] [error] }
[2026-08-11 20:13:56.948] [error] Node.js v24.18.0
[2026-08-11 20:14:02.932] [error] node:internal/modules/cjs/loader:1527
[2026-08-11 20:14:02.934] [error] throw err;
[2026-08-11 20:14:02.936] [error] ^
[2026-08-11 20:14:02.937] [error] Error: Cannot find module '@discordjs/util'
[2026-08-11 20:14:02.938] [error] Require stack:
[2026-08-11 20:14:02.940] [error] - C:\Users\커피에반하다\AppData\Local\Programs\haste-client\resources\app.asar\node_modules\discord.js\src\index.js
[2026-08-11 20:14:02.942] [error] - C:\Users\커피에반하다\AppData\Local\Programs\haste-client\resources\app.asar\haste_agent_bridge.js
[2026-08-11 20:14:02.943] [error] at Module._resolveFilename (node:internal/modules/cjs/loader:1524:15)
[2026-08-11 20:14:02.944] [error] at wrapResolveFilename (node:internal/modules/cjs/loader:1078:27)
[2026-08-11 20:14:02.945] [error] at defaultResolveImplForCJSLoading (node:internal/modules/cjs/loader:1102:10)
[2026-08-11 20:14:02.947] [error] at resolveForCJSWithHooks (node:internal/modules/cjs/loader:1129:12)
[2026-08-11 20:14:02.948] [error] at Module._load (node:internal/modules/cjs/loader:1301:5)
[2026-08-11 20:14:02.948] [error] at c._load (node:electron/js2c/node_init:2:18060)
[2026-08-11 20:14:02.950] [error] at wrapModuleLoad (node:internal/modules/cjs/loader:262:19)
[2026-08-11 20:14:02.950] [error] at Module.require (node:internal/modules/cjs/loader:1624:12)
[2026-08-11 20:14:02.951] [error] at require (node:internal/modules/helpers:153:16)
[2026-08-11 20:14:02.952] [error] at Object.<anonymous> (C:\Users\커피에반하다\AppData\Local\Programs\haste-client\resources\app.asar\node_modules\discord.js\src\index.js:3:29) {
[2026-08-11 20:14:02.954] [error] code: 'MODULE_NOT_FOUND',
[2026-08-11 20:14:02.955] [error] requireStack: [
[2026-08-11 20:14:02.955] [error] 'C:\\Users\\커피에반하다\\AppData\\Local\\Programs\\haste-client\\resources\\app.asar\\node_modules\\discord.js\\src\\index.js',
[2026-08-11 20:14:02.956] [error] 'C:\\Users\\커피에반하다\\AppData\\Local\\Programs\\haste-client\\resources\\app.asar\\haste_agent_bridge.js'
[2026-08-11 20:14:02.956] [error] ]
[2026-08-11 20:14:02.957] [error] }
[2026-08-11 20:14:02.957] [error] Node.js v24.18.0
[2026-08-11 20:14:08.649] [error] node:internal/modules/cjs/loader:1527
[2026-08-11 20:14:08.650] [error] throw err;
[2026-08-11 20:14:08.653] [error] ^
[2026-08-11 20:14:08.654] [error] Error: Cannot find module '@discordjs/util'
[2026-08-11 20:14:08.656] [error] Require stack:
[2026-08-11 20:14:08.657] [error] - C:\Users\커피에반하다\AppData\Local\Programs\haste-client\resources\app.asar\node_modules\discord.js\src\index.js
[2026-08-11 20:14:08.659] [error] - C:\Users\커피에반하다\AppData\Local\Programs\haste-client\resources\app.asar\haste_agent_bridge.js
[2026-08-11 20:14:08.660] [error] at Module._resolveFilename (node:internal/modules/cjs/loader:1524:15)
[2026-08-11 20:14:08.661] [error] at wrapResolveFilename (node:internal/modules/cjs/loader:1078:27)
[2026-08-11 20:14:08.663] [error] at defaultResolveImplForCJSLoading (node:internal/modules/cjs/loader:1102:10)
[2026-08-11 20:14:08.664] [error] at resolveForCJSWithHooks (node:internal/modules/cjs/loader:1129:12)
[2026-08-11 20:14:08.664] [error] at Module._load (node:internal/modules/cjs/loader:1301:5)
[2026-08-11 20:14:08.665] [error] at c._load (node:electron/js2c/node_init:2:18060)
[2026-08-11 20:14:08.666] [error] at wrapModuleLoad (node:internal/modules/cjs/loader:262:19)
[2026-08-11 20:14:08.667] [error] at Module.require (node:internal/modules/cjs/loader:1624:12)
[2026-08-11 20:14:08.668] [error] at require (node:internal/modules/helpers:153:16)
[2026-08-11 20:14:08.670] [error] at Object.<anonymous> (C:\Users\커피에반하다\AppData\Local\Programs\haste-client\resources\app.asar\node_modules\discord.js\src\index.js:3:29) {
[2026-08-11 20:14:08.671] [error] code: 'MODULE_NOT_FOUND',
[2026-08-11 20:14:08.672] [error] requireStack: [
[2026-08-11 20:14:08.673] [error] 'C:\\Users\\커피에반하다\\AppData\\Local\\Programs\\haste-client\\resources\\app.asar\\node_modules\\discord.js\\src\\index.js',
[2026-08-11 20:14:08.674] [error] 'C:\\Users\\커피에반하다\\AppData\\Local\\Programs\\haste-client\\resources\\app.asar\\haste_agent_bridge.js'
[2026-08-11 20:14:08.675] [error] ]
[2026-08-11 20:14:08.676] [error] }
[2026-08-11 20:14:08.678] [error] Node.js v24.18.0
[2026-08-11 20:14:14.044] [error] node:internal/modules/cjs/loader:1527
[2026-08-11 20:14:14.045] [error] throw err;
[2026-08-11 20:14:14.045] [error] ^
[2026-08-11 20:14:14.046] [error] Error: Cannot find module '@discordjs/util'
[2026-08-11 20:14:14.047] [error] Require stack:
[2026-08-11 20:14:14.047] [error] - C:\Users\커피에반하다\AppData\Local\Programs\haste-client\resources\app.asar\node_modules\discord.js\src\index.js
[2026-08-11 20:14:14.048] [error] - C:\Users\커피에반하다\AppData\Local\Programs\haste-client\resources\app.asar\haste_agent_bridge.js
[2026-08-11 20:14:14.048] [error] at Module._resolveFilename (node:internal/modules/cjs/loader:1524:15)
[2026-08-11 20:14:14.049] [error] at wrapResolveFilename (node:internal/modules/cjs/loader:1078:27)
[2026-08-11 20:14:14.050] [error] at defaultResolveImplForCJSLoading (node:internal/modules/cjs/loader:1102:10)
[2026-08-11 20:14:14.050] [error] at resolveForCJSWithHooks (node:internal/modules/cjs/loader:1129:12)
[2026-08-11 20:14:14.051] [error] at Module._load (node:internal/modules/cjs/loader:1301:5)
[2026-08-11 20:14:14.051] [error] at c._load (node:electron/js2c/node_init:2:18060)
[2026-08-11 20:14:14.052] [error] at wrapModuleLoad (node:internal/modules/cjs/loader:262:19)
[2026-08-11 20:14:14.052] [error] at Module.require (node:internal/modules/cjs/loader:1624:12)
[2026-08-11 20:14:14.053] [error] at require (node:internal/modules/helpers:153:16)
[2026-08-11 20:14:14.053] [error] at Object.<anonymous> (C:\Users\커피에반하다\AppData\Local\Programs\haste-client\resources\app.asar\node_modules\discord.js\src\index.js:3:29) {
[2026-08-11 20:14:14.054] [error] code: 'MODULE_NOT_FOUND',
[2026-08-11 20:14:14.054] [error] requireStack: [
[2026-08-11 20:14:14.055] [error] 'C:\\Users\\커피에반하다\\AppData\\Local\\Programs\\haste-client\\resources\\app.asar\\node_modules\\discord.js\\src\\index.js',
[2026-08-11 20:14:14.055] [error] 'C:\\Users\\커피에반하다\\AppData\\Local\\Programs\\haste-client\\resources\\app.asar\\haste_agent_bridge.js'
[2026-08-11 20:14:14.056] [error] ]
[2026-08-11 20:14:14.056] [error] }
[2026-08-11 20:14:14.057] [error] Node.js v24.18.0
[2026-08-11 20:14:19.422] [error] node:internal/modules/cjs/loader:1527
[2026-08-11 20:14:19.423] [error] throw err;
[2026-08-11 20:14:19.423] [error] ^
[2026-08-11 20:14:19.424] [error] Error: Cannot find module '@discordjs/util'
[2026-08-11 20:14:19.425] [error] Require stack:
[2026-08-11 20:14:19.425] [error] - C:\Users\커피에반하다\AppData\Local\Programs\haste-client\resources\app.asar\node_modules\discord.js\src\index.js
[2026-08-11 20:14:19.426] [error] - C:\Users\커피에반하다\AppData\Local\Programs\haste-client\resources\app.asar\haste_agent_bridge.js
[2026-08-11 20:14:19.426] [error] at Module._resolveFilename (node:internal/modules/cjs/loader:1524:15)
[2026-08-11 20:14:19.427] [error] at wrapResolveFilename (node:internal/modules/cjs/loader:1078:27)
[2026-08-11 20:14:19.428] [error] at defaultResolveImplForCJSLoading (node:internal/modules/cjs/loader:1102:10)
[2026-08-11 20:14:19.428] [error] at resolveForCJSWithHooks (node:internal/modules/cjs/loader:1129:12)
[2026-08-11 20:14:19.428] [error] at Module._load (node:internal/modules/cjs/loader:1301:5)
[2026-08-11 20:14:19.429] [error] at c._load (node:electron/js2c/node_init:2:18060)
[2026-08-11 20:14:19.429] [error] at wrapModuleLoad (node:internal/modules/cjs/loader:262:19)
[2026-08-11 20:14:19.430] [error] at Module.require (node:internal/modules/cjs/loader:1624:12)
[2026-08-11 20:14:19.430] [error] at require (node:internal/modules/helpers:153:16)
[2026-08-11 20:14:19.431] [error] at Object.<anonymous> (C:\Users\커피에반하다\AppData\Local\Programs\haste-client\resources\app.asar\node_modules\discord.js\src\index.js:3:29) {
[2026-08-11 20:14:19.431] [error] code: 'MODULE_NOT_FOUND',
[2026-08-11 20:14:19.432] [error] requireStack: [
[2026-08-11 20:14:19.436] [error] 'C:\\Users\\커피에반하다\\AppData\\Local\\Programs\\haste-client\\resources\\app.asar\\node_modules\\discord.js\\src\\index.js',
[2026-08-11 20:14:19.437] [error] 'C:\\Users\\커피에반하다\\AppData\\Local\\Programs\\haste-client\\resources\\app.asar\\haste_agent_bridge.js'
[2026-08-11 20:14:19.438] [error] ]
[2026-08-11 20:14:19.439] [error] }
[2026-08-11 20:14:19.440] [error] Node.js v24.18.0
[2026-08-11 20:14:24.797] [error] node:internal/modules/cjs/loader:1527
[2026-08-11 20:14:24.798] [error] throw err;
[2026-08-11 20:14:24.798] [error] ^
[2026-08-11 20:14:24.799] [error] Error: Cannot find module '@discordjs/util'
[2026-08-11 20:14:24.800] [error] Require stack:
[2026-08-11 20:14:24.801] [error] - C:\Users\커피에반하다\AppData\Local\Programs\haste-client\resources\app.asar\node_modules\discord.js\src\index.js
[2026-08-11 20:14:24.801] [error] - C:\Users\커피에반하다\AppData\Local\Programs\haste-client\resources\app.asar\haste_agent_bridge.js
[2026-08-11 20:14:24.802] [error] at Module._resolveFilename (node:internal/modules/cjs/loader:1524:15)
[2026-08-11 20:14:24.802] [error] at wrapResolveFilename (node:internal/modules/cjs/loader:1078:27)
[2026-08-11 20:14:24.803] [error] at defaultResolveImplForCJSLoading (node:internal/modules/cjs/loader:1102:10)
[2026-08-11 20:14:24.804] [error] at resolveForCJSWithHooks (node:internal/modules/cjs/loader:1129:12)
[2026-08-11 20:14:24.804] [error] at Module._load (node:internal/modules/cjs/loader:1301:5)
[2026-08-11 20:14:24.805] [error] at c._load (node:electron/js2c/node_init:2:18060)
[2026-08-11 20:14:24.805] [error] at wrapModuleLoad (node:internal/modules/cjs/loader:262:19)
[2026-08-11 20:14:24.806] [error] at Module.require (node:internal/modules/cjs/loader:1624:12)
[2026-08-11 20:14:24.806] [error] at require (node:internal/modules/helpers:153:16)
[2026-08-11 20:14:24.807] [error] at Object.<anonymous> (C:\Users\커피에반하다\AppData\Local\Programs\haste-client\resources\app.asar\node_modules\discord.js\src\index.js:3:29) {
[2026-08-11 20:14:24.807] [error] code: 'MODULE_NOT_FOUND',
[2026-08-11 20:14:24.808] [error] requireStack: [
[2026-08-11 20:14:24.809] [error] 'C:\\Users\\커피에반하다\\AppData\\Local\\Programs\\haste-client\\resources\\app.asar\\node_modules\\discord.js\\src\\index.js',
[2026-08-11 20:14:24.810] [error] 'C:\\Users\\커피에반하다\\AppData\\Local\\Programs\\haste-client\\resources\\app.asar\\haste_agent_bridge.js'
[2026-08-11 20:14:24.811] [error] ]
[2026-08-11 20:14:24.813] [error] }
[2026-08-11 20:14:24.814] [error] Node.js v24.18.0
[2026-08-11 20:14:30.091] [error] node:internal/modules/cjs/loader:1527
[2026-08-11 20:14:30.091] [error] throw err;
[2026-08-11 20:14:30.092] [error] ^
[2026-08-11 20:14:30.093] [error] Error: Cannot find module '@discordjs/util'
[2026-08-11 20:14:30.093] [error] Require stack:
[2026-08-11 20:14:30.094] [error] - C:\Users\커피에반하다\AppData\Local\Programs\haste-client\resources\app.asar\node_modules\discord.js\src\index.js
[2026-08-11 20:14:30.095] [error] - C:\Users\커피에반하다\AppData\Local\Programs\haste-client\resources\app.asar\haste_agent_bridge.js
[2026-08-11 20:14:30.095] [error] at Module._resolveFilename (node:internal/modules/cjs/loader:1524:15)
[2026-08-11 20:14:30.096] [error] at wrapResolveFilename (node:internal/modules/cjs/loader:1078:27)
[2026-08-11 20:14:30.096] [error] at defaultResolveImplForCJSLoading (node:internal/modules/cjs/loader:1102:10)
[2026-08-11 20:14:30.097] [error] at resolveForCJSWithHooks (node:internal/modules/cjs/loader:1129:12)
[2026-08-11 20:14:30.097] [error] at Module._load (node:internal/modules/cjs/loader:1301:5)
[2026-08-11 20:14:30.100] [error] at c._load (node:electron/js2c/node_init:2:18060)
[2026-08-11 20:14:30.101] [error] at wrapModuleLoad (node:internal/modules/cjs/loader:262:19)
[2026-08-11 20:14:30.102] [error] at Module.require (node:internal/modules/cjs/loader:1624:12)
[2026-08-11 20:14:30.103] [error] at require (node:internal/modules/helpers:153:16)
[2026-08-11 20:14:30.103] [error] at Object.<anonymous> (C:\Users\커피에반하다\AppData\Local\Programs\haste-client\resources\app.asar\node_modules\discord.js\src\index.js:3:29) {
[2026-08-11 20:14:30.105] [error] code: 'MODULE_NOT_FOUND',
[2026-08-11 20:14:30.106] [error] requireStack: [
[2026-08-11 20:14:30.107] [error] 'C:\\Users\\커피에반하다\\AppData\\Local\\Programs\\haste-client\\resources\\app.asar\\node_modules\\discord.js\\src\\index.js',
[2026-08-11 20:14:30.107] [error] 'C:\\Users\\커피에반하다\\AppData\\Local\\Programs\\haste-client\\resources\\app.asar\\haste_agent_bridge.js'
[2026-08-11 20:14:30.108] [error] ]
[2026-08-11 20:14:30.109] [error] }
[2026-08-11 20:14:30.109] [error] Node.js v24.18.0
[2026-08-11 20:14:35.397] [error] node:internal/modules/cjs/loader:1527
[2026-08-11 20:14:35.398] [error] throw err;
[2026-08-11 20:14:35.399] [error] ^
[2026-08-11 20:14:35.400] [error] Error: Cannot find module '@discordjs/util'
[2026-08-11 20:14:35.401] [error] Require stack:
[2026-08-11 20:14:35.402] [error] - C:\Users\커피에반하다\AppData\Local\Programs\haste-client\resources\app.asar\node_modules\discord.js\src\index.js
[2026-08-11 20:14:35.403] [error] - C:\Users\커피에반하다\AppData\Local\Programs\haste-client\resources\app.asar\haste_agent_bridge.js
[2026-08-11 20:14:35.404] [error] at Module._resolveFilename (node:internal/modules/cjs/loader:1524:15)
[2026-08-11 20:14:35.404] [error] at wrapResolveFilename (node:internal/modules/cjs/loader:1078:27)
[2026-08-11 20:14:35.405] [error] at defaultResolveImplForCJSLoading (node:internal/modules/cjs/loader:1102:10)
[2026-08-11 20:14:35.405] [error] at resolveForCJSWithHooks (node:internal/modules/cjs/loader:1129:12)
[2026-08-11 20:14:35.406] [error] at Module._load (node:internal/modules/cjs/loader:1301:5)
[2026-08-11 20:14:35.406] [error] at c._load (node:electron/js2c/node_init:2:18060)
[2026-08-11 20:14:35.407] [error] at wrapModuleLoad (node:internal/modules/cjs/loader:262:19)
[2026-08-11 20:14:35.407] [error] at Module.require (node:internal/modules/cjs/loader:1624:12)
[2026-08-11 20:14:35.408] [error] at require (node:internal/modules/helpers:153:16)
[2026-08-11 20:14:35.408] [error] at Object.<anonymous> (C:\Users\커피에반하다\AppData\Local\Programs\haste-client\resources\app.asar\node_modules\discord.js\src\index.js:3:29) {
[2026-08-11 20:14:35.409] [error] code: 'MODULE_NOT_FOUND',
[2026-08-11 20:14:35.410] [error] requireStack: [
[2026-08-11 20:14:35.410] [error] 'C:\\Users\\커피에반하다\\AppData\\Local\\Programs\\haste-client\\resources\\app.asar\\node_modules\\discord.js\\src\\index.js',
[2026-08-11 20:14:35.411] [error] 'C:\\Users\\커피에반하다\\AppData\\Local\\Programs\\haste-client\\resources\\app.asar\\haste_agent_bridge.js'
[2026-08-11 20:14:35.412] [error] ]
[2026-08-11 20:14:35.412] [error] }
[2026-08-11 20:14:35.413] [error] Node.js v24.18.0
[2026-08-11 20:14:41.297] [error] node:internal/modules/cjs/loader:1527
[2026-08-11 20:14:41.300] [error] throw err;
[2026-08-11 20:14:41.302] [error] ^
[2026-08-11 20:14:41.304] [error] Error: Cannot find module '@discordjs/util'
[2026-08-11 20:14:41.306] [error] Require stack:
[2026-08-11 20:14:41.307] [error] - C:\Users\커피에반하다\AppData\Local\Programs\haste-client\resources\app.asar\node_modules\discord.js\src\index.js
[2026-08-11 20:14:41.308] [error] - C:\Users\커피에반하다\AppData\Local\Programs\haste-client\resources\app.asar\haste_agent_bridge.js
[2026-08-11 20:14:41.310] [error] at Module._resolveFilename (node:internal/modules/cjs/loader:1524:15)
[2026-08-11 20:14:41.311] [error] at wrapResolveFilename (node:internal/modules/cjs/loader:1078:27)
[2026-08-11 20:14:41.313] [error] at defaultResolveImplForCJSLoading (node:internal/modules/cjs/loader:1102:10)
[2026-08-11 20:14:41.314] [error] at resolveForCJSWithHooks (node:internal/modules/cjs/loader:1129:12)
[2026-08-11 20:14:41.316] [error] at Module._load (node:internal/modules/cjs/loader:1301:5)
[2026-08-11 20:14:41.319] [error] at c._load (node:electron/js2c/node_init:2:18060)
[2026-08-11 20:14:41.321] [error] at wrapModuleLoad (node:internal/modules/cjs/loader:262:19)
[2026-08-11 20:14:41.323] [error] at Module.require (node:internal/modules/cjs/loader:1624:12)
[2026-08-11 20:14:41.324] [error] at require (node:internal/modules/helpers:153:16)
[2026-08-11 20:14:41.325] [error] at Object.<anonymous> (C:\Users\커피에반하다\AppData\Local\Programs\haste-client\resources\app.asar\node_modules\discord.js\src\index.js:3:29) {
[2026-08-11 20:14:41.325] [error] code: 'MODULE_NOT_FOUND',
[2026-08-11 20:14:41.327] [error] requireStack: [
[2026-08-11 20:14:41.329] [error] 'C:\\Users\\커피에반하다\\AppData\\Local\\Programs\\haste-client\\resources\\app.asar\\node_modules\\discord.js\\src\\index.js',
[2026-08-11 20:14:41.330] [error] 'C:\\Users\\커피에반하다\\AppData\\Local\\Programs\\haste-client\\resources\\app.asar\\haste_agent_bridge.js'
[2026-08-11 20:14:41.331] [error] ]
[2026-08-11 20:14:41.331] [error] }
[2026-08-11 20:14:41.335] [error] Node.js v24.18.0
[2026-08-11 20:14:47.139] [error] node:internal/modules/cjs/loader:1527
[2026-08-11 20:14:47.141] [error] throw err;
[2026-08-11 20:14:47.143] [error] ^
[2026-08-11 20:14:47.144] [error] Error: Cannot find module '@discordjs/util'
[2026-08-11 20:14:47.145] [error] Require stack:
[2026-08-11 20:14:47.146] [error] - C:\Users\커피에반하다\AppData\Local\Programs\haste-client\resources\app.asar\node_modules\discord.js\src\index.js
[2026-08-11 20:14:47.147] [error] - C:\Users\커피에반하다\AppData\Local\Programs\haste-client\resources\app.asar\haste_agent_bridge.js
[2026-08-11 20:14:47.149] [error] at Module._resolveFilename (node:internal/modules/cjs/loader:1524:15)
[2026-08-11 20:14:47.150] [error] at wrapResolveFilename (node:internal/modules/cjs/loader:1078:27)
[2026-08-11 20:14:47.150] [error] at defaultResolveImplForCJSLoading (node:internal/modules/cjs/loader:1102:10)
[2026-08-11 20:14:47.151] [error] at resolveForCJSWithHooks (node:internal/modules/cjs/loader:1129:12)
[2026-08-11 20:14:47.151] [error] at Module._load (node:internal/modules/cjs/loader:1301:5)
[2026-08-11 20:14:47.152] [error] at c._load (node:electron/js2c/node_init:2:18060)
[2026-08-11 20:14:47.152] [error] at wrapModuleLoad (node:internal/modules/cjs/loader:262:19)
[2026-08-11 20:14:47.153] [error] at Module.require (node:internal/modules/cjs/loader:1624:12)
[2026-08-11 20:14:47.153] [error] at require (node:internal/modules/helpers:153:16)
[2026-08-11 20:14:47.153] [error] at Object.<anonymous> (C:\Users\커피에반하다\AppData\Local\Programs\haste-client\resources\app.asar\node_modules\discord.js\src\index.js:3:29) {
[2026-08-11 20:14:47.154] [error] code: 'MODULE_NOT_FOUND',
[2026-08-11 20:14:47.154] [error] requireStack: [
[2026-08-11 20:14:47.155] [error] 'C:\\Users\\커피에반하다\\AppData\\Local\\Programs\\haste-client\\resources\\app.asar\\node_modules\\discord.js\\src\\index.js',
[2026-08-11 20:14:47.155] [error] 'C:\\Users\\커피에반하다\\AppData\\Local\\Programs\\haste-client\\resources\\app.asar\\haste_agent_bridge.js'
[2026-08-11 20:14:47.156] [error] ]
[2026-08-11 20:14:47.157] [error] }
[2026-08-11 20:14:47.158] [error] Node.js v24.18.0
[2026-08-11 20:14:52.682] [error] node:internal/modules/cjs/loader:1527
[2026-08-11 20:14:52.684] [error] throw err;
[2026-08-11 20:14:52.685] [error] ^
[2026-08-11 20:14:52.687] [error] Error: Cannot find module '@discordjs/util'
[2026-08-11 20:14:52.688] [error] Require stack:
[2026-08-11 20:14:52.690] [error] - C:\Users\커피에반하다\AppData\Local\Programs\haste-client\resources\app.asar\node_modules\discord.js\src\index.js
[2026-08-11 20:14:52.692] [error] - C:\Users\커피에반하다\AppData\Local\Programs\haste-client\resources\app.asar\haste_agent_bridge.js
[2026-08-11 20:14:52.694] [error] at Module._resolveFilename (node:internal/modules/cjs/loader:1524:15)
[2026-08-11 20:14:52.695] [error] at wrapResolveFilename (node:internal/modules/cjs/loader:1078:27)
[2026-08-11 20:14:52.696] [error] at defaultResolveImplForCJSLoading (node:internal/modules/cjs/loader:1102:10)
[2026-08-11 20:14:52.699] [error] at resolveForCJSWithHooks (node:internal/modules/cjs/loader:1129:12)
[2026-08-11 20:14:52.700] [error] at Module._load (node:internal/modules/cjs/loader:1301:5)
[2026-08-11 20:14:52.701] [error] at c._load (node:electron/js2c/node_init:2:18060)
[2026-08-11 20:14:52.702] [error] at wrapModuleLoad (node:internal/modules/cjs/loader:262:19)
[2026-08-11 20:14:52.702] [error] at Module.require (node:internal/modules/cjs/loader:1624:12)
[2026-08-11 20:14:52.703] [error] at require (node:internal/modules/helpers:153:16)
[2026-08-11 20:14:52.704] [error] at Object.<anonymous> (C:\Users\커피에반하다\AppData\Local\Programs\haste-client\resources\app.asar\node_modules\discord.js\src\index.js:3:29) {
[2026-08-11 20:14:52.705] [error] code: 'MODULE_NOT_FOUND',
[2026-08-11 20:14:52.707] [error] requireStack: [
[2026-08-11 20:14:52.709] [error] 'C:\\Users\\커피에반하다\\AppData\\Local\\Programs\\haste-client\\resources\\app.asar\\node_modules\\discord.js\\src\\index.js',
[2026-08-11 20:14:52.711] [error] 'C:\\Users\\커피에반하다\\AppData\\Local\\Programs\\haste-client\\resources\\app.asar\\haste_agent_bridge.js'
[2026-08-11 20:14:52.712] [error] ]
[2026-08-11 20:14:52.712] [error] }
[2026-08-11 20:14:52.715] [error] Node.js v24.18.0
[2026-08-11 20:14:58.265] [error] node:internal/modules/cjs/loader:1527
[2026-08-11 20:14:58.266] [error] throw err;
[2026-08-11 20:14:58.268] [error] ^
[2026-08-11 20:14:58.269] [error] Error: Cannot find module '@discordjs/util'
[2026-08-11 20:14:58.271] [error] Require stack:
[2026-08-11 20:14:58.273] [error] - C:\Users\커피에반하다\AppData\Local\Programs\haste-client\resources\app.asar\node_modules\discord.js\src\index.js
[2026-08-11 20:14:58.275] [error] - C:\Users\커피에반하다\AppData\Local\Programs\haste-client\resources\app.asar\haste_agent_bridge.js
[2026-08-11 20:14:58.277] [error] at Module._resolveFilename (node:internal/modules/cjs/loader:1524:15)
[2026-08-11 20:14:58.278] [error] at wrapResolveFilename (node:internal/modules/cjs/loader:1078:27)
[2026-08-11 20:14:58.279] [error] at defaultResolveImplForCJSLoading (node:internal/modules/cjs/loader:1102:10)
[2026-08-11 20:14:58.281] [error] at resolveForCJSWithHooks (node:internal/modules/cjs/loader:1129:12)
[2026-08-11 20:14:58.283] [error] at Module._load (node:internal/modules/cjs/loader:1301:5)
[2026-08-11 20:14:58.284] [error] at c._load (node:electron/js2c/node_init:2:18060)
[2026-08-11 20:14:58.284] [error] at wrapModuleLoad (node:internal/modules/cjs/loader:262:19)
[2026-08-11 20:14:58.285] [error] at Module.require (node:internal/modules/cjs/loader:1624:12)
[2026-08-11 20:14:58.285] [error] at require (node:internal/modules/helpers:153:16)
[2026-08-11 20:14:58.286] [error] at Object.<anonymous> (C:\Users\커피에반하다\AppData\Local\Programs\haste-client\resources\app.asar\node_modules\discord.js\src\index.js:3:29) {
[2026-08-11 20:14:58.286] [error] code: 'MODULE_NOT_FOUND',
[2026-08-11 20:14:58.286] [error] requireStack: [
[2026-08-11 20:14:58.287] [error] 'C:\\Users\\커피에반하다\\AppData\\Local\\Programs\\haste-client\\resources\\app.asar\\node_modules\\discord.js\\src\\index.js',
[2026-08-11 20:14:58.287] [error] 'C:\\Users\\커피에반하다\\AppData\\Local\\Programs\\haste-client\\resources\\app.asar\\haste_agent_bridge.js'
[2026-08-11 20:14:58.288] [error] ]
[2026-08-11 20:14:58.288] [error] }
[2026-08-11 20:14:58.289] [error] Node.js v24.18.0
[2026-08-11 20:15:03.813] [error] node:internal/modules/cjs/loader:1527
[2026-08-11 20:15:03.816] [error] throw err;
[2026-08-11 20:15:03.817] [error] ^
[2026-08-11 20:15:03.818] [error] Error: Cannot find module '@discordjs/util'
[2026-08-11 20:15:03.820] [error] Require stack:
[2026-08-11 20:15:03.821] [error] - C:\Users\커피에반하다\AppData\Local\Programs\haste-client\resources\app.asar\node_modules\discord.js\src\index.js
[2026-08-11 20:15:03.821] [error] - C:\Users\커피에반하다\AppData\Local\Programs\haste-client\resources\app.asar\haste_agent_bridge.js
[2026-08-11 20:15:03.822] [error] at Module._resolveFilename (node:internal/modules/cjs/loader:1524:15)
[2026-08-11 20:15:03.822] [error] at wrapResolveFilename (node:internal/modules/cjs/loader:1078:27)
[2026-08-11 20:15:03.823] [error] at defaultResolveImplForCJSLoading (node:internal/modules/cjs/loader:1102:10)
[2026-08-11 20:15:03.823] [error] at resolveForCJSWithHooks (node:internal/modules/cjs/loader:1129:12)
[2026-08-11 20:15:03.824] [error] at Module._load (node:internal/modules/cjs/loader:1301:5)
[2026-08-11 20:15:03.824] [error] at c._load (node:electron/js2c/node_init:2:18060)
[2026-08-11 20:15:03.825] [error] at wrapModuleLoad (node:internal/modules/cjs/loader:262:19)
[2026-08-11 20:15:03.825] [error] at Module.require (node:internal/modules/cjs/loader:1624:12)
[2026-08-11 20:15:03.826] [error] at require (node:internal/modules/helpers:153:16)
[2026-08-11 20:15:03.826] [error] at Object.<anonymous> (C:\Users\커피에반하다\AppData\Local\Programs\haste-client\resources\app.asar\node_modules\discord.js\src\index.js:3:29) {
[2026-08-11 20:15:03.827] [error] code: 'MODULE_NOT_FOUND',
[2026-08-11 20:15:03.827] [error] requireStack: [
[2026-08-11 20:15:03.828] [error] 'C:\\Users\\커피에반하다\\AppData\\Local\\Programs\\haste-client\\resources\\app.asar\\node_modules\\discord.js\\src\\index.js',
[2026-08-11 20:15:03.828] [error] 'C:\\Users\\커피에반하다\\AppData\\Local\\Programs\\haste-client\\resources\\app.asar\\haste_agent_bridge.js'
[2026-08-11 20:15:03.829] [error] ]
[2026-08-11 20:15:03.830] [error] }
[2026-08-11 20:15:03.831] [error] Node.js v24.18.0
[2026-08-11 20:15:09.431] [error] node:internal/modules/cjs/loader:1527
[2026-08-11 20:15:09.431] [error] throw err;
[2026-08-11 20:15:09.433] [error] ^
[2026-08-11 20:15:09.436] [error] Error: Cannot find module '@discordjs/util'
[2026-08-11 20:15:09.438] [error] Require stack:
[2026-08-11 20:15:09.439] [error] - C:\Users\커피에반하다\AppData\Local\Programs\haste-client\resources\app.asar\node_modules\discord.js\src\index.js
[2026-08-11 20:15:09.442] [error] - C:\Users\커피에반하다\AppData\Local\Programs\haste-client\resources\app.asar\haste_agent_bridge.js
[2026-08-11 20:15:09.444] [error] at Module._resolveFilename (node:internal/modules/cjs/loader:1524:15)
[2026-08-11 20:15:09.445] [error] at wrapResolveFilename (node:internal/modules/cjs/loader:1078:27)
[2026-08-11 20:15:09.446] [error] at defaultResolveImplForCJSLoading (node:internal/modules/cjs/loader:1102:10)
[2026-08-11 20:15:09.447] [error] at resolveForCJSWithHooks (node:internal/modules/cjs/loader:1129:12)
[2026-08-11 20:15:09.450] [error] at Module._load (node:internal/modules/cjs/loader:1301:5)
[2026-08-11 20:15:09.451] [error] at c._load (node:electron/js2c/node_init:2:18060)
[2026-08-11 20:15:09.451] [error] at wrapModuleLoad (node:internal/modules/cjs/loader:262:19)
[2026-08-11 20:15:09.452] [error] at Module.require (node:internal/modules/cjs/loader:1624:12)
[2026-08-11 20:15:09.452] [error] at require (node:internal/modules/helpers:153:16)
[2026-08-11 20:15:09.453] [error] at Object.<anonymous> (C:\Users\커피에반하다\AppData\Local\Programs\haste-client\resources\app.asar\node_modules\discord.js\src\index.js:3:29) {
[2026-08-11 20:15:09.453] [error] code: 'MODULE_NOT_FOUND',
[2026-08-11 20:15:09.454] [error] requireStack: [
[2026-08-11 20:15:09.454] [error] 'C:\\Users\\커피에반하다\\AppData\\Local\\Programs\\haste-client\\resources\\app.asar\\node_modules\\discord.js\\src\\index.js',
[2026-08-11 20:15:09.455] [error] 'C:\\Users\\커피에반하다\\AppData\\Local\\Programs\\haste-client\\resources\\app.asar\\haste_agent_bridge.js'
[2026-08-11 20:15:09.455] [error] ]
[2026-08-11 20:15:09.456] [error] }
[2026-08-11 20:15:09.456] [error] Node.js v24.18.0
[2026-08-11 20:15:14.999] [error] node:internal/modules/cjs/loader:1527
[2026-08-11 20:15:15.001] [error] throw err;
[2026-08-11 20:15:15.003] [error] ^
[2026-08-11 20:15:15.005] [error] Error: Cannot find module '@discordjs/util'
[2026-08-11 20:15:15.007] [error] Require stack:
[2026-08-11 20:15:15.009] [error] - C:\Users\커피에반하다\AppData\Local\Programs\haste-client\resources\app.asar\node_modules\discord.js\src\index.js
[2026-08-11 20:15:15.010] [error] - C:\Users\커피에반하다\AppData\Local\Programs\haste-client\resources\app.asar\haste_agent_bridge.js
[2026-08-11 20:15:15.011] [error] at Module._resolveFilename (node:internal/modules/cjs/loader:1524:15)
[2026-08-11 20:15:15.013] [error] at wrapResolveFilename (node:internal/modules/cjs/loader:1078:27)
[2026-08-11 20:15:15.014] [error] at defaultResolveImplForCJSLoading (node:internal/modules/cjs/loader:1102:10)
[2026-08-11 20:15:15.016] [error] at resolveForCJSWithHooks (node:internal/modules/cjs/loader:1129:12)
[2026-08-11 20:15:15.018] [error] at Module._load (node:internal/modules/cjs/loader:1301:5)
[2026-08-11 20:15:15.020] [error] at c._load (node:electron/js2c/node_init:2:18060)
[2026-08-11 20:15:15.022] [error] at wrapModuleLoad (node:internal/modules/cjs/loader:262:19)
[2026-08-11 20:15:15.023] [error] at Module.require (node:internal/modules/cjs/loader:1624:12)
[2026-08-11 20:15:15.025] [error] at require (node:internal/modules/helpers:153:16)
[2026-08-11 20:15:15.026] [error] at Object.<anonymous> (C:\Users\커피에반하다\AppData\Local\Programs\haste-client\resources\app.asar\node_modules\discord.js\src\index.js:3:29) {
[2026-08-11 20:15:15.027] [error] code: 'MODULE_NOT_FOUND',
[2026-08-11 20:15:15.029] [error] requireStack: [
[2026-08-11 20:15:15.030] [error] 'C:\\Users\\커피에반하다\\AppData\\Local\\Programs\\haste-client\\resources\\app.asar\\node_modules\\discord.js\\src\\index.js',
[2026-08-11 20:15:15.030] [error] 'C:\\Users\\커피에반하다\\AppData\\Local\\Programs\\haste-client\\resources\\app.asar\\haste_agent_bridge.js'
[2026-08-11 20:15:15.031] [error] ]
[2026-08-11 20:15:15.031] [error] }
[2026-08-11 20:15:15.038] [error] Node.js v24.18.0
[2026-08-11 20:15:20.532] [error] node:internal/modules/cjs/loader:1527
[2026-08-11 20:15:20.534] [error] throw err;
[2026-08-11 20:15:20.536] [error] ^
[2026-08-11 20:15:20.538] [error] Error: Cannot find module '@discordjs/util'
[2026-08-11 20:15:20.539] [error] Require stack:
[2026-08-11 20:15:20.541] [error] - C:\Users\커피에반하다\AppData\Local\Programs\haste-client\resources\app.asar\node_modules\discord.js\src\index.js
[2026-08-11 20:15:20.543] [error] - C:\Users\커피에반하다\AppData\Local\Programs\haste-client\resources\app.asar\haste_agent_bridge.js
[2026-08-11 20:15:20.544] [error] at Module._resolveFilename (node:internal/modules/cjs/loader:1524:15)
[2026-08-11 20:15:20.545] [error] at wrapResolveFilename (node:internal/modules/cjs/loader:1078:27)
[2026-08-11 20:15:20.547] [error] at defaultResolveImplForCJSLoading (node:internal/modules/cjs/loader:1102:10)
[2026-08-11 20:15:20.548] [error] at resolveForCJSWithHooks (node:internal/modules/cjs/loader:1129:12)
[2026-08-11 20:15:20.548] [error] at Module._load (node:internal/modules/cjs/loader:1301:5)
[2026-08-11 20:15:20.550] [error] at c._load (node:electron/js2c/node_init:2:18060)
[2026-08-11 20:15:20.552] [error] at wrapModuleLoad (node:internal/modules/cjs/loader:262:19)
[2026-08-11 20:15:20.553] [error] at Module.require (node:internal/modules/cjs/loader:1624:12)
[2026-08-11 20:15:20.554] [error] at require (node:internal/modules/helpers:153:16)
[2026-08-11 20:15:20.554] [error] at Object.<anonymous> (C:\Users\커피에반하다\AppData\Local\Programs\haste-client\resources\app.asar\node_modules\discord.js\src\index.js:3:29) {
[2026-08-11 20:15:20.555] [error] code: 'MODULE_NOT_FOUND',
[2026-08-11 20:15:20.556] [error] requireStack: [
[2026-08-11 20:15:20.556] [error] 'C:\\Users\\커피에반하다\\AppData\\Local\\Programs\\haste-client\\resources\\app.asar\\node_modules\\discord.js\\src\\index.js',
[2026-08-11 20:15:20.558] [error] 'C:\\Users\\커피에반하다\\AppData\\Local\\Programs\\haste-client\\resources\\app.asar\\haste_agent_bridge.js'
[2026-08-11 20:15:20.560] [error] ]
[2026-08-11 20:15:20.562] [error] }
[2026-08-11 20:15:20.563] [error] Node.js v24.18.0
[2026-08-11 20:15:26.015] [error] node:internal/modules/cjs/loader:1527
[2026-08-11 20:15:26.016] [error] throw err;
[2026-08-11 20:15:26.018] [error] ^
[2026-08-11 20:15:26.019] [error] Error: Cannot find module '@discordjs/util'
[2026-08-11 20:15:26.020] [error] Require stack:
[2026-08-11 20:15:26.023] [error] - C:\Users\커피에반하다\AppData\Local\Programs\haste-client\resources\app.asar\node_modules\discord.js\src\index.js
[2026-08-11 20:15:26.024] [error] - C:\Users\커피에반하다\AppData\Local\Programs\haste-client\resources\app.asar\haste_agent_bridge.js
[2026-08-11 20:15:26.026] [error] at Module._resolveFilename (node:internal/modules/cjs/loader:1524:15)
[2026-08-11 20:15:26.027] [error] at wrapResolveFilename (node:internal/modules/cjs/loader:1078:27)
[2026-08-11 20:15:26.028] [error] at defaultResolveImplForCJSLoading (node:internal/modules/cjs/loader:1102:10)
[2026-08-11 20:15:26.030] [error] at resolveForCJSWithHooks (node:internal/modules/cjs/loader:1129:12)
[2026-08-11 20:15:26.031] [error] at Module._load (node:internal/modules/cjs/loader:1301:5)
[2026-08-11 20:15:26.032] [error] at c._load (node:electron/js2c/node_init:2:18060)
[2026-08-11 20:15:26.033] [error] at wrapModuleLoad (node:internal/modules/cjs/loader:262:19)
[2026-08-11 20:15:26.035] [error] at Module.require (node:internal/modules/cjs/loader:1624:12)
[2026-08-11 20:15:26.036] [error] at require (node:internal/modules/helpers:153:16)
[2026-08-11 20:15:26.037] [error] at Object.<anonymous> (C:\Users\커피에반하다\AppData\Local\Programs\haste-client\resources\app.asar\node_modules\discord.js\src\index.js:3:29) {
[2026-08-11 20:15:26.037] [error] code: 'MODULE_NOT_FOUND',
[2026-08-11 20:15:26.038] [error] requireStack: [
[2026-08-11 20:15:26.038] [error] 'C:\\Users\\커피에반하다\\AppData\\Local\\Programs\\haste-client\\resources\\app.asar\\node_modules\\discord.js\\src\\index.js',
[2026-08-11 20:15:26.039] [error] 'C:\\Users\\커피에반하다\\AppData\\Local\\Programs\\haste-client\\resources\\app.asar\\haste_agent_bridge.js'
[2026-08-11 20:15:26.039] [error] ]
[2026-08-11 20:15:26.040] [error] }
[2026-08-11 20:15:26.040] [error] Node.js v24.18.0
[2026-08-11 20:15:31.337] [error] node:internal/modules/cjs/loader:1527
[2026-08-11 20:15:31.338] [error] throw err;
[2026-08-11 20:15:31.338] [error] ^
[2026-08-11 20:15:31.339] [error] Error: Cannot find module '@discordjs/util'
[2026-08-11 20:15:31.340] [error] Require stack:
[2026-08-11 20:15:31.340] [error] - C:\Users\커피에반하다\AppData\Local\Programs\haste-client\resources\app.asar\node_modules\discord.js\src\index.js
[2026-08-11 20:15:31.341] [error] - C:\Users\커피에반하다\AppData\Local\Programs\haste-client\resources\app.asar\haste_agent_bridge.js
[2026-08-11 20:15:31.342] [error] at Module._resolveFilename (node:internal/modules/cjs/loader:1524:15)
[2026-08-11 20:15:31.342] [error] at wrapResolveFilename (node:internal/modules/cjs/loader:1078:27)
[2026-08-11 20:15:31.343] [error] at defaultResolveImplForCJSLoading (node:internal/modules/cjs/loader:1102:10)
[2026-08-11 20:15:31.343] [error] at resolveForCJSWithHooks (node:internal/modules/cjs/loader:1129:12)
[2026-08-11 20:15:31.344] [error] at Module._load (node:internal/modules/cjs/loader:1301:5)
[2026-08-11 20:15:31.344] [error] at c._load (node:electron/js2c/node_init:2:18060)
[2026-08-11 20:15:31.345] [error] at wrapModuleLoad (node:internal/modules/cjs/loader:262:19)
[2026-08-11 20:15:31.346] [error] at Module.require (node:internal/modules/cjs/loader:1624:12)
[2026-08-11 20:15:31.346] [error] at require (node:internal/modules/helpers:153:16)
[2026-08-11 20:15:31.347] [error] at Object.<anonymous> (C:\Users\커피에반하다\AppData\Local\Programs\haste-client\resources\app.asar\node_modules\discord.js\src\index.js:3:29) {
[2026-08-11 20:15:31.348] [error] code: 'MODULE_NOT_FOUND',
[2026-08-11 20:15:31.348] [error] requireStack: [
[2026-08-11 20:15:31.349] [error] 'C:\\Users\\커피에반하다\\AppData\\Local\\Programs\\haste-client\\resources\\app.asar\\node_modules\\discord.js\\src\\index.js',
[2026-08-11 20:15:31.350] [error] 'C:\\Users\\커피에반하다\\AppData\\Local\\Programs\\haste-client\\resources\\app.asar\\haste_agent_bridge.js'
[2026-08-11 20:15:31.350] [error] ]
[2026-08-11 20:15:31.351] [error] }
[2026-08-11 20:15:31.351] [error] Node.js v24.18.0
[2026-08-11 20:15:36.644] [error] node:internal/modules/cjs/loader:1527
[2026-08-11 20:15:36.645] [error] throw err;
[2026-08-11 20:15:36.646] [error] ^
[2026-08-11 20:15:36.647] [error] Error: Cannot find module '@discordjs/util'
[2026-08-11 20:15:36.647] [error] Require stack:
[2026-08-11 20:15:36.648] [error] - C:\Users\커피에반하다\AppData\Local\Programs\haste-client\resources\app.asar\node_modules\discord.js\src\index.js
[2026-08-11 20:15:36.648] [error] - C:\Users\커피에반하다\AppData\Local\Programs\haste-client\resources\app.asar\haste_agent_bridge.js
[2026-08-11 20:15:36.651] [error] at Module._resolveFilename (node:internal/modules/cjs/loader:1524:15)
[2026-08-11 20:15:36.653] [error] at wrapResolveFilename (node:internal/modules/cjs/loader:1078:27)
[2026-08-11 20:15:36.653] [error] at defaultResolveImplForCJSLoading (node:internal/modules/cjs/loader:1102:10)
[2026-08-11 20:15:36.654] [error] at resolveForCJSWithHooks (node:internal/modules/cjs/loader:1129:12)
[2026-08-11 20:15:36.654] [error] at Module._load (node:internal/modules/cjs/loader:1301:5)
[2026-08-11 20:15:36.655] [error] at c._load (node:electron/js2c/node_init:2:18060)
[2026-08-11 20:15:36.655] [error] at wrapModuleLoad (node:internal/modules/cjs/loader:262:19)
[2026-08-11 20:15:36.656] [error] at Module.require (node:internal/modules/cjs/loader:1624:12)
[2026-08-11 20:15:36.657] [error] at require (node:internal/modules/helpers:153:16)
[2026-08-11 20:15:36.657] [error] at Object.<anonymous> (C:\Users\커피에반하다\AppData\Local\Programs\haste-client\resources\app.asar\node_modules\discord.js\src\index.js:3:29) {
[2026-08-11 20:15:36.660] [error] code: 'MODULE_NOT_FOUND',
[2026-08-11 20:15:36.660] [error] requireStack: [
[2026-08-11 20:15:36.661] [error] 'C:\\Users\\커피에반하다\\AppData\\Local\\Programs\\haste-client\\resources\\app.asar\\node_modules\\discord.js\\src\\index.js',
[2026-08-11 20:15:36.662] [error] 'C:\\Users\\커피에반하다\\AppData\\Local\\Programs\\haste-client\\resources\\app.asar\\haste_agent_bridge.js'
[2026-08-11 20:15:36.662] [error] ]
[2026-08-11 20:15:36.663] [error] }
[2026-08-11 20:15:36.663] [error] Node.js v24.18.0
[2026-08-11 20:15:41.962] [error] node:internal/modules/cjs/loader:1527
[2026-08-11 20:15:41.962] [error] throw err;
[2026-08-11 20:15:41.963] [error] ^
[2026-08-11 20:15:41.964] [error] Error: Cannot find module '@discordjs/util'
[2026-08-11 20:15:41.965] [error] Require stack:
[2026-08-11 20:15:41.966] [error] - C:\Users\커피에반하다\AppData\Local\Programs\haste-client\resources\app.asar\node_modules\discord.js\src\index.js
[2026-08-11 20:15:41.967] [error] - C:\Users\커피에반하다\AppData\Local\Programs\haste-client\resources\app.asar\haste_agent_bridge.js
[2026-08-11 20:15:41.968] [error] at Module._resolveFilename (node:internal/modules/cjs/loader:1524:15)
[2026-08-11 20:15:41.969] [error] at wrapResolveFilename (node:internal/modules/cjs/loader:1078:27)
[2026-08-11 20:15:41.970] [error] at defaultResolveImplForCJSLoading (node:internal/modules/cjs/loader:1102:10)
[2026-08-11 20:15:41.971] [error] at resolveForCJSWithHooks (node:internal/modules/cjs/loader:1129:12)
[2026-08-11 20:15:41.971] [error] at Module._load (node:internal/modules/cjs/loader:1301:5)
[2026-08-11 20:15:41.972] [error] at c._load (node:electron/js2c/node_init:2:18060)
[2026-08-11 20:15:41.973] [error] at wrapModuleLoad (node:internal/modules/cjs/loader:262:19)
[2026-08-11 20:15:41.973] [error] at Module.require (node:internal/modules/cjs/loader:1624:12)
[2026-08-11 20:15:41.974] [error] at require (node:internal/modules/helpers:153:16)
[2026-08-11 20:15:41.975] [error] at Object.<anonymous> (C:\Users\커피에반하다\AppData\Local\Programs\haste-client\resources\app.asar\node_modules\discord.js\src\index.js:3:29) {
[2026-08-11 20:15:41.976] [error] code: 'MODULE_NOT_FOUND',
[2026-08-11 20:15:41.976] [error] requireStack: [
[2026-08-11 20:15:41.978] [error] 'C:\\Users\\커피에반하다\\AppData\\Local\\Programs\\haste-client\\resources\\app.asar\\node_modules\\discord.js\\src\\index.js',
[2026-08-11 20:15:41.979] [error] 'C:\\Users\\커피에반하다\\AppData\\Local\\Programs\\haste-client\\resources\\app.asar\\haste_agent_bridge.js'
[2026-08-11 20:15:41.979] [error] ]
[2026-08-11 20:15:41.980] [error] }
[2026-08-11 20:15:41.981] [error] Node.js v24.18.0
[2026-08-11 20:15:47.338] [error] node:internal/modules/cjs/loader:1527
[2026-08-11 20:15:47.339] [error] throw err;
[2026-08-11 20:15:47.339] [error] ^
[2026-08-11 20:15:47.340] [error] Error: Cannot find module '@discordjs/util'
[2026-08-11 20:15:47.341] [error] Require stack:
[2026-08-11 20:15:47.342] [error] - C:\Users\커피에반하다\AppData\Local\Programs\haste-client\resources\app.asar\node_modules\discord.js\src\index.js
[2026-08-11 20:15:47.342] [error] - C:\Users\커피에반하다\AppData\Local\Programs\haste-client\resources\app.asar\haste_agent_bridge.js
[2026-08-11 20:15:47.343] [error] at Module._resolveFilename (node:internal/modules/cjs/loader:1524:15)
[2026-08-11 20:15:47.343] [error] at wrapResolveFilename (node:internal/modules/cjs/loader:1078:27)
[2026-08-11 20:15:47.344] [error] at defaultResolveImplForCJSLoading (node:internal/modules/cjs/loader:1102:10)
[2026-08-11 20:15:47.345] [error] at resolveForCJSWithHooks (node:internal/modules/cjs/loader:1129:12)
[2026-08-11 20:15:47.345] [error] at Module._load (node:internal/modules/cjs/loader:1301:5)
[2026-08-11 20:15:47.346] [error] at c._load (node:electron/js2c/node_init:2:18060)
[2026-08-11 20:15:47.347] [error] at wrapModuleLoad (node:internal/modules/cjs/loader:262:19)
[2026-08-11 20:15:47.347] [error] at Module.require (node:internal/modules/cjs/loader:1624:12)
[2026-08-11 20:15:47.348] [error] at require (node:internal/modules/helpers:153:16)
[2026-08-11 20:15:47.348] [error] at Object.<anonymous> (C:\Users\커피에반하다\AppData\Local\Programs\haste-client\resources\app.asar\node_modules\discord.js\src\index.js:3:29) {
[2026-08-11 20:15:47.349] [error] code: 'MODULE_NOT_FOUND',
[2026-08-11 20:15:47.350] [error] requireStack: [
[2026-08-11 20:15:47.350] [error] 'C:\\Users\\커피에반하다\\AppData\\Local\\Programs\\haste-client\\resources\\app.asar\\node_modules\\discord.js\\src\\index.js',
[2026-08-11 20:15:47.351] [error] 'C:\\Users\\커피에반하다\\AppData\\Local\\Programs\\haste-client\\resources\\app.asar\\haste_agent_bridge.js'
[2026-08-11 20:15:47.352] [error] ]
[2026-08-11 20:15:47.353] [error] }
[2026-08-11 20:15:47.355] [error] Node.js v24.18.0
[2026-08-11 20:15:52.802] [error] node:internal/modules/cjs/loader:1527
[2026-08-11 20:15:52.803] [error] throw err;
[2026-08-11 20:15:52.803] [error] ^
[2026-08-11 20:15:52.804] [error] Error: Cannot find module '@discordjs/util'
[2026-08-11 20:15:52.805] [error] Require stack:
[2026-08-11 20:15:52.806] [error] - C:\Users\커피에반하다\AppData\Local\Programs\haste-client\resources\app.asar\node_modules\discord.js\src\index.js
[2026-08-11 20:15:52.807] [error] - C:\Users\커피에반하다\AppData\Local\Programs\haste-client\resources\app.asar\haste_agent_bridge.js
[2026-08-11 20:15:52.807] [error] at Module._resolveFilename (node:internal/modules/cjs/loader:1524:15)
[2026-08-11 20:15:52.808] [error] at wrapResolveFilename (node:internal/modules/cjs/loader:1078:27)
[2026-08-11 20:15:52.808] [error] at defaultResolveImplForCJSLoading (node:internal/modules/cjs/loader:1102:10)
[2026-08-11 20:15:52.809] [error] at resolveForCJSWithHooks (node:internal/modules/cjs/loader:1129:12)
[2026-08-11 20:15:52.809] [error] at Module._load (node:internal/modules/cjs/loader:1301:5)
[2026-08-11 20:15:52.810] [error] at c._load (node:electron/js2c/node_init:2:18060)
[2026-08-11 20:15:52.811] [error] at wrapModuleLoad (node:internal/modules/cjs/loader:262:19)
[2026-08-11 20:15:52.811] [error] at Module.require (node:internal/modules/cjs/loader:1624:12)
[2026-08-11 20:15:52.812] [error] at require (node:internal/modules/helpers:153:16)
[2026-08-11 20:15:52.813] [error] at Object.<anonymous> (C:\Users\커피에반하다\AppData\Local\Programs\haste-client\resources\app.asar\node_modules\discord.js\src\index.js:3:29) {
[2026-08-11 20:15:52.813] [error] code: 'MODULE_NOT_FOUND',
[2026-08-11 20:15:52.814] [error] requireStack: [
[2026-08-11 20:15:52.814] [error] 'C:\\Users\\커피에반하다\\AppData\\Local\\Programs\\haste-client\\resources\\app.asar\\node_modules\\discord.js\\src\\index.js',
[2026-08-11 20:15:52.815] [error] 'C:\\Users\\커피에반하다\\AppData\\Local\\Programs\\haste-client\\resources\\app.asar\\haste_agent_bridge.js'
[2026-08-11 20:15:52.817] [error] ]
[2026-08-11 20:15:52.818] [error] }
[2026-08-11 20:15:52.821] [error] Node.js v24.18.0
[2026-08-11 20:15:58.167] [error] node:internal/modules/cjs/loader:1527
[2026-08-11 20:15:58.168] [error] throw err;
[2026-08-11 20:15:58.169] [error] ^
[2026-08-11 20:15:58.170] [error] Error: Cannot find module '@discordjs/util'
[2026-08-11 20:15:58.171] [error] Require stack:
[2026-08-11 20:15:58.172] [error] - C:\Users\커피에반하다\AppData\Local\Programs\haste-client\resources\app.asar\node_modules\discord.js\src\index.js
[2026-08-11 20:15:58.173] [error] - C:\Users\커피에반하다\AppData\Local\Programs\haste-client\resources\app.asar\haste_agent_bridge.js
[2026-08-11 20:15:58.173] [error] at Module._resolveFilename (node:internal/modules/cjs/loader:1524:15)
[2026-08-11 20:15:58.174] [error] at wrapResolveFilename (node:internal/modules/cjs/loader:1078:27)
[2026-08-11 20:15:58.174] [error] at defaultResolveImplForCJSLoading (node:internal/modules/cjs/loader:1102:10)
[2026-08-11 20:15:58.175] [error] at resolveForCJSWithHooks (node:internal/modules/cjs/loader:1129:12)
[2026-08-11 20:15:58.175] [error] at Module._load (node:internal/modules/cjs/loader:1301:5)
[2026-08-11 20:15:58.176] [error] at c._load (node:electron/js2c/node_init:2:18060)
[2026-08-11 20:15:58.177] [error] at wrapModuleLoad (node:internal/modules/cjs/loader:262:19)
[2026-08-11 20:15:58.177] [error] at Module.require (node:internal/modules/cjs/loader:1624:12)
[2026-08-11 20:15:58.178] [error] at require (node:internal/modules/helpers:153:16)
[2026-08-11 20:15:58.178] [error] at Object.<anonymous> (C:\Users\커피에반하다\AppData\Local\Programs\haste-client\resources\app.asar\node_modules\discord.js\src\index.js:3:29) {
[2026-08-11 20:15:58.179] [error] code: 'MODULE_NOT_FOUND',
[2026-08-11 20:15:58.180] [error] requireStack: [
[2026-08-11 20:15:58.180] [error] 'C:\\Users\\커피에반하다\\AppData\\Local\\Programs\\haste-client\\resources\\app.asar\\node_modules\\discord.js\\src\\index.js',
[2026-08-11 20:15:58.181] [error] 'C:\\Users\\커피에반하다\\AppData\\Local\\Programs\\haste-client\\resources\\app.asar\\haste_agent_bridge.js'
[2026-08-11 20:15:58.181] [error] ]
[2026-08-11 20:15:58.182] [error] }
[2026-08-11 20:15:58.184] [error] Node.js v24.18.0
[2026-08-11 20:16:03.463] [error] node:internal/modules/cjs/loader:1527
[2026-08-11 20:16:03.463] [error] throw err;
[2026-08-11 20:16:03.464] [error] ^
[2026-08-11 20:16:03.465] [error] Error: Cannot find module '@discordjs/util'
[2026-08-11 20:16:03.467] [error] Require stack:
[2026-08-11 20:16:03.467] [error] - C:\Users\커피에반하다\AppData\Local\Programs\haste-client\resources\app.asar\node_modules\discord.js\src\index.js
[2026-08-11 20:16:03.468] [error] - C:\Users\커피에반하다\AppData\Local\Programs\haste-client\resources\app.asar\haste_agent_bridge.js
[2026-08-11 20:16:03.469] [error] at Module._resolveFilename (node:internal/modules/cjs/loader:1524:15)
[2026-08-11 20:16:03.469] [error] at wrapResolveFilename (node:internal/modules/cjs/loader:1078:27)
[2026-08-11 20:16:03.470] [error] at defaultResolveImplForCJSLoading (node:internal/modules/cjs/loader:1102:10)
[2026-08-11 20:16:03.470] [error] at resolveForCJSWithHooks (node:internal/modules/cjs/loader:1129:12)
[2026-08-11 20:16:03.471] [error] at Module._load (node:internal/modules/cjs/loader:1301:5)
[2026-08-11 20:16:03.472] [error] at c._load (node:electron/js2c/node_init:2:18060)
[2026-08-11 20:16:03.472] [error] at wrapModuleLoad (node:internal/modules/cjs/loader:262:19)
[2026-08-11 20:16:03.473] [error] at Module.require (node:internal/modules/cjs/loader:1624:12)
[2026-08-11 20:16:03.473] [error] at require (node:internal/modules/helpers:153:16)
[2026-08-11 20:16:03.474] [error] at Object.<anonymous> (C:\Users\커피에반하다\AppData\Local\Programs\haste-client\resources\app.asar\node_modules\discord.js\src\index.js:3:29) {
[2026-08-11 20:16:03.475] [error] code: 'MODULE_NOT_FOUND',
[2026-08-11 20:16:03.475] [error] requireStack: [
[2026-08-11 20:16:03.476] [error] 'C:\\Users\\커피에반하다\\AppData\\Local\\Programs\\haste-client\\resources\\app.asar\\node_modules\\discord.js\\src\\index.js',
[2026-08-11 20:16:03.476] [error] 'C:\\Users\\커피에반하다\\AppData\\Local\\Programs\\haste-client\\resources\\app.asar\\haste_agent_bridge.js'
[2026-08-11 20:16:03.477] [error] ]
[2026-08-11 20:16:03.478] [error] }
[2026-08-11 20:16:03.480] [error] Node.js v24.18.0
[2026-08-11 20:16:08.780] [error] node:internal/modules/cjs/loader:1527
[2026-08-11 20:16:08.781] [error] throw err;
[2026-08-11 20:16:08.781] [error] ^
[2026-08-11 20:16:08.783] [error] Error: Cannot find module '@discordjs/util'
[2026-08-11 20:16:08.784] [error] Require stack:
[2026-08-11 20:16:08.784] [error] - C:\Users\커피에반하다\AppData\Local\Programs\haste-client\resources\app.asar\node_modules\discord.js\src\index.js
[2026-08-11 20:16:08.785] [error] - C:\Users\커피에반하다\AppData\Local\Programs\haste-client\resources\app.asar\haste_agent_bridge.js
[2026-08-11 20:16:08.786] [error] at Module._resolveFilename (node:internal/modules/cjs/loader:1524:15)
[2026-08-11 20:16:08.787] [error] at wrapResolveFilename (node:internal/modules/cjs/loader:1078:27)
[2026-08-11 20:16:08.787] [error] at defaultResolveImplForCJSLoading (node:internal/modules/cjs/loader:1102:10)
[2026-08-11 20:16:08.788] [error] at resolveForCJSWithHooks (node:internal/modules/cjs/loader:1129:12)
[2026-08-11 20:16:08.788] [error] at Module._load (node:internal/modules/cjs/loader:1301:5)
[2026-08-11 20:16:08.789] [error] at c._load (node:electron/js2c/node_init:2:18060)
[2026-08-11 20:16:08.790] [error] at wrapModuleLoad (node:internal/modules/cjs/loader:262:19)
[2026-08-11 20:16:08.790] [error] at Module.require (node:internal/modules/cjs/loader:1624:12)
[2026-08-11 20:16:08.791] [error] at require (node:internal/modules/helpers:153:16)
[2026-08-11 20:16:08.791] [error] at Object.<anonymous> (C:\Users\커피에반하다\AppData\Local\Programs\haste-client\resources\app.asar\node_modules\discord.js\src\index.js:3:29) {
[2026-08-11 20:16:08.792] [error] code: 'MODULE_NOT_FOUND',
[2026-08-11 20:16:08.792] [error] requireStack: [
[2026-08-11 20:16:08.793] [error] 'C:\\Users\\커피에반하다\\AppData\\Local\\Programs\\haste-client\\resources\\app.asar\\node_modules\\discord.js\\src\\index.js',
[2026-08-11 20:16:08.794] [error] 'C:\\Users\\커피에반하다\\AppData\\Local\\Programs\\haste-client\\resources\\app.asar\\haste_agent_bridge.js'
[2026-08-11 20:16:08.794] [error] ]
[2026-08-11 20:16:08.795] [error] }
[2026-08-11 20:16:08.796] [error] Node.js v24.18.0
[2026-08-11 20:16:14.088] [error] node:internal/modules/cjs/loader:1527
[2026-08-11 20:16:14.088] [error] throw err;
[2026-08-11 20:16:14.089] [error] ^
[2026-08-11 20:16:14.090] [error] Error: Cannot find module '@discordjs/util'
[2026-08-11 20:16:14.091] [error] Require stack:
[2026-08-11 20:16:14.091] [error] - C:\Users\커피에반하다\AppData\Local\Programs\haste-client\resources\app.asar\node_modules\discord.js\src\index.js
[2026-08-11 20:16:14.092] [error] - C:\Users\커피에반하다\AppData\Local\Programs\haste-client\resources\app.asar\haste_agent_bridge.js
[2026-08-11 20:16:14.092] [error] at Module._resolveFilename (node:internal/modules/cjs/loader:1524:15)
[2026-08-11 20:16:14.093] [error] at wrapResolveFilename (node:internal/modules/cjs/loader:1078:27)
[2026-08-11 20:16:14.093] [error] at defaultResolveImplForCJSLoading (node:internal/modules/cjs/loader:1102:10)
[2026-08-11 20:16:14.094] [error] at resolveForCJSWithHooks (node:internal/modules/cjs/loader:1129:12)
[2026-08-11 20:16:14.095] [error] at Module._load (node:internal/modules/cjs/loader:1301:5)
[2026-08-11 20:16:14.095] [error] at c._load (node:electron/js2c/node_init:2:18060)
[2026-08-11 20:16:14.096] [error] at wrapModuleLoad (node:internal/modules/cjs/loader:262:19)
[2026-08-11 20:16:14.096] [error] at Module.require (node:internal/modules/cjs/loader:1624:12)
[2026-08-11 20:16:14.097] [error] at require (node:internal/modules/helpers:153:16)
[2026-08-11 20:16:14.098] [error] at Object.<anonymous> (C:\Users\커피에반하다\AppData\Local\Programs\haste-client\resources\app.asar\node_modules\discord.js\src\index.js:3:29) {
[2026-08-11 20:16:14.098] [error] code: 'MODULE_NOT_FOUND',
[2026-08-11 20:16:14.100] [error] requireStack: [
[2026-08-11 20:16:14.101] [error] 'C:\\Users\\커피에반하다\\AppData\\Local\\Programs\\haste-client\\resources\\app.asar\\node_modules\\discord.js\\src\\index.js',
[2026-08-11 20:16:14.101] [error] 'C:\\Users\\커피에반하다\\AppData\\Local\\Programs\\haste-client\\resources\\app.asar\\haste_agent_bridge.js'
[2026-08-11 20:16:14.102] [error] ]
[2026-08-11 20:16:14.102] [error] }
[2026-08-11 20:16:14.103] [error] Node.js v24.18.0
[2026-08-11 20:16:19.395] [error] node:internal/modules/cjs/loader:1527
[2026-08-11 20:16:19.396] [error] throw err;
[2026-08-11 20:16:19.397] [error] ^
[2026-08-11 20:16:19.397] [error] Error: Cannot find module '@discordjs/util'
[2026-08-11 20:16:19.398] [error] Require stack:
[2026-08-11 20:16:19.399] [error] - C:\Users\커피에반하다\AppData\Local\Programs\haste-client\resources\app.asar\node_modules\discord.js\src\index.js
[2026-08-11 20:16:19.400] [error] - C:\Users\커피에반하다\AppData\Local\Programs\haste-client\resources\app.asar\haste_agent_bridge.js
[2026-08-11 20:16:19.401] [error] at Module._resolveFilename (node:internal/modules/cjs/loader:1524:15)
[2026-08-11 20:16:19.401] [error] at wrapResolveFilename (node:internal/modules/cjs/loader:1078:27)
[2026-08-11 20:16:19.402] [error] at defaultResolveImplForCJSLoading (node:internal/modules/cjs/loader:1102:10)
[2026-08-11 20:16:19.402] [error] at resolveForCJSWithHooks (node:internal/modules/cjs/loader:1129:12)
[2026-08-11 20:16:19.403] [error] at Module._load (node:internal/modules/cjs/loader:1301:5)
[2026-08-11 20:16:19.404] [error] at c._load (node:electron/js2c/node_init:2:18060)
[2026-08-11 20:16:19.404] [error] at wrapModuleLoad (node:internal/modules/cjs/loader:262:19)
[2026-08-11 20:16:19.405] [error] at Module.require (node:internal/modules/cjs/loader:1624:12)
[2026-08-11 20:16:19.405] [error] at require (node:internal/modules/helpers:153:16)
[2026-08-11 20:16:19.406] [error] at Object.<anonymous> (C:\Users\커피에반하다\AppData\Local\Programs\haste-client\resources\app.asar\node_modules\discord.js\src\index.js:3:29) {
[2026-08-11 20:16:19.406] [error] code: 'MODULE_NOT_FOUND',
[2026-08-11 20:16:19.407] [error] requireStack: [
[2026-08-11 20:16:19.407] [error] 'C:\\Users\\커피에반하다\\AppData\\Local\\Programs\\haste-client\\resources\\app.asar\\node_modules\\discord.js\\src\\index.js',
[2026-08-11 20:16:19.408] [error] 'C:\\Users\\커피에반하다\\AppData\\Local\\Programs\\haste-client\\resources\\app.asar\\haste_agent_bridge.js'
[2026-08-11 20:16:19.409] [error] ]
[2026-08-11 20:16:19.409] [error] }
[2026-08-11 20:16:19.410] [error] Node.js v24.18.0
[2026-08-11 20:16:24.738] [error] node:internal/modules/cjs/loader:1527
[2026-08-11 20:16:24.739] [error] throw err;
[2026-08-11 20:16:24.740] [error] ^
[2026-08-11 20:16:24.741] [error] Error: Cannot find module '@discordjs/util'
[2026-08-11 20:16:24.741] [error] Require stack:
[2026-08-11 20:16:24.742] [error] - C:\Users\커피에반하다\AppData\Local\Programs\haste-client\resources\app.asar\node_modules\discord.js\src\index.js
[2026-08-11 20:16:24.742] [error] - C:\Users\커피에반하다\AppData\Local\Programs\haste-client\resources\app.asar\haste_agent_bridge.js
[2026-08-11 20:16:24.743] [error] at Module._resolveFilename (node:internal/modules/cjs/loader:1524:15)
[2026-08-11 20:16:24.743] [error] at wrapResolveFilename (node:internal/modules/cjs/loader:1078:27)
[2026-08-11 20:16:24.744] [error] at defaultResolveImplForCJSLoading (node:internal/modules/cjs/loader:1102:10)
[2026-08-11 20:16:24.745] [error] at resolveForCJSWithHooks (node:internal/modules/cjs/loader:1129:12)
[2026-08-11 20:16:24.745] [error] at Module._load (node:internal/modules/cjs/loader:1301:5)
[2026-08-11 20:16:24.746] [error] at c._load (node:electron/js2c/node_init:2:18060)
[2026-08-11 20:16:24.747] [error] at wrapModuleLoad (node:internal/modules/cjs/loader:262:19)
[2026-08-11 20:16:24.747] [error] at Module.require (node:internal/modules/cjs/loader:1624:12)
[2026-08-11 20:16:24.748] [error] at require (node:internal/modules/helpers:153:16)
[2026-08-11 20:16:24.748] [error] at Object.<anonymous> (C:\Users\커피에반하다\AppData\Local\Programs\haste-client\resources\app.asar\node_modules\discord.js\src\index.js:3:29) {
[2026-08-11 20:16:24.749] [error] code: 'MODULE_NOT_FOUND',
[2026-08-11 20:16:24.750] [error] requireStack: [
[2026-08-11 20:16:24.751] [error] 'C:\\Users\\커피에반하다\\AppData\\Local\\Programs\\haste-client\\resources\\app.asar\\node_modules\\discord.js\\src\\index.js',
[2026-08-11 20:16:24.752] [error] 'C:\\Users\\커피에반하다\\AppData\\Local\\Programs\\haste-client\\resources\\app.asar\\haste_agent_bridge.js'
[2026-08-11 20:16:24.753] [error] ]
[2026-08-11 20:16:24.753] [error] }
[2026-08-11 20:16:24.754] [error] Node.js v24.18.0
[2026-08-11 20:16:30.048] [error] node:internal/modules/cjs/loader:1527
[2026-08-11 20:16:30.048] [error] throw err;
[2026-08-11 20:16:30.051] [error] ^
[2026-08-11 20:16:30.052] [error] Error: Cannot find module '@discordjs/util'
[2026-08-11 20:16:30.053] [error] Require stack:
[2026-08-11 20:16:30.054] [error] - C:\Users\커피에반하다\AppData\Local\Programs\haste-client\resources\app.asar\node_modules\discord.js\src\index.js
[2026-08-11 20:16:30.054] [error] - C:\Users\커피에반하다\AppData\Local\Programs\haste-client\resources\app.asar\haste_agent_bridge.js
[2026-08-11 20:16:30.055] [error] at Module._resolveFilename (node:internal/modules/cjs/loader:1524:15)
[2026-08-11 20:16:30.056] [error] at wrapResolveFilename (node:internal/modules/cjs/loader:1078:27)
[2026-08-11 20:16:30.057] [error] at defaultResolveImplForCJSLoading (node:internal/modules/cjs/loader:1102:10)
[2026-08-11 20:16:30.057] [error] at resolveForCJSWithHooks (node:internal/modules/cjs/loader:1129:12)
[2026-08-11 20:16:30.058] [error] at Module._load (node:internal/modules/cjs/loader:1301:5)
[2026-08-11 20:16:30.059] [error] at c._load (node:electron/js2c/node_init:2:18060)
[2026-08-11 20:16:30.059] [error] at wrapModuleLoad (node:internal/modules/cjs/loader:262:19)
[2026-08-11 20:16:30.060] [error] at Module.require (node:internal/modules/cjs/loader:1624:12)
[2026-08-11 20:16:30.061] [error] at require (node:internal/modules/helpers:153:16)
[2026-08-11 20:16:30.061] [error] at Object.<anonymous> (C:\Users\커피에반하다\AppData\Local\Programs\haste-client\resources\app.asar\node_modules\discord.js\src\index.js:3:29) {
[2026-08-11 20:16:30.062] [error] code: 'MODULE_NOT_FOUND',
[2026-08-11 20:16:30.063] [error] requireStack: [
[2026-08-11 20:16:30.064] [error] 'C:\\Users\\커피에반하다\\AppData\\Local\\Programs\\haste-client\\resources\\app.asar\\node_modules\\discord.js\\src\\index.js',
[2026-08-11 20:16:30.065] [error] 'C:\\Users\\커피에반하다\\AppData\\Local\\Programs\\haste-client\\resources\\app.asar\\haste_agent_bridge.js'
[2026-08-11 20:16:30.066] [error] ]
[2026-08-11 20:16:30.067] [error] }
[2026-08-11 20:16:30.068] [error] Node.js v24.18.0
[2026-08-11 20:16:35.614] [error] node:internal/modules/cjs/loader:1527
[2026-08-11 20:16:35.617] [error] throw err;
[2026-08-11 20:16:35.619] [error] ^
[2026-08-11 20:16:35.620] [error] Error: Cannot find module '@discordjs/util'
[2026-08-11 20:16:35.621] [error] Require stack:
[2026-08-11 20:16:35.622] [error] - C:\Users\커피에반하다\AppData\Local\Programs\haste-client\resources\app.asar\node_modules\discord.js\src\index.js
[2026-08-11 20:16:35.626] [error] - C:\Users\커피에반하다\AppData\Local\Programs\haste-client\resources\app.asar\haste_agent_bridge.js
[2026-08-11 20:16:35.628] [error] at Module._resolveFilename (node:internal/modules/cjs/loader:1524:15)
[2026-08-11 20:16:35.630] [error] at wrapResolveFilename (node:internal/modules/cjs/loader:1078:27)
[2026-08-11 20:16:35.637] [error] at defaultResolveImplForCJSLoading (node:internal/modules/cjs/loader:1102:10)
[2026-08-11 20:16:35.642] [error] at resolveForCJSWithHooks (node:internal/modules/cjs/loader:1129:12)
[2026-08-11 20:16:35.644] [error] at Module._load (node:internal/modules/cjs/loader:1301:5)
[2026-08-11 20:16:35.646] [error] at c._load (node:electron/js2c/node_init:2:18060)
[2026-08-11 20:16:35.648] [error] at wrapModuleLoad (node:internal/modules/cjs/loader:262:19)
[2026-08-11 20:16:35.652] [error] at Module.require (node:internal/modules/cjs/loader:1624:12)
[2026-08-11 20:16:35.653] [error] at require (node:internal/modules/helpers:153:16)
[2026-08-11 20:16:35.655] [error] at Object.<anonymous> (C:\Users\커피에반하다\AppData\Local\Programs\haste-client\resources\app.asar\node_modules\discord.js\src\index.js:3:29) {
[2026-08-11 20:16:35.656] [error] code: 'MODULE_NOT_FOUND',
[2026-08-11 20:16:35.657] [error] requireStack: [
[2026-08-11 20:16:35.659] [error] 'C:\\Users\\커피에반하다\\AppData\\Local\\Programs\\haste-client\\resources\\app.asar\\node_modules\\discord.js\\src\\index.js',
[2026-08-11 20:16:35.661] [error] 'C:\\Users\\커피에반하다\\AppData\\Local\\Programs\\haste-client\\resources\\app.asar\\haste_agent_bridge.js'
[2026-08-11 20:16:35.668] [error] ]
[2026-08-11 20:16:35.670] [error] }
[2026-08-11 20:16:35.671] [error] Node.js v24.18.0
[2026-08-11 20:16:41.052] [error] node:internal/modules/cjs/loader:1527
[2026-08-11 20:16:41.053] [error] throw err;
[2026-08-11 20:16:41.054] [error] ^
[2026-08-11 20:16:41.054] [error] Error: Cannot find module '@discordjs/util'
[2026-08-11 20:16:41.055] [error] Require stack:
[2026-08-11 20:16:41.055] [error] - C:\Users\커피에반하다\AppData\Local\Programs\haste-client\resources\app.asar\node_modules\discord.js\src\index.js
[2026-08-11 20:16:41.056] [error] - C:\Users\커피에반하다\AppData\Local\Programs\haste-client\resources\app.asar\haste_agent_bridge.js
[2026-08-11 20:16:41.057] [error] at Module._resolveFilename (node:internal/modules/cjs/loader:1524:15)
[2026-08-11 20:16:41.057] [error] at wrapResolveFilename (node:internal/modules/cjs/loader:1078:27)
[2026-08-11 20:16:41.058] [error] at defaultResolveImplForCJSLoading (node:internal/modules/cjs/loader:1102:10)
[2026-08-11 20:16:41.058] [error] at resolveForCJSWithHooks (node:internal/modules/cjs/loader:1129:12)
[2026-08-11 20:16:41.059] [error] at Module._load (node:internal/modules/cjs/loader:1301:5)
[2026-08-11 20:16:41.059] [error] at c._load (node:electron/js2c/node_init:2:18060)
[2026-08-11 20:16:41.060] [error] at wrapModuleLoad (node:internal/modules/cjs/loader:262:19)
[2026-08-11 20:16:41.060] [error] at Module.require (node:internal/modules/cjs/loader:1624:12)
[2026-08-11 20:16:41.061] [error] at require (node:internal/modules/helpers:153:16)
[2026-08-11 20:16:41.061] [error] at Object.<anonymous> (C:\Users\커피에반하다\AppData\Local\Programs\haste-client\resources\app.asar\node_modules\discord.js\src\index.js:3:29) {
[2026-08-11 20:16:41.062] [error] code: 'MODULE_NOT_FOUND',
[2026-08-11 20:16:41.063] [error] requireStack: [
[2026-08-11 20:16:41.063] [error] 'C:\\Users\\커피에반하다\\AppData\\Local\\Programs\\haste-client\\resources\\app.asar\\node_modules\\discord.js\\src\\index.js',
[2026-08-11 20:16:41.064] [error] 'C:\\Users\\커피에반하다\\AppData\\Local\\Programs\\haste-client\\resources\\app.asar\\haste_agent_bridge.js'
[2026-08-11 20:16:41.065] [error] ]
[2026-08-11 20:16:41.066] [error] }
[2026-08-11 20:16:41.067] [error] Node.js v24.18.0
[2026-08-11 20:16:46.343] [error] node:internal/modules/cjs/loader:1527
[2026-08-11 20:16:46.344] [error] throw err;
[2026-08-11 20:16:46.345] [error] ^
[2026-08-11 20:16:46.345] [error] Error: Cannot find module '@discordjs/util'
[2026-08-11 20:16:46.346] [error] Require stack:
[2026-08-11 20:16:46.347] [error] - C:\Users\커피에반하다\AppData\Local\Programs\haste-client\resources\app.asar\node_modules\discord.js\src\index.js
[2026-08-11 20:16:46.347] [error] - C:\Users\커피에반하다\AppData\Local\Programs\haste-client\resources\app.asar\haste_agent_bridge.js
[2026-08-11 20:16:46.348] [error] at Module._resolveFilename (node:internal/modules/cjs/loader:1524:15)
[2026-08-11 20:16:46.348] [error] at wrapResolveFilename (node:internal/modules/cjs/loader:1078:27)
[2026-08-11 20:16:46.349] [error] at defaultResolveImplForCJSLoading (node:internal/modules/cjs/loader:1102:10)
[2026-08-11 20:16:46.350] [error] at resolveForCJSWithHooks (node:internal/modules/cjs/loader:1129:12)
[2026-08-11 20:16:46.350] [error] at Module._load (node:internal/modules/cjs/loader:1301:5)
[2026-08-11 20:16:46.351] [error] at c._load (node:electron/js2c/node_init:2:18060)
[2026-08-11 20:16:46.351] [error] at wrapModuleLoad (node:internal/modules/cjs/loader:262:19)
[2026-08-11 20:16:46.352] [error] at Module.require (node:internal/modules/cjs/loader:1624:12)
[2026-08-11 20:16:46.353] [error] at require (node:internal/modules/helpers:153:16)
[2026-08-11 20:16:46.353] [error] at Object.<anonymous> (C:\Users\커피에반하다\AppData\Local\Programs\haste-client\resources\app.asar\node_modules\discord.js\src\index.js:3:29) {
[2026-08-11 20:16:46.354] [error] code: 'MODULE_NOT_FOUND',
[2026-08-11 20:16:46.355] [error] requireStack: [
[2026-08-11 20:16:46.355] [error] 'C:\\Users\\커피에반하다\\AppData\\Local\\Programs\\haste-client\\resources\\app.asar\\node_modules\\discord.js\\src\\index.js',
[2026-08-11 20:16:46.356] [error] 'C:\\Users\\커피에반하다\\AppData\\Local\\Programs\\haste-client\\resources\\app.asar\\haste_agent_bridge.js'
[2026-08-11 20:16:46.356] [error] ]
[2026-08-11 20:16:46.357] [error] }
[2026-08-11 20:16:46.357] [error] Node.js v24.18.0
[2026-08-11 20:16:51.646] [error] node:internal/modules/cjs/loader:1527
[2026-08-11 20:16:51.647] [error] throw err;
[2026-08-11 20:16:51.648] [error] ^
[2026-08-11 20:16:51.649] [error] Error: Cannot find module '@discordjs/util'
[2026-08-11 20:16:51.649] [error] Require stack:
[2026-08-11 20:16:51.650] [error] - C:\Users\커피에반하다\AppData\Local\Programs\haste-client\resources\app.asar\node_modules\discord.js\src\index.js
[2026-08-11 20:16:51.651] [error] - C:\Users\커피에반하다\AppData\Local\Programs\haste-client\resources\app.asar\haste_agent_bridge.js
[2026-08-11 20:16:51.651] [error] at Module._resolveFilename (node:internal/modules/cjs/loader:1524:15)
[2026-08-11 20:16:51.652] [error] at wrapResolveFilename (node:internal/modules/cjs/loader:1078:27)
[2026-08-11 20:16:51.652] [error] at defaultResolveImplForCJSLoading (node:internal/modules/cjs/loader:1102:10)
[2026-08-11 20:16:51.653] [error] at resolveForCJSWithHooks (node:internal/modules/cjs/loader:1129:12)
[2026-08-11 20:16:51.653] [error] at Module._load (node:internal/modules/cjs/loader:1301:5)
[2026-08-11 20:16:51.653] [error] at c._load (node:electron/js2c/node_init:2:18060)
[2026-08-11 20:16:51.654] [error] at wrapModuleLoad (node:internal/modules/cjs/loader:262:19)
[2026-08-11 20:16:51.654] [error] at Module.require (node:internal/modules/cjs/loader:1624:12)
[2026-08-11 20:16:51.655] [error] at require (node:internal/modules/helpers:153:16)
[2026-08-11 20:16:51.655] [error] at Object.<anonymous> (C:\Users\커피에반하다\AppData\Local\Programs\haste-client\resources\app.asar\node_modules\discord.js\src\index.js:3:29) {
[2026-08-11 20:16:51.656] [error] code: 'MODULE_NOT_FOUND',
[2026-08-11 20:16:51.656] [error] requireStack: [
[2026-08-11 20:16:51.657] [error] 'C:\\Users\\커피에반하다\\AppData\\Local\\Programs\\haste-client\\resources\\app.asar\\node_modules\\discord.js\\src\\index.js',
[2026-08-11 20:16:51.658] [error] 'C:\\Users\\커피에반하다\\AppData\\Local\\Programs\\haste-client\\resources\\app.asar\\haste_agent_bridge.js'
[2026-08-11 20:16:51.658] [error] ]
[2026-08-11 20:16:51.659] [error] }
[2026-08-11 20:16:51.659] [error] Node.js v24.18.0
[2026-08-11 20:16:56.965] [error] node:internal/modules/cjs/loader:1527
[2026-08-11 20:16:56.966] [error] throw err;
[2026-08-11 20:16:56.967] [error] ^
[2026-08-11 20:16:56.968] [error] Error: Cannot find module '@discordjs/util'
[2026-08-11 20:16:56.968] [error] Require stack:
[2026-08-11 20:16:56.969] [error] - C:\Users\커피에반하다\AppData\Local\Programs\haste-client\resources\app.asar\node_modules\discord.js\src\index.js
[2026-08-11 20:16:56.970] [error] - C:\Users\커피에반하다\AppData\Local\Programs\haste-client\resources\app.asar\haste_agent_bridge.js
[2026-08-11 20:16:56.970] [error] at Module._resolveFilename (node:internal/modules/cjs/loader:1524:15)
[2026-08-11 20:16:56.971] [error] at wrapResolveFilename (node:internal/modules/cjs/loader:1078:27)
[2026-08-11 20:16:56.972] [error] at defaultResolveImplForCJSLoading (node:internal/modules/cjs/loader:1102:10)
[2026-08-11 20:16:56.972] [error] at resolveForCJSWithHooks (node:internal/modules/cjs/loader:1129:12)
[2026-08-11 20:16:56.973] [error] at Module._load (node:internal/modules/cjs/loader:1301:5)
[2026-08-11 20:16:56.973] [error] at c._load (node:electron/js2c/node_init:2:18060)
[2026-08-11 20:16:56.974] [error] at wrapModuleLoad (node:internal/modules/cjs/loader:262:19)
[2026-08-11 20:16:56.974] [error] at Module.require (node:internal/modules/cjs/loader:1624:12)
[2026-08-11 20:16:56.975] [error] at require (node:internal/modules/helpers:153:16)
[2026-08-11 20:16:56.975] [error] at Object.<anonymous> (C:\Users\커피에반하다\AppData\Local\Programs\haste-client\resources\app.asar\node_modules\discord.js\src\index.js:3:29) {
[2026-08-11 20:16:56.976] [error] code: 'MODULE_NOT_FOUND',
[2026-08-11 20:16:56.977] [error] requireStack: [
[2026-08-11 20:16:56.978] [error] 'C:\\Users\\커피에반하다\\AppData\\Local\\Programs\\haste-client\\resources\\app.asar\\node_modules\\discord.js\\src\\index.js',
[2026-08-11 20:16:56.979] [error] 'C:\\Users\\커피에반하다\\AppData\\Local\\Programs\\haste-client\\resources\\app.asar\\haste_agent_bridge.js'
[2026-08-11 20:16:56.980] [error] ]
[2026-08-11 20:16:56.980] [error] }
[2026-08-11 20:16:56.981] [error] Node.js v24.18.0
[2026-08-11 20:17:02.337] [error] node:internal/modules/cjs/loader:1527
[2026-08-11 20:17:02.338] [error] throw err;
[2026-08-11 20:17:02.339] [error] ^
[2026-08-11 20:17:02.339] [error] Error: Cannot find module '@discordjs/util'
[2026-08-11 20:17:02.340] [error] Require stack:
[2026-08-11 20:17:02.340] [error] - C:\Users\커피에반하다\AppData\Local\Programs\haste-client\resources\app.asar\node_modules\discord.js\src\index.js
[2026-08-11 20:17:02.341] [error] - C:\Users\커피에반하다\AppData\Local\Programs\haste-client\resources\app.asar\haste_agent_bridge.js
[2026-08-11 20:17:02.341] [error] at Module._resolveFilename (node:internal/modules/cjs/loader:1524:15)
[2026-08-11 20:17:02.342] [error] at wrapResolveFilename (node:internal/modules/cjs/loader:1078:27)
[2026-08-11 20:17:02.343] [error] at defaultResolveImplForCJSLoading (node:internal/modules/cjs/loader:1102:10)
[2026-08-11 20:17:02.343] [error] at resolveForCJSWithHooks (node:internal/modules/cjs/loader:1129:12)
[2026-08-11 20:17:02.344] [error] at Module._load (node:internal/modules/cjs/loader:1301:5)
[2026-08-11 20:17:02.345] [error] at c._load (node:electron/js2c/node_init:2:18060)
[2026-08-11 20:17:02.346] [error] at wrapModuleLoad (node:internal/modules/cjs/loader:262:19)
[2026-08-11 20:17:02.347] [error] at Module.require (node:internal/modules/cjs/loader:1624:12)
[2026-08-11 20:17:02.347] [error] at require (node:internal/modules/helpers:153:16)
[2026-08-11 20:17:02.348] [error] at Object.<anonymous> (C:\Users\커피에반하다\AppData\Local\Programs\haste-client\resources\app.asar\node_modules\discord.js\src\index.js:3:29) {
[2026-08-11 20:17:02.349] [error] code: 'MODULE_NOT_FOUND',
[2026-08-11 20:17:02.351] [error] requireStack: [
[2026-08-11 20:17:02.352] [error] 'C:\\Users\\커피에반하다\\AppData\\Local\\Programs\\haste-client\\resources\\app.asar\\node_modules\\discord.js\\src\\index.js',
[2026-08-11 20:17:02.352] [error] 'C:\\Users\\커피에반하다\\AppData\\Local\\Programs\\haste-client\\resources\\app.asar\\haste_agent_bridge.js'
[2026-08-11 20:17:02.353] [error] ]
[2026-08-11 20:17:02.353] [error] }
[2026-08-11 20:17:02.356] [error] Node.js v24.18.0
[2026-08-11 20:17:07.692] [error] node:internal/modules/cjs/loader:1527
[2026-08-11 20:17:07.693] [error] throw err;
[2026-08-11 20:17:07.693] [error] ^
[2026-08-11 20:17:07.694] [error] Error: Cannot find module '@discordjs/util'
[2026-08-11 20:17:07.695] [error] Require stack:
[2026-08-11 20:17:07.695] [error] - C:\Users\커피에반하다\AppData\Local\Programs\haste-client\resources\app.asar\node_modules\discord.js\src\index.js
[2026-08-11 20:17:07.696] [error] - C:\Users\커피에반하다\AppData\Local\Programs\haste-client\resources\app.asar\haste_agent_bridge.js
[2026-08-11 20:17:07.696] [error] at Module._resolveFilename (node:internal/modules/cjs/loader:1524:15)
[2026-08-11 20:17:07.697] [error] at wrapResolveFilename (node:internal/modules/cjs/loader:1078:27)
[2026-08-11 20:17:07.697] [error] at defaultResolveImplForCJSLoading (node:internal/modules/cjs/loader:1102:10)
[2026-08-11 20:17:07.699] [error] at resolveForCJSWithHooks (node:internal/modules/cjs/loader:1129:12)
[2026-08-11 20:17:07.700] [error] at Module._load (node:internal/modules/cjs/loader:1301:5)
[2026-08-11 20:17:07.700] [error] at c._load (node:electron/js2c/node_init:2:18060)
[2026-08-11 20:17:07.701] [error] at wrapModuleLoad (node:internal/modules/cjs/loader:262:19)
[2026-08-11 20:17:07.702] [error] at Module.require (node:internal/modules/cjs/loader:1624:12)
[2026-08-11 20:17:07.702] [error] at require (node:internal/modules/helpers:153:16)
[2026-08-11 20:17:07.703] [error] at Object.<anonymous> (C:\Users\커피에반하다\AppData\Local\Programs\haste-client\resources\app.asar\node_modules\discord.js\src\index.js:3:29) {
[2026-08-11 20:17:07.704] [error] code: 'MODULE_NOT_FOUND',
[2026-08-11 20:17:07.704] [error] requireStack: [
[2026-08-11 20:17:07.705] [error] 'C:\\Users\\커피에반하다\\AppData\\Local\\Programs\\haste-client\\resources\\app.asar\\node_modules\\discord.js\\src\\index.js',
[2026-08-11 20:17:07.705] [error] 'C:\\Users\\커피에반하다\\AppData\\Local\\Programs\\haste-client\\resources\\app.asar\\haste_agent_bridge.js'
[2026-08-11 20:17:07.706] [error] ]
[2026-08-11 20:17:07.707] [error] }
[2026-08-11 20:17:07.707] [error] Node.js v24.18.0