[2026-08-21 04:59:45.303] [info]  [toss] event=order.received status=success source=toss virtual=off mode=order orderId=745733767060003812 menuCount=1 mappings=[{"baseCode":"MDI1002","recipeCode":"MDI1002","matchedMenuName":"ICED아메리카노(다크시그니처)_MV","stepsSummary":"CUP:1,_ICE:5600,_COLD:155,_COFFEE:62"}]
[2026-08-21 05:00:31.493] [info]  [toss] event=order.completed status=success source=toss virtual=off mode=order orderId=745733767060003812 bill=745733767060003812 menuCount=1
[2026-08-21 05:46:20.774] [info]  [toss] event=order.received status=success source=toss virtual=off mode=order orderId=745745492387846367 menuCount=1 mappings=[{"baseCode":"MDI1002","recipeCode":"MDI1002","matchedMenuName":"ICED아메리카노(다크시그니처)_MV","stepsSummary":"CUP:1,_ICE:5600,_COLD:155,_COFFEE:62"}]
[2026-08-21 05:47:06.172] [info]  [toss] event=order.completed status=success source=toss virtual=off mode=order orderId=745745492387846367 bill=745745492387846367 menuCount=1
[2026-08-21 10:07:48.824] [info]  [toss] event=order.received status=success source=toss virtual=off mode=order orderId=745811294717762911 menuCount=1 mappings=[{"baseCode":"MAI4007","recipeCode":"MAI4007","matchedMenuName":"ICED자두에이드_MV","stepsSummary":"CUP:1,_ICE:5600,_SPARKLE:200,_SIRUP18:65"}]
[2026-08-21 10:08:11.574] [info]  [toss] event=order.completed status=success source=toss virtual=off mode=order orderId=745811294717762911 bill=745811294717762911 menuCount=1
[2026-08-21 12:37:27.180] [info]  [toss] event=order.received status=success source=toss virtual=off mode=order orderId=745848951539832856 menuCount=1 mappings=[{"baseCode":"MDI1002","recipeCode":"MDI1002","matchedMenuName":"ICED아메리카노(다크시그니처)_MV","stepsSummary":"CUP:1,_ICE:5600,_COLD:155,_COFFEE:62"}]
[2026-08-21 12:38:00.981] [info]  [toss] event=order.received status=success source=toss virtual=off mode=order orderId=745849094292974153 menuCount=1 mappings=[{"baseCode":"MDI1002","recipeCode":"MDI1002","matchedMenuName":"ICED아메리카노(다크시그니처)_MV","stepsSummary":"CUP:1,_ICE:5600,_COLD:155,_COFFEE:62"}]
[2026-08-21 12:38:14.138] [info]  [toss] event=order.completed status=success source=toss virtual=off mode=order orderId=745848951539832856 bill=745848951539832856 menuCount=1
[2026-08-21 12:39:10.372] [info]  [toss] event=order.completed status=success source=toss virtual=off mode=order orderId=745849094292974153 bill=745849094292974153 menuCount=1
[2026-08-21 13:12:49.061] [info]  [toss] event=order.received status=success source=toss virtual=off mode=order orderId=745857852540791076 menuCount=1 mappings=[{"baseCode":"MDI1002","recipeCode":"MDI1002","matchedMenuName":"ICED아메리카노(다크시그니처)_MV","stepsSummary":"CUP:1,_ICE:5600,_COLD:155,_COFFEE:62"}]
[2026-08-21 13:13:28.961] [info]  [toss] event=order.completed status=success source=toss virtual=off mode=order orderId=745857852540791076 bill=745857852540791076 menuCount=1
[2026-08-21 13:22:55.023] [info]  [toss] event=order.received status=success source=toss virtual=off mode=order orderId=745860391461982433 menuCount=2 mappings=[{"baseCode":"MMI3009","recipeCode":"MMI3009","matchedMenuName":"ICED딸기라떼_MV","stepsSummary":"CUP:1,_ICE:5600,_COLD_MILK:220,_SIRUP3:70"},{"baseCode":"MMI3009","recipeCode":"MMI3009","matchedMenuName":"ICED딸기라떼_MV","stepsSummary":"CUP:1,_ICE:5600,_COLD_MILK:220,_SIRUP3:70"}]
[2026-08-21 13:24:22.904] [info]  [toss] event=order.completed status=success source=toss virtual=off mode=order orderId=745860391461982433 bill=745860391461982433 menuCount=2
[2026-08-21 14:27:15.927] [info]  [manual] event=order.received status=success source=manual virtual=on mode=test orderId=INSTANT-1787290035572 bill=0000 menuCount=1 mappings=[{"baseCode":"MDI1001","recipeCode":"MDI1001","matchedMenuName":"ICED아메리카노(다크시그니처)(연하게)_MV","stepsSummary":"CUP:ICE,_ICE:5600,_COLD:155,_COFFEE:45,_NONE:NONE,_NONE:NONE,_NONE:NONE,_NONE:NONE,_NONE:NONE,_NONE:NONE"}] isTestBrew=true
[2026-08-21 14:27:53.789] [info]  [manual] event=order.completed status=success source=manual virtual=on mode=test orderId=INSTANT-1787290035572 bill=0000 menuCount=1
[2026-08-21 14:41:47.394] [info]  [toss] event=order.received status=success source=toss virtual=off mode=order orderId=745880243832642257 menuCount=1 mappings=[{"baseCode":"MDI1002","recipeCode":"MDI1002","matchedMenuName":"ICED아메리카노(다크시그니처)_MV","stepsSummary":"CUP:1,_ICE:5600,_COLD:155,_COFFEE:62"}]
[2026-08-21 14:42:33.746] [info]  [toss] event=order.completed status=success source=toss virtual=off mode=order orderId=745880243832642257 bill=745880243832642257 menuCount=1
[2026-08-21 16:17:49.075] [info]  [toss] event=order.received status=success source=toss virtual=off mode=order orderId=745904408589516393 menuCount=1 mappings=[{"baseCode":"MDI1002","recipeCode":"MDI1002","matchedMenuName":"ICED아메리카노(다크시그니처)_MV","stepsSummary":"CUP:1,_ICE:5600,_COLD:155,_COFFEE:62"}]
[2026-08-21 16:18:34.101] [info]  [toss] event=order.completed status=success source=toss virtual=off mode=order orderId=745904408589516393 bill=745904408589516393 menuCount=1
[2026-08-21 16:37:12.068] [info]  [toss] event=order.received status=success source=toss virtual=off mode=order orderId=745909290910421193 menuCount=1 mappings=[{"baseCode":"MDI1002","recipeCode":"MDI1002","matchedMenuName":"ICED아메리카노(다크시그니처)_MV","stepsSummary":"CUP:1,_ICE:5600,_COLD:155,_COFFEE:62"}]
[2026-08-21 16:37:58.728] [info]  [toss] event=order.completed status=success source=toss virtual=off mode=order orderId=745909290910421193 bill=745909290910421193 menuCount=1