[2026-10-07 00:24:01.374] [info]  [TOSS RAW ORDER] orderId=762696986842727129, items=[{"name":"딸기티","productNo":"17033320","options":[{"optionCode":"1794775","optionName":"HOT","price":0,"quantity":1}]},{"name":"청포도에이드","productNo":"17033340","options":[]}]
[2026-10-07 00:24:01.381] [info]  [TOSS ITEM RESOLVED] orderId=762696986842727129, item="딸기티" (17033320) | rawOptions=[{"optionCode":"1794775","optionName":"HOT","price":0,"quantity":1}] ➔ resolved="HOT 딸기티" (GTH5006) steps={"step1":["CUP","HOT"],"step2":["HOT","305"],"step3":["딸기","50"],"step4":["얼그레이","5"]}
[2026-10-07 00:24:01.385] [info]  [TOSS ITEM RESOLVED] orderId=762696986842727129, item="청포도에이드" (17033340) | rawOptions=[] ➔ resolved="ICE 청포도에이드" (GAI4006) steps={"step1":["CUP","ICE"],"step2":["ICE","5000"],"step3":["SPARKLE","160"],"step4":["청포도","50"]}
[2026-10-07 00:25:05.614] [info]  [toss] event=order.completed status=success source=toss virtual=off mode=order orderId=762696986842727129 bill=762696986842727129 menuCount=2
[2026-10-07 00:28:15.843] [info]  [TOSS RAW ORDER] orderId=762698059217204376, items=[{"name":"코코몽음료","productNo":"17668163","options":[]}]
[2026-10-07 00:28:15.848] [info]  [TOSS ITEM RESOLVED] orderId=762698059217204376, item="코코몽음료" (17668163) | rawOptions=[] ➔ resolved="undefined" (undefined) steps=undefined
[2026-10-07 00:28:15.865] [info]  [toss] event=order.completed status=success source=toss virtual=on mode=order orderId=762698059217204376 bill=762698059217204376 menuCount=0
[2026-10-07 01:40:01.903] [info]  [TOSS RAW ORDER] orderId=762716117956662072, items=[{"name":"뻥튀기","productNo":"17672723","options":[]},{"name":"샌드위치","productNo":"17103467","options":[]},{"name":"청포도에이드","productNo":"17033340","options":[]}]
[2026-10-07 01:40:01.909] [info]  [TOSS ITEM RESOLVED] orderId=762716117956662072, item="뻥튀기" (17672723) | rawOptions=[] ➔ resolved="undefined" (undefined) steps=undefined
[2026-10-07 01:40:01.915] [info]  [TOSS ITEM RESOLVED] orderId=762716117956662072, item="샌드위치" (17103467) | rawOptions=[] ➔ resolved="undefined" (undefined) steps=undefined
[2026-10-07 01:40:01.919] [info]  [TOSS ITEM RESOLVED] orderId=762716117956662072, item="청포도에이드" (17033340) | rawOptions=[] ➔ resolved="ICE 청포도에이드" (GAI4006) steps={"step1":["CUP","ICE"],"step2":["ICE","5000"],"step3":["SPARKLE","160"],"step4":["청포도","50"]}
[2026-10-07 01:40:45.434] [info]  [toss] event=order.completed status=success source=toss virtual=off mode=order orderId=762716117956662072 bill=762716117956662072 menuCount=1
[2026-10-07 02:26:18.399] [info]  [TOSS RAW ORDER] orderId=762727758244971804, items=[{"name":"코코몽음료","productNo":"17668163","options":[]}]
[2026-10-07 02:26:18.403] [info]  [TOSS ITEM RESOLVED] orderId=762727758244971804, item="코코몽음료" (17668163) | rawOptions=[] ➔ resolved="undefined" (undefined) steps=undefined
[2026-10-07 02:26:18.424] [info]  [toss] event=order.completed status=success source=toss virtual=on mode=order orderId=762727758244971804 bill=762727758244971804 menuCount=0
[2026-10-07 02:34:32.901] [info]  [TOSS RAW ORDER] orderId=762729803865762775, items=[{"name":"청포도에이드","productNo":"17033340","options":[]}]
[2026-10-07 02:34:32.905] [info]  [TOSS ITEM RESOLVED] orderId=762729803865762775, item="청포도에이드" (17033340) | rawOptions=[] ➔ resolved="ICE 청포도에이드" (GAI4006) steps={"step1":["CUP","ICE"],"step2":["ICE","5000"],"step3":["SPARKLE","160"],"step4":["청포도","50"]}
[2026-10-07 02:35:03.268] [info]  [toss] event=order.completed status=success source=toss virtual=off mode=order orderId=762729803865762775 bill=762729803865762775 menuCount=1
[2026-10-07 09:18:46.902] [info]  [TOSS RAW ORDER] orderId=762831525485321847, items=[{"name":"삼각김밥","productNo":"17103452","options":[]},{"name":"밀크티","productNo":"17033322","options":[{"optionCode":"1794776","optionName":"ICE","price":0,"quantity":1}]},{"name":"오미자에이드","productNo":"17033339","options":[]}]
[2026-10-07 09:18:46.921] [info]  [TOSS ITEM RESOLVED] orderId=762831525485321847, item="삼각김밥" (17103452) | rawOptions=[] ➔ resolved="undefined" (undefined) steps=undefined
[2026-10-07 09:18:46.927] [info]  [TOSS ITEM RESOLVED] orderId=762831525485321847, item="밀크티" (17033322) | rawOptions=[{"optionCode":"1794776","optionName":"ICE","price":0,"quantity":1}] ➔ resolved="ICE 밀크티" (GTI5008) steps={"step1":["CUP","ICE"],"step2":["ICE","5000"],"step3":["COLD_MILK","160"],"step4":["얼그레이","40"]}
[2026-10-07 09:18:46.934] [info]  [TOSS ITEM RESOLVED] orderId=762831525485321847, item="오미자에이드" (17033339) | rawOptions=[] ➔ resolved="ICE 오미자에이드" (GAI4005) steps={"step1":["CUP","ICE"],"step2":["ICE","5000"],"step3":["SPARKLE","160"],"step4":["오미자","60"]}
[2026-10-07 09:19:57.423] [info]  [toss] event=order.completed status=success source=toss virtual=off mode=order orderId=762831525485321847 bill=762831525485321847 menuCount=2
[2026-10-07 10:55:41.450] [info]  [TOSS RAW ORDER] orderId=762855934468135812, items=[{"name":"오미자에이드","productNo":"17033339","options":[]},{"name":"레몬에이드","productNo":"17033334","options":[]}]
[2026-10-07 10:55:41.455] [info]  [TOSS ITEM RESOLVED] orderId=762855934468135812, item="오미자에이드" (17033339) | rawOptions=[] ➔ resolved="ICE 오미자에이드" (GAI4005) steps={"step1":["CUP","ICE"],"step2":["ICE","5000"],"step3":["SPARKLE","160"],"step4":["오미자","60"]}
[2026-10-07 10:55:41.459] [info]  [TOSS ITEM RESOLVED] orderId=762855934468135812, item="레몬에이드" (17033334) | rawOptions=[] ➔ resolved="ICE 레몬에이드" (GAI4000) steps={"step1":["CUP","ICE"],"step2":["ICE","5000"],"step3":["SPARKLE","160"],"step4":["레몬","50"]}
[2026-10-07 10:56:12.667] [info]  [toss] event=order.completed status=success source=toss virtual=off mode=order orderId=762855934468135812 bill=762855934468135812 menuCount=2
[2026-10-07 13:00:04.988] [info]  [TOSS RAW ORDER] orderId=762887237829759849, items=[{"name":"바닐라카라멜라떼","productNo":"17033303","options":[{"optionCode":"1794776","optionName":"ICE","price":0,"quantity":1}]}]
[2026-10-07 13:00:04.993] [info]  [TOSS ITEM RESOLVED] orderId=762887237829759849, item="바닐라카라멜라떼" (17033303) | rawOptions=[{"optionCode":"1794776","optionName":"ICE","price":0,"quantity":1}] ➔ resolved="ICE 바닐라카라멜라떼" (GMI3026) steps={"step1":["CUP","ICE"],"step2":["ICE",5000],"step3":["COLD_MILK",120],"step4":["바닐라",15],"step5":["카라멜",30]}
[2026-10-07 13:00:40.130] [info]  [toss] event=order.completed status=success source=toss virtual=off mode=order orderId=762887237829759849 bill=762887237829759849 menuCount=1
[2026-10-07 13:12:27.393] [info]  [TOSS RAW ORDER] orderId=762890372526929372, items=[{"name":"딸기라떼","productNo":"17033310","options":[]}]
[2026-10-07 13:12:27.399] [info]  [TOSS ITEM RESOLVED] orderId=762890372526929372, item="딸기라떼" (17033310) | rawOptions=[] ➔ resolved="ICE 딸기라떼" (GMI3009) steps={"step1":["CUP","ICE"],"step2":["ICE","5000"],"step3":["COLD_MILK","160"],"step4":["딸기","50"]}
[2026-10-07 13:13:10.740] [info]  [toss] event=order.completed status=success source=toss virtual=off mode=order orderId=762890372526929372 bill=762890372526929372 menuCount=1
[2026-10-07 15:24:30.350] [info]  [TOSS RAW ORDER] orderId=762923610423007647, items=[{"name":"딸기라떼","productNo":"17033310","options":[]},{"name":"바닐라카라멜라떼","productNo":"17033303","options":[{"optionCode":"1794775","optionName":"HOT","price":0,"quantity":1}]}]
[2026-10-07 15:24:30.355] [info]  [TOSS ITEM RESOLVED] orderId=762923610423007647, item="딸기라떼" (17033310) | rawOptions=[] ➔ resolved="ICE 딸기라떼" (GMI3009) steps={"step1":["CUP","ICE"],"step2":["ICE","5000"],"step3":["COLD_MILK","160"],"step4":["딸기","50"]}
[2026-10-07 15:24:30.359] [info]  [TOSS ITEM RESOLVED] orderId=762923610423007647, item="바닐라카라멜라떼" (17033303) | rawOptions=[{"optionCode":"1794775","optionName":"HOT","price":0,"quantity":1}] ➔ resolved="HOT 바닐라카라멜라떼" (GMH3026) steps={"step1":["CUP","HOT"],"step2":["HOT_MILK","220"],"step3":["바닐라","15"],"step4":["카라멜","50"]}
[2026-10-07 15:26:22.864] [info]  [TOSS RAW ORDER] orderId=762924085604096821, items=[{"name":"뻥튀기","productNo":"17672723","options":[]}]
[2026-10-07 15:26:22.869] [info]  [TOSS ITEM RESOLVED] orderId=762924085604096821, item="뻥튀기" (17672723) | rawOptions=[] ➔ resolved="undefined" (undefined) steps=undefined
[2026-10-07 15:26:26.206] [info]  [toss] event=order.completed status=success source=toss virtual=off mode=order orderId=762923610423007647 bill=762923610423007647 menuCount=2
[2026-10-07 15:26:26.225] [info]  [toss] event=order.completed status=success source=toss virtual=on mode=order orderId=762924085604096821 bill=762924085604096821 menuCount=0
[2026-10-07 15:28:07.412] [info]  [TOSS RAW ORDER] orderId=762924519274155558, items=[{"name":"자몽에이드","productNo":"17033338","options":[]}]
[2026-10-07 15:28:07.419] [info]  [TOSS ITEM RESOLVED] orderId=762924519274155558, item="자몽에이드" (17033338) | rawOptions=[] ➔ resolved="ICE 자몽에이드" (GAI4004) steps={"step1":["CUP","ICE"],"step2":["ICE","5000"],"step3":["SPARKLE","160"],"step4":["자몽","50"]}
[2026-10-07 15:28:24.144] [info]  [toss] event=order.completed status=success source=toss virtual=off mode=order orderId=762924519274155558 bill=762924519274155558 menuCount=1
[2026-10-07 17:18:59.066] [info]  [manual] event=order.received status=success source=manual virtual=off mode=test orderId=INSTANT-1791361138742 bill=0000 menuCount=1 mappings=[{"baseCode":"GSI1002","recipeCode":"GSI1002","matchedMenuName":"ICED_아메리카노(시그니처,_아이스)","stepsSummary":"CUP:ICE,_COFFEE:60,_ICE:5000,_COLD:120,_NONE:NONE,_NONE:NONE,_NONE:NONE,_NONE:NONE,_NONE:NONE,_NONE:NONE"}] isTestBrew=true
[2026-10-07 17:19:40.326] [info]  [manual] event=order.completed status=success source=manual virtual=off mode=test orderId=INSTANT-1791361138742 bill=0000 menuCount=1
[2026-10-07 17:19:57.074] [info]  [manual] event=order.received status=success source=manual virtual=off mode=test orderId=INSTANT-1791361197061 bill=0000 menuCount=1 mappings=[{"baseCode":"GPI1002","recipeCode":"GPI1002","matchedMenuName":"ICED_아메리카노(스페셜티,_아이스)","stepsSummary":"CUP:ICE,_COFFEE:61,_ICE:5000,_COLD:120,_NONE:NONE,_NONE:NONE,_NONE:NONE,_NONE:NONE,_NONE:NONE,_NONE:NONE"}] isTestBrew=true
[2026-10-07 17:20:36.471] [info]  [manual] event=order.completed status=success source=manual virtual=off mode=test orderId=INSTANT-1791361197061 bill=0000 menuCount=1
[2026-10-07 17:23:00.407] [info]  [TOSS RAW ORDER] orderId=762953414778320932, items=[{"name":"딸기라떼","productNo":"17033310","options":[]}]
[2026-10-07 17:23:00.411] [info]  [TOSS ITEM RESOLVED] orderId=762953414778320932, item="딸기라떼" (17033310) | rawOptions=[] ➔ resolved="ICE 딸기라떼" (GMI3009) steps={"step1":["CUP","ICE"],"step2":["ICE","5000"],"step3":["COLD_MILK","160"],"step4":["딸기","50"]}
[2026-10-07 17:23:29.568] [info]  [toss] event=order.completed status=success source=toss virtual=off mode=order orderId=762953414778320932 bill=762953414778320932 menuCount=1