[2026-08-14 07:44:00.001] [info]  [HASTE Agent Server] Hono Gateway running on Port 8082 (Relaying to Port 8080)
[2026-08-14 07:44:00.005] [info]  ==================================================
[2026-08-14 07:44:00.007] [info]  [HQ Origin] HASTE Cloud designated via --prod launch argument.
[2026-08-14 07:44:00.008] [info]  Targeting endpoint: https://cloud.cafehaste.com
[2026-08-14 07:44:00.010] [info]  [HASTE Agent Server] Hono Gateway running on Port 8082 (Relaying to Port 8080)
[2026-08-14 07:44:00.017] [info]  ==================================================
[2026-08-14 07:44:00.021] [info]  [HQ Origin] HASTE Cloud designated via --prod launch argument.
[2026-08-14 07:44:00.023] [info]  Targeting endpoint: https://cloud.cafehaste.com
[2026-08-14 07:44:00.025] [info]  ==================================================
[2026-08-14 07:44:00.029] [info]  ==================================================
[2026-08-14 07:44:00.033] [info]  [2026-08-14 07:44:00.011] [info] [HASTE Agent] [HEALTH] [RUN] () : Checking Lilly Engine API (Attempt: 1/5)
[2026-08-14 07:44:00.036] [info]  [HASTE] [Step 0: HEALTH] [INFO] Starting diagnostics for local hardware and internet connectivity...
[2026-08-14 07:44:00.039] [error] [HASTE Agent Server] Port 8082 already bound by existing active bridge process. Proceeding with active instance.
[2026-08-14 07:44:00.041] [info]  [2026-08-14 07:44:00.011] [info] [HASTE Agent] [HEALTH] [RUN] () : Checking Lilly Engine API (Attempt: 1/5)
[2026-08-14 07:44:00.046] [info]  [HASTE] [Step 0: HEALTH] [INFO] Starting diagnostics for local hardware and internet connectivity...
[2026-08-14 07:44:01.663] [info]  [2026-08-14 07:44:01.662] [info] [HASTE Agent] [GATEWAY] [RUN] () : Waiting for Client API (Port 8080)
[2026-08-14 07:44:01.675] [info]  [2026-08-14 07:44:01.667] [info] [HASTE Agent] [GATEWAY] [RUN] () : Waiting for Client API (Port 8080)
[2026-08-14 07:44:01.682] [info]  [2026-08-14 07:44:01.680] [info] [HASTE Agent] [GATEWAY] [OK] () : Token Synchronized
[2026-08-14 07:44:01.689] [info]  [2026-08-14 07:44:01.683] [info] [HASTE Agent] [GATEWAY] [FAIL] : Tunnel Session Missing (Status Blocked)
[2026-08-14 07:44:01.692] [info]  [2026-08-14 07:44:01.685] [info] [HASTE Agent] [Client -> Cloud] [GATEWAY] [RUN] () : Connecting to Signal Broker (Primary)
[2026-08-14 07:44:01.701] [info]  [2026-08-14 07:44:01.688] [info] [HASTE Agent] [GATEWAY] [OK] () : Token Synchronized
[2026-08-14 07:44:01.707] [info]  [2026-08-14 07:44:01.690] [info] [HASTE Agent] [GATEWAY] [FAIL] : Tunnel Session Missing (Status Blocked)
[2026-08-14 07:44:01.709] [info]  [2026-08-14 07:44:01.692] [info] [HASTE Agent] [Client -> Cloud] [GATEWAY] [RUN] () : Connecting to Signal Broker (Primary)
[2026-08-14 07:44:02.694] [info]  ==================================================
[2026-08-14 07:44:02.698] [info]  [2026-08-14 07:44:02.694] [info] [HASTE Agent] Security server connection initialized successfully!
[2026-08-14 07:44:02.701] [info]  Bot Tag Name: cafehaste_gateway#1981
[2026-08-14 07:44:02.703] [info]  HASTE Client API Address: http://127.0.0.1:8080
[2026-08-14 07:44:02.704] [info]  ==================================================
[2026-08-14 07:44:02.707] [info]  ==================================================
[2026-08-14 07:44:02.709] [info]  [2026-08-14 07:44:02.694] [info] [HASTE Agent] Security server connection initialized successfully!
[2026-08-14 07:44:02.710] [info]  Bot Tag Name: cafehaste_gateway#1981
[2026-08-14 07:44:02.712] [info]  HASTE Client API Address: http://127.0.0.1:8080
[2026-08-14 07:44:02.714] [info]  ==================================================
[2026-08-14 07:44:02.716] [info]  Listening for remote dashboard control commands...
[2026-08-14 07:44:02.718] [info]  ==================================================
[2026-08-14 07:44:02.719] [info]  Listening for remote dashboard control commands...
[2026-08-14 07:44:02.724] [info]  ==================================================
[2026-08-14 07:47:16.097] [info]  [HASTE Agent Server] Hono Gateway running on Port 8082 (Relaying to Port 8080)
[2026-08-14 07:47:16.105] [info]  ==================================================
[2026-08-14 07:47:16.108] [info]  [HQ Origin] HASTE Cloud designated via --prod launch argument.
[2026-08-14 07:47:16.110] [info]  Targeting endpoint: https://cloud.cafehaste.com
[2026-08-14 07:47:16.113] [info]  ==================================================
[2026-08-14 07:47:16.117] [error] [HASTE Agent Server] Port 8082 already bound by existing active bridge process. Proceeding with active instance.
[2026-08-14 07:47:16.124] [info]  [2026-08-14 07:47:16.106] [info] [HASTE Agent] [HEALTH] [RUN] () : Checking Lilly Engine API (Attempt: 1/5)
[2026-08-14 07:47:16.127] [info]  [HASTE] [Step 0: HEALTH] [INFO] Starting diagnostics for local hardware and internet connectivity...
[2026-08-14 07:47:16.131] [info]  [HASTE Agent Server] Hono Gateway running on Port 8082 (Relaying to Port 8080)
[2026-08-14 07:47:16.138] [info]  ==================================================
[2026-08-14 07:47:16.142] [info]  [HQ Origin] HASTE Cloud designated via --prod launch argument.
[2026-08-14 07:47:16.145] [info]  Targeting endpoint: https://cloud.cafehaste.com
[2026-08-14 07:47:16.152] [info]  ==================================================
[2026-08-14 07:47:16.155] [info]  [2026-08-14 07:47:16.115] [info] [HASTE Agent] [HEALTH] [RUN] () : Checking Lilly Engine API (Attempt: 1/5)
[2026-08-14 07:47:16.157] [info]  [HASTE] [Step 0: HEALTH] [INFO] Starting diagnostics for local hardware and internet connectivity...
[2026-08-14 07:47:16.429] [info]  [2026-08-14 07:47:16.428] [info] [HASTE Agent] [GATEWAY] [RUN] () : Waiting for Client API (Port 8080)
[2026-08-14 07:47:16.439] [info]  [2026-08-14 07:47:16.437] [info] [HASTE Agent] [GATEWAY] [RUN] () : Waiting for Client API (Port 8080)
[2026-08-14 07:47:16.447] [info]  [2026-08-14 07:47:16.445] [info] [HASTE Agent] [GATEWAY] [OK] () : Token Synchronized
[2026-08-14 07:47:16.456] [info]  [2026-08-14 07:47:16.447] [info] [HASTE Agent] [GATEWAY] [FAIL] : Tunnel Session Missing (Status Blocked)
[2026-08-14 07:47:16.462] [info]  [2026-08-14 07:47:16.450] [info] [HASTE Agent] [Client -> Cloud] [GATEWAY] [RUN] () : Connecting to Signal Broker (Primary)
[2026-08-14 07:47:16.471] [info]  [2026-08-14 07:47:16.453] [info] [HASTE Agent] [GATEWAY] [OK] () : Token Synchronized
[2026-08-14 07:47:16.476] [info]  [2026-08-14 07:47:16.456] [info] [HASTE Agent] [GATEWAY] [FAIL] : Tunnel Session Missing (Status Blocked)
[2026-08-14 07:47:16.482] [info]  [2026-08-14 07:47:16.457] [info] [HASTE Agent] [Client -> Cloud] [GATEWAY] [RUN] () : Connecting to Signal Broker (Primary)
[2026-08-14 07:47:17.301] [info]  ==================================================
[2026-08-14 07:47:17.310] [info]  ==================================================
[2026-08-14 07:47:17.313] [info]  [2026-08-14 07:47:17.301] [info] [HASTE Agent] Security server connection initialized successfully!
[2026-08-14 07:47:17.316] [info]  Bot Tag Name: cafehaste_gateway#1981
[2026-08-14 07:47:17.321] [info]  HASTE Client API Address: http://127.0.0.1:8080
[2026-08-14 07:47:17.326] [info]  [2026-08-14 07:47:17.301] [info] [HASTE Agent] Security server connection initialized successfully!
[2026-08-14 07:47:17.329] [info]  Bot Tag Name: cafehaste_gateway#1981
[2026-08-14 07:47:17.331] [info]  HASTE Client API Address: http://127.0.0.1:8080
[2026-08-14 07:47:17.333] [info]  ==================================================
[2026-08-14 07:47:17.336] [info]  Listening for remote dashboard control commands...
[2026-08-14 07:47:17.340] [info]  ==================================================
[2026-08-14 07:47:17.342] [info]  ==================================================
[2026-08-14 07:47:17.344] [info]  Listening for remote dashboard control commands...
[2026-08-14 07:47:17.346] [info]  ==================================================
[2026-08-14 07:48:11.821] [info]  [HASTE Agent Server] Hono Gateway running on Port 8082 (Relaying to Port 8080)
[2026-08-14 07:48:11.826] [info]  ==================================================
[2026-08-14 07:48:11.828] [info]  [HQ Origin] HASTE Cloud designated via --prod launch argument.
[2026-08-14 07:48:11.830] [info]  Targeting endpoint: https://cloud.cafehaste.com
[2026-08-14 07:48:11.833] [info]  ==================================================
[2026-08-14 07:48:11.840] [info]  [2026-08-14 07:48:11.826] [info] [HASTE Agent] [HEALTH] [RUN] () : Checking Lilly Engine API (Attempt: 1/5)
[2026-08-14 07:48:11.843] [info]  [HASTE] [Step 0: HEALTH] [INFO] Starting diagnostics for local hardware and internet connectivity...
[2026-08-14 07:48:11.865] [info]  [HASTE Agent Server] Hono Gateway running on Port 8082 (Relaying to Port 8080)
[2026-08-14 07:48:11.870] [info]  ==================================================
[2026-08-14 07:48:11.874] [info]  [HQ Origin] HASTE Cloud designated via --prod launch argument.
[2026-08-14 07:48:11.877] [info]  Targeting endpoint: https://cloud.cafehaste.com
[2026-08-14 07:48:11.880] [info]  ==================================================
[2026-08-14 07:48:11.907] [error] [HASTE Agent Server] Port 8082 already bound by existing active bridge process. Proceeding with active instance.
[2026-08-14 07:48:11.913] [info]  [2026-08-14 07:48:11.878] [info] [HASTE Agent] [HEALTH] [RUN] () : Checking Lilly Engine API (Attempt: 1/5)
[2026-08-14 07:48:11.918] [info]  [HASTE] [Step 0: HEALTH] [INFO] Starting diagnostics for local hardware and internet connectivity...
[2026-08-14 07:48:12.130] [info]  [2026-08-14 07:48:12.127] [info] [HASTE Agent] [GATEWAY] [RUN] () : Waiting for Client API (Port 8080)
[2026-08-14 07:48:12.148] [info]  [2026-08-14 07:48:12.146] [info] [HASTE Agent] [GATEWAY] [OK] () : Token Synchronized
[2026-08-14 07:48:12.152] [info]  [2026-08-14 07:48:12.148] [info] [HASTE Agent] [GATEWAY] [FAIL] : Tunnel Session Missing (Status Blocked)
[2026-08-14 07:48:12.159] [info]  [2026-08-14 07:48:12.149] [info] [HASTE Agent] [Client -> Cloud] [GATEWAY] [RUN] () : Connecting to Signal Broker (Primary)
[2026-08-14 07:48:12.163] [info]  [2026-08-14 07:48:12.159] [info] [HASTE Agent] [GATEWAY] [RUN] () : Waiting for Client API (Port 8080)
[2026-08-14 07:48:12.182] [info]  [2026-08-14 07:48:12.179] [info] [HASTE Agent] [GATEWAY] [OK] () : Token Synchronized
[2026-08-14 07:48:12.189] [info]  [2026-08-14 07:48:12.181] [info] [HASTE Agent] [GATEWAY] [FAIL] : Tunnel Session Missing (Status Blocked)
[2026-08-14 07:48:12.192] [info]  [2026-08-14 07:48:12.183] [info] [HASTE Agent] [Client -> Cloud] [GATEWAY] [RUN] () : Connecting to Signal Broker (Primary)
[2026-08-14 07:48:13.064] [info]  ==================================================
[2026-08-14 07:48:13.067] [info]  [2026-08-14 07:48:13.063] [info] [HASTE Agent] Security server connection initialized successfully!
[2026-08-14 07:48:13.071] [info]  Bot Tag Name: cafehaste_gateway#1981
[2026-08-14 07:48:13.073] [info]  HASTE Client API Address: http://127.0.0.1:8080
[2026-08-14 07:48:13.077] [info]  ==================================================
[2026-08-14 07:48:13.079] [info]  Listening for remote dashboard control commands...
[2026-08-14 07:48:13.081] [info]  ==================================================
[2026-08-14 07:48:15.166] [info]  ==================================================
[2026-08-14 07:48:15.172] [info]  [2026-08-14 07:48:15.165] [info] [HASTE Agent] Security server connection initialized successfully!
[2026-08-14 07:48:15.174] [info]  Bot Tag Name: cafehaste_gateway#1981
[2026-08-14 07:48:15.176] [info]  HASTE Client API Address: http://127.0.0.1:8080
[2026-08-14 07:48:15.178] [info]  ==================================================
[2026-08-14 07:48:15.183] [info]  Listening for remote dashboard control commands...
[2026-08-14 07:48:15.187] [info]  ==================================================
[2026-08-14 07:54:41.942] [info]  [HASTE Agent Bot] Received SHUTDOWN command from parent process. Terminating tunnel and shutting down gracefully...