[2026-09-18 01:06:16.356] [info]  [TOSS RAW ORDER] orderId=755821997341593463, items=[{"name":"소프트콘(3줄)","productNo":"16642237","options":[]}]
[2026-09-18 01:06:16.361] [info]  [TOSS ITEM RESOLVED] orderId=755821997341593463, item="소프트콘(3줄)" (16642237) | rawOptions=[] ➔ resolved="undefined" (undefined) steps=undefined
[2026-09-18 01:06:16.373] [info]  [toss] event=order.completed status=success source=toss virtual=on mode=order orderId=755821997341593463 bill=755821997341593463 menuCount=0
[2026-09-18 07:29:11.125] [info]  [TOSS RAW ORDER] orderId=755918372767071067, items=[{"name":"아메리카노","productNo":"16642168","options":[{"optionCode":"1756058","optionName":"ICE","price":0,"quantity":1}]}]
[2026-09-18 07:29:11.130] [info]  [TOSS ITEM RESOLVED] orderId=755918372767071067, item="아메리카노" (16642168) | rawOptions=[{"optionCode":"1756058","optionName":"ICE","price":0,"quantity":1}] ➔ resolved="ICE 아메리카노 (시그니처)" (MSI1002) steps={"step1":["CUP","ICE"],"step2":["COFFEE","60"],"step3":["ICE",6000],"step4":["COLD",155]}
[2026-09-18 07:30:47.636] [info]  [toss] event=order.completed status=success source=toss virtual=off mode=order orderId=755918372767071067 bill=755918372767071067 menuCount=1
[2026-09-18 08:16:27.739] [info]  [TOSS RAW ORDER] orderId=755930231570222608, items=[{"name":"아메리카노","productNo":"16642168","options":[{"optionCode":"1756058","optionName":"ICE","price":0,"quantity":1}]},{"name":"대만샌드위치","productNo":"16642248","options":[]}]
[2026-09-18 08:16:27.743] [info]  [TOSS ITEM RESOLVED] orderId=755930231570222608, item="아메리카노" (16642168) | rawOptions=[{"optionCode":"1756058","optionName":"ICE","price":0,"quantity":1}] ➔ resolved="ICE 아메리카노 (시그니처)" (MSI1002) steps={"step1":["CUP","ICE"],"step2":["COFFEE","60"],"step3":["ICE",6000],"step4":["COLD",155]}
[2026-09-18 08:16:27.748] [info]  [TOSS ITEM RESOLVED] orderId=755930231570222608, item="대만샌드위치" (16642248) | rawOptions=[] ➔ resolved="undefined" (undefined) steps=undefined
[2026-09-18 08:17:09.482] [info]  [toss] event=order.completed status=success source=toss virtual=off mode=order orderId=755930231570222608 bill=755930231570222608 menuCount=1
[2026-09-18 08:21:37.786] [info]  [TOSS RAW ORDER] orderId=755931544924239056, items=[{"name":"더블아샷추","productNo":"16642170","options":[]}]
[2026-09-18 08:21:37.790] [info]  [TOSS ITEM RESOLVED] orderId=755931544924239056, item="더블아샷추" (16642170) | rawOptions=[] ➔ resolved="ICE 더블아샷추 (시그니처)" (MSI1004) steps={"step1":["CUP","ICE"],"step2":["COFFEE","45"],"step3":["ICE",6000],"step4":["COLD",115],"step5":["복숭아","55"]}
[2026-09-18 08:22:18.978] [info]  [toss] event=order.completed status=success source=toss virtual=off mode=order orderId=755931544924239056 bill=755931544924239056 menuCount=1
[2026-09-18 08:56:26.286] [info]  [TOSS RAW ORDER] orderId=755940331248726958, items=[{"name":"아메리카노","productNo":"16642168","options":[{"optionCode":"1756058","optionName":"ICE","price":0,"quantity":1}]}]
[2026-09-18 08:56:26.290] [info]  [TOSS ITEM RESOLVED] orderId=755940331248726958, item="아메리카노" (16642168) | rawOptions=[{"optionCode":"1756058","optionName":"ICE","price":0,"quantity":1}] ➔ resolved="ICE 아메리카노 (시그니처)" (MSI1002) steps={"step1":["CUP","ICE"],"step2":["COFFEE","60"],"step3":["ICE",6000],"step4":["COLD",155]}
[2026-09-18 08:57:08.137] [info]  [toss] event=order.completed status=success source=toss virtual=off mode=order orderId=755940331248726958 bill=755940331248726958 menuCount=1
[2026-09-18 09:10:27.364] [info]  [TOSS RAW ORDER] orderId=755943849493838506, items=[{"name":"오미자차","productNo":"16642201","options":[{"optionCode":"1756057","optionName":"HOT","price":0,"quantity":1}]},{"name":"아메리카노","productNo":"16642168","options":[{"optionCode":"1756058","optionName":"ICE","price":0,"quantity":1}]}]
[2026-09-18 09:10:27.371] [info]  [TOSS ITEM RESOLVED] orderId=755943849493838506, item="오미자차" (16642201) | rawOptions=[{"optionCode":"1756057","optionName":"HOT","price":0,"quantity":1}] ➔ resolved="HOT 오미자차" (GTH5001) steps={"step1":["CUP","HOT"],"step2":["HOT","300"],"step3":["오미자","60"]}
[2026-09-18 09:10:27.377] [info]  [TOSS ITEM RESOLVED] orderId=755943849493838506, item="아메리카노" (16642168) | rawOptions=[{"optionCode":"1756058","optionName":"ICE","price":0,"quantity":1}] ➔ resolved="ICE 아메리카노 (시그니처)" (MSI1002) steps={"step1":["CUP","ICE"],"step2":["COFFEE","60"],"step3":["ICE",6000],"step4":["COLD",155]}
[2026-09-18 09:12:42.109] [info]  [toss] event=order.completed status=success source=toss virtual=off mode=order orderId=755943849493838506 bill=755943849493838506 menuCount=3
[2026-09-18 10:42:10.341] [info]  [TOSS RAW ORDER] orderId=755966938835385886, items=[{"name":"아메리카노(연하게)","productNo":"17283380","options":[{"optionCode":"1756058","optionName":"ICE","price":0,"quantity":1}]}]
[2026-09-18 10:42:10.346] [info]  [TOSS ITEM RESOLVED] orderId=755966938835385886, item="아메리카노(연하게)" (17283380) | rawOptions=[{"optionCode":"1756058","optionName":"ICE","price":0,"quantity":1}] ➔ resolved="ICE 아메리카노 (시그니처) (연하게)" (MSI1001) steps={"step1":["CUP","ICE"],"step2":["COFFEE","45"],"step3":["ICE",6000],"step4":["COLD",170]}
[2026-09-18 10:42:46.864] [info]  [toss] event=order.completed status=success source=toss virtual=off mode=order orderId=755966938835385886 bill=755966938835385886 menuCount=1
[2026-09-18 10:43:39.716] [info]  [TOSS RAW ORDER] orderId=755967313789363796, items=[{"name":"아메리카노","productNo":"16642168","options":[{"optionCode":"1756058","optionName":"ICE","price":0,"quantity":1},{"optionCode":"1756059","optionName":"시그니처","price":0,"quantity":1},{"optionCode":"1757867","optionName":"연하게","price":0,"quantity":1}]}]
[2026-09-18 10:43:39.724] [info]  [TOSS ITEM RESOLVED] orderId=755967313789363796, item="아메리카노" (16642168) | rawOptions=[{"optionCode":"1756058","optionName":"ICE","price":0,"quantity":1},{"optionCode":"1756059","optionName":"시그니처","price":0,"quantity":1},{"optionCode":"1757867","optionName":"연하게","price":0,"quantity":1}] ➔ resolved="ICE 아메리카노 (시그니처) (연하게)" (MSI1001) steps={"step1":["CUP","ICE"],"step2":["COFFEE","45"],"step3":["ICE",6000],"step4":["COLD",170]}
[2026-09-18 10:44:11.992] [info]  [toss] event=order.completed status=success source=toss virtual=off mode=order orderId=755967313789363796 bill=755967313789363796 menuCount=1
[2026-09-18 12:35:25.325] [info]  [TOSS RAW ORDER] orderId=755995431501612344, items=[{"name":"아메리카노","productNo":"16642168","options":[{"optionCode":"1756058","optionName":"ICE","price":0,"quantity":1}]},{"name":"아메리카노(연하게)","productNo":"17283380","options":[{"optionCode":"1756058","optionName":"ICE","price":0,"quantity":1}]}]
[2026-09-18 12:35:25.331] [info]  [TOSS ITEM RESOLVED] orderId=755995431501612344, item="아메리카노" (16642168) | rawOptions=[{"optionCode":"1756058","optionName":"ICE","price":0,"quantity":1}] ➔ resolved="ICE 아메리카노 (시그니처)" (MSI1002) steps={"step1":["CUP","ICE"],"step2":["COFFEE","60"],"step3":["ICE",6000],"step4":["COLD",155]}
[2026-09-18 12:35:25.337] [info]  [TOSS ITEM RESOLVED] orderId=755995431501612344, item="아메리카노(연하게)" (17283380) | rawOptions=[{"optionCode":"1756058","optionName":"ICE","price":0,"quantity":1}] ➔ resolved="ICE 아메리카노 (시그니처) (연하게)" (MSI1001) steps={"step1":["CUP","ICE"],"step2":["COFFEE","45"],"step3":["ICE",6000],"step4":["COLD",170]}
[2026-09-18 12:36:45.411] [info]  [toss] event=order.completed status=success source=toss virtual=off mode=order orderId=755995431501612344 bill=755995431501612344 menuCount=2
[2026-09-18 13:00:49.335] [info]  [TOSS RAW ORDER] orderId=756001826447956029, items=[{"name":"오렌지피치에이드","productNo":"16642232","options":[]}]
[2026-09-18 13:00:49.341] [info]  [TOSS ITEM RESOLVED] orderId=756001826447956029, item="오렌지피치에이드" (16642232) | rawOptions=[] ➔ resolved="ICE 오렌지피치에이드" (MAI4015) steps={"step1":["CUP","ICE"],"step2":["ICE","6000"],"step3":["SPARKLE","220"],"step4":["복숭아","25"],"step5":["오렌지","45"]}
[2026-09-18 13:01:33.946] [info]  [toss] event=order.completed status=success source=toss virtual=off mode=order orderId=756001826447956029 bill=756001826447956029 menuCount=1