[2026-08-19 02:26:20.645] [info]  [HASTE DB Load] Loaded settings from SQLite database successfully. StoreName: "김포집", StoreNo: "01012345678", ThemeMode: "Light", isKioskDryRun: "false"
[2026-08-19 02:26:21.174] [info]  [app] event=app.startup status=started appVersion=3.1.0.r1 packaged=false
[2026-08-19 02:26:21.670] [info]  [app] event=app.window status=success
[2026-08-19 02:26:21.802] [info]  [app] event=app.tray status=success
[2026-08-19 02:26:21.804] [info]  [app] event=updater.check status=ignored reason=store_managed_distribution
[2026-08-19 02:26:21.807] [info]  [app] event=app.ipc status=success
[2026-08-19 02:26:21.810] [info]  [app] event=task.start status=success
[2026-08-19 02:26:21.812] [debug] [api] [api] event=settings.change status=success port=8080 posStoreNo=01012345678 deviceModelId=D0000
[2026-08-19 02:26:21.819] [info]  [api] [HASTE] Found SSL Certificates at: C:\Users\김성규\Desktop\HASTE-AI\src\cafehaste-homepage\public
[2026-08-19 02:26:21.833] [info]  [api] [HASTE] Started HTTP Hono Server on port 8080 (Toss Place HTTP Mode).
[2026-08-19 02:26:21.842] [info]  [api] [HASTE] Started HTTPS Hono Server on port 8443 (Toss Kiosk Mode).
[2026-08-19 02:26:21.843] [debug] [api] [api] event=api.server status=success port=8080 host=0.0.0.0
[2026-08-19 02:26:21.845] [info]  [serialport] [serialport] event=serialport.connect status=started scope=all
[2026-08-19 02:26:21.851] [debug] [coffee] [coffee] event=settings.change status=success field=thirdpartyType value=Lilly_(WMF)
[2026-08-19 02:26:21.860] [debug] [coffee] [coffee] event=coffee.socket status=started transport=ws machineName=WMF model=Lilly_(WMF) ip=192.168.10.99 port=25000
[2026-08-19 02:26:21.877] [debug] [coffee] [coffee] event=temperature.change status=success
[2026-08-19 02:26:21.881] [debug] [api] [api] event=did.callback status=ignored reason=local_did_not_open screen=temperature
[2026-08-19 02:26:21.893] [info]  [HASTE DB Save] Settings category "inventory" has been updated and saved to SQLite successfully.
[2026-08-19 02:26:21.898] [info]  [HASTE DB Save] Settings category "inventory" has been updated and saved to SQLite successfully.
[2026-08-19 02:26:21.901] [info]  [serialport] [serialport] event=serialport.connect status=started scope=all
[2026-08-19 02:26:21.907] [info]  [HASTE DB Save] Settings category "inventory" has been updated and saved to SQLite successfully.
[2026-08-19 02:26:21.910] [info]  [HASTE DB Save] Settings category "inventory" has been updated and saved to SQLite successfully.
[2026-08-19 02:26:21.912] [debug] [api] [HASTE Theme Sync] Applied local UI theme: isDark=false
[2026-08-19 02:26:21.914] [debug] [api] [api] event=did.callback status=started target=local screen=main
[2026-08-19 02:26:21.921] [info]  [app] event=app.startup status=success message="subscriptions registered"
[2026-08-19 02:26:21.923] [debug] [task] [task] event=scheduler.change status=success routine=FOAMER_RINSING intervalSec=6000 normalizedIntervalSec=6000
[2026-08-19 02:26:21.929] [debug] [task] [task] event=scheduler.change status=success routine=WARM_RINSING intervalSec=0 normalizedIntervalSec=0
[2026-08-19 02:26:21.935] [debug] [task] [task] event=scheduler.change status=success routine=MIXER_RINSING intervalSec=0 normalizedIntervalSec=0
[2026-08-19 02:26:21.940] [debug] [task] [task] event=scheduler.change status=success routine=ERROR_CHECK intervalSec=1800 normalizedIntervalSec=1800
[2026-08-19 02:26:21.948] [debug] [task] [task] event=scheduler.change status=success routine=ICE_MAKER intervalSec=1800 normalizedIntervalSec=1800
[2026-08-19 02:26:21.955] [debug] [task] [task] event=scheduler.change status=success routine=TEMP_CHECK intervalSec=600 normalizedIntervalSec=600
[2026-08-19 02:26:21.959] [debug] [app] event=scheduler.change status=success routine=license.verify intervalSec=86400
[2026-08-19 02:26:21.967] [info]  [app] event=app.startup status=success message="schedulers registered"
[2026-08-19 02:26:21.976] [info]  [HASTE Guard] enableHasteAgent is false (OFF). Skipping agent bot launch.
[2026-08-19 02:26:21.979] [info]  [app] event=license.verify status=success state=approved storeId=01012345678
[2026-08-19 02:26:22.022] [error] [serialport] [serialport] event=serialport.error status=failed reason=port_error boardName=board1 port=COM6 message="Opening COM6: File not found"
[2026-08-19 02:26:22.035] [error] [serialport] [serialport] event=serialport.error status=failed reason=port_error boardName=board2 port=COM7 message="Opening COM7: File not found"
[2026-08-19 02:26:22.046] [error] [serialport] [serialport] event=serialport.error status=failed reason=port_error boardName=board1 port=COM6 message="Opening COM6: File not found"
[2026-08-19 02:26:22.051] [error] [serialport] [serialport] event=serialport.error status=failed reason=port_error boardName=board2 port=COM7 message="Opening COM7: File not found"
[2026-08-19 02:26:22.059] [debug] [api] [HASTE DevTools Sync] Current window DevTools opened state: false, Target state: false
[2026-08-19 02:26:26.877] [error] [coffee] [coffee] event=coffee.socket status=failed reason=open_timeout transport=ws machineName=WMF model=Lilly_(WMF) ip=192.168.10.99 port=25000
[2026-08-19 02:26:26.886] [error] [coffee] [coffee] event=coffee.socket status=failed reason=connect_failed transport=ws machineName=WMF model=Lilly_(WMF) ip=192.168.10.99 port=25000
[2026-08-19 02:26:43.045] [error] [coffee] [coffee] event=coffee.socket status=failed reason=ws_error machineName=WMF model=Lilly_(WMF) ip=192.168.10.99 port=25000 message="connect ETIMEDOUT 192.168.10.99:25000"
[2026-08-19 02:26:55.511] [info]  [HASTE DB Save] Settings category "menu" has been updated and saved to SQLite successfully.
[2026-08-19 02:26:55.513] [info]  [HASTE DB Save] Settings category "product" has been updated and saved to SQLite successfully.
[2026-08-19 02:26:55.514] [info]  [HASTE DB Sync] Reloading memory settingsStore from SQLite database...
[2026-08-19 02:26:55.518] [info]  [HASTE DB Load] Loaded settings from SQLite database successfully. StoreName: "김포집", StoreNo: "01012345678", ThemeMode: "Light", isKioskDryRun: "false"
[2026-08-19 02:26:55.590] [info]  [HASTE Standard Recipe Apply] Successfully synced 61 Toss Kiosk products from Google Sheet SOT! (Tier: MV_STANDARD)
[2026-08-19 02:26:55.592] [info]  [HASTE Standard Recipe Apply] Successfully generated and injected 219 store-matched physical recipes & Toss Kiosk menu from Google Sheet SOT! (Hopper1: D_SAVE, Hopper2: N_SAVE)
[2026-08-19 02:26:55.831] [info]  [HASTE DB Save] Settings category "information" has been updated and saved to SQLite successfully.
[2026-08-19 02:26:55.835] [info]  [HASTE DB Save] Settings category "information" has been updated and saved to SQLite successfully.
[2026-08-19 02:26:55.838] [info]  [HASTE DB Save] Settings category "information" has been updated and saved to SQLite successfully.
[2026-08-19 02:26:55.880] [info]  [task] [HASTE Single Correct] Corrected productNo=undefined (type=name_only) to match Google standard
[2026-08-19 02:26:55.883] [error] [Client] [POS_SYNC] [IMPORT_FAIL] : 가져올 키오스크 상품 번호가 전달되지 않았습니다.
[2026-08-19 02:26:55.892] [info]  [HASTE DB Save] Settings category "menu" has been updated and saved to SQLite successfully.
[2026-08-19 02:26:55.895] [info]  [HASTE DB Save] Settings category "product" has been updated and saved to SQLite successfully.
[2026-08-19 02:26:55.897] [info]  [HASTE DB Sync] Reloading memory settingsStore from SQLite database...
[2026-08-19 02:26:55.900] [info]  [HASTE DB Load] Loaded settings from SQLite database successfully. StoreName: "김포집", StoreNo: "01012345678", ThemeMode: "Light", isKioskDryRun: "false"
[2026-08-19 02:26:55.902] [info]  [HASTE] Successfully cloned 61 kiosk items to local SQLite DB & store!
[2026-08-19 02:26:55.907] [info]  [HASTE DB Save] Settings category "menu" has been updated and saved to SQLite successfully.
[2026-08-19 02:26:55.910] [info]  [HASTE DB Save] Settings category "product" has been updated and saved to SQLite successfully.
[2026-08-19 02:26:55.912] [info]  [HASTE DB Sync] Reloading memory settingsStore from SQLite database...
[2026-08-19 02:26:55.918] [info]  [HASTE DB Load] Loaded settings from SQLite database successfully. StoreName: "김포집", StoreNo: "01012345678", ThemeMode: "Light", isKioskDryRun: "false"
[2026-08-19 02:26:55.995] [info]  [HASTE Standard Recipe Apply] Successfully synced 61 Toss Kiosk products from Google Sheet SOT! (Tier: MV_STANDARD)
[2026-08-19 02:26:55.996] [info]  [HASTE Standard Recipe Apply] Successfully generated and injected 219 store-matched physical recipes & Toss Kiosk menu from Google Sheet SOT! (Hopper1: D_SAVE, Hopper2: N_SAVE)
[2026-08-19 02:26:56.017] [info]  [HASTE DB Save] Settings category "information" has been updated and saved to SQLite successfully.
[2026-08-19 02:26:56.019] [info]  [task] [HASTE Pricing] Successfully applied pricing tier 'MV_STANDARD' to 61 kiosk menu items.
[2026-08-19 02:26:56.351] [info]  [HASTE DB Save] Settings category "information" has been updated and saved to SQLite successfully.
[2026-08-19 02:27:04.310] [info]  [kiosk] [toss] event=catalog.validate status=success total=219 matched=219 unmatched=0
[2026-08-19 02:27:10.813] [info]  [kiosk] [toss] event=catalog.validate status=success total=219 matched=219 unmatched=0
[2026-08-19 02:28:07.710] [info]  [HASTE DB Load] Loaded settings from SQLite database successfully. StoreName: "김포집", StoreNo: "01012345678", ThemeMode: "Light", isKioskDryRun: "false"
[2026-08-19 02:28:08.204] [info]  [app] event=app.startup status=started appVersion=3.1.0 packaged=true
[2026-08-19 02:28:08.424] [info]  [app] event=app.window status=success
[2026-08-19 02:28:08.545] [info]  [app] event=app.tray status=success
[2026-08-19 02:28:08.546] [info]  [app] event=updater.check status=ignored reason=store_managed_distribution
[2026-08-19 02:28:08.550] [info]  [app] event=app.ipc status=success
[2026-08-19 02:28:08.552] [info]  [app] event=task.start status=success
[2026-08-19 02:28:08.555] [debug] [api] [api] event=settings.change status=success port=8080 posStoreNo=01012345678 deviceModelId=D0000
[2026-08-19 02:28:08.560] [info]  [api] [HASTE] Found SSL Certificates at: C:/Users/김성규/Desktop/HASTE-AI/src/cafehaste-homepage/public
[2026-08-19 02:28:08.588] [info]  [api] [HASTE] Started HTTP Hono Server on port 8080 (Toss Place HTTP Mode).
[2026-08-19 02:28:08.669] [info]  [api] [HASTE] Started HTTPS Hono Server on port 8443 (Toss Kiosk Mode).
[2026-08-19 02:28:08.670] [debug] [api] [api] event=api.server status=success port=8080 host=0.0.0.0
[2026-08-19 02:28:08.672] [info]  [serialport] [serialport] event=serialport.connect status=started scope=all
[2026-08-19 02:28:08.673] [debug] [coffee] [coffee] event=settings.change status=success field=thirdpartyType value=Lilly_(WMF)
[2026-08-19 02:28:08.675] [debug] [coffee] [coffee] event=coffee.socket status=started transport=ws machineName=WMF model=Lilly_(WMF) ip=192.168.10.99 port=25000
[2026-08-19 02:28:08.684] [debug] [coffee] [coffee] event=temperature.change status=success
[2026-08-19 02:28:08.686] [debug] [api] [api] event=did.callback status=ignored reason=local_did_not_open screen=temperature
[2026-08-19 02:28:08.712] [info]  [HASTE DB Save] Settings category "inventory" has been updated and saved to SQLite successfully.
[2026-08-19 02:28:08.714] [info]  [HASTE DB Save] Settings category "inventory" has been updated and saved to SQLite successfully.
[2026-08-19 02:28:08.715] [info]  [serialport] [serialport] event=serialport.connect status=started scope=all
[2026-08-19 02:28:08.717] [info]  [HASTE DB Save] Settings category "inventory" has been updated and saved to SQLite successfully.
[2026-08-19 02:28:08.718] [info]  [HASTE DB Save] Settings category "inventory" has been updated and saved to SQLite successfully.
[2026-08-19 02:28:08.719] [debug] [api] [HASTE Theme Sync] Applied local UI theme: isDark=false
[2026-08-19 02:28:08.720] [debug] [api] [api] event=did.callback status=started target=local screen=main
[2026-08-19 02:28:08.727] [info]  [app] event=app.startup status=success message="subscriptions registered"
[2026-08-19 02:28:08.728] [debug] [task] [task] event=scheduler.change status=success routine=FOAMER_RINSING intervalSec=6000 normalizedIntervalSec=6000
[2026-08-19 02:28:08.731] [debug] [task] [task] event=scheduler.change status=success routine=WARM_RINSING intervalSec=0 normalizedIntervalSec=0
[2026-08-19 02:28:08.732] [debug] [task] [task] event=scheduler.change status=success routine=MIXER_RINSING intervalSec=0 normalizedIntervalSec=0
[2026-08-19 02:28:08.733] [debug] [task] [task] event=scheduler.change status=success routine=ERROR_CHECK intervalSec=1800 normalizedIntervalSec=1800
[2026-08-19 02:28:08.734] [debug] [task] [task] event=scheduler.change status=success routine=ICE_MAKER intervalSec=1800 normalizedIntervalSec=1800
[2026-08-19 02:28:08.735] [debug] [task] [task] event=scheduler.change status=success routine=TEMP_CHECK intervalSec=600 normalizedIntervalSec=600
[2026-08-19 02:28:08.736] [debug] [app] event=scheduler.change status=success routine=license.verify intervalSec=86400
[2026-08-19 02:28:08.736] [info]  [app] event=app.startup status=success message="schedulers registered"
[2026-08-19 02:28:08.738] [info]  [HASTE Guard] enableHasteAgent is false (OFF). Skipping agent bot launch.
[2026-08-19 02:28:08.738] [info]  [app] event=license.verify status=success state=approved storeId=01012345678
[2026-08-19 02:28:08.783] [error] [serialport] [serialport] event=serialport.error status=failed reason=port_error boardName=board1 port=COM6 message="Opening COM6: File not found"
[2026-08-19 02:28:08.785] [error] [serialport] [serialport] event=serialport.error status=failed reason=port_error boardName=board2 port=COM7 message="Opening COM7: File not found"
[2026-08-19 02:28:08.786] [error] [serialport] [serialport] event=serialport.error status=failed reason=port_error boardName=board1 port=COM6 message="Opening COM6: File not found"
[2026-08-19 02:28:08.787] [error] [serialport] [serialport] event=serialport.error status=failed reason=port_error boardName=board2 port=COM7 message="Opening COM7: File not found"
[2026-08-19 02:28:08.788] [debug] [api] [HASTE DevTools Sync] Current window DevTools opened state: false, Target state: false
[2026-08-19 02:28:13.678] [error] [coffee] [coffee] event=coffee.socket status=failed reason=open_timeout transport=ws machineName=WMF model=Lilly_(WMF) ip=192.168.10.99 port=25000
[2026-08-19 02:28:13.679] [error] [coffee] [coffee] event=coffee.socket status=failed reason=connect_failed transport=ws machineName=WMF model=Lilly_(WMF) ip=192.168.10.99 port=25000
[2026-08-19 02:28:16.232] [error] [kiosk] [toss] event=catalog.validate status=failed location=토스_포스 posId=MSDHT3017 name=군고구마녹차라떼 posCode=MSDHT3017 reason=[토스_포스]_상품설명에_7자리_영문코드(예:_MDI1001)_미등록
[2026-08-19 02:28:16.234] [error] [kiosk] [toss] event=catalog.validate status=failed location=토스_포스 posId=MSDHT3007 name=군고구마말차라떼 posCode=MSDHT3007 reason=[토스_포스]_상품설명에_7자리_영문코드(예:_MDI1001)_미등록
[2026-08-19 02:28:16.237] [error] [kiosk] [toss] event=catalog.validate status=failed location=토스_포스 posId=MSDHT3014 name=밤군고구마 posCode=MSDHT3014 reason=[토스_포스]_상품설명에_7자리_영문코드(예:_MDI1001)_미등록
[2026-08-19 02:28:16.243] [error] [kiosk] [toss] event=catalog.validate status=failed location=토스_포스 posId=MSDHT3015 name=밤얼그레이 posCode=MSDHT3015 reason=[토스_포스]_상품설명에_7자리_영문코드(예:_MDI1001)_미등록
[2026-08-19 02:28:27.135] [info]  [HASTE Shutdown] Releasing all serial ports...
[2026-08-19 02:28:27.136] [info]  [app] event=app.shutdown status=started
[2026-08-19 02:34:05.533] [info]  [HASTE DB Load] Loaded settings from SQLite database successfully. StoreName: "김포집", StoreNo: "01012345678", ThemeMode: "Light", isKioskDryRun: "false"
[2026-08-19 02:34:05.986] [info]  [app] event=app.startup status=started appVersion=3.1.0 packaged=true
[2026-08-19 02:34:06.067] [info]  [app] event=app.window status=success
[2026-08-19 02:34:06.152] [info]  [app] event=app.tray status=success
[2026-08-19 02:34:06.153] [info]  [app] event=updater.check status=ignored reason=store_managed_distribution
[2026-08-19 02:34:06.156] [info]  [app] event=app.ipc status=success
[2026-08-19 02:34:06.158] [info]  [app] event=task.start status=success
[2026-08-19 02:34:06.159] [debug] [api] [api] event=settings.change status=success port=8080 posStoreNo=01012345678 deviceModelId=D0000
[2026-08-19 02:34:06.162] [info]  [api] [HASTE] Found SSL Certificates at: C:/Users/김성규/Desktop/HASTE-AI/src/cafehaste-homepage/public
[2026-08-19 02:34:06.171] [info]  [api] [HASTE] Started HTTP Hono Server on port 8080 (Toss Place HTTP Mode).
[2026-08-19 02:34:06.176] [info]  [api] [HASTE] Started HTTPS Hono Server on port 8443 (Toss Kiosk Mode).
[2026-08-19 02:34:06.177] [debug] [api] [api] event=api.server status=success port=8080 host=0.0.0.0
[2026-08-19 02:34:06.178] [info]  [serialport] [serialport] event=serialport.connect status=started scope=all
[2026-08-19 02:34:06.180] [debug] [coffee] [coffee] event=settings.change status=success field=thirdpartyType value=Lilly_(WMF)
[2026-08-19 02:34:06.182] [debug] [coffee] [coffee] event=coffee.socket status=started transport=ws machineName=WMF model=Lilly_(WMF) ip=192.168.10.99 port=25000
[2026-08-19 02:34:06.189] [debug] [coffee] [coffee] event=temperature.change status=success
[2026-08-19 02:34:06.190] [debug] [api] [api] event=did.callback status=ignored reason=local_did_not_open screen=temperature
[2026-08-19 02:34:06.194] [info]  [HASTE DB Save] Settings category "inventory" has been updated and saved to SQLite successfully.
[2026-08-19 02:34:06.196] [info]  [HASTE DB Save] Settings category "inventory" has been updated and saved to SQLite successfully.
[2026-08-19 02:34:06.197] [info]  [serialport] [serialport] event=serialport.connect status=started scope=all
[2026-08-19 02:34:06.199] [info]  [HASTE DB Save] Settings category "inventory" has been updated and saved to SQLite successfully.
[2026-08-19 02:34:06.201] [info]  [HASTE DB Save] Settings category "inventory" has been updated and saved to SQLite successfully.
[2026-08-19 02:34:06.202] [debug] [api] [HASTE Theme Sync] Applied local UI theme: isDark=false
[2026-08-19 02:34:06.203] [debug] [api] [api] event=did.callback status=started target=local screen=main
[2026-08-19 02:34:06.205] [info]  [app] event=app.startup status=success message="subscriptions registered"
[2026-08-19 02:34:06.206] [debug] [task] [task] event=scheduler.change status=success routine=FOAMER_RINSING intervalSec=6000 normalizedIntervalSec=6000
[2026-08-19 02:34:06.208] [debug] [task] [task] event=scheduler.change status=success routine=WARM_RINSING intervalSec=0 normalizedIntervalSec=0
[2026-08-19 02:34:06.209] [debug] [task] [task] event=scheduler.change status=success routine=MIXER_RINSING intervalSec=0 normalizedIntervalSec=0
[2026-08-19 02:34:06.210] [debug] [task] [task] event=scheduler.change status=success routine=ERROR_CHECK intervalSec=1800 normalizedIntervalSec=1800
[2026-08-19 02:34:06.212] [debug] [task] [task] event=scheduler.change status=success routine=ICE_MAKER intervalSec=1800 normalizedIntervalSec=1800
[2026-08-19 02:34:06.213] [debug] [task] [task] event=scheduler.change status=success routine=TEMP_CHECK intervalSec=600 normalizedIntervalSec=600
[2026-08-19 02:34:06.214] [debug] [app] event=scheduler.change status=success routine=license.verify intervalSec=86400
[2026-08-19 02:34:06.215] [info]  [app] event=app.startup status=success message="schedulers registered"
[2026-08-19 02:34:06.216] [info]  [HASTE Guard] enableHasteAgent is false (OFF). Skipping agent bot launch.
[2026-08-19 02:34:06.217] [info]  [app] event=license.verify status=success state=approved storeId=01012345678
[2026-08-19 02:34:06.239] [error] [serialport] [serialport] event=serialport.error status=failed reason=port_error boardName=board1 port=COM6 message="Opening COM6: File not found"
[2026-08-19 02:34:06.240] [error] [serialport] [serialport] event=serialport.error status=failed reason=port_error boardName=board2 port=COM7 message="Opening COM7: File not found"
[2026-08-19 02:34:06.242] [error] [serialport] [serialport] event=serialport.error status=failed reason=port_error boardName=board1 port=COM6 message="Opening COM6: File not found"
[2026-08-19 02:34:06.243] [error] [serialport] [serialport] event=serialport.error status=failed reason=port_error boardName=board2 port=COM7 message="Opening COM7: File not found"
[2026-08-19 02:34:06.274] [debug] [api] [HASTE DevTools Sync] Current window DevTools opened state: false, Target state: false
[2026-08-19 02:34:11.195] [error] [coffee] [coffee] event=coffee.socket status=failed reason=open_timeout transport=ws machineName=WMF model=Lilly_(WMF) ip=192.168.10.99 port=25000
[2026-08-19 02:34:11.196] [error] [coffee] [coffee] event=coffee.socket status=failed reason=connect_failed transport=ws machineName=WMF model=Lilly_(WMF) ip=192.168.10.99 port=25000
[2026-08-19 02:34:15.681] [debug] [api] [HASTE Theme Sync] Applied local UI theme: isDark=false
[2026-08-19 02:34:15.690] [info]  [HASTE DB Save] Settings category "information" has been updated and saved to SQLite successfully.
[2026-08-19 02:34:15.731] [info]  [HASTE DB Save] Settings category "information" has been updated and saved to SQLite successfully.
[2026-08-19 02:34:15.733] [info]  [HASTE DB Save] Settings category "information" has been updated and saved to SQLite successfully.
[2026-08-19 02:34:15.734] [info]  [HASTE DB Save] Settings category "information" has been updated and saved to SQLite successfully.
[2026-08-19 02:34:15.774] [info]  [task] [HASTE Single Correct] Corrected productNo=undefined (type=name_only) to match Google standard
[2026-08-19 02:34:15.775] [error] [Client] [POS_SYNC] [IMPORT_FAIL] : 가져올 키오스크 상품 번호가 전달되지 않았습니다.
[2026-08-19 02:34:15.781] [info]  [HASTE DB Save] Settings category "menu" has been updated and saved to SQLite successfully.
[2026-08-19 02:34:15.783] [info]  [HASTE DB Save] Settings category "product" has been updated and saved to SQLite successfully.
[2026-08-19 02:34:15.784] [info]  [HASTE DB Sync] Reloading memory settingsStore from SQLite database...
[2026-08-19 02:34:15.785] [info]  [HASTE DB Load] Loaded settings from SQLite database successfully. StoreName: "김포집", StoreNo: "01012345678", ThemeMode: "Light", isKioskDryRun: "true"
[2026-08-19 02:34:15.786] [info]  [HASTE] Successfully cloned 61 kiosk items to local SQLite DB & store!
[2026-08-19 02:34:15.792] [info]  [HASTE DB Save] Settings category "menu" has been updated and saved to SQLite successfully.
[2026-08-19 02:34:15.794] [info]  [HASTE DB Save] Settings category "product" has been updated and saved to SQLite successfully.
[2026-08-19 02:34:15.794] [info]  [HASTE DB Sync] Reloading memory settingsStore from SQLite database...
[2026-08-19 02:34:15.797] [info]  [HASTE DB Load] Loaded settings from SQLite database successfully. StoreName: "김포집", StoreNo: "01012345678", ThemeMode: "Light", isKioskDryRun: "true"
[2026-08-19 02:34:15.866] [info]  [HASTE Standard Recipe Apply] Successfully synced 61 Toss Kiosk products from Google Sheet SOT! (Tier: MV_STANDARD)
[2026-08-19 02:34:15.867] [info]  [HASTE Standard Recipe Apply] Successfully generated and injected 219 store-matched physical recipes & Toss Kiosk menu from Google Sheet SOT! (Hopper1: D_SAVE, Hopper2: N_SAVE)
[2026-08-19 02:34:15.883] [info]  [HASTE DB Save] Settings category "information" has been updated and saved to SQLite successfully.
[2026-08-19 02:34:15.884] [info]  [task] [HASTE Pricing] Successfully applied pricing tier 'MV_STANDARD' to 61 kiosk menu items.
[2026-08-19 02:34:15.886] [debug] [api] [HASTE DevTools Sync] Current window DevTools opened state: false, Target state: false
[2026-08-19 02:34:16.299] [info]  [HASTE DB Save] Settings category "information" has been updated and saved to SQLite successfully.
[2026-08-19 02:34:27.246] [error] [coffee] [coffee] event=coffee.socket status=failed reason=ws_error machineName=WMF model=Lilly_(WMF) ip=192.168.10.99 port=25000 message="connect ETIMEDOUT 192.168.10.99:25000"
[2026-08-19 02:34:29.930] [info]  [HASTE Shutdown] Releasing all serial ports...
[2026-08-19 02:34:29.931] [info]  [app] event=app.shutdown status=started
[2026-08-19 02:34:40.903] [info]  [HASTE DB Load] Loaded settings from SQLite database successfully. StoreName: "김포집", StoreNo: "01012345678", ThemeMode: "Light", isKioskDryRun: "false"
[2026-08-19 02:34:41.309] [info]  [app] event=app.startup status=started appVersion=3.1.0.r1 packaged=false
[2026-08-19 02:34:41.387] [info]  [app] event=app.window status=success
[2026-08-19 02:34:41.437] [info]  [app] event=app.tray status=success
[2026-08-19 02:34:41.439] [info]  [app] event=updater.check status=ignored reason=store_managed_distribution
[2026-08-19 02:34:41.443] [info]  [app] event=app.ipc status=success
[2026-08-19 02:34:41.445] [info]  [app] event=task.start status=success
[2026-08-19 02:34:41.447] [debug] [api] [api] event=settings.change status=success port=8080 posStoreNo=01012345678 deviceModelId=D0000
[2026-08-19 02:34:41.452] [info]  [api] [HASTE] Found SSL Certificates at: C:\Users\김성규\Desktop\HASTE-AI\src\cafehaste-homepage\public
[2026-08-19 02:34:41.464] [info]  [api] [HASTE] Started HTTP Hono Server on port 8080 (Toss Place HTTP Mode).
[2026-08-19 02:34:41.469] [info]  [api] [HASTE] Started HTTPS Hono Server on port 8443 (Toss Kiosk Mode).
[2026-08-19 02:34:41.471] [debug] [api] [api] event=api.server status=success port=8080 host=0.0.0.0
[2026-08-19 02:34:41.474] [info]  [serialport] [serialport] event=serialport.connect status=started scope=all
[2026-08-19 02:34:41.476] [debug] [coffee] [coffee] event=settings.change status=success field=thirdpartyType value=Lilly_(WMF)
[2026-08-19 02:34:41.480] [debug] [coffee] [coffee] event=coffee.socket status=started transport=ws machineName=WMF model=Lilly_(WMF) ip=192.168.10.99 port=25000
[2026-08-19 02:34:41.492] [debug] [coffee] [coffee] event=temperature.change status=success
[2026-08-19 02:34:41.494] [debug] [api] [api] event=did.callback status=ignored reason=local_did_not_open screen=temperature
[2026-08-19 02:34:41.499] [info]  [HASTE DB Save] Settings category "inventory" has been updated and saved to SQLite successfully.
[2026-08-19 02:34:41.502] [info]  [HASTE DB Save] Settings category "inventory" has been updated and saved to SQLite successfully.
[2026-08-19 02:34:41.508] [info]  [serialport] [serialport] event=serialport.connect status=started scope=all
[2026-08-19 02:34:41.510] [info]  [HASTE DB Save] Settings category "inventory" has been updated and saved to SQLite successfully.
[2026-08-19 02:34:41.513] [info]  [HASTE DB Save] Settings category "inventory" has been updated and saved to SQLite successfully.
[2026-08-19 02:34:41.514] [debug] [api] [HASTE Theme Sync] Applied local UI theme: isDark=false
[2026-08-19 02:34:41.517] [debug] [api] [api] event=did.callback status=started target=local screen=main
[2026-08-19 02:34:41.524] [info]  [app] event=app.startup status=success message="subscriptions registered"
[2026-08-19 02:34:41.525] [debug] [task] [task] event=scheduler.change status=success routine=FOAMER_RINSING intervalSec=6000 normalizedIntervalSec=6000
[2026-08-19 02:34:41.529] [debug] [task] [task] event=scheduler.change status=success routine=WARM_RINSING intervalSec=0 normalizedIntervalSec=0
[2026-08-19 02:34:41.531] [debug] [task] [task] event=scheduler.change status=success routine=MIXER_RINSING intervalSec=0 normalizedIntervalSec=0
[2026-08-19 02:34:41.533] [debug] [task] [task] event=scheduler.change status=success routine=ERROR_CHECK intervalSec=1800 normalizedIntervalSec=1800
[2026-08-19 02:34:41.538] [debug] [task] [task] event=scheduler.change status=success routine=ICE_MAKER intervalSec=1800 normalizedIntervalSec=1800
[2026-08-19 02:34:41.540] [debug] [task] [task] event=scheduler.change status=success routine=TEMP_CHECK intervalSec=600 normalizedIntervalSec=600
[2026-08-19 02:34:41.542] [debug] [app] event=scheduler.change status=success routine=license.verify intervalSec=86400
[2026-08-19 02:34:41.543] [info]  [app] event=app.startup status=success message="schedulers registered"
[2026-08-19 02:34:41.545] [info]  [HASTE Guard] enableHasteAgent is false (OFF). Skipping agent bot launch.
[2026-08-19 02:34:41.547] [info]  [app] event=license.verify status=success state=approved storeId=01012345678
[2026-08-19 02:34:41.575] [error] [serialport] [serialport] event=serialport.error status=failed reason=port_error boardName=board1 port=COM6 message="Opening COM6: File not found"
[2026-08-19 02:34:41.580] [error] [serialport] [serialport] event=serialport.error status=failed reason=port_error boardName=board2 port=COM7 message="Opening COM7: File not found"
[2026-08-19 02:34:41.582] [error] [serialport] [serialport] event=serialport.error status=failed reason=port_error boardName=board1 port=COM6 message="Opening COM6: File not found"
[2026-08-19 02:34:41.584] [error] [serialport] [serialport] event=serialport.error status=failed reason=port_error boardName=board2 port=COM7 message="Opening COM7: File not found"
[2026-08-19 02:34:41.587] [debug] [api] [HASTE DevTools Sync] Current window DevTools opened state: false, Target state: false
[2026-08-19 02:34:46.485] [error] [coffee] [coffee] event=coffee.socket status=failed reason=open_timeout transport=ws machineName=WMF model=Lilly_(WMF) ip=192.168.10.99 port=25000
[2026-08-19 02:34:46.490] [error] [coffee] [coffee] event=coffee.socket status=failed reason=connect_failed transport=ws machineName=WMF model=Lilly_(WMF) ip=192.168.10.99 port=25000
[2026-08-19 02:34:50.371] [debug] [api] [HASTE Theme Sync] Applied local UI theme: isDark=false
[2026-08-19 02:34:50.376] [info]  [HASTE DB Save] Settings category "information" has been updated and saved to SQLite successfully.
[2026-08-19 02:34:50.437] [debug] [api] [HASTE DevTools Sync] Current window DevTools opened state: false, Target state: false
[2026-08-19 02:34:50.690] [info]  [HASTE DB Save] Settings category "information" has been updated and saved to SQLite successfully.
[2026-08-19 02:34:50.692] [info]  [HASTE DB Save] Settings category "information" has been updated and saved to SQLite successfully.
[2026-08-19 02:34:50.696] [info]  [HASTE DB Save] Settings category "information" has been updated and saved to SQLite successfully.
[2026-08-19 02:34:50.740] [info]  [task] [HASTE Single Correct] Corrected productNo=undefined (type=name_only) to match Google standard
[2026-08-19 02:34:50.744] [error] [Client] [POS_SYNC] [IMPORT_FAIL] : 가져올 키오스크 상품 번호가 전달되지 않았습니다.
[2026-08-19 02:34:50.750] [info]  [HASTE DB Save] Settings category "menu" has been updated and saved to SQLite successfully.
[2026-08-19 02:34:50.753] [info]  [HASTE DB Save] Settings category "product" has been updated and saved to SQLite successfully.
[2026-08-19 02:34:50.754] [info]  [HASTE DB Sync] Reloading memory settingsStore from SQLite database...
[2026-08-19 02:34:50.758] [info]  [HASTE DB Load] Loaded settings from SQLite database successfully. StoreName: "김포집", StoreNo: "01012345678", ThemeMode: "Light", isKioskDryRun: "true"
[2026-08-19 02:34:50.759] [info]  [HASTE] Successfully cloned 61 kiosk items to local SQLite DB & store!
[2026-08-19 02:34:50.766] [info]  [HASTE DB Save] Settings category "menu" has been updated and saved to SQLite successfully.
[2026-08-19 02:34:50.768] [info]  [HASTE DB Save] Settings category "product" has been updated and saved to SQLite successfully.
[2026-08-19 02:34:50.768] [info]  [HASTE DB Sync] Reloading memory settingsStore from SQLite database...
[2026-08-19 02:34:50.773] [info]  [HASTE DB Load] Loaded settings from SQLite database successfully. StoreName: "김포집", StoreNo: "01012345678", ThemeMode: "Light", isKioskDryRun: "true"
[2026-08-19 02:34:50.849] [info]  [HASTE Standard Recipe Apply] Successfully synced 61 Toss Kiosk products from Google Sheet SOT! (Tier: MV_STANDARD)
[2026-08-19 02:34:50.850] [info]  [HASTE Standard Recipe Apply] Successfully generated and injected 219 store-matched physical recipes & Toss Kiosk menu from Google Sheet SOT! (Hopper1: D_SAVE, Hopper2: N_SAVE)
[2026-08-19 02:34:50.873] [info]  [HASTE DB Save] Settings category "information" has been updated and saved to SQLite successfully.
[2026-08-19 02:34:50.874] [info]  [task] [HASTE Pricing] Successfully applied pricing tier 'MV_STANDARD' to 61 kiosk menu items.
[2026-08-19 02:34:51.102] [info]  [HASTE DB Save] Settings category "information" has been updated and saved to SQLite successfully.
[2026-08-19 02:35:02.603] [error] [coffee] [coffee] event=coffee.socket status=failed reason=ws_error machineName=WMF model=Lilly_(WMF) ip=192.168.10.99 port=25000 message="connect ETIMEDOUT 192.168.10.99:25000"
[2026-08-19 02:48:41.261] [info]  [HASTE DB Load] Loaded settings from SQLite database successfully. StoreName: "김포집", StoreNo: "01012345678", ThemeMode: "Light", isKioskDryRun: "false"
[2026-08-19 02:48:41.703] [info]  [app] event=app.startup status=started appVersion=3.1.0.r1 packaged=false
[2026-08-19 02:48:41.803] [info]  [app] event=app.window status=success
[2026-08-19 02:48:41.934] [info]  [app] event=app.tray status=success
[2026-08-19 02:48:41.935] [info]  [app] event=updater.check status=ignored reason=store_managed_distribution
[2026-08-19 02:48:41.938] [info]  [app] event=app.ipc status=success
[2026-08-19 02:48:41.941] [info]  [app] event=task.start status=success
[2026-08-19 02:48:41.943] [debug] [api] [api] event=settings.change status=success port=8080 posStoreNo=01012345678 deviceModelId=D0000
[2026-08-19 02:48:41.950] [info]  [api] [HASTE] Found SSL Certificates at: C:\Users\김성규\Desktop\HASTE-AI\src\cafehaste-homepage\public
[2026-08-19 02:48:41.962] [info]  [api] [HASTE] Started HTTP Hono Server on port 8080 (Toss Place HTTP Mode).
[2026-08-19 02:48:41.967] [info]  [api] [HASTE] Started HTTPS Hono Server on port 8443 (Toss Kiosk Mode).
[2026-08-19 02:48:41.969] [debug] [api] [api] event=api.server status=success port=8080 host=0.0.0.0
[2026-08-19 02:48:41.970] [info]  [serialport] [serialport] event=serialport.connect status=started scope=all
[2026-08-19 02:48:41.973] [debug] [coffee] [coffee] event=settings.change status=success field=thirdpartyType value=Lilly_(WMF)
[2026-08-19 02:48:41.976] [debug] [coffee] [coffee] event=coffee.socket status=started transport=ws machineName=WMF model=Lilly_(WMF) ip=192.168.10.99 port=25000
[2026-08-19 02:48:41.991] [debug] [coffee] [coffee] event=temperature.change status=success
[2026-08-19 02:48:41.997] [debug] [api] [api] event=did.callback status=ignored reason=local_did_not_open screen=temperature
[2026-08-19 02:48:42.002] [info]  [HASTE DB Save] Settings category "inventory" has been updated and saved to SQLite successfully.
[2026-08-19 02:48:42.005] [info]  [HASTE DB Save] Settings category "inventory" has been updated and saved to SQLite successfully.
[2026-08-19 02:48:42.006] [info]  [serialport] [serialport] event=serialport.connect status=started scope=all
[2026-08-19 02:48:42.013] [info]  [HASTE DB Save] Settings category "inventory" has been updated and saved to SQLite successfully.
[2026-08-19 02:48:42.015] [info]  [HASTE DB Save] Settings category "inventory" has been updated and saved to SQLite successfully.
[2026-08-19 02:48:42.016] [debug] [api] [HASTE Theme Sync] Applied local UI theme: isDark=false
[2026-08-19 02:48:42.018] [debug] [api] [api] event=did.callback status=started target=local screen=main
[2026-08-19 02:48:42.021] [info]  [app] event=app.startup status=success message="subscriptions registered"
[2026-08-19 02:48:42.023] [debug] [task] [task] event=scheduler.change status=success routine=FOAMER_RINSING intervalSec=6000 normalizedIntervalSec=6000
[2026-08-19 02:48:42.027] [debug] [task] [task] event=scheduler.change status=success routine=WARM_RINSING intervalSec=0 normalizedIntervalSec=0
[2026-08-19 02:48:42.029] [debug] [task] [task] event=scheduler.change status=success routine=MIXER_RINSING intervalSec=0 normalizedIntervalSec=0
[2026-08-19 02:48:42.031] [debug] [task] [task] event=scheduler.change status=success routine=ERROR_CHECK intervalSec=1800 normalizedIntervalSec=1800
[2026-08-19 02:48:42.033] [debug] [task] [task] event=scheduler.change status=success routine=ICE_MAKER intervalSec=1800 normalizedIntervalSec=1800
[2026-08-19 02:48:42.035] [debug] [task] [task] event=scheduler.change status=success routine=TEMP_CHECK intervalSec=600 normalizedIntervalSec=600
[2026-08-19 02:48:42.037] [debug] [app] event=scheduler.change status=success routine=license.verify intervalSec=86400
[2026-08-19 02:48:42.041] [info]  [app] event=app.startup status=success message="schedulers registered"
[2026-08-19 02:48:42.043] [info]  [HASTE Guard] enableHasteAgent is false (OFF). Skipping agent bot launch.
[2026-08-19 02:48:42.044] [info]  [app] event=license.verify status=success state=approved storeId=01012345678
[2026-08-19 02:48:42.071] [error] [serialport] [serialport] event=serialport.error status=failed reason=port_error boardName=board1 port=COM6 message="Opening COM6: File not found"
[2026-08-19 02:48:42.075] [error] [serialport] [serialport] event=serialport.error status=failed reason=port_error boardName=board2 port=COM7 message="Opening COM7: File not found"
[2026-08-19 02:48:42.078] [error] [serialport] [serialport] event=serialport.error status=failed reason=port_error boardName=board1 port=COM6 message="Opening COM6: File not found"
[2026-08-19 02:48:42.081] [error] [serialport] [serialport] event=serialport.error status=failed reason=port_error boardName=board2 port=COM7 message="Opening COM7: File not found"
[2026-08-19 02:48:42.084] [debug] [api] [HASTE DevTools Sync] Current window DevTools opened state: false, Target state: false
[2026-08-19 02:48:46.988] [error] [coffee] [coffee] event=coffee.socket status=failed reason=open_timeout transport=ws machineName=WMF model=Lilly_(WMF) ip=192.168.10.99 port=25000
[2026-08-19 02:48:46.992] [error] [coffee] [coffee] event=coffee.socket status=failed reason=connect_failed transport=ws machineName=WMF model=Lilly_(WMF) ip=192.168.10.99 port=25000
[2026-08-19 02:49:03.104] [error] [coffee] [coffee] event=coffee.socket status=failed reason=ws_error machineName=WMF model=Lilly_(WMF) ip=192.168.10.99 port=25000 message="connect ETIMEDOUT 192.168.10.99:25000"
[2026-08-19 02:51:28.311] [info]  [HASTE DB Load] Loaded settings from SQLite database successfully. StoreName: "김포집", StoreNo: "01012345678", ThemeMode: "Light", isKioskDryRun: "false"
[2026-08-19 02:51:28.743] [info]  [app] event=app.startup status=started appVersion=3.1.0.r1 packaged=false
[2026-08-19 02:51:28.823] [info]  [app] event=app.window status=success
[2026-08-19 02:51:28.921] [info]  [app] event=app.tray status=success
[2026-08-19 02:51:28.922] [info]  [app] event=updater.check status=ignored reason=store_managed_distribution
[2026-08-19 02:51:28.926] [info]  [app] event=app.ipc status=success
[2026-08-19 02:51:28.930] [info]  [app] event=task.start status=success
[2026-08-19 02:51:28.932] [debug] [api] [api] event=settings.change status=success port=8080 posStoreNo=01012345678 deviceModelId=D0000
[2026-08-19 02:51:28.936] [info]  [api] [HASTE] Found SSL Certificates at: C:\Users\김성규\Desktop\HASTE-AI\src\cafehaste-homepage\public
[2026-08-19 02:51:28.946] [info]  [api] [HASTE] Started HTTP Hono Server on port 8080 (Toss Place HTTP Mode).
[2026-08-19 02:51:28.952] [info]  [api] [HASTE] Started HTTPS Hono Server on port 8443 (Toss Kiosk Mode).
[2026-08-19 02:51:28.954] [debug] [api] [api] event=api.server status=success port=8080 host=0.0.0.0
[2026-08-19 02:51:28.955] [info]  [serialport] [serialport] event=serialport.connect status=started scope=all
[2026-08-19 02:51:28.958] [debug] [coffee] [coffee] event=settings.change status=success field=thirdpartyType value=Lilly_(WMF)
[2026-08-19 02:51:28.962] [debug] [coffee] [coffee] event=coffee.socket status=started transport=ws machineName=WMF model=Lilly_(WMF) ip=192.168.10.99 port=25000
[2026-08-19 02:51:28.973] [debug] [coffee] [coffee] event=temperature.change status=success
[2026-08-19 02:51:28.976] [debug] [api] [api] event=did.callback status=ignored reason=local_did_not_open screen=temperature
[2026-08-19 02:51:28.982] [info]  [HASTE DB Save] Settings category "inventory" has been updated and saved to SQLite successfully.
[2026-08-19 02:51:28.985] [info]  [HASTE DB Save] Settings category "inventory" has been updated and saved to SQLite successfully.
[2026-08-19 02:51:28.987] [info]  [serialport] [serialport] event=serialport.connect status=started scope=all
[2026-08-19 02:51:28.991] [info]  [HASTE DB Save] Settings category "inventory" has been updated and saved to SQLite successfully.
[2026-08-19 02:51:28.993] [info]  [HASTE DB Save] Settings category "inventory" has been updated and saved to SQLite successfully.
[2026-08-19 02:51:28.995] [debug] [api] [HASTE Theme Sync] Applied local UI theme: isDark=false
[2026-08-19 02:51:28.997] [debug] [api] [api] event=did.callback status=started target=local screen=main
[2026-08-19 02:51:28.999] [info]  [app] event=app.startup status=success message="subscriptions registered"
[2026-08-19 02:51:29.000] [debug] [task] [task] event=scheduler.change status=success routine=FOAMER_RINSING intervalSec=6000 normalizedIntervalSec=6000
[2026-08-19 02:51:29.004] [debug] [task] [task] event=scheduler.change status=success routine=WARM_RINSING intervalSec=0 normalizedIntervalSec=0
[2026-08-19 02:51:29.006] [debug] [task] [task] event=scheduler.change status=success routine=MIXER_RINSING intervalSec=0 normalizedIntervalSec=0
[2026-08-19 02:51:29.008] [debug] [task] [task] event=scheduler.change status=success routine=ERROR_CHECK intervalSec=1800 normalizedIntervalSec=1800
[2026-08-19 02:51:29.011] [debug] [task] [task] event=scheduler.change status=success routine=ICE_MAKER intervalSec=1800 normalizedIntervalSec=1800
[2026-08-19 02:51:29.013] [debug] [task] [task] event=scheduler.change status=success routine=TEMP_CHECK intervalSec=600 normalizedIntervalSec=600
[2026-08-19 02:51:29.015] [debug] [app] event=scheduler.change status=success routine=license.verify intervalSec=86400
[2026-08-19 02:51:29.017] [info]  [app] event=app.startup status=success message="schedulers registered"
[2026-08-19 02:51:29.022] [info]  [HASTE Guard] enableHasteAgent is false (OFF). Skipping agent bot launch.
[2026-08-19 02:51:29.023] [info]  [app] event=license.verify status=success state=approved storeId=01012345678
[2026-08-19 02:51:29.050] [error] [serialport] [serialport] event=serialport.error status=failed reason=port_error boardName=board1 port=COM6 message="Opening COM6: File not found"
[2026-08-19 02:51:29.054] [error] [serialport] [serialport] event=serialport.error status=failed reason=port_error boardName=board2 port=COM7 message="Opening COM7: File not found"
[2026-08-19 02:51:29.056] [error] [serialport] [serialport] event=serialport.error status=failed reason=port_error boardName=board1 port=COM6 message="Opening COM6: File not found"
[2026-08-19 02:51:29.059] [error] [serialport] [serialport] event=serialport.error status=failed reason=port_error boardName=board2 port=COM7 message="Opening COM7: File not found"
[2026-08-19 02:51:29.061] [debug] [api] [HASTE DevTools Sync] Current window DevTools opened state: false, Target state: false
[2026-08-19 02:51:33.972] [error] [coffee] [coffee] event=coffee.socket status=failed reason=open_timeout transport=ws machineName=WMF model=Lilly_(WMF) ip=192.168.10.99 port=25000
[2026-08-19 02:51:33.976] [error] [coffee] [coffee] event=coffee.socket status=failed reason=connect_failed transport=ws machineName=WMF model=Lilly_(WMF) ip=192.168.10.99 port=25000
[2026-08-19 02:51:50.072] [error] [coffee] [coffee] event=coffee.socket status=failed reason=ws_error machineName=WMF model=Lilly_(WMF) ip=192.168.10.99 port=25000 message="connect ETIMEDOUT 192.168.10.99:25000"
[2026-08-19 02:57:29.336] [info]  [HASTE DB Load] Loaded settings from SQLite database successfully. StoreName: "김포집", StoreNo: "01012345678", ThemeMode: "Light", isKioskDryRun: "false"
[2026-08-19 02:57:29.748] [info]  [app] event=app.startup status=started appVersion=3.1.0.r1 packaged=false
[2026-08-19 02:57:29.829] [info]  [app] event=app.window status=success
[2026-08-19 02:57:29.929] [info]  [app] event=app.tray status=success
[2026-08-19 02:57:29.932] [info]  [app] event=updater.check status=ignored reason=store_managed_distribution
[2026-08-19 02:57:29.936] [info]  [app] event=app.ipc status=success
[2026-08-19 02:57:29.938] [info]  [app] event=task.start status=success
[2026-08-19 02:57:29.940] [debug] [api] [api] event=settings.change status=success port=8080 posStoreNo=01012345678 deviceModelId=D0000
[2026-08-19 02:57:29.944] [info]  [api] [HASTE] Found SSL Certificates at: C:\Users\김성규\Desktop\HASTE-AI\src\cafehaste-homepage\public
[2026-08-19 02:57:29.956] [info]  [api] [HASTE] Started HTTP Hono Server on port 8080 (Toss Place HTTP Mode).
[2026-08-19 02:57:29.961] [info]  [api] [HASTE] Started HTTPS Hono Server on port 8443 (Toss Kiosk Mode).
[2026-08-19 02:57:29.962] [debug] [api] [api] event=api.server status=success port=8080 host=0.0.0.0
[2026-08-19 02:57:29.965] [info]  [serialport] [serialport] event=serialport.connect status=started scope=all
[2026-08-19 02:57:29.968] [debug] [coffee] [coffee] event=settings.change status=success field=thirdpartyType value=Lilly_(WMF)
[2026-08-19 02:57:29.973] [debug] [coffee] [coffee] event=coffee.socket status=started transport=ws machineName=WMF model=Lilly_(WMF) ip=192.168.10.99 port=25000
[2026-08-19 02:57:29.984] [debug] [coffee] [coffee] event=temperature.change status=success
[2026-08-19 02:57:29.986] [debug] [api] [api] event=did.callback status=ignored reason=local_did_not_open screen=temperature
[2026-08-19 02:57:29.991] [info]  [HASTE DB Save] Settings category "inventory" has been updated and saved to SQLite successfully.
[2026-08-19 02:57:29.994] [info]  [HASTE DB Save] Settings category "inventory" has been updated and saved to SQLite successfully.
[2026-08-19 02:57:29.996] [info]  [serialport] [serialport] event=serialport.connect status=started scope=all
[2026-08-19 02:57:29.999] [info]  [HASTE DB Save] Settings category "inventory" has been updated and saved to SQLite successfully.
[2026-08-19 02:57:30.001] [info]  [HASTE DB Save] Settings category "inventory" has been updated and saved to SQLite successfully.
[2026-08-19 02:57:30.002] [debug] [api] [HASTE Theme Sync] Applied local UI theme: isDark=false
[2026-08-19 02:57:30.004] [debug] [api] [api] event=did.callback status=started target=local screen=main
[2026-08-19 02:57:30.007] [info]  [app] event=app.startup status=success message="subscriptions registered"
[2026-08-19 02:57:30.008] [debug] [task] [task] event=scheduler.change status=success routine=FOAMER_RINSING intervalSec=6000 normalizedIntervalSec=6000
[2026-08-19 02:57:30.013] [debug] [task] [task] event=scheduler.change status=success routine=WARM_RINSING intervalSec=0 normalizedIntervalSec=0
[2026-08-19 02:57:30.017] [debug] [task] [task] event=scheduler.change status=success routine=MIXER_RINSING intervalSec=0 normalizedIntervalSec=0
[2026-08-19 02:57:30.019] [debug] [task] [task] event=scheduler.change status=success routine=ERROR_CHECK intervalSec=1800 normalizedIntervalSec=1800
[2026-08-19 02:57:30.021] [debug] [task] [task] event=scheduler.change status=success routine=ICE_MAKER intervalSec=1800 normalizedIntervalSec=1800
[2026-08-19 02:57:30.023] [debug] [task] [task] event=scheduler.change status=success routine=TEMP_CHECK intervalSec=600 normalizedIntervalSec=600
[2026-08-19 02:57:30.024] [debug] [app] event=scheduler.change status=success routine=license.verify intervalSec=86400
[2026-08-19 02:57:30.027] [info]  [app] event=app.startup status=success message="schedulers registered"
[2026-08-19 02:57:30.029] [info]  [HASTE Guard] enableHasteAgent is false (OFF). Skipping agent bot launch.
[2026-08-19 02:57:30.030] [info]  [app] event=license.verify status=success state=approved storeId=01012345678
[2026-08-19 02:57:30.057] [error] [serialport] [serialport] event=serialport.error status=failed reason=port_error boardName=board1 port=COM6 message="Opening COM6: File not found"
[2026-08-19 02:57:30.061] [error] [serialport] [serialport] event=serialport.error status=failed reason=port_error boardName=board2 port=COM7 message="Opening COM7: File not found"
[2026-08-19 02:57:30.063] [error] [serialport] [serialport] event=serialport.error status=failed reason=port_error boardName=board1 port=COM6 message="Opening COM6: File not found"
[2026-08-19 02:57:30.066] [error] [serialport] [serialport] event=serialport.error status=failed reason=port_error boardName=board2 port=COM7 message="Opening COM7: File not found"
[2026-08-19 02:57:30.069] [debug] [api] [HASTE DevTools Sync] Current window DevTools opened state: false, Target state: false
[2026-08-19 02:57:34.982] [error] [coffee] [coffee] event=coffee.socket status=failed reason=open_timeout transport=ws machineName=WMF model=Lilly_(WMF) ip=192.168.10.99 port=25000
[2026-08-19 02:57:34.989] [error] [coffee] [coffee] event=coffee.socket status=failed reason=connect_failed transport=ws machineName=WMF model=Lilly_(WMF) ip=192.168.10.99 port=25000
[2026-08-19 02:57:51.086] [error] [coffee] [coffee] event=coffee.socket status=failed reason=ws_error machineName=WMF model=Lilly_(WMF) ip=192.168.10.99 port=25000 message="connect ETIMEDOUT 192.168.10.99:25000"
[2026-08-19 03:02:09.555] [info]  [HASTE DB Load] Loaded settings from SQLite database successfully. StoreName: "김포집", StoreNo: "01012345678", ThemeMode: "Light", isKioskDryRun: "false"
[2026-08-19 03:02:09.956] [info]  [app] event=app.startup status=started appVersion=3.1.0.r1 packaged=false
[2026-08-19 03:02:10.036] [info]  [app] event=app.window status=success
[2026-08-19 03:02:10.071] [info]  [app] event=app.tray status=success
[2026-08-19 03:02:10.072] [info]  [app] event=updater.check status=ignored reason=store_managed_distribution
[2026-08-19 03:02:10.076] [info]  [app] event=app.ipc status=success
[2026-08-19 03:02:10.078] [info]  [app] event=task.start status=success
[2026-08-19 03:02:10.080] [debug] [api] [api] event=settings.change status=success port=8080 posStoreNo=01012345678 deviceModelId=D0000
[2026-08-19 03:02:10.086] [info]  [api] [HASTE] Found SSL Certificates at: C:\Users\김성규\Desktop\HASTE-AI\src\cafehaste-homepage\public
[2026-08-19 03:02:10.096] [info]  [api] [HASTE] Started HTTP Hono Server on port 8080 (Toss Place HTTP Mode).
[2026-08-19 03:02:10.102] [info]  [api] [HASTE] Started HTTPS Hono Server on port 8443 (Toss Kiosk Mode).
[2026-08-19 03:02:10.104] [debug] [api] [api] event=api.server status=success port=8080 host=0.0.0.0
[2026-08-19 03:02:10.105] [info]  [serialport] [serialport] event=serialport.connect status=started scope=all
[2026-08-19 03:02:10.107] [debug] [coffee] [coffee] event=settings.change status=success field=thirdpartyType value=Lilly_(WMF)
[2026-08-19 03:02:10.112] [debug] [coffee] [coffee] event=coffee.socket status=started transport=ws machineName=WMF model=Lilly_(WMF) ip=192.168.10.99 port=25000
[2026-08-19 03:02:10.127] [debug] [coffee] [coffee] event=temperature.change status=success
[2026-08-19 03:02:10.130] [debug] [api] [api] event=did.callback status=ignored reason=local_did_not_open screen=temperature
[2026-08-19 03:02:10.136] [info]  [HASTE DB Save] Settings category "inventory" has been updated and saved to SQLite successfully.
[2026-08-19 03:02:10.140] [info]  [HASTE DB Save] Settings category "inventory" has been updated and saved to SQLite successfully.
[2026-08-19 03:02:10.141] [info]  [serialport] [serialport] event=serialport.connect status=started scope=all
[2026-08-19 03:02:10.147] [info]  [HASTE DB Save] Settings category "inventory" has been updated and saved to SQLite successfully.
[2026-08-19 03:02:10.151] [info]  [HASTE DB Save] Settings category "inventory" has been updated and saved to SQLite successfully.
[2026-08-19 03:02:10.153] [debug] [api] [HASTE Theme Sync] Applied local UI theme: isDark=false
[2026-08-19 03:02:10.155] [debug] [api] [api] event=did.callback status=started target=local screen=main
[2026-08-19 03:02:10.157] [info]  [app] event=app.startup status=success message="subscriptions registered"
[2026-08-19 03:02:10.159] [debug] [task] [task] event=scheduler.change status=success routine=FOAMER_RINSING intervalSec=6000 normalizedIntervalSec=6000
[2026-08-19 03:02:10.163] [debug] [task] [task] event=scheduler.change status=success routine=WARM_RINSING intervalSec=0 normalizedIntervalSec=0
[2026-08-19 03:02:10.165] [debug] [task] [task] event=scheduler.change status=success routine=MIXER_RINSING intervalSec=0 normalizedIntervalSec=0
[2026-08-19 03:02:10.167] [debug] [task] [task] event=scheduler.change status=success routine=ERROR_CHECK intervalSec=1800 normalizedIntervalSec=1800
[2026-08-19 03:02:10.170] [debug] [task] [task] event=scheduler.change status=success routine=ICE_MAKER intervalSec=1800 normalizedIntervalSec=1800
[2026-08-19 03:02:10.173] [debug] [task] [task] event=scheduler.change status=success routine=TEMP_CHECK intervalSec=600 normalizedIntervalSec=600
[2026-08-19 03:02:10.178] [debug] [app] event=scheduler.change status=success routine=license.verify intervalSec=86400
[2026-08-19 03:02:10.180] [info]  [app] event=app.startup status=success message="schedulers registered"
[2026-08-19 03:02:10.183] [info]  [HASTE Guard] enableHasteAgent is false (OFF). Skipping agent bot launch.
[2026-08-19 03:02:10.185] [info]  [app] event=license.verify status=success state=approved storeId=01012345678
[2026-08-19 03:02:10.211] [error] [serialport] [serialport] event=serialport.error status=failed reason=port_error boardName=board1 port=COM6 message="Opening COM6: File not found"
[2026-08-19 03:02:10.216] [error] [serialport] [serialport] event=serialport.error status=failed reason=port_error boardName=board2 port=COM7 message="Opening COM7: File not found"
[2026-08-19 03:02:10.219] [error] [serialport] [serialport] event=serialport.error status=failed reason=port_error boardName=board1 port=COM6 message="Opening COM6: File not found"
[2026-08-19 03:02:10.221] [error] [serialport] [serialport] event=serialport.error status=failed reason=port_error boardName=board2 port=COM7 message="Opening COM7: File not found"
[2026-08-19 03:02:10.224] [debug] [api] [HASTE DevTools Sync] Current window DevTools opened state: false, Target state: false
[2026-08-19 03:02:15.125] [error] [coffee] [coffee] event=coffee.socket status=failed reason=open_timeout transport=ws machineName=WMF model=Lilly_(WMF) ip=192.168.10.99 port=25000
[2026-08-19 03:02:15.129] [error] [coffee] [coffee] event=coffee.socket status=failed reason=connect_failed transport=ws machineName=WMF model=Lilly_(WMF) ip=192.168.10.99 port=25000
[2026-08-19 03:02:31.228] [error] [coffee] [coffee] event=coffee.socket status=failed reason=ws_error machineName=WMF model=Lilly_(WMF) ip=192.168.10.99 port=25000 message="connect ETIMEDOUT 192.168.10.99:25000"
[2026-08-19 03:04:50.477] [info]  [HASTE DB Load] Loaded settings from SQLite database successfully. StoreName: "김포집", StoreNo: "01012345678", ThemeMode: "Light", isKioskDryRun: "false"
[2026-08-19 03:04:50.876] [info]  [app] event=app.startup status=started appVersion=3.1.0.r1 packaged=false
[2026-08-19 03:04:50.956] [info]  [app] event=app.window status=success
[2026-08-19 03:04:51.039] [info]  [app] event=app.tray status=success
[2026-08-19 03:04:51.040] [info]  [app] event=updater.check status=ignored reason=store_managed_distribution
[2026-08-19 03:04:51.044] [info]  [app] event=app.ipc status=success
[2026-08-19 03:04:51.046] [info]  [app] event=task.start status=success
[2026-08-19 03:04:51.048] [debug] [api] [api] event=settings.change status=success port=8080 posStoreNo=01012345678 deviceModelId=D0000
[2026-08-19 03:04:51.051] [info]  [api] [HASTE] Found SSL Certificates at: C:\Users\김성규\Desktop\HASTE-AI\src\cafehaste-homepage\public
[2026-08-19 03:04:51.062] [info]  [api] [HASTE] Started HTTP Hono Server on port 8080 (Toss Place HTTP Mode).
[2026-08-19 03:04:51.067] [info]  [api] [HASTE] Started HTTPS Hono Server on port 8443 (Toss Kiosk Mode).
[2026-08-19 03:04:51.070] [debug] [api] [api] event=api.server status=success port=8080 host=0.0.0.0
[2026-08-19 03:04:51.072] [info]  [serialport] [serialport] event=serialport.connect status=started scope=all
[2026-08-19 03:04:51.074] [debug] [coffee] [coffee] event=settings.change status=success field=thirdpartyType value=Lilly_(WMF)
[2026-08-19 03:04:51.078] [debug] [coffee] [coffee] event=coffee.socket status=started transport=ws machineName=WMF model=Lilly_(WMF) ip=192.168.10.99 port=25000
[2026-08-19 03:04:51.088] [debug] [coffee] [coffee] event=temperature.change status=success
[2026-08-19 03:04:51.090] [debug] [api] [api] event=did.callback status=ignored reason=local_did_not_open screen=temperature
[2026-08-19 03:04:51.097] [info]  [HASTE DB Save] Settings category "inventory" has been updated and saved to SQLite successfully.
[2026-08-19 03:04:51.099] [info]  [HASTE DB Save] Settings category "inventory" has been updated and saved to SQLite successfully.
[2026-08-19 03:04:51.100] [info]  [serialport] [serialport] event=serialport.connect status=started scope=all
[2026-08-19 03:04:51.104] [info]  [HASTE DB Save] Settings category "inventory" has been updated and saved to SQLite successfully.
[2026-08-19 03:04:51.106] [info]  [HASTE DB Save] Settings category "inventory" has been updated and saved to SQLite successfully.
[2026-08-19 03:04:51.109] [debug] [api] [HASTE Theme Sync] Applied local UI theme: isDark=false
[2026-08-19 03:04:51.110] [debug] [api] [api] event=did.callback status=started target=local screen=main
[2026-08-19 03:04:51.112] [info]  [app] event=app.startup status=success message="subscriptions registered"
[2026-08-19 03:04:51.113] [debug] [task] [task] event=scheduler.change status=success routine=FOAMER_RINSING intervalSec=6000 normalizedIntervalSec=6000
[2026-08-19 03:04:51.116] [debug] [task] [task] event=scheduler.change status=success routine=WARM_RINSING intervalSec=0 normalizedIntervalSec=0
[2026-08-19 03:04:51.118] [debug] [task] [task] event=scheduler.change status=success routine=MIXER_RINSING intervalSec=0 normalizedIntervalSec=0
[2026-08-19 03:04:51.120] [debug] [task] [task] event=scheduler.change status=success routine=ERROR_CHECK intervalSec=1800 normalizedIntervalSec=1800
[2026-08-19 03:04:51.125] [debug] [task] [task] event=scheduler.change status=success routine=ICE_MAKER intervalSec=1800 normalizedIntervalSec=1800
[2026-08-19 03:04:51.127] [debug] [task] [task] event=scheduler.change status=success routine=TEMP_CHECK intervalSec=600 normalizedIntervalSec=600
[2026-08-19 03:04:51.129] [debug] [app] event=scheduler.change status=success routine=license.verify intervalSec=86400
[2026-08-19 03:04:51.129] [info]  [app] event=app.startup status=success message="schedulers registered"
[2026-08-19 03:04:51.131] [info]  [HASTE Guard] enableHasteAgent is false (OFF). Skipping agent bot launch.
[2026-08-19 03:04:51.131] [info]  [app] event=license.verify status=success state=approved storeId=01012345678
[2026-08-19 03:04:51.163] [error] [serialport] [serialport] event=serialport.error status=failed reason=port_error boardName=board1 port=COM6 message="Opening COM6: File not found"
[2026-08-19 03:04:51.168] [error] [serialport] [serialport] event=serialport.error status=failed reason=port_error boardName=board2 port=COM7 message="Opening COM7: File not found"
[2026-08-19 03:04:51.172] [error] [serialport] [serialport] event=serialport.error status=failed reason=port_error boardName=board1 port=COM6 message="Opening COM6: File not found"
[2026-08-19 03:04:51.174] [error] [serialport] [serialport] event=serialport.error status=failed reason=port_error boardName=board2 port=COM7 message="Opening COM7: File not found"
[2026-08-19 03:04:51.176] [debug] [api] [HASTE DevTools Sync] Current window DevTools opened state: false, Target state: false
[2026-08-19 03:04:56.086] [error] [coffee] [coffee] event=coffee.socket status=failed reason=open_timeout transport=ws machineName=WMF model=Lilly_(WMF) ip=192.168.10.99 port=25000
[2026-08-19 03:04:56.092] [error] [coffee] [coffee] event=coffee.socket status=failed reason=connect_failed transport=ws machineName=WMF model=Lilly_(WMF) ip=192.168.10.99 port=25000
[2026-08-19 03:05:12.193] [error] [coffee] [coffee] event=coffee.socket status=failed reason=ws_error machineName=WMF model=Lilly_(WMF) ip=192.168.10.99 port=25000 message="connect ETIMEDOUT 192.168.10.99:25000"
[2026-08-19 03:08:23.484] [info]  [HASTE DB Load] Loaded settings from SQLite database successfully. StoreName: "김포집", StoreNo: "01012345678", ThemeMode: "Light", isKioskDryRun: "false"
[2026-08-19 03:08:23.884] [info]  [app] event=app.startup status=started appVersion=3.1.0.r1 packaged=false
[2026-08-19 03:08:23.961] [info]  [app] event=app.window status=success
[2026-08-19 03:08:24.043] [info]  [app] event=app.tray status=success
[2026-08-19 03:08:24.044] [info]  [app] event=updater.check status=ignored reason=store_managed_distribution
[2026-08-19 03:08:24.047] [info]  [app] event=app.ipc status=success
[2026-08-19 03:08:24.049] [info]  [app] event=task.start status=success
[2026-08-19 03:08:24.050] [debug] [api] [api] event=settings.change status=success port=8080 posStoreNo=01012345678 deviceModelId=D0000
[2026-08-19 03:08:24.055] [info]  [api] [HASTE] Found SSL Certificates at: C:\Users\김성규\Desktop\HASTE-AI\src\cafehaste-homepage\public
[2026-08-19 03:08:24.065] [info]  [api] [HASTE] Started HTTP Hono Server on port 8080 (Toss Place HTTP Mode).
[2026-08-19 03:08:24.071] [info]  [api] [HASTE] Started HTTPS Hono Server on port 8443 (Toss Kiosk Mode).
[2026-08-19 03:08:24.073] [debug] [api] [api] event=api.server status=success port=8080 host=0.0.0.0
[2026-08-19 03:08:24.075] [info]  [serialport] [serialport] event=serialport.connect status=started scope=all
[2026-08-19 03:08:24.076] [debug] [coffee] [coffee] event=settings.change status=success field=thirdpartyType value=Lilly_(WMF)
[2026-08-19 03:08:24.081] [debug] [coffee] [coffee] event=coffee.socket status=started transport=ws machineName=WMF model=Lilly_(WMF) ip=192.168.10.99 port=25000
[2026-08-19 03:08:24.091] [debug] [coffee] [coffee] event=temperature.change status=success
[2026-08-19 03:08:24.092] [debug] [api] [api] event=did.callback status=ignored reason=local_did_not_open screen=temperature
[2026-08-19 03:08:24.096] [info]  [HASTE DB Save] Settings category "inventory" has been updated and saved to SQLite successfully.
[2026-08-19 03:08:24.099] [info]  [HASTE DB Save] Settings category "inventory" has been updated and saved to SQLite successfully.
[2026-08-19 03:08:24.103] [info]  [serialport] [serialport] event=serialport.connect status=started scope=all
[2026-08-19 03:08:24.106] [info]  [HASTE DB Save] Settings category "inventory" has been updated and saved to SQLite successfully.
[2026-08-19 03:08:24.108] [info]  [HASTE DB Save] Settings category "inventory" has been updated and saved to SQLite successfully.
[2026-08-19 03:08:24.109] [debug] [api] [HASTE Theme Sync] Applied local UI theme: isDark=false
[2026-08-19 03:08:24.111] [debug] [api] [api] event=did.callback status=started target=local screen=main
[2026-08-19 03:08:24.113] [info]  [app] event=app.startup status=success message="subscriptions registered"
[2026-08-19 03:08:24.116] [debug] [task] [task] event=scheduler.change status=success routine=FOAMER_RINSING intervalSec=6000 normalizedIntervalSec=6000
[2026-08-19 03:08:24.119] [debug] [task] [task] event=scheduler.change status=success routine=WARM_RINSING intervalSec=0 normalizedIntervalSec=0
[2026-08-19 03:08:24.122] [debug] [task] [task] event=scheduler.change status=success routine=MIXER_RINSING intervalSec=0 normalizedIntervalSec=0
[2026-08-19 03:08:24.124] [debug] [task] [task] event=scheduler.change status=success routine=ERROR_CHECK intervalSec=1800 normalizedIntervalSec=1800
[2026-08-19 03:08:24.126] [debug] [task] [task] event=scheduler.change status=success routine=ICE_MAKER intervalSec=1800 normalizedIntervalSec=1800
[2026-08-19 03:08:24.128] [debug] [task] [task] event=scheduler.change status=success routine=TEMP_CHECK intervalSec=600 normalizedIntervalSec=600
[2026-08-19 03:08:24.132] [debug] [app] event=scheduler.change status=success routine=license.verify intervalSec=86400
[2026-08-19 03:08:24.133] [info]  [app] event=app.startup status=success message="schedulers registered"
[2026-08-19 03:08:24.136] [info]  [HASTE Guard] enableHasteAgent is false (OFF). Skipping agent bot launch.
[2026-08-19 03:08:24.138] [info]  [app] event=license.verify status=success state=approved storeId=01012345678
[2026-08-19 03:08:24.162] [error] [serialport] [serialport] event=serialport.error status=failed reason=port_error boardName=board1 port=COM6 message="Opening COM6: File not found"
[2026-08-19 03:08:24.165] [error] [serialport] [serialport] event=serialport.error status=failed reason=port_error boardName=board2 port=COM7 message="Opening COM7: File not found"
[2026-08-19 03:08:24.167] [error] [serialport] [serialport] event=serialport.error status=failed reason=port_error boardName=board1 port=COM6 message="Opening COM6: File not found"
[2026-08-19 03:08:24.169] [error] [serialport] [serialport] event=serialport.error status=failed reason=port_error boardName=board2 port=COM7 message="Opening COM7: File not found"
[2026-08-19 03:08:24.172] [debug] [api] [HASTE DevTools Sync] Current window DevTools opened state: false, Target state: false
[2026-08-19 03:08:29.085] [error] [coffee] [coffee] event=coffee.socket status=failed reason=open_timeout transport=ws machineName=WMF model=Lilly_(WMF) ip=192.168.10.99 port=25000
[2026-08-19 03:08:29.089] [error] [coffee] [coffee] event=coffee.socket status=failed reason=connect_failed transport=ws machineName=WMF model=Lilly_(WMF) ip=192.168.10.99 port=25000
[2026-08-19 03:08:45.198] [error] [coffee] [coffee] event=coffee.socket status=failed reason=ws_error machineName=WMF model=Lilly_(WMF) ip=192.168.10.99 port=25000 message="connect ETIMEDOUT 192.168.10.99:25000"
[2026-08-19 09:52:42.122] [info]  [HASTE DB Load] Loaded settings from SQLite database successfully. StoreName: "김포집", StoreNo: "01012345678", ThemeMode: "Light", isKioskDryRun: "false"
[2026-08-19 09:52:42.617] [info]  [app] event=app.startup status=started appVersion=3.1.0-r1 packaged=false
[2026-08-19 09:52:42.852] [info]  [app] event=app.window status=success
[2026-08-19 09:52:42.909] [info]  [app] event=app.tray status=success
[2026-08-19 09:52:42.911] [info]  [app] event=updater.check status=ignored reason=store_managed_distribution
[2026-08-19 09:52:42.915] [info]  [app] event=app.ipc status=success
[2026-08-19 09:52:42.918] [info]  [app] event=task.start status=success
[2026-08-19 09:52:42.919] [debug] [api] [api] event=settings.change status=success port=8080 posStoreNo=01012345678 deviceModelId=D0000
[2026-08-19 09:52:42.923] [info]  [api] [HASTE] Found SSL Certificates at: C:\Users\김성규\Desktop\HASTE-AI\src\cafehaste-client\src\lilly-electron\resources
[2026-08-19 09:52:42.950] [info]  [api] [HASTE] Started HTTP Hono Server on port 8080 (Toss Place HTTP Mode).
[2026-08-19 09:52:42.965] [info]  [api] [HASTE] Started HTTPS Hono Server on port 8443 (Toss Kiosk Mode).
[2026-08-19 09:52:42.967] [debug] [api] [api] event=api.server status=success port=8080 host=0.0.0.0
[2026-08-19 09:52:42.968] [info]  [serialport] [serialport] event=serialport.connect status=started scope=all
[2026-08-19 09:52:42.973] [debug] [coffee] [coffee] event=settings.change status=success field=thirdpartyType value=Lilly_(WMF)
[2026-08-19 09:52:42.978] [debug] [coffee] [coffee] event=coffee.socket status=started transport=ws machineName=WMF model=Lilly_(WMF) ip=192.168.10.99 port=25000
[2026-08-19 09:52:42.990] [debug] [coffee] [coffee] event=temperature.change status=success
[2026-08-19 09:52:42.993] [debug] [api] [api] event=did.callback status=ignored reason=local_did_not_open screen=temperature
[2026-08-19 09:52:43.009] [info]  [HASTE DB Save] Settings category "inventory" has been updated and saved to SQLite successfully.
[2026-08-19 09:52:43.015] [info]  [HASTE DB Save] Settings category "inventory" has been updated and saved to SQLite successfully.
[2026-08-19 09:52:43.018] [info]  [serialport] [serialport] event=serialport.connect status=started scope=all
[2026-08-19 09:52:43.022] [info]  [HASTE DB Save] Settings category "inventory" has been updated and saved to SQLite successfully.
[2026-08-19 09:52:43.025] [info]  [HASTE DB Save] Settings category "inventory" has been updated and saved to SQLite successfully.
[2026-08-19 09:52:43.027] [debug] [api] [HASTE Theme Sync] Applied local UI theme: isDark=false
[2026-08-19 09:52:43.030] [debug] [api] [api] event=did.callback status=started target=local screen=main
[2026-08-19 09:52:43.038] [info]  [app] event=app.startup status=success message="subscriptions registered"
[2026-08-19 09:52:43.041] [debug] [task] [task] event=scheduler.change status=success routine=FOAMER_RINSING intervalSec=6000 normalizedIntervalSec=6000
[2026-08-19 09:52:43.049] [debug] [task] [task] event=scheduler.change status=success routine=WARM_RINSING intervalSec=0 normalizedIntervalSec=0
[2026-08-19 09:52:43.051] [debug] [task] [task] event=scheduler.change status=success routine=MIXER_RINSING intervalSec=0 normalizedIntervalSec=0
[2026-08-19 09:52:43.053] [debug] [task] [task] event=scheduler.change status=success routine=ERROR_CHECK intervalSec=1800 normalizedIntervalSec=1800
[2026-08-19 09:52:43.055] [debug] [task] [task] event=scheduler.change status=success routine=ICE_MAKER intervalSec=1800 normalizedIntervalSec=1800
[2026-08-19 09:52:43.057] [debug] [task] [task] event=scheduler.change status=success routine=TEMP_CHECK intervalSec=600 normalizedIntervalSec=600
[2026-08-19 09:52:43.060] [debug] [app] event=scheduler.change status=success routine=license.verify intervalSec=86400
[2026-08-19 09:52:43.061] [info]  [app] event=app.startup status=success message="schedulers registered"
[2026-08-19 09:52:43.071] [info]  [HASTE Guard] enableHasteAgent is false (OFF). Skipping agent bot launch.
[2026-08-19 09:52:43.073] [info]  [app] event=license.verify status=success state=approved storeId=01012345678
[2026-08-19 09:52:43.147] [error] [serialport] [serialport] event=serialport.error status=failed reason=port_error boardName=board1 port=COM6 message="Opening COM6: File not found"
[2026-08-19 09:52:43.151] [error] [serialport] [serialport] event=serialport.error status=failed reason=port_error boardName=board2 port=COM7 message="Opening COM7: File not found"
[2026-08-19 09:52:43.157] [error] [serialport] [serialport] event=serialport.error status=failed reason=port_error boardName=board1 port=COM6 message="Opening COM6: File not found"
[2026-08-19 09:52:43.161] [error] [serialport] [serialport] event=serialport.error status=failed reason=port_error boardName=board2 port=COM7 message="Opening COM7: File not found"
[2026-08-19 09:52:43.166] [debug] [api] [HASTE DevTools Sync] Current window DevTools opened state: false, Target state: false
[2026-08-19 09:52:48.008] [error] [coffee] [coffee] event=coffee.socket status=failed reason=open_timeout transport=ws machineName=WMF model=Lilly_(WMF) ip=192.168.10.99 port=25000
[2026-08-19 09:52:48.015] [error] [coffee] [coffee] event=coffee.socket status=failed reason=connect_failed transport=ws machineName=WMF model=Lilly_(WMF) ip=192.168.10.99 port=25000
[2026-08-19 09:52:57.182] [debug] [api] [HASTE Theme Sync] Applied local UI theme: isDark=false
[2026-08-19 09:52:57.187] [info]  [HASTE DB Save] Settings category "information" has been updated and saved to SQLite successfully.
[2026-08-19 09:52:57.243] [debug] [api] [HASTE DevTools Sync] Current window DevTools opened state: false, Target state: false
[2026-08-19 09:52:57.494] [info]  [HASTE DB Save] Settings category "information" has been updated and saved to SQLite successfully.
[2026-08-19 09:52:57.497] [info]  [HASTE DB Save] Settings category "information" has been updated and saved to SQLite successfully.
[2026-08-19 09:52:57.498] [info]  [HASTE DB Save] Settings category "information" has been updated and saved to SQLite successfully.