[2026-09-22 00:40:59.158] [info]  [TOSS RAW ORDER] orderId=757265038606914296, items=[{"name":"아메리카노","productNo":"GSI1002","options":[{"optionCode":"1759895","optionName":"ICE","price":0,"quantity":1}]}]
[2026-09-22 00:40:59.164] [info]  [TOSS ITEM RESOLVED] orderId=757265038606914296, item="아메리카노" (GSI1002) | rawOptions=[{"optionCode":"1759895","optionName":"ICE","price":0,"quantity":1}] ➔ resolved="ICE 아메리카노 (시그니처)" (GSI1002) steps={"step1":["CUP","ICE"],"step2":["COFFEE","60"],"step3":["ICE",5500],"step4":["COLD",110]}
[2026-09-22 00:41:43.942] [info]  [toss] event=order.completed status=success source=toss virtual=off mode=order orderId=757265038606914296 bill=757265038606914296 menuCount=1
[2026-09-22 04:20:49.164] [info]  [TOSS RAW ORDER] orderId=757320368447587999, items=[{"name":"아메리카노","productNo":"GSI1002","options":[{"optionCode":"1759895","optionName":"ICE","price":0,"quantity":1},{"optionCode":"1759903","optionName":"연하게","price":0,"quantity":1}]}]
[2026-09-22 04:20:49.169] [info]  [TOSS ITEM RESOLVED] orderId=757320368447587999, item="아메리카노" (GSI1002) | rawOptions=[{"optionCode":"1759895","optionName":"ICE","price":0,"quantity":1},{"optionCode":"1759903","optionName":"연하게","price":0,"quantity":1}] ➔ resolved="ICE 아메리카노 (시그니처) (연하게)" (GSI1001) steps={"step1":["CUP","ICE"],"step2":["COFFEE","30"],"step3":["ICE",5500],"step4":["COLD",140]}
[2026-09-22 04:22:21.454] [info]  [toss] event=order.completed status=success source=toss virtual=off mode=order orderId=757320368447587999 bill=757320368447587999 menuCount=1
[2026-09-22 07:25:54.161] [info]  [TOSS RAW ORDER] orderId=757366922273401241, items=[{"name":"아메리카노","productNo":"GSI1002","options":[{"optionCode":"1759894","optionName":"HOT","price":0,"quantity":1},{"optionCode":"1759906","optionName":"헤이즐넛","price":500,"quantity":1}]}]
[2026-09-22 07:25:54.166] [info]  [TOSS ITEM RESOLVED] orderId=757366922273401241, item="아메리카노" (GSI1002) | rawOptions=[{"optionCode":"1759894","optionName":"HOT","price":0,"quantity":1},{"optionCode":"1759906","optionName":"헤이즐넛","price":500,"quantity":1}] ➔ resolved="HOT 아메리카노 (시그니처) (헤이즐넛)" (GSH1010) steps={"step1":["CUP","HOT"],"step2":["COFFEE","60"],"step3":["HOT",252],"step4":["헤이즐넛","25"]}
[2026-09-22 07:27:26.248] [info]  [TOSS RAW ORDER] orderId=757367203853815900, items=[{"name":"아메리카노","productNo":"GSI1002","options":[{"optionCode":"1759894","optionName":"HOT","price":0,"quantity":1},{"optionCode":"1759906","optionName":"헤이즐넛","price":500,"quantity":1}]}]
[2026-09-22 07:27:26.255] [info]  [TOSS ITEM RESOLVED] orderId=757367203853815900, item="아메리카노" (GSI1002) | rawOptions=[{"optionCode":"1759894","optionName":"HOT","price":0,"quantity":1},{"optionCode":"1759906","optionName":"헤이즐넛","price":500,"quantity":1}] ➔ resolved="HOT 아메리카노 (시그니처) (헤이즐넛)" (GSH1010) steps={"step1":["CUP","HOT"],"step2":["COFFEE","60"],"step3":["HOT",252],"step4":["헤이즐넛","25"]}
[2026-09-22 07:28:17.153] [info]  [TOSS RAW ORDER] orderId=757367532251042403, items=[{"name":"아메리카노","productNo":"GSI1002","options":[{"optionCode":"1759894","optionName":"HOT","price":0,"quantity":1},{"optionCode":"1759906","optionName":"헤이즐넛","price":500,"quantity":1}]}]
[2026-09-22 07:28:17.157] [info]  [TOSS ITEM RESOLVED] orderId=757367532251042403, item="아메리카노" (GSI1002) | rawOptions=[{"optionCode":"1759894","optionName":"HOT","price":0,"quantity":1},{"optionCode":"1759906","optionName":"헤이즐넛","price":500,"quantity":1}] ➔ resolved="HOT 아메리카노 (시그니처) (헤이즐넛)" (GSH1010) steps={"step1":["CUP","HOT"],"step2":["COFFEE","60"],"step3":["HOT",252],"step4":["헤이즐넛","25"]}
[2026-09-22 07:28:56.810] [error] [toss] event=order.failed status=failed stage=HARDWARE source=toss virtual=off mode=order orderId=757366922273401241 bill=757366922273401241 menuCount=1 error=HW물리검증_실패:_Timeout_has_occurred
[2026-09-22 07:29:47.743] [info]  [toss] event=order.completed status=success source=toss virtual=off mode=order orderId=757367203853815900 bill=757367203853815900 menuCount=1
[2026-09-22 07:30:39.845] [info]  [toss] event=order.completed status=success source=toss virtual=off mode=order orderId=757367532251042403 bill=757367532251042403 menuCount=1
[2026-09-22 07:56:06.149] [info]  [TOSS RAW ORDER] orderId=757374555889894850, items=[{"name":"아메리카노","productNo":"16702755","options":[{"optionCode":"1759894","optionName":"HOT","price":0,"quantity":1}]}]
[2026-09-22 07:56:06.155] [info]  [TOSS ITEM RESOLVED] orderId=757374555889894850, item="아메리카노" (16702755) | rawOptions=[{"optionCode":"1759894","optionName":"HOT","price":0,"quantity":1}] ➔ resolved="HOT 아메리카노 (시그니처)" (GSH1002) steps={"step1":["CUP","HOT"],"step2":["COFFEE","60"],"step3":["HOT",277]}
[2026-09-22 07:56:49.386] [info]  [toss] event=order.completed status=success source=toss virtual=off mode=order orderId=757374555889894850 bill=757374555889894850 menuCount=1
[2026-09-22 10:39:39.491] [info]  [TOSS RAW ORDER] orderId=757415691614456865, items=[{"name":"아메리카노","productNo":"GSI1002","options":[{"optionCode":"1759895","optionName":"ICE","price":0,"quantity":1}]}]
[2026-09-22 10:39:39.499] [info]  [TOSS ITEM RESOLVED] orderId=757415691614456865, item="아메리카노" (GSI1002) | rawOptions=[{"optionCode":"1759895","optionName":"ICE","price":0,"quantity":1}] ➔ resolved="ICE 아메리카노 (시그니처)" (GSI1002) steps={"step1":["CUP","ICE"],"step2":["COFFEE","60"],"step3":["ICE",5500],"step4":["COLD",110]}
[2026-09-22 10:40:22.026] [info]  [toss] event=order.completed status=success source=toss virtual=off mode=order orderId=757415691614456865 bill=757415691614456865 menuCount=1
[2026-09-22 10:41:57.469] [info]  [TOSS RAW ORDER] orderId=757416262836731738, items=[{"name":"아메리카노","productNo":"GSI1002","options":[{"optionCode":"1759895","optionName":"ICE","price":0,"quantity":1}]}]
[2026-09-22 10:41:57.473] [info]  [TOSS ITEM RESOLVED] orderId=757416262836731738, item="아메리카노" (GSI1002) | rawOptions=[{"optionCode":"1759895","optionName":"ICE","price":0,"quantity":1}] ➔ resolved="ICE 아메리카노 (시그니처)" (GSI1002) steps={"step1":["CUP","ICE"],"step2":["COFFEE","60"],"step3":["ICE",5500],"step4":["COLD",110]}
[2026-09-22 10:43:30.322] [info]  [toss] event=order.completed status=success source=toss virtual=off mode=order orderId=757416262836731738 bill=757416262836731738 menuCount=2
[2026-09-22 11:06:36.503] [info]  [TOSS RAW ORDER] orderId=757422413594809929, items=[{"name":"아메리카노","productNo":"GSI1002","options":[{"optionCode":"1759895","optionName":"ICE","price":0,"quantity":1},{"optionCode":"1759903","optionName":"연하게","price":0,"quantity":1}]}]
[2026-09-22 11:06:36.509] [info]  [TOSS ITEM RESOLVED] orderId=757422413594809929, item="아메리카노" (GSI1002) | rawOptions=[{"optionCode":"1759895","optionName":"ICE","price":0,"quantity":1},{"optionCode":"1759903","optionName":"연하게","price":0,"quantity":1}] ➔ resolved="ICE 아메리카노 (시그니처) (연하게)" (GSI1001) steps={"step1":["CUP","ICE"],"step2":["COFFEE","30"],"step3":["ICE",5500],"step4":["COLD",140]}
[2026-09-22 11:07:50.138] [info]  [toss] event=order.completed status=success source=toss virtual=off mode=order orderId=757422413594809929 bill=757422413594809929 menuCount=1
[2026-09-22 11:40:44.592] [info]  [TOSS RAW ORDER] orderId=757431074010467032, items=[{"name":"아메리카노","productNo":"GSI1002","options":[{"optionCode":"1759895","optionName":"ICE","price":0,"quantity":1},{"optionCode":"1759903","optionName":"연하게","price":0,"quantity":1}]}]
[2026-09-22 11:40:44.596] [info]  [TOSS ITEM RESOLVED] orderId=757431074010467032, item="아메리카노" (GSI1002) | rawOptions=[{"optionCode":"1759895","optionName":"ICE","price":0,"quantity":1},{"optionCode":"1759903","optionName":"연하게","price":0,"quantity":1}] ➔ resolved="ICE 아메리카노 (시그니처) (연하게)" (GSI1001) steps={"step1":["CUP","ICE"],"step2":["COFFEE","30"],"step3":["ICE",5500],"step4":["COLD",140]}
[2026-09-22 11:41:19.108] [info]  [toss] event=order.completed status=success source=toss virtual=off mode=order orderId=757431074010467032 bill=757431074010467032 menuCount=1
[2026-09-22 11:49:06.473] [info]  [TOSS RAW ORDER] orderId=757433182029966608, items=[{"name":"바나나라떼","productNo":"GMI3010","options":[{"optionCode":"1759895","optionName":"ICE","price":0,"quantity":1}]}]
[2026-09-22 11:49:06.477] [info]  [TOSS ITEM RESOLVED] orderId=757433182029966608, item="바나나라떼" (GMI3010) | rawOptions=[{"optionCode":"1759895","optionName":"ICE","price":0,"quantity":1}] ➔ resolved="ICE 바나나라떼" (GMI3010) steps={"step1":["CUP","ICE"],"step2":["ICE",5300],"step3":["COLD_MILK",160],"step4":["바나나","60"]}
[2026-09-22 11:49:32.467] [info]  [toss] event=order.completed status=success source=toss virtual=off mode=order orderId=757433182029966608 bill=757433182029966608 menuCount=1
[2026-09-22 14:51:13.141] [info]  [TOSS RAW ORDER] orderId=757479010291460381, items=[{"name":"아메리카노","productNo":"GSI1002","options":[{"optionCode":"1759895","optionName":"ICE","price":0,"quantity":1}]}]
[2026-09-22 14:51:13.149] [info]  [TOSS ITEM RESOLVED] orderId=757479010291460381, item="아메리카노" (GSI1002) | rawOptions=[{"optionCode":"1759895","optionName":"ICE","price":0,"quantity":1}] ➔ resolved="ICE 아메리카노 (시그니처)" (GSI1002) steps={"step1":["CUP","ICE"],"step2":["COFFEE","60"],"step3":["ICE",5500],"step4":["COLD",110]}
[2026-09-22 14:52:02.604] [info]  [toss] event=order.completed status=success source=toss virtual=off mode=order orderId=757479010291460381 bill=757479010291460381 menuCount=1
[2026-09-22 14:52:57.112] [info]  [TOSS RAW ORDER] orderId=757479455563043792, items=[{"name":"카페모카","productNo":"GDI2006","options":[{"optionCode":"1759894","optionName":"HOT","price":0,"quantity":1}]}]
[2026-09-22 14:52:57.117] [info]  [TOSS ITEM RESOLVED] orderId=757479455563043792, item="카페모카" (GDI2006) | rawOptions=[{"optionCode":"1759894","optionName":"HOT","price":0,"quantity":1}] ➔ resolved="HOT 카페모카 (딥리치)" (GDH2006) steps={"step1":["CUP","HOT"],"step2":["COFFEE",60],"step3":["HOT_MILK",200],"step4":["초코",50]}
[2026-09-22 14:54:01.558] [info]  [toss] event=order.completed status=success source=toss virtual=off mode=order orderId=757479455563043792 bill=757479455563043792 menuCount=1
[2026-09-22 15:51:01.125] [info]  [TOSS RAW ORDER] orderId=757494035496421672, items=[{"name":"복숭아에이드","productNo":"GAI4013","options":[]}]
[2026-09-22 15:51:01.131] [info]  [TOSS ITEM RESOLVED] orderId=757494035496421672, item="복숭아에이드" (GAI4013) | rawOptions=[] ➔ resolved="ICE 복숭아에이드" (GAI4013) steps={"step1":["CUP","ICE"],"step2":["ICE",5000],"step3":["SPARKLE",160],"step4":["복숭아",40]}
[2026-09-22 15:51:18.290] [info]  [toss] event=order.completed status=success source=toss virtual=off mode=order orderId=757494035496421672 bill=757494035496421672 menuCount=1
[2026-09-22 16:11:55.665] [info]  [TOSS RAW ORDER] orderId=757499331056888699, items=[{"name":"카페라떼","productNo":"GSI2001","options":[{"optionCode":"1759894","optionName":"HOT","price":0,"quantity":1}]}]
[2026-09-22 16:11:55.669] [info]  [TOSS ITEM RESOLVED] orderId=757499331056888699, item="카페라떼" (GSI2001) | rawOptions=[{"optionCode":"1759894","optionName":"HOT","price":0,"quantity":1}] ➔ resolved="HOT 카페라떼 (시그니처)" (GSH2001) steps={"step1":["CUP","HOT"],"step2":["COFFEE","60"],"step3":["HOT_MILK",240]}
[2026-09-22 16:13:07.760] [info]  [toss] event=order.completed status=success source=toss virtual=off mode=order orderId=757499331056888699 bill=757499331056888699 menuCount=1
[2026-09-22 16:15:54.177] [info]  [TOSS RAW ORDER] orderId=757500328160386363, items=[{"name":"(스페셜티) 카페라떼","productNo":"16707903","options":[{"optionCode":"1759895","optionName":"ICE","price":0,"quantity":1}]}]
[2026-09-22 16:15:54.185] [info]  [TOSS ITEM RESOLVED] orderId=757500328160386363, item="(스페셜티) 카페라떼" (16707903) | rawOptions=[{"optionCode":"1759895","optionName":"ICE","price":0,"quantity":1}] ➔ resolved="ICE 카페라떼 (스페셜티)" (GPI2001) steps={"step1":["CUP","ICE"],"step2":["COFFEE","61"],"step3":["ICE",5300],"step4":["COLD_MILK",140]}
[2026-09-22 16:16:51.171] [info]  [toss] event=order.completed status=success source=toss virtual=off mode=order orderId=757500328160386363 bill=757500328160386363 menuCount=1