[2026-09-12 00:09:01.956] [info]  [TOSS RAW ORDER] orderId=753633030923645893, items=[{"name":"아메리카노","productNo":"17033250","options":[{"optionCode":"1794776","optionName":"ICE","price":0,"quantity":1}]},{"name":"자몽에이드","productNo":"17033338","options":[]},{"name":"초코헤이즐넛라떼","productNo":"17033306","options":[{"optionCode":"1794776","optionName":"ICE","price":0,"quantity":1}]}]
[2026-09-12 00:09:01.962] [info]  [TOSS ITEM RESOLVED] orderId=753633030923645893, item="아메리카노" (17033250) | rawOptions=[{"optionCode":"1794776","optionName":"ICE","price":0,"quantity":1}] ➔ resolved="ICE 아메리카노 (시그니처)" (GSI1002) steps={"step1":["CUP","ICE"],"step2":["COFFEE",60],"step3":["ICE","5000"],"step4":["COLD","120"]}
[2026-09-12 00:09:01.968] [info]  [TOSS ITEM RESOLVED] orderId=753633030923645893, item="자몽에이드" (17033338) | rawOptions=[] ➔ resolved="ICE 자몽에이드" (GAI4004) steps={"step1":["CUP","ICE"],"step2":["ICE","5000"],"step3":["SPARKLE","160"],"step4":["자몽","50"]}
[2026-09-12 00:09:01.973] [info]  [TOSS ITEM RESOLVED] orderId=753633030923645893, item="초코헤이즐넛라떼" (17033306) | rawOptions=[{"optionCode":"1794776","optionName":"ICE","price":0,"quantity":1}] ➔ resolved="ICE 초코라떼 (헤이즐넛)" (GMI3031) steps={"step1":["CUP","ICE"],"step2":["ICE","5000"],"step3":["COLD_MILK","160"],"step4":["초코","60"],"step5":["헤이즐넛","15"]}
[2026-09-12 00:11:27.407] [info]  [toss] event=order.completed status=success source=toss virtual=off mode=order orderId=753633030923645893 bill=753633030923645893 menuCount=3
[2026-09-12 01:30:35.423] [info]  [TOSS RAW ORDER] orderId=753653736155681987, items=[{"name":"아샷추","productNo":"17033252","options":[]}]
[2026-09-12 01:30:35.428] [info]  [TOSS ITEM RESOLVED] orderId=753653736155681987, item="아샷추" (17033252) | rawOptions=[] ➔ resolved="ICE 아샷추 (시그니처)" (GSI1003) steps={"step1":["CUP","ICE"],"step2":["COFFEE",30],"step3":["ICE","5000"],"step4":["COLD","105"],"step5":["복숭아","45"]}
[2026-09-12 01:31:22.924] [info]  [toss] event=order.completed status=success source=toss virtual=off mode=order orderId=753653736155681987 bill=753653736155681987 menuCount=1
[2026-09-12 01:32:24.423] [info]  [TOSS RAW ORDER] orderId=753654252877156949, items=[{"name":"아샷추(스페셜티)","productNo":"17033253","options":[]}]
[2026-09-12 01:32:24.427] [info]  [TOSS ITEM RESOLVED] orderId=753654252877156949, item="아샷추(스페셜티)" (17033253) | rawOptions=[] ➔ resolved="ICE 아샷추 (스페셜티)" (GPI1003) steps={"step1":["CUP","ICE"],"step2":["COFFEE",31],"step3":["ICE","5000"],"step4":["COLD","105"],"step5":["복숭아","45"]}
[2026-09-12 01:33:10.667] [info]  [toss] event=order.completed status=success source=toss virtual=off mode=order orderId=753654252877156949 bill=753654252877156949 menuCount=1
[2026-09-12 03:53:59.445] [info]  [TOSS RAW ORDER] orderId=753689872571849193, items=[{"name":"아메리카노","productNo":"17033250","options":[{"optionCode":"1794775","optionName":"HOT","price":0,"quantity":1}]}]
[2026-09-12 03:53:59.452] [info]  [TOSS ITEM RESOLVED] orderId=753689872571849193, item="아메리카노" (17033250) | rawOptions=[{"optionCode":"1794775","optionName":"HOT","price":0,"quantity":1}] ➔ resolved="HOT 아메리카노 (시그니처)" (GSH1002) steps={"step1":["CUP","HOT"],"step2":["COFFEE","60"],"step3":["HOT","240"],"options":[{"name":"아이스","code":"IC","group":"온도","price":0}]}
[2026-09-12 03:54:44.128] [info]  [toss] event=order.completed status=success source=toss virtual=off mode=order orderId=753689872571849193 bill=753689872571849193 menuCount=1
[2026-09-12 04:19:41.440] [info]  [TOSS RAW ORDER] orderId=753696292193203563, items=[{"name":"아메리카노","productNo":"17033250","options":[{"optionCode":"1794776","optionName":"ICE","price":0,"quantity":1}]}]
[2026-09-12 04:19:41.445] [info]  [TOSS ITEM RESOLVED] orderId=753696292193203563, item="아메리카노" (17033250) | rawOptions=[{"optionCode":"1794776","optionName":"ICE","price":0,"quantity":1}] ➔ resolved="ICE 아메리카노 (시그니처)" (GSI1002) steps={"step1":["CUP","ICE"],"step2":["COFFEE",60],"step3":["ICE","5000"],"step4":["COLD","120"]}
[2026-09-12 04:20:36.227] [info]  [toss] event=order.completed status=success source=toss virtual=off mode=order orderId=753696292193203563 bill=753696292193203563 menuCount=1
[2026-09-12 04:24:54.441] [info]  [TOSS RAW ORDER] orderId=753697589940222617, items=[{"name":"딸기초코라떼","productNo":"17033309","options":[{"optionCode":"1794776","optionName":"ICE","price":0,"quantity":1}]}]
[2026-09-12 04:24:54.446] [info]  [TOSS ITEM RESOLVED] orderId=753697589940222617, item="딸기초코라떼" (17033309) | rawOptions=[{"optionCode":"1794776","optionName":"ICE","price":0,"quantity":1}] ➔ resolved="ICE 딸기라떼 (초코)" (GMI3002) steps={"step1":["CUP","ICE"],"step2":["ICE","5000"],"step3":["COLD_MILK","160"],"step4":["딸기","50"],"step5":["초코","25"]}
[2026-09-12 04:26:09.649] [error] [toss] event=order.failed status=failed stage=HARDWARE source=toss virtual=off mode=order orderId=753697589940222617 bill=753697589940222617 menuCount=1 error=HW물리검증_실패:_[753697589940222617]_[ICE_딸기라떼_(초코)]_주문스텝4_실패