[2026-08-15 17:12:03.107] [info]  [HASTE Garbage Collector] Successfully removed legacy trash file: haste_injected_config_raw.json
[2026-08-15 17:12:03.111] [info]  [HASTE Garbage Collector] Successfully removed legacy trash file: haste_injected_config_raw.json.bak
[2026-08-15 17:12:03.214] [info]  [HASTE DB Schema] Successfully alter-added toss_store_no column to LICENSE table!
[2026-08-15 17:12:03.219] [info]  [HASTE DB Migration] Successfully added is_option column to menu_item table!
[2026-08-15 17:12:03.248] [info]  [HASTE DB Load] Loaded settings from SQLite database successfully. StoreName: "미인증", StoreNo: "unknown", ThemeMode: "Light", KioskType: "SAMSUNG", isKioskDryRun: "false"
[2026-08-15 17:12:03.714] [info]  [HASTE DB Security] Databases locked dynamically on disk after mount.
[2026-08-15 17:12:03.760] [info]  [app] event=app.startup status=started appVersion=3.1.0-t5 packaged=true
[2026-08-15 17:12:04.511] [info]  [app] event=app.window status=success
[2026-08-15 17:12:04.533] [info]  [app] event=app.tray status=success
[2026-08-15 17:12:04.533] [info]  [app] event=updater.check status=ignored reason=store_managed_distribution
[2026-08-15 17:12:04.537] [info]  [app] event=app.ipc status=success
[2026-08-15 17:12:04.785] [info]  [app] event=task.start status=success
[2026-08-15 17:12:04.790] [debug] [api] [api] event=settings.change status=success port=8080 deviceModelId=D0000
[2026-08-15 17:12:04.795] [info]  [api] [HASTE] Found SSL Certificates at: C:\Users\CoffeeVanada\AppData\Local\Programs\haste-client\resources\resources
[2026-08-15 17:12:04.842] [info]  [api] [HASTE Dual Listener] Started HTTPS Hono Server on port 8443 (Toss POS & Kiosk ready).
[2026-08-15 17:12:04.845] [info]  [api] [HASTE Dual Listener] Started HTTP Hono Server on port 8080 (Samsung Kiosk ready).
[2026-08-15 17:12:04.846] [debug] [api] [api] event=api.server status=success port=8080 host=0.0.0.0
[2026-08-15 17:12:04.848] [info]  [serialport] [serialport] event=serialport.connect status=started scope=all
[2026-08-15 17:12:04.850] [debug] [coffee] [coffee] event=settings.change status=success field=thirdpartyType value=wmf_machine
[2026-08-15 17:12:04.852] [debug] [coffee] [coffee] event=coffee.socket status=started transport=ws machineName=WMF model=wmf_machine ip=192.168.10.138 port=25000
[2026-08-15 17:12:04.861] [debug] [coffee] [coffee] event=temperature.change status=success
[2026-08-15 17:12:04.862] [debug] [api] [api] event=did.callback status=ignored reason=local_did_not_open screen=temperature
[2026-08-15 17:12:04.866] [info]  [HASTE DB Save] Settings category "inventory" has been updated and saved to SQLite successfully.
[2026-08-15 17:12:04.868] [info]  [HASTE DB Save] Settings category "inventory" has been updated and saved to SQLite successfully.
[2026-08-15 17:12:04.869] [info]  [serialport] [serialport] event=serialport.connect status=started scope=all
[2026-08-15 17:12:04.872] [info]  [HASTE DB Save] Settings category "inventory" has been updated and saved to SQLite successfully.
[2026-08-15 17:12:04.875] [info]  [HASTE DB Save] Settings category "inventory" has been updated and saved to SQLite successfully.
[2026-08-15 17:12:04.877] [debug] [api] [HASTE Theme Sync] Applied local UI theme: isDark=false
[2026-08-15 17:12:04.878] [info]  [HASTE Switch] Haste Agent Bot disabled. Suspending bridge process...
[2026-08-15 17:12:04.879] [debug] [api] [api] event=did.callback status=started target=local screen=/ reason=local_api_down
[2026-08-15 17:12:04.881] [info]  [app] event=app.startup status=success message="subscriptions registered"
[2026-08-15 17:12:04.903] [error] [app] event=main_process.error status=failed reason=startup_failed stack=ReferenceError:_formatOperationalLog_is_not_defined_at_schedulerElectronLicenseVerification_(C:\Users\CoffeeVanada\AppData\Local\Programs\haste-client\resources\app.asar\out\main\index.js:24440:12)_at_C:\Users\CoffeeVanada\AppData\Local\Programs\haste-client\resources\app.asar\out\main\index.js:24880:5 message="formatOperationalLog is not defined"
[2026-08-15 17:12:04.920] [error] [serialport] [serialport] event=serialport.error status=failed reason=port_error boardName=board1 port=COM3 message="Opening COM3: Access denied"
[2026-08-15 17:12:04.922] [error] [app] event=main_process.error status=failed reason=uncaught_exception stack=ReferenceError:_formatOperationalLog_is_not_defined_at_logScheduleChange_(C:\Users\CoffeeVanada\AppData\Local\Programs\haste-client\resources\app.asar\out\main\index.js:24326:11)_at_normalizeMaintenanceIntervalSec_(C:\Users\CoffeeVanada\AppData\Local\Programs\haste-client\resources\app.asar\out\main\index.js:24353:3)_at_C:\Users\CoffeeVanada\AppData\Local\Programs\haste-client\resources\app.asar\out\main\index.js:24361:37_at_C:\Users\CoffeeVanada\AppData\Local\Programs\haste-client\resources\app.asar\node_modules\rxjs\dist\cjs\internal\operators\switchMap.js:17:35_at_Operat... message="formatOperationalLog is not defined"
[2026-08-15 17:12:04.923] [error] [app] event=main_process.error status=failed reason=uncaught_exception stack=ReferenceError:_formatOperationalLog_is_not_defined_at_logScheduleChange_(C:\Users\CoffeeVanada\AppData\Local\Programs\haste-client\resources\app.asar\out\main\index.js:24326:11)_at_normalizeMaintenanceIntervalSec_(C:\Users\CoffeeVanada\AppData\Local\Programs\haste-client\resources\app.asar\out\main\index.js:24341:5)_at_C:\Users\CoffeeVanada\AppData\Local\Programs\haste-client\resources\app.asar\out\main\index.js:24361:37_at_C:\Users\CoffeeVanada\AppData\Local\Programs\haste-client\resources\app.asar\node_modules\rxjs\dist\cjs\internal\operators\switchMap.js:17:35_at_Operat... message="formatOperationalLog is not defined"
[2026-08-15 17:12:04.924] [error] [app] event=main_process.error status=failed reason=uncaught_exception stack=ReferenceError:_formatOperationalLog_is_not_defined_at_logScheduleChange_(C:\Users\CoffeeVanada\AppData\Local\Programs\haste-client\resources\app.asar\out\main\index.js:24326:11)_at_normalizeMaintenanceIntervalSec_(C:\Users\CoffeeVanada\AppData\Local\Programs\haste-client\resources\app.asar\out\main\index.js:24341:5)_at_C:\Users\CoffeeVanada\AppData\Local\Programs\haste-client\resources\app.asar\out\main\index.js:24361:37_at_C:\Users\CoffeeVanada\AppData\Local\Programs\haste-client\resources\app.asar\node_modules\rxjs\dist\cjs\internal\operators\switchMap.js:17:35_at_Operat... message="formatOperationalLog is not defined"
[2026-08-15 17:12:04.924] [error] [app] event=main_process.error status=failed reason=uncaught_exception stack=ReferenceError:_formatOperationalLog_is_not_defined_at_logScheduleChange_(C:\Users\CoffeeVanada\AppData\Local\Programs\haste-client\resources\app.asar\out\main\index.js:24326:11)_at_normalizeMaintenanceIntervalSec_(C:\Users\CoffeeVanada\AppData\Local\Programs\haste-client\resources\app.asar\out\main\index.js:24353:3)_at_C:\Users\CoffeeVanada\AppData\Local\Programs\haste-client\resources\app.asar\out\main\index.js:24361:37_at_C:\Users\CoffeeVanada\AppData\Local\Programs\haste-client\resources\app.asar\node_modules\rxjs\dist\cjs\internal\operators\switchMap.js:17:35_at_Operat... message="formatOperationalLog is not defined"
[2026-08-15 17:12:04.924] [error] [app] event=main_process.error status=failed reason=uncaught_exception stack=ReferenceError:_formatOperationalLog_is_not_defined_at_logScheduleChange_(C:\Users\CoffeeVanada\AppData\Local\Programs\haste-client\resources\app.asar\out\main\index.js:24326:11)_at_normalizeMaintenanceIntervalSec_(C:\Users\CoffeeVanada\AppData\Local\Programs\haste-client\resources\app.asar\out\main\index.js:24353:3)_at_C:\Users\CoffeeVanada\AppData\Local\Programs\haste-client\resources\app.asar\out\main\index.js:24426:37_at_C:\Users\CoffeeVanada\AppData\Local\Programs\haste-client\resources\app.asar\node_modules\rxjs\dist\cjs\internal\operators\switchMap.js:17:35_at_Operat... message="formatOperationalLog is not defined"
[2026-08-15 17:12:04.925] [error] [app] event=main_process.error status=failed reason=uncaught_exception stack=ReferenceError:_formatOperationalLog_is_not_defined_at_logScheduleChange_(C:\Users\CoffeeVanada\AppData\Local\Programs\haste-client\resources\app.asar\out\main\index.js:24326:11)_at_normalizeMaintenanceIntervalSec_(C:\Users\CoffeeVanada\AppData\Local\Programs\haste-client\resources\app.asar\out\main\index.js:24353:3)_at_C:\Users\CoffeeVanada\AppData\Local\Programs\haste-client\resources\app.asar\out\main\index.js:24361:37_at_C:\Users\CoffeeVanada\AppData\Local\Programs\haste-client\resources\app.asar\node_modules\rxjs\dist\cjs\internal\operators\switchMap.js:17:35_at_Operat... message="formatOperationalLog is not defined"
[2026-08-15 17:12:05.020] [debug] [serialport] [serialport] event=serialport.connect status=success boardName=board1 port=COM3
[2026-08-15 17:12:05.022] [debug] [api] [HASTE DevTools Sync] Current window DevTools opened state: false, Target state: false
[2026-08-15 17:12:05.238] [debug] [serialport] [serialport] event=serialport.packet status=success boardName=board1 length=24 message="bytearray(b'\\x020A1DCP0201A00101A10344\\x03')"
[2026-08-15 17:12:06.413] [info]  [HASTE Menu DB Init] haste_menu.db established successfully.
[2026-08-15 17:12:06.510] [info]  [HASTE DB Security] Locked on disk: haste_menu.db
[2026-08-15 17:12:06.855] [debug] [api] [api] event=settings.change status=success port=8080 posStoreNo=075575 deviceModelId=D0000
[2026-08-15 17:12:06.857] [debug] [api] [HASTE Theme Sync] Applied local UI theme: isDark=false
[2026-08-15 17:12:06.859] [info]  [HASTE DB Save] Settings category "information" has been updated and saved to SQLite successfully.
[2026-08-15 17:12:06.860] [info]  [app] event=license.verify status=success state=approved storeId=075575
[2026-08-15 17:12:06.912] [debug] [api] [HASTE DevTools Sync] Current window DevTools opened state: false, Target state: false
[2026-08-15 17:12:09.866] [error] [coffee] [coffee] event=coffee.socket status=failed reason=open_timeout transport=ws machineName=WMF model=wmf_machine ip=192.168.10.138 port=25000
[2026-08-15 17:12:09.868] [error] [coffee] [coffee] event=coffee.socket status=failed reason=connect_failed transport=ws machineName=WMF model=wmf_machine ip=192.168.10.138 port=25000
[2026-08-15 17:12:26.032] [error] [coffee] [coffee] event=coffee.socket status=failed reason=ws_error machineName=WMF model=wmf_machine ip=192.168.10.138 port=25000 message="connect ETIMEDOUT 192.168.10.138:25000"
[2026-08-15 17:12:27.461] [info]  [HASTE DB Security] Databases closed and locked successfully on exit.
[2026-08-15 17:12:27.462] [info]  [HASTE Shutdown] Releasing all serial ports...
[2026-08-15 17:12:27.463] [info]  [app] event=app.shutdown status=started
[2026-08-15 17:12:31.987] [info]  [HASTE DB Load] Loaded settings from SQLite database successfully. StoreName: "김포운양역점", StoreNo: "303735353735", ThemeMode: "Light", KioskType: "SAMSUNG", isKioskDryRun: "false"
[2026-08-15 17:12:32.300] [info]  [HASTE DB Security] Databases locked dynamically on disk after mount.
[2026-08-15 17:12:32.306] [info]  [app] event=app.startup status=started appVersion=3.1.0-t5 packaged=true
[2026-08-15 17:12:32.413] [info]  [app] event=app.window status=success
[2026-08-15 17:12:32.428] [info]  [app] event=app.tray status=success
[2026-08-15 17:12:32.429] [info]  [app] event=updater.check status=ignored reason=store_managed_distribution
[2026-08-15 17:12:32.433] [info]  [app] event=app.ipc status=success
[2026-08-15 17:12:32.435] [info]  [app] event=task.start status=success
[2026-08-15 17:12:32.437] [debug] [api] [api] event=settings.change status=success port=8080 posStoreNo=075575 deviceModelId=D0000
[2026-08-15 17:12:32.441] [info]  [api] [HASTE] Found SSL Certificates at: C:\Users\CoffeeVanada\AppData\Local\Programs\haste-client\resources\resources
[2026-08-15 17:12:32.452] [info]  [api] [HASTE Dual Listener] Started HTTPS Hono Server on port 8443 (Toss POS & Kiosk ready).
[2026-08-15 17:12:32.454] [info]  [api] [HASTE Dual Listener] Started HTTP Hono Server on port 8080 (Samsung Kiosk ready).
[2026-08-15 17:12:32.456] [debug] [api] [api] event=api.server status=success port=8080 host=0.0.0.0
[2026-08-15 17:12:32.457] [info]  [serialport] [serialport] event=serialport.connect status=started scope=all
[2026-08-15 17:12:32.459] [debug] [coffee] [coffee] event=settings.change status=success field=thirdpartyType value=wmf_machine
[2026-08-15 17:12:32.461] [debug] [coffee] [coffee] event=coffee.socket status=started transport=ws machineName=WMF model=wmf_machine ip=192.168.10.138 port=25000
[2026-08-15 17:12:32.467] [debug] [coffee] [coffee] event=temperature.change status=success
[2026-08-15 17:12:32.469] [debug] [api] [api] event=did.callback status=ignored reason=local_did_not_open screen=temperature
[2026-08-15 17:12:32.473] [info]  [HASTE DB Save] Settings category "inventory" has been updated and saved to SQLite successfully.
[2026-08-15 17:12:32.475] [info]  [HASTE DB Save] Settings category "inventory" has been updated and saved to SQLite successfully.
[2026-08-15 17:12:32.476] [info]  [serialport] [serialport] event=serialport.connect status=started scope=all
[2026-08-15 17:12:32.478] [info]  [HASTE DB Save] Settings category "inventory" has been updated and saved to SQLite successfully.
[2026-08-15 17:12:32.480] [info]  [HASTE DB Save] Settings category "inventory" has been updated and saved to SQLite successfully.
[2026-08-15 17:12:32.482] [debug] [api] [HASTE Theme Sync] Applied local UI theme: isDark=false
[2026-08-15 17:12:32.483] [info]  [HASTE Switch] Haste Agent Bot disabled. Suspending bridge process...
[2026-08-15 17:12:32.484] [debug] [api] [api] event=did.callback status=started target=local screen=/ reason=local_api_down
[2026-08-15 17:12:32.486] [info]  [app] event=app.startup status=success message="subscriptions registered"
[2026-08-15 17:12:32.488] [info]  [app] event=license.verify status=success state=approved storeId=075575
[2026-08-15 17:12:32.495] [error] [app] event=main_process.error status=failed reason=startup_failed stack=ReferenceError:_formatOperationalLog_is_not_defined_at_schedulerElectronLicenseVerification_(C:\Users\CoffeeVanada\AppData\Local\Programs\haste-client\resources\app.asar\out\main\index.js:24440:12)_at_C:\Users\CoffeeVanada\AppData\Local\Programs\haste-client\resources\app.asar\out\main\index.js:24880:5 message="formatOperationalLog is not defined"
[2026-08-15 17:12:32.520] [error] [serialport] [serialport] event=serialport.error status=failed reason=port_error boardName=board1 port=COM3 message="Opening COM3: Access denied"
[2026-08-15 17:12:32.522] [error] [app] event=main_process.error status=failed reason=uncaught_exception stack=ReferenceError:_formatOperationalLog_is_not_defined_at_logScheduleChange_(C:\Users\CoffeeVanada\AppData\Local\Programs\haste-client\resources\app.asar\out\main\index.js:24326:11)_at_normalizeMaintenanceIntervalSec_(C:\Users\CoffeeVanada\AppData\Local\Programs\haste-client\resources\app.asar\out\main\index.js:24353:3)_at_C:\Users\CoffeeVanada\AppData\Local\Programs\haste-client\resources\app.asar\out\main\index.js:24361:37_at_C:\Users\CoffeeVanada\AppData\Local\Programs\haste-client\resources\app.asar\node_modules\rxjs\dist\cjs\internal\operators\switchMap.js:17:35_at_Operat... message="formatOperationalLog is not defined"
[2026-08-15 17:12:32.522] [error] [app] event=main_process.error status=failed reason=uncaught_exception stack=ReferenceError:_formatOperationalLog_is_not_defined_at_logScheduleChange_(C:\Users\CoffeeVanada\AppData\Local\Programs\haste-client\resources\app.asar\out\main\index.js:24326:11)_at_normalizeMaintenanceIntervalSec_(C:\Users\CoffeeVanada\AppData\Local\Programs\haste-client\resources\app.asar\out\main\index.js:24341:5)_at_C:\Users\CoffeeVanada\AppData\Local\Programs\haste-client\resources\app.asar\out\main\index.js:24361:37_at_C:\Users\CoffeeVanada\AppData\Local\Programs\haste-client\resources\app.asar\node_modules\rxjs\dist\cjs\internal\operators\switchMap.js:17:35_at_Operat... message="formatOperationalLog is not defined"
[2026-08-15 17:12:32.523] [error] [app] event=main_process.error status=failed reason=uncaught_exception stack=ReferenceError:_formatOperationalLog_is_not_defined_at_logScheduleChange_(C:\Users\CoffeeVanada\AppData\Local\Programs\haste-client\resources\app.asar\out\main\index.js:24326:11)_at_normalizeMaintenanceIntervalSec_(C:\Users\CoffeeVanada\AppData\Local\Programs\haste-client\resources\app.asar\out\main\index.js:24341:5)_at_C:\Users\CoffeeVanada\AppData\Local\Programs\haste-client\resources\app.asar\out\main\index.js:24361:37_at_C:\Users\CoffeeVanada\AppData\Local\Programs\haste-client\resources\app.asar\node_modules\rxjs\dist\cjs\internal\operators\switchMap.js:17:35_at_Operat... message="formatOperationalLog is not defined"
[2026-08-15 17:12:32.524] [error] [app] event=main_process.error status=failed reason=uncaught_exception stack=ReferenceError:_formatOperationalLog_is_not_defined_at_logScheduleChange_(C:\Users\CoffeeVanada\AppData\Local\Programs\haste-client\resources\app.asar\out\main\index.js:24326:11)_at_normalizeMaintenanceIntervalSec_(C:\Users\CoffeeVanada\AppData\Local\Programs\haste-client\resources\app.asar\out\main\index.js:24353:3)_at_C:\Users\CoffeeVanada\AppData\Local\Programs\haste-client\resources\app.asar\out\main\index.js:24361:37_at_C:\Users\CoffeeVanada\AppData\Local\Programs\haste-client\resources\app.asar\node_modules\rxjs\dist\cjs\internal\operators\switchMap.js:17:35_at_Operat... message="formatOperationalLog is not defined"
[2026-08-15 17:12:32.524] [error] [app] event=main_process.error status=failed reason=uncaught_exception stack=ReferenceError:_formatOperationalLog_is_not_defined_at_logScheduleChange_(C:\Users\CoffeeVanada\AppData\Local\Programs\haste-client\resources\app.asar\out\main\index.js:24326:11)_at_normalizeMaintenanceIntervalSec_(C:\Users\CoffeeVanada\AppData\Local\Programs\haste-client\resources\app.asar\out\main\index.js:24353:3)_at_C:\Users\CoffeeVanada\AppData\Local\Programs\haste-client\resources\app.asar\out\main\index.js:24426:37_at_C:\Users\CoffeeVanada\AppData\Local\Programs\haste-client\resources\app.asar\node_modules\rxjs\dist\cjs\internal\operators\switchMap.js:17:35_at_Operat... message="formatOperationalLog is not defined"
[2026-08-15 17:12:32.525] [error] [app] event=main_process.error status=failed reason=uncaught_exception stack=ReferenceError:_formatOperationalLog_is_not_defined_at_logScheduleChange_(C:\Users\CoffeeVanada\AppData\Local\Programs\haste-client\resources\app.asar\out\main\index.js:24326:11)_at_normalizeMaintenanceIntervalSec_(C:\Users\CoffeeVanada\AppData\Local\Programs\haste-client\resources\app.asar\out\main\index.js:24353:3)_at_C:\Users\CoffeeVanada\AppData\Local\Programs\haste-client\resources\app.asar\out\main\index.js:24361:37_at_C:\Users\CoffeeVanada\AppData\Local\Programs\haste-client\resources\app.asar\node_modules\rxjs\dist\cjs\internal\operators\switchMap.js:17:35_at_Operat... message="formatOperationalLog is not defined"
[2026-08-15 17:12:32.547] [debug] [api] [HASTE DevTools Sync] Current window DevTools opened state: false, Target state: false