[2026-08-10 21:01:48.733] [info]  Targeting endpoint: https://cloud.cafehaste.com
[2026-08-10 21:01:48.765] [info] [HASTE Agent] [HASTE Agent Server] Hono Gateway running on Port 8082 (Relaying to Port 8080)
[2026-08-10 21:01:48.766] [info] [HASTE Agent] Stealth Standby mode active. Waiting for remote connection requests...
[2026-08-10 21:01:48.767] [info] [HASTE Agent] [HEALTH] [RUN] (dorang) : Checking Lilly Engine API (Attempt: 1/5)
[2026-08-10 21:01:48.768] [info] [HASTE Agent] [HASTE] [Step 0: HEALTH] [INFO] Starting diagnostics for local hardware and internet connectivity...
[2026-08-10 21:01:48.768] [info]  [HASTE Agent Server] Hono Gateway running on Port 8082 (Relaying to Port 8080)
[2026-08-10 21:01:48.774] [info]  [2026-08-10 21:01:48.766] [info] [HASTE Agent] Stealth Standby mode active. Waiting for remote connection requests...
[2026-08-10 21:01:48.776] [info]  [2026-08-10 21:01:48.767] [info] [HASTE Agent] [HEALTH] [RUN] (dorang) : Checking Lilly Engine API (Attempt: 1/5)
[2026-08-10 21:01:48.778] [info]  [HASTE] [Step 0: HEALTH] [INFO] Starting diagnostics for local hardware and internet connectivity...
[2026-08-10 21:01:49.073] [info] [HASTE Agent] [GATEWAY] [RUN] (dorang) : Waiting for Client API (Port 8080)
[2026-08-10 21:01:49.073] [info]  [2026-08-10 21:01:49.073] [info] [HASTE Agent] [GATEWAY] [RUN] (dorang) : Waiting for Client API (Port 8080)
[2026-08-10 21:01:49.086] [info] [HASTE Agent] [GATEWAY] [OK] (dorang) : Token Synchronized
[2026-08-10 21:01:49.088] [info] [HASTE Agent] [GATEWAY] [FAIL] : Tunnel Session Missing (Status Blocked)
[2026-08-10 21:01:49.089] [info] [HASTE Agent] [Client -> Cloud] [GATEWAY] [RUN] (dorang) : Connecting to Signal Broker (Primary)
[2026-08-10 21:01:49.088] [info]  [2026-08-10 21:01:49.086] [info] [HASTE Agent] [GATEWAY] [OK] (dorang) : Token Synchronized
[2026-08-10 21:01:49.092] [info]  [2026-08-10 21:01:49.088] [info] [HASTE Agent] [GATEWAY] [FAIL] : Tunnel Session Missing (Status Blocked)
[2026-08-10 21:01:49.095] [info]  [2026-08-10 21:01:49.089] [info] [HASTE Agent] [Client -> Cloud] [GATEWAY] [RUN] (dorang) : Connecting to Signal Broker (Primary)
[2026-08-10 21:01:50.311] [info] [HASTE Agent] Security server connection initialized successfully!
[2026-08-10 21:01:50.311] [info] [HASTE Agent] Bot Tag Name: cafehaste_gateway#1981
[2026-08-10 21:01:50.312] [info] [HASTE Agent] HASTE Client API Address: http://127.0.0.1:8080
[2026-08-10 21:01:50.312] [info] [HASTE Agent] Listening for remote dashboard control commands...
[2026-08-10 21:01:50.311] [info]  [2026-08-10 21:01:50.311] [info] [HASTE Agent] Security server connection initialized successfully!
[2026-08-10 21:01:50.316] [info]  Bot Tag Name: cafehaste_gateway#1981
[2026-08-10 21:01:50.318] [info]  HASTE Client API Address: http://127.0.0.1:8080
[2026-08-10 21:01:50.319] [info]  Listening for remote dashboard control commands...
[2026-08-10 21:05:03.785] [info] [HASTE Agent] [HASTE Agent Bot] Successfully initialized using injected env variables. StoreCode: 075575
[2026-08-10 21:05:03.786] [info]  [HASTE Agent Bot] Successfully initialized using injected env variables. StoreCode: 075575
[2026-08-10 21:05:03.841] [info] [HASTE Agent] [HQ Origin] HASTE Cloud designated via --prod launch argument.
[2026-08-10 21:05:03.842] [info] [HASTE Agent] Targeting endpoint: https://cloud.cafehaste.com
[2026-08-10 21:05:03.843] [info]  [HQ Origin] HASTE Cloud designated via --prod launch argument.
[2026-08-10 21:05:03.849] [info]  Targeting endpoint: https://cloud.cafehaste.com
[2026-08-10 21:05:03.883] [info] [HASTE Agent] [HASTE Agent Server] Hono Gateway running on Port 8082 (Relaying to Port 8080)
[2026-08-10 21:05:03.884] [info] [HASTE Agent] Stealth Standby mode active. Waiting for remote connection requests...
[2026-08-10 21:05:03.885] [info] [HASTE Agent] [HEALTH] [RUN] (075575) : Checking Lilly Engine API (Attempt: 1/5)
[2026-08-10 21:05:03.886] [info] [HASTE Agent] [HASTE] [Step 0: HEALTH] [INFO] Starting diagnostics for local hardware and internet connectivity...
[2026-08-10 21:05:03.885] [info]  [HASTE Agent Server] Hono Gateway running on Port 8082 (Relaying to Port 8080)
[2026-08-10 21:05:03.890] [info]  [2026-08-10 21:05:03.884] [info] [HASTE Agent] Stealth Standby mode active. Waiting for remote connection requests...
[2026-08-10 21:05:03.895] [info]  [2026-08-10 21:05:03.885] [info] [HASTE Agent] [HEALTH] [RUN] (075575) : Checking Lilly Engine API (Attempt: 1/5)
[2026-08-10 21:05:03.899] [info]  [HASTE] [Step 0: HEALTH] [INFO] Starting diagnostics for local hardware and internet connectivity...
[2026-08-10 21:05:04.185] [info] [HASTE Agent] [GATEWAY] [RUN] (075575) : Waiting for Client API (Port 8080)
[2026-08-10 21:05:04.187] [info]  [2026-08-10 21:05:04.184] [info] [HASTE Agent] [GATEWAY] [RUN] (075575) : Waiting for Client API (Port 8080)
[2026-08-10 21:05:04.211] [info] [HASTE Agent] [GATEWAY] [OK] (075575) : Token Synchronized
[2026-08-10 21:05:04.213] [info] [HASTE Agent] [GATEWAY] [FAIL] : Tunnel Session Missing (Status Blocked)
[2026-08-10 21:05:04.215] [info] [HASTE Agent] [Client -> Cloud] [GATEWAY] [RUN] (075575) : Connecting to Signal Broker (Primary)
[2026-08-10 21:05:04.216] [info]  [2026-08-10 21:05:04.211] [info] [HASTE Agent] [GATEWAY] [OK] (075575) : Token Synchronized
[2026-08-10 21:05:04.232] [info]  [2026-08-10 21:05:04.213] [info] [HASTE Agent] [GATEWAY] [FAIL] : Tunnel Session Missing (Status Blocked)
[2026-08-10 21:05:04.240] [info]  [2026-08-10 21:05:04.215] [info] [HASTE Agent] [Client -> Cloud] [GATEWAY] [RUN] (075575) : Connecting to Signal Broker (Primary)
[2026-08-10 21:05:05.243] [info] [HASTE Agent] Security server connection initialized successfully!
[2026-08-10 21:05:05.244] [info] [HASTE Agent] Bot Tag Name: cafehaste_gateway#1981
[2026-08-10 21:05:05.245] [info] [HASTE Agent] HASTE Client API Address: http://127.0.0.1:8080
[2026-08-10 21:05:05.245] [info] [HASTE Agent] Listening for remote dashboard control commands...
[2026-08-10 21:05:05.245] [info]  [2026-08-10 21:05:05.243] [info] [HASTE Agent] Security server connection initialized successfully!
[2026-08-10 21:05:05.253] [info]  Bot Tag Name: cafehaste_gateway#1981
[2026-08-10 21:05:05.255] [info]  HASTE Client API Address: http://127.0.0.1:8080
[2026-08-10 21:05:05.256] [info]  Listening for remote dashboard control commands...
[2026-08-10 21:10:05.246] [info] [HASTE Agent] [HASTE Agent Bot] Successfully initialized using injected env variables. StoreCode: 075575
[2026-08-10 21:10:05.247] [info]  [HASTE Agent Bot] Successfully initialized using injected env variables. StoreCode: 075575
[2026-08-10 21:10:05.290] [info] [HASTE Agent] [HQ Origin] HASTE Cloud designated via --prod launch argument.
[2026-08-10 21:10:05.291] [info] [HASTE Agent] Targeting endpoint: https://cloud.cafehaste.com
[2026-08-10 21:10:05.291] [info]  [HQ Origin] HASTE Cloud designated via --prod launch argument.
[2026-08-10 21:10:05.298] [info]  Targeting endpoint: https://cloud.cafehaste.com
[2026-08-10 21:10:05.324] [info] [HASTE Agent] [HASTE Agent Server] Hono Gateway running on Port 8082 (Relaying to Port 8080)
[2026-08-10 21:10:05.326] [info] [HASTE Agent] Stealth Standby mode active. Waiting for remote connection requests...
[2026-08-10 21:10:05.328] [info] [HASTE Agent] [HEALTH] [RUN] (075575) : Checking Lilly Engine API (Attempt: 1/5)
[2026-08-10 21:10:05.326] [info]  [HASTE Agent Server] Hono Gateway running on Port 8082 (Relaying to Port 8080)
[2026-08-10 21:10:05.330] [info] [HASTE Agent] [HASTE] [Step 0: HEALTH] [INFO] Starting diagnostics for local hardware and internet connectivity...
[2026-08-10 21:10:05.333] [info]  [2026-08-10 21:10:05.326] [info] [HASTE Agent] Stealth Standby mode active. Waiting for remote connection requests...
[2026-08-10 21:10:05.335] [info]  [2026-08-10 21:10:05.328] [info] [HASTE Agent] [HEALTH] [RUN] (075575) : Checking Lilly Engine API (Attempt: 1/5)
[2026-08-10 21:10:05.337] [info]  [HASTE] [Step 0: HEALTH] [INFO] Starting diagnostics for local hardware and internet connectivity...
[2026-08-10 21:10:05.606] [info] [HASTE Agent] [GATEWAY] [RUN] (075575) : Waiting for Client API (Port 8080)
[2026-08-10 21:10:05.608] [info]  [2026-08-10 21:10:05.606] [info] [HASTE Agent] [GATEWAY] [RUN] (075575) : Waiting for Client API (Port 8080)
[2026-08-10 21:10:05.622] [info] [HASTE Agent] [GATEWAY] [OK] (075575) : Token Synchronized
[2026-08-10 21:10:05.624] [info] [HASTE Agent] [GATEWAY] [FAIL] : Tunnel Session Missing (Status Blocked)
[2026-08-10 21:10:05.625] [info] [HASTE Agent] [Client -> Cloud] [GATEWAY] [RUN] (075575) : Connecting to Signal Broker (Primary)
[2026-08-10 21:10:05.624] [info]  [2026-08-10 21:10:05.622] [info] [HASTE Agent] [GATEWAY] [OK] (075575) : Token Synchronized
[2026-08-10 21:10:05.629] [info]  [2026-08-10 21:10:05.624] [info] [HASTE Agent] [GATEWAY] [FAIL] : Tunnel Session Missing (Status Blocked)
[2026-08-10 21:10:05.632] [info]  [2026-08-10 21:10:05.625] [info] [HASTE Agent] [Client -> Cloud] [GATEWAY] [RUN] (075575) : Connecting to Signal Broker (Primary)
[2026-08-10 21:10:06.690] [info] [HASTE Agent] Security server connection initialized successfully!
[2026-08-10 21:10:06.690] [info] [HASTE Agent] Bot Tag Name: cafehaste_gateway#1981
[2026-08-10 21:10:06.691] [info] [HASTE Agent] HASTE Client API Address: http://127.0.0.1:8080
[2026-08-10 21:10:06.691] [info] [HASTE Agent] Listening for remote dashboard control commands...
[2026-08-10 21:10:06.691] [info]  [2026-08-10 21:10:06.690] [info] [HASTE Agent] Security server connection initialized successfully!
[2026-08-10 21:10:06.696] [info]  Bot Tag Name: cafehaste_gateway#1981
[2026-08-10 21:10:06.698] [info]  HASTE Client API Address: http://127.0.0.1:8080
[2026-08-10 21:10:06.701] [info]  Listening for remote dashboard control commands...
[2026-08-10 21:12:52.236] [info] [HASTE Agent] [HASTE Agent Bot] Successfully initialized using injected env variables. StoreCode: 075575
[2026-08-10 21:12:52.237] [info]  [HASTE Agent Bot] Successfully initialized using injected env variables. StoreCode: 075575
[2026-08-10 21:12:52.285] [info] [HASTE Agent] [HQ Origin] HASTE Cloud designated via --prod launch argument.
[2026-08-10 21:12:52.286] [info] [HASTE Agent] Targeting endpoint: https://cloud.cafehaste.com
[2026-08-10 21:12:52.287] [info]  [HQ Origin] HASTE Cloud designated via --prod launch argument.
[2026-08-10 21:12:52.295] [info]  Targeting endpoint: https://cloud.cafehaste.com
[2026-08-10 21:12:52.329] [info] [HASTE Agent] [HASTE Agent Server] Hono Gateway running on Port 8082 (Relaying to Port 8080)
[2026-08-10 21:12:52.330] [info] [HASTE Agent] Stealth Standby mode active. Waiting for remote connection requests...
[2026-08-10 21:12:52.331] [info] [HASTE Agent] [HEALTH] [RUN] (075575) : Checking Lilly Engine API (Attempt: 1/5)
[2026-08-10 21:12:52.332] [info] [HASTE Agent] [HASTE] [Step 0: HEALTH] [INFO] Starting diagnostics for local hardware and internet connectivity...
[2026-08-10 21:12:52.330] [info]  [HASTE Agent Server] Hono Gateway running on Port 8082 (Relaying to Port 8080)
[2026-08-10 21:12:52.338] [info]  [2026-08-10 21:12:52.330] [info] [HASTE Agent] Stealth Standby mode active. Waiting for remote connection requests...
[2026-08-10 21:12:52.341] [info]  [2026-08-10 21:12:52.331] [info] [HASTE Agent] [HEALTH] [RUN] (075575) : Checking Lilly Engine API (Attempt: 1/5)
[2026-08-10 21:12:52.343] [info]  [HASTE] [Step 0: HEALTH] [INFO] Starting diagnostics for local hardware and internet connectivity...
[2026-08-10 21:12:52.593] [info] [HASTE Agent] [GATEWAY] [RUN] (075575) : Waiting for Client API (Port 8080)
[2026-08-10 21:12:52.594] [info]  [2026-08-10 21:12:52.593] [info] [HASTE Agent] [GATEWAY] [RUN] (075575) : Waiting for Client API (Port 8080)
[2026-08-10 21:12:52.617] [info] [HASTE Agent] [GATEWAY] [OK] (075575) : Token Synchronized
[2026-08-10 21:12:52.619] [info] [HASTE Agent] [GATEWAY] [FAIL] : Tunnel Session Missing (Status Blocked)
[2026-08-10 21:12:52.620] [info] [HASTE Agent] [Client -> Cloud] [GATEWAY] [RUN] (075575) : Connecting to Signal Broker (Primary)
[2026-08-10 21:12:52.622] [info]  [2026-08-10 21:12:52.617] [info] [HASTE Agent] [GATEWAY] [OK] (075575) : Token Synchronized
[2026-08-10 21:12:52.636] [info]  [2026-08-10 21:12:52.619] [info] [HASTE Agent] [GATEWAY] [FAIL] : Tunnel Session Missing (Status Blocked)
[2026-08-10 21:12:52.643] [info]  [2026-08-10 21:12:52.620] [info] [HASTE Agent] [Client -> Cloud] [GATEWAY] [RUN] (075575) : Connecting to Signal Broker (Primary)
[2026-08-10 21:12:53.986] [info] [HASTE Agent] Security server connection initialized successfully!
[2026-08-10 21:12:53.986] [info] [HASTE Agent] Bot Tag Name: cafehaste_gateway#1981
[2026-08-10 21:12:53.987] [info] [HASTE Agent] HASTE Client API Address: http://127.0.0.1:8080
[2026-08-10 21:12:53.988] [info] [HASTE Agent] Listening for remote dashboard control commands...
[2026-08-10 21:12:53.987] [info]  [2026-08-10 21:12:53.986] [info] [HASTE Agent] Security server connection initialized successfully!
[2026-08-10 21:12:54.001] [info]  Bot Tag Name: cafehaste_gateway#1981
[2026-08-10 21:12:54.003] [info]  HASTE Client API Address: http://127.0.0.1:8080
[2026-08-10 21:12:54.006] [info]  Listening for remote dashboard control commands...
[2026-08-10 21:15:21.090] [info] [HASTE Agent] [HASTE Agent Bot] Successfully initialized using injected env variables. StoreCode: 075575
[2026-08-10 21:15:21.091] [info]  [HASTE Agent Bot] Successfully initialized using injected env variables. StoreCode: 075575
[2026-08-10 21:15:21.141] [info] [HASTE Agent] [HQ Origin] HASTE Cloud designated via --prod launch argument.
[2026-08-10 21:15:21.142] [info] [HASTE Agent] Targeting endpoint: https://cloud.cafehaste.com
[2026-08-10 21:15:21.143] [info]  [HQ Origin] HASTE Cloud designated via --prod launch argument.
[2026-08-10 21:15:21.148] [info]  Targeting endpoint: https://cloud.cafehaste.com
[2026-08-10 21:15:21.175] [info] [HASTE Agent] [HASTE Agent Server] Hono Gateway running on Port 8082 (Relaying to Port 8080)
[2026-08-10 21:15:21.177] [info] [HASTE Agent] Stealth Standby mode active. Waiting for remote connection requests...
[2026-08-10 21:15:21.178] [info] [HASTE Agent] [HEALTH] [RUN] (075575) : Checking Lilly Engine API (Attempt: 1/5)
[2026-08-10 21:15:21.177] [info]  [HASTE Agent Server] Hono Gateway running on Port 8082 (Relaying to Port 8080)
[2026-08-10 21:15:21.179] [info] [HASTE Agent] [HASTE] [Step 0: HEALTH] [INFO] Starting diagnostics for local hardware and internet connectivity...
[2026-08-10 21:15:21.182] [info]  [2026-08-10 21:15:21.176] [info] [HASTE Agent] Stealth Standby mode active. Waiting for remote connection requests...
[2026-08-10 21:15:21.184] [info]  [2026-08-10 21:15:21.178] [info] [HASTE Agent] [HEALTH] [RUN] (075575) : Checking Lilly Engine API (Attempt: 1/5)
[2026-08-10 21:15:21.186] [info]  [HASTE] [Step 0: HEALTH] [INFO] Starting diagnostics for local hardware and internet connectivity...
[2026-08-10 21:15:21.443] [info] [HASTE Agent] [GATEWAY] [RUN] (075575) : Waiting for Client API (Port 8080)
[2026-08-10 21:15:21.449] [info]  [2026-08-10 21:15:21.442] [info] [HASTE Agent] [GATEWAY] [RUN] (075575) : Waiting for Client API (Port 8080)
[2026-08-10 21:15:21.471] [info] [HASTE Agent] [GATEWAY] [OK] (075575) : Token Synchronized
[2026-08-10 21:15:21.473] [info] [HASTE Agent] [GATEWAY] [FAIL] : Tunnel Session Missing (Status Blocked)
[2026-08-10 21:15:21.475] [info] [HASTE Agent] [Client -> Cloud] [GATEWAY] [RUN] (075575) : Connecting to Signal Broker (Primary)
[2026-08-10 21:15:21.474] [info]  [2026-08-10 21:15:21.471] [info] [HASTE Agent] [GATEWAY] [OK] (075575) : Token Synchronized
[2026-08-10 21:15:21.484] [info]  [2026-08-10 21:15:21.473] [info] [HASTE Agent] [GATEWAY] [FAIL] : Tunnel Session Missing (Status Blocked)
[2026-08-10 21:15:21.493] [info]  [2026-08-10 21:15:21.475] [info] [HASTE Agent] [Client -> Cloud] [GATEWAY] [RUN] (075575) : Connecting to Signal Broker (Primary)
[2026-08-10 21:15:22.681] [info] [HASTE Agent] Security server connection initialized successfully!
[2026-08-10 21:15:22.682] [info] [HASTE Agent] Bot Tag Name: cafehaste_gateway#1981
[2026-08-10 21:15:22.682] [info] [HASTE Agent] HASTE Client API Address: http://127.0.0.1:8080
[2026-08-10 21:15:22.683] [info] [HASTE Agent] Listening for remote dashboard control commands...
[2026-08-10 21:15:22.683] [info]  [2026-08-10 21:15:22.681] [info] [HASTE Agent] Security server connection initialized successfully!
[2026-08-10 21:15:22.690] [info]  Bot Tag Name: cafehaste_gateway#1981
[2026-08-10 21:15:22.693] [info]  HASTE Client API Address: http://127.0.0.1:8080
[2026-08-10 21:15:22.695] [info]  Listening for remote dashboard control commands...
[2026-08-10 21:17:11.241] [info] [HASTE Agent] [HASTE Agent Bot] Successfully initialized using injected env variables. StoreCode: 075575
[2026-08-10 21:17:11.242] [info]  [HASTE Agent Bot] Successfully initialized using injected env variables. StoreCode: 075575
[2026-08-10 21:17:11.303] [info] [HASTE Agent] [HQ Origin] HASTE Cloud designated via --prod launch argument.
[2026-08-10 21:17:11.303] [info] [HASTE Agent] Targeting endpoint: https://cloud.cafehaste.com
[2026-08-10 21:17:11.304] [info]  [HQ Origin] HASTE Cloud designated via --prod launch argument.
[2026-08-10 21:17:11.312] [info]  Targeting endpoint: https://cloud.cafehaste.com
[2026-08-10 21:17:11.338] [info] [HASTE Agent] [HASTE Agent Server] Hono Gateway running on Port 8082 (Relaying to Port 8080)
[2026-08-10 21:17:11.339] [info] [HASTE Agent] Stealth Standby mode active. Waiting for remote connection requests...
[2026-08-10 21:17:11.340] [info] [HASTE Agent] [HEALTH] [RUN] (075575) : Checking Lilly Engine API (Attempt: 1/5)
[2026-08-10 21:17:11.340] [info] [HASTE Agent] [HASTE] [Step 0: HEALTH] [INFO] Starting diagnostics for local hardware and internet connectivity...
[2026-08-10 21:17:11.342] [info]  [HASTE Agent Server] Hono Gateway running on Port 8082 (Relaying to Port 8080)
[2026-08-10 21:17:11.349] [info]  [2026-08-10 21:17:11.339] [info] [HASTE Agent] Stealth Standby mode active. Waiting for remote connection requests...
[2026-08-10 21:17:11.352] [info]  [2026-08-10 21:17:11.340] [info] [HASTE Agent] [HEALTH] [RUN] (075575) : Checking Lilly Engine API (Attempt: 1/5)
[2026-08-10 21:17:11.370] [info]  [HASTE] [Step 0: HEALTH] [INFO] Starting diagnostics for local hardware and internet connectivity...
[2026-08-10 21:17:11.641] [info] [HASTE Agent] [GATEWAY] [RUN] (075575) : Waiting for Client API (Port 8080)
[2026-08-10 21:17:11.642] [info]  [2026-08-10 21:17:11.641] [info] [HASTE Agent] [GATEWAY] [RUN] (075575) : Waiting for Client API (Port 8080)
[2026-08-10 21:17:11.654] [info] [HASTE Agent] [GATEWAY] [OK] (075575) : Token Synchronized
[2026-08-10 21:17:11.656] [info] [HASTE Agent] [GATEWAY] [FAIL] : Tunnel Session Missing (Status Blocked)
[2026-08-10 21:17:11.657] [info] [HASTE Agent] [Client -> Cloud] [GATEWAY] [RUN] (075575) : Connecting to Signal Broker (Primary)
[2026-08-10 21:17:11.656] [info]  [2026-08-10 21:17:11.654] [info] [HASTE Agent] [GATEWAY] [OK] (075575) : Token Synchronized
[2026-08-10 21:17:11.663] [info]  [2026-08-10 21:17:11.655] [info] [HASTE Agent] [GATEWAY] [FAIL] : Tunnel Session Missing (Status Blocked)
[2026-08-10 21:17:11.666] [info]  [2026-08-10 21:17:11.657] [info] [HASTE Agent] [Client -> Cloud] [GATEWAY] [RUN] (075575) : Connecting to Signal Broker (Primary)
[2026-08-10 21:17:13.261] [info] [HASTE Agent] Security server connection initialized successfully!
[2026-08-10 21:17:13.262] [info] [HASTE Agent] Bot Tag Name: cafehaste_gateway#1981
[2026-08-10 21:17:13.262] [info] [HASTE Agent] HASTE Client API Address: http://127.0.0.1:8080
[2026-08-10 21:17:13.263] [info] [HASTE Agent] Listening for remote dashboard control commands...
[2026-08-10 21:17:13.262] [info]  [2026-08-10 21:17:13.261] [info] [HASTE Agent] Security server connection initialized successfully!
[2026-08-10 21:17:13.267] [info]  Bot Tag Name: cafehaste_gateway#1981
[2026-08-10 21:17:13.268] [info]  HASTE Client API Address: http://127.0.0.1:8080
[2026-08-10 21:17:13.270] [info]  Listening for remote dashboard control commands...
[2026-08-10 21:20:17.713] [info]  [HASTE Guard] Launching Haste Agent Bot process: C:\Users\김성규\Desktop\HASTE-AI\src\cafehaste-client\haste_agent_bridge.js
[2026-08-10 21:23:43.135] [info]  [DATABASE] Successfully loaded HASTE Local DB (075575)
[2026-08-10 21:23:43.188] [info]  ==================================================
[2026-08-10 21:23:43.192] [info]  [HQ Origin] HASTE Cloud designated via --prod launch argument.
[2026-08-10 21:23:43.194] [info]  Targeting endpoint: https://cloud.cafehaste.com
[2026-08-10 21:23:43.197] [info]  ==================================================
[2026-08-10 21:23:43.200] [info]  [2026-08-10 21:23:43.190] [info] [HASTE Agent] [HEALTH] [RUN] (075575) : Checking Lilly Engine API (Attempt: 1/5)
[2026-08-10 21:23:43.204] [info]  [HASTE] [Step 0: HEALTH] [INFO] Starting diagnostics for local hardware and internet connectivity...
[2026-08-10 21:23:43.476] [info]  [2026-08-10 21:23:43.469] [info] [HASTE Agent] [GATEWAY] [RUN] (075575) : Waiting for Client API (Port 8080)
[2026-08-10 21:23:43.508] [info]  [2026-08-10 21:23:43.506] [info] [HASTE Agent] [GATEWAY] [OK] (075575) : Token Synchronized
[2026-08-10 21:23:43.522] [info]  [2026-08-10 21:23:43.508] [info] [HASTE Agent] [GATEWAY] [FAIL] : Tunnel Session Missing (Status Blocked)
[2026-08-10 21:23:43.527] [info]  [2026-08-10 21:23:43.509] [info] [HASTE Agent] [Client -> Cloud] [GATEWAY] [RUN] (075575) : Connecting to Signal Broker (Primary)
[2026-08-10 21:23:45.334] [info]  ==================================================
[2026-08-10 21:23:45.339] [info]  [2026-08-10 21:23:45.334] [info] [HASTE Agent] Security server connection initialized successfully!
[2026-08-10 21:23:45.341] [info]  Bot Tag Name: cafehaste_gateway#1981
[2026-08-10 21:23:45.342] [info]  HASTE Client API Address: http://127.0.0.1:8080
[2026-08-10 21:23:45.344] [info]  ==================================================
[2026-08-10 21:23:45.347] [info]  Listening for remote dashboard control commands...
[2026-08-10 21:23:45.351] [info]  ==================================================
[2026-08-10 21:26:08.382] [info]  [DATABASE] Successfully loaded HASTE Local DB (075575)
[2026-08-10 21:26:08.429] [info]  ==================================================
[2026-08-10 21:26:08.434] [info]  [HQ Origin] HASTE Cloud designated via --prod launch argument.
[2026-08-10 21:26:08.436] [info]  Targeting endpoint: https://cloud.cafehaste.com
[2026-08-10 21:26:08.438] [info]  ==================================================
[2026-08-10 21:26:08.440] [info]  [2026-08-10 21:26:08.430] [info] [HASTE Agent] [HEALTH] [RUN] (075575) : Checking Lilly Engine API (Attempt: 1/5)
[2026-08-10 21:26:08.442] [info]  [HASTE] [Step 0: HEALTH] [INFO] Starting diagnostics for local hardware and internet connectivity...
[2026-08-10 21:26:08.696] [info]  [2026-08-10 21:26:08.694] [info] [HASTE Agent] [GATEWAY] [RUN] (075575) : Waiting for Client API (Port 8080)
[2026-08-10 21:26:08.708] [info]  [2026-08-10 21:26:08.706] [info] [HASTE Agent] [GATEWAY] [OK] (075575) : Token Synchronized
[2026-08-10 21:26:08.710] [info]  [2026-08-10 21:26:08.707] [info] [HASTE Agent] [GATEWAY] [FAIL] : Tunnel Session Missing (Status Blocked)
[2026-08-10 21:26:08.712] [info]  [2026-08-10 21:26:08.708] [info] [HASTE Agent] [Client -> Cloud] [GATEWAY] [RUN] (075575) : Connecting to Signal Broker (Primary)
[2026-08-10 21:26:10.106] [info]  ==================================================
[2026-08-10 21:26:10.110] [info]  [2026-08-10 21:26:10.105] [info] [HASTE Agent] Security server connection initialized successfully!
[2026-08-10 21:26:10.112] [info]  Bot Tag Name: cafehaste_gateway#1981
[2026-08-10 21:26:10.114] [info]  HASTE Client API Address: http://127.0.0.1:8080
[2026-08-10 21:26:10.117] [info]  ==================================================
[2026-08-10 21:26:10.120] [info]  Listening for remote dashboard control commands...
[2026-08-10 21:26:10.123] [info]  ==================================================
[2026-08-10 21:29:44.883] [info]  [DATABASE] Successfully loaded HASTE Local DB (075575)
[2026-08-10 21:29:44.935] [info]  ==================================================
[2026-08-10 21:29:44.942] [info]  [HQ Origin] HASTE Cloud designated via --prod launch argument.
[2026-08-10 21:29:44.944] [info]  Targeting endpoint: https://cloud.cafehaste.com
[2026-08-10 21:29:44.946] [info]  ==================================================
[2026-08-10 21:29:44.953] [info]  [2026-08-10 21:29:44.935] [info] [HASTE Agent] [HEALTH] [RUN] (075575) : Checking Lilly Engine API (Attempt: 1/5)
[2026-08-10 21:29:44.956] [info]  [HASTE] [Step 0: HEALTH] [INFO] Starting diagnostics for local hardware and internet connectivity...
[2026-08-10 21:29:45.226] [info]  [2026-08-10 21:29:45.223] [info] [HASTE Agent] [GATEWAY] [RUN] (075575) : Waiting for Client API (Port 8080)
[2026-08-10 21:29:45.247] [info]  [2026-08-10 21:29:45.244] [info] [HASTE Agent] [GATEWAY] [OK] (075575) : Token Synchronized
[2026-08-10 21:29:45.259] [info]  [2026-08-10 21:29:45.245] [info] [HASTE Agent] [GATEWAY] [FAIL] : Tunnel Session Missing (Status Blocked)
[2026-08-10 21:29:45.277] [info]  [2026-08-10 21:29:45.246] [info] [HASTE Agent] [Client -> Cloud] [GATEWAY] [RUN] (075575) : Connecting to Signal Broker (Primary)
[2026-08-10 21:29:46.442] [info]  ==================================================
[2026-08-10 21:29:46.449] [info]  [2026-08-10 21:29:46.441] [info] [HASTE Agent] Security server connection initialized successfully!
[2026-08-10 21:29:46.452] [info]  Bot Tag Name: cafehaste_gateway#1981
[2026-08-10 21:29:46.458] [info]  HASTE Client API Address: http://127.0.0.1:8080
[2026-08-10 21:29:46.463] [info]  ==================================================
[2026-08-10 21:29:46.467] [info]  Listening for remote dashboard control commands...
[2026-08-10 21:29:46.472] [info]  ==================================================
[2026-08-10 21:31:34.364] [info]  [DATABASE] Successfully loaded HASTE Local DB (075575)
[2026-08-10 21:31:34.419] [info]  ==================================================
[2026-08-10 21:31:34.423] [info]  [HQ Origin] HASTE Cloud designated via --prod launch argument.
[2026-08-10 21:31:34.426] [info]  Targeting endpoint: https://cloud.cafehaste.com
[2026-08-10 21:31:34.428] [info]  ==================================================
[2026-08-10 21:31:34.431] [info]  [2026-08-10 21:31:34.423] [info] [HASTE Agent] [HEALTH] [RUN] (075575) : Checking Lilly Engine API (Attempt: 1/5)
[2026-08-10 21:31:34.437] [info]  [HASTE] [Step 0: HEALTH] [INFO] Starting diagnostics for local hardware and internet connectivity...
[2026-08-10 21:31:34.691] [info]  [2026-08-10 21:31:34.689] [info] [HASTE Agent] [GATEWAY] [RUN] (075575) : Waiting for Client API (Port 8080)
[2026-08-10 21:31:34.702] [info]  [2026-08-10 21:31:34.699] [info] [HASTE Agent] [GATEWAY] [OK] (075575) : Token Synchronized
[2026-08-10 21:31:34.709] [info]  [2026-08-10 21:31:34.701] [info] [HASTE Agent] [GATEWAY] [FAIL] : Tunnel Session Missing (Status Blocked)
[2026-08-10 21:31:34.713] [info]  [2026-08-10 21:31:34.703] [info] [HASTE Agent] [Client -> Cloud] [GATEWAY] [RUN] (075575) : Connecting to Signal Broker (Primary)
[2026-08-10 21:31:36.259] [info]  ==================================================
[2026-08-10 21:31:36.264] [info]  [2026-08-10 21:31:36.258] [info] [HASTE Agent] Security server connection initialized successfully!
[2026-08-10 21:31:36.265] [info]  Bot Tag Name: cafehaste_gateway#1981
[2026-08-10 21:31:36.267] [info]  HASTE Client API Address: http://127.0.0.1:8080
[2026-08-10 21:31:36.270] [info]  ==================================================
[2026-08-10 21:31:36.277] [info]  Listening for remote dashboard control commands...
[2026-08-10 21:31:36.280] [info]  ==================================================
[2026-08-10 21:33:35.654] [info]  [DATABASE] Successfully loaded HASTE Local DB (075575)
[2026-08-10 21:33:35.714] [info]  ==================================================
[2026-08-10 21:33:35.720] [info]  [HQ Origin] HASTE Cloud designated via --prod launch argument.
[2026-08-10 21:33:35.722] [info]  Targeting endpoint: https://cloud.cafehaste.com
[2026-08-10 21:33:35.724] [info]  ==================================================
[2026-08-10 21:33:35.727] [info]  [2026-08-10 21:33:35.715] [info] [HASTE Agent] [HEALTH] [RUN] (075575) : Checking Lilly Engine API (Attempt: 1/5)
[2026-08-10 21:33:35.730] [info]  [HASTE] [Step 0: HEALTH] [INFO] Starting diagnostics for local hardware and internet connectivity...
[2026-08-10 21:33:35.989] [info]  [2026-08-10 21:33:35.987] [info] [HASTE Agent] [GATEWAY] [RUN] (075575) : Waiting for Client API (Port 8080)
[2026-08-10 21:33:36.002] [info]  [2026-08-10 21:33:35.998] [info] [HASTE Agent] [GATEWAY] [OK] (075575) : Token Synchronized
[2026-08-10 21:33:36.007] [info]  [2026-08-10 21:33:36.000] [info] [HASTE Agent] [GATEWAY] [FAIL] : Tunnel Session Missing (Status Blocked)
[2026-08-10 21:33:36.011] [info]  [2026-08-10 21:33:36.001] [info] [HASTE Agent] [Client -> Cloud] [GATEWAY] [RUN] (075575) : Connecting to Signal Broker (Primary)
[2026-08-10 21:33:37.204] [info]  ==================================================
[2026-08-10 21:33:37.209] [info]  [2026-08-10 21:33:37.203] [info] [HASTE Agent] Security server connection initialized successfully!
[2026-08-10 21:33:37.211] [info]  Bot Tag Name: cafehaste_gateway#1981
[2026-08-10 21:33:37.213] [info]  HASTE Client API Address: http://127.0.0.1:8080
[2026-08-10 21:33:37.215] [info]  ==================================================
[2026-08-10 21:33:37.216] [info]  Listening for remote dashboard control commands...
[2026-08-10 21:33:37.218] [info]  ==================================================
[2026-08-10 21:38:49.001] [info]  [DATABASE] Successfully loaded HASTE Local DB (075575)
[2026-08-10 21:38:49.044] [info]  ==================================================
[2026-08-10 21:38:49.051] [info]  [HQ Origin] HASTE Cloud designated via --prod launch argument.
[2026-08-10 21:38:49.053] [info]  Targeting endpoint: https://cloud.cafehaste.com
[2026-08-10 21:38:49.055] [info]  ==================================================
[2026-08-10 21:38:49.059] [info]  [2026-08-10 21:38:49.046] [info] [HASTE Agent] [HEALTH] [RUN] (075575) : Checking Lilly Engine API (Attempt: 1/5)
[2026-08-10 21:38:49.062] [info]  [HASTE] [Step 0: HEALTH] [INFO] Starting diagnostics for local hardware and internet connectivity...
[2026-08-10 21:38:49.328] [info]  [2026-08-10 21:38:49.326] [info] [HASTE Agent] [GATEWAY] [RUN] (075575) : Waiting for Client API (Port 8080)
[2026-08-10 21:38:49.343] [info]  [2026-08-10 21:38:49.342] [info] [HASTE Agent] [GATEWAY] [OK] (075575) : Token Synchronized
[2026-08-10 21:38:49.346] [info]  [2026-08-10 21:38:49.343] [info] [HASTE Agent] [GATEWAY] [FAIL] : Tunnel Session Missing (Status Blocked)
[2026-08-10 21:38:49.349] [info]  [2026-08-10 21:38:49.344] [info] [HASTE Agent] [Client -> Cloud] [GATEWAY] [RUN] (075575) : Connecting to Signal Broker (Primary)
[2026-08-10 21:38:50.665] [info]  ==================================================
[2026-08-10 21:38:50.670] [info]  [2026-08-10 21:38:50.664] [info] [HASTE Agent] Security server connection initialized successfully!
[2026-08-10 21:38:50.672] [info]  Bot Tag Name: cafehaste_gateway#1981
[2026-08-10 21:38:50.674] [info]  HASTE Client API Address: http://127.0.0.1:8080
[2026-08-10 21:38:50.676] [info]  ==================================================
[2026-08-10 21:38:50.680] [info]  Listening for remote dashboard control commands...
[2026-08-10 21:38:50.683] [info]  ==================================================
[2026-08-10 21:42:39.119] [info] [HASTE Agent] [HASTE Agent Bot] Successfully initialized using injected env variables. StoreCode: 075575
[2026-08-10 21:42:39.120] [info] [HASTE Agent] [HQ Origin] HASTE Cloud designated via --prod launch argument.
[2026-08-10 21:42:39.121] [info] [HASTE Agent] Targeting endpoint: https://cloud.cafehaste.com
[2026-08-10 21:42:39.140] [info]  [HASTE Agent Bot] Successfully initialized using injected env variables. StoreCode: 075575
[2026-08-10 21:42:39.142] [info]  [HQ Origin] HASTE Cloud designated via --prod launch argument.
[2026-08-10 21:42:39.142] [info]  Targeting endpoint: https://cloud.cafehaste.com
[2026-08-10 21:42:39.188] [info] [HASTE Agent] [HASTE Agent Server] Hono Gateway running on Port 8082 (Relaying to Port 8080)
[2026-08-10 21:42:39.189] [info]  [HASTE Agent Server] Hono Gateway running on Port 8082 (Relaying to Port 8080)
[2026-08-10 21:42:39.189] [info] [HASTE Agent] Stealth Standby mode active. Waiting for remote connection requests...
[2026-08-10 21:42:39.191] [info] [HASTE Agent] [HEALTH] [RUN] (075575) : Checking Lilly Engine API (Attempt: 1/5)
[2026-08-10 21:42:39.191] [info]  [2026-08-10 21:42:39.189] [info] [HASTE Agent] Stealth Standby mode active. Waiting for remote connection requests...
[2026-08-10 21:42:39.191] [info] [HASTE Agent] [HASTE] [Step 0: HEALTH] [INFO] Starting diagnostics for local hardware and internet connectivity...
[2026-08-10 21:42:39.192] [info]  [2026-08-10 21:42:39.190] [info] [HASTE Agent] [HEALTH] [RUN] (075575) : Checking Lilly Engine API (Attempt: 1/5)
[2026-08-10 21:42:39.193] [info]  [HASTE] [Step 0: HEALTH] [INFO] Starting diagnostics for local hardware and internet connectivity...
[2026-08-10 21:42:39.448] [warn] [HASTE Agent] [HASTE] [Step 0: HEALTH] [WARN] Lilly Electron engine (port 8080) is offline. Please launch the client app first.
[2026-08-10 21:42:39.492] [error] [HASTE] [Step 0: HEALTH] [WARN] Lilly Electron engine (port 8080) is offline. Please launch the client app first.
[2026-08-10 21:42:42.457] [info] [HASTE Agent] [HEALTH] [RUN] (075575) : Checking Lilly Engine API (Attempt: 2/5)
[2026-08-10 21:42:42.458] [info]  [2026-08-10 21:42:42.457] [info] [HASTE Agent] [HEALTH] [RUN] (075575) : Checking Lilly Engine API (Attempt: 2/5)
[2026-08-10 21:42:42.458] [info] [HASTE Agent] [HASTE] [Step 0: HEALTH] [INFO] Starting diagnostics for local hardware and internet connectivity...
[2026-08-10 21:42:42.459] [info]  [HASTE] [Step 0: HEALTH] [INFO] Starting diagnostics for local hardware and internet connectivity...
[2026-08-10 21:42:42.574] [warn] [HASTE Agent] [HASTE] [Step 0: HEALTH] [WARN] Lilly Electron engine (port 8080) is offline. Please launch the client app first.
[2026-08-10 21:42:42.575] [error] [HASTE] [Step 0: HEALTH] [WARN] Lilly Electron engine (port 8080) is offline. Please launch the client app first.
[2026-08-10 21:42:45.575] [info] [HASTE Agent] [HEALTH] [RUN] (075575) : Checking Lilly Engine API (Attempt: 3/5)
[2026-08-10 21:42:45.576] [info]  [2026-08-10 21:42:45.575] [info] [HASTE Agent] [HEALTH] [RUN] (075575) : Checking Lilly Engine API (Attempt: 3/5)
[2026-08-10 21:42:45.576] [info] [HASTE Agent] [HASTE] [Step 0: HEALTH] [INFO] Starting diagnostics for local hardware and internet connectivity...
[2026-08-10 21:42:45.577] [info]  [HASTE] [Step 0: HEALTH] [INFO] Starting diagnostics for local hardware and internet connectivity...
[2026-08-10 21:42:45.704] [warn] [HASTE Agent] [HASTE] [Step 0: HEALTH] [WARN] Lilly Electron engine (port 8080) is offline. Please launch the client app first.
[2026-08-10 21:42:45.704] [error] [HASTE] [Step 0: HEALTH] [WARN] Lilly Electron engine (port 8080) is offline. Please launch the client app first.
[2026-08-10 21:42:48.709] [info] [HASTE Agent] [HEALTH] [RUN] (075575) : Checking Lilly Engine API (Attempt: 4/5)
[2026-08-10 21:42:48.710] [info]  [2026-08-10 21:42:48.709] [info] [HASTE Agent] [HEALTH] [RUN] (075575) : Checking Lilly Engine API (Attempt: 4/5)
[2026-08-10 21:42:48.710] [info] [HASTE Agent] [HASTE] [Step 0: HEALTH] [INFO] Starting diagnostics for local hardware and internet connectivity...
[2026-08-10 21:42:48.711] [info]  [HASTE] [Step 0: HEALTH] [INFO] Starting diagnostics for local hardware and internet connectivity...
[2026-08-10 21:42:48.824] [warn] [HASTE Agent] [HASTE] [Step 0: HEALTH] [WARN] Lilly Electron engine (port 8080) is offline. Please launch the client app first.
[2026-08-10 21:42:48.833] [error] [HASTE] [Step 0: HEALTH] [WARN] Lilly Electron engine (port 8080) is offline. Please launch the client app first.
[2026-08-10 21:45:53.918] [info] [HASTE Agent] [HASTE Agent Bot] Successfully initialized using injected env variables. StoreCode: 075575
[2026-08-10 21:45:53.919] [info] [HASTE Agent] [HQ Origin] HASTE Cloud designated via --prod launch argument.
[2026-08-10 21:45:53.919] [info] [HASTE Agent] Targeting endpoint: https://cloud.cafehaste.com
[2026-08-10 21:45:53.919] [info]  [HASTE Agent Bot] Successfully initialized using injected env variables. StoreCode: 075575
[2026-08-10 21:45:53.921] [info]  [HQ Origin] HASTE Cloud designated via --prod launch argument.
[2026-08-10 21:45:53.922] [info]  Targeting endpoint: https://cloud.cafehaste.com
[2026-08-10 21:45:53.981] [info] [HASTE Agent] [HASTE Agent Server] Hono Gateway running on Port 8082 (Relaying to Port 8080)
[2026-08-10 21:45:53.982] [info]  [HASTE Agent Server] Hono Gateway running on Port 8082 (Relaying to Port 8080)
[2026-08-10 21:45:53.982] [info] [HASTE Agent] Stealth Standby mode active. Waiting for remote connection requests...
[2026-08-10 21:45:53.982] [info] [HASTE Agent] [HEALTH] [RUN] (075575) : Checking Lilly Engine API (Attempt: 1/5)
[2026-08-10 21:45:53.983] [info]  [2026-08-10 21:45:53.982] [info] [HASTE Agent] Stealth Standby mode active. Waiting for remote connection requests...
[2026-08-10 21:45:53.983] [info] [HASTE Agent] [HASTE] [Step 0: HEALTH] [INFO] Starting diagnostics for local hardware and internet connectivity...
[2026-08-10 21:45:53.985] [info]  [2026-08-10 21:45:53.982] [info] [HASTE Agent] [HEALTH] [RUN] (075575) : Checking Lilly Engine API (Attempt: 1/5)
[2026-08-10 21:45:53.986] [info]  [HASTE] [Step 0: HEALTH] [INFO] Starting diagnostics for local hardware and internet connectivity...
[2026-08-10 21:45:54.260] [info] [HASTE Agent] Discord client skipped. Running in Direct Webhook/SSE Tunnel Mode.
[2026-08-10 21:45:54.263] [info]  [2026-08-10 21:45:54.260] [info] [HASTE Agent] Discord client skipped. Running in Direct Webhook/SSE Tunnel Mode.
[2026-08-10 21:47:55.503] [info] [HASTE Agent] [HASTE Agent Bot] Successfully initialized using injected env variables. StoreCode: 075575
[2026-08-10 21:47:55.504] [info] [HASTE Agent] [HQ Origin] HASTE Cloud designated via --prod launch argument.
[2026-08-10 21:47:55.504] [info] [HASTE Agent] Targeting endpoint: https://cloud.cafehaste.com
[2026-08-10 21:47:55.503] [info]  [HASTE Agent Bot] Successfully initialized using injected env variables. StoreCode: 075575
[2026-08-10 21:47:55.506] [info]  [HQ Origin] HASTE Cloud designated via --prod launch argument.
[2026-08-10 21:47:55.507] [info]  Targeting endpoint: https://cloud.cafehaste.com
[2026-08-10 21:47:55.573] [info] [HASTE Agent] [HASTE Agent Server] Hono Gateway running on Port 8082 (Relaying to Port 8080)
[2026-08-10 21:47:55.574] [info] [HASTE Agent] Stealth Standby mode active. Waiting for remote connection requests...
[2026-08-10 21:47:55.574] [info]  [HASTE Agent Server] Hono Gateway running on Port 8082 (Relaying to Port 8080)
[2026-08-10 21:47:55.575] [info] [HASTE Agent] [HEALTH] [RUN] (075575) : Checking Lilly Engine API (Attempt: 1/5)
[2026-08-10 21:47:55.576] [info] [HASTE Agent] [HASTE] [Step 0: HEALTH] [INFO] Starting diagnostics for local hardware and internet connectivity...
[2026-08-10 21:47:55.576] [info]  [2026-08-10 21:47:55.574] [info] [HASTE Agent] Stealth Standby mode active. Waiting for remote connection requests...
[2026-08-10 21:47:55.578] [info]  [2026-08-10 21:47:55.575] [info] [HASTE Agent] [HEALTH] [RUN] (075575) : Checking Lilly Engine API (Attempt: 1/5)
[2026-08-10 21:47:55.580] [info]  [HASTE] [Step 0: HEALTH] [INFO] Starting diagnostics for local hardware and internet connectivity...
[2026-08-10 21:47:55.865] [info] [HASTE Agent] Discord client skipped. Running in Direct Webhook/SSE Tunnel Mode.
[2026-08-10 21:47:55.999] [info]  [2026-08-10 21:47:55.864] [info] [HASTE Agent] Discord client skipped. Running in Direct Webhook/SSE Tunnel Mode.
[2026-08-10 21:53:40.655] [info] [HASTE Agent] [HASTE Agent Bot] Successfully initialized using injected env variables. StoreCode: 075575
[2026-08-10 21:53:40.656] [info] [HASTE Agent] [HQ Origin] HASTE Cloud designated via --prod launch argument.
[2026-08-10 21:53:40.657] [info] [HASTE Agent] Targeting endpoint: https://cloud.cafehaste.com
[2026-08-10 21:53:40.665] [info]  [HASTE Agent Bot] Successfully initialized using injected env variables. StoreCode: 075575
[2026-08-10 21:53:40.667] [info]  [HQ Origin] HASTE Cloud designated via --prod launch argument.
[2026-08-10 21:53:40.668] [info]  Targeting endpoint: https://cloud.cafehaste.com
[2026-08-10 21:53:40.715] [info] [HASTE Agent] [HASTE Agent Server] Hono Gateway running on Port 8082 (Relaying to Port 8080)
[2026-08-10 21:53:40.715] [info]  [HASTE Agent Server] Hono Gateway running on Port 8082 (Relaying to Port 8080)
[2026-08-10 21:53:40.716] [info] [HASTE Agent] Stealth Standby mode active. Waiting for remote connection requests...
[2026-08-10 21:53:40.717] [info] [HASTE Agent] [HEALTH] [RUN] (075575) : Checking Lilly Engine API (Attempt: 1/5)
[2026-08-10 21:53:40.717] [info]  [2026-08-10 21:53:40.715] [info] [HASTE Agent] Stealth Standby mode active. Waiting for remote connection requests...
[2026-08-10 21:53:40.718] [info] [HASTE Agent] [HASTE] [Step 0: HEALTH] [INFO] Starting diagnostics for local hardware and internet connectivity...
[2026-08-10 21:53:40.718] [info]  [2026-08-10 21:53:40.716] [info] [HASTE Agent] [HEALTH] [RUN] (075575) : Checking Lilly Engine API (Attempt: 1/5)
[2026-08-10 21:53:40.719] [info]  [HASTE] [Step 0: HEALTH] [INFO] Starting diagnostics for local hardware and internet connectivity...
[2026-08-10 21:53:40.982] [info] [HASTE Agent] Discord client skipped. Running in Direct Webhook/SSE Tunnel Mode.
[2026-08-10 21:53:40.983] [info]  [2026-08-10 21:53:40.982] [info] [HASTE Agent] Discord client skipped. Running in Direct Webhook/SSE Tunnel Mode.
[2026-08-10 21:55:14.864] [info]  [DATABASE] Successfully loaded HASTE Local DB (075575)
[2026-08-10 21:55:14.970] [info]  ==================================================
[2026-08-10 21:55:14.990] [info]  [HQ Origin] HASTE Cloud designated via --prod launch argument.
[2026-08-10 21:55:14.993] [info]  Targeting endpoint: https://cloud.cafehaste.com
[2026-08-10 21:55:15.001] [info]  ==================================================
[2026-08-10 21:55:15.006] [info]  [2026-08-10 21:55:14.975] [info] [HASTE Agent] [HEALTH] [RUN] (075575) : Checking Lilly Engine API (Attempt: 1/5)
[2026-08-10 21:55:15.013] [info]  [HASTE] [Step 0: HEALTH] [INFO] Starting diagnostics for local hardware and internet connectivity...
[2026-08-10 21:55:15.303] [info]  [2026-08-10 21:55:15.301] [info] [HASTE Agent] [GATEWAY] [RUN] (075575) : Waiting for Client API (Port 8080)
[2026-08-10 21:55:15.323] [info]  [2026-08-10 21:55:15.320] [info] [HASTE Agent] [GATEWAY] [OK] (075575) : Token Synchronized
[2026-08-10 21:55:15.330] [info]  [2026-08-10 21:55:15.322] [info] [HASTE Agent] [GATEWAY] [FAIL] : Tunnel Session Missing (Status Blocked)
[2026-08-10 21:55:15.334] [info]  [2026-08-10 21:55:15.323] [info] [HASTE Agent] [Client -> Cloud] [GATEWAY] [RUN] (075575) : Connecting to Signal Broker (Primary)
[2026-08-10 21:55:16.451] [info]  ==================================================
[2026-08-10 21:55:16.454] [info]  [2026-08-10 21:55:16.449] [info] [HASTE Agent] Security server connection initialized successfully!
[2026-08-10 21:55:16.456] [info]  Bot Tag Name: cafehaste_gateway#1981
[2026-08-10 21:55:16.461] [info]  HASTE Client API Address: http://127.0.0.1:8080
[2026-08-10 21:55:16.465] [info]  ==================================================
[2026-08-10 21:55:16.467] [info]  Listening for remote dashboard control commands...
[2026-08-10 21:55:16.470] [info]  ==================================================
[2026-08-10 22:05:42.769] [error] node:internal/modules/cjs/loader:1527
[2026-08-10 22:05:42.771] [error] throw err;
[2026-08-10 22:05:42.772] [error] ^
[2026-08-10 22:05:42.773] [error] Error: Cannot find module 'discord.js'
[2026-08-10 22:05:42.774] [error] Require stack:
[2026-08-10 22:05:42.775] [error] - C:\Users\김성규\AppData\Local\Programs\haste-client\resources\haste_agent_bridge.js
[2026-08-10 22:05:42.775] [error] at Module._resolveFilename (node:internal/modules/cjs/loader:1524:15)
[2026-08-10 22:05:42.776] [error] at wrapResolveFilename (node:internal/modules/cjs/loader:1078:27)
[2026-08-10 22:05:42.777] [error] at defaultResolveImplForCJSLoading (node:internal/modules/cjs/loader:1102:10)
[2026-08-10 22:05:42.778] [error] at resolveForCJSWithHooks (node:internal/modules/cjs/loader:1129:12)
[2026-08-10 22:05:42.778] [error] at Module._load (node:internal/modules/cjs/loader:1301:5)
[2026-08-10 22:05:42.779] [error] at c._load (node:electron/js2c/node_init:2:18060)
[2026-08-10 22:05:42.780] [error] at wrapModuleLoad (node:internal/modules/cjs/loader:262:19)
[2026-08-10 22:05:42.780] [error] at Module.require (node:internal/modules/cjs/loader:1624:12)
[2026-08-10 22:05:42.781] [error] at require (node:internal/modules/helpers:153:16)
[2026-08-10 22:05:42.782] [error] at Object.<anonymous> (C:\Users\김성규\AppData\Local\Programs\haste-client\resources\haste_agent_bridge.js:627:37) {
[2026-08-10 22:05:42.783] [error] code: 'MODULE_NOT_FOUND',
[2026-08-10 22:05:42.783] [error] requireStack: [
[2026-08-10 22:05:42.784] [error] 'C:\\Users\\김성규\\AppData\\Local\\Programs\\haste-client\\resources\\haste_agent_bridge.js'
[2026-08-10 22:05:42.785] [error] ]
[2026-08-10 22:05:42.786] [error] }
[2026-08-10 22:05:42.786] [error] Node.js v24.18.0
[2026-08-10 22:05:47.905] [error] node:internal/modules/cjs/loader:1527
[2026-08-10 22:05:47.906] [error] throw err;
[2026-08-10 22:05:47.907] [error] ^
[2026-08-10 22:05:47.908] [error] Error: Cannot find module 'discord.js'
[2026-08-10 22:05:47.908] [error] Require stack:
[2026-08-10 22:05:47.909] [error] - C:\Users\김성규\AppData\Local\Programs\haste-client\resources\haste_agent_bridge.js
[2026-08-10 22:05:47.910] [error] at Module._resolveFilename (node:internal/modules/cjs/loader:1524:15)
[2026-08-10 22:05:47.911] [error] at wrapResolveFilename (node:internal/modules/cjs/loader:1078:27)
[2026-08-10 22:05:47.911] [error] at defaultResolveImplForCJSLoading (node:internal/modules/cjs/loader:1102:10)
[2026-08-10 22:05:47.912] [error] at resolveForCJSWithHooks (node:internal/modules/cjs/loader:1129:12)
[2026-08-10 22:05:47.913] [error] at Module._load (node:internal/modules/cjs/loader:1301:5)
[2026-08-10 22:05:47.913] [error] at c._load (node:electron/js2c/node_init:2:18060)
[2026-08-10 22:05:47.914] [error] at wrapModuleLoad (node:internal/modules/cjs/loader:262:19)
[2026-08-10 22:05:47.915] [error] at Module.require (node:internal/modules/cjs/loader:1624:12)
[2026-08-10 22:05:47.916] [error] at require (node:internal/modules/helpers:153:16)
[2026-08-10 22:05:47.916] [error] at Object.<anonymous> (C:\Users\김성규\AppData\Local\Programs\haste-client\resources\haste_agent_bridge.js:627:37) {
[2026-08-10 22:05:47.917] [error] code: 'MODULE_NOT_FOUND',
[2026-08-10 22:05:47.918] [error] requireStack: [
[2026-08-10 22:05:47.919] [error] 'C:\\Users\\김성규\\AppData\\Local\\Programs\\haste-client\\resources\\haste_agent_bridge.js'
[2026-08-10 22:05:47.920] [error] ]
[2026-08-10 22:05:47.920] [error] }
[2026-08-10 22:05:47.921] [error] Node.js v24.18.0
[2026-08-10 22:05:53.040] [error] node:internal/modules/cjs/loader:1527
[2026-08-10 22:05:53.041] [error] throw err;
[2026-08-10 22:05:53.042] [error] ^
[2026-08-10 22:05:53.042] [error] Error: Cannot find module 'discord.js'
[2026-08-10 22:05:53.043] [error] Require stack:
[2026-08-10 22:05:53.044] [error] - C:\Users\김성규\AppData\Local\Programs\haste-client\resources\haste_agent_bridge.js
[2026-08-10 22:05:53.045] [error] at Module._resolveFilename (node:internal/modules/cjs/loader:1524:15)
[2026-08-10 22:05:53.045] [error] at wrapResolveFilename (node:internal/modules/cjs/loader:1078:27)
[2026-08-10 22:05:53.046] [error] at defaultResolveImplForCJSLoading (node:internal/modules/cjs/loader:1102:10)
[2026-08-10 22:05:53.047] [error] at resolveForCJSWithHooks (node:internal/modules/cjs/loader:1129:12)
[2026-08-10 22:05:53.047] [error] at Module._load (node:internal/modules/cjs/loader:1301:5)
[2026-08-10 22:05:53.048] [error] at c._load (node:electron/js2c/node_init:2:18060)
[2026-08-10 22:05:53.049] [error] at wrapModuleLoad (node:internal/modules/cjs/loader:262:19)
[2026-08-10 22:05:53.049] [error] at Module.require (node:internal/modules/cjs/loader:1624:12)
[2026-08-10 22:05:53.050] [error] at require (node:internal/modules/helpers:153:16)
[2026-08-10 22:05:53.051] [error] at Object.<anonymous> (C:\Users\김성규\AppData\Local\Programs\haste-client\resources\haste_agent_bridge.js:627:37) {
[2026-08-10 22:05:53.052] [error] code: 'MODULE_NOT_FOUND',
[2026-08-10 22:05:53.053] [error] requireStack: [
[2026-08-10 22:05:53.054] [error] 'C:\\Users\\김성규\\AppData\\Local\\Programs\\haste-client\\resources\\haste_agent_bridge.js'
[2026-08-10 22:05:53.054] [error] ]
[2026-08-10 22:05:53.055] [error] }
[2026-08-10 22:05:53.056] [error] Node.js v24.18.0
[2026-08-10 22:05:58.185] [error] node:internal/modules/cjs/loader:1527
[2026-08-10 22:05:58.186] [error] throw err;
[2026-08-10 22:05:58.186] [error] ^
[2026-08-10 22:05:58.187] [error] Error: Cannot find module 'discord.js'
[2026-08-10 22:05:58.188] [error] Require stack:
[2026-08-10 22:05:58.189] [error] - C:\Users\김성규\AppData\Local\Programs\haste-client\resources\haste_agent_bridge.js
[2026-08-10 22:05:58.189] [error] at Module._resolveFilename (node:internal/modules/cjs/loader:1524:15)
[2026-08-10 22:05:58.190] [error] at wrapResolveFilename (node:internal/modules/cjs/loader:1078:27)
[2026-08-10 22:05:58.191] [error] at defaultResolveImplForCJSLoading (node:internal/modules/cjs/loader:1102:10)
[2026-08-10 22:05:58.191] [error] at resolveForCJSWithHooks (node:internal/modules/cjs/loader:1129:12)
[2026-08-10 22:05:58.192] [error] at Module._load (node:internal/modules/cjs/loader:1301:5)
[2026-08-10 22:05:58.193] [error] at c._load (node:electron/js2c/node_init:2:18060)
[2026-08-10 22:05:58.193] [error] at wrapModuleLoad (node:internal/modules/cjs/loader:262:19)
[2026-08-10 22:05:58.194] [error] at Module.require (node:internal/modules/cjs/loader:1624:12)
[2026-08-10 22:05:58.195] [error] at require (node:internal/modules/helpers:153:16)
[2026-08-10 22:05:58.195] [error] at Object.<anonymous> (C:\Users\김성규\AppData\Local\Programs\haste-client\resources\haste_agent_bridge.js:627:37) {
[2026-08-10 22:05:58.196] [error] code: 'MODULE_NOT_FOUND',
[2026-08-10 22:05:58.197] [error] requireStack: [
[2026-08-10 22:05:58.198] [error] 'C:\\Users\\김성규\\AppData\\Local\\Programs\\haste-client\\resources\\haste_agent_bridge.js'
[2026-08-10 22:05:58.199] [error] ]
[2026-08-10 22:05:58.199] [error] }
[2026-08-10 22:05:58.200] [error] Node.js v24.18.0
[2026-08-10 22:06:03.328] [error] node:internal/modules/cjs/loader:1527
[2026-08-10 22:06:03.329] [error] throw err;
[2026-08-10 22:06:03.329] [error] ^
[2026-08-10 22:06:03.330] [error] Error: Cannot find module 'discord.js'
[2026-08-10 22:06:03.331] [error] Require stack:
[2026-08-10 22:06:03.331] [error] - C:\Users\김성규\AppData\Local\Programs\haste-client\resources\haste_agent_bridge.js
[2026-08-10 22:06:03.332] [error] at Module._resolveFilename (node:internal/modules/cjs/loader:1524:15)
[2026-08-10 22:06:03.333] [error] at wrapResolveFilename (node:internal/modules/cjs/loader:1078:27)
[2026-08-10 22:06:03.333] [error] at defaultResolveImplForCJSLoading (node:internal/modules/cjs/loader:1102:10)
[2026-08-10 22:06:03.334] [error] at resolveForCJSWithHooks (node:internal/modules/cjs/loader:1129:12)
[2026-08-10 22:06:03.335] [error] at Module._load (node:internal/modules/cjs/loader:1301:5)
[2026-08-10 22:06:03.336] [error] at c._load (node:electron/js2c/node_init:2:18060)
[2026-08-10 22:06:03.337] [error] at wrapModuleLoad (node:internal/modules/cjs/loader:262:19)
[2026-08-10 22:06:03.337] [error] at Module.require (node:internal/modules/cjs/loader:1624:12)
[2026-08-10 22:06:03.338] [error] at require (node:internal/modules/helpers:153:16)
[2026-08-10 22:06:03.339] [error] at Object.<anonymous> (C:\Users\김성규\AppData\Local\Programs\haste-client\resources\haste_agent_bridge.js:627:37) {
[2026-08-10 22:06:03.340] [error] code: 'MODULE_NOT_FOUND',
[2026-08-10 22:06:03.341] [error] requireStack: [
[2026-08-10 22:06:03.341] [error] 'C:\\Users\\김성규\\AppData\\Local\\Programs\\haste-client\\resources\\haste_agent_bridge.js'
[2026-08-10 22:06:03.342] [error] ]
[2026-08-10 22:06:03.343] [error] }
[2026-08-10 22:06:03.343] [error] Node.js v24.18.0
[2026-08-10 22:06:08.462] [error] node:internal/modules/cjs/loader:1527
[2026-08-10 22:06:08.463] [error] throw err;
[2026-08-10 22:06:08.464] [error] ^
[2026-08-10 22:06:08.464] [error] Error: Cannot find module 'discord.js'
[2026-08-10 22:06:08.465] [error] Require stack:
[2026-08-10 22:06:08.466] [error] - C:\Users\김성규\AppData\Local\Programs\haste-client\resources\haste_agent_bridge.js
[2026-08-10 22:06:08.467] [error] at Module._resolveFilename (node:internal/modules/cjs/loader:1524:15)
[2026-08-10 22:06:08.468] [error] at wrapResolveFilename (node:internal/modules/cjs/loader:1078:27)
[2026-08-10 22:06:08.468] [error] at defaultResolveImplForCJSLoading (node:internal/modules/cjs/loader:1102:10)
[2026-08-10 22:06:08.469] [error] at resolveForCJSWithHooks (node:internal/modules/cjs/loader:1129:12)
[2026-08-10 22:06:08.470] [error] at Module._load (node:internal/modules/cjs/loader:1301:5)
[2026-08-10 22:06:08.471] [error] at c._load (node:electron/js2c/node_init:2:18060)
[2026-08-10 22:06:08.471] [error] at wrapModuleLoad (node:internal/modules/cjs/loader:262:19)
[2026-08-10 22:06:08.472] [error] at Module.require (node:internal/modules/cjs/loader:1624:12)
[2026-08-10 22:06:08.473] [error] at require (node:internal/modules/helpers:153:16)
[2026-08-10 22:06:08.473] [error] at Object.<anonymous> (C:\Users\김성규\AppData\Local\Programs\haste-client\resources\haste_agent_bridge.js:627:37) {
[2026-08-10 22:06:08.474] [error] code: 'MODULE_NOT_FOUND',
[2026-08-10 22:06:08.475] [error] requireStack: [
[2026-08-10 22:06:08.476] [error] 'C:\\Users\\김성규\\AppData\\Local\\Programs\\haste-client\\resources\\haste_agent_bridge.js'
[2026-08-10 22:06:08.476] [error] ]
[2026-08-10 22:06:08.477] [error] }
[2026-08-10 22:06:08.478] [error] Node.js v24.18.0
[2026-08-10 22:06:13.606] [error] node:internal/modules/cjs/loader:1527
[2026-08-10 22:06:13.607] [error] throw err;
[2026-08-10 22:06:13.607] [error] ^
[2026-08-10 22:06:13.608] [error] Error: Cannot find module 'discord.js'
[2026-08-10 22:06:13.609] [error] Require stack:
[2026-08-10 22:06:13.610] [error] - C:\Users\김성규\AppData\Local\Programs\haste-client\resources\haste_agent_bridge.js
[2026-08-10 22:06:13.610] [error] at Module._resolveFilename (node:internal/modules/cjs/loader:1524:15)
[2026-08-10 22:06:13.611] [error] at wrapResolveFilename (node:internal/modules/cjs/loader:1078:27)
[2026-08-10 22:06:13.612] [error] at defaultResolveImplForCJSLoading (node:internal/modules/cjs/loader:1102:10)
[2026-08-10 22:06:13.613] [error] at resolveForCJSWithHooks (node:internal/modules/cjs/loader:1129:12)
[2026-08-10 22:06:13.613] [error] at Module._load (node:internal/modules/cjs/loader:1301:5)
[2026-08-10 22:06:13.614] [error] at c._load (node:electron/js2c/node_init:2:18060)
[2026-08-10 22:06:13.615] [error] at wrapModuleLoad (node:internal/modules/cjs/loader:262:19)
[2026-08-10 22:06:13.615] [error] at Module.require (node:internal/modules/cjs/loader:1624:12)
[2026-08-10 22:06:13.616] [error] at require (node:internal/modules/helpers:153:16)
[2026-08-10 22:06:13.617] [error] at Object.<anonymous> (C:\Users\김성규\AppData\Local\Programs\haste-client\resources\haste_agent_bridge.js:627:37) {
[2026-08-10 22:06:13.618] [error] code: 'MODULE_NOT_FOUND',
[2026-08-10 22:06:13.619] [error] requireStack: [
[2026-08-10 22:06:13.620] [error] 'C:\\Users\\김성규\\AppData\\Local\\Programs\\haste-client\\resources\\haste_agent_bridge.js'
[2026-08-10 22:06:13.620] [error] ]
[2026-08-10 22:06:13.621] [error] }
[2026-08-10 22:06:13.622] [error] Node.js v24.18.0
[2026-08-10 22:06:18.747] [error] node:internal/modules/cjs/loader:1527
[2026-08-10 22:06:18.748] [error] throw err;
[2026-08-10 22:06:18.749] [error] ^
[2026-08-10 22:06:18.750] [error] Error: Cannot find module 'discord.js'
[2026-08-10 22:06:18.751] [error] Require stack:
[2026-08-10 22:06:18.751] [error] - C:\Users\김성규\AppData\Local\Programs\haste-client\resources\haste_agent_bridge.js
[2026-08-10 22:06:18.752] [error] at Module._resolveFilename (node:internal/modules/cjs/loader:1524:15)
[2026-08-10 22:06:18.753] [error] at wrapResolveFilename (node:internal/modules/cjs/loader:1078:27)
[2026-08-10 22:06:18.754] [error] at defaultResolveImplForCJSLoading (node:internal/modules/cjs/loader:1102:10)
[2026-08-10 22:06:18.754] [error] at resolveForCJSWithHooks (node:internal/modules/cjs/loader:1129:12)
[2026-08-10 22:06:18.755] [error] at Module._load (node:internal/modules/cjs/loader:1301:5)
[2026-08-10 22:06:18.756] [error] at c._load (node:electron/js2c/node_init:2:18060)
[2026-08-10 22:06:18.757] [error] at wrapModuleLoad (node:internal/modules/cjs/loader:262:19)
[2026-08-10 22:06:18.757] [error] at Module.require (node:internal/modules/cjs/loader:1624:12)
[2026-08-10 22:06:18.758] [error] at require (node:internal/modules/helpers:153:16)
[2026-08-10 22:06:18.759] [error] at Object.<anonymous> (C:\Users\김성규\AppData\Local\Programs\haste-client\resources\haste_agent_bridge.js:627:37) {
[2026-08-10 22:06:18.759] [error] code: 'MODULE_NOT_FOUND',
[2026-08-10 22:06:18.760] [error] requireStack: [
[2026-08-10 22:06:18.761] [error] 'C:\\Users\\김성규\\AppData\\Local\\Programs\\haste-client\\resources\\haste_agent_bridge.js'
[2026-08-10 22:06:18.761] [error] ]
[2026-08-10 22:06:18.762] [error] }
[2026-08-10 22:06:18.763] [error] Node.js v24.18.0
[2026-08-10 22:06:23.911] [error] node:internal/modules/cjs/loader:1527
[2026-08-10 22:06:23.913] [error] throw err;
[2026-08-10 22:06:23.914] [error] ^
[2026-08-10 22:06:23.914] [error] Error: Cannot find module 'discord.js'
[2026-08-10 22:06:23.915] [error] Require stack:
[2026-08-10 22:06:23.916] [error] - C:\Users\김성규\AppData\Local\Programs\haste-client\resources\haste_agent_bridge.js
[2026-08-10 22:06:23.919] [error] at Module._resolveFilename (node:internal/modules/cjs/loader:1524:15)
[2026-08-10 22:06:23.920] [error] at wrapResolveFilename (node:internal/modules/cjs/loader:1078:27)
[2026-08-10 22:06:23.920] [error] at defaultResolveImplForCJSLoading (node:internal/modules/cjs/loader:1102:10)
[2026-08-10 22:06:23.921] [error] at resolveForCJSWithHooks (node:internal/modules/cjs/loader:1129:12)
[2026-08-10 22:06:23.922] [error] at Module._load (node:internal/modules/cjs/loader:1301:5)
[2026-08-10 22:06:23.923] [error] at c._load (node:electron/js2c/node_init:2:18060)
[2026-08-10 22:06:23.924] [error] at wrapModuleLoad (node:internal/modules/cjs/loader:262:19)
[2026-08-10 22:06:23.925] [error] at Module.require (node:internal/modules/cjs/loader:1624:12)
[2026-08-10 22:06:23.926] [error] at require (node:internal/modules/helpers:153:16)
[2026-08-10 22:06:23.927] [error] at Object.<anonymous> (C:\Users\김성규\AppData\Local\Programs\haste-client\resources\haste_agent_bridge.js:627:37) {
[2026-08-10 22:06:23.928] [error] code: 'MODULE_NOT_FOUND',
[2026-08-10 22:06:23.930] [error] requireStack: [
[2026-08-10 22:06:23.931] [error] 'C:\\Users\\김성규\\AppData\\Local\\Programs\\haste-client\\resources\\haste_agent_bridge.js'
[2026-08-10 22:06:23.931] [error] ]
[2026-08-10 22:06:23.932] [error] }
[2026-08-10 22:06:23.933] [error] Node.js v24.18.0
[2026-08-10 22:06:29.065] [error] node:internal/modules/cjs/loader:1527
[2026-08-10 22:06:29.065] [error] throw err;
[2026-08-10 22:06:29.066] [error] ^
[2026-08-10 22:06:29.067] [error] Error: Cannot find module 'discord.js'
[2026-08-10 22:06:29.068] [error] Require stack:
[2026-08-10 22:06:29.068] [error] - C:\Users\김성규\AppData\Local\Programs\haste-client\resources\haste_agent_bridge.js
[2026-08-10 22:06:29.069] [error] at Module._resolveFilename (node:internal/modules/cjs/loader:1524:15)
[2026-08-10 22:06:29.070] [error] at wrapResolveFilename (node:internal/modules/cjs/loader:1078:27)
[2026-08-10 22:06:29.071] [error] at defaultResolveImplForCJSLoading (node:internal/modules/cjs/loader:1102:10)
[2026-08-10 22:06:29.071] [error] at resolveForCJSWithHooks (node:internal/modules/cjs/loader:1129:12)
[2026-08-10 22:06:29.072] [error] at Module._load (node:internal/modules/cjs/loader:1301:5)
[2026-08-10 22:06:29.073] [error] at c._load (node:electron/js2c/node_init:2:18060)
[2026-08-10 22:06:29.073] [error] at wrapModuleLoad (node:internal/modules/cjs/loader:262:19)
[2026-08-10 22:06:29.074] [error] at Module.require (node:internal/modules/cjs/loader:1624:12)
[2026-08-10 22:06:29.075] [error] at require (node:internal/modules/helpers:153:16)
[2026-08-10 22:06:29.075] [error] at Object.<anonymous> (C:\Users\김성규\AppData\Local\Programs\haste-client\resources\haste_agent_bridge.js:627:37) {
[2026-08-10 22:06:29.076] [error] code: 'MODULE_NOT_FOUND',
[2026-08-10 22:06:29.077] [error] requireStack: [
[2026-08-10 22:06:29.078] [error] 'C:\\Users\\김성규\\AppData\\Local\\Programs\\haste-client\\resources\\haste_agent_bridge.js'
[2026-08-10 22:06:29.078] [error] ]
[2026-08-10 22:06:29.079] [error] }
[2026-08-10 22:06:29.080] [error] Node.js v24.18.0
[2026-08-10 22:06:34.225] [error] node:internal/modules/cjs/loader:1527
[2026-08-10 22:06:34.226] [error] throw err;
[2026-08-10 22:06:34.226] [error] ^
[2026-08-10 22:06:34.227] [error] Error: Cannot find module 'discord.js'
[2026-08-10 22:06:34.228] [error] Require stack:
[2026-08-10 22:06:34.229] [error] - C:\Users\김성규\AppData\Local\Programs\haste-client\resources\haste_agent_bridge.js
[2026-08-10 22:06:34.229] [error] at Module._resolveFilename (node:internal/modules/cjs/loader:1524:15)
[2026-08-10 22:06:34.230] [error] at wrapResolveFilename (node:internal/modules/cjs/loader:1078:27)
[2026-08-10 22:06:34.231] [error] at defaultResolveImplForCJSLoading (node:internal/modules/cjs/loader:1102:10)
[2026-08-10 22:06:34.232] [error] at resolveForCJSWithHooks (node:internal/modules/cjs/loader:1129:12)
[2026-08-10 22:06:34.232] [error] at Module._load (node:internal/modules/cjs/loader:1301:5)
[2026-08-10 22:06:34.233] [error] at c._load (node:electron/js2c/node_init:2:18060)
[2026-08-10 22:06:34.234] [error] at wrapModuleLoad (node:internal/modules/cjs/loader:262:19)
[2026-08-10 22:06:34.236] [error] at Module.require (node:internal/modules/cjs/loader:1624:12)
[2026-08-10 22:06:34.237] [error] at require (node:internal/modules/helpers:153:16)
[2026-08-10 22:06:34.238] [error] at Object.<anonymous> (C:\Users\김성규\AppData\Local\Programs\haste-client\resources\haste_agent_bridge.js:627:37) {
[2026-08-10 22:06:34.239] [error] code: 'MODULE_NOT_FOUND',
[2026-08-10 22:06:34.240] [error] requireStack: [
[2026-08-10 22:06:34.240] [error] 'C:\\Users\\김성규\\AppData\\Local\\Programs\\haste-client\\resources\\haste_agent_bridge.js'
[2026-08-10 22:06:34.241] [error] ]
[2026-08-10 22:06:34.242] [error] }
[2026-08-10 22:06:34.242] [error] Node.js v24.18.0
[2026-08-10 22:06:39.435] [error] node:internal/modules/cjs/loader:1527
[2026-08-10 22:06:39.437] [error] throw err;
[2026-08-10 22:06:39.438] [error] ^
[2026-08-10 22:06:39.439] [error] Error: Cannot find module 'discord.js'
[2026-08-10 22:06:39.440] [error] Require stack:
[2026-08-10 22:06:39.441] [error] - C:\Users\김성규\AppData\Local\Programs\haste-client\resources\haste_agent_bridge.js
[2026-08-10 22:06:39.441] [error] at Module._resolveFilename (node:internal/modules/cjs/loader:1524:15)
[2026-08-10 22:06:39.442] [error] at wrapResolveFilename (node:internal/modules/cjs/loader:1078:27)
[2026-08-10 22:06:39.443] [error] at defaultResolveImplForCJSLoading (node:internal/modules/cjs/loader:1102:10)
[2026-08-10 22:06:39.443] [error] at resolveForCJSWithHooks (node:internal/modules/cjs/loader:1129:12)
[2026-08-10 22:06:39.444] [error] at Module._load (node:internal/modules/cjs/loader:1301:5)
[2026-08-10 22:06:39.445] [error] at c._load (node:electron/js2c/node_init:2:18060)
[2026-08-10 22:06:39.445] [error] at wrapModuleLoad (node:internal/modules/cjs/loader:262:19)
[2026-08-10 22:06:39.446] [error] at Module.require (node:internal/modules/cjs/loader:1624:12)
[2026-08-10 22:06:39.447] [error] at require (node:internal/modules/helpers:153:16)
[2026-08-10 22:06:39.447] [error] at Object.<anonymous> (C:\Users\김성규\AppData\Local\Programs\haste-client\resources\haste_agent_bridge.js:627:37) {
[2026-08-10 22:06:39.448] [error] code: 'MODULE_NOT_FOUND',
[2026-08-10 22:06:39.449] [error] requireStack: [
[2026-08-10 22:06:39.450] [error] 'C:\\Users\\김성규\\AppData\\Local\\Programs\\haste-client\\resources\\haste_agent_bridge.js'
[2026-08-10 22:06:39.451] [error] ]
[2026-08-10 22:06:39.452] [error] }
[2026-08-10 22:06:39.453] [error] Node.js v24.18.0
[2026-08-10 22:06:44.626] [error] node:internal/modules/cjs/loader:1527
[2026-08-10 22:06:44.627] [error] throw err;
[2026-08-10 22:06:44.629] [error] ^
[2026-08-10 22:06:44.630] [error] Error: Cannot find module 'discord.js'
[2026-08-10 22:06:44.632] [error] Require stack:
[2026-08-10 22:06:44.634] [error] - C:\Users\김성규\AppData\Local\Programs\haste-client\resources\haste_agent_bridge.js
[2026-08-10 22:06:44.636] [error] at Module._resolveFilename (node:internal/modules/cjs/loader:1524:15)
[2026-08-10 22:06:44.637] [error] at wrapResolveFilename (node:internal/modules/cjs/loader:1078:27)
[2026-08-10 22:06:44.639] [error] at defaultResolveImplForCJSLoading (node:internal/modules/cjs/loader:1102:10)
[2026-08-10 22:06:44.640] [error] at resolveForCJSWithHooks (node:internal/modules/cjs/loader:1129:12)
[2026-08-10 22:06:44.642] [error] at Module._load (node:internal/modules/cjs/loader:1301:5)
[2026-08-10 22:06:44.643] [error] at c._load (node:electron/js2c/node_init:2:18060)
[2026-08-10 22:06:44.645] [error] at wrapModuleLoad (node:internal/modules/cjs/loader:262:19)
[2026-08-10 22:06:44.646] [error] at Module.require (node:internal/modules/cjs/loader:1624:12)
[2026-08-10 22:06:44.647] [error] at require (node:internal/modules/helpers:153:16)
[2026-08-10 22:06:44.648] [error] at Object.<anonymous> (C:\Users\김성규\AppData\Local\Programs\haste-client\resources\haste_agent_bridge.js:627:37) {
[2026-08-10 22:06:44.650] [error] code: 'MODULE_NOT_FOUND',
[2026-08-10 22:06:44.653] [error] requireStack: [
[2026-08-10 22:06:44.654] [error] 'C:\\Users\\김성규\\AppData\\Local\\Programs\\haste-client\\resources\\haste_agent_bridge.js'
[2026-08-10 22:06:44.656] [error] ]
[2026-08-10 22:06:44.657] [error] }
[2026-08-10 22:06:44.658] [error] Node.js v24.18.0
[2026-08-10 22:06:49.789] [error] node:internal/modules/cjs/loader:1527
[2026-08-10 22:06:49.790] [error] throw err;
[2026-08-10 22:06:49.791] [error] ^
[2026-08-10 22:06:49.791] [error] Error: Cannot find module 'discord.js'
[2026-08-10 22:06:49.792] [error] Require stack:
[2026-08-10 22:06:49.793] [error] - C:\Users\김성규\AppData\Local\Programs\haste-client\resources\haste_agent_bridge.js
[2026-08-10 22:06:49.794] [error] at Module._resolveFilename (node:internal/modules/cjs/loader:1524:15)
[2026-08-10 22:06:49.794] [error] at wrapResolveFilename (node:internal/modules/cjs/loader:1078:27)
[2026-08-10 22:06:49.795] [error] at defaultResolveImplForCJSLoading (node:internal/modules/cjs/loader:1102:10)
[2026-08-10 22:06:49.796] [error] at resolveForCJSWithHooks (node:internal/modules/cjs/loader:1129:12)
[2026-08-10 22:06:49.796] [error] at Module._load (node:internal/modules/cjs/loader:1301:5)
[2026-08-10 22:06:49.797] [error] at c._load (node:electron/js2c/node_init:2:18060)
[2026-08-10 22:06:49.798] [error] at wrapModuleLoad (node:internal/modules/cjs/loader:262:19)
[2026-08-10 22:06:49.799] [error] at Module.require (node:internal/modules/cjs/loader:1624:12)
[2026-08-10 22:06:49.799] [error] at require (node:internal/modules/helpers:153:16)
[2026-08-10 22:06:49.800] [error] at Object.<anonymous> (C:\Users\김성규\AppData\Local\Programs\haste-client\resources\haste_agent_bridge.js:627:37) {
[2026-08-10 22:06:49.802] [error] code: 'MODULE_NOT_FOUND',
[2026-08-10 22:06:49.803] [error] requireStack: [
[2026-08-10 22:06:49.804] [error] 'C:\\Users\\김성규\\AppData\\Local\\Programs\\haste-client\\resources\\haste_agent_bridge.js'
[2026-08-10 22:06:49.805] [error] ]
[2026-08-10 22:06:49.806] [error] }
[2026-08-10 22:06:49.807] [error] Node.js v24.18.0
[2026-08-10 22:06:54.941] [error] node:internal/modules/cjs/loader:1527
[2026-08-10 22:06:54.942] [error] throw err;
[2026-08-10 22:06:54.943] [error] ^
[2026-08-10 22:06:54.944] [error] Error: Cannot find module 'discord.js'
[2026-08-10 22:06:54.945] [error] Require stack:
[2026-08-10 22:06:54.946] [error] - C:\Users\김성규\AppData\Local\Programs\haste-client\resources\haste_agent_bridge.js
[2026-08-10 22:06:54.946] [error] at Module._resolveFilename (node:internal/modules/cjs/loader:1524:15)
[2026-08-10 22:06:54.947] [error] at wrapResolveFilename (node:internal/modules/cjs/loader:1078:27)
[2026-08-10 22:06:54.948] [error] at defaultResolveImplForCJSLoading (node:internal/modules/cjs/loader:1102:10)
[2026-08-10 22:06:54.948] [error] at resolveForCJSWithHooks (node:internal/modules/cjs/loader:1129:12)
[2026-08-10 22:06:54.949] [error] at Module._load (node:internal/modules/cjs/loader:1301:5)
[2026-08-10 22:06:54.951] [error] at c._load (node:electron/js2c/node_init:2:18060)
[2026-08-10 22:06:54.952] [error] at wrapModuleLoad (node:internal/modules/cjs/loader:262:19)
[2026-08-10 22:06:54.953] [error] at Module.require (node:internal/modules/cjs/loader:1624:12)
[2026-08-10 22:06:54.955] [error] at require (node:internal/modules/helpers:153:16)
[2026-08-10 22:06:54.956] [error] at Object.<anonymous> (C:\Users\김성규\AppData\Local\Programs\haste-client\resources\haste_agent_bridge.js:627:37) {
[2026-08-10 22:06:54.956] [error] code: 'MODULE_NOT_FOUND',
[2026-08-10 22:06:54.957] [error] requireStack: [
[2026-08-10 22:06:54.958] [error] 'C:\\Users\\김성규\\AppData\\Local\\Programs\\haste-client\\resources\\haste_agent_bridge.js'
[2026-08-10 22:06:54.959] [error] ]
[2026-08-10 22:06:54.960] [error] }
[2026-08-10 22:06:54.960] [error] Node.js v24.18.0
[2026-08-10 22:07:00.092] [error] node:internal/modules/cjs/loader:1527
[2026-08-10 22:07:00.092] [error] throw err;
[2026-08-10 22:07:00.093] [error] ^
[2026-08-10 22:07:00.094] [error] Error: Cannot find module 'discord.js'
[2026-08-10 22:07:00.095] [error] Require stack:
[2026-08-10 22:07:00.095] [error] - C:\Users\김성규\AppData\Local\Programs\haste-client\resources\haste_agent_bridge.js
[2026-08-10 22:07:00.096] [error] at Module._resolveFilename (node:internal/modules/cjs/loader:1524:15)
[2026-08-10 22:07:00.097] [error] at wrapResolveFilename (node:internal/modules/cjs/loader:1078:27)
[2026-08-10 22:07:00.097] [error] at defaultResolveImplForCJSLoading (node:internal/modules/cjs/loader:1102:10)
[2026-08-10 22:07:00.098] [error] at resolveForCJSWithHooks (node:internal/modules/cjs/loader:1129:12)
[2026-08-10 22:07:00.099] [error] at Module._load (node:internal/modules/cjs/loader:1301:5)
[2026-08-10 22:07:00.100] [error] at c._load (node:electron/js2c/node_init:2:18060)
[2026-08-10 22:07:00.101] [error] at wrapModuleLoad (node:internal/modules/cjs/loader:262:19)
[2026-08-10 22:07:00.102] [error] at Module.require (node:internal/modules/cjs/loader:1624:12)
[2026-08-10 22:07:00.103] [error] at require (node:internal/modules/helpers:153:16)
[2026-08-10 22:07:00.104] [error] at Object.<anonymous> (C:\Users\김성규\AppData\Local\Programs\haste-client\resources\haste_agent_bridge.js:627:37) {
[2026-08-10 22:07:00.105] [error] code: 'MODULE_NOT_FOUND',
[2026-08-10 22:07:00.106] [error] requireStack: [
[2026-08-10 22:07:00.107] [error] 'C:\\Users\\김성규\\AppData\\Local\\Programs\\haste-client\\resources\\haste_agent_bridge.js'
[2026-08-10 22:07:00.107] [error] ]
[2026-08-10 22:07:00.108] [error] }
[2026-08-10 22:07:00.109] [error] Node.js v24.18.0
[2026-08-10 22:07:05.311] [error] node:internal/modules/cjs/loader:1527
[2026-08-10 22:07:05.312] [error] throw err;
[2026-08-10 22:07:05.313] [error] ^
[2026-08-10 22:07:05.314] [error] Error: Cannot find module 'discord.js'
[2026-08-10 22:07:05.314] [error] Require stack:
[2026-08-10 22:07:05.315] [error] - C:\Users\김성규\AppData\Local\Programs\haste-client\resources\haste_agent_bridge.js
[2026-08-10 22:07:05.316] [error] at Module._resolveFilename (node:internal/modules/cjs/loader:1524:15)
[2026-08-10 22:07:05.317] [error] at wrapResolveFilename (node:internal/modules/cjs/loader:1078:27)
[2026-08-10 22:07:05.319] [error] at defaultResolveImplForCJSLoading (node:internal/modules/cjs/loader:1102:10)
[2026-08-10 22:07:05.321] [error] at resolveForCJSWithHooks (node:internal/modules/cjs/loader:1129:12)
[2026-08-10 22:07:05.323] [error] at Module._load (node:internal/modules/cjs/loader:1301:5)
[2026-08-10 22:07:05.324] [error] at c._load (node:electron/js2c/node_init:2:18060)
[2026-08-10 22:07:05.325] [error] at wrapModuleLoad (node:internal/modules/cjs/loader:262:19)
[2026-08-10 22:07:05.326] [error] at Module.require (node:internal/modules/cjs/loader:1624:12)
[2026-08-10 22:07:05.327] [error] at require (node:internal/modules/helpers:153:16)
[2026-08-10 22:07:05.328] [error] at Object.<anonymous> (C:\Users\김성규\AppData\Local\Programs\haste-client\resources\haste_agent_bridge.js:627:37) {
[2026-08-10 22:07:05.330] [error] code: 'MODULE_NOT_FOUND',
[2026-08-10 22:07:05.331] [error] requireStack: [
[2026-08-10 22:07:05.332] [error] 'C:\\Users\\김성규\\AppData\\Local\\Programs\\haste-client\\resources\\haste_agent_bridge.js'
[2026-08-10 22:07:05.334] [error] ]
[2026-08-10 22:07:05.335] [error] }
[2026-08-10 22:07:05.336] [error] Node.js v24.18.0
[2026-08-10 22:07:10.461] [error] node:internal/modules/cjs/loader:1527
[2026-08-10 22:07:10.462] [error] throw err;
[2026-08-10 22:07:10.463] [error] ^
[2026-08-10 22:07:10.463] [error] Error: Cannot find module 'discord.js'
[2026-08-10 22:07:10.464] [error] Require stack:
[2026-08-10 22:07:10.465] [error] - C:\Users\김성규\AppData\Local\Programs\haste-client\resources\haste_agent_bridge.js
[2026-08-10 22:07:10.466] [error] at Module._resolveFilename (node:internal/modules/cjs/loader:1524:15)
[2026-08-10 22:07:10.466] [error] at wrapResolveFilename (node:internal/modules/cjs/loader:1078:27)
[2026-08-10 22:07:10.467] [error] at defaultResolveImplForCJSLoading (node:internal/modules/cjs/loader:1102:10)
[2026-08-10 22:07:10.468] [error] at resolveForCJSWithHooks (node:internal/modules/cjs/loader:1129:12)
[2026-08-10 22:07:10.469] [error] at Module._load (node:internal/modules/cjs/loader:1301:5)
[2026-08-10 22:07:10.469] [error] at c._load (node:electron/js2c/node_init:2:18060)
[2026-08-10 22:07:10.470] [error] at wrapModuleLoad (node:internal/modules/cjs/loader:262:19)
[2026-08-10 22:07:10.471] [error] at Module.require (node:internal/modules/cjs/loader:1624:12)
[2026-08-10 22:07:10.471] [error] at require (node:internal/modules/helpers:153:16)
[2026-08-10 22:07:10.472] [error] at Object.<anonymous> (C:\Users\김성규\AppData\Local\Programs\haste-client\resources\haste_agent_bridge.js:627:37) {
[2026-08-10 22:07:10.473] [error] code: 'MODULE_NOT_FOUND',
[2026-08-10 22:07:10.474] [error] requireStack: [
[2026-08-10 22:07:10.474] [error] 'C:\\Users\\김성규\\AppData\\Local\\Programs\\haste-client\\resources\\haste_agent_bridge.js'
[2026-08-10 22:07:10.475] [error] ]
[2026-08-10 22:07:10.476] [error] }
[2026-08-10 22:07:10.477] [error] Node.js v24.18.0
[2026-08-10 22:07:15.706] [error] node:internal/modules/cjs/loader:1527
[2026-08-10 22:07:15.707] [error] throw err;
[2026-08-10 22:07:15.709] [error] ^
[2026-08-10 22:07:15.710] [error] Error: Cannot find module 'discord.js'
[2026-08-10 22:07:15.711] [error] Require stack:
[2026-08-10 22:07:15.712] [error] - C:\Users\김성규\AppData\Local\Programs\haste-client\resources\haste_agent_bridge.js
[2026-08-10 22:07:15.713] [error] at Module._resolveFilename (node:internal/modules/cjs/loader:1524:15)
[2026-08-10 22:07:15.714] [error] at wrapResolveFilename (node:internal/modules/cjs/loader:1078:27)
[2026-08-10 22:07:15.715] [error] at defaultResolveImplForCJSLoading (node:internal/modules/cjs/loader:1102:10)
[2026-08-10 22:07:15.716] [error] at resolveForCJSWithHooks (node:internal/modules/cjs/loader:1129:12)
[2026-08-10 22:07:15.718] [error] at Module._load (node:internal/modules/cjs/loader:1301:5)
[2026-08-10 22:07:15.720] [error] at c._load (node:electron/js2c/node_init:2:18060)
[2026-08-10 22:07:15.722] [error] at wrapModuleLoad (node:internal/modules/cjs/loader:262:19)
[2026-08-10 22:07:15.723] [error] at Module.require (node:internal/modules/cjs/loader:1624:12)
[2026-08-10 22:07:15.724] [error] at require (node:internal/modules/helpers:153:16)
[2026-08-10 22:07:15.725] [error] at Object.<anonymous> (C:\Users\김성규\AppData\Local\Programs\haste-client\resources\haste_agent_bridge.js:627:37) {
[2026-08-10 22:07:15.726] [error] code: 'MODULE_NOT_FOUND',
[2026-08-10 22:07:15.727] [error] requireStack: [
[2026-08-10 22:07:15.728] [error] 'C:\\Users\\김성규\\AppData\\Local\\Programs\\haste-client\\resources\\haste_agent_bridge.js'
[2026-08-10 22:07:15.729] [error] ]
[2026-08-10 22:07:15.731] [error] }
[2026-08-10 22:07:15.732] [error] Node.js v24.18.0
[2026-08-10 22:07:21.035] [error] node:internal/modules/cjs/loader:1527
[2026-08-10 22:07:21.037] [error] throw err;
[2026-08-10 22:07:21.039] [error] ^
[2026-08-10 22:07:21.040] [error] Error: Cannot find module 'discord.js'
[2026-08-10 22:07:21.042] [error] Require stack:
[2026-08-10 22:07:21.044] [error] - C:\Users\김성규\AppData\Local\Programs\haste-client\resources\haste_agent_bridge.js
[2026-08-10 22:07:21.045] [error] at Module._resolveFilename (node:internal/modules/cjs/loader:1524:15)
[2026-08-10 22:07:21.047] [error] at wrapResolveFilename (node:internal/modules/cjs/loader:1078:27)
[2026-08-10 22:07:21.048] [error] at defaultResolveImplForCJSLoading (node:internal/modules/cjs/loader:1102:10)
[2026-08-10 22:07:21.049] [error] at resolveForCJSWithHooks (node:internal/modules/cjs/loader:1129:12)
[2026-08-10 22:07:21.051] [error] at Module._load (node:internal/modules/cjs/loader:1301:5)
[2026-08-10 22:07:21.052] [error] at c._load (node:electron/js2c/node_init:2:18060)
[2026-08-10 22:07:21.054] [error] at wrapModuleLoad (node:internal/modules/cjs/loader:262:19)
[2026-08-10 22:07:21.055] [error] at Module.require (node:internal/modules/cjs/loader:1624:12)
[2026-08-10 22:07:21.056] [error] at require (node:internal/modules/helpers:153:16)
[2026-08-10 22:07:21.058] [error] at Object.<anonymous> (C:\Users\김성규\AppData\Local\Programs\haste-client\resources\haste_agent_bridge.js:627:37) {
[2026-08-10 22:07:21.059] [error] code: 'MODULE_NOT_FOUND',
[2026-08-10 22:07:21.061] [error] requireStack: [
[2026-08-10 22:07:21.062] [error] 'C:\\Users\\김성규\\AppData\\Local\\Programs\\haste-client\\resources\\haste_agent_bridge.js'
[2026-08-10 22:07:21.063] [error] ]
[2026-08-10 22:07:21.065] [error] }
[2026-08-10 22:07:21.066] [error] Node.js v24.18.0
[2026-08-10 22:07:26.292] [error] node:internal/modules/cjs/loader:1527
[2026-08-10 22:07:26.294] [error] throw err;
[2026-08-10 22:07:26.295] [error] ^
[2026-08-10 22:07:26.297] [error] Error: Cannot find module 'discord.js'
[2026-08-10 22:07:26.298] [error] Require stack:
[2026-08-10 22:07:26.298] [error] - C:\Users\김성규\AppData\Local\Programs\haste-client\resources\haste_agent_bridge.js
[2026-08-10 22:07:26.299] [error] at Module._resolveFilename (node:internal/modules/cjs/loader:1524:15)
[2026-08-10 22:07:26.301] [error] at wrapResolveFilename (node:internal/modules/cjs/loader:1078:27)
[2026-08-10 22:07:26.305] [error] at defaultResolveImplForCJSLoading (node:internal/modules/cjs/loader:1102:10)
[2026-08-10 22:07:26.308] [error] at resolveForCJSWithHooks (node:internal/modules/cjs/loader:1129:12)
[2026-08-10 22:07:26.310] [error] at Module._load (node:internal/modules/cjs/loader:1301:5)
[2026-08-10 22:07:26.312] [error] at c._load (node:electron/js2c/node_init:2:18060)
[2026-08-10 22:07:26.315] [error] at wrapModuleLoad (node:internal/modules/cjs/loader:262:19)
[2026-08-10 22:07:26.318] [error] at Module.require (node:internal/modules/cjs/loader:1624:12)
[2026-08-10 22:07:26.320] [error] at require (node:internal/modules/helpers:153:16)
[2026-08-10 22:07:26.322] [error] at Object.<anonymous> (C:\Users\김성규\AppData\Local\Programs\haste-client\resources\haste_agent_bridge.js:627:37) {
[2026-08-10 22:07:26.323] [error] code: 'MODULE_NOT_FOUND',
[2026-08-10 22:07:26.324] [error] requireStack: [
[2026-08-10 22:07:26.325] [error] 'C:\\Users\\김성규\\AppData\\Local\\Programs\\haste-client\\resources\\haste_agent_bridge.js'
[2026-08-10 22:07:26.326] [error] ]
[2026-08-10 22:07:26.327] [error] }
[2026-08-10 22:07:26.328] [error] Node.js v24.18.0
[2026-08-10 22:07:31.461] [error] node:internal/modules/cjs/loader:1527
[2026-08-10 22:07:31.462] [error] throw err;
[2026-08-10 22:07:31.462] [error] ^
[2026-08-10 22:07:31.463] [error] Error: Cannot find module 'discord.js'
[2026-08-10 22:07:31.464] [error] Require stack:
[2026-08-10 22:07:31.465] [error] - C:\Users\김성규\AppData\Local\Programs\haste-client\resources\haste_agent_bridge.js
[2026-08-10 22:07:31.465] [error] at Module._resolveFilename (node:internal/modules/cjs/loader:1524:15)
[2026-08-10 22:07:31.466] [error] at wrapResolveFilename (node:internal/modules/cjs/loader:1078:27)
[2026-08-10 22:07:31.467] [error] at defaultResolveImplForCJSLoading (node:internal/modules/cjs/loader:1102:10)
[2026-08-10 22:07:31.468] [error] at resolveForCJSWithHooks (node:internal/modules/cjs/loader:1129:12)
[2026-08-10 22:07:31.469] [error] at Module._load (node:internal/modules/cjs/loader:1301:5)
[2026-08-10 22:07:31.470] [error] at c._load (node:electron/js2c/node_init:2:18060)
[2026-08-10 22:07:31.471] [error] at wrapModuleLoad (node:internal/modules/cjs/loader:262:19)
[2026-08-10 22:07:31.472] [error] at Module.require (node:internal/modules/cjs/loader:1624:12)
[2026-08-10 22:07:31.473] [error] at require (node:internal/modules/helpers:153:16)
[2026-08-10 22:07:31.474] [error] at Object.<anonymous> (C:\Users\김성규\AppData\Local\Programs\haste-client\resources\haste_agent_bridge.js:627:37) {
[2026-08-10 22:07:31.475] [error] code: 'MODULE_NOT_FOUND',
[2026-08-10 22:07:31.476] [error] requireStack: [
[2026-08-10 22:07:31.476] [error] 'C:\\Users\\김성규\\AppData\\Local\\Programs\\haste-client\\resources\\haste_agent_bridge.js'
[2026-08-10 22:07:31.477] [error] ]
[2026-08-10 22:07:31.478] [error] }
[2026-08-10 22:07:31.478] [error] Node.js v24.18.0
[2026-08-10 22:07:36.607] [error] node:internal/modules/cjs/loader:1527
[2026-08-10 22:07:36.608] [error] throw err;
[2026-08-10 22:07:36.609] [error] ^
[2026-08-10 22:07:36.610] [error] Error: Cannot find module 'discord.js'
[2026-08-10 22:07:36.611] [error] Require stack:
[2026-08-10 22:07:36.611] [error] - C:\Users\김성규\AppData\Local\Programs\haste-client\resources\haste_agent_bridge.js
[2026-08-10 22:07:36.612] [error] at Module._resolveFilename (node:internal/modules/cjs/loader:1524:15)
[2026-08-10 22:07:36.613] [error] at wrapResolveFilename (node:internal/modules/cjs/loader:1078:27)
[2026-08-10 22:07:36.614] [error] at defaultResolveImplForCJSLoading (node:internal/modules/cjs/loader:1102:10)
[2026-08-10 22:07:36.614] [error] at resolveForCJSWithHooks (node:internal/modules/cjs/loader:1129:12)
[2026-08-10 22:07:36.615] [error] at Module._load (node:internal/modules/cjs/loader:1301:5)
[2026-08-10 22:07:36.616] [error] at c._load (node:electron/js2c/node_init:2:18060)
[2026-08-10 22:07:36.616] [error] at wrapModuleLoad (node:internal/modules/cjs/loader:262:19)
[2026-08-10 22:07:36.617] [error] at Module.require (node:internal/modules/cjs/loader:1624:12)
[2026-08-10 22:07:36.618] [error] at require (node:internal/modules/helpers:153:16)
[2026-08-10 22:07:36.619] [error] at Object.<anonymous> (C:\Users\김성규\AppData\Local\Programs\haste-client\resources\haste_agent_bridge.js:627:37) {
[2026-08-10 22:07:36.620] [error] code: 'MODULE_NOT_FOUND',
[2026-08-10 22:07:36.621] [error] requireStack: [
[2026-08-10 22:07:36.621] [error] 'C:\\Users\\김성규\\AppData\\Local\\Programs\\haste-client\\resources\\haste_agent_bridge.js'
[2026-08-10 22:07:36.622] [error] ]
[2026-08-10 22:07:36.623] [error] }
[2026-08-10 22:07:36.623] [error] Node.js v24.18.0
[2026-08-10 22:07:41.763] [error] node:internal/modules/cjs/loader:1527
[2026-08-10 22:07:41.764] [error] throw err;
[2026-08-10 22:07:41.765] [error] ^
[2026-08-10 22:07:41.766] [error] Error: Cannot find module 'discord.js'
[2026-08-10 22:07:41.766] [error] Require stack:
[2026-08-10 22:07:41.767] [error] - C:\Users\김성규\AppData\Local\Programs\haste-client\resources\haste_agent_bridge.js
[2026-08-10 22:07:41.768] [error] at Module._resolveFilename (node:internal/modules/cjs/loader:1524:15)
[2026-08-10 22:07:41.769] [error] at wrapResolveFilename (node:internal/modules/cjs/loader:1078:27)
[2026-08-10 22:07:41.770] [error] at defaultResolveImplForCJSLoading (node:internal/modules/cjs/loader:1102:10)
[2026-08-10 22:07:41.771] [error] at resolveForCJSWithHooks (node:internal/modules/cjs/loader:1129:12)
[2026-08-10 22:07:41.772] [error] at Module._load (node:internal/modules/cjs/loader:1301:5)
[2026-08-10 22:07:41.772] [error] at c._load (node:electron/js2c/node_init:2:18060)
[2026-08-10 22:07:41.773] [error] at wrapModuleLoad (node:internal/modules/cjs/loader:262:19)
[2026-08-10 22:07:41.774] [error] at Module.require (node:internal/modules/cjs/loader:1624:12)
[2026-08-10 22:07:41.775] [error] at require (node:internal/modules/helpers:153:16)
[2026-08-10 22:07:41.775] [error] at Object.<anonymous> (C:\Users\김성규\AppData\Local\Programs\haste-client\resources\haste_agent_bridge.js:627:37) {
[2026-08-10 22:07:41.776] [error] code: 'MODULE_NOT_FOUND',
[2026-08-10 22:07:41.777] [error] requireStack: [
[2026-08-10 22:07:41.777] [error] 'C:\\Users\\김성규\\AppData\\Local\\Programs\\haste-client\\resources\\haste_agent_bridge.js'
[2026-08-10 22:07:41.778] [error] ]
[2026-08-10 22:07:41.779] [error] }
[2026-08-10 22:07:41.780] [error] Node.js v24.18.0
[2026-08-10 22:07:46.930] [error] node:internal/modules/cjs/loader:1527
[2026-08-10 22:07:46.932] [error] throw err;
[2026-08-10 22:07:46.933] [error] ^
[2026-08-10 22:07:46.934] [error] Error: Cannot find module 'discord.js'
[2026-08-10 22:07:46.936] [error] Require stack:
[2026-08-10 22:07:46.938] [error] - C:\Users\김성규\AppData\Local\Programs\haste-client\resources\haste_agent_bridge.js
[2026-08-10 22:07:46.939] [error] at Module._resolveFilename (node:internal/modules/cjs/loader:1524:15)
[2026-08-10 22:07:46.941] [error] at wrapResolveFilename (node:internal/modules/cjs/loader:1078:27)
[2026-08-10 22:07:46.942] [error] at defaultResolveImplForCJSLoading (node:internal/modules/cjs/loader:1102:10)
[2026-08-10 22:07:46.943] [error] at resolveForCJSWithHooks (node:internal/modules/cjs/loader:1129:12)
[2026-08-10 22:07:46.944] [error] at Module._load (node:internal/modules/cjs/loader:1301:5)
[2026-08-10 22:07:46.945] [error] at c._load (node:electron/js2c/node_init:2:18060)
[2026-08-10 22:07:46.946] [error] at wrapModuleLoad (node:internal/modules/cjs/loader:262:19)
[2026-08-10 22:07:46.947] [error] at Module.require (node:internal/modules/cjs/loader:1624:12)
[2026-08-10 22:07:46.948] [error] at require (node:internal/modules/helpers:153:16)
[2026-08-10 22:07:46.949] [error] at Object.<anonymous> (C:\Users\김성규\AppData\Local\Programs\haste-client\resources\haste_agent_bridge.js:627:37) {
[2026-08-10 22:07:46.950] [error] code: 'MODULE_NOT_FOUND',
[2026-08-10 22:07:46.951] [error] requireStack: [
[2026-08-10 22:07:46.953] [error] 'C:\\Users\\김성규\\AppData\\Local\\Programs\\haste-client\\resources\\haste_agent_bridge.js'
[2026-08-10 22:07:46.954] [error] ]
[2026-08-10 22:07:46.954] [error] }
[2026-08-10 22:07:46.955] [error] Node.js v24.18.0
[2026-08-10 22:07:52.082] [error] node:internal/modules/cjs/loader:1527
[2026-08-10 22:07:52.083] [error] throw err;
[2026-08-10 22:07:52.084] [error] ^
[2026-08-10 22:07:52.085] [error] Error: Cannot find module 'discord.js'
[2026-08-10 22:07:52.086] [error] Require stack:
[2026-08-10 22:07:52.087] [error] - C:\Users\김성규\AppData\Local\Programs\haste-client\resources\haste_agent_bridge.js
[2026-08-10 22:07:52.088] [error] at Module._resolveFilename (node:internal/modules/cjs/loader:1524:15)
[2026-08-10 22:07:52.088] [error] at wrapResolveFilename (node:internal/modules/cjs/loader:1078:27)
[2026-08-10 22:07:52.089] [error] at defaultResolveImplForCJSLoading (node:internal/modules/cjs/loader:1102:10)
[2026-08-10 22:07:52.090] [error] at resolveForCJSWithHooks (node:internal/modules/cjs/loader:1129:12)
[2026-08-10 22:07:52.090] [error] at Module._load (node:internal/modules/cjs/loader:1301:5)
[2026-08-10 22:07:52.091] [error] at c._load (node:electron/js2c/node_init:2:18060)
[2026-08-10 22:07:52.092] [error] at wrapModuleLoad (node:internal/modules/cjs/loader:262:19)
[2026-08-10 22:07:52.093] [error] at Module.require (node:internal/modules/cjs/loader:1624:12)
[2026-08-10 22:07:52.093] [error] at require (node:internal/modules/helpers:153:16)
[2026-08-10 22:07:52.094] [error] at Object.<anonymous> (C:\Users\김성규\AppData\Local\Programs\haste-client\resources\haste_agent_bridge.js:627:37) {
[2026-08-10 22:07:52.095] [error] code: 'MODULE_NOT_FOUND',
[2026-08-10 22:07:52.096] [error] requireStack: [
[2026-08-10 22:07:52.096] [error] 'C:\\Users\\김성규\\AppData\\Local\\Programs\\haste-client\\resources\\haste_agent_bridge.js'
[2026-08-10 22:07:52.097] [error] ]
[2026-08-10 22:07:52.098] [error] }
[2026-08-10 22:07:52.098] [error] Node.js v24.18.0
[2026-08-10 22:07:57.225] [error] node:internal/modules/cjs/loader:1527
[2026-08-10 22:07:57.226] [error] throw err;
[2026-08-10 22:07:57.227] [error] ^
[2026-08-10 22:07:57.227] [error] Error: Cannot find module 'discord.js'
[2026-08-10 22:07:57.228] [error] Require stack:
[2026-08-10 22:07:57.229] [error] - C:\Users\김성규\AppData\Local\Programs\haste-client\resources\haste_agent_bridge.js
[2026-08-10 22:07:57.230] [error] at Module._resolveFilename (node:internal/modules/cjs/loader:1524:15)
[2026-08-10 22:07:57.230] [error] at wrapResolveFilename (node:internal/modules/cjs/loader:1078:27)
[2026-08-10 22:07:57.231] [error] at defaultResolveImplForCJSLoading (node:internal/modules/cjs/loader:1102:10)
[2026-08-10 22:07:57.232] [error] at resolveForCJSWithHooks (node:internal/modules/cjs/loader:1129:12)
[2026-08-10 22:07:57.233] [error] at Module._load (node:internal/modules/cjs/loader:1301:5)
[2026-08-10 22:07:57.233] [error] at c._load (node:electron/js2c/node_init:2:18060)
[2026-08-10 22:07:57.234] [error] at wrapModuleLoad (node:internal/modules/cjs/loader:262:19)
[2026-08-10 22:07:57.236] [error] at Module.require (node:internal/modules/cjs/loader:1624:12)
[2026-08-10 22:07:57.236] [error] at require (node:internal/modules/helpers:153:16)
[2026-08-10 22:07:57.237] [error] at Object.<anonymous> (C:\Users\김성규\AppData\Local\Programs\haste-client\resources\haste_agent_bridge.js:627:37) {
[2026-08-10 22:07:57.238] [error] code: 'MODULE_NOT_FOUND',
[2026-08-10 22:07:57.239] [error] requireStack: [
[2026-08-10 22:07:57.239] [error] 'C:\\Users\\김성규\\AppData\\Local\\Programs\\haste-client\\resources\\haste_agent_bridge.js'
[2026-08-10 22:07:57.240] [error] ]
[2026-08-10 22:07:57.241] [error] }
[2026-08-10 22:07:57.242] [error] Node.js v24.18.0
[2026-08-10 22:08:02.366] [error] node:internal/modules/cjs/loader:1527
[2026-08-10 22:08:02.367] [error] throw err;
[2026-08-10 22:08:02.368] [error] ^
[2026-08-10 22:08:02.369] [error] Error: Cannot find module 'discord.js'
[2026-08-10 22:08:02.370] [error] Require stack:
[2026-08-10 22:08:02.371] [error] - C:\Users\김성규\AppData\Local\Programs\haste-client\resources\haste_agent_bridge.js
[2026-08-10 22:08:02.372] [error] at Module._resolveFilename (node:internal/modules/cjs/loader:1524:15)
[2026-08-10 22:08:02.374] [error] at wrapResolveFilename (node:internal/modules/cjs/loader:1078:27)
[2026-08-10 22:08:02.374] [error] at defaultResolveImplForCJSLoading (node:internal/modules/cjs/loader:1102:10)
[2026-08-10 22:08:02.375] [error] at resolveForCJSWithHooks (node:internal/modules/cjs/loader:1129:12)
[2026-08-10 22:08:02.376] [error] at Module._load (node:internal/modules/cjs/loader:1301:5)
[2026-08-10 22:08:02.376] [error] at c._load (node:electron/js2c/node_init:2:18060)
[2026-08-10 22:08:02.377] [error] at wrapModuleLoad (node:internal/modules/cjs/loader:262:19)
[2026-08-10 22:08:02.378] [error] at Module.require (node:internal/modules/cjs/loader:1624:12)
[2026-08-10 22:08:02.379] [error] at require (node:internal/modules/helpers:153:16)
[2026-08-10 22:08:02.379] [error] at Object.<anonymous> (C:\Users\김성규\AppData\Local\Programs\haste-client\resources\haste_agent_bridge.js:627:37) {
[2026-08-10 22:08:02.380] [error] code: 'MODULE_NOT_FOUND',
[2026-08-10 22:08:02.381] [error] requireStack: [
[2026-08-10 22:08:02.381] [error] 'C:\\Users\\김성규\\AppData\\Local\\Programs\\haste-client\\resources\\haste_agent_bridge.js'
[2026-08-10 22:08:02.382] [error] ]
[2026-08-10 22:08:02.383] [error] }
[2026-08-10 22:08:02.384] [error] Node.js v24.18.0