[2026-08-31 18:04:41.163] [info]  [toss] event=order.completed status=success source=toss virtual=on mode=order orderId=749555144070634585 bill=749555144070634585 menuCount=1
[2026-08-31 18:28:52.611] [info]  [toss] event=order.completed status=success source=toss virtual=on mode=order orderId=749561232413449235 bill=749561232413449235 menuCount=1
[2026-08-31 18:33:18.957] [info]  [toss] event=order.completed status=success source=toss virtual=on mode=order orderId=749562351118216487 bill=749562351118216487 menuCount=1
[2026-08-31 18:33:48.371] [info]  [toss] event=order.completed status=success source=toss virtual=on mode=order orderId=749562472291480047 bill=749562472291480047 menuCount=1
[2026-08-31 18:38:30.802] [info]  [manual] event=order.received status=success source=manual virtual=on mode=test orderId=INSTANT-1788169110471 bill=0000 menuCount=1 mappings=[{"baseCode":"GSH2013","recipeCode":"GSH2013","matchedMenuName":"HOT_말차샷라떼(시그니처,_연하게)","stepsSummary":"CUP:HOT,_COFFEE:30,_HOT_MILK:260,_말차:50,_설탕:10,_NONE:NONE,_NONE:NONE,_NONE:NONE,_NONE:NONE,_NONE:NONE"}] isTestBrew=true
[2026-08-31 18:38:39.604] [info]  [manual] event=order.completed status=success source=manual virtual=on mode=test orderId=INSTANT-1788169110471 bill=0000 menuCount=1
[2026-08-31 18:39:09.436] [info]  [manual] event=order.received status=success source=manual virtual=on mode=test orderId=INSTANT-1788169149426 bill=0000 menuCount=1 mappings=[{"baseCode":"GPI2005","recipeCode":"GPI2005","matchedMenuName":"ICED_카라멜마끼아또(스페셜티)","stepsSummary":"CUP:ICE,_COFFEE:61,_ICE:5000,_COLD_MILK:120,_카라멜:30,_NONE:NONE,_NONE:NONE,_NONE:NONE,_NONE:NONE,_NONE:NONE"}] isTestBrew=true
[2026-08-31 18:39:18.236] [info]  [manual] event=order.completed status=success source=manual virtual=on mode=test orderId=INSTANT-1788169149426 bill=0000 menuCount=1
[2026-08-31 18:39:35.868] [info]  [manual] event=order.received status=success source=manual virtual=on mode=test orderId=INSTANT-1788169175550 bill=0000 menuCount=1 mappings=[{"baseCode":"GTI5006","recipeCode":"GTI5006","matchedMenuName":"ICED_딸기티","stepsSummary":"CUP:ICE,_ICE:5000,_COLD:125,_딸기:50,_얼그레이:5,_NONE:NONE,_NONE:NONE,_NONE:NONE,_NONE:NONE,_NONE:NONE"}] isTestBrew=true
[2026-08-31 18:39:44.633] [info]  [manual] event=order.completed status=success source=manual virtual=on mode=test orderId=INSTANT-1788169175550 bill=0000 menuCount=1
[2026-08-31 18:39:56.104] [info]  [manual] event=order.received status=success source=manual virtual=on mode=test orderId=INSTANT-1788169196098 bill=0000 menuCount=1 mappings=[{"baseCode":"GAI4009","recipeCode":"GAI4009","matchedMenuName":"ICED_딸기에이드","stepsSummary":"CUP:ICE,_ICE:5000,_SPARKLE:160,_딸기:50,_NONE:NONE,_NONE:NONE,_NONE:NONE,_NONE:NONE,_NONE:NONE,_NONE:NONE"}] isTestBrew=true
[2026-08-31 18:40:03.771] [info]  [manual] event=order.completed status=success source=manual virtual=on mode=test orderId=INSTANT-1788169196098 bill=0000 menuCount=1
[2026-08-31 18:40:14.109] [info]  [manual] event=order.received status=success source=manual virtual=on mode=test orderId=INSTANT-1788169213785 bill=0000 menuCount=1 mappings=[{"baseCode":"GAI4005","recipeCode":"GAI4005","matchedMenuName":"ICED_오미자에이드","stepsSummary":"CUP:ICE,_ICE:5000,_SPARKLE:160,_오미자:60,_NONE:NONE,_NONE:NONE,_NONE:NONE,_NONE:NONE,_NONE:NONE,_NONE:NONE"}] isTestBrew=true
[2026-08-31 18:40:20.523] [info]  [manual] event=order.completed status=success source=manual virtual=on mode=test orderId=INSTANT-1788169213785 bill=0000 menuCount=1
[2026-08-31 19:47:18.343] [error] [toss] event=order.failed status=failed stage=HARDWARE source=toss virtual=off mode=order orderId=749580220090398599 bill=749580220090398599 menuCount=1 error=HW물리검증_실패:_Timeout_has_occurred
[2026-08-31 19:49:46.991] [info]  [toss] event=order.completed status=success source=toss virtual=off mode=order orderId=749581250220021127 bill=749581250220021127 menuCount=1
[2026-08-31 20:03:33.007] [info]  [toss] event=order.completed status=success source=toss virtual=off mode=order orderId=749584855719072587 bill=749584855719072587 menuCount=1
[2026-08-31 20:07:36.745] [info]  [toss] event=order.completed status=success source=toss virtual=off mode=order orderId=749585906291731329 bill=749585906291731329 menuCount=1
[2026-08-31 20:14:55.762] [info]  [toss] event=order.completed status=success source=toss virtual=off mode=order orderId=749587792268737331 bill=749587792268737331 menuCount=1
[2026-08-31 22:23:07.917] [info]  [toss] event=order.completed status=success source=toss virtual=off mode=order orderId=749620050006489016 bill=749620050006489016 menuCount=1
[2026-08-31 22:24:39.549] [info]  [toss] event=order.completed status=success source=toss virtual=off mode=order orderId=749620422594906716 bill=749620422594906716 menuCount=1