[2026-08-10 16:22:26.911] [info]  [serialport] event=serialport.connect status=started scope=all
[2026-08-10 16:22:26.932] [info]  [serialport] event=serialport.connect status=started scope=all
[2026-08-10 16:22:27.085] [error] [serialport] event=serialport.error status=failed reason=port_error boardName=board1 port=COM3 message="Opening COM3: Access denied"
[2026-08-10 16:22:27.205] [debug] [serialport] event=serialport.connect status=success boardName=board1 port=COM3
[2026-08-10 16:22:27.328] [debug] [serialport] event=serialport.packet status=success boardName=board1 length=24 message="bytearray(b'\\x020A1DCP0201A00101A10344\\x03')"
[2026-08-10 16:24:06.848] [info]  [serialport] event=serialport.connect status=started scope=all
[2026-08-10 16:24:06.873] [info]  [serialport] event=serialport.connect status=started scope=all
[2026-08-10 16:24:07.012] [error] [serialport] event=serialport.error status=failed reason=port_error boardName=board1 port=COM3 message="Opening COM3: Access denied"
[2026-08-10 16:24:07.135] [debug] [serialport] event=serialport.connect status=success boardName=board1 port=COM3
[2026-08-10 16:24:07.334] [debug] [serialport] event=serialport.packet status=success boardName=board1 length=24 message="bytearray(b'\\x020A1DCP0201A00101A10344\\x03')"
[2026-08-10 16:28:46.204] [info]  [serialport] event=settings.change status=success scope=all
[2026-08-10 16:28:46.205] [info]  [serialport] event=serialport.connect status=started scope=all
[2026-08-10 16:28:46.207] [info]  [serialport] event=serialport.connect status=started scope=all
[2026-08-10 16:28:46.260] [info]  [serialport] event=serialport.connect status=started scope=all
[2026-08-10 16:28:46.473] [debug] [serialport] event=serialport.close status=success boardName=board1 port=COM3
[2026-08-10 16:28:46.475] [error] [serialport] event=serialport.error status=failed reason=port_error boardName=board1 port=COM5 message="Opening COM5: Access denied"
[2026-08-10 16:28:46.488] [error] [serialport] event=serialport.error status=failed reason=port_error boardName=board1 port=COM5 message="Opening COM5: Access denied"
[2026-08-10 16:28:46.606] [debug] [serialport] event=serialport.connect status=success boardName=board1 port=COM5
[2026-08-10 16:28:46.674] [debug] [serialport] event=serialport.packet status=success boardName=board1 length=24 message="bytearray(b'\\x020A1DCP0201A00101A10344\\x03')"
[2026-08-10 16:28:46.729] [debug] [serialport] event=serialport.packet status=success boardName=board1 length=24 message="bytearray(b'\\x020A1DPC0200A00101A00342\\x03')"
[2026-08-10 16:28:46.731] [debug] [serialport] event=serialport.packet.parse status=success boardName=board1 message="{\"isValidStx\":true,\"isValidEtx\":true,\"isValidDst\":true,\"isValidSrc\":true,\"isValidLength\":true,\"fnc\":\"1\",\"act\":\"D\",\"data\":{\"0\":48,\"1\":50,\"2\":48,\"3\":48,\"4\":65,\"5\":48,\"6\":48,\"7\":49,\"8\":48,\"9\":49,\"10\":65,\"11\":48,\"12\":48,\"13\":51,\"14\":52},\"values\":[\"02\",\"00\",\"A0\",\"01\",\"01\",\"A0\",\"03\"],\"part\":{},\"isValidChecksum\":true}"