[2026-08-17 07:05:46.392] [debug] [serialport] [serialport] event=serialport.packet status=success boardName=board1 length=50 message="bytearray(b'\\x02174DPC0000100000100010000100000000000000000000F7\\x03')"
[2026-08-17 07:05:46.398] [debug] [serialport] [serialport] event=serialport.packet.parse status=success boardName=board1 message="{\"isValidStx\":true,\"isValidEtx\":true,\"isValidDst\":true,\"isValidSrc\":true,\"isValidLength\":true,\"fnc\":\"4\",\"act\":\"D\",\"data\":{\"0\":48,\"1\":48,\"2\":48,\"3\":48,\"4\":49,\"5\":48,\"6\":48,\"7\":48,\"8\":48,\"9\":48,\"10\":49,\"11\":48,\"12\":48,\"13\":48,\"14\":49,\"15\":48,\"16\":48,\"17\":48,\"18\":48,\"19\":49,\"20\":48,\"21\":48,\"22\":48,\"23\":48,\"24\":48,\"25\":48,\"26\":48,\"27\":48,\"28\":48,\"29\":48,\"30\":48,\"31\":48,\"32\":48,\"33\":48,\"34\":48,\"35\":48,\"36\":48,\"37\":48,\"38\":48,\"39\":48,\"40\":70},\"values\":[0,0,0,0,1,0,0,0,0,0,1,0,0,0,1,0,0,0,0,1,0,0,0,0,0,0,0,0,0,0,0,0,0,0,0,0,0,0,0,0,22],\"part\":{},\"isValidChecksum\":true}"
[2026-08-17 07:05:46.440] [debug] [cup] [cup] event=cup.unmount status=success sensor=slideDoorSafetySensor2 value=1
[2026-08-17 07:05:46.625] [debug] [serialport] [serialport] event=serialport.packet status=success boardName=board1 length=10 message="bytearray(b'\\x02034QCP7B\\x03')"
[2026-08-17 07:05:46.642] [debug] [cup] [cup] event=cup.unmount status=success sensor=slideDoorSafetySensor2 value=1
[2026-08-17 07:05:46.785] [debug] [serialport] [serialport] event=serialport.packet status=success boardName=board1 length=50 message="bytearray(b'\\x02174DPC0000100000100010000100000000000000000000F7\\x03')"
[2026-08-17 07:05:46.788] [debug] [serialport] [serialport] event=serialport.packet.parse status=success boardName=board1 message="{\"isValidStx\":true,\"isValidEtx\":true,\"isValidDst\":true,\"isValidSrc\":true,\"isValidLength\":true,\"fnc\":\"4\",\"act\":\"D\",\"data\":{\"0\":48,\"1\":48,\"2\":48,\"3\":48,\"4\":49,\"5\":48,\"6\":48,\"7\":48,\"8\":48,\"9\":48,\"10\":49,\"11\":48,\"12\":48,\"13\":48,\"14\":49,\"15\":48,\"16\":48,\"17\":48,\"18\":48,\"19\":49,\"20\":48,\"21\":48,\"22\":48,\"23\":48,\"24\":48,\"25\":48,\"26\":48,\"27\":48,\"28\":48,\"29\":48,\"30\":48,\"31\":48,\"32\":48,\"33\":48,\"34\":48,\"35\":48,\"36\":48,\"37\":48,\"38\":48,\"39\":48,\"40\":70},\"values\":[0,0,0,0,1,0,0,0,0,0,1,0,0,0,1,0,0,0,0,1,0,0,0,0,0,0,0,0,0,0,0,0,0,0,0,0,0,0,0,0,22],\"part\":{},\"isValidChecksum\":true}"
[2026-08-17 07:05:46.799] [debug] [serialport] [serialport] event=serialport.packet status=success boardName=board1 length=10 message="bytearray(b'\\x02034QCP7B\\x03')"
[2026-08-17 07:05:47.011] [debug] [cup] [cup] event=cup.unmount status=success sensor=slideDoorSafetySensor2 value=1
[2026-08-17 07:05:47.014] [debug] [serialport] [serialport] event=serialport.packet status=success boardName=board1 length=50 message="bytearray(b'\\x02174DPC0000100000100010000100000000000000000000F7\\x03')"
[2026-08-17 07:05:47.016] [debug] [serialport] [serialport] event=serialport.packet.parse status=success boardName=board1 message="{\"isValidStx\":true,\"isValidEtx\":true,\"isValidDst\":true,\"isValidSrc\":true,\"isValidLength\":true,\"fnc\":\"4\",\"act\":\"D\",\"data\":{\"0\":48,\"1\":48,\"2\":48,\"3\":48,\"4\":49,\"5\":48,\"6\":48,\"7\":48,\"8\":48,\"9\":48,\"10\":49,\"11\":48,\"12\":48,\"13\":48,\"14\":49,\"15\":48,\"16\":48,\"17\":48,\"18\":48,\"19\":49,\"20\":48,\"21\":48,\"22\":48,\"23\":48,\"24\":48,\"25\":48,\"26\":48,\"27\":48,\"28\":48,\"29\":48,\"30\":48,\"31\":48,\"32\":48,\"33\":48,\"34\":48,\"35\":48,\"36\":48,\"37\":48,\"38\":48,\"39\":48,\"40\":70},\"values\":[0,0,0,0,1,0,0,0,0,0,1,0,0,0,1,0,0,0,0,1,0,0,0,0,0,0,0,0,0,0,0,0,0,0,0,0,0,0,0,0,22],\"part\":{},\"isValidChecksum\":true}"
[2026-08-17 07:05:47.210] [debug] [serialport] [serialport] event=serialport.packet status=success boardName=board1 length=50 message="bytearray(b'\\x02174DPC0000100000100010000100000000000000000000F7\\x03')"
[2026-08-17 07:05:47.212] [debug] [serialport] [serialport] event=serialport.packet.parse status=success boardName=board1 message="{\"isValidStx\":true,\"isValidEtx\":true,\"isValidDst\":true,\"isValidSrc\":true,\"isValidLength\":true,\"fnc\":\"4\",\"act\":\"D\",\"data\":{\"0\":48,\"1\":48,\"2\":48,\"3\":48,\"4\":49,\"5\":48,\"6\":48,\"7\":48,\"8\":48,\"9\":48,\"10\":49,\"11\":48,\"12\":48,\"13\":48,\"14\":49,\"15\":48,\"16\":48,\"17\":48,\"18\":48,\"19\":49,\"20\":48,\"21\":48,\"22\":48,\"23\":48,\"24\":48,\"25\":48,\"26\":48,\"27\":48,\"28\":48,\"29\":48,\"30\":48,\"31\":48,\"32\":48,\"33\":48,\"34\":48,\"35\":48,\"36\":48,\"37\":48,\"38\":48,\"39\":48,\"40\":70},\"values\":[0,0,0,0,1,0,0,0,0,0,1,0,0,0,1,0,0,0,0,1,0,0,0,0,0,0,0,0,0,0,0,0,0,0,0,0,0,0,0,0,22],\"part\":{},\"isValidChecksum\":true}"
[2026-08-17 07:05:47.214] [debug] [serialport] [serialport] event=serialport.packet status=success boardName=board1 length=10 message="bytearray(b'\\x02034QCP7B\\x03')"
[2026-08-17 07:05:47.217] [debug] [cup] [cup] event=cup.unmount status=success sensor=slideDoorSafetySensor2 value=1
[2026-08-17 07:05:47.423] [debug] [serialport] [serialport] event=serialport.packet status=success boardName=board1 length=10 message="bytearray(b'\\x02034QCP7B\\x03')"
[2026-08-17 07:05:47.428] [debug] [cup] [cup] event=cup.unmount status=success sensor=slideDoorSafetySensor2 value=1
[2026-08-17 07:05:47.523] [debug] [serialport] [serialport] event=serialport.packet status=success boardName=board1 length=50 message="bytearray(b'\\x02174DPC0000100000100010000100000000000000000000F7\\x03')"
[2026-08-17 07:05:47.526] [debug] [serialport] [serialport] event=serialport.packet.parse status=success boardName=board1 message="{\"isValidStx\":true,\"isValidEtx\":true,\"isValidDst\":true,\"isValidSrc\":true,\"isValidLength\":true,\"fnc\":\"4\",\"act\":\"D\",\"data\":{\"0\":48,\"1\":48,\"2\":48,\"3\":48,\"4\":49,\"5\":48,\"6\":48,\"7\":48,\"8\":48,\"9\":48,\"10\":49,\"11\":48,\"12\":48,\"13\":48,\"14\":49,\"15\":48,\"16\":48,\"17\":48,\"18\":48,\"19\":49,\"20\":48,\"21\":48,\"22\":48,\"23\":48,\"24\":48,\"25\":48,\"26\":48,\"27\":48,\"28\":48,\"29\":48,\"30\":48,\"31\":48,\"32\":48,\"33\":48,\"34\":48,\"35\":48,\"36\":48,\"37\":48,\"38\":48,\"39\":48,\"40\":70},\"values\":[0,0,0,0,1,0,0,0,0,0,1,0,0,0,1,0,0,0,0,1,0,0,0,0,0,0,0,0,0,0,0,0,0,0,0,0,0,0,0,0,22],\"part\":{},\"isValidChecksum\":true}"
[2026-08-17 07:05:47.629] [debug] [serialport] [serialport] event=serialport.packet status=success boardName=board1 length=50 message="bytearray(b'\\x02174DPC0000100000100010000100000000000000000000F7\\x03')"
[2026-08-17 07:05:47.631] [debug] [serialport] [serialport] event=serialport.packet.parse status=success boardName=board1 message="{\"isValidStx\":true,\"isValidEtx\":true,\"isValidDst\":true,\"isValidSrc\":true,\"isValidLength\":true,\"fnc\":\"4\",\"act\":\"D\",\"data\":{\"0\":48,\"1\":48,\"2\":48,\"3\":48,\"4\":49,\"5\":48,\"6\":48,\"7\":48,\"8\":48,\"9\":48,\"10\":49,\"11\":48,\"12\":48,\"13\":48,\"14\":49,\"15\":48,\"16\":48,\"17\":48,\"18\":48,\"19\":49,\"20\":48,\"21\":48,\"22\":48,\"23\":48,\"24\":48,\"25\":48,\"26\":48,\"27\":48,\"28\":48,\"29\":48,\"30\":48,\"31\":48,\"32\":48,\"33\":48,\"34\":48,\"35\":48,\"36\":48,\"37\":48,\"38\":48,\"39\":48,\"40\":70},\"values\":[0,0,0,0,1,0,0,0,0,0,1,0,0,0,1,0,0,0,0,1,0,0,0,0,0,0,0,0,0,0,0,0,0,0,0,0,0,0,0,0,22],\"part\":{},\"isValidChecksum\":true}"
[2026-08-17 07:05:47.634] [debug] [serialport] [serialport] event=serialport.packet status=success boardName=board1 length=10 message="bytearray(b'\\x02034QCP7B\\x03')"
[2026-08-17 07:05:47.636] [debug] [cup] [cup] event=cup.unmount status=success sensor=slideDoorSafetySensor2 value=1
[2026-08-17 07:05:47.856] [debug] [serialport] [serialport] event=serialport.packet status=success boardName=board1 length=10 message="bytearray(b'\\x02034QCP7B\\x03')"
[2026-08-17 07:05:47.858] [debug] [cup] [cup] event=cup.unmount status=success sensor=slideDoorSafetySensor2 value=1
[2026-08-17 07:05:47.868] [debug] [serialport] [serialport] event=serialport.packet status=success boardName=board1 length=50 message="bytearray(b'\\x02174DPC0000100000100010000100000000000000000000F7\\x03')"
[2026-08-17 07:05:47.870] [debug] [serialport] [serialport] event=serialport.packet.parse status=success boardName=board1 message="{\"isValidStx\":true,\"isValidEtx\":true,\"isValidDst\":true,\"isValidSrc\":true,\"isValidLength\":true,\"fnc\":\"4\",\"act\":\"D\",\"data\":{\"0\":48,\"1\":48,\"2\":48,\"3\":48,\"4\":49,\"5\":48,\"6\":48,\"7\":48,\"8\":48,\"9\":48,\"10\":49,\"11\":48,\"12\":48,\"13\":48,\"14\":49,\"15\":48,\"16\":48,\"17\":48,\"18\":48,\"19\":49,\"20\":48,\"21\":48,\"22\":48,\"23\":48,\"24\":48,\"25\":48,\"26\":48,\"27\":48,\"28\":48,\"29\":48,\"30\":48,\"31\":48,\"32\":48,\"33\":48,\"34\":48,\"35\":48,\"36\":48,\"37\":48,\"38\":48,\"39\":48,\"40\":70},\"values\":[0,0,0,0,1,0,0,0,0,0,1,0,0,0,1,0,0,0,0,1,0,0,0,0,0,0,0,0,0,0,0,0,0,0,0,0,0,0,0,0,22],\"part\":{},\"isValidChecksum\":true}"
[2026-08-17 07:05:48.028] [debug] [serialport] [serialport] event=serialport.packet status=success boardName=board1 length=50 message="bytearray(b'\\x02174DPC0000100000100010000100000000000000000000F7\\x03')"
[2026-08-17 07:05:48.029] [debug] [serialport] [serialport] event=serialport.packet.parse status=success boardName=board1 message="{\"isValidStx\":true,\"isValidEtx\":true,\"isValidDst\":true,\"isValidSrc\":true,\"isValidLength\":true,\"fnc\":\"4\",\"act\":\"D\",\"data\":{\"0\":48,\"1\":48,\"2\":48,\"3\":48,\"4\":49,\"5\":48,\"6\":48,\"7\":48,\"8\":48,\"9\":48,\"10\":49,\"11\":48,\"12\":48,\"13\":48,\"14\":49,\"15\":48,\"16\":48,\"17\":48,\"18\":48,\"19\":49,\"20\":48,\"21\":48,\"22\":48,\"23\":48,\"24\":48,\"25\":48,\"26\":48,\"27\":48,\"28\":48,\"29\":48,\"30\":48,\"31\":48,\"32\":48,\"33\":48,\"34\":48,\"35\":48,\"36\":48,\"37\":48,\"38\":48,\"39\":48,\"40\":70},\"values\":[0,0,0,0,1,0,0,0,0,0,1,0,0,0,1,0,0,0,0,1,0,0,0,0,0,0,0,0,0,0,0,0,0,0,0,0,0,0,0,0,22],\"part\":{},\"isValidChecksum\":true}"
[2026-08-17 07:05:48.032] [debug] [serialport] [serialport] event=serialport.packet status=success boardName=board1 length=10 message="bytearray(b'\\x02034QCP7B\\x03')"
[2026-08-17 07:05:48.075] [debug] [cup] [cup] event=cup.unmount status=success sensor=slideDoorSafetySensor2 value=1
[2026-08-17 07:05:48.262] [debug] [serialport] [serialport] event=serialport.packet status=success boardName=board1 length=10 message="bytearray(b'\\x02034QCP7B\\x03')"
[2026-08-17 07:05:48.277] [debug] [cup] [cup] event=cup.unmount status=success sensor=slideDoorSafetySensor2 value=1
[2026-08-17 07:05:48.305] [debug] [serialport] [serialport] event=serialport.packet status=success boardName=board1 length=50 message="bytearray(b'\\x02174DPC0000100000100010000100000000000000000000F7\\x03')"
[2026-08-17 07:05:48.312] [debug] [serialport] [serialport] event=serialport.packet.parse status=success boardName=board1 message="{\"isValidStx\":true,\"isValidEtx\":true,\"isValidDst\":true,\"isValidSrc\":true,\"isValidLength\":true,\"fnc\":\"4\",\"act\":\"D\",\"data\":{\"0\":48,\"1\":48,\"2\":48,\"3\":48,\"4\":49,\"5\":48,\"6\":48,\"7\":48,\"8\":48,\"9\":48,\"10\":49,\"11\":48,\"12\":48,\"13\":48,\"14\":49,\"15\":48,\"16\":48,\"17\":48,\"18\":48,\"19\":49,\"20\":48,\"21\":48,\"22\":48,\"23\":48,\"24\":48,\"25\":48,\"26\":48,\"27\":48,\"28\":48,\"29\":48,\"30\":48,\"31\":48,\"32\":48,\"33\":48,\"34\":48,\"35\":48,\"36\":48,\"37\":48,\"38\":48,\"39\":48,\"40\":70},\"values\":[0,0,0,0,1,0,0,0,0,0,1,0,0,0,1,0,0,0,0,1,0,0,0,0,0,0,0,0,0,0,0,0,0,0,0,0,0,0,0,0,22],\"part\":{},\"isValidChecksum\":true}"
[2026-08-17 07:05:48.509] [debug] [serialport] [serialport] event=serialport.packet status=success boardName=board1 length=50 message="bytearray(b'\\x02174DPC0000100000100010000100000000000000000000F7\\x03')"
[2026-08-17 07:05:48.511] [debug] [serialport] [serialport] event=serialport.packet.parse status=success boardName=board1 message="{\"isValidStx\":true,\"isValidEtx\":true,\"isValidDst\":true,\"isValidSrc\":true,\"isValidLength\":true,\"fnc\":\"4\",\"act\":\"D\",\"data\":{\"0\":48,\"1\":48,\"2\":48,\"3\":48,\"4\":49,\"5\":48,\"6\":48,\"7\":48,\"8\":48,\"9\":48,\"10\":49,\"11\":48,\"12\":48,\"13\":48,\"14\":49,\"15\":48,\"16\":48,\"17\":48,\"18\":48,\"19\":49,\"20\":48,\"21\":48,\"22\":48,\"23\":48,\"24\":48,\"25\":48,\"26\":48,\"27\":48,\"28\":48,\"29\":48,\"30\":48,\"31\":48,\"32\":48,\"33\":48,\"34\":48,\"35\":48,\"36\":48,\"37\":48,\"38\":48,\"39\":48,\"40\":70},\"values\":[0,0,0,0,1,0,0,0,0,0,1,0,0,0,1,0,0,0,0,1,0,0,0,0,0,0,0,0,0,0,0,0,0,0,0,0,0,0,0,0,22],\"part\":{},\"isValidChecksum\":true}"
[2026-08-17 07:05:48.514] [debug] [serialport] [serialport] event=serialport.packet status=success boardName=board1 length=10 message="bytearray(b'\\x02034QCP7B\\x03')"
[2026-08-17 07:05:48.516] [debug] [cup] [cup] event=cup.unmount status=success sensor=slideDoorSafetySensor2 value=1
[2026-08-17 07:05:48.763] [debug] [serialport] [serialport] event=serialport.packet status=success boardName=board1 length=50 message="bytearray(b'\\x02174DPC0000100000100010000100000000000000000000F7\\x03')"
[2026-08-17 07:05:48.764] [debug] [serialport] [serialport] event=serialport.packet.parse status=success boardName=board1 message="{\"isValidStx\":true,\"isValidEtx\":true,\"isValidDst\":true,\"isValidSrc\":true,\"isValidLength\":true,\"fnc\":\"4\",\"act\":\"D\",\"data\":{\"0\":48,\"1\":48,\"2\":48,\"3\":48,\"4\":49,\"5\":48,\"6\":48,\"7\":48,\"8\":48,\"9\":48,\"10\":49,\"11\":48,\"12\":48,\"13\":48,\"14\":49,\"15\":48,\"16\":48,\"17\":48,\"18\":48,\"19\":49,\"20\":48,\"21\":48,\"22\":48,\"23\":48,\"24\":48,\"25\":48,\"26\":48,\"27\":48,\"28\":48,\"29\":48,\"30\":48,\"31\":48,\"32\":48,\"33\":48,\"34\":48,\"35\":48,\"36\":48,\"37\":48,\"38\":48,\"39\":48,\"40\":70},\"values\":[0,0,0,0,1,0,0,0,0,0,1,0,0,0,1,0,0,0,0,1,0,0,0,0,0,0,0,0,0,0,0,0,0,0,0,0,0,0,0,0,22],\"part\":{},\"isValidChecksum\":true}"
[2026-08-17 07:05:48.767] [debug] [serialport] [serialport] event=serialport.packet status=success boardName=board1 length=10 message="bytearray(b'\\x02034QCP7B\\x03')"
[2026-08-17 07:05:48.769] [debug] [cup] [cup] event=cup.unmount status=success sensor=slideDoorSafetySensor2 value=1
[2026-08-17 07:05:49.123] [debug] [serialport] [serialport] event=serialport.packet status=success boardName=board1 length=10 message="bytearray(b'\\x02034QCP7B\\x03')"
[2026-08-17 07:05:49.124] [debug] [cup] [cup] event=cup.unmount status=success sensor=slideDoorSafetySensor2 value=1
[2026-08-17 07:05:49.143] [debug] [serialport] [serialport] event=serialport.packet status=success boardName=board1 length=50 message="bytearray(b'\\x02174DPC0000100000100010000100000000000000000000F7\\x03')"
[2026-08-17 07:05:49.145] [debug] [serialport] [serialport] event=serialport.packet.parse status=success boardName=board1 message="{\"isValidStx\":true,\"isValidEtx\":true,\"isValidDst\":true,\"isValidSrc\":true,\"isValidLength\":true,\"fnc\":\"4\",\"act\":\"D\",\"data\":{\"0\":48,\"1\":48,\"2\":48,\"3\":48,\"4\":49,\"5\":48,\"6\":48,\"7\":48,\"8\":48,\"9\":48,\"10\":49,\"11\":48,\"12\":48,\"13\":48,\"14\":49,\"15\":48,\"16\":48,\"17\":48,\"18\":48,\"19\":49,\"20\":48,\"21\":48,\"22\":48,\"23\":48,\"24\":48,\"25\":48,\"26\":48,\"27\":48,\"28\":48,\"29\":48,\"30\":48,\"31\":48,\"32\":48,\"33\":48,\"34\":48,\"35\":48,\"36\":48,\"37\":48,\"38\":48,\"39\":48,\"40\":70},\"values\":[0,0,0,0,1,0,0,0,0,0,1,0,0,0,1,0,0,0,0,1,0,0,0,0,0,0,0,0,0,0,0,0,0,0,0,0,0,0,0,0,22],\"part\":{},\"isValidChecksum\":true}"
[2026-08-17 07:05:49.276] [debug] [serialport] [serialport] event=serialport.packet status=success boardName=board1 length=10 message="bytearray(b'\\x02034QCP7B\\x03')"
[2026-08-17 07:05:49.428] [debug] [cup] [cup] event=cup.unmount status=success sensor=slideDoorSafetySensor2 value=1
[2026-08-17 07:05:49.549] [debug] [serialport] [serialport] event=serialport.packet status=success boardName=board1 length=50 message="bytearray(b'\\x02174DPC0000100000100010000100000000000000000000F7\\x03')"
[2026-08-17 07:05:49.552] [debug] [serialport] [serialport] event=serialport.packet.parse status=success boardName=board1 message="{\"isValidStx\":true,\"isValidEtx\":true,\"isValidDst\":true,\"isValidSrc\":true,\"isValidLength\":true,\"fnc\":\"4\",\"act\":\"D\",\"data\":{\"0\":48,\"1\":48,\"2\":48,\"3\":48,\"4\":49,\"5\":48,\"6\":48,\"7\":48,\"8\":48,\"9\":48,\"10\":49,\"11\":48,\"12\":48,\"13\":48,\"14\":49,\"15\":48,\"16\":48,\"17\":48,\"18\":48,\"19\":49,\"20\":48,\"21\":48,\"22\":48,\"23\":48,\"24\":48,\"25\":48,\"26\":48,\"27\":48,\"28\":48,\"29\":48,\"30\":48,\"31\":48,\"32\":48,\"33\":48,\"34\":48,\"35\":48,\"36\":48,\"37\":48,\"38\":48,\"39\":48,\"40\":70},\"values\":[0,0,0,0,1,0,0,0,0,0,1,0,0,0,1,0,0,0,0,1,0,0,0,0,0,0,0,0,0,0,0,0,0,0,0,0,0,0,0,0,22],\"part\":{},\"isValidChecksum\":true}"
[2026-08-17 07:05:49.555] [debug] [serialport] [serialport] event=serialport.packet status=success boardName=board1 length=10 message="bytearray(b'\\x02034QCP7B\\x03')"
[2026-08-17 07:05:49.672] [debug] [serialport] [serialport] event=serialport.packet status=success boardName=board1 length=50 message="bytearray(b'\\x02174DPC0000100000100010000100000000000000000000F7\\x03')"
[2026-08-17 07:05:49.674] [debug] [serialport] [serialport] event=serialport.packet.parse status=success boardName=board1 message="{\"isValidStx\":true,\"isValidEtx\":true,\"isValidDst\":true,\"isValidSrc\":true,\"isValidLength\":true,\"fnc\":\"4\",\"act\":\"D\",\"data\":{\"0\":48,\"1\":48,\"2\":48,\"3\":48,\"4\":49,\"5\":48,\"6\":48,\"7\":48,\"8\":48,\"9\":48,\"10\":49,\"11\":48,\"12\":48,\"13\":48,\"14\":49,\"15\":48,\"16\":48,\"17\":48,\"18\":48,\"19\":49,\"20\":48,\"21\":48,\"22\":48,\"23\":48,\"24\":48,\"25\":48,\"26\":48,\"27\":48,\"28\":48,\"29\":48,\"30\":48,\"31\":48,\"32\":48,\"33\":48,\"34\":48,\"35\":48,\"36\":48,\"37\":48,\"38\":48,\"39\":48,\"40\":70},\"values\":[0,0,0,0,1,0,0,0,0,0,1,0,0,0,1,0,0,0,0,1,0,0,0,0,0,0,0,0,0,0,0,0,0,0,0,0,0,0,0,0,22],\"part\":{},\"isValidChecksum\":true}"
[2026-08-17 07:05:49.677] [debug] [cup] [cup] event=cup.unmount status=success sensor=slideDoorSafetySensor2 value=1
[2026-08-17 07:05:49.820] [debug] [serialport] [serialport] event=serialport.packet status=success boardName=board1 length=10 message="bytearray(b'\\x02034QCP7B\\x03')"
[2026-08-17 07:05:49.967] [debug] [serialport] [serialport] event=serialport.packet status=success boardName=board1 length=50 message="bytearray(b'\\x02174DPC0000100000100010000100000000000000000000F7\\x03')"
[2026-08-17 07:05:49.970] [debug] [serialport] [serialport] event=serialport.packet.parse status=success boardName=board1 message="{\"isValidStx\":true,\"isValidEtx\":true,\"isValidDst\":true,\"isValidSrc\":true,\"isValidLength\":true,\"fnc\":\"4\",\"act\":\"D\",\"data\":{\"0\":48,\"1\":48,\"2\":48,\"3\":48,\"4\":49,\"5\":48,\"6\":48,\"7\":48,\"8\":48,\"9\":48,\"10\":49,\"11\":48,\"12\":48,\"13\":48,\"14\":49,\"15\":48,\"16\":48,\"17\":48,\"18\":48,\"19\":49,\"20\":48,\"21\":48,\"22\":48,\"23\":48,\"24\":48,\"25\":48,\"26\":48,\"27\":48,\"28\":48,\"29\":48,\"30\":48,\"31\":48,\"32\":48,\"33\":48,\"34\":48,\"35\":48,\"36\":48,\"37\":48,\"38\":48,\"39\":48,\"40\":70},\"values\":[0,0,0,0,1,0,0,0,0,0,1,0,0,0,1,0,0,0,0,1,0,0,0,0,0,0,0,0,0,0,0,0,0,0,0,0,0,0,0,0,22],\"part\":{},\"isValidChecksum\":true}"
[2026-08-17 07:05:49.972] [debug] [cup] [cup] event=cup.unmount status=success sensor=slideDoorSafetySensor2 value=1
[2026-08-17 07:05:50.117] [debug] [serialport] [serialport] event=serialport.packet status=success boardName=board1 length=50 message="bytearray(b'\\x02174DPC0000100000100010000100000000000000000000F7\\x03')"
[2026-08-17 07:05:50.118] [debug] [serialport] [serialport] event=serialport.packet.parse status=success boardName=board1 message="{\"isValidStx\":true,\"isValidEtx\":true,\"isValidDst\":true,\"isValidSrc\":true,\"isValidLength\":true,\"fnc\":\"4\",\"act\":\"D\",\"data\":{\"0\":48,\"1\":48,\"2\":48,\"3\":48,\"4\":49,\"5\":48,\"6\":48,\"7\":48,\"8\":48,\"9\":48,\"10\":49,\"11\":48,\"12\":48,\"13\":48,\"14\":49,\"15\":48,\"16\":48,\"17\":48,\"18\":48,\"19\":49,\"20\":48,\"21\":48,\"22\":48,\"23\":48,\"24\":48,\"25\":48,\"26\":48,\"27\":48,\"28\":48,\"29\":48,\"30\":48,\"31\":48,\"32\":48,\"33\":48,\"34\":48,\"35\":48,\"36\":48,\"37\":48,\"38\":48,\"39\":48,\"40\":70},\"values\":[0,0,0,0,1,0,0,0,0,0,1,0,0,0,1,0,0,0,0,1,0,0,0,0,0,0,0,0,0,0,0,0,0,0,0,0,0,0,0,0,22],\"part\":{},\"isValidChecksum\":true}"
[2026-08-17 07:05:50.123] [debug] [serialport] [serialport] event=serialport.packet status=success boardName=board1 length=10 message="bytearray(b'\\x02034QCP7B\\x03')"
[2026-08-17 07:05:50.216] [debug] [cup] [cup] event=cup.unmount status=success sensor=slideDoorSafetySensor2 value=1
[2026-08-17 07:05:50.223] [debug] [serialport] [serialport] event=serialport.packet status=success boardName=board1 length=10 message="bytearray(b'\\x02034QCP7B\\x03')"
[2026-08-17 07:05:50.358] [debug] [serialport] [serialport] event=serialport.packet status=success boardName=board1 length=50 message="bytearray(b'\\x02174DPC0000100000100010000100000000000000000000F7\\x03')"
[2026-08-17 07:05:50.360] [debug] [serialport] [serialport] event=serialport.packet.parse status=success boardName=board1 message="{\"isValidStx\":true,\"isValidEtx\":true,\"isValidDst\":true,\"isValidSrc\":true,\"isValidLength\":true,\"fnc\":\"4\",\"act\":\"D\",\"data\":{\"0\":48,\"1\":48,\"2\":48,\"3\":48,\"4\":49,\"5\":48,\"6\":48,\"7\":48,\"8\":48,\"9\":48,\"10\":49,\"11\":48,\"12\":48,\"13\":48,\"14\":49,\"15\":48,\"16\":48,\"17\":48,\"18\":48,\"19\":49,\"20\":48,\"21\":48,\"22\":48,\"23\":48,\"24\":48,\"25\":48,\"26\":48,\"27\":48,\"28\":48,\"29\":48,\"30\":48,\"31\":48,\"32\":48,\"33\":48,\"34\":48,\"35\":48,\"36\":48,\"37\":48,\"38\":48,\"39\":48,\"40\":70},\"values\":[0,0,0,0,1,0,0,0,0,0,1,0,0,0,1,0,0,0,0,1,0,0,0,0,0,0,0,0,0,0,0,0,0,0,0,0,0,0,0,0,22],\"part\":{},\"isValidChecksum\":true}"
[2026-08-17 07:05:50.367] [debug] [serialport] [serialport] event=serialport.packet status=success boardName=board1 length=10 message="bytearray(b'\\x02034QCP7B\\x03')"
[2026-08-17 07:05:50.459] [debug] [serialport] [serialport] event=serialport.packet status=success boardName=board1 length=50 message="bytearray(b'\\x02174DPC0000100000100010000100000000000000000000F7\\x03')"
[2026-08-17 07:05:50.462] [debug] [serialport] [serialport] event=serialport.packet.parse status=success boardName=board1 message="{\"isValidStx\":true,\"isValidEtx\":true,\"isValidDst\":true,\"isValidSrc\":true,\"isValidLength\":true,\"fnc\":\"4\",\"act\":\"D\",\"data\":{\"0\":48,\"1\":48,\"2\":48,\"3\":48,\"4\":49,\"5\":48,\"6\":48,\"7\":48,\"8\":48,\"9\":48,\"10\":49,\"11\":48,\"12\":48,\"13\":48,\"14\":49,\"15\":48,\"16\":48,\"17\":48,\"18\":48,\"19\":49,\"20\":48,\"21\":48,\"22\":48,\"23\":48,\"24\":48,\"25\":48,\"26\":48,\"27\":48,\"28\":48,\"29\":48,\"30\":48,\"31\":48,\"32\":48,\"33\":48,\"34\":48,\"35\":48,\"36\":48,\"37\":48,\"38\":48,\"39\":48,\"40\":70},\"values\":[0,0,0,0,1,0,0,0,0,0,1,0,0,0,1,0,0,0,0,1,0,0,0,0,0,0,0,0,0,0,0,0,0,0,0,0,0,0,0,0,22],\"part\":{},\"isValidChecksum\":true}"
[2026-08-17 07:05:50.464] [debug] [cup] [cup] event=cup.unmount status=success sensor=slideDoorSafetySensor2 value=1
[2026-08-17 07:05:50.628] [debug] [serialport] [serialport] event=serialport.packet status=success boardName=board1 length=10 message="bytearray(b'\\x02034QCP7B\\x03')"
[2026-08-17 07:05:50.723] [debug] [serialport] [serialport] event=serialport.packet status=success boardName=board1 length=50 message="bytearray(b'\\x02174DPC0000100000100010000100000000000000000000F7\\x03')"
[2026-08-17 07:05:50.726] [debug] [serialport] [serialport] event=serialport.packet.parse status=success boardName=board1 message="{\"isValidStx\":true,\"isValidEtx\":true,\"isValidDst\":true,\"isValidSrc\":true,\"isValidLength\":true,\"fnc\":\"4\",\"act\":\"D\",\"data\":{\"0\":48,\"1\":48,\"2\":48,\"3\":48,\"4\":49,\"5\":48,\"6\":48,\"7\":48,\"8\":48,\"9\":48,\"10\":49,\"11\":48,\"12\":48,\"13\":48,\"14\":49,\"15\":48,\"16\":48,\"17\":48,\"18\":48,\"19\":49,\"20\":48,\"21\":48,\"22\":48,\"23\":48,\"24\":48,\"25\":48,\"26\":48,\"27\":48,\"28\":48,\"29\":48,\"30\":48,\"31\":48,\"32\":48,\"33\":48,\"34\":48,\"35\":48,\"36\":48,\"37\":48,\"38\":48,\"39\":48,\"40\":70},\"values\":[0,0,0,0,1,0,0,0,0,0,1,0,0,0,1,0,0,0,0,1,0,0,0,0,0,0,0,0,0,0,0,0,0,0,0,0,0,0,0,0,22],\"part\":{},\"isValidChecksum\":true}"
[2026-08-17 07:05:50.728] [debug] [cup] [cup] event=cup.unmount status=success sensor=slideDoorSafetySensor2 value=1
[2026-08-17 07:05:50.863] [debug] [serialport] [serialport] event=serialport.packet status=success boardName=board1 length=10 message="bytearray(b'\\x02034QCP7B\\x03')"
[2026-08-17 07:05:50.962] [debug] [cup] [cup] event=cup.unmount status=success sensor=slideDoorSafetySensor2 value=1
[2026-08-17 07:05:50.964] [debug] [serialport] [serialport] event=serialport.packet status=success boardName=board1 length=50 message="bytearray(b'\\x02174DPC0000100000100010000100000000000000000000F7\\x03')"
[2026-08-17 07:05:50.966] [debug] [serialport] [serialport] event=serialport.packet.parse status=success boardName=board1 message="{\"isValidStx\":true,\"isValidEtx\":true,\"isValidDst\":true,\"isValidSrc\":true,\"isValidLength\":true,\"fnc\":\"4\",\"act\":\"D\",\"data\":{\"0\":48,\"1\":48,\"2\":48,\"3\":48,\"4\":49,\"5\":48,\"6\":48,\"7\":48,\"8\":48,\"9\":48,\"10\":49,\"11\":48,\"12\":48,\"13\":48,\"14\":49,\"15\":48,\"16\":48,\"17\":48,\"18\":48,\"19\":49,\"20\":48,\"21\":48,\"22\":48,\"23\":48,\"24\":48,\"25\":48,\"26\":48,\"27\":48,\"28\":48,\"29\":48,\"30\":48,\"31\":48,\"32\":48,\"33\":48,\"34\":48,\"35\":48,\"36\":48,\"37\":48,\"38\":48,\"39\":48,\"40\":70},\"values\":[0,0,0,0,1,0,0,0,0,0,1,0,0,0,1,0,0,0,0,1,0,0,0,0,0,0,0,0,0,0,0,0,0,0,0,0,0,0,0,0,22],\"part\":{},\"isValidChecksum\":true}"
[2026-08-17 07:05:51.080] [debug] [serialport] [serialport] event=serialport.packet status=success boardName=board1 length=10 message="bytearray(b'\\x02034QCP7B\\x03')"
[2026-08-17 07:05:51.214] [debug] [serialport] [serialport] event=serialport.packet status=success boardName=board1 length=50 message="bytearray(b'\\x02174DPC0000100000100010000100000000000000000000F7\\x03')"
[2026-08-17 07:05:51.217] [debug] [serialport] [serialport] event=serialport.packet.parse status=success boardName=board1 message="{\"isValidStx\":true,\"isValidEtx\":true,\"isValidDst\":true,\"isValidSrc\":true,\"isValidLength\":true,\"fnc\":\"4\",\"act\":\"D\",\"data\":{\"0\":48,\"1\":48,\"2\":48,\"3\":48,\"4\":49,\"5\":48,\"6\":48,\"7\":48,\"8\":48,\"9\":48,\"10\":49,\"11\":48,\"12\":48,\"13\":48,\"14\":49,\"15\":48,\"16\":48,\"17\":48,\"18\":48,\"19\":49,\"20\":48,\"21\":48,\"22\":48,\"23\":48,\"24\":48,\"25\":48,\"26\":48,\"27\":48,\"28\":48,\"29\":48,\"30\":48,\"31\":48,\"32\":48,\"33\":48,\"34\":48,\"35\":48,\"36\":48,\"37\":48,\"38\":48,\"39\":48,\"40\":70},\"values\":[0,0,0,0,1,0,0,0,0,0,1,0,0,0,1,0,0,0,0,1,0,0,0,0,0,0,0,0,0,0,0,0,0,0,0,0,0,0,0,0,22],\"part\":{},\"isValidChecksum\":true}"
[2026-08-17 07:05:51.220] [debug] [cup] [cup] event=cup.unmount status=success sensor=slideDoorSafetySensor2 value=1
[2026-08-17 07:05:51.358] [debug] [serialport] [serialport] event=serialport.packet status=success boardName=board1 length=10 message="bytearray(b'\\x02034QCP7B\\x03')"
[2026-08-17 07:05:51.361] [debug] [serialport] [serialport] event=serialport.packet status=success boardName=board1 length=50 message="bytearray(b'\\x02174DPC0000100000100010000100000000000000000000F7\\x03')"
[2026-08-17 07:05:51.363] [debug] [serialport] [serialport] event=serialport.packet.parse status=success boardName=board1 message="{\"isValidStx\":true,\"isValidEtx\":true,\"isValidDst\":true,\"isValidSrc\":true,\"isValidLength\":true,\"fnc\":\"4\",\"act\":\"D\",\"data\":{\"0\":48,\"1\":48,\"2\":48,\"3\":48,\"4\":49,\"5\":48,\"6\":48,\"7\":48,\"8\":48,\"9\":48,\"10\":49,\"11\":48,\"12\":48,\"13\":48,\"14\":49,\"15\":48,\"16\":48,\"17\":48,\"18\":48,\"19\":49,\"20\":48,\"21\":48,\"22\":48,\"23\":48,\"24\":48,\"25\":48,\"26\":48,\"27\":48,\"28\":48,\"29\":48,\"30\":48,\"31\":48,\"32\":48,\"33\":48,\"34\":48,\"35\":48,\"36\":48,\"37\":48,\"38\":48,\"39\":48,\"40\":70},\"values\":[0,0,0,0,1,0,0,0,0,0,1,0,0,0,1,0,0,0,0,1,0,0,0,0,0,0,0,0,0,0,0,0,0,0,0,0,0,0,0,0,22],\"part\":{},\"isValidChecksum\":true}"
[2026-08-17 07:05:51.466] [debug] [cup] [cup] event=cup.unmount status=success sensor=slideDoorSafetySensor2 value=1
[2026-08-17 07:05:51.564] [debug] [serialport] [serialport] event=serialport.packet status=success boardName=board1 length=10 message="bytearray(b'\\x02034QCP7B\\x03')"
[2026-08-17 07:05:51.698] [debug] [cup] [cup] event=cup.unmount status=success sensor=slideDoorSafetySensor2 value=1
[2026-08-17 07:05:51.762] [debug] [serialport] [serialport] event=serialport.packet status=success boardName=board1 length=50 message="bytearray(b'\\x02174DPC0000100000100010000100000000000000000000F7\\x03')"
[2026-08-17 07:05:51.764] [debug] [serialport] [serialport] event=serialport.packet.parse status=success boardName=board1 message="{\"isValidStx\":true,\"isValidEtx\":true,\"isValidDst\":true,\"isValidSrc\":true,\"isValidLength\":true,\"fnc\":\"4\",\"act\":\"D\",\"data\":{\"0\":48,\"1\":48,\"2\":48,\"3\":48,\"4\":49,\"5\":48,\"6\":48,\"7\":48,\"8\":48,\"9\":48,\"10\":49,\"11\":48,\"12\":48,\"13\":48,\"14\":49,\"15\":48,\"16\":48,\"17\":48,\"18\":48,\"19\":49,\"20\":48,\"21\":48,\"22\":48,\"23\":48,\"24\":48,\"25\":48,\"26\":48,\"27\":48,\"28\":48,\"29\":48,\"30\":48,\"31\":48,\"32\":48,\"33\":48,\"34\":48,\"35\":48,\"36\":48,\"37\":48,\"38\":48,\"39\":48,\"40\":70},\"values\":[0,0,0,0,1,0,0,0,0,0,1,0,0,0,1,0,0,0,0,1,0,0,0,0,0,0,0,0,0,0,0,0,0,0,0,0,0,0,0,0,22],\"part\":{},\"isValidChecksum\":true}"
[2026-08-17 07:05:51.768] [debug] [serialport] [serialport] event=serialport.packet status=success boardName=board1 length=10 message="bytearray(b'\\x02034QCP7B\\x03')"
[2026-08-17 07:05:51.852] [debug] [serialport] [serialport] event=serialport.packet status=success boardName=board1 length=50 message="bytearray(b'\\x02174DPC0000100000100010000100000000000000000000F7\\x03')"
[2026-08-17 07:05:51.854] [debug] [serialport] [serialport] event=serialport.packet.parse status=success boardName=board1 message="{\"isValidStx\":true,\"isValidEtx\":true,\"isValidDst\":true,\"isValidSrc\":true,\"isValidLength\":true,\"fnc\":\"4\",\"act\":\"D\",\"data\":{\"0\":48,\"1\":48,\"2\":48,\"3\":48,\"4\":49,\"5\":48,\"6\":48,\"7\":48,\"8\":48,\"9\":48,\"10\":49,\"11\":48,\"12\":48,\"13\":48,\"14\":49,\"15\":48,\"16\":48,\"17\":48,\"18\":48,\"19\":49,\"20\":48,\"21\":48,\"22\":48,\"23\":48,\"24\":48,\"25\":48,\"26\":48,\"27\":48,\"28\":48,\"29\":48,\"30\":48,\"31\":48,\"32\":48,\"33\":48,\"34\":48,\"35\":48,\"36\":48,\"37\":48,\"38\":48,\"39\":48,\"40\":70},\"values\":[0,0,0,0,1,0,0,0,0,0,1,0,0,0,1,0,0,0,0,1,0,0,0,0,0,0,0,0,0,0,0,0,0,0,0,0,0,0,0,0,22],\"part\":{},\"isValidChecksum\":true}"
[2026-08-17 07:05:51.923] [debug] [cup] [cup] event=cup.unmount status=success sensor=slideDoorSafetySensor2 value=1
[2026-08-17 07:05:52.021] [debug] [serialport] [serialport] event=serialport.packet status=success boardName=board1 length=10 message="bytearray(b'\\x02034QCP7B\\x03')"
[2026-08-17 07:05:52.083] [debug] [serialport] [serialport] event=serialport.packet status=success boardName=board1 length=50 message="bytearray(b'\\x02174DPC0000100000100010000100000000000000000000F7\\x03')"
[2026-08-17 07:05:52.086] [debug] [serialport] [serialport] event=serialport.packet.parse status=success boardName=board1 message="{\"isValidStx\":true,\"isValidEtx\":true,\"isValidDst\":true,\"isValidSrc\":true,\"isValidLength\":true,\"fnc\":\"4\",\"act\":\"D\",\"data\":{\"0\":48,\"1\":48,\"2\":48,\"3\":48,\"4\":49,\"5\":48,\"6\":48,\"7\":48,\"8\":48,\"9\":48,\"10\":49,\"11\":48,\"12\":48,\"13\":48,\"14\":49,\"15\":48,\"16\":48,\"17\":48,\"18\":48,\"19\":49,\"20\":48,\"21\":48,\"22\":48,\"23\":48,\"24\":48,\"25\":48,\"26\":48,\"27\":48,\"28\":48,\"29\":48,\"30\":48,\"31\":48,\"32\":48,\"33\":48,\"34\":48,\"35\":48,\"36\":48,\"37\":48,\"38\":48,\"39\":48,\"40\":70},\"values\":[0,0,0,0,1,0,0,0,0,0,1,0,0,0,1,0,0,0,0,1,0,0,0,0,0,0,0,0,0,0,0,0,0,0,0,0,0,0,0,0,22],\"part\":{},\"isValidChecksum\":true}"
[2026-08-17 07:05:52.145] [debug] [cup] [cup] event=cup.unmount status=success sensor=slideDoorSafetySensor2 value=1
[2026-08-17 07:05:52.264] [debug] [serialport] [serialport] event=serialport.packet status=success boardName=board1 length=10 message="bytearray(b'\\x02034QCP7B\\x03')"
[2026-08-17 07:05:52.292] [debug] [serialport] [serialport] event=serialport.packet status=success boardName=board1 length=50 message="bytearray(b'\\x02174DPC0000100000000010000100000000000000000000F6\\x03')"
[2026-08-17 07:05:52.294] [debug] [serialport] [serialport] event=serialport.packet.parse status=success boardName=board1 message="{\"isValidStx\":true,\"isValidEtx\":true,\"isValidDst\":true,\"isValidSrc\":true,\"isValidLength\":true,\"fnc\":\"4\",\"act\":\"D\",\"data\":{\"0\":48,\"1\":48,\"2\":48,\"3\":48,\"4\":49,\"5\":48,\"6\":48,\"7\":48,\"8\":48,\"9\":48,\"10\":48,\"11\":48,\"12\":48,\"13\":48,\"14\":49,\"15\":48,\"16\":48,\"17\":48,\"18\":48,\"19\":49,\"20\":48,\"21\":48,\"22\":48,\"23\":48,\"24\":48,\"25\":48,\"26\":48,\"27\":48,\"28\":48,\"29\":48,\"30\":48,\"31\":48,\"32\":48,\"33\":48,\"34\":48,\"35\":48,\"36\":48,\"37\":48,\"38\":48,\"39\":48,\"40\":70},\"values\":[0,0,0,0,1,0,0,0,0,0,0,0,0,0,1,0,0,0,0,1,0,0,0,0,0,0,0,0,0,0,0,0,0,0,0,0,0,0,0,0,22],\"part\":{},\"isValidChecksum\":true}"
[2026-08-17 07:05:52.298] [debug] [cup] [cup] event=cup.unmount status=success sensor=slideDoorSafetySensor2
[2026-08-17 07:05:52.302] [debug] [api] [api] event=did.callback status=started orderId=744315760890487822 menuName=ICED아메리카노(다크시그니처)(연하게) state=5 target=local url=http://127.0.0.1:8080/sse/did
[2026-08-17 07:05:52.307] [debug] [api] [api] event=did.callback status=started orderId=744315760890487822 menuName=ICED아메리카노(다크시그니처)(연하게) state=5 target=remote url=http://127.0.0.1:8080/sse/did
[2026-08-17 07:05:52.350] [debug] [api] [api] event=did.callback status=success attempt=1 httpStatus=202 url=http://127.0.0.1:8080/sse/did
[2026-08-17 07:05:52.356] [debug] [api] [api] event=did.callback status=success attempt=1 httpStatus=202 url=http://127.0.0.1:8080/sse/did
[2026-08-17 07:05:52.360] [debug] [task] [task] event=task.complete status=success orderId=744315760890487822
[2026-08-17 07:12:02.163] [debug] [api] [api] event=api.request status=started version=v3 route=POST_/v3/app/update
[2026-08-17 07:12:02.166] [info]  [api] [Lilly Auto-Updater] Triggering automatic pre-upgrade settings backup to cloud...
[2026-08-17 07:12:03.363] [info]  [task] [HASTE Auto-Backup] Settings auto-backup slot rotation completed successfully.
[2026-08-17 07:12:03.366] [info]  [api] [Lilly Auto-Updater] Pre-upgrade settings auto-backup saved to cloud successfully.
[2026-08-17 07:12:03.367] [info]  [api] [Lilly Auto-Updater] Update starting -> URL/Path: https://github.com/rst9374-tech/haste_client_version/releases/download/v3.1.2-t38/hasteai_client_latest.asar
[2026-08-17 07:12:14.286] [info]  [api] [Lilly Auto-Updater] Update source binary ready -> Saved to: C:\Users\CoffeeVanada\AppData\Local\Programs\haste-client\resources\slot_b.asar
[2026-08-17 07:12:14.288] [info]  [SlotManager] Pending slot set to: B (Version: 3.1.2-t38)
[2026-08-17 07:12:14.289] [info]  [api] [Lilly Auto-Updater] Update installation path: C:\Users\CoffeeVanada\AppData\Local\Programs\haste-client\haste3.1.exe (Needs UAC: false)
[2026-08-17 07:12:14.291] [info]  [api] [Lilly Auto-Updater] Spawn Swap CMD -> C:\Users\COFFEE~1\AppData\Local\Temp\update_haste_800.cmd
[2026-08-17 07:12:15.321] [info]  [HASTE Shutdown] Releasing all serial ports...
[2026-08-17 07:12:15.322] [info]  [app] event=app.shutdown status=started
[2026-08-17 07:12:19.090] [info]  [HASTE DB Load] Loaded settings from SQLite database successfully. StoreName: "헤이스트 김포운양역점", StoreNo: "3412109495", ThemeMode: "Light", KioskType: "TOSS", isKioskDryRun: "false"
[2026-08-17 07:12:20.164] [info]  [app] event=app.startup status=started appVersion=3.1.2-t38 packaged=true
[2026-08-17 07:12:20.297] [info]  [app] event=app.window status=success
[2026-08-17 07:12:20.330] [info]  [app] event=app.tray status=success
[2026-08-17 07:12:20.333] [info]  [app] event=updater.check status=ignored reason=store_managed_distribution
[2026-08-17 07:12:20.342] [info]  [app] event=app.ipc status=success
[2026-08-17 07:12:20.345] [info]  [app] event=task.start status=success
[2026-08-17 07:12:20.347] [debug] [api] [api] event=settings.change status=success port=8080 posStoreNo=3412109495 deviceModelId=D0000
[2026-08-17 07:12:20.351] [info]  [api] [HASTE] Found SSL Certificates at: C:\Users\CoffeeVanada\AppData\Local\Programs\haste-client\resources\resources
[2026-08-17 07:12:20.411] [info]  [api] [HASTE] Started HTTP Hono Server on port 8080 (Samsung Kiosk Mode).
[2026-08-17 07:12:20.415] [info]  [api] [HASTE] Started HTTPS Hono Server on port 8443 (Toss Kiosk Mode).
[2026-08-17 07:12:20.417] [debug] [api] [api] event=api.server status=success port=8080 host=0.0.0.0
[2026-08-17 07:12:20.418] [info]  [serialport] [serialport] event=serialport.connect status=started scope=all
[2026-08-17 07:12:20.420] [debug] [coffee] [coffee] event=settings.change status=success field=thirdpartyType value=Lilly_(WMF)
[2026-08-17 07:12:20.423] [debug] [coffee] [coffee] event=coffee.socket status=started transport=ws machineName=WMF model=Lilly_(WMF) ip=192.168.10.99 port=25000
[2026-08-17 07:12:20.434] [debug] [tollgate] [lilly-ws] event=settings.change status=success storeNo=3412109495 deviceId=A8:A1:59:DD:64:66
[2026-08-17 07:12:20.441] [debug] [coffee] [coffee] event=temperature.change status=success
[2026-08-17 07:12:20.443] [debug] [api] [api] event=did.callback status=ignored reason=local_did_not_open screen=temperature
[2026-08-17 07:12:20.448] [info]  [HASTE DB Save] Settings category "inventory" has been updated and saved to SQLite successfully.
[2026-08-17 07:12:20.456] [info]  [HASTE DB Save] Settings category "inventory" has been updated and saved to SQLite successfully.
[2026-08-17 07:12:20.457] [info]  [serialport] [serialport] event=serialport.connect status=started scope=all
[2026-08-17 07:12:20.459] [info]  [HASTE DB Save] Settings category "inventory" has been updated and saved to SQLite successfully.
[2026-08-17 07:12:20.462] [info]  [HASTE DB Save] Settings category "inventory" has been updated and saved to SQLite successfully.
[2026-08-17 07:12:20.463] [debug] [api] [HASTE Theme Sync] Applied local UI theme: isDark=false
[2026-08-17 07:12:20.464] [debug] [api] [api] event=did.callback status=started target=local screen=/ reason=local_api_down
[2026-08-17 07:12:20.466] [info]  [app] event=app.startup status=success message="subscriptions registered"
[2026-08-17 07:12:20.466] [debug] [task] [task] event=scheduler.change status=success routine=FOAMER_RINSING intervalSec=6000 normalizedIntervalSec=6000
[2026-08-17 07:12:20.470] [debug] [task] [task] event=scheduler.change status=success routine=WARM_RINSING intervalSec=0 normalizedIntervalSec=0
[2026-08-17 07:12:20.481] [debug] [task] [task] event=scheduler.change status=success routine=MIXER_RINSING intervalSec=0 normalizedIntervalSec=0
[2026-08-17 07:12:20.483] [debug] [task] [task] event=scheduler.change status=success routine=ERROR_CHECK intervalSec=1800 normalizedIntervalSec=1800
[2026-08-17 07:12:20.486] [debug] [task] [task] event=scheduler.change status=success routine=ICE_MAKER intervalSec=1800 normalizedIntervalSec=1800
[2026-08-17 07:12:20.487] [debug] [task] [task] event=scheduler.change status=success routine=TEMP_CHECK intervalSec=600 normalizedIntervalSec=600
[2026-08-17 07:12:20.489] [debug] [app] event=scheduler.change status=success routine=license.verify intervalSec=86400
[2026-08-17 07:12:20.489] [info]  [app] event=app.startup status=success message="schedulers registered"
[2026-08-17 07:12:20.490] [info]  [app] event=license.verify status=success state=approved storeId=3412109495
[2026-08-17 07:12:20.524] [debug] [api] [HASTE DevTools Sync] Current window DevTools opened state: false, Target state: false
[2026-08-17 07:12:20.548] [debug] [coffee] [coffee] event=coffee.socket status=success transport=ws machineName=WMF action=connected
[2026-08-17 07:12:20.558] [debug] [coffee] [coffee] event=hardware.response status=success machineName=Lilly_(WMF) command=getApiVersion returnvalue=40501
[2026-08-17 07:12:20.856] [error] [serialport] [SerialPort Error] board1 (COM6): Opening COM6: Access denied
[2026-08-17 07:12:20.858] [error] [serialport] [serialport] event=serialport.error status=failed reason=port_error boardName=board1 port=COM6 message="Opening COM6: Access denied"
[2026-08-17 07:12:20.860] [error] [serialport] [SerialPort Error] board2 (COM7): Opening COM7: Access denied
[2026-08-17 07:12:20.862] [error] [serialport] [serialport] event=serialport.error status=failed reason=port_error boardName=board2 port=COM7 message="Opening COM7: Access denied"
[2026-08-17 07:12:20.863] [error] [serialport] [SerialPort Error] board1 (COM6): Opening COM6: Access denied
[2026-08-17 07:12:20.864] [error] [serialport] [serialport] event=serialport.error status=failed reason=port_error boardName=board1 port=COM6 message="Opening COM6: Access denied"
[2026-08-17 07:12:20.865] [error] [serialport] [SerialPort Error] board2 (COM7): Opening COM7: Access denied
[2026-08-17 07:12:20.866] [error] [serialport] [serialport] event=serialport.error status=failed reason=port_error boardName=board2 port=COM7 message="Opening COM7: Access denied"
[2026-08-17 07:12:21.073] [debug] [coffee] [coffee] event=hardware.response status=success machineName=Lilly_(WMF) command=getDiagnosticData returnvalue=0
[2026-08-17 07:12:21.075] [debug] [coffee] [coffee] event=temperature.change status=success value=96
[2026-08-17 07:12:21.077] [debug] [api] [api] event=did.callback status=ignored reason=local_did_not_open screen=temperature
[2026-08-17 07:12:22.302] [debug] [coffee] [coffee] event=hardware.response status=success machineName=Lilly_(WMF) command=getMachineInfo returnvalue=0
[2026-08-17 07:13:07.702] [debug] [api] [api] event=order.create status=started version=v3 route=POST_/v3/order
[2026-08-17 07:13:07.705] [warn]  [api] [api] event=order.create status=rejected version=v3 reason=serialport_down
[2026-08-17 07:13:29.610] [debug] [api] [api] event=order.create status=started version=v3 route=POST_/v3/order
[2026-08-17 07:13:29.612] [warn]  [api] [api] event=order.create status=rejected version=v3 reason=serialport_down