[2026-08-25 22:16:41.166] [info]  [toss] event=order.completed status=success source=toss virtual=on mode=order orderId=747444269415080481 bill=747444269415080481 menuCount=1
[2026-08-25 22:16:57.296] [info]  [toss] event=order.completed status=success source=toss virtual=on mode=order orderId=747444339954889929 bill=747444339954889929 menuCount=1
[2026-08-25 22:28:20.139] [info]  [toss] event=order.completed status=success source=toss virtual=off mode=order orderId=747447010287894839 bill=747447010287894839 menuCount=1
[2026-08-25 22:28:43.555] [info]  [manual] event=order.received status=success source=manual virtual=on mode=test orderId=INSTANT-1787664523231 bill=0000 menuCount=1 mappings=[{"baseCode":"GAI4006","recipeCode":"GAI4006","matchedMenuName":"ICED_청포도에이드","stepsSummary":"CUP:ICE,_ICE:4500,_SPARKLE:180,_SIRUP10:50,_NONE:NONE,_NONE:NONE,_NONE:NONE,_NONE:NONE,_NONE:NONE,_NONE:NONE"}] isTestBrew=true
[2026-08-25 22:28:45.854] [info]  [manual] event=order.completed status=success source=manual virtual=on mode=test orderId=INSTANT-1787664523231 bill=0000 menuCount=1
[2026-08-25 22:33:52.219] [info]  [manual] event=order.received status=success source=manual virtual=on mode=test orderId=INSTANT-1787664831648 bill=0000 menuCount=1 mappings=[{"baseCode":"GAI4006","recipeCode":"GAI4006","matchedMenuName":"ICED_청포도에이드","stepsSummary":"CUP:ICE,_ICE:4500,_SPARKLE:180,_SIRUP10:50,_NONE:NONE,_NONE:NONE,_NONE:NONE,_NONE:NONE,_NONE:NONE,_NONE:NONE"}] isTestBrew=true
[2026-08-25 22:33:54.431] [info]  [toss] event=order.completed status=success source=toss virtual=on mode=order orderId=747448598586921834 bill=747448598586921834 menuCount=1
[2026-08-25 22:33:56.740] [info]  [manual] event=order.completed status=success source=manual virtual=on mode=test orderId=INSTANT-1787664831648 bill=0000 menuCount=1
[2026-08-25 22:35:18.986] [info]  [manual] event=order.received status=success source=manual virtual=off mode=test orderId=INSTANT-1787664918649 bill=0000 menuCount=1 mappings=[{"baseCode":"GSI1001","recipeCode":"GSI1001","matchedMenuName":"ICED_아메리카노(스탠다드,_연하게)","stepsSummary":"CUP:ICE,_COFFEE:30,_ICE:4500,_COLD:175,_NONE:NONE,_NONE:NONE,_NONE:NONE,_NONE:NONE,_NONE:NONE,_NONE:NONE"}] isTestBrew=true
[2026-08-25 22:35:52.272] [info]  [manual] event=order.completed status=success source=manual virtual=off mode=test orderId=INSTANT-1787664918649 bill=0000 menuCount=1
[2026-08-25 22:48:12.508] [info]  [manual] event=order.received status=success source=manual virtual=on mode=test orderId=INSTANT-1787665692164 bill=0000 menuCount=1 mappings=[{"baseCode":"GAI4006","recipeCode":"GAI4006","matchedMenuName":"ICED_청포도에이드","stepsSummary":"CUP:ICE,_ICE:4500,_SPARKLE:180,_청포도:50,_NONE:NONE,_NONE:NONE,_NONE:NONE,_NONE:NONE,_NONE:NONE,_NONE:NONE"}] isTestBrew=true
[2026-08-25 22:48:14.734] [info]  [manual] event=order.completed status=success source=manual virtual=on mode=test orderId=INSTANT-1787665692164 bill=0000 menuCount=1
[2026-08-25 22:49:13.096] [info]  [toss] event=order.completed status=success source=toss virtual=on mode=order orderId=747452454427380395 bill=747452454427380395 menuCount=1
[2026-08-25 22:49:25.854] [info]  [toss] event=order.completed status=success source=toss virtual=on mode=order orderId=747452505149090564 bill=747452505149090564 menuCount=1
[2026-08-25 22:49:39.993] [info]  [toss] event=order.completed status=success source=toss virtual=on mode=order orderId=747452567593888126 bill=747452567593888126 menuCount=1
[2026-08-25 22:49:52.997] [info]  [toss] event=order.completed status=success source=toss virtual=on mode=order orderId=747452622405046854 bill=747452622405046854 menuCount=1
[2026-08-25 22:50:08.950] [info]  [toss] event=order.completed status=success source=toss virtual=on mode=order orderId=747452686972162431 bill=747452686972162431 menuCount=1
[2026-08-25 22:52:26.693] [info]  [toss] event=order.completed status=success source=toss virtual=on mode=order orderId=747453262573289356 bill=747453262573289356 menuCount=1
[2026-08-25 22:52:58.379] [info]  [toss] event=order.completed status=success source=toss virtual=on mode=order orderId=747453396702934222 bill=747453396702934222 menuCount=1
[2026-08-25 22:53:15.783] [info]  [toss] event=order.completed status=success source=toss virtual=on mode=order orderId=747453469625098817 bill=747453469625098817 menuCount=1
[2026-08-25 22:54:26.351] [info]  [toss] event=order.completed status=success source=toss virtual=on mode=order orderId=747453764979606961 bill=747453764979606961 menuCount=1
[2026-08-25 22:54:53.871] [info]  [toss] event=order.completed status=success source=toss virtual=on mode=order orderId=747453885335147896 bill=747453885335147896 menuCount=1