[2026-08-16 00:20:49.811] [info]  [serialport] event=serialport.connect status=started scope=all
[2026-08-16 00:20:49.847] [info]  [serialport] event=serialport.connect status=started scope=all
[2026-08-16 00:20:49.915] [error] [serialport] event=serialport.error status=failed reason=port_error boardName=board1 port=COM6 message="Opening COM6: File not found"
[2026-08-16 00:20:49.918] [error] [serialport] event=serialport.error status=failed reason=port_error boardName=board2 port=COM7 message="Opening COM7: File not found"
[2026-08-16 00:20:49.921] [error] [serialport] event=serialport.error status=failed reason=port_error boardName=board1 port=COM6 message="Opening COM6: File not found"
[2026-08-16 00:20:49.923] [error] [serialport] event=serialport.error status=failed reason=port_error boardName=board2 port=COM7 message="Opening COM7: File not found"
[2026-08-16 01:13:56.121] [info]  [serialport] event=serialport.connect status=started scope=all
[2026-08-16 01:13:56.154] [info]  [serialport] event=serialport.connect status=started scope=all
[2026-08-16 01:13:56.274] [error] [serialport] event=serialport.error status=failed reason=port_error boardName=board1 port=COM6 message="Opening COM6: File not found"
[2026-08-16 01:13:56.277] [error] [serialport] event=serialport.error status=failed reason=port_error boardName=board2 port=COM7 message="Opening COM7: File not found"
[2026-08-16 01:13:56.281] [error] [serialport] event=serialport.error status=failed reason=port_error boardName=board1 port=COM6 message="Opening COM6: File not found"
[2026-08-16 01:13:56.284] [error] [serialport] event=serialport.error status=failed reason=port_error boardName=board2 port=COM7 message="Opening COM7: File not found"
[2026-08-16 01:22:02.487] [info]  [serialport] event=serialport.connect status=started scope=all
[2026-08-16 01:22:02.520] [info]  [serialport] event=serialport.connect status=started scope=all
[2026-08-16 01:22:02.632] [error] [serialport] event=serialport.error status=failed reason=port_error boardName=board1 port=COM6 message="Opening COM6: File not found"
[2026-08-16 01:22:02.640] [error] [serialport] event=serialport.error status=failed reason=port_error boardName=board2 port=COM7 message="Opening COM7: File not found"
[2026-08-16 01:22:02.643] [error] [serialport] event=serialport.error status=failed reason=port_error boardName=board1 port=COM6 message="Opening COM6: File not found"
[2026-08-16 01:22:02.648] [error] [serialport] event=serialport.error status=failed reason=port_error boardName=board2 port=COM7 message="Opening COM7: File not found"
[2026-08-16 01:24:42.584] [error] [serialport] event=serialport.send status=failed reason=not_connected boardName=board1
[2026-08-16 01:24:51.338] [error] [serialport] event=serialport.send status=failed reason=not_connected boardName=board1
[2026-08-16 01:34:13.947] [info]  [serialport] event=serialport.connect status=started scope=all
[2026-08-16 01:34:13.978] [info]  [serialport] event=serialport.connect status=started scope=all
[2026-08-16 01:34:14.056] [error] [serialport] event=serialport.error status=failed reason=port_error boardName=board1 port=COM6 message="Opening COM6: File not found"
[2026-08-16 01:34:14.062] [error] [serialport] event=serialport.error status=failed reason=port_error boardName=board2 port=COM7 message="Opening COM7: File not found"
[2026-08-16 01:34:14.064] [error] [serialport] event=serialport.error status=failed reason=port_error boardName=board1 port=COM6 message="Opening COM6: File not found"
[2026-08-16 01:34:14.066] [error] [serialport] event=serialport.error status=failed reason=port_error boardName=board2 port=COM7 message="Opening COM7: File not found"
[2026-08-16 01:54:58.949] [info]  [serialport] event=serialport.connect status=started scope=all
[2026-08-16 01:54:58.979] [info]  [serialport] event=serialport.connect status=started scope=all
[2026-08-16 01:54:59.051] [error] [serialport] event=serialport.error status=failed reason=port_error boardName=board1 port=COM6 message="Opening COM6: File not found"
[2026-08-16 01:54:59.056] [error] [serialport] event=serialport.error status=failed reason=port_error boardName=board2 port=COM7 message="Opening COM7: File not found"
[2026-08-16 01:54:59.059] [error] [serialport] event=serialport.error status=failed reason=port_error boardName=board1 port=COM6 message="Opening COM6: File not found"
[2026-08-16 01:54:59.061] [error] [serialport] event=serialport.error status=failed reason=port_error boardName=board2 port=COM7 message="Opening COM7: File not found"
[2026-08-16 02:00:04.465] [info]  [serialport] event=settings.change status=success scope=all
[2026-08-16 02:00:04.468] [info]  [serialport] event=serialport.connect status=started scope=all
[2026-08-16 02:00:04.470] [info]  [serialport] event=serialport.connect status=started scope=all
[2026-08-16 02:00:04.532] [error] [serialport] event=serialport.error status=failed reason=port_error boardName=board1 port=COM3 message="Opening COM3: File not found"
[2026-08-16 02:00:04.535] [error] [serialport] event=serialport.error status=failed reason=port_error boardName=board1 port=COM3 message="Opening COM3: File not found"
[2026-08-16 02:01:37.734] [info]  [serialport] event=serialport.connect status=started scope=all
[2026-08-16 02:01:37.768] [info]  [serialport] event=serialport.connect status=started scope=all
[2026-08-16 02:01:37.828] [error] [serialport] event=serialport.error status=failed reason=port_error boardName=board1 port=COM3 message="Opening COM3: File not found"
[2026-08-16 02:01:37.833] [error] [serialport] event=serialport.error status=failed reason=port_error boardName=board1 port=COM3 message="Opening COM3: File not found"
[2026-08-16 02:04:22.948] [info]  [serialport] event=serialport.connect status=started scope=all
[2026-08-16 02:04:22.981] [info]  [serialport] event=serialport.connect status=started scope=all
[2026-08-16 02:04:23.042] [error] [serialport] event=serialport.error status=failed reason=port_error boardName=board1 port=COM3 message="Opening COM3: File not found"
[2026-08-16 02:04:23.047] [error] [serialport] event=serialport.error status=failed reason=port_error boardName=board1 port=COM3 message="Opening COM3: File not found"
[2026-08-16 02:08:13.567] [info]  [serialport] event=serialport.connect status=started scope=all
[2026-08-16 02:08:13.598] [info]  [serialport] event=serialport.connect status=started scope=all
[2026-08-16 02:08:13.655] [error] [serialport] event=serialport.error status=failed reason=port_error boardName=board1 port=COM3 message="Opening COM3: File not found"
[2026-08-16 02:08:13.659] [error] [serialport] event=serialport.error status=failed reason=port_error boardName=board1 port=COM3 message="Opening COM3: File not found"
[2026-08-16 02:10:52.460] [info]  [serialport] event=serialport.connect status=started scope=all
[2026-08-16 02:10:52.493] [info]  [serialport] event=serialport.connect status=started scope=all
[2026-08-16 02:10:52.550] [error] [serialport] event=serialport.error status=failed reason=port_error boardName=board1 port=COM3 message="Opening COM3: File not found"
[2026-08-16 02:10:52.554] [error] [serialport] event=serialport.error status=failed reason=port_error boardName=board1 port=COM3 message="Opening COM3: File not found"
[2026-08-16 02:11:12.846] [info]  [serialport] event=settings.change status=success scope=all
[2026-08-16 02:11:12.848] [info]  [serialport] event=serialport.connect status=started scope=all
[2026-08-16 02:11:12.850] [info]  [serialport] event=serialport.connect status=started scope=all
[2026-08-16 02:11:12.952] [error] [serialport] event=serialport.error status=failed reason=port_error boardName=board1 port=COM6 message="Opening COM6: File not found"
[2026-08-16 02:11:12.955] [error] [serialport] event=serialport.error status=failed reason=port_error boardName=board2 port=COM7 message="Opening COM7: File not found"
[2026-08-16 02:11:12.957] [error] [serialport] event=serialport.error status=failed reason=port_error boardName=board1 port=COM6 message="Opening COM6: File not found"
[2026-08-16 02:11:12.960] [error] [serialport] event=serialport.error status=failed reason=port_error boardName=board2 port=COM7 message="Opening COM7: File not found"
[2026-08-16 02:17:37.815] [info]  [serialport] event=serialport.connect status=started scope=all
[2026-08-16 02:17:37.846] [info]  [serialport] event=serialport.connect status=started scope=all
[2026-08-16 02:17:37.907] [error] [serialport] event=serialport.error status=failed reason=port_error boardName=board1 port=COM6 message="Opening COM6: File not found"
[2026-08-16 02:17:37.911] [error] [serialport] event=serialport.error status=failed reason=port_error boardName=board2 port=COM7 message="Opening COM7: File not found"
[2026-08-16 02:17:37.913] [error] [serialport] event=serialport.error status=failed reason=port_error boardName=board1 port=COM6 message="Opening COM6: File not found"
[2026-08-16 02:17:37.916] [error] [serialport] event=serialport.error status=failed reason=port_error boardName=board2 port=COM7 message="Opening COM7: File not found"
[2026-08-16 02:20:40.895] [info]  [serialport] event=serialport.connect status=started scope=all
[2026-08-16 02:20:40.929] [info]  [serialport] event=serialport.connect status=started scope=all
[2026-08-16 02:20:40.998] [error] [serialport] event=serialport.error status=failed reason=port_error boardName=board1 port=COM6 message="Opening COM6: File not found"
[2026-08-16 02:20:41.003] [error] [serialport] event=serialport.error status=failed reason=port_error boardName=board2 port=COM7 message="Opening COM7: File not found"
[2026-08-16 02:20:41.005] [error] [serialport] event=serialport.error status=failed reason=port_error boardName=board1 port=COM6 message="Opening COM6: File not found"
[2026-08-16 02:20:41.007] [error] [serialport] event=serialport.error status=failed reason=port_error boardName=board2 port=COM7 message="Opening COM7: File not found"
[2026-08-16 02:23:51.191] [info]  [serialport] event=serialport.connect status=started scope=all
[2026-08-16 02:23:51.224] [info]  [serialport] event=serialport.connect status=started scope=all
[2026-08-16 02:23:51.291] [error] [serialport] event=serialport.error status=failed reason=port_error boardName=board1 port=COM6 message="Opening COM6: File not found"
[2026-08-16 02:23:51.295] [error] [serialport] event=serialport.error status=failed reason=port_error boardName=board2 port=COM7 message="Opening COM7: File not found"
[2026-08-16 02:23:51.297] [error] [serialport] event=serialport.error status=failed reason=port_error boardName=board1 port=COM6 message="Opening COM6: File not found"
[2026-08-16 02:23:51.299] [error] [serialport] event=serialport.error status=failed reason=port_error boardName=board2 port=COM7 message="Opening COM7: File not found"
[2026-08-16 02:27:57.199] [info]  [serialport] event=serialport.connect status=started scope=all
[2026-08-16 02:27:57.233] [info]  [serialport] event=serialport.connect status=started scope=all
[2026-08-16 02:27:57.303] [error] [serialport] event=serialport.error status=failed reason=port_error boardName=board1 port=COM6 message="Opening COM6: File not found"
[2026-08-16 02:27:57.307] [error] [serialport] event=serialport.error status=failed reason=port_error boardName=board2 port=COM7 message="Opening COM7: File not found"
[2026-08-16 02:27:57.309] [error] [serialport] event=serialport.error status=failed reason=port_error boardName=board1 port=COM6 message="Opening COM6: File not found"
[2026-08-16 02:27:57.312] [error] [serialport] event=serialport.error status=failed reason=port_error boardName=board2 port=COM7 message="Opening COM7: File not found"
[2026-08-16 02:31:25.950] [info]  [serialport] event=serialport.connect status=started scope=all
[2026-08-16 02:31:25.981] [info]  [serialport] event=serialport.connect status=started scope=all
[2026-08-16 02:31:26.051] [error] [serialport] event=serialport.error status=failed reason=port_error boardName=board1 port=COM6 message="Opening COM6: File not found"
[2026-08-16 02:31:26.055] [error] [serialport] event=serialport.error status=failed reason=port_error boardName=board2 port=COM7 message="Opening COM7: File not found"
[2026-08-16 02:31:26.058] [error] [serialport] event=serialport.error status=failed reason=port_error boardName=board1 port=COM6 message="Opening COM6: File not found"
[2026-08-16 02:31:26.061] [error] [serialport] event=serialport.error status=failed reason=port_error boardName=board2 port=COM7 message="Opening COM7: File not found"
[2026-08-16 02:33:31.161] [info]  [serialport] event=serialport.connect status=started scope=all
[2026-08-16 02:33:31.199] [info]  [serialport] event=serialport.connect status=started scope=all
[2026-08-16 02:33:31.264] [error] [serialport] event=serialport.error status=failed reason=port_error boardName=board1 port=COM6 message="Opening COM6: File not found"
[2026-08-16 02:33:31.268] [error] [serialport] event=serialport.error status=failed reason=port_error boardName=board2 port=COM7 message="Opening COM7: File not found"
[2026-08-16 02:33:31.270] [error] [serialport] event=serialport.error status=failed reason=port_error boardName=board1 port=COM6 message="Opening COM6: File not found"
[2026-08-16 02:33:31.272] [error] [serialport] event=serialport.error status=failed reason=port_error boardName=board2 port=COM7 message="Opening COM7: File not found"
[2026-08-16 02:35:46.457] [info]  [serialport] event=serialport.connect status=started scope=all
[2026-08-16 02:35:46.488] [info]  [serialport] event=serialport.connect status=started scope=all
[2026-08-16 02:35:46.558] [error] [serialport] event=serialport.error status=failed reason=port_error boardName=board1 port=COM6 message="Opening COM6: File not found"
[2026-08-16 02:35:46.562] [error] [serialport] event=serialport.error status=failed reason=port_error boardName=board2 port=COM7 message="Opening COM7: File not found"
[2026-08-16 02:35:46.564] [error] [serialport] event=serialport.error status=failed reason=port_error boardName=board1 port=COM6 message="Opening COM6: File not found"
[2026-08-16 02:35:46.565] [error] [serialport] event=serialport.error status=failed reason=port_error boardName=board2 port=COM7 message="Opening COM7: File not found"
[2026-08-16 02:37:23.315] [info]  [serialport] event=serialport.connect status=started scope=all
[2026-08-16 02:37:23.353] [info]  [serialport] event=serialport.connect status=started scope=all
[2026-08-16 02:37:23.422] [error] [serialport] event=serialport.error status=failed reason=port_error boardName=board1 port=COM6 message="Opening COM6: File not found"
[2026-08-16 02:37:23.426] [error] [serialport] event=serialport.error status=failed reason=port_error boardName=board2 port=COM7 message="Opening COM7: File not found"
[2026-08-16 02:37:23.429] [error] [serialport] event=serialport.error status=failed reason=port_error boardName=board1 port=COM6 message="Opening COM6: File not found"
[2026-08-16 02:37:23.431] [error] [serialport] event=serialport.error status=failed reason=port_error boardName=board2 port=COM7 message="Opening COM7: File not found"
[2026-08-16 02:38:39.602] [info]  [serialport] event=serialport.connect status=started scope=all
[2026-08-16 02:38:39.634] [info]  [serialport] event=serialport.connect status=started scope=all
[2026-08-16 02:38:39.712] [error] [serialport] event=serialport.error status=failed reason=port_error boardName=board1 port=COM6 message="Opening COM6: File not found"
[2026-08-16 02:38:39.716] [error] [serialport] event=serialport.error status=failed reason=port_error boardName=board2 port=COM7 message="Opening COM7: File not found"
[2026-08-16 02:38:39.719] [error] [serialport] event=serialport.error status=failed reason=port_error boardName=board1 port=COM6 message="Opening COM6: File not found"
[2026-08-16 02:38:39.721] [error] [serialport] event=serialport.error status=failed reason=port_error boardName=board2 port=COM7 message="Opening COM7: File not found"
[2026-08-16 02:41:52.708] [info]  [serialport] event=serialport.connect status=started scope=all
[2026-08-16 02:41:52.740] [info]  [serialport] event=serialport.connect status=started scope=all
[2026-08-16 02:41:52.798] [error] [serialport] event=serialport.error status=failed reason=port_error boardName=board1 port=COM6 message="Opening COM6: File not found"
[2026-08-16 02:41:52.803] [error] [serialport] event=serialport.error status=failed reason=port_error boardName=board2 port=COM7 message="Opening COM7: File not found"
[2026-08-16 02:41:52.805] [error] [serialport] event=serialport.error status=failed reason=port_error boardName=board1 port=COM6 message="Opening COM6: File not found"
[2026-08-16 02:41:52.807] [error] [serialport] event=serialport.error status=failed reason=port_error boardName=board2 port=COM7 message="Opening COM7: File not found"
[2026-08-16 02:47:07.496] [info]  [serialport] event=serialport.connect status=started scope=all
[2026-08-16 02:47:07.531] [info]  [serialport] event=serialport.connect status=started scope=all
[2026-08-16 02:47:07.599] [error] [serialport] event=serialport.error status=failed reason=port_error boardName=board1 port=COM6 message="Opening COM6: File not found"
[2026-08-16 02:47:07.602] [error] [serialport] event=serialport.error status=failed reason=port_error boardName=board2 port=COM7 message="Opening COM7: File not found"
[2026-08-16 02:47:07.605] [error] [serialport] event=serialport.error status=failed reason=port_error boardName=board1 port=COM6 message="Opening COM6: File not found"
[2026-08-16 02:47:07.607] [error] [serialport] event=serialport.error status=failed reason=port_error boardName=board2 port=COM7 message="Opening COM7: File not found"
[2026-08-16 03:02:32.191] [info]  [serialport] event=serialport.connect status=started scope=all
[2026-08-16 03:02:32.222] [info]  [serialport] event=serialport.connect status=started scope=all
[2026-08-16 03:02:32.290] [error] [serialport] event=serialport.error status=failed reason=port_error boardName=board1 port=COM6 message="Opening COM6: File not found"
[2026-08-16 03:02:32.294] [error] [serialport] event=serialport.error status=failed reason=port_error boardName=board2 port=COM7 message="Opening COM7: File not found"
[2026-08-16 03:02:32.296] [error] [serialport] event=serialport.error status=failed reason=port_error boardName=board1 port=COM6 message="Opening COM6: File not found"
[2026-08-16 03:02:32.298] [error] [serialport] event=serialport.error status=failed reason=port_error boardName=board2 port=COM7 message="Opening COM7: File not found"
[2026-08-16 03:08:46.659] [info]  [serialport] event=serialport.connect status=started scope=all
[2026-08-16 03:08:46.688] [info]  [serialport] event=serialport.connect status=started scope=all
[2026-08-16 03:08:46.749] [error] [serialport] event=serialport.error status=failed reason=port_error boardName=board1 port=COM6 message="Opening COM6: File not found"
[2026-08-16 03:08:46.753] [error] [serialport] event=serialport.error status=failed reason=port_error boardName=board2 port=COM7 message="Opening COM7: File not found"
[2026-08-16 03:08:46.756] [error] [serialport] event=serialport.error status=failed reason=port_error boardName=board1 port=COM6 message="Opening COM6: File not found"
[2026-08-16 03:08:46.757] [error] [serialport] event=serialport.error status=failed reason=port_error boardName=board2 port=COM7 message="Opening COM7: File not found"
[2026-08-16 03:11:52.496] [info]  [serialport] event=serialport.connect status=started scope=all
[2026-08-16 03:11:52.539] [info]  [serialport] event=serialport.connect status=started scope=all
[2026-08-16 03:11:52.607] [error] [serialport] event=serialport.error status=failed reason=port_error boardName=board1 port=COM6 message="Opening COM6: File not found"
[2026-08-16 03:11:52.610] [error] [serialport] event=serialport.error status=failed reason=port_error boardName=board2 port=COM7 message="Opening COM7: File not found"
[2026-08-16 03:11:52.612] [error] [serialport] event=serialport.error status=failed reason=port_error boardName=board1 port=COM6 message="Opening COM6: File not found"
[2026-08-16 03:11:52.615] [error] [serialport] event=serialport.error status=failed reason=port_error boardName=board2 port=COM7 message="Opening COM7: File not found"
[2026-08-16 08:04:46.110] [info]  [serialport] event=serialport.connect status=started scope=all
[2026-08-16 08:04:46.143] [info]  [serialport] event=serialport.connect status=started scope=all
[2026-08-16 08:04:46.205] [error] [serialport] event=serialport.error status=failed reason=port_error boardName=board1 port=COM6 message="Opening COM6: File not found"
[2026-08-16 08:04:46.209] [error] [serialport] event=serialport.error status=failed reason=port_error boardName=board2 port=COM7 message="Opening COM7: File not found"
[2026-08-16 08:04:46.212] [error] [serialport] event=serialport.error status=failed reason=port_error boardName=board1 port=COM6 message="Opening COM6: File not found"
[2026-08-16 08:04:46.213] [error] [serialport] event=serialport.error status=failed reason=port_error boardName=board2 port=COM7 message="Opening COM7: File not found"
[2026-08-16 08:25:39.296] [info]  [serialport] event=serialport.connect status=started scope=all
[2026-08-16 08:25:39.328] [info]  [serialport] event=serialport.connect status=started scope=all
[2026-08-16 08:25:39.404] [error] [serialport] event=serialport.error status=failed reason=port_error boardName=board1 port=COM6 message="Opening COM6: File not found"
[2026-08-16 08:25:39.408] [error] [serialport] event=serialport.error status=failed reason=port_error boardName=board2 port=COM7 message="Opening COM7: File not found"
[2026-08-16 08:25:39.410] [error] [serialport] event=serialport.error status=failed reason=port_error boardName=board1 port=COM6 message="Opening COM6: File not found"
[2026-08-16 08:25:39.412] [error] [serialport] event=serialport.error status=failed reason=port_error boardName=board2 port=COM7 message="Opening COM7: File not found"
[2026-08-16 08:51:35.091] [info]  [serialport] event=serialport.connect status=started scope=all
[2026-08-16 08:51:35.122] [info]  [serialport] event=serialport.connect status=started scope=all
[2026-08-16 08:51:35.188] [error] [serialport] event=serialport.error status=failed reason=port_error boardName=board1 port=COM6 message="Opening COM6: File not found"
[2026-08-16 08:51:35.192] [error] [serialport] event=serialport.error status=failed reason=port_error boardName=board2 port=COM7 message="Opening COM7: File not found"
[2026-08-16 08:51:35.194] [error] [serialport] event=serialport.error status=failed reason=port_error boardName=board1 port=COM6 message="Opening COM6: File not found"
[2026-08-16 08:51:35.196] [error] [serialport] event=serialport.error status=failed reason=port_error boardName=board2 port=COM7 message="Opening COM7: File not found"
[2026-08-16 08:56:10.020] [info]  [serialport] event=serialport.connect status=started scope=all
[2026-08-16 08:56:10.051] [info]  [serialport] event=serialport.connect status=started scope=all
[2026-08-16 08:56:10.117] [error] [serialport] event=serialport.error status=failed reason=port_error boardName=board1 port=COM6 message="Opening COM6: File not found"
[2026-08-16 08:56:10.120] [error] [serialport] event=serialport.error status=failed reason=port_error boardName=board2 port=COM7 message="Opening COM7: File not found"
[2026-08-16 08:56:10.122] [error] [serialport] event=serialport.error status=failed reason=port_error boardName=board1 port=COM6 message="Opening COM6: File not found"
[2026-08-16 08:56:10.124] [error] [serialport] event=serialport.error status=failed reason=port_error boardName=board2 port=COM7 message="Opening COM7: File not found"
[2026-08-16 09:04:58.764] [info]  [serialport] event=serialport.connect status=started scope=all
[2026-08-16 09:04:58.796] [info]  [serialport] event=serialport.connect status=started scope=all
[2026-08-16 09:04:58.863] [error] [serialport] event=serialport.error status=failed reason=port_error boardName=board1 port=COM6 message="Opening COM6: File not found"
[2026-08-16 09:04:58.867] [error] [serialport] event=serialport.error status=failed reason=port_error boardName=board2 port=COM7 message="Opening COM7: File not found"
[2026-08-16 09:04:58.870] [error] [serialport] event=serialport.error status=failed reason=port_error boardName=board1 port=COM6 message="Opening COM6: File not found"
[2026-08-16 09:04:58.873] [error] [serialport] event=serialport.error status=failed reason=port_error boardName=board2 port=COM7 message="Opening COM7: File not found"
[2026-08-16 09:12:26.744] [error] [serialport] event=serialport.send status=failed reason=not_connected boardName=board1
[2026-08-16 09:13:54.281] [info]  [serialport] event=serialport.connect status=started scope=all
[2026-08-16 09:13:54.319] [info]  [serialport] event=serialport.connect status=started scope=all
[2026-08-16 09:13:54.389] [error] [serialport] event=serialport.error status=failed reason=port_error boardName=board1 port=COM6 message="Opening COM6: File not found"
[2026-08-16 09:13:54.395] [error] [serialport] event=serialport.error status=failed reason=port_error boardName=board2 port=COM7 message="Opening COM7: File not found"
[2026-08-16 09:13:54.397] [error] [serialport] event=serialport.error status=failed reason=port_error boardName=board1 port=COM6 message="Opening COM6: File not found"
[2026-08-16 09:13:54.400] [error] [serialport] event=serialport.error status=failed reason=port_error boardName=board2 port=COM7 message="Opening COM7: File not found"
[2026-08-16 09:14:11.810] [info]  [serialport] event=serialport.connect status=started scope=all
[2026-08-16 09:14:11.846] [info]  [serialport] event=serialport.connect status=started scope=all
[2026-08-16 09:14:11.918] [error] [serialport] event=serialport.error status=failed reason=port_error boardName=board1 port=COM6 message="Opening COM6: File not found"
[2026-08-16 09:14:11.925] [error] [serialport] event=serialport.error status=failed reason=port_error boardName=board2 port=COM7 message="Opening COM7: File not found"
[2026-08-16 09:14:11.929] [error] [serialport] event=serialport.error status=failed reason=port_error boardName=board1 port=COM6 message="Opening COM6: File not found"
[2026-08-16 09:14:11.931] [error] [serialport] event=serialport.error status=failed reason=port_error boardName=board2 port=COM7 message="Opening COM7: File not found"
[2026-08-16 09:36:07.218] [info]  [serialport] event=serialport.connect status=started scope=all
[2026-08-16 09:36:07.253] [info]  [serialport] event=serialport.connect status=started scope=all
[2026-08-16 09:36:07.335] [error] [serialport] event=serialport.error status=failed reason=port_error boardName=board1 port=COM6 message="Opening COM6: File not found"
[2026-08-16 09:36:07.342] [error] [serialport] event=serialport.error status=failed reason=port_error boardName=board2 port=COM7 message="Opening COM7: File not found"
[2026-08-16 09:36:07.345] [error] [serialport] event=serialport.error status=failed reason=port_error boardName=board1 port=COM6 message="Opening COM6: File not found"
[2026-08-16 09:36:07.348] [error] [serialport] event=serialport.error status=failed reason=port_error boardName=board2 port=COM7 message="Opening COM7: File not found"
[2026-08-16 09:42:41.399] [info]  [serialport] event=serialport.connect status=started scope=all
[2026-08-16 09:42:41.435] [info]  [serialport] event=serialport.connect status=started scope=all
[2026-08-16 09:42:41.514] [error] [serialport] event=serialport.error status=failed reason=port_error boardName=board1 port=COM6 message="Opening COM6: File not found"
[2026-08-16 09:42:41.517] [error] [serialport] event=serialport.error status=failed reason=port_error boardName=board2 port=COM7 message="Opening COM7: File not found"
[2026-08-16 09:42:41.519] [error] [serialport] event=serialport.error status=failed reason=port_error boardName=board1 port=COM6 message="Opening COM6: File not found"
[2026-08-16 09:42:41.521] [error] [serialport] event=serialport.error status=failed reason=port_error boardName=board2 port=COM7 message="Opening COM7: File not found"
[2026-08-16 09:56:34.947] [info]  [serialport] event=serialport.connect status=started scope=all
[2026-08-16 09:56:34.979] [info]  [serialport] event=serialport.connect status=started scope=all
[2026-08-16 09:56:35.048] [error] [serialport] event=serialport.error status=failed reason=port_error boardName=board1 port=COM6 message="Opening COM6: File not found"
[2026-08-16 09:56:35.053] [error] [serialport] event=serialport.error status=failed reason=port_error boardName=board2 port=COM7 message="Opening COM7: File not found"
[2026-08-16 09:56:35.055] [error] [serialport] event=serialport.error status=failed reason=port_error boardName=board1 port=COM6 message="Opening COM6: File not found"
[2026-08-16 09:56:35.058] [error] [serialport] event=serialport.error status=failed reason=port_error boardName=board2 port=COM7 message="Opening COM7: File not found"
[2026-08-16 10:00:50.621] [info]  [serialport] event=serialport.connect status=started scope=all
[2026-08-16 10:00:50.661] [info]  [serialport] event=serialport.connect status=started scope=all
[2026-08-16 10:00:50.729] [error] [serialport] event=serialport.error status=failed reason=port_error boardName=board1 port=COM6 message="Opening COM6: File not found"
[2026-08-16 10:00:50.733] [error] [serialport] event=serialport.error status=failed reason=port_error boardName=board2 port=COM7 message="Opening COM7: File not found"
[2026-08-16 10:00:50.736] [error] [serialport] event=serialport.error status=failed reason=port_error boardName=board1 port=COM6 message="Opening COM6: File not found"
[2026-08-16 10:00:50.738] [error] [serialport] event=serialport.error status=failed reason=port_error boardName=board2 port=COM7 message="Opening COM7: File not found"
[2026-08-16 10:03:18.631] [info]  [serialport] event=serialport.connect status=started scope=all
[2026-08-16 10:03:18.665] [info]  [serialport] event=serialport.connect status=started scope=all
[2026-08-16 10:03:18.739] [error] [serialport] event=serialport.error status=failed reason=port_error boardName=board1 port=COM6 message="Opening COM6: File not found"
[2026-08-16 10:03:18.743] [error] [serialport] event=serialport.error status=failed reason=port_error boardName=board2 port=COM7 message="Opening COM7: File not found"
[2026-08-16 10:03:18.745] [error] [serialport] event=serialport.error status=failed reason=port_error boardName=board1 port=COM6 message="Opening COM6: File not found"
[2026-08-16 10:03:18.747] [error] [serialport] event=serialport.error status=failed reason=port_error boardName=board2 port=COM7 message="Opening COM7: File not found"
[2026-08-16 10:05:22.951] [info]  [serialport] event=serialport.connect status=started scope=all
[2026-08-16 10:05:22.985] [info]  [serialport] event=serialport.connect status=started scope=all
[2026-08-16 10:05:23.050] [error] [serialport] event=serialport.error status=failed reason=port_error boardName=board1 port=COM6 message="Opening COM6: File not found"
[2026-08-16 10:05:23.055] [error] [serialport] event=serialport.error status=failed reason=port_error boardName=board2 port=COM7 message="Opening COM7: File not found"
[2026-08-16 10:05:23.057] [error] [serialport] event=serialport.error status=failed reason=port_error boardName=board1 port=COM6 message="Opening COM6: File not found"
[2026-08-16 10:05:23.058] [error] [serialport] event=serialport.error status=failed reason=port_error boardName=board2 port=COM7 message="Opening COM7: File not found"
[2026-08-16 10:07:23.642] [info]  [serialport] event=serialport.connect status=started scope=all
[2026-08-16 10:07:23.670] [info]  [serialport] event=serialport.connect status=started scope=all
[2026-08-16 10:07:23.736] [error] [serialport] event=serialport.error status=failed reason=port_error boardName=board1 port=COM6 message="Opening COM6: File not found"
[2026-08-16 10:07:23.740] [error] [serialport] event=serialport.error status=failed reason=port_error boardName=board2 port=COM7 message="Opening COM7: File not found"
[2026-08-16 10:07:23.743] [error] [serialport] event=serialport.error status=failed reason=port_error boardName=board1 port=COM6 message="Opening COM6: File not found"
[2026-08-16 10:07:23.745] [error] [serialport] event=serialport.error status=failed reason=port_error boardName=board2 port=COM7 message="Opening COM7: File not found"
[2026-08-16 10:12:18.500] [info]  [serialport] event=serialport.connect status=started scope=all
[2026-08-16 10:12:18.534] [info]  [serialport] event=serialport.connect status=started scope=all
[2026-08-16 10:12:18.601] [error] [serialport] event=serialport.error status=failed reason=port_error boardName=board1 port=COM6 message="Opening COM6: File not found"
[2026-08-16 10:12:18.605] [error] [serialport] event=serialport.error status=failed reason=port_error boardName=board2 port=COM7 message="Opening COM7: File not found"
[2026-08-16 10:12:18.607] [error] [serialport] event=serialport.error status=failed reason=port_error boardName=board1 port=COM6 message="Opening COM6: File not found"
[2026-08-16 10:12:18.609] [error] [serialport] event=serialport.error status=failed reason=port_error boardName=board2 port=COM7 message="Opening COM7: File not found"
[2026-08-16 10:13:12.321] [info]  [serialport] event=serialport.connect status=started scope=all
[2026-08-16 10:13:12.363] [info]  [serialport] event=serialport.connect status=started scope=all
[2026-08-16 10:13:12.470] [error] [serialport] event=serialport.error status=failed reason=port_error boardName=board1 port=COM6 message="Opening COM6: File not found"
[2026-08-16 10:13:12.477] [error] [serialport] event=serialport.error status=failed reason=port_error boardName=board2 port=COM7 message="Opening COM7: File not found"
[2026-08-16 10:13:12.480] [error] [serialport] event=serialport.error status=failed reason=port_error boardName=board1 port=COM6 message="Opening COM6: File not found"
[2026-08-16 10:13:12.483] [error] [serialport] event=serialport.error status=failed reason=port_error boardName=board2 port=COM7 message="Opening COM7: File not found"
[2026-08-16 10:20:53.511] [info]  [serialport] event=serialport.connect status=started scope=all
[2026-08-16 10:20:53.542] [info]  [serialport] event=serialport.connect status=started scope=all
[2026-08-16 10:20:53.606] [error] [serialport] event=serialport.error status=failed reason=port_error boardName=board1 port=COM6 message="Opening COM6: File not found"
[2026-08-16 10:20:53.609] [error] [serialport] event=serialport.error status=failed reason=port_error boardName=board2 port=COM7 message="Opening COM7: File not found"
[2026-08-16 10:20:53.612] [error] [serialport] event=serialport.error status=failed reason=port_error boardName=board1 port=COM6 message="Opening COM6: File not found"
[2026-08-16 10:20:53.614] [error] [serialport] event=serialport.error status=failed reason=port_error boardName=board2 port=COM7 message="Opening COM7: File not found"
[2026-08-16 10:25:40.763] [info]  [serialport] event=serialport.connect status=started scope=all
[2026-08-16 10:25:40.796] [info]  [serialport] event=serialport.connect status=started scope=all
[2026-08-16 10:25:40.864] [error] [serialport] event=serialport.error status=failed reason=port_error boardName=board1 port=COM6 message="Opening COM6: File not found"
[2026-08-16 10:25:40.868] [error] [serialport] event=serialport.error status=failed reason=port_error boardName=board2 port=COM7 message="Opening COM7: File not found"
[2026-08-16 10:25:40.870] [error] [serialport] event=serialport.error status=failed reason=port_error boardName=board1 port=COM6 message="Opening COM6: File not found"
[2026-08-16 10:25:40.872] [error] [serialport] event=serialport.error status=failed reason=port_error boardName=board2 port=COM7 message="Opening COM7: File not found"
[2026-08-16 10:31:00.986] [info]  [serialport] event=serialport.connect status=started scope=all
[2026-08-16 10:31:01.014] [info]  [serialport] event=serialport.connect status=started scope=all
[2026-08-16 10:31:01.081] [error] [serialport] event=serialport.error status=failed reason=port_error boardName=board1 port=COM6 message="Opening COM6: File not found"
[2026-08-16 10:31:01.086] [error] [serialport] event=serialport.error status=failed reason=port_error boardName=board2 port=COM7 message="Opening COM7: File not found"
[2026-08-16 10:31:01.088] [error] [serialport] event=serialport.error status=failed reason=port_error boardName=board1 port=COM6 message="Opening COM6: File not found"
[2026-08-16 10:31:01.090] [error] [serialport] event=serialport.error status=failed reason=port_error boardName=board2 port=COM7 message="Opening COM7: File not found"
[2026-08-16 10:33:44.794] [error] [serialport] event=serialport.send status=failed reason=not_connected boardName=board1
[2026-08-16 10:52:21.378] [info]  [serialport] event=serialport.connect status=started scope=all
[2026-08-16 10:52:21.412] [info]  [serialport] event=serialport.connect status=started scope=all
[2026-08-16 10:52:21.478] [error] [serialport] event=serialport.error status=failed reason=port_error boardName=board1 port=COM6 message="Opening COM6: File not found"
[2026-08-16 10:52:21.481] [error] [serialport] event=serialport.error status=failed reason=port_error boardName=board2 port=COM7 message="Opening COM7: File not found"
[2026-08-16 10:52:21.484] [error] [serialport] event=serialport.error status=failed reason=port_error boardName=board1 port=COM6 message="Opening COM6: File not found"
[2026-08-16 10:52:21.487] [error] [serialport] event=serialport.error status=failed reason=port_error boardName=board2 port=COM7 message="Opening COM7: File not found"
[2026-08-16 11:02:35.729] [info]  [serialport] event=serialport.connect status=started scope=all
[2026-08-16 11:02:35.766] [info]  [serialport] event=serialport.connect status=started scope=all
[2026-08-16 11:02:35.833] [error] [serialport] event=serialport.error status=failed reason=port_error boardName=board1 port=COM6 message="Opening COM6: File not found"
[2026-08-16 11:02:35.837] [error] [serialport] event=serialport.error status=failed reason=port_error boardName=board2 port=COM7 message="Opening COM7: File not found"
[2026-08-16 11:02:35.839] [error] [serialport] event=serialport.error status=failed reason=port_error boardName=board1 port=COM6 message="Opening COM6: File not found"
[2026-08-16 11:02:35.842] [error] [serialport] event=serialport.error status=failed reason=port_error boardName=board2 port=COM7 message="Opening COM7: File not found"
[2026-08-16 11:05:59.781] [info]  [serialport] event=settings.change status=success scope=all
[2026-08-16 11:05:59.785] [info]  [serialport] event=serialport.connect status=started scope=all
[2026-08-16 11:05:59.791] [info]  [serialport] event=serialport.connect status=started scope=all
[2026-08-16 11:05:59.863] [error] [serialport] event=serialport.error status=failed reason=port_error boardName=board1 port=COM3 message="Opening COM3: File not found"
[2026-08-16 11:05:59.868] [error] [serialport] event=serialport.error status=failed reason=port_error boardName=board1 port=COM3 message="Opening COM3: File not found"
[2026-08-16 11:32:38.070] [info]  [serialport] event=serialport.connect status=started scope=all
[2026-08-16 11:32:38.117] [info]  [serialport] event=serialport.connect status=started scope=all
[2026-08-16 11:32:38.232] [error] [serialport] event=serialport.error status=failed reason=port_error boardName=board1 port=COM3 message="Opening COM3: File not found"
[2026-08-16 11:32:38.241] [error] [serialport] event=serialport.error status=failed reason=port_error boardName=board1 port=COM3 message="Opening COM3: File not found"
[2026-08-16 11:38:07.827] [info]  [serialport] event=serialport.connect status=started scope=all
[2026-08-16 11:38:07.875] [info]  [serialport] event=serialport.connect status=started scope=all
[2026-08-16 11:38:07.973] [error] [serialport] event=serialport.error status=failed reason=port_error boardName=board1 port=COM3 message="Opening COM3: File not found"
[2026-08-16 11:38:07.979] [error] [serialport] event=serialport.error status=failed reason=port_error boardName=board1 port=COM3 message="Opening COM3: File not found"
[2026-08-16 11:41:09.966] [info]  [serialport] event=serialport.connect status=started scope=all
[2026-08-16 11:41:10.000] [info]  [serialport] event=serialport.connect status=started scope=all
[2026-08-16 11:41:10.070] [error] [serialport] event=serialport.error status=failed reason=port_error boardName=board1 port=COM3 message="Opening COM3: File not found"
[2026-08-16 11:41:10.078] [error] [serialport] event=serialport.error status=failed reason=port_error boardName=board1 port=COM3 message="Opening COM3: File not found"
[2026-08-16 11:43:32.056] [info]  [serialport] event=serialport.connect status=started scope=all
[2026-08-16 11:43:32.083] [info]  [serialport] event=serialport.connect status=started scope=all
[2026-08-16 11:43:32.153] [error] [serialport] event=serialport.error status=failed reason=port_error boardName=board1 port=COM3 message="Opening COM3: File not found"
[2026-08-16 11:43:32.157] [error] [serialport] event=serialport.error status=failed reason=port_error boardName=board1 port=COM3 message="Opening COM3: File not found"
[2026-08-16 11:45:20.750] [info]  [serialport] event=serialport.connect status=started scope=all
[2026-08-16 11:45:20.780] [info]  [serialport] event=serialport.connect status=started scope=all
[2026-08-16 11:45:20.846] [error] [serialport] event=serialport.error status=failed reason=port_error boardName=board1 port=COM3 message="Opening COM3: File not found"
[2026-08-16 11:45:20.850] [error] [serialport] event=serialport.error status=failed reason=port_error boardName=board1 port=COM3 message="Opening COM3: File not found"
[2026-08-16 11:49:04.682] [info]  [serialport] event=serialport.connect status=started scope=all
[2026-08-16 11:49:04.717] [info]  [serialport] event=serialport.connect status=started scope=all
[2026-08-16 11:49:04.781] [error] [serialport] event=serialport.error status=failed reason=port_error boardName=board1 port=COM3 message="Opening COM3: File not found"
[2026-08-16 11:49:04.786] [error] [serialport] event=serialport.error status=failed reason=port_error boardName=board1 port=COM3 message="Opening COM3: File not found"
[2026-08-16 11:51:59.953] [info]  [serialport] event=serialport.connect status=started scope=all
[2026-08-16 11:51:59.984] [info]  [serialport] event=serialport.connect status=started scope=all
[2026-08-16 11:52:00.058] [error] [serialport] event=serialport.error status=failed reason=port_error boardName=board1 port=COM3 message="Opening COM3: File not found"
[2026-08-16 11:52:00.066] [error] [serialport] event=serialport.error status=failed reason=port_error boardName=board1 port=COM3 message="Opening COM3: File not found"
[2026-08-16 11:52:23.385] [info]  [serialport] event=settings.change status=success scope=all
[2026-08-16 11:52:23.387] [info]  [serialport] event=serialport.connect status=started scope=all
[2026-08-16 11:52:23.390] [info]  [serialport] event=serialport.connect status=started scope=all
[2026-08-16 11:52:23.464] [error] [serialport] event=serialport.error status=failed reason=port_error boardName=board1 port=COM6 message="Opening COM6: File not found"
[2026-08-16 11:52:23.467] [error] [serialport] event=serialport.error status=failed reason=port_error boardName=board2 port=COM7 message="Opening COM7: File not found"
[2026-08-16 11:52:23.470] [error] [serialport] event=serialport.error status=failed reason=port_error boardName=board1 port=COM6 message="Opening COM6: File not found"
[2026-08-16 11:52:23.473] [error] [serialport] event=serialport.error status=failed reason=port_error boardName=board2 port=COM7 message="Opening COM7: File not found"