[2026-08-24 00:08:18.897] [info]  [serialport] event=serialport.connect status=started scope=all
[2026-08-24 00:08:18.941] [info]  [serialport] event=serialport.connect status=started scope=all
[2026-08-24 00:08:19.018] [error] [serialport] event=serialport.error status=failed reason=port_error boardName=board1 port=COM6 message="Opening COM6: File not found"
[2026-08-24 00:08:19.021] [error] [serialport] event=serialport.error status=failed reason=port_error boardName=board2 port=COM7 message="Opening COM7: File not found"
[2026-08-24 00:08:19.023] [error] [serialport] event=serialport.error status=failed reason=port_error boardName=board1 port=COM6 message="Opening COM6: File not found"
[2026-08-24 00:08:19.028] [error] [serialport] event=serialport.error status=failed reason=port_error boardName=board2 port=COM7 message="Opening COM7: File not found"
[2026-08-24 00:10:18.605] [info]  [serialport] event=serialport.connect status=started scope=all
[2026-08-24 00:10:18.634] [info]  [serialport] event=serialport.connect status=started scope=all
[2026-08-24 00:10:18.694] [error] [serialport] event=serialport.error status=failed reason=port_error boardName=board1 port=COM6 message="Opening COM6: File not found"
[2026-08-24 00:10:18.700] [error] [serialport] event=serialport.error status=failed reason=port_error boardName=board2 port=COM7 message="Opening COM7: File not found"
[2026-08-24 00:10:18.703] [error] [serialport] event=serialport.error status=failed reason=port_error boardName=board1 port=COM6 message="Opening COM6: File not found"
[2026-08-24 00:10:18.708] [error] [serialport] event=serialport.error status=failed reason=port_error boardName=board2 port=COM7 message="Opening COM7: File not found"
[2026-08-24 00:28:16.248] [info]  [serialport] event=serialport.connect status=started scope=all
[2026-08-24 00:28:16.276] [info]  [serialport] event=serialport.connect status=started scope=all
[2026-08-24 00:28:16.330] [error] [serialport] event=serialport.error status=failed reason=port_error boardName=board1 port=COM6 message="Opening COM6: File not found"
[2026-08-24 00:28:16.333] [error] [serialport] event=serialport.error status=failed reason=port_error boardName=board2 port=COM7 message="Opening COM7: File not found"
[2026-08-24 00:28:16.335] [error] [serialport] event=serialport.error status=failed reason=port_error boardName=board1 port=COM6 message="Opening COM6: File not found"
[2026-08-24 00:28:16.336] [error] [serialport] event=serialport.error status=failed reason=port_error boardName=board2 port=COM7 message="Opening COM7: File not found"
[2026-08-24 00:51:59.014] [info]  [serialport] event=serialport.connect status=started scope=all
[2026-08-24 00:51:59.043] [info]  [serialport] event=serialport.connect status=started scope=all
[2026-08-24 00:51:59.104] [error] [serialport] event=serialport.error status=failed reason=port_error boardName=board1 port=COM6 message="Opening COM6: File not found"
[2026-08-24 00:51:59.109] [error] [serialport] event=serialport.error status=failed reason=port_error boardName=board2 port=COM7 message="Opening COM7: File not found"
[2026-08-24 00:51:59.113] [error] [serialport] event=serialport.error status=failed reason=port_error boardName=board1 port=COM6 message="Opening COM6: File not found"
[2026-08-24 00:51:59.115] [error] [serialport] event=serialport.error status=failed reason=port_error boardName=board2 port=COM7 message="Opening COM7: File not found"
[2026-08-24 00:52:36.946] [error] [serialport] event=serialport.send status=failed reason=not_connected boardName=board1
[2026-08-24 00:52:37.581] [error] [serialport] event=serialport.send status=failed reason=not_connected boardName=board1
[2026-08-24 00:52:37.584] [error] [serialport] event=serialport.send status=failed reason=not_connected boardName=board1
[2026-08-24 00:52:38.972] [error] [serialport] event=serialport.send status=failed reason=not_connected boardName=board1
[2026-08-24 00:52:40.401] [error] [serialport] event=serialport.send status=failed reason=not_connected boardName=board1
[2026-08-24 00:52:40.903] [error] [serialport] event=serialport.send status=failed reason=not_connected boardName=board1
[2026-08-24 00:53:49.619] [error] [serialport] event=serialport.send status=failed reason=not_connected boardName=board1
[2026-08-24 00:53:54.430] [error] [serialport] event=serialport.send status=failed reason=not_connected boardName=board1
[2026-08-24 00:53:58.797] [error] [serialport] event=serialport.send status=failed reason=not_connected boardName=board1
[2026-08-24 00:54:09.389] [error] [serialport] event=serialport.send status=failed reason=not_connected boardName=board1
[2026-08-24 00:54:17.567] [error] [serialport] event=serialport.send status=failed reason=not_connected boardName=board1
[2026-08-24 00:58:19.077] [info]  [serialport] event=serialport.connect status=started scope=all
[2026-08-24 00:58:19.109] [info]  [serialport] event=serialport.connect status=started scope=all
[2026-08-24 00:58:19.200] [error] [serialport] event=serialport.error status=failed reason=port_error boardName=board1 port=COM6 message="Opening COM6: File not found"
[2026-08-24 00:58:19.205] [error] [serialport] event=serialport.error status=failed reason=port_error boardName=board2 port=COM7 message="Opening COM7: File not found"
[2026-08-24 00:58:19.208] [error] [serialport] event=serialport.error status=failed reason=port_error boardName=board1 port=COM6 message="Opening COM6: File not found"
[2026-08-24 00:58:19.212] [error] [serialport] event=serialport.error status=failed reason=port_error boardName=board2 port=COM7 message="Opening COM7: File not found"
[2026-08-24 01:00:51.856] [info]  [serialport] event=serialport.connect status=started scope=all
[2026-08-24 01:00:51.880] [info]  [serialport] event=serialport.connect status=started scope=all
[2026-08-24 01:00:51.920] [error] [serialport] event=serialport.error status=failed reason=port_error boardName=board1 port=COM6 message="Opening COM6: File not found"
[2026-08-24 01:00:51.925] [error] [serialport] event=serialport.error status=failed reason=port_error boardName=board2 port=COM7 message="Opening COM7: File not found"
[2026-08-24 01:00:51.927] [error] [serialport] event=serialport.error status=failed reason=port_error boardName=board1 port=COM6 message="Opening COM6: File not found"
[2026-08-24 01:00:51.929] [error] [serialport] event=serialport.error status=failed reason=port_error boardName=board2 port=COM7 message="Opening COM7: File not found"
[2026-08-24 01:03:28.989] [info]  [serialport] event=serialport.connect status=started scope=all
[2026-08-24 01:03:29.015] [info]  [serialport] event=serialport.connect status=started scope=all
[2026-08-24 01:03:29.064] [error] [serialport] event=serialport.error status=failed reason=port_error boardName=board1 port=COM6 message="Opening COM6: File not found"
[2026-08-24 01:03:29.066] [error] [serialport] event=serialport.error status=failed reason=port_error boardName=board2 port=COM7 message="Opening COM7: File not found"
[2026-08-24 01:03:29.069] [error] [serialport] event=serialport.error status=failed reason=port_error boardName=board1 port=COM6 message="Opening COM6: File not found"
[2026-08-24 01:03:29.071] [error] [serialport] event=serialport.error status=failed reason=port_error boardName=board2 port=COM7 message="Opening COM7: File not found"
[2026-08-24 01:09:54.696] [info]  [serialport] event=serialport.connect status=started scope=all
[2026-08-24 01:09:54.719] [info]  [serialport] event=serialport.connect status=started scope=all
[2026-08-24 01:09:54.770] [error] [serialport] event=serialport.error status=failed reason=port_error boardName=board1 port=COM6 message="Opening COM6: File not found"
[2026-08-24 01:09:54.773] [error] [serialport] event=serialport.error status=failed reason=port_error boardName=board2 port=COM7 message="Opening COM7: File not found"
[2026-08-24 01:09:54.775] [error] [serialport] event=serialport.error status=failed reason=port_error boardName=board1 port=COM6 message="Opening COM6: File not found"
[2026-08-24 01:09:54.777] [error] [serialport] event=serialport.error status=failed reason=port_error boardName=board2 port=COM7 message="Opening COM7: File not found"
[2026-08-24 01:12:06.037] [info]  [serialport] event=serialport.connect status=started scope=all
[2026-08-24 01:12:06.062] [info]  [serialport] event=serialport.connect status=started scope=all
[2026-08-24 01:12:06.105] [error] [serialport] event=serialport.error status=failed reason=port_error boardName=board1 port=COM6 message="Opening COM6: File not found"
[2026-08-24 01:12:06.108] [error] [serialport] event=serialport.error status=failed reason=port_error boardName=board2 port=COM7 message="Opening COM7: File not found"
[2026-08-24 01:12:06.110] [error] [serialport] event=serialport.error status=failed reason=port_error boardName=board1 port=COM6 message="Opening COM6: File not found"
[2026-08-24 01:12:06.112] [error] [serialport] event=serialport.error status=failed reason=port_error boardName=board2 port=COM7 message="Opening COM7: File not found"
[2026-08-24 01:22:33.160] [error] [serialport] event=serialport.send status=failed reason=not_connected boardName=board1
[2026-08-24 01:23:05.640] [error] [serialport] event=serialport.send status=failed reason=not_connected boardName=board1
[2026-08-24 01:23:06.699] [error] [serialport] event=serialport.send status=failed reason=not_connected boardName=board1
[2026-08-24 01:23:07.347] [error] [serialport] event=serialport.send status=failed reason=not_connected boardName=board1
[2026-08-24 01:23:07.823] [error] [serialport] event=serialport.send status=failed reason=not_connected boardName=board1
[2026-08-24 01:23:08.239] [error] [serialport] event=serialport.send status=failed reason=not_connected boardName=board1
[2026-08-24 01:23:08.241] [error] [serialport] event=serialport.send status=failed reason=not_connected boardName=board1
[2026-08-24 01:23:08.597] [error] [serialport] event=serialport.send status=failed reason=not_connected boardName=board1
[2026-08-24 01:41:49.131] [error] [serialport] event=serialport.send status=failed reason=not_connected boardName=board1
[2026-08-24 01:41:50.155] [error] [serialport] event=serialport.send status=failed reason=not_connected boardName=board1
[2026-08-24 01:41:50.157] [error] [serialport] event=serialport.send status=failed reason=not_connected boardName=board1
[2026-08-24 01:42:34.179] [error] [serialport] event=serialport.send status=failed reason=not_connected boardName=board1
[2026-08-24 01:42:34.181] [error] [serialport] event=serialport.send status=failed reason=not_connected boardName=board1
[2026-08-24 01:43:19.982] [error] [serialport] event=serialport.send status=failed reason=not_connected boardName=board1
[2026-08-24 01:43:19.983] [error] [serialport] event=serialport.send status=failed reason=not_connected boardName=board1
[2026-08-24 01:43:23.765] [error] [serialport] event=serialport.send status=failed reason=not_connected boardName=board1
[2026-08-24 01:43:28.245] [error] [serialport] event=serialport.send status=failed reason=not_connected boardName=board1
[2026-08-24 01:43:29.091] [error] [serialport] event=serialport.send status=failed reason=not_connected boardName=board1
[2026-08-24 01:43:29.093] [error] [serialport] event=serialport.send status=failed reason=not_connected boardName=board1
[2026-08-24 01:43:42.293] [error] [serialport] event=serialport.send status=failed reason=not_connected boardName=board1
[2026-08-24 01:43:42.531] [error] [serialport] event=serialport.send status=failed reason=not_connected boardName=board1
[2026-08-24 01:43:42.732] [error] [serialport] event=serialport.send status=failed reason=not_connected boardName=board1
[2026-08-24 01:57:05.559] [info]  [serialport] event=serialport.connect status=started scope=all
[2026-08-24 01:57:05.582] [info]  [serialport] event=serialport.connect status=started scope=all
[2026-08-24 01:57:05.626] [error] [serialport] event=serialport.error status=failed reason=port_error boardName=board1 port=COM6 message="Opening COM6: File not found"
[2026-08-24 01:57:05.630] [error] [serialport] event=serialport.error status=failed reason=port_error boardName=board2 port=COM7 message="Opening COM7: File not found"
[2026-08-24 01:57:05.631] [error] [serialport] event=serialport.error status=failed reason=port_error boardName=board1 port=COM6 message="Opening COM6: File not found"
[2026-08-24 01:57:05.633] [error] [serialport] event=serialport.error status=failed reason=port_error boardName=board2 port=COM7 message="Opening COM7: File not found"
[2026-08-24 02:05:04.639] [error] [serialport] event=serialport.send status=failed reason=not_connected boardName=board1
[2026-08-24 02:06:02.113] [error] [serialport] event=serialport.send status=failed reason=not_connected boardName=board1
[2026-08-24 02:06:02.921] [error] [serialport] event=serialport.send status=failed reason=not_connected boardName=board1
[2026-08-24 02:06:02.922] [error] [serialport] event=serialport.send status=failed reason=not_connected boardName=board1
[2026-08-24 02:06:03.484] [error] [serialport] event=serialport.send status=failed reason=not_connected boardName=board1
[2026-08-24 02:06:03.967] [error] [serialport] event=serialport.send status=failed reason=not_connected boardName=board1
[2026-08-24 02:28:19.579] [info]  [serialport] event=serialport.connect status=started scope=all
[2026-08-24 02:28:19.605] [info]  [serialport] event=serialport.connect status=started scope=all
[2026-08-24 02:28:19.655] [error] [serialport] event=serialport.error status=failed reason=port_error boardName=board1 port=COM6 message="Opening COM6: File not found"
[2026-08-24 02:28:19.658] [error] [serialport] event=serialport.error status=failed reason=port_error boardName=board2 port=COM7 message="Opening COM7: File not found"
[2026-08-24 02:28:19.661] [error] [serialport] event=serialport.error status=failed reason=port_error boardName=board1 port=COM6 message="Opening COM6: File not found"
[2026-08-24 02:28:19.665] [error] [serialport] event=serialport.error status=failed reason=port_error boardName=board2 port=COM7 message="Opening COM7: File not found"
[2026-08-24 02:29:21.919] [info]  [serialport] event=serialport.connect status=started scope=all
[2026-08-24 02:29:21.945] [info]  [serialport] event=serialport.connect status=started scope=all
[2026-08-24 02:29:21.989] [error] [serialport] event=serialport.error status=failed reason=port_error boardName=board1 port=COM6 message="Opening COM6: File not found"
[2026-08-24 02:29:21.992] [error] [serialport] event=serialport.error status=failed reason=port_error boardName=board2 port=COM7 message="Opening COM7: File not found"
[2026-08-24 02:29:21.994] [error] [serialport] event=serialport.error status=failed reason=port_error boardName=board1 port=COM6 message="Opening COM6: File not found"
[2026-08-24 02:29:21.996] [error] [serialport] event=serialport.error status=failed reason=port_error boardName=board2 port=COM7 message="Opening COM7: File not found"
[2026-08-24 02:37:03.549] [info]  [serialport] event=serialport.connect status=started scope=all
[2026-08-24 02:37:03.569] [info]  [serialport] event=serialport.connect status=started scope=all
[2026-08-24 02:37:03.612] [error] [serialport] event=serialport.error status=failed reason=port_error boardName=board1 port=COM6 message="Opening COM6: File not found"
[2026-08-24 02:37:03.614] [error] [serialport] event=serialport.error status=failed reason=port_error boardName=board2 port=COM7 message="Opening COM7: File not found"
[2026-08-24 02:37:03.617] [error] [serialport] event=serialport.error status=failed reason=port_error boardName=board1 port=COM6 message="Opening COM6: File not found"
[2026-08-24 02:37:03.619] [error] [serialport] event=serialport.error status=failed reason=port_error boardName=board2 port=COM7 message="Opening COM7: File not found"
[2026-08-24 02:44:38.956] [info]  [serialport] event=serialport.connect status=started scope=all
[2026-08-24 02:44:38.996] [error] [serialport] event=serialport.error status=failed reason=port_error boardName=board1 port=COM6 message="Opening COM6: File not found"
[2026-08-24 02:44:38.997] [error] [serialport] event=serialport.error status=failed reason=port_error boardName=board2 port=COM7 message="Opening COM7: File not found"
[2026-08-24 02:49:48.199] [info]  [serialport] event=serialport.connect status=started scope=all
[2026-08-24 02:49:48.223] [info]  [serialport] event=serialport.connect status=started scope=all
[2026-08-24 02:49:48.266] [error] [serialport] event=serialport.error status=failed reason=port_error boardName=board1 port=COM6 message="Opening COM6: File not found"
[2026-08-24 02:49:48.269] [error] [serialport] event=serialport.error status=failed reason=port_error boardName=board2 port=COM7 message="Opening COM7: File not found"
[2026-08-24 02:49:48.270] [error] [serialport] event=serialport.error status=failed reason=port_error boardName=board1 port=COM6 message="Opening COM6: File not found"
[2026-08-24 02:49:48.272] [error] [serialport] event=serialport.error status=failed reason=port_error boardName=board2 port=COM7 message="Opening COM7: File not found"
[2026-08-24 02:50:19.059] [info]  [serialport] event=serialport.connect status=started scope=all
[2026-08-24 02:50:19.098] [error] [serialport] event=serialport.error status=failed reason=port_error boardName=board1 port=COM6 message="Opening COM6: File not found"
[2026-08-24 02:50:19.100] [error] [serialport] event=serialport.error status=failed reason=port_error boardName=board2 port=COM7 message="Opening COM7: File not found"
[2026-08-24 03:07:00.176] [error] [serialport] event=serialport.send status=failed reason=not_connected boardName=board1
[2026-08-24 03:07:33.653] [info]  [serialport] event=serialport.connect status=started scope=all
[2026-08-24 03:07:33.687] [info]  [serialport] event=serialport.connect status=started scope=all
[2026-08-24 03:07:33.744] [error] [serialport] event=serialport.error status=failed reason=port_error boardName=board1 port=COM6 message="Opening COM6: File not found"
[2026-08-24 03:07:33.748] [error] [serialport] event=serialport.error status=failed reason=port_error boardName=board2 port=COM7 message="Opening COM7: File not found"
[2026-08-24 03:07:33.751] [error] [serialport] event=serialport.error status=failed reason=port_error boardName=board1 port=COM6 message="Opening COM6: File not found"
[2026-08-24 03:07:33.753] [error] [serialport] event=serialport.error status=failed reason=port_error boardName=board2 port=COM7 message="Opening COM7: File not found"
[2026-08-24 07:45:55.744] [info]  [serialport] event=serialport.connect status=started scope=all
[2026-08-24 07:45:55.769] [info]  [serialport] event=serialport.connect status=started scope=all
[2026-08-24 07:45:55.814] [error] [serialport] event=serialport.error status=failed reason=port_error boardName=board1 port=COM6 message="Opening COM6: File not found"
[2026-08-24 07:45:55.818] [error] [serialport] event=serialport.error status=failed reason=port_error boardName=board2 port=COM7 message="Opening COM7: File not found"
[2026-08-24 07:45:55.820] [error] [serialport] event=serialport.error status=failed reason=port_error boardName=board1 port=COM6 message="Opening COM6: File not found"
[2026-08-24 07:45:55.822] [error] [serialport] event=serialport.error status=failed reason=port_error boardName=board2 port=COM7 message="Opening COM7: File not found"
[2026-08-24 08:06:16.617] [info]  [serialport] event=serialport.connect status=started scope=all
[2026-08-24 08:06:16.652] [info]  [serialport] event=serialport.connect status=started scope=all
[2026-08-24 08:06:16.725] [error] [serialport] event=serialport.error status=failed reason=port_error boardName=board1 port=COM6 message="Opening COM6: File not found"
[2026-08-24 08:06:16.730] [error] [serialport] event=serialport.error status=failed reason=port_error boardName=board2 port=COM7 message="Opening COM7: File not found"
[2026-08-24 08:06:16.733] [error] [serialport] event=serialport.error status=failed reason=port_error boardName=board1 port=COM6 message="Opening COM6: File not found"
[2026-08-24 08:06:16.738] [error] [serialport] event=serialport.error status=failed reason=port_error boardName=board2 port=COM7 message="Opening COM7: File not found"
[2026-08-24 08:07:55.725] [info]  [serialport] event=serialport.connect status=started scope=all
[2026-08-24 08:07:55.748] [info]  [serialport] event=serialport.connect status=started scope=all
[2026-08-24 08:07:55.794] [error] [serialport] event=serialport.error status=failed reason=port_error boardName=board1 port=COM6 message="Opening COM6: File not found"
[2026-08-24 08:07:55.797] [error] [serialport] event=serialport.error status=failed reason=port_error boardName=board2 port=COM7 message="Opening COM7: File not found"
[2026-08-24 08:07:55.800] [error] [serialport] event=serialport.error status=failed reason=port_error boardName=board1 port=COM6 message="Opening COM6: File not found"
[2026-08-24 08:07:55.802] [error] [serialport] event=serialport.error status=failed reason=port_error boardName=board2 port=COM7 message="Opening COM7: File not found"
[2026-08-24 08:16:09.289] [info]  [serialport] event=serialport.connect status=started scope=all
[2026-08-24 08:16:09.312] [info]  [serialport] event=serialport.connect status=started scope=all
[2026-08-24 08:16:09.354] [error] [serialport] event=serialport.error status=failed reason=port_error boardName=board1 port=COM6 message="Opening COM6: File not found"
[2026-08-24 08:16:09.358] [error] [serialport] event=serialport.error status=failed reason=port_error boardName=board2 port=COM7 message="Opening COM7: File not found"
[2026-08-24 08:16:09.360] [error] [serialport] event=serialport.error status=failed reason=port_error boardName=board1 port=COM6 message="Opening COM6: File not found"
[2026-08-24 08:16:09.361] [error] [serialport] event=serialport.error status=failed reason=port_error boardName=board2 port=COM7 message="Opening COM7: File not found"
[2026-08-24 08:21:15.332] [info]  [serialport] event=serialport.connect status=started scope=all
[2026-08-24 08:21:15.355] [info]  [serialport] event=serialport.connect status=started scope=all
[2026-08-24 08:21:15.397] [error] [serialport] event=serialport.error status=failed reason=port_error boardName=board1 port=COM6 message="Opening COM6: File not found"
[2026-08-24 08:21:15.400] [error] [serialport] event=serialport.error status=failed reason=port_error boardName=board2 port=COM7 message="Opening COM7: File not found"
[2026-08-24 08:21:15.403] [error] [serialport] event=serialport.error status=failed reason=port_error boardName=board1 port=COM6 message="Opening COM6: File not found"
[2026-08-24 08:21:15.405] [error] [serialport] event=serialport.error status=failed reason=port_error boardName=board2 port=COM7 message="Opening COM7: File not found"
[2026-08-24 08:23:09.656] [info]  [serialport] event=serialport.connect status=started scope=all
[2026-08-24 08:23:09.681] [info]  [serialport] event=serialport.connect status=started scope=all
[2026-08-24 08:23:09.727] [error] [serialport] event=serialport.error status=failed reason=port_error boardName=board1 port=COM6 message="Opening COM6: File not found"
[2026-08-24 08:23:09.731] [error] [serialport] event=serialport.error status=failed reason=port_error boardName=board2 port=COM7 message="Opening COM7: File not found"
[2026-08-24 08:23:09.733] [error] [serialport] event=serialport.error status=failed reason=port_error boardName=board1 port=COM6 message="Opening COM6: File not found"
[2026-08-24 08:23:09.735] [error] [serialport] event=serialport.error status=failed reason=port_error boardName=board2 port=COM7 message="Opening COM7: File not found"
[2026-08-24 08:37:13.518] [info]  [serialport] event=serialport.connect status=started scope=all
[2026-08-24 08:37:13.542] [info]  [serialport] event=serialport.connect status=started scope=all
[2026-08-24 08:37:13.587] [error] [serialport] event=serialport.error status=failed reason=port_error boardName=board1 port=COM6 message="Opening COM6: File not found"
[2026-08-24 08:37:13.591] [error] [serialport] event=serialport.error status=failed reason=port_error boardName=board2 port=COM7 message="Opening COM7: File not found"
[2026-08-24 08:37:13.593] [error] [serialport] event=serialport.error status=failed reason=port_error boardName=board1 port=COM6 message="Opening COM6: File not found"
[2026-08-24 08:37:13.595] [error] [serialport] event=serialport.error status=failed reason=port_error boardName=board2 port=COM7 message="Opening COM7: File not found"
[2026-08-24 08:44:09.412] [error] [serialport] event=serialport.send status=failed reason=not_connected boardName=board1
[2026-08-24 08:53:32.028] [info]  [serialport] event=serialport.connect status=started scope=all
[2026-08-24 08:53:32.056] [info]  [serialport] event=serialport.connect status=started scope=all
[2026-08-24 08:53:32.107] [error] [serialport] event=serialport.error status=failed reason=port_error boardName=board1 port=COM6 message="Opening COM6: File not found"
[2026-08-24 08:53:32.111] [error] [serialport] event=serialport.error status=failed reason=port_error boardName=board2 port=COM7 message="Opening COM7: File not found"
[2026-08-24 08:53:32.114] [error] [serialport] event=serialport.error status=failed reason=port_error boardName=board1 port=COM6 message="Opening COM6: File not found"
[2026-08-24 08:53:32.116] [error] [serialport] event=serialport.error status=failed reason=port_error boardName=board2 port=COM7 message="Opening COM7: File not found"
[2026-08-24 08:57:36.229] [info]  [serialport] event=serialport.connect status=started scope=all
[2026-08-24 08:57:36.256] [info]  [serialport] event=serialport.connect status=started scope=all
[2026-08-24 08:57:36.305] [error] [serialport] event=serialport.error status=failed reason=port_error boardName=board1 port=COM6 message="Opening COM6: File not found"
[2026-08-24 08:57:36.307] [error] [serialport] event=serialport.error status=failed reason=port_error boardName=board2 port=COM7 message="Opening COM7: File not found"
[2026-08-24 08:57:36.309] [error] [serialport] event=serialport.error status=failed reason=port_error boardName=board1 port=COM6 message="Opening COM6: File not found"
[2026-08-24 08:57:36.313] [error] [serialport] event=serialport.error status=failed reason=port_error boardName=board2 port=COM7 message="Opening COM7: File not found"
[2026-08-24 08:57:59.520] [error] [serialport] event=serialport.send status=failed reason=not_connected boardName=board1
[2026-08-24 08:58:07.407] [error] [serialport] event=serialport.send status=failed reason=not_connected boardName=board1
[2026-08-24 08:59:07.151] [error] [serialport] event=serialport.send status=failed reason=not_connected boardName=board1
[2026-08-24 08:59:14.885] [error] [serialport] event=serialport.send status=failed reason=not_connected boardName=board1
[2026-08-24 08:59:23.979] [error] [serialport] event=serialport.send status=failed reason=not_connected boardName=board1
[2026-08-24 08:59:34.362] [error] [serialport] event=serialport.send status=failed reason=not_connected boardName=board1
[2026-08-24 08:59:43.141] [error] [serialport] event=serialport.send status=failed reason=not_connected boardName=board1
[2026-08-24 08:59:55.731] [error] [serialport] event=serialport.send status=failed reason=not_connected boardName=board1
[2026-08-24 09:06:09.188] [info]  [serialport] event=serialport.connect status=started scope=all
[2026-08-24 09:06:09.212] [info]  [serialport] event=serialport.connect status=started scope=all
[2026-08-24 09:06:09.255] [error] [serialport] event=serialport.error status=failed reason=port_error boardName=board1 port=COM6 message="Opening COM6: File not found"
[2026-08-24 09:06:09.258] [error] [serialport] event=serialport.error status=failed reason=port_error boardName=board2 port=COM7 message="Opening COM7: File not found"
[2026-08-24 09:06:09.260] [error] [serialport] event=serialport.error status=failed reason=port_error boardName=board1 port=COM6 message="Opening COM6: File not found"
[2026-08-24 09:06:09.262] [error] [serialport] event=serialport.error status=failed reason=port_error boardName=board2 port=COM7 message="Opening COM7: File not found"
[2026-08-24 09:09:11.277] [info]  [serialport] event=serialport.connect status=started scope=all
[2026-08-24 09:09:11.300] [info]  [serialport] event=serialport.connect status=started scope=all
[2026-08-24 09:09:11.342] [error] [serialport] event=serialport.error status=failed reason=port_error boardName=board1 port=COM6 message="Opening COM6: File not found"
[2026-08-24 09:09:11.344] [error] [serialport] event=serialport.error status=failed reason=port_error boardName=board2 port=COM7 message="Opening COM7: File not found"
[2026-08-24 09:09:11.347] [error] [serialport] event=serialport.error status=failed reason=port_error boardName=board1 port=COM6 message="Opening COM6: File not found"
[2026-08-24 09:09:11.349] [error] [serialport] event=serialport.error status=failed reason=port_error boardName=board2 port=COM7 message="Opening COM7: File not found"
[2026-08-24 09:26:12.040] [info]  [serialport] event=serialport.connect status=started scope=all
[2026-08-24 09:26:12.064] [info]  [serialport] event=serialport.connect status=started scope=all
[2026-08-24 09:26:12.107] [error] [serialport] event=serialport.error status=failed reason=port_error boardName=board1 port=COM6 message="Opening COM6: File not found"
[2026-08-24 09:26:12.110] [error] [serialport] event=serialport.error status=failed reason=port_error boardName=board2 port=COM7 message="Opening COM7: File not found"
[2026-08-24 09:26:12.112] [error] [serialport] event=serialport.error status=failed reason=port_error boardName=board1 port=COM6 message="Opening COM6: File not found"
[2026-08-24 09:26:12.114] [error] [serialport] event=serialport.error status=failed reason=port_error boardName=board2 port=COM7 message="Opening COM7: File not found"
[2026-08-24 09:28:09.689] [info]  [serialport] event=serialport.connect status=started scope=all
[2026-08-24 09:28:09.715] [info]  [serialport] event=serialport.connect status=started scope=all
[2026-08-24 09:28:09.767] [error] [serialport] event=serialport.error status=failed reason=port_error boardName=board1 port=COM6 message="Opening COM6: File not found"
[2026-08-24 09:28:09.773] [error] [serialport] event=serialport.error status=failed reason=port_error boardName=board2 port=COM7 message="Opening COM7: File not found"
[2026-08-24 09:28:09.779] [error] [serialport] event=serialport.error status=failed reason=port_error boardName=board1 port=COM6 message="Opening COM6: File not found"
[2026-08-24 09:28:09.783] [error] [serialport] event=serialport.error status=failed reason=port_error boardName=board2 port=COM7 message="Opening COM7: File not found"
[2026-08-24 09:35:12.241] [info]  [serialport] event=serialport.connect status=started scope=all
[2026-08-24 09:35:12.262] [info]  [serialport] event=serialport.connect status=started scope=all
[2026-08-24 09:35:12.306] [error] [serialport] event=serialport.error status=failed reason=port_error boardName=board1 port=COM6 message="Opening COM6: File not found"
[2026-08-24 09:35:12.311] [error] [serialport] event=serialport.error status=failed reason=port_error boardName=board2 port=COM7 message="Opening COM7: File not found"
[2026-08-24 09:35:12.313] [error] [serialport] event=serialport.error status=failed reason=port_error boardName=board1 port=COM6 message="Opening COM6: File not found"
[2026-08-24 09:35:12.315] [error] [serialport] event=serialport.error status=failed reason=port_error boardName=board2 port=COM7 message="Opening COM7: File not found"
[2026-08-24 09:43:51.760] [info]  [serialport] event=serialport.connect status=started scope=all
[2026-08-24 09:43:51.788] [info]  [serialport] event=serialport.connect status=started scope=all
[2026-08-24 09:43:51.848] [error] [serialport] event=serialport.error status=failed reason=port_error boardName=board1 port=COM6 message="Opening COM6: File not found"
[2026-08-24 09:43:51.852] [error] [serialport] event=serialport.error status=failed reason=port_error boardName=board2 port=COM7 message="Opening COM7: File not found"
[2026-08-24 09:43:51.855] [error] [serialport] event=serialport.error status=failed reason=port_error boardName=board1 port=COM6 message="Opening COM6: File not found"
[2026-08-24 09:43:51.858] [error] [serialport] event=serialport.error status=failed reason=port_error boardName=board2 port=COM7 message="Opening COM7: File not found"
[2026-08-24 09:46:46.009] [info]  [serialport] event=serialport.connect status=started scope=all
[2026-08-24 09:46:46.030] [info]  [serialport] event=serialport.connect status=started scope=all
[2026-08-24 09:46:46.074] [error] [serialport] event=serialport.error status=failed reason=port_error boardName=board1 port=COM6 message="Opening COM6: File not found"
[2026-08-24 09:46:46.077] [error] [serialport] event=serialport.error status=failed reason=port_error boardName=board2 port=COM7 message="Opening COM7: File not found"
[2026-08-24 09:46:46.080] [error] [serialport] event=serialport.error status=failed reason=port_error boardName=board1 port=COM6 message="Opening COM6: File not found"
[2026-08-24 09:46:46.081] [error] [serialport] event=serialport.error status=failed reason=port_error boardName=board2 port=COM7 message="Opening COM7: File not found"
[2026-08-24 09:57:24.656] [info]  [serialport] event=serialport.connect status=started scope=all
[2026-08-24 09:57:24.678] [info]  [serialport] event=serialport.connect status=started scope=all
[2026-08-24 09:57:24.722] [error] [serialport] event=serialport.error status=failed reason=port_error boardName=board1 port=COM6 message="Opening COM6: File not found"
[2026-08-24 09:57:24.724] [error] [serialport] event=serialport.error status=failed reason=port_error boardName=board2 port=COM7 message="Opening COM7: File not found"
[2026-08-24 09:57:24.727] [error] [serialport] event=serialport.error status=failed reason=port_error boardName=board1 port=COM6 message="Opening COM6: File not found"
[2026-08-24 09:57:24.728] [error] [serialport] event=serialport.error status=failed reason=port_error boardName=board2 port=COM7 message="Opening COM7: File not found"
[2026-08-24 10:01:46.582] [info]  [serialport] event=serialport.connect status=started scope=all
[2026-08-24 10:01:46.614] [info]  [serialport] event=serialport.connect status=started scope=all
[2026-08-24 10:01:46.682] [error] [serialport] event=serialport.error status=failed reason=port_error boardName=board1 port=COM6 message="Opening COM6: File not found"
[2026-08-24 10:01:46.686] [error] [serialport] event=serialport.error status=failed reason=port_error boardName=board2 port=COM7 message="Opening COM7: File not found"
[2026-08-24 10:01:46.689] [error] [serialport] event=serialport.error status=failed reason=port_error boardName=board1 port=COM6 message="Opening COM6: File not found"
[2026-08-24 10:01:46.693] [error] [serialport] event=serialport.error status=failed reason=port_error boardName=board2 port=COM7 message="Opening COM7: File not found"
[2026-08-24 10:03:49.513] [info]  [serialport] event=serialport.connect status=started scope=all
[2026-08-24 10:03:49.538] [info]  [serialport] event=serialport.connect status=started scope=all
[2026-08-24 10:03:49.579] [error] [serialport] event=serialport.error status=failed reason=port_error boardName=board1 port=COM6 message="Opening COM6: File not found"
[2026-08-24 10:03:49.583] [error] [serialport] event=serialport.error status=failed reason=port_error boardName=board2 port=COM7 message="Opening COM7: File not found"
[2026-08-24 10:03:49.586] [error] [serialport] event=serialport.error status=failed reason=port_error boardName=board1 port=COM6 message="Opening COM6: File not found"
[2026-08-24 10:03:49.587] [error] [serialport] event=serialport.error status=failed reason=port_error boardName=board2 port=COM7 message="Opening COM7: File not found"
[2026-08-24 10:11:02.203] [error] [serialport] event=serialport.send status=failed reason=not_connected boardName=board1
[2026-08-24 10:16:37.898] [info]  [serialport] event=serialport.connect status=started scope=all
[2026-08-24 10:16:37.921] [info]  [serialport] event=serialport.connect status=started scope=all
[2026-08-24 10:16:37.966] [error] [serialport] event=serialport.error status=failed reason=port_error boardName=board1 port=COM6 message="Opening COM6: File not found"
[2026-08-24 10:16:37.969] [error] [serialport] event=serialport.error status=failed reason=port_error boardName=board2 port=COM7 message="Opening COM7: File not found"
[2026-08-24 10:16:37.972] [error] [serialport] event=serialport.error status=failed reason=port_error boardName=board1 port=COM6 message="Opening COM6: File not found"
[2026-08-24 10:16:37.973] [error] [serialport] event=serialport.error status=failed reason=port_error boardName=board2 port=COM7 message="Opening COM7: File not found"
[2026-08-24 10:17:10.551] [error] [serialport] event=serialport.send status=failed reason=not_connected boardName=board1
[2026-08-24 10:19:55.073] [error] [serialport] event=serialport.send status=failed reason=not_connected boardName=board1
[2026-08-24 10:24:57.199] [info]  [serialport] event=serialport.connect status=started scope=all
[2026-08-24 10:24:57.220] [info]  [serialport] event=serialport.connect status=started scope=all
[2026-08-24 10:24:57.266] [error] [serialport] event=serialport.error status=failed reason=port_error boardName=board1 port=COM6 message="Opening COM6: File not found"
[2026-08-24 10:24:57.269] [error] [serialport] event=serialport.error status=failed reason=port_error boardName=board2 port=COM7 message="Opening COM7: File not found"
[2026-08-24 10:24:57.271] [error] [serialport] event=serialport.error status=failed reason=port_error boardName=board1 port=COM6 message="Opening COM6: File not found"
[2026-08-24 10:24:57.273] [error] [serialport] event=serialport.error status=failed reason=port_error boardName=board2 port=COM7 message="Opening COM7: File not found"
[2026-08-24 10:27:01.931] [info]  [serialport] event=serialport.connect status=started scope=all
[2026-08-24 10:27:01.955] [info]  [serialport] event=serialport.connect status=started scope=all
[2026-08-24 10:27:01.998] [error] [serialport] event=serialport.error status=failed reason=port_error boardName=board1 port=COM6 message="Opening COM6: File not found"
[2026-08-24 10:27:02.001] [error] [serialport] event=serialport.error status=failed reason=port_error boardName=board2 port=COM7 message="Opening COM7: File not found"
[2026-08-24 10:27:02.003] [error] [serialport] event=serialport.error status=failed reason=port_error boardName=board1 port=COM6 message="Opening COM6: File not found"
[2026-08-24 10:27:02.005] [error] [serialport] event=serialport.error status=failed reason=port_error boardName=board2 port=COM7 message="Opening COM7: File not found"
[2026-08-24 10:27:17.148] [info]  [serialport] event=serialport.connect status=started scope=all
[2026-08-24 10:27:17.150] [error] [serialport] event=serialport.connect status=failed reason=no_enabled_board scope=all
[2026-08-24 10:28:38.845] [info]  [serialport] event=serialport.connect status=started scope=all
[2026-08-24 10:28:38.870] [info]  [serialport] event=serialport.connect status=started scope=all
[2026-08-24 10:28:38.927] [error] [serialport] event=serialport.error status=failed reason=port_error boardName=board1 port=COM6 message="Opening COM6: File not found"
[2026-08-24 10:28:38.932] [error] [serialport] event=serialport.error status=failed reason=port_error boardName=board2 port=COM7 message="Opening COM7: File not found"
[2026-08-24 10:28:38.936] [error] [serialport] event=serialport.error status=failed reason=port_error boardName=board1 port=COM6 message="Opening COM6: File not found"
[2026-08-24 10:28:38.938] [error] [serialport] event=serialport.error status=failed reason=port_error boardName=board2 port=COM7 message="Opening COM7: File not found"
[2026-08-24 10:28:57.462] [info]  [serialport] event=serialport.connect status=started scope=all
[2026-08-24 10:28:57.464] [error] [serialport] event=serialport.connect status=failed reason=no_enabled_board scope=all
[2026-08-24 10:31:54.583] [info]  [serialport] event=serialport.connect status=started scope=all
[2026-08-24 10:31:54.605] [info]  [serialport] event=serialport.connect status=started scope=all
[2026-08-24 10:31:54.652] [error] [serialport] event=serialport.error status=failed reason=port_error boardName=board1 port=COM6 message="Opening COM6: File not found"
[2026-08-24 10:31:54.655] [error] [serialport] event=serialport.error status=failed reason=port_error boardName=board2 port=COM7 message="Opening COM7: File not found"
[2026-08-24 10:31:54.658] [error] [serialport] event=serialport.error status=failed reason=port_error boardName=board1 port=COM6 message="Opening COM6: File not found"
[2026-08-24 10:31:54.661] [error] [serialport] event=serialport.error status=failed reason=port_error boardName=board2 port=COM7 message="Opening COM7: File not found"
[2026-08-24 10:32:10.646] [info]  [serialport] event=serialport.connect status=started scope=all
[2026-08-24 10:32:10.647] [error] [serialport] event=serialport.connect status=failed reason=no_enabled_board scope=all
[2026-08-24 10:34:35.394] [info]  [serialport] event=serialport.connect status=started scope=all
[2026-08-24 10:34:35.424] [info]  [serialport] event=serialport.connect status=started scope=all
[2026-08-24 10:34:35.480] [error] [serialport] event=serialport.error status=failed reason=port_error boardName=board1 port=COM6 message="Opening COM6: File not found"
[2026-08-24 10:34:35.484] [error] [serialport] event=serialport.error status=failed reason=port_error boardName=board2 port=COM7 message="Opening COM7: File not found"
[2026-08-24 10:34:35.486] [error] [serialport] event=serialport.error status=failed reason=port_error boardName=board1 port=COM6 message="Opening COM6: File not found"
[2026-08-24 10:34:35.488] [error] [serialport] event=serialport.error status=failed reason=port_error boardName=board2 port=COM7 message="Opening COM7: File not found"
[2026-08-24 10:37:22.218] [info]  [serialport] event=serialport.connect status=started scope=all
[2026-08-24 10:37:22.243] [info]  [serialport] event=serialport.connect status=started scope=all
[2026-08-24 10:37:22.288] [error] [serialport] event=serialport.error status=failed reason=port_error boardName=board1 port=COM6 message="Opening COM6: File not found"
[2026-08-24 10:37:22.291] [error] [serialport] event=serialport.error status=failed reason=port_error boardName=board2 port=COM7 message="Opening COM7: File not found"
[2026-08-24 10:37:22.293] [error] [serialport] event=serialport.error status=failed reason=port_error boardName=board1 port=COM6 message="Opening COM6: File not found"
[2026-08-24 10:37:22.295] [error] [serialport] event=serialport.error status=failed reason=port_error boardName=board2 port=COM7 message="Opening COM7: File not found"
[2026-08-24 10:40:57.498] [info]  [serialport] event=serialport.connect status=started scope=all
[2026-08-24 10:40:57.522] [info]  [serialport] event=serialport.connect status=started scope=all
[2026-08-24 10:40:57.567] [error] [serialport] event=serialport.error status=failed reason=port_error boardName=board1 port=COM6 message="Opening COM6: File not found"
[2026-08-24 10:40:57.571] [error] [serialport] event=serialport.error status=failed reason=port_error boardName=board2 port=COM7 message="Opening COM7: File not found"
[2026-08-24 10:40:57.573] [error] [serialport] event=serialport.error status=failed reason=port_error boardName=board1 port=COM6 message="Opening COM6: File not found"
[2026-08-24 10:40:57.575] [error] [serialport] event=serialport.error status=failed reason=port_error boardName=board2 port=COM7 message="Opening COM7: File not found"
[2026-08-24 10:43:23.374] [info]  [serialport] event=serialport.connect status=started scope=all
[2026-08-24 10:43:23.398] [info]  [serialport] event=serialport.connect status=started scope=all
[2026-08-24 10:43:23.445] [error] [serialport] event=serialport.error status=failed reason=port_error boardName=board1 port=COM6 message="Opening COM6: File not found"
[2026-08-24 10:43:23.447] [error] [serialport] event=serialport.error status=failed reason=port_error boardName=board2 port=COM7 message="Opening COM7: File not found"
[2026-08-24 10:43:23.449] [error] [serialport] event=serialport.error status=failed reason=port_error boardName=board1 port=COM6 message="Opening COM6: File not found"
[2026-08-24 10:43:23.451] [error] [serialport] event=serialport.error status=failed reason=port_error boardName=board2 port=COM7 message="Opening COM7: File not found"
[2026-08-24 10:49:39.636] [info]  [serialport] event=serialport.connect status=started scope=all
[2026-08-24 10:49:39.667] [info]  [serialport] event=serialport.connect status=started scope=all
[2026-08-24 10:49:39.714] [error] [serialport] event=serialport.error status=failed reason=port_error boardName=board1 port=COM6 message="Opening COM6: File not found"
[2026-08-24 10:49:39.718] [error] [serialport] event=serialport.error status=failed reason=port_error boardName=board2 port=COM7 message="Opening COM7: File not found"
[2026-08-24 10:49:39.721] [error] [serialport] event=serialport.error status=failed reason=port_error boardName=board1 port=COM6 message="Opening COM6: File not found"
[2026-08-24 10:49:39.723] [error] [serialport] event=serialport.error status=failed reason=port_error boardName=board2 port=COM7 message="Opening COM7: File not found"
[2026-08-24 10:54:40.634] [info]  [serialport] event=serialport.connect status=started scope=all
[2026-08-24 10:54:40.666] [info]  [serialport] event=serialport.connect status=started scope=all
[2026-08-24 10:54:40.726] [error] [serialport] event=serialport.error status=failed reason=port_error boardName=board1 port=COM6 message="Opening COM6: File not found"
[2026-08-24 10:54:40.732] [error] [serialport] event=serialport.error status=failed reason=port_error boardName=board2 port=COM7 message="Opening COM7: File not found"
[2026-08-24 10:54:40.734] [error] [serialport] event=serialport.error status=failed reason=port_error boardName=board1 port=COM6 message="Opening COM6: File not found"
[2026-08-24 10:54:40.735] [error] [serialport] event=serialport.error status=failed reason=port_error boardName=board2 port=COM7 message="Opening COM7: File not found"
[2026-08-24 10:55:27.681] [error] [serialport] event=serialport.send status=failed reason=not_connected boardName=board1
[2026-08-24 10:57:16.618] [info]  [serialport] event=serialport.connect status=started scope=all
[2026-08-24 10:57:16.642] [info]  [serialport] event=serialport.connect status=started scope=all
[2026-08-24 10:57:16.691] [error] [serialport] event=serialport.error status=failed reason=port_error boardName=board1 port=COM6 message="Opening COM6: File not found"
[2026-08-24 10:57:16.694] [error] [serialport] event=serialport.error status=failed reason=port_error boardName=board2 port=COM7 message="Opening COM7: File not found"
[2026-08-24 10:57:16.700] [error] [serialport] event=serialport.error status=failed reason=port_error boardName=board1 port=COM6 message="Opening COM6: File not found"
[2026-08-24 10:57:16.705] [error] [serialport] event=serialport.error status=failed reason=port_error boardName=board2 port=COM7 message="Opening COM7: File not found"
[2026-08-24 10:59:32.929] [info]  [serialport] event=serialport.connect status=started scope=all
[2026-08-24 10:59:32.956] [info]  [serialport] event=serialport.connect status=started scope=all
[2026-08-24 10:59:33.006] [error] [serialport] event=serialport.error status=failed reason=port_error boardName=board1 port=COM6 message="Opening COM6: File not found"
[2026-08-24 10:59:33.010] [error] [serialport] event=serialport.error status=failed reason=port_error boardName=board2 port=COM7 message="Opening COM7: File not found"
[2026-08-24 10:59:33.013] [error] [serialport] event=serialport.error status=failed reason=port_error boardName=board1 port=COM6 message="Opening COM6: File not found"
[2026-08-24 10:59:33.015] [error] [serialport] event=serialport.error status=failed reason=port_error boardName=board2 port=COM7 message="Opening COM7: File not found"
[2026-08-24 11:02:04.283] [info]  [serialport] event=serialport.connect status=started scope=all
[2026-08-24 11:02:04.315] [info]  [serialport] event=serialport.connect status=started scope=all
[2026-08-24 11:02:04.364] [error] [serialport] event=serialport.error status=failed reason=port_error boardName=board1 port=COM6 message="Opening COM6: File not found"
[2026-08-24 11:02:04.367] [error] [serialport] event=serialport.error status=failed reason=port_error boardName=board2 port=COM7 message="Opening COM7: File not found"
[2026-08-24 11:02:04.369] [error] [serialport] event=serialport.error status=failed reason=port_error boardName=board1 port=COM6 message="Opening COM6: File not found"
[2026-08-24 11:02:04.371] [error] [serialport] event=serialport.error status=failed reason=port_error boardName=board2 port=COM7 message="Opening COM7: File not found"
[2026-08-24 11:04:44.721] [info]  [serialport] event=serialport.connect status=started scope=all
[2026-08-24 11:04:44.743] [info]  [serialport] event=serialport.connect status=started scope=all
[2026-08-24 11:04:44.788] [error] [serialport] event=serialport.error status=failed reason=port_error boardName=board1 port=COM6 message="Opening COM6: File not found"
[2026-08-24 11:04:44.791] [error] [serialport] event=serialport.error status=failed reason=port_error boardName=board2 port=COM7 message="Opening COM7: File not found"
[2026-08-24 11:04:44.793] [error] [serialport] event=serialport.error status=failed reason=port_error boardName=board1 port=COM6 message="Opening COM6: File not found"
[2026-08-24 11:04:44.797] [error] [serialport] event=serialport.error status=failed reason=port_error boardName=board2 port=COM7 message="Opening COM7: File not found"
[2026-08-24 11:08:24.794] [info]  [serialport] event=serialport.connect status=started scope=all
[2026-08-24 11:08:24.819] [info]  [serialport] event=serialport.connect status=started scope=all
[2026-08-24 11:08:24.868] [error] [serialport] event=serialport.error status=failed reason=port_error boardName=board1 port=COM6 message="Opening COM6: File not found"
[2026-08-24 11:08:24.870] [error] [serialport] event=serialport.error status=failed reason=port_error boardName=board2 port=COM7 message="Opening COM7: File not found"
[2026-08-24 11:08:24.872] [error] [serialport] event=serialport.error status=failed reason=port_error boardName=board1 port=COM6 message="Opening COM6: File not found"
[2026-08-24 11:08:24.876] [error] [serialport] event=serialport.error status=failed reason=port_error boardName=board2 port=COM7 message="Opening COM7: File not found"
[2026-08-24 11:11:24.524] [error] [serialport] event=serialport.send status=failed reason=not_connected boardName=board1
[2026-08-24 11:12:21.630] [info]  [serialport] event=serialport.connect status=started scope=all
[2026-08-24 11:12:21.658] [info]  [serialport] event=serialport.connect status=started scope=all
[2026-08-24 11:12:21.711] [error] [serialport] event=serialport.error status=failed reason=port_error boardName=board1 port=COM6 message="Opening COM6: File not found"
[2026-08-24 11:12:21.714] [error] [serialport] event=serialport.error status=failed reason=port_error boardName=board2 port=COM7 message="Opening COM7: File not found"
[2026-08-24 11:12:21.718] [error] [serialport] event=serialport.error status=failed reason=port_error boardName=board1 port=COM6 message="Opening COM6: File not found"
[2026-08-24 11:12:21.720] [error] [serialport] event=serialport.error status=failed reason=port_error boardName=board2 port=COM7 message="Opening COM7: File not found"
[2026-08-24 11:14:00.518] [info]  [serialport] event=serialport.connect status=started scope=all
[2026-08-24 11:14:00.540] [info]  [serialport] event=serialport.connect status=started scope=all
[2026-08-24 11:14:00.587] [error] [serialport] event=serialport.error status=failed reason=port_error boardName=board1 port=COM6 message="Opening COM6: File not found"
[2026-08-24 11:14:00.589] [error] [serialport] event=serialport.error status=failed reason=port_error boardName=board2 port=COM7 message="Opening COM7: File not found"
[2026-08-24 11:14:00.591] [error] [serialport] event=serialport.error status=failed reason=port_error boardName=board1 port=COM6 message="Opening COM6: File not found"
[2026-08-24 11:14:00.594] [error] [serialport] event=serialport.error status=failed reason=port_error boardName=board2 port=COM7 message="Opening COM7: File not found"
[2026-08-24 11:14:31.370] [error] [serialport] event=serialport.send status=failed reason=not_connected boardName=board1
[2026-08-24 11:17:14.728] [error] [serialport] event=serialport.send status=failed reason=not_connected boardName=board1
[2026-08-24 11:23:50.459] [info]  [serialport] event=serialport.connect status=started scope=all
[2026-08-24 11:23:50.488] [info]  [serialport] event=serialport.connect status=started scope=all
[2026-08-24 11:23:50.540] [error] [serialport] event=serialport.error status=failed reason=port_error boardName=board1 port=COM6 message="Opening COM6: File not found"
[2026-08-24 11:23:50.543] [error] [serialport] event=serialport.error status=failed reason=port_error boardName=board2 port=COM7 message="Opening COM7: File not found"
[2026-08-24 11:23:50.545] [error] [serialport] event=serialport.error status=failed reason=port_error boardName=board1 port=COM6 message="Opening COM6: File not found"
[2026-08-24 11:23:50.549] [error] [serialport] event=serialport.error status=failed reason=port_error boardName=board2 port=COM7 message="Opening COM7: File not found"
[2026-08-24 11:27:16.908] [info]  [serialport] event=serialport.connect status=started scope=all
[2026-08-24 11:27:16.934] [info]  [serialport] event=serialport.connect status=started scope=all
[2026-08-24 11:27:16.978] [error] [serialport] event=serialport.error status=failed reason=port_error boardName=board1 port=COM6 message="Opening COM6: File not found"
[2026-08-24 11:27:16.981] [error] [serialport] event=serialport.error status=failed reason=port_error boardName=board2 port=COM7 message="Opening COM7: File not found"
[2026-08-24 11:27:16.983] [error] [serialport] event=serialport.error status=failed reason=port_error boardName=board1 port=COM6 message="Opening COM6: File not found"
[2026-08-24 11:27:16.985] [error] [serialport] event=serialport.error status=failed reason=port_error boardName=board2 port=COM7 message="Opening COM7: File not found"
[2026-08-24 11:30:42.196] [info]  [serialport] event=serialport.connect status=started scope=all
[2026-08-24 11:30:42.223] [info]  [serialport] event=serialport.connect status=started scope=all
[2026-08-24 11:30:42.271] [error] [serialport] event=serialport.error status=failed reason=port_error boardName=board1 port=COM6 message="Opening COM6: File not found"
[2026-08-24 11:30:42.275] [error] [serialport] event=serialport.error status=failed reason=port_error boardName=board2 port=COM7 message="Opening COM7: File not found"
[2026-08-24 11:30:42.278] [error] [serialport] event=serialport.error status=failed reason=port_error boardName=board1 port=COM6 message="Opening COM6: File not found"
[2026-08-24 11:30:42.280] [error] [serialport] event=serialport.error status=failed reason=port_error boardName=board2 port=COM7 message="Opening COM7: File not found"
[2026-08-24 11:34:53.538] [info]  [serialport] event=serialport.connect status=started scope=all
[2026-08-24 11:34:53.561] [info]  [serialport] event=serialport.connect status=started scope=all
[2026-08-24 11:34:53.613] [error] [serialport] event=serialport.error status=failed reason=port_error boardName=board1 port=COM6 message="Opening COM6: File not found"
[2026-08-24 11:34:53.616] [error] [serialport] event=serialport.error status=failed reason=port_error boardName=board2 port=COM7 message="Opening COM7: File not found"
[2026-08-24 11:34:53.618] [error] [serialport] event=serialport.error status=failed reason=port_error boardName=board1 port=COM6 message="Opening COM6: File not found"
[2026-08-24 11:34:53.620] [error] [serialport] event=serialport.error status=failed reason=port_error boardName=board2 port=COM7 message="Opening COM7: File not found"
[2026-08-24 11:37:45.248] [error] [serialport] event=serialport.send status=failed reason=not_connected boardName=board1
[2026-08-24 11:44:23.767] [error] [serialport] event=serialport.send status=failed reason=not_connected boardName=board1
[2026-08-24 11:44:42.096] [error] [serialport] event=serialport.send status=failed reason=not_connected boardName=board1
[2026-08-24 11:44:51.841] [error] [serialport] event=serialport.send status=failed reason=not_connected boardName=board1
[2026-08-24 11:44:59.357] [error] [serialport] event=serialport.send status=failed reason=not_connected boardName=board1
[2026-08-24 11:45:10.579] [error] [serialport] event=serialport.send status=failed reason=not_connected boardName=board1
[2026-08-24 11:45:21.691] [error] [serialport] event=serialport.send status=failed reason=not_connected boardName=board1
[2026-08-24 11:48:45.154] [info]  [serialport] event=serialport.connect status=started scope=all
[2026-08-24 11:48:45.178] [info]  [serialport] event=serialport.connect status=started scope=all
[2026-08-24 11:48:45.228] [error] [serialport] event=serialport.error status=failed reason=port_error boardName=board1 port=COM6 message="Opening COM6: File not found"
[2026-08-24 11:48:45.230] [error] [serialport] event=serialport.error status=failed reason=port_error boardName=board2 port=COM7 message="Opening COM7: File not found"
[2026-08-24 11:48:45.232] [error] [serialport] event=serialport.error status=failed reason=port_error boardName=board1 port=COM6 message="Opening COM6: File not found"
[2026-08-24 11:48:45.235] [error] [serialport] event=serialport.error status=failed reason=port_error boardName=board2 port=COM7 message="Opening COM7: File not found"
[2026-08-24 11:49:03.381] [error] [serialport] event=serialport.send status=failed reason=not_connected boardName=board1
[2026-08-24 11:49:24.564] [error] [serialport] event=serialport.send status=failed reason=not_connected boardName=board1
[2026-08-24 11:49:36.992] [error] [serialport] event=serialport.send status=failed reason=not_connected boardName=board1
[2026-08-24 11:50:23.845] [info]  [serialport] event=serialport.connect status=started scope=all
[2026-08-24 11:50:23.871] [info]  [serialport] event=serialport.connect status=started scope=all
[2026-08-24 11:50:23.922] [error] [serialport] event=serialport.error status=failed reason=port_error boardName=board1 port=COM6 message="Opening COM6: File not found"
[2026-08-24 11:50:23.925] [error] [serialport] event=serialport.error status=failed reason=port_error boardName=board2 port=COM7 message="Opening COM7: File not found"
[2026-08-24 11:50:23.928] [error] [serialport] event=serialport.error status=failed reason=port_error boardName=board1 port=COM6 message="Opening COM6: File not found"
[2026-08-24 11:50:23.931] [error] [serialport] event=serialport.error status=failed reason=port_error boardName=board2 port=COM7 message="Opening COM7: File not found"
[2026-08-24 11:50:35.842] [error] [serialport] event=serialport.send status=failed reason=not_connected boardName=board1
[2026-08-24 11:50:48.223] [error] [serialport] event=serialport.send status=failed reason=not_connected boardName=board1
[2026-08-24 11:51:07.622] [error] [serialport] event=serialport.send status=failed reason=not_connected boardName=board1
[2026-08-24 11:52:34.764] [error] [serialport] event=serialport.send status=failed reason=not_connected boardName=board1
[2026-08-24 11:53:02.674] [error] [serialport] event=serialport.send status=failed reason=not_connected boardName=board1
[2026-08-24 11:53:05.116] [error] [serialport] event=serialport.send status=failed reason=not_connected boardName=board1
[2026-08-24 11:53:06.460] [error] [serialport] event=serialport.send status=failed reason=not_connected boardName=board1
[2026-08-24 11:53:09.251] [error] [serialport] event=serialport.send status=failed reason=not_connected boardName=board1
[2026-08-24 11:53:10.074] [error] [serialport] event=serialport.send status=failed reason=not_connected boardName=board1
[2026-08-24 11:53:10.889] [error] [serialport] event=serialport.send status=failed reason=not_connected boardName=board1
[2026-08-24 11:53:11.705] [error] [serialport] event=serialport.send status=failed reason=not_connected boardName=board1
[2026-08-24 11:53:12.533] [error] [serialport] event=serialport.send status=failed reason=not_connected boardName=board1
[2026-08-24 11:56:54.845] [error] [serialport] event=serialport.send status=failed reason=not_connected boardName=board1
[2026-08-24 11:57:11.881] [error] [serialport] event=serialport.send status=failed reason=not_connected boardName=board1
[2026-08-24 11:57:22.793] [error] [serialport] event=serialport.send status=failed reason=not_connected boardName=board1
[2026-08-24 11:57:36.075] [error] [serialport] event=serialport.send status=failed reason=not_connected boardName=board1
[2026-08-24 12:04:22.364] [info]  [serialport] event=serialport.connect status=started scope=all
[2026-08-24 12:04:22.394] [info]  [serialport] event=serialport.connect status=started scope=all
[2026-08-24 12:04:22.461] [error] [serialport] event=serialport.error status=failed reason=port_error boardName=board1 port=COM6 message="Opening COM6: File not found"
[2026-08-24 12:04:22.466] [error] [serialport] event=serialport.error status=failed reason=port_error boardName=board2 port=COM7 message="Opening COM7: File not found"
[2026-08-24 12:04:22.469] [error] [serialport] event=serialport.error status=failed reason=port_error boardName=board1 port=COM6 message="Opening COM6: File not found"
[2026-08-24 12:04:22.470] [error] [serialport] event=serialport.error status=failed reason=port_error boardName=board2 port=COM7 message="Opening COM7: File not found"
[2026-08-24 12:04:37.805] [info]  [serialport] event=serialport.connect status=started scope=all
[2026-08-24 12:04:37.837] [info]  [serialport] event=serialport.connect status=started scope=all
[2026-08-24 12:04:37.899] [error] [serialport] event=serialport.error status=failed reason=port_error boardName=board1 port=COM6 message="Opening COM6: File not found"
[2026-08-24 12:04:37.902] [error] [serialport] event=serialport.error status=failed reason=port_error boardName=board2 port=COM7 message="Opening COM7: File not found"
[2026-08-24 12:04:37.905] [error] [serialport] event=serialport.error status=failed reason=port_error boardName=board1 port=COM6 message="Opening COM6: File not found"
[2026-08-24 12:04:37.908] [error] [serialport] event=serialport.error status=failed reason=port_error boardName=board2 port=COM7 message="Opening COM7: File not found"
[2026-08-24 12:08:29.120] [info]  [serialport] event=serialport.connect status=started scope=all
[2026-08-24 12:08:29.139] [info]  [serialport] event=serialport.connect status=started scope=all
[2026-08-24 12:08:29.182] [error] [serialport] event=serialport.error status=failed reason=port_error boardName=board1 port=COM6 message="Opening COM6: File not found"
[2026-08-24 12:08:29.184] [error] [serialport] event=serialport.error status=failed reason=port_error boardName=board2 port=COM7 message="Opening COM7: File not found"
[2026-08-24 12:08:29.186] [error] [serialport] event=serialport.error status=failed reason=port_error boardName=board1 port=COM6 message="Opening COM6: File not found"
[2026-08-24 12:08:29.187] [error] [serialport] event=serialport.error status=failed reason=port_error boardName=board2 port=COM7 message="Opening COM7: File not found"
[2026-08-24 13:30:19.859] [info]  [serialport] event=serialport.connect status=started scope=all
[2026-08-24 13:30:19.890] [info]  [serialport] event=serialport.connect status=started scope=all
[2026-08-24 13:30:19.942] [error] [serialport] event=serialport.error status=failed reason=port_error boardName=board1 port=COM6 message="Opening COM6: File not found"
[2026-08-24 13:30:19.944] [error] [serialport] event=serialport.error status=failed reason=port_error boardName=board2 port=COM7 message="Opening COM7: File not found"
[2026-08-24 13:30:19.946] [error] [serialport] event=serialport.error status=failed reason=port_error boardName=board1 port=COM6 message="Opening COM6: File not found"
[2026-08-24 13:30:19.948] [error] [serialport] event=serialport.error status=failed reason=port_error boardName=board2 port=COM7 message="Opening COM7: File not found"
[2026-08-24 13:40:31.129] [info]  [serialport] event=serialport.connect status=started scope=all
[2026-08-24 13:40:31.151] [info]  [serialport] event=serialport.connect status=started scope=all
[2026-08-24 13:40:31.227] [error] [serialport] event=serialport.error status=failed reason=port_error boardName=board1 port=COM6 message="Opening COM6: File not found"
[2026-08-24 13:40:31.228] [error] [serialport] event=serialport.error status=failed reason=port_error boardName=board2 port=COM7 message="Opening COM7: File not found"
[2026-08-24 13:40:31.229] [error] [serialport] event=serialport.error status=failed reason=port_error boardName=board1 port=COM6 message="Opening COM6: File not found"
[2026-08-24 13:40:31.230] [error] [serialport] event=serialport.error status=failed reason=port_error boardName=board2 port=COM7 message="Opening COM7: File not found"
[2026-08-24 13:40:47.178] [info]  [serialport] event=serialport.connect status=started scope=all
[2026-08-24 13:40:47.201] [info]  [serialport] event=serialport.connect status=started scope=all
[2026-08-24 13:40:47.244] [error] [serialport] event=serialport.error status=failed reason=port_error boardName=board1 port=COM6 message="Opening COM6: File not found"
[2026-08-24 13:40:47.246] [error] [serialport] event=serialport.error status=failed reason=port_error boardName=board2 port=COM7 message="Opening COM7: File not found"
[2026-08-24 13:40:47.248] [error] [serialport] event=serialport.error status=failed reason=port_error boardName=board1 port=COM6 message="Opening COM6: File not found"
[2026-08-24 13:40:47.250] [error] [serialport] event=serialport.error status=failed reason=port_error boardName=board2 port=COM7 message="Opening COM7: File not found"
[2026-08-24 18:21:01.904] [info]  [serialport] event=serialport.connect status=started scope=all
[2026-08-24 18:21:01.934] [info]  [serialport] event=serialport.connect status=started scope=all
[2026-08-24 18:21:01.989] [error] [serialport] event=serialport.error status=failed reason=port_error boardName=board1 port=COM6 message="Opening COM6: File not found"
[2026-08-24 18:21:01.992] [error] [serialport] event=serialport.error status=failed reason=port_error boardName=board2 port=COM7 message="Opening COM7: File not found"
[2026-08-24 18:21:01.994] [error] [serialport] event=serialport.error status=failed reason=port_error boardName=board1 port=COM6 message="Opening COM6: File not found"
[2026-08-24 18:21:01.996] [error] [serialport] event=serialport.error status=failed reason=port_error boardName=board2 port=COM7 message="Opening COM7: File not found"
[2026-08-24 18:37:34.677] [info]  [serialport] event=serialport.connect status=started scope=all
[2026-08-24 18:37:34.703] [info]  [serialport] event=serialport.connect status=started scope=all
[2026-08-24 18:37:34.756] [error] [serialport] event=serialport.error status=failed reason=port_error boardName=board1 port=COM6 message="Opening COM6: File not found"
[2026-08-24 18:37:34.758] [error] [serialport] event=serialport.error status=failed reason=port_error boardName=board2 port=COM7 message="Opening COM7: File not found"
[2026-08-24 18:37:34.760] [error] [serialport] event=serialport.error status=failed reason=port_error boardName=board1 port=COM6 message="Opening COM6: File not found"
[2026-08-24 18:37:34.762] [error] [serialport] event=serialport.error status=failed reason=port_error boardName=board2 port=COM7 message="Opening COM7: File not found"
[2026-08-24 18:41:49.808] [info]  [serialport] event=serialport.connect status=started scope=all
[2026-08-24 18:41:49.830] [info]  [serialport] event=serialport.connect status=started scope=all
[2026-08-24 18:41:49.878] [error] [serialport] event=serialport.error status=failed reason=port_error boardName=board1 port=COM6 message="Opening COM6: File not found"
[2026-08-24 18:41:49.880] [error] [serialport] event=serialport.error status=failed reason=port_error boardName=board2 port=COM7 message="Opening COM7: File not found"
[2026-08-24 18:41:49.883] [error] [serialport] event=serialport.error status=failed reason=port_error boardName=board1 port=COM6 message="Opening COM6: File not found"
[2026-08-24 18:41:49.885] [error] [serialport] event=serialport.error status=failed reason=port_error boardName=board2 port=COM7 message="Opening COM7: File not found"
[2026-08-24 19:23:33.131] [info]  [serialport] event=serialport.connect status=started scope=all
[2026-08-24 19:23:33.158] [info]  [serialport] event=serialport.connect status=started scope=all
[2026-08-24 19:23:33.210] [error] [serialport] event=serialport.error status=failed reason=port_error boardName=board1 port=COM6 message="Opening COM6: File not found"
[2026-08-24 19:23:33.212] [error] [serialport] event=serialport.error status=failed reason=port_error boardName=board2 port=COM7 message="Opening COM7: File not found"
[2026-08-24 19:23:33.214] [error] [serialport] event=serialport.error status=failed reason=port_error boardName=board1 port=COM6 message="Opening COM6: File not found"
[2026-08-24 19:23:33.216] [error] [serialport] event=serialport.error status=failed reason=port_error boardName=board2 port=COM7 message="Opening COM7: File not found"
[2026-08-24 19:56:50.030] [info]  [serialport] event=serialport.connect status=started scope=all
[2026-08-24 19:56:50.060] [info]  [serialport] event=serialport.connect status=started scope=all
[2026-08-24 19:56:50.139] [error] [serialport] event=serialport.error status=failed reason=port_error boardName=board1 port=COM6 message="Opening COM6: File not found"
[2026-08-24 19:56:50.141] [error] [serialport] event=serialport.error status=failed reason=port_error boardName=board2 port=COM7 message="Opening COM7: File not found"
[2026-08-24 19:56:50.144] [error] [serialport] event=serialport.error status=failed reason=port_error boardName=board1 port=COM6 message="Opening COM6: File not found"
[2026-08-24 19:56:50.146] [error] [serialport] event=serialport.error status=failed reason=port_error boardName=board2 port=COM7 message="Opening COM7: File not found"
[2026-08-24 20:08:15.384] [info]  [serialport] event=serialport.connect status=started scope=all
[2026-08-24 20:08:15.416] [info]  [serialport] event=serialport.connect status=started scope=all
[2026-08-24 20:08:15.475] [error] [serialport] event=serialport.error status=failed reason=port_error boardName=board1 port=COM6 message="Opening COM6: File not found"
[2026-08-24 20:08:15.479] [error] [serialport] event=serialport.error status=failed reason=port_error boardName=board2 port=COM7 message="Opening COM7: File not found"
[2026-08-24 20:08:15.483] [error] [serialport] event=serialport.error status=failed reason=port_error boardName=board1 port=COM6 message="Opening COM6: File not found"
[2026-08-24 20:08:15.485] [error] [serialport] event=serialport.error status=failed reason=port_error boardName=board2 port=COM7 message="Opening COM7: File not found"
[2026-08-24 20:23:46.427] [info]  [serialport] event=serialport.connect status=started scope=all
[2026-08-24 20:23:46.460] [info]  [serialport] event=serialport.connect status=started scope=all
[2026-08-24 20:23:46.531] [error] [serialport] event=serialport.error status=failed reason=port_error boardName=board1 port=COM6 message="Opening COM6: File not found"
[2026-08-24 20:23:46.536] [error] [serialport] event=serialport.error status=failed reason=port_error boardName=board2 port=COM7 message="Opening COM7: File not found"
[2026-08-24 20:23:46.539] [error] [serialport] event=serialport.error status=failed reason=port_error boardName=board1 port=COM6 message="Opening COM6: File not found"
[2026-08-24 20:23:46.543] [error] [serialport] event=serialport.error status=failed reason=port_error boardName=board2 port=COM7 message="Opening COM7: File not found"
[2026-08-24 20:25:54.837] [info]  [serialport] event=serialport.connect status=started scope=all
[2026-08-24 20:25:54.872] [info]  [serialport] event=serialport.connect status=started scope=all
[2026-08-24 20:25:54.934] [error] [serialport] event=serialport.error status=failed reason=port_error boardName=board1 port=COM6 message="Opening COM6: File not found"
[2026-08-24 20:25:54.941] [error] [serialport] event=serialport.error status=failed reason=port_error boardName=board2 port=COM7 message="Opening COM7: File not found"
[2026-08-24 20:25:54.943] [error] [serialport] event=serialport.error status=failed reason=port_error boardName=board1 port=COM6 message="Opening COM6: File not found"
[2026-08-24 20:25:54.945] [error] [serialport] event=serialport.error status=failed reason=port_error boardName=board2 port=COM7 message="Opening COM7: File not found"
[2026-08-24 20:27:04.486] [info]  [serialport] event=serialport.connect status=started scope=all
[2026-08-24 20:27:04.517] [info]  [serialport] event=serialport.connect status=started scope=all
[2026-08-24 20:27:04.572] [error] [serialport] event=serialport.error status=failed reason=port_error boardName=board1 port=COM6 message="Opening COM6: File not found"
[2026-08-24 20:27:04.575] [error] [serialport] event=serialport.error status=failed reason=port_error boardName=board2 port=COM7 message="Opening COM7: File not found"
[2026-08-24 20:27:04.577] [error] [serialport] event=serialport.error status=failed reason=port_error boardName=board1 port=COM6 message="Opening COM6: File not found"
[2026-08-24 20:27:04.579] [error] [serialport] event=serialport.error status=failed reason=port_error boardName=board2 port=COM7 message="Opening COM7: File not found"
[2026-08-24 20:44:22.588] [info]  [serialport] event=serialport.connect status=started scope=all
[2026-08-24 20:44:22.618] [info]  [serialport] event=serialport.connect status=started scope=all
[2026-08-24 20:44:22.683] [error] [serialport] event=serialport.error status=failed reason=port_error boardName=board1 port=COM6 message="Opening COM6: File not found"
[2026-08-24 20:44:22.689] [error] [serialport] event=serialport.error status=failed reason=port_error boardName=board2 port=COM7 message="Opening COM7: File not found"
[2026-08-24 20:44:22.691] [error] [serialport] event=serialport.error status=failed reason=port_error boardName=board1 port=COM6 message="Opening COM6: File not found"
[2026-08-24 20:44:22.694] [error] [serialport] event=serialport.error status=failed reason=port_error boardName=board2 port=COM7 message="Opening COM7: File not found"
[2026-08-24 20:45:38.213] [info]  [serialport] event=serialport.connect status=started scope=all
[2026-08-24 20:45:38.265] [info]  [serialport] event=serialport.connect status=started scope=all
[2026-08-24 20:45:38.360] [error] [serialport] event=serialport.error status=failed reason=port_error boardName=board1 port=COM6 message="Opening COM6: File not found"
[2026-08-24 20:45:38.369] [error] [serialport] event=serialport.error status=failed reason=port_error boardName=board2 port=COM7 message="Opening COM7: File not found"
[2026-08-24 20:45:38.375] [error] [serialport] event=serialport.error status=failed reason=port_error boardName=board1 port=COM6 message="Opening COM6: File not found"
[2026-08-24 20:45:38.378] [error] [serialport] event=serialport.error status=failed reason=port_error boardName=board2 port=COM7 message="Opening COM7: File not found"