[2026-08-19 02:37:25.528] [error] [toss] event=catalog.validate status=failed location=토스_포스 posId=MSDHT3017 name=군고구마녹차라떼 posCode=MSDHT3017 reason=[토스_포스]_상품설명에_7자리_영문코드(예:_MDI1001)_미등록
[2026-08-19 02:37:25.533] [error] [toss] event=catalog.validate status=failed location=토스_포스 posId=MSDHT3007 name=군고구마말차라떼 posCode=MSDHT3007 reason=[토스_포스]_상품설명에_7자리_영문코드(예:_MDI1001)_미등록
[2026-08-19 02:37:25.536] [error] [toss] event=catalog.validate status=failed location=토스_포스 posId=MSDHT3014 name=밤군고구마 posCode=MSDHT3014 reason=[토스_포스]_상품설명에_7자리_영문코드(예:_MDI1001)_미등록
[2026-08-19 02:37:25.538] [error] [toss] event=catalog.validate status=failed location=토스_포스 posId=MSDHT3015 name=밤얼그레이 posCode=MSDHT3015 reason=[토스_포스]_상품설명에_7자리_영문코드(예:_MDI1001)_미등록
[2026-08-19 09:15:09.460] [error] [toss] event=catalog.validate status=failed location=토스_포스 posId=MSDHT3017 name=군고구마녹차라떼 posCode=MSDHT3017 reason=[토스_포스]_상품설명에_7자리_영문코드(예:_MDI1001)_미등록
[2026-08-19 09:15:09.463] [error] [toss] event=catalog.validate status=failed location=토스_포스 posId=MSDHT3007 name=군고구마말차라떼 posCode=MSDHT3007 reason=[토스_포스]_상품설명에_7자리_영문코드(예:_MDI1001)_미등록
[2026-08-19 09:15:09.466] [error] [toss] event=catalog.validate status=failed location=토스_포스 posId=MSDHT3014 name=밤군고구마 posCode=MSDHT3014 reason=[토스_포스]_상품설명에_7자리_영문코드(예:_MDI1001)_미등록
[2026-08-19 09:15:09.468] [error] [toss] event=catalog.validate status=failed location=토스_포스 posId=MSDHT3015 name=밤얼그레이 posCode=MSDHT3015 reason=[토스_포스]_상품설명에_7자리_영문코드(예:_MDI1001)_미등록
[2026-08-19 09:15:13.001] [error] [toss] event=catalog.validate status=failed location=토스_포스 posId=MSDHT3017 name=군고구마녹차라떼 posCode=MSDHT3017 reason=[토스_포스]_상품설명에_7자리_영문코드(예:_MDI1001)_미등록
[2026-08-19 09:15:13.003] [error] [toss] event=catalog.validate status=failed location=토스_포스 posId=MSDHT3007 name=군고구마말차라떼 posCode=MSDHT3007 reason=[토스_포스]_상품설명에_7자리_영문코드(예:_MDI1001)_미등록
[2026-08-19 09:15:13.006] [error] [toss] event=catalog.validate status=failed location=토스_포스 posId=MSDHT3014 name=밤군고구마 posCode=MSDHT3014 reason=[토스_포스]_상품설명에_7자리_영문코드(예:_MDI1001)_미등록
[2026-08-19 09:15:13.008] [error] [toss] event=catalog.validate status=failed location=토스_포스 posId=MSDHT3015 name=밤얼그레이 posCode=MSDHT3015 reason=[토스_포스]_상품설명에_7자리_영문코드(예:_MDI1001)_미등록
[2026-08-19 09:57:23.726] [info]  [manual] event=order.received status=success source=manual mode=dry_run orderId=INSTANT-1787101043390 bill=0000 menuCount=1 mappings=[{"baseCode":"MMI3007","recipeCode":"MMI3007","matchedMenuName":"ICED군고구마라떼(말차)_MV","stepsSummary":"CUP:ICE,_ICE:5100,_COLD_MILK:200,_SIRUP19:40,_SIRUP20:30,_NONE:NONE,_NONE:NONE,_NONE:NONE,_NONE:NONE,_NONE:NONE"}] isTestBrew=true
[2026-08-19 09:57:43.812] [info]  [toss] event=order.received status=success source=toss mode=dry_run orderId=745083989770725080 menuCount=1 mappings=[{"baseCode":"MDH1001","recipeCode":"MDH1001","matchedMenuName":"HOT아메리카노(다크시그니처)(연하게)_MV","stepsSummary":"CUP:,_HOT:310,_COFFEE:45"}]
[2026-08-19 09:58:02.788] [info]  [toss] event=order.received status=success source=toss mode=dry_run orderId=745084068871100788 menuCount=1 mappings=[{"baseCode":"MDH1001","recipeCode":"MDH1001","matchedMenuName":"HOT아메리카노(다크시그니처)(연하게)_MV","stepsSummary":"CUP:,_HOT:310,_COFFEE:45"}]
[2026-08-19 09:58:14.681] [info]  [toss] event=order.received status=success source=toss mode=dry_run orderId=745084119173387198 menuCount=1 mappings=[{"baseCode":"MDH1001","recipeCode":"MDH1001","matchedMenuName":"HOT아메리카노(다크시그니처)(연하게)_MV","stepsSummary":"CUP:,_HOT:310,_COFFEE:45"}]
[2026-08-19 09:58:26.673] [info]  [toss] event=order.received status=success source=toss mode=dry_run orderId=745084170562012257 menuCount=1 mappings=[{"baseCode":"MDH1001","recipeCode":"MDH1001","matchedMenuName":"HOT아메리카노(다크시그니처)(연하게)_MV","stepsSummary":"CUP:,_HOT:310,_COFFEE:45"}]
[2026-08-19 09:58:42.736] [info]  [toss] event=order.received status=success source=toss mode=dry_run orderId=745084235296888929 menuCount=1 mappings=[{"baseCode":"MDH1002","recipeCode":"MDH1002","matchedMenuName":"HOT아메리카노(다크시그니처)_MV","stepsSummary":"CUP:,_HOT:300,_COFFEE:62"}]
[2026-08-19 10:09:30.559] [info]  [toss] event=order.received status=success source=toss mode=dry_run orderId=745086953356885038 menuCount=1 mappings=[{"baseCode":"MDH1002","recipeCode":"MDH1002","matchedMenuName":"HOT아메리카노(다크시그니처)_MV","stepsSummary":"CUP:,_HOT:300,_COFFEE:62"}]
[2026-08-19 10:44:57.617] [info]  [toss] event=order.received status=success source=toss mode=dry_run orderId=745095873509030028 menuCount=1 mappings=[{"baseCode":"kiosk_MSDHT1002","recipeCode":"kiosk_MSDHT1002","matchedMenuName":"아메리카노","stepsSummary":"[object_Object]:"}]
[2026-08-19 10:45:16.985] [info]  [toss] event=order.received status=success source=toss mode=dry_run orderId=745095954496847873 menuCount=1 mappings=[{"baseCode":"kiosk_MSDHT1002","recipeCode":"kiosk_MSDHT1002","matchedMenuName":"아메리카노","stepsSummary":"[object_Object]:"}]
[2026-08-19 10:45:34.092] [info]  [toss] event=order.received status=success source=toss mode=dry_run orderId=745096027632918450 menuCount=1 mappings=[{"baseCode":"kiosk_MSDHT1002","recipeCode":"kiosk_MSDHT1002","matchedMenuName":"아메리카노","stepsSummary":"[object_Object]:"}]
[2026-08-19 10:47:05.616] [info]  [toss] event=order.received status=success source=toss mode=dry_run orderId=745096413357898311 menuCount=1 mappings=[{"baseCode":"MDH1002","recipeCode":"MDH1002","matchedMenuName":"HOT아메리카노(다크시그니처)_MV","stepsSummary":"CUP:,_HOT:300,_COFFEE:62"}]