[2026-08-19 02:29:18.399] [info]  [serialport] event=serialport.connect status=started scope=all
[2026-08-19 02:29:18.420] [info]  [serialport] event=serialport.connect status=started scope=all
[2026-08-19 02:29:18.554] [error] [serialport] event=serialport.error status=failed reason=port_error boardName=board1 port=COM3 message="Opening COM3: Access denied"
[2026-08-19 02:29:18.678] [debug] [serialport] event=serialport.connect status=success boardName=board1 port=COM3
[2026-08-19 02:29:18.727] [debug] [serialport] event=serialport.packet status=success boardName=board1 length=24 message="bytearray(b'\\x020A1DCP0201A00101A10344\\x03')"
[2026-08-19 02:29:46.047] [info]  [serialport] event=settings.change status=success scope=all
[2026-08-19 02:29:46.049] [info]  [serialport] event=serialport.connect status=started scope=all
[2026-08-19 02:29:46.052] [info]  [serialport] event=serialport.connect status=started scope=all
[2026-08-19 02:29:46.230] [info]  [serialport] event=serialport.connect status=started scope=all
[2026-08-19 02:29:46.327] [debug] [serialport] event=serialport.close status=success boardName=board1 port=COM3
[2026-08-19 02:29:46.329] [error] [serialport] event=serialport.error status=failed reason=port_error boardName=board1 port=COM6 message="Opening COM6: Access denied"
[2026-08-19 02:29:46.330] [error] [serialport] event=serialport.error status=failed reason=port_error boardName=board2 port=COM7 message="Opening COM7: Access denied"
[2026-08-19 02:29:46.334] [error] [serialport] event=serialport.error status=failed reason=port_error boardName=board1 port=COM6 message="Opening COM6: Access denied"
[2026-08-19 02:29:46.335] [error] [serialport] event=serialport.error status=failed reason=port_error boardName=board2 port=COM7 message="Opening COM7: Access denied"
[2026-08-19 02:29:46.483] [debug] [serialport] event=serialport.connect status=success boardName=board2 port=COM7
[2026-08-19 02:29:46.486] [debug] [serialport] event=serialport.connect status=success boardName=board1 port=COM6
[2026-08-19 02:29:46.559] [debug] [serialport] event=serialport.packet status=success boardName=board1 length=24 message="bytearray(b'\\x020A1DCP0201A00101A10344\\x03')"
[2026-08-19 02:29:46.595] [debug] [serialport] event=serialport.packet status=success boardName=board1 length=24 message="bytearray(b'\\x020A1DPC0200A00101A00342\\x03')"
[2026-08-19 02:29:46.596] [debug] [serialport] event=serialport.packet.parse status=success boardName=board1 message="{\"isValidStx\":true,\"isValidEtx\":true,\"isValidDst\":true,\"isValidSrc\":true,\"isValidLength\":true,\"fnc\":\"1\",\"act\":\"D\",\"data\":{\"0\":48,\"1\":50,\"2\":48,\"3\":48,\"4\":65,\"5\":48,\"6\":48,\"7\":49,\"8\":48,\"9\":49,\"10\":65,\"11\":48,\"12\":48,\"13\":51,\"14\":52},\"values\":[\"02\",\"00\",\"A0\",\"01\",\"01\",\"A0\",\"03\"],\"part\":{},\"isValidChecksum\":true}"
[2026-08-19 02:30:45.443] [info]  [serialport] event=serialport.connect status=started scope=all
[2026-08-19 02:30:45.462] [info]  [serialport] event=serialport.connect status=started scope=all
[2026-08-19 02:30:45.542] [error] [serialport] event=serialport.error status=failed reason=port_error boardName=board1 port=COM6 message="Opening COM6: Access denied"
[2026-08-19 02:30:45.543] [error] [serialport] event=serialport.error status=failed reason=port_error boardName=board2 port=COM7 message="Opening COM7: Access denied"
[2026-08-19 02:30:46.145] [debug] [serialport] event=serialport.connect status=success boardName=board1 port=COM6
[2026-08-19 02:30:46.148] [debug] [serialport] event=serialport.connect status=success boardName=board2 port=COM7
[2026-08-19 02:30:46.213] [debug] [serialport] event=serialport.packet status=success boardName=board1 length=24 message="bytearray(b'\\x020A1DCP0201A00101A10344\\x03')"
[2026-08-19 02:30:46.276] [debug] [serialport] event=serialport.packet status=success boardName=board1 length=24 message="bytearray(b'\\x020A1DPC0200A00101A00342\\x03')"
[2026-08-19 02:30:46.277] [debug] [serialport] event=serialport.packet.parse status=success boardName=board1 message="{\"isValidStx\":true,\"isValidEtx\":true,\"isValidDst\":true,\"isValidSrc\":true,\"isValidLength\":true,\"fnc\":\"1\",\"act\":\"D\",\"data\":{\"0\":48,\"1\":50,\"2\":48,\"3\":48,\"4\":65,\"5\":48,\"6\":48,\"7\":49,\"8\":48,\"9\":49,\"10\":65,\"11\":48,\"12\":48,\"13\":51,\"14\":52},\"values\":[\"02\",\"00\",\"A0\",\"01\",\"01\",\"A0\",\"03\"],\"part\":{},\"isValidChecksum\":true}"
[2026-08-19 02:31:05.496] [debug] [serialport] event=serialport.packet status=success boardName=board1 length=78 message="bytearray(b'\\x02253DCP100020003000400050006000700080009000:000;000<000=000>000?000@000A000CA\\x03')"
[2026-08-19 02:31:05.527] [debug] [serialport] event=serialport.packet status=success boardName=board1 length=14 message="bytearray(b'\\x02055DCP20C84E\\x03')"
[2026-08-19 02:31:05.530] [debug] [serialport] event=serialport.packet status=success boardName=board1 length=26 message="bytearray(b'\\x022B3DPC100021543\\x02035APC6C\\x03')"
[2026-08-19 02:31:05.531] [debug] [serialport] event=serialport.packet.parse status=success boardName=board1 message="{\"isValidStx\":true,\"isValidEtx\":true,\"isValidDst\":true,\"isValidSrc\":true,\"isValidLength\":false,\"fnc\":\"3\",\"act\":\"D\",\"data\":{\"0\":49,\"1\":48,\"2\":48,\"3\":48,\"4\":50,\"5\":49,\"6\":53,\"7\":52,\"8\":51,\"9\":2,\"10\":48,\"11\":51,\"12\":53,\"13\":65,\"14\":80,\"15\":67,\"16\":54},\"values\":[],\"part\":{\"49\":0,\"50\":340,\"51\":null},\"isValidChecksum\":false}"
[2026-08-19 02:31:05.532] [debug] [serialport] event=serialport.packet.parse status=ignored reason=invalid_packet boardName=board1
[2026-08-19 02:31:05.654] [debug] [serialport] event=serialport.packet status=success boardName=board1 length=10 message="bytearray(b'\\x02033QCP7A\\x03')"
[2026-08-19 02:31:05.681] [debug] [serialport] event=serialport.packet status=success boardName=board1 length=90 message="bytearray(b'\\x022B3DPC100020023000400050006000700080009000:000;000<000=000>000?000@000A003B000C000D00055\\x03')"
[2026-08-19 02:31:05.682] [debug] [serialport] event=serialport.packet.parse status=success boardName=board1 message="{\"isValidStx\":true,\"isValidEtx\":true,\"isValidDst\":true,\"isValidSrc\":true,\"isValidLength\":true,\"fnc\":\"3\",\"act\":\"D\",\"data\":{\"0\":49,\"1\":48,\"2\":48,\"3\":48,\"4\":50,\"5\":48,\"6\":48,\"7\":50,\"8\":51,\"9\":48,\"10\":48,\"11\":48,\"12\":52,\"13\":48,\"14\":48,\"15\":48,\"16\":53,\"17\":48,\"18\":48,\"19\":48,\"20\":54,\"21\":48,\"22\":48,\"23\":48,\"24\":55,\"25\":48,\"26\":48,\"27\":48,\"28\":56,\"29\":48,\"30\":48,\"31\":48,\"32\":57,\"33\":48,\"34\":48,\"35\":48,\"36\":58,\"37\":48,\"38\":48,\"39\":48,\"40\":59,\"41\":48,\"42\":48,\"43\":48,\"44\":60,\"45\":48,\"46\":48,\"47\":48,\"48\":61,\"49\":48,\"50\":48,\"51\":48,\"52\":62,\"53\":48,\"54\":48,\"55\":48,\"56\":63,\"57\":48,\"58\":48,\"59\":48,\"60\":64,..."
[2026-08-19 02:31:05.765] [debug] [serialport] event=serialport.packet status=success boardName=board1 length=10 message="bytearray(b'\\x02033QCP7A\\x03')"
[2026-08-19 02:31:05.792] [debug] [serialport] event=serialport.packet status=success boardName=board1 length=90 message="bytearray(b'\\x022B3DPC100020073000400050006000700080009000:000;000<000=000>000?000@000A009B000C000D00060\\x03')"
[2026-08-19 02:31:05.793] [debug] [serialport] event=serialport.packet.parse status=success boardName=board1 message="{\"isValidStx\":true,\"isValidEtx\":true,\"isValidDst\":true,\"isValidSrc\":true,\"isValidLength\":true,\"fnc\":\"3\",\"act\":\"D\",\"data\":{\"0\":49,\"1\":48,\"2\":48,\"3\":48,\"4\":50,\"5\":48,\"6\":48,\"7\":55,\"8\":51,\"9\":48,\"10\":48,\"11\":48,\"12\":52,\"13\":48,\"14\":48,\"15\":48,\"16\":53,\"17\":48,\"18\":48,\"19\":48,\"20\":54,\"21\":48,\"22\":48,\"23\":48,\"24\":55,\"25\":48,\"26\":48,\"27\":48,\"28\":56,\"29\":48,\"30\":48,\"31\":48,\"32\":57,\"33\":48,\"34\":48,\"35\":48,\"36\":58,\"37\":48,\"38\":48,\"39\":48,\"40\":59,\"41\":48,\"42\":48,\"43\":48,\"44\":60,\"45\":48,\"46\":48,\"47\":48,\"48\":61,\"49\":48,\"50\":48,\"51\":48,\"52\":62,\"53\":48,\"54\":48,\"55\":48,\"56\":63,\"57\":48,\"58\":48,\"59\":48,\"60\":64,..."
[2026-08-19 02:31:05.866] [debug] [serialport] event=serialport.packet status=success boardName=board1 length=10 message="bytearray(b'\\x02033QCP7A\\x03')"
[2026-08-19 02:31:05.905] [debug] [serialport] event=serialport.packet status=success boardName=board1 length=90 message="bytearray(b'\\x022B3DPC1000200D3000400050006000700080009000:000;000<000=000>000?000@000A010B000C000D00065\\x03')"
[2026-08-19 02:31:05.906] [debug] [serialport] event=serialport.packet.parse status=success boardName=board1 message="{\"isValidStx\":true,\"isValidEtx\":true,\"isValidDst\":true,\"isValidSrc\":true,\"isValidLength\":true,\"fnc\":\"3\",\"act\":\"D\",\"data\":{\"0\":49,\"1\":48,\"2\":48,\"3\":48,\"4\":50,\"5\":48,\"6\":48,\"7\":68,\"8\":51,\"9\":48,\"10\":48,\"11\":48,\"12\":52,\"13\":48,\"14\":48,\"15\":48,\"16\":53,\"17\":48,\"18\":48,\"19\":48,\"20\":54,\"21\":48,\"22\":48,\"23\":48,\"24\":55,\"25\":48,\"26\":48,\"27\":48,\"28\":56,\"29\":48,\"30\":48,\"31\":48,\"32\":57,\"33\":48,\"34\":48,\"35\":48,\"36\":58,\"37\":48,\"38\":48,\"39\":48,\"40\":59,\"41\":48,\"42\":48,\"43\":48,\"44\":60,\"45\":48,\"46\":48,\"47\":48,\"48\":61,\"49\":48,\"50\":48,\"51\":48,\"52\":62,\"53\":48,\"54\":48,\"55\":48,\"56\":63,\"57\":48,\"58\":48,\"59\":48,\"60\":64,..."
[2026-08-19 02:31:05.977] [debug] [serialport] event=serialport.packet status=success boardName=board1 length=10 message="bytearray(b'\\x02033QCP7A\\x03')"
[2026-08-19 02:31:06.002] [debug] [serialport] event=serialport.packet status=success boardName=board1 length=90 message="bytearray(b'\\x022B3DPC100020123000400050006000700080009000:000;000<000=000>000?000@000A016B000C000D0005A\\x03')"
[2026-08-19 02:31:06.003] [debug] [serialport] event=serialport.packet.parse status=success boardName=board1 message="{\"isValidStx\":true,\"isValidEtx\":true,\"isValidDst\":true,\"isValidSrc\":true,\"isValidLength\":true,\"fnc\":\"3\",\"act\":\"D\",\"data\":{\"0\":49,\"1\":48,\"2\":48,\"3\":48,\"4\":50,\"5\":48,\"6\":49,\"7\":50,\"8\":51,\"9\":48,\"10\":48,\"11\":48,\"12\":52,\"13\":48,\"14\":48,\"15\":48,\"16\":53,\"17\":48,\"18\":48,\"19\":48,\"20\":54,\"21\":48,\"22\":48,\"23\":48,\"24\":55,\"25\":48,\"26\":48,\"27\":48,\"28\":56,\"29\":48,\"30\":48,\"31\":48,\"32\":57,\"33\":48,\"34\":48,\"35\":48,\"36\":58,\"37\":48,\"38\":48,\"39\":48,\"40\":59,\"41\":48,\"42\":48,\"43\":48,\"44\":60,\"45\":48,\"46\":48,\"47\":48,\"48\":61,\"49\":48,\"50\":48,\"51\":48,\"52\":62,\"53\":48,\"54\":48,\"55\":48,\"56\":63,\"57\":48,\"58\":48,\"59\":48,\"60\":64,..."
[2026-08-19 02:31:06.088] [debug] [serialport] event=serialport.packet status=success boardName=board1 length=10 message="bytearray(b'\\x02033QCP7A\\x03')"
[2026-08-19 02:31:06.120] [debug] [serialport] event=serialport.packet status=success boardName=board1 length=90 message="bytearray(b'\\x022B3DPC100020193000400050006000700080009000:000;000<000=000>000?000@000A01EB000C000D00070\\x03')"
[2026-08-19 02:31:06.121] [debug] [serialport] event=serialport.packet.parse status=success boardName=board1 message="{\"isValidStx\":true,\"isValidEtx\":true,\"isValidDst\":true,\"isValidSrc\":true,\"isValidLength\":true,\"fnc\":\"3\",\"act\":\"D\",\"data\":{\"0\":49,\"1\":48,\"2\":48,\"3\":48,\"4\":50,\"5\":48,\"6\":49,\"7\":57,\"8\":51,\"9\":48,\"10\":48,\"11\":48,\"12\":52,\"13\":48,\"14\":48,\"15\":48,\"16\":53,\"17\":48,\"18\":48,\"19\":48,\"20\":54,\"21\":48,\"22\":48,\"23\":48,\"24\":55,\"25\":48,\"26\":48,\"27\":48,\"28\":56,\"29\":48,\"30\":48,\"31\":48,\"32\":57,\"33\":48,\"34\":48,\"35\":48,\"36\":58,\"37\":48,\"38\":48,\"39\":48,\"40\":59,\"41\":48,\"42\":48,\"43\":48,\"44\":60,\"45\":48,\"46\":48,\"47\":48,\"48\":61,\"49\":48,\"50\":48,\"51\":48,\"52\":62,\"53\":48,\"54\":48,\"55\":48,\"56\":63,\"57\":48,\"58\":48,\"59\":48,\"60\":64,..."
[2026-08-19 02:31:06.200] [debug] [serialport] event=serialport.packet status=success boardName=board1 length=10 message="bytearray(b'\\x02033QCP7A\\x03')"
[2026-08-19 02:31:06.225] [debug] [serialport] event=serialport.packet status=success boardName=board1 length=90 message="bytearray(b'\\x022B3DPC1000201F3000400050006000700080009000:000;000<000=000>000?000@000A025B000C000D0006E\\x03')"
[2026-08-19 02:31:06.226] [debug] [serialport] event=serialport.packet.parse status=success boardName=board1 message="{\"isValidStx\":true,\"isValidEtx\":true,\"isValidDst\":true,\"isValidSrc\":true,\"isValidLength\":true,\"fnc\":\"3\",\"act\":\"D\",\"data\":{\"0\":49,\"1\":48,\"2\":48,\"3\":48,\"4\":50,\"5\":48,\"6\":49,\"7\":70,\"8\":51,\"9\":48,\"10\":48,\"11\":48,\"12\":52,\"13\":48,\"14\":48,\"15\":48,\"16\":53,\"17\":48,\"18\":48,\"19\":48,\"20\":54,\"21\":48,\"22\":48,\"23\":48,\"24\":55,\"25\":48,\"26\":48,\"27\":48,\"28\":56,\"29\":48,\"30\":48,\"31\":48,\"32\":57,\"33\":48,\"34\":48,\"35\":48,\"36\":58,\"37\":48,\"38\":48,\"39\":48,\"40\":59,\"41\":48,\"42\":48,\"43\":48,\"44\":60,\"45\":48,\"46\":48,\"47\":48,\"48\":61,\"49\":48,\"50\":48,\"51\":48,\"52\":62,\"53\":48,\"54\":48,\"55\":48,\"56\":63,\"57\":48,\"58\":48,\"59\":48,\"60\":64,..."
[2026-08-19 02:31:06.307] [debug] [serialport] event=serialport.packet status=success boardName=board1 length=10 message="bytearray(b'\\x02033QCP7A\\x03')"
[2026-08-19 02:31:06.337] [debug] [serialport] event=serialport.packet status=success boardName=board1 length=90 message="bytearray(b'\\x022B3DPC100020243000400050006000700080009000:000;000<000=000>000?000@000A02CB000C000D0006B\\x03')"
[2026-08-19 02:31:06.338] [debug] [serialport] event=serialport.packet.parse status=success boardName=board1 message="{\"isValidStx\":true,\"isValidEtx\":true,\"isValidDst\":true,\"isValidSrc\":true,\"isValidLength\":true,\"fnc\":\"3\",\"act\":\"D\",\"data\":{\"0\":49,\"1\":48,\"2\":48,\"3\":48,\"4\":50,\"5\":48,\"6\":50,\"7\":52,\"8\":51,\"9\":48,\"10\":48,\"11\":48,\"12\":52,\"13\":48,\"14\":48,\"15\":48,\"16\":53,\"17\":48,\"18\":48,\"19\":48,\"20\":54,\"21\":48,\"22\":48,\"23\":48,\"24\":55,\"25\":48,\"26\":48,\"27\":48,\"28\":56,\"29\":48,\"30\":48,\"31\":48,\"32\":57,\"33\":48,\"34\":48,\"35\":48,\"36\":58,\"37\":48,\"38\":48,\"39\":48,\"40\":59,\"41\":48,\"42\":48,\"43\":48,\"44\":60,\"45\":48,\"46\":48,\"47\":48,\"48\":61,\"49\":48,\"50\":48,\"51\":48,\"52\":62,\"53\":48,\"54\":48,\"55\":48,\"56\":63,\"57\":48,\"58\":48,\"59\":48,\"60\":64,..."
[2026-08-19 02:31:06.417] [debug] [serialport] event=serialport.packet status=success boardName=board1 length=10 message="bytearray(b'\\x02033QCP7A\\x03')"
[2026-08-19 02:31:06.449] [debug] [serialport] event=serialport.packet status=success boardName=board1 length=90 message="bytearray(b'\\x022B3DPC1000202A3000400050006000700080009000:000;000<000=000>000?000@000A033B000C000D00069\\x03')"
[2026-08-19 02:31:06.450] [debug] [serialport] event=serialport.packet.parse status=success boardName=board1 message="{\"isValidStx\":true,\"isValidEtx\":true,\"isValidDst\":true,\"isValidSrc\":true,\"isValidLength\":true,\"fnc\":\"3\",\"act\":\"D\",\"data\":{\"0\":49,\"1\":48,\"2\":48,\"3\":48,\"4\":50,\"5\":48,\"6\":50,\"7\":65,\"8\":51,\"9\":48,\"10\":48,\"11\":48,\"12\":52,\"13\":48,\"14\":48,\"15\":48,\"16\":53,\"17\":48,\"18\":48,\"19\":48,\"20\":54,\"21\":48,\"22\":48,\"23\":48,\"24\":55,\"25\":48,\"26\":48,\"27\":48,\"28\":56,\"29\":48,\"30\":48,\"31\":48,\"32\":57,\"33\":48,\"34\":48,\"35\":48,\"36\":58,\"37\":48,\"38\":48,\"39\":48,\"40\":59,\"41\":48,\"42\":48,\"43\":48,\"44\":60,\"45\":48,\"46\":48,\"47\":48,\"48\":61,\"49\":48,\"50\":48,\"51\":48,\"52\":62,\"53\":48,\"54\":48,\"55\":48,\"56\":63,\"57\":48,\"58\":48,\"59\":48,\"60\":64,..."
[2026-08-19 02:31:06.523] [debug] [serialport] event=serialport.packet status=success boardName=board1 length=10 message="bytearray(b'\\x02033QCP7A\\x03')"
[2026-08-19 02:31:06.560] [debug] [serialport] event=serialport.packet status=success boardName=board1 length=90 message="bytearray(b'\\x022B3DPC100020303000400050006000700080009000:000;000<000=000>000?000@000A03BB000C000D00068\\x03')"
[2026-08-19 02:31:06.561] [debug] [serialport] event=serialport.packet.parse status=success boardName=board1 message="{\"isValidStx\":true,\"isValidEtx\":true,\"isValidDst\":true,\"isValidSrc\":true,\"isValidLength\":true,\"fnc\":\"3\",\"act\":\"D\",\"data\":{\"0\":49,\"1\":48,\"2\":48,\"3\":48,\"4\":50,\"5\":48,\"6\":51,\"7\":48,\"8\":51,\"9\":48,\"10\":48,\"11\":48,\"12\":52,\"13\":48,\"14\":48,\"15\":48,\"16\":53,\"17\":48,\"18\":48,\"19\":48,\"20\":54,\"21\":48,\"22\":48,\"23\":48,\"24\":55,\"25\":48,\"26\":48,\"27\":48,\"28\":56,\"29\":48,\"30\":48,\"31\":48,\"32\":57,\"33\":48,\"34\":48,\"35\":48,\"36\":58,\"37\":48,\"38\":48,\"39\":48,\"40\":59,\"41\":48,\"42\":48,\"43\":48,\"44\":60,\"45\":48,\"46\":48,\"47\":48,\"48\":61,\"49\":48,\"50\":48,\"51\":48,\"52\":62,\"53\":48,\"54\":48,\"55\":48,\"56\":63,\"57\":48,\"58\":48,\"59\":48,\"60\":64,..."
[2026-08-19 02:31:06.627] [debug] [serialport] event=serialport.packet status=success boardName=board1 length=10 message="bytearray(b'\\x02033QCP7A\\x03')"
[2026-08-19 02:31:06.657] [debug] [serialport] event=serialport.packet status=success boardName=board1 length=90 message="bytearray(b'\\x022B3DPC100020363000400050006000700080009000:000;000<000=000>000?000@000A042B000C000D0005F\\x03')"
[2026-08-19 02:31:06.658] [debug] [serialport] event=serialport.packet.parse status=success boardName=board1 message="{\"isValidStx\":true,\"isValidEtx\":true,\"isValidDst\":true,\"isValidSrc\":true,\"isValidLength\":true,\"fnc\":\"3\",\"act\":\"D\",\"data\":{\"0\":49,\"1\":48,\"2\":48,\"3\":48,\"4\":50,\"5\":48,\"6\":51,\"7\":54,\"8\":51,\"9\":48,\"10\":48,\"11\":48,\"12\":52,\"13\":48,\"14\":48,\"15\":48,\"16\":53,\"17\":48,\"18\":48,\"19\":48,\"20\":54,\"21\":48,\"22\":48,\"23\":48,\"24\":55,\"25\":48,\"26\":48,\"27\":48,\"28\":56,\"29\":48,\"30\":48,\"31\":48,\"32\":57,\"33\":48,\"34\":48,\"35\":48,\"36\":58,\"37\":48,\"38\":48,\"39\":48,\"40\":59,\"41\":48,\"42\":48,\"43\":48,\"44\":60,\"45\":48,\"46\":48,\"47\":48,\"48\":61,\"49\":48,\"50\":48,\"51\":48,\"52\":62,\"53\":48,\"54\":48,\"55\":48,\"56\":63,\"57\":48,\"58\":48,\"59\":48,\"60\":64,..."
[2026-08-19 02:31:06.683] [debug] [serialport] event=serialport.packet status=success boardName=board1 length=14 message="bytearray(b'\\x02055DCP200033\\x03')"
[2026-08-19 02:31:06.698] [debug] [serialport] event=serialport.packet status=success boardName=board1 length=10 message="bytearray(b'\\x02035APC6C\\x03')"
[2026-08-19 02:31:06.700] [debug] [serialport] event=serialport.packet.parse status=success boardName=board1 message="{\"isValidStx\":true,\"isValidEtx\":true,\"isValidDst\":true,\"isValidSrc\":true,\"isValidLength\":true,\"fnc\":\"5\",\"act\":\"A\",\"data\":{\"0\":54},\"values\":[],\"part\":{},\"isValidChecksum\":true}"
[2026-08-19 02:31:06.701] [debug] [serialport] event=serialport.packet.response status=success boardName=board1 functionGroup=5 action=A
[2026-08-19 02:31:09.313] [debug] [serialport] event=serialport.packet status=success boardName=board1 length=14 message="bytearray(b'\\x02055DCP300A45\\x03')"
[2026-08-19 02:31:09.337] [debug] [serialport] event=serialport.packet status=success boardName=board1 length=14 message="bytearray(b'\\x02055DCP200A44\\x03')"
[2026-08-19 02:31:09.339] [debug] [serialport] event=serialport.packet status=success boardName=board1 length=10 message="bytearray(b'\\x02035APC6C\\x03')"
[2026-08-19 02:31:09.340] [debug] [serialport] event=serialport.packet.parse status=success boardName=board1 message="{\"isValidStx\":true,\"isValidEtx\":true,\"isValidDst\":true,\"isValidSrc\":true,\"isValidLength\":true,\"fnc\":\"5\",\"act\":\"A\",\"data\":{\"0\":54},\"values\":[],\"part\":{},\"isValidChecksum\":true}"
[2026-08-19 02:31:09.341] [debug] [serialport] event=serialport.packet.response status=success boardName=board1 functionGroup=5 action=A
[2026-08-19 02:31:09.354] [debug] [serialport] event=serialport.packet status=success boardName=board1 length=10 message="bytearray(b'\\x02035APC6C\\x03')"
[2026-08-19 02:31:09.355] [debug] [serialport] event=serialport.packet.parse status=success boardName=board1 message="{\"isValidStx\":true,\"isValidEtx\":true,\"isValidDst\":true,\"isValidSrc\":true,\"isValidLength\":true,\"fnc\":\"5\",\"act\":\"A\",\"data\":{\"0\":54},\"values\":[],\"part\":{},\"isValidChecksum\":true}"
[2026-08-19 02:31:09.356] [debug] [serialport] event=serialport.packet.response status=success boardName=board1 functionGroup=5 action=A
[2026-08-19 02:31:10.318] [debug] [serialport] event=serialport.packet status=success boardName=board1 length=14 message="bytearray(b'\\x02055DCP300034\\x03')"
[2026-08-19 02:31:10.339] [debug] [serialport] event=serialport.packet status=success boardName=board1 length=10 message="bytearray(b'\\x02035APC6C\\x03')"
[2026-08-19 02:31:10.340] [debug] [serialport] event=serialport.packet.parse status=success boardName=board1 message="{\"isValidStx\":true,\"isValidEtx\":true,\"isValidDst\":true,\"isValidSrc\":true,\"isValidLength\":true,\"fnc\":\"5\",\"act\":\"A\",\"data\":{\"0\":54},\"values\":[],\"part\":{},\"isValidChecksum\":true}"
[2026-08-19 02:31:10.341] [debug] [serialport] event=serialport.packet.response status=success boardName=board1 functionGroup=5 action=A
[2026-08-19 02:31:10.359] [debug] [serialport] event=serialport.packet status=success boardName=board1 length=14 message="bytearray(b'\\x02055DCP200033\\x03')"
[2026-08-19 02:31:10.375] [debug] [serialport] event=serialport.packet status=success boardName=board1 length=78 message="bytearray(b'\\x02253DCP100020003000400050006000700080009000:000;000<000=000>000?000@000A000CA\\x03')"
[2026-08-19 02:31:10.379] [debug] [serialport] event=serialport.packet status=success boardName=board1 length=10 message="bytearray(b'\\x02035APC6C\\x03')"
[2026-08-19 02:31:10.380] [debug] [serialport] event=serialport.packet.parse status=success boardName=board1 message="{\"isValidStx\":true,\"isValidEtx\":true,\"isValidDst\":true,\"isValidSrc\":true,\"isValidLength\":true,\"fnc\":\"5\",\"act\":\"A\",\"data\":{\"0\":54},\"values\":[],\"part\":{},\"isValidChecksum\":true}"
[2026-08-19 02:31:10.381] [debug] [serialport] event=serialport.packet.response status=success boardName=board1 functionGroup=5 action=A
[2026-08-19 02:31:10.403] [debug] [serialport] event=serialport.packet status=success boardName=board1 length=14 message="bytearray(b'\\x02055DCP30C84F\\x03')"
[2026-08-19 02:31:10.431] [debug] [serialport] event=serialport.packet status=success boardName=board1 length=14 message="bytearray(b'\\x02055DCP20C84E\\x03')"
[2026-08-19 02:31:10.435] [debug] [serialport] event=serialport.packet status=success boardName=board1 length=22 message="bytearray(b'\\x022B3DPC10002\\x02035APC6C\\x03')"
[2026-08-19 02:31:10.436] [debug] [serialport] event=serialport.packet.parse status=success boardName=board1 message="{\"isValidStx\":true,\"isValidEtx\":true,\"isValidDst\":true,\"isValidSrc\":true,\"isValidLength\":false,\"fnc\":\"3\",\"act\":\"D\",\"data\":{\"0\":49,\"1\":48,\"2\":48,\"3\":48,\"4\":50,\"5\":2,\"6\":48,\"7\":51,\"8\":53,\"9\":65,\"10\":80,\"11\":67,\"12\":54},\"values\":[],\"part\":{\"49\":0,\"50\":null},\"isValidChecksum\":false}"
[2026-08-19 02:31:10.437] [debug] [serialport] event=serialport.packet.parse status=ignored reason=invalid_packet boardName=board1
[2026-08-19 02:31:10.438] [debug] [serialport] event=serialport.packet status=success boardName=board1 length=10 message="bytearray(b'\\x02035APC6C\\x03')"
[2026-08-19 02:31:10.439] [debug] [serialport] event=serialport.packet.parse status=success boardName=board1 message="{\"isValidStx\":true,\"isValidEtx\":true,\"isValidDst\":true,\"isValidSrc\":true,\"isValidLength\":true,\"fnc\":\"5\",\"act\":\"A\",\"data\":{\"0\":54},\"values\":[],\"part\":{},\"isValidChecksum\":true}"
[2026-08-19 02:31:10.440] [debug] [serialport] event=serialport.packet.response status=success boardName=board1 functionGroup=5 action=A
[2026-08-19 02:31:10.558] [debug] [serialport] event=serialport.packet status=success boardName=board1 length=10 message="bytearray(b'\\x02033QCP7A\\x03')"
[2026-08-19 02:31:10.586] [debug] [serialport] event=serialport.packet status=success boardName=board1 length=90 message="bytearray(b'\\x022B3DPC100020023000400050006000700080009000:000;000<000=000>000?000@000A003B000C000D00055\\x03')"
[2026-08-19 02:31:10.587] [debug] [serialport] event=serialport.packet.parse status=success boardName=board1 message="{\"isValidStx\":true,\"isValidEtx\":true,\"isValidDst\":true,\"isValidSrc\":true,\"isValidLength\":true,\"fnc\":\"3\",\"act\":\"D\",\"data\":{\"0\":49,\"1\":48,\"2\":48,\"3\":48,\"4\":50,\"5\":48,\"6\":48,\"7\":50,\"8\":51,\"9\":48,\"10\":48,\"11\":48,\"12\":52,\"13\":48,\"14\":48,\"15\":48,\"16\":53,\"17\":48,\"18\":48,\"19\":48,\"20\":54,\"21\":48,\"22\":48,\"23\":48,\"24\":55,\"25\":48,\"26\":48,\"27\":48,\"28\":56,\"29\":48,\"30\":48,\"31\":48,\"32\":57,\"33\":48,\"34\":48,\"35\":48,\"36\":58,\"37\":48,\"38\":48,\"39\":48,\"40\":59,\"41\":48,\"42\":48,\"43\":48,\"44\":60,\"45\":48,\"46\":48,\"47\":48,\"48\":61,\"49\":48,\"50\":48,\"51\":48,\"52\":62,\"53\":48,\"54\":48,\"55\":48,\"56\":63,\"57\":48,\"58\":48,\"59\":48,\"60\":64,..."
[2026-08-19 02:31:10.670] [debug] [serialport] event=serialport.packet status=success boardName=board1 length=10 message="bytearray(b'\\x02033QCP7A\\x03')"
[2026-08-19 02:31:10.693] [debug] [serialport] event=serialport.packet status=success boardName=board1 length=90 message="bytearray(b'\\x022B3DPC100020033000400050006000700080009000:000;000<000=000>000?000@000A004B000C000D00057\\x03')"
[2026-08-19 02:31:10.694] [debug] [serialport] event=serialport.packet.parse status=success boardName=board1 message="{\"isValidStx\":true,\"isValidEtx\":true,\"isValidDst\":true,\"isValidSrc\":true,\"isValidLength\":true,\"fnc\":\"3\",\"act\":\"D\",\"data\":{\"0\":49,\"1\":48,\"2\":48,\"3\":48,\"4\":50,\"5\":48,\"6\":48,\"7\":51,\"8\":51,\"9\":48,\"10\":48,\"11\":48,\"12\":52,\"13\":48,\"14\":48,\"15\":48,\"16\":53,\"17\":48,\"18\":48,\"19\":48,\"20\":54,\"21\":48,\"22\":48,\"23\":48,\"24\":55,\"25\":48,\"26\":48,\"27\":48,\"28\":56,\"29\":48,\"30\":48,\"31\":48,\"32\":57,\"33\":48,\"34\":48,\"35\":48,\"36\":58,\"37\":48,\"38\":48,\"39\":48,\"40\":59,\"41\":48,\"42\":48,\"43\":48,\"44\":60,\"45\":48,\"46\":48,\"47\":48,\"48\":61,\"49\":48,\"50\":48,\"51\":48,\"52\":62,\"53\":48,\"54\":48,\"55\":48,\"56\":63,\"57\":48,\"58\":48,\"59\":48,\"60\":64,..."
[2026-08-19 02:31:10.772] [debug] [serialport] event=serialport.packet status=success boardName=board1 length=10 message="bytearray(b'\\x02033QCP7A\\x03')"
[2026-08-19 02:31:10.805] [debug] [serialport] event=serialport.packet status=success boardName=board1 length=90 message="bytearray(b'\\x022B3DPC100020043000400050006000700080009000:000;000<000=000>000?000@000A006B000C000D0005A\\x03')"
[2026-08-19 02:31:10.806] [debug] [serialport] event=serialport.packet.parse status=success boardName=board1 message="{\"isValidStx\":true,\"isValidEtx\":true,\"isValidDst\":true,\"isValidSrc\":true,\"isValidLength\":true,\"fnc\":\"3\",\"act\":\"D\",\"data\":{\"0\":49,\"1\":48,\"2\":48,\"3\":48,\"4\":50,\"5\":48,\"6\":48,\"7\":52,\"8\":51,\"9\":48,\"10\":48,\"11\":48,\"12\":52,\"13\":48,\"14\":48,\"15\":48,\"16\":53,\"17\":48,\"18\":48,\"19\":48,\"20\":54,\"21\":48,\"22\":48,\"23\":48,\"24\":55,\"25\":48,\"26\":48,\"27\":48,\"28\":56,\"29\":48,\"30\":48,\"31\":48,\"32\":57,\"33\":48,\"34\":48,\"35\":48,\"36\":58,\"37\":48,\"38\":48,\"39\":48,\"40\":59,\"41\":48,\"42\":48,\"43\":48,\"44\":60,\"45\":48,\"46\":48,\"47\":48,\"48\":61,\"49\":48,\"50\":48,\"51\":48,\"52\":62,\"53\":48,\"54\":48,\"55\":48,\"56\":63,\"57\":48,\"58\":48,\"59\":48,\"60\":64,..."
[2026-08-19 02:31:10.880] [debug] [serialport] event=serialport.packet status=success boardName=board1 length=10 message="bytearray(b'\\x02033QCP7A\\x03')"
[2026-08-19 02:31:10.913] [debug] [serialport] event=serialport.packet status=success boardName=board1 length=90 message="bytearray(b'\\x022B3DPC100020093000400050006000700080009000:000;000<000=000>000?000@000A00BB000C000D0006B\\x03')"
[2026-08-19 02:31:10.914] [debug] [serialport] event=serialport.packet.parse status=success boardName=board1 message="{\"isValidStx\":true,\"isValidEtx\":true,\"isValidDst\":true,\"isValidSrc\":true,\"isValidLength\":true,\"fnc\":\"3\",\"act\":\"D\",\"data\":{\"0\":49,\"1\":48,\"2\":48,\"3\":48,\"4\":50,\"5\":48,\"6\":48,\"7\":57,\"8\":51,\"9\":48,\"10\":48,\"11\":48,\"12\":52,\"13\":48,\"14\":48,\"15\":48,\"16\":53,\"17\":48,\"18\":48,\"19\":48,\"20\":54,\"21\":48,\"22\":48,\"23\":48,\"24\":55,\"25\":48,\"26\":48,\"27\":48,\"28\":56,\"29\":48,\"30\":48,\"31\":48,\"32\":57,\"33\":48,\"34\":48,\"35\":48,\"36\":58,\"37\":48,\"38\":48,\"39\":48,\"40\":59,\"41\":48,\"42\":48,\"43\":48,\"44\":60,\"45\":48,\"46\":48,\"47\":48,\"48\":61,\"49\":48,\"50\":48,\"51\":48,\"52\":62,\"53\":48,\"54\":48,\"55\":48,\"56\":63,\"57\":48,\"58\":48,\"59\":48,\"60\":64,..."
[2026-08-19 02:31:10.992] [debug] [serialport] event=serialport.packet status=success boardName=board1 length=10 message="bytearray(b'\\x02033QCP7A\\x03')"
[2026-08-19 02:31:11.025] [debug] [serialport] event=serialport.packet status=success boardName=board1 length=90 message="bytearray(b'\\x022B3DPC1000200E3000400050006000700080009000:000;000<000=000>000?000@000A012B000C000D00068\\x03')"
[2026-08-19 02:31:11.026] [debug] [serialport] event=serialport.packet.parse status=success boardName=board1 message="{\"isValidStx\":true,\"isValidEtx\":true,\"isValidDst\":true,\"isValidSrc\":true,\"isValidLength\":true,\"fnc\":\"3\",\"act\":\"D\",\"data\":{\"0\":49,\"1\":48,\"2\":48,\"3\":48,\"4\":50,\"5\":48,\"6\":48,\"7\":69,\"8\":51,\"9\":48,\"10\":48,\"11\":48,\"12\":52,\"13\":48,\"14\":48,\"15\":48,\"16\":53,\"17\":48,\"18\":48,\"19\":48,\"20\":54,\"21\":48,\"22\":48,\"23\":48,\"24\":55,\"25\":48,\"26\":48,\"27\":48,\"28\":56,\"29\":48,\"30\":48,\"31\":48,\"32\":57,\"33\":48,\"34\":48,\"35\":48,\"36\":58,\"37\":48,\"38\":48,\"39\":48,\"40\":59,\"41\":48,\"42\":48,\"43\":48,\"44\":60,\"45\":48,\"46\":48,\"47\":48,\"48\":61,\"49\":48,\"50\":48,\"51\":48,\"52\":62,\"53\":48,\"54\":48,\"55\":48,\"56\":63,\"57\":48,\"58\":48,\"59\":48,\"60\":64,..."
[2026-08-19 02:31:11.107] [debug] [serialport] event=serialport.packet status=success boardName=board1 length=10 message="bytearray(b'\\x02033QCP7A\\x03')"
[2026-08-19 02:31:11.137] [debug] [serialport] event=serialport.packet status=success boardName=board1 length=90 message="bytearray(b'\\x022B3DPC100020143000400050006000700080009000:000;000<000=000>000?000@000A018B000C000D0005E\\x03')"
[2026-08-19 02:31:11.138] [debug] [serialport] event=serialport.packet.parse status=success boardName=board1 message="{\"isValidStx\":true,\"isValidEtx\":true,\"isValidDst\":true,\"isValidSrc\":true,\"isValidLength\":true,\"fnc\":\"3\",\"act\":\"D\",\"data\":{\"0\":49,\"1\":48,\"2\":48,\"3\":48,\"4\":50,\"5\":48,\"6\":49,\"7\":52,\"8\":51,\"9\":48,\"10\":48,\"11\":48,\"12\":52,\"13\":48,\"14\":48,\"15\":48,\"16\":53,\"17\":48,\"18\":48,\"19\":48,\"20\":54,\"21\":48,\"22\":48,\"23\":48,\"24\":55,\"25\":48,\"26\":48,\"27\":48,\"28\":56,\"29\":48,\"30\":48,\"31\":48,\"32\":57,\"33\":48,\"34\":48,\"35\":48,\"36\":58,\"37\":48,\"38\":48,\"39\":48,\"40\":59,\"41\":48,\"42\":48,\"43\":48,\"44\":60,\"45\":48,\"46\":48,\"47\":48,\"48\":61,\"49\":48,\"50\":48,\"51\":48,\"52\":62,\"53\":48,\"54\":48,\"55\":48,\"56\":63,\"57\":48,\"58\":48,\"59\":48,\"60\":64,..."
[2026-08-19 02:31:11.219] [debug] [serialport] event=serialport.packet status=success boardName=board1 length=10 message="bytearray(b'\\x02033QCP7A\\x03')"
[2026-08-19 02:31:11.251] [debug] [serialport] event=serialport.packet status=success boardName=board1 length=90 message="bytearray(b'\\x022B3DPC100020193000400050006000700080009000:000;000<000=000>000?000@000A01FB000C000D00071\\x03')"
[2026-08-19 02:31:11.252] [debug] [serialport] event=serialport.packet.parse status=success boardName=board1 message="{\"isValidStx\":true,\"isValidEtx\":true,\"isValidDst\":true,\"isValidSrc\":true,\"isValidLength\":true,\"fnc\":\"3\",\"act\":\"D\",\"data\":{\"0\":49,\"1\":48,\"2\":48,\"3\":48,\"4\":50,\"5\":48,\"6\":49,\"7\":57,\"8\":51,\"9\":48,\"10\":48,\"11\":48,\"12\":52,\"13\":48,\"14\":48,\"15\":48,\"16\":53,\"17\":48,\"18\":48,\"19\":48,\"20\":54,\"21\":48,\"22\":48,\"23\":48,\"24\":55,\"25\":48,\"26\":48,\"27\":48,\"28\":56,\"29\":48,\"30\":48,\"31\":48,\"32\":57,\"33\":48,\"34\":48,\"35\":48,\"36\":58,\"37\":48,\"38\":48,\"39\":48,\"40\":59,\"41\":48,\"42\":48,\"43\":48,\"44\":60,\"45\":48,\"46\":48,\"47\":48,\"48\":61,\"49\":48,\"50\":48,\"51\":48,\"52\":62,\"53\":48,\"54\":48,\"55\":48,\"56\":63,\"57\":48,\"58\":48,\"59\":48,\"60\":64,..."
[2026-08-19 02:31:11.281] [debug] [serialport] event=serialport.packet status=success boardName=board1 length=14 message="bytearray(b'\\x02055DCP300034\\x03')"
[2026-08-19 02:31:11.305] [debug] [serialport] event=serialport.packet status=success boardName=board1 length=14 message="bytearray(b'\\x02055DCP200033\\x03')"
[2026-08-19 02:31:11.311] [debug] [serialport] event=serialport.packet status=success boardName=board1 length=10 message="bytearray(b'\\x02035APC6C\\x03')"
[2026-08-19 02:31:11.312] [debug] [serialport] event=serialport.packet.parse status=success boardName=board1 message="{\"isValidStx\":true,\"isValidEtx\":true,\"isValidDst\":true,\"isValidSrc\":true,\"isValidLength\":true,\"fnc\":\"5\",\"act\":\"A\",\"data\":{\"0\":54},\"values\":[],\"part\":{},\"isValidChecksum\":true}"
[2026-08-19 02:31:11.313] [debug] [serialport] event=serialport.packet.response status=success boardName=board1 functionGroup=5 action=A
[2026-08-19 02:31:11.313] [debug] [serialport] event=serialport.packet status=success boardName=board1 length=10 message="bytearray(b'\\x02035APC6C\\x03')"
[2026-08-19 02:31:11.314] [debug] [serialport] event=serialport.packet.parse status=success boardName=board1 message="{\"isValidStx\":true,\"isValidEtx\":true,\"isValidDst\":true,\"isValidSrc\":true,\"isValidLength\":true,\"fnc\":\"5\",\"act\":\"A\",\"data\":{\"0\":54},\"values\":[],\"part\":{},\"isValidChecksum\":true}"
[2026-08-19 02:31:11.314] [debug] [serialport] event=serialport.packet.response status=success boardName=board1 functionGroup=5 action=A
[2026-08-19 02:31:15.867] [debug] [serialport] event=serialport.packet status=success boardName=board1 length=14 message="bytearray(b'\\x02055DCP100A43\\x03')"
[2026-08-19 02:31:15.891] [debug] [serialport] event=serialport.packet status=success boardName=board1 length=10 message="bytearray(b'\\x02035APC6C\\x03')"
[2026-08-19 02:31:15.892] [debug] [serialport] event=serialport.packet.parse status=success boardName=board1 message="{\"isValidStx\":true,\"isValidEtx\":true,\"isValidDst\":true,\"isValidSrc\":true,\"isValidLength\":true,\"fnc\":\"5\",\"act\":\"A\",\"data\":{\"0\":54},\"values\":[],\"part\":{},\"isValidChecksum\":true}"
[2026-08-19 02:31:15.893] [debug] [serialport] event=serialport.packet.response status=success boardName=board1 functionGroup=5 action=A
[2026-08-19 02:31:16.870] [debug] [serialport] event=serialport.packet status=success boardName=board1 length=14 message="bytearray(b'\\x02055DCP100032\\x03')"
[2026-08-19 02:31:16.904] [debug] [serialport] event=serialport.packet status=success boardName=board1 length=10 message="bytearray(b'\\x02035APC6C\\x03')"
[2026-08-19 02:31:16.905] [debug] [serialport] event=serialport.packet.parse status=success boardName=board1 message="{\"isValidStx\":true,\"isValidEtx\":true,\"isValidDst\":true,\"isValidSrc\":true,\"isValidLength\":true,\"fnc\":\"5\",\"act\":\"A\",\"data\":{\"0\":54},\"values\":[],\"part\":{},\"isValidChecksum\":true}"
[2026-08-19 02:31:16.906] [debug] [serialport] event=serialport.packet.response status=success boardName=board1 functionGroup=5 action=A
[2026-08-19 02:31:29.114] [debug] [serialport] event=serialport.packet status=success boardName=board1 length=78 message="bytearray(b'\\x02253DCP100020003000400050006000700080009000:000;000<000=000>000?000@000A000CA\\x03')"
[2026-08-19 02:31:29.145] [debug] [serialport] event=serialport.packet status=success boardName=board1 length=14 message="bytearray(b'\\x02055DCP:0C856\\x03')"
[2026-08-19 02:31:29.166] [debug] [serialport] event=serialport.packet status=success boardName=board1 length=90 message="bytearray(b'\\x022B3DPC100020273000400050006000700080009000:000;000<000=000>000?000@000A02FB000C000D00071\\x03')"
[2026-08-19 02:31:29.168] [debug] [serialport] event=serialport.packet.parse status=success boardName=board1 message="{\"isValidStx\":true,\"isValidEtx\":true,\"isValidDst\":true,\"isValidSrc\":true,\"isValidLength\":true,\"fnc\":\"3\",\"act\":\"D\",\"data\":{\"0\":49,\"1\":48,\"2\":48,\"3\":48,\"4\":50,\"5\":48,\"6\":50,\"7\":55,\"8\":51,\"9\":48,\"10\":48,\"11\":48,\"12\":52,\"13\":48,\"14\":48,\"15\":48,\"16\":53,\"17\":48,\"18\":48,\"19\":48,\"20\":54,\"21\":48,\"22\":48,\"23\":48,\"24\":55,\"25\":48,\"26\":48,\"27\":48,\"28\":56,\"29\":48,\"30\":48,\"31\":48,\"32\":57,\"33\":48,\"34\":48,\"35\":48,\"36\":58,\"37\":48,\"38\":48,\"39\":48,\"40\":59,\"41\":48,\"42\":48,\"43\":48,\"44\":60,\"45\":48,\"46\":48,\"47\":48,\"48\":61,\"49\":48,\"50\":48,\"51\":48,\"52\":62,\"53\":48,\"54\":48,\"55\":48,\"56\":63,\"57\":48,\"58\":48,\"59\":48,\"60\":64,..."
[2026-08-19 02:31:29.170] [debug] [serialport] event=serialport.packet status=success boardName=board1 length=10 message="bytearray(b'\\x02035APC6C\\x03')"
[2026-08-19 02:31:29.171] [debug] [serialport] event=serialport.packet.parse status=success boardName=board1 message="{\"isValidStx\":true,\"isValidEtx\":true,\"isValidDst\":true,\"isValidSrc\":true,\"isValidLength\":true,\"fnc\":\"5\",\"act\":\"A\",\"data\":{\"0\":54},\"values\":[],\"part\":{},\"isValidChecksum\":true}"
[2026-08-19 02:31:29.172] [debug] [serialport] event=serialport.packet.response status=success boardName=board1 functionGroup=5 action=A
[2026-08-19 02:31:29.285] [debug] [serialport] event=serialport.packet status=success boardName=board1 length=10 message="bytearray(b'\\x02033QCP7A\\x03')"
[2026-08-19 02:31:29.327] [debug] [serialport] event=serialport.packet status=success boardName=board1 length=90 message="bytearray(b'\\x022B3DPC100020003000400050006000700080009000:005;000<000=000>000?000@000A000B000C000D00055\\x03')"
[2026-08-19 02:31:29.330] [debug] [serialport] event=serialport.packet.parse status=success boardName=board1 message="{\"isValidStx\":true,\"isValidEtx\":true,\"isValidDst\":true,\"isValidSrc\":true,\"isValidLength\":true,\"fnc\":\"3\",\"act\":\"D\",\"data\":{\"0\":49,\"1\":48,\"2\":48,\"3\":48,\"4\":50,\"5\":48,\"6\":48,\"7\":48,\"8\":51,\"9\":48,\"10\":48,\"11\":48,\"12\":52,\"13\":48,\"14\":48,\"15\":48,\"16\":53,\"17\":48,\"18\":48,\"19\":48,\"20\":54,\"21\":48,\"22\":48,\"23\":48,\"24\":55,\"25\":48,\"26\":48,\"27\":48,\"28\":56,\"29\":48,\"30\":48,\"31\":48,\"32\":57,\"33\":48,\"34\":48,\"35\":48,\"36\":58,\"37\":48,\"38\":48,\"39\":53,\"40\":59,\"41\":48,\"42\":48,\"43\":48,\"44\":60,\"45\":48,\"46\":48,\"47\":48,\"48\":61,\"49\":48,\"50\":48,\"51\":48,\"52\":62,\"53\":48,\"54\":48,\"55\":48,\"56\":63,\"57\":48,\"58\":48,\"59\":48,\"60\":64,..."
[2026-08-19 02:31:29.358] [debug] [serialport] event=serialport.packet status=success boardName=board1 length=14 message="bytearray(b'\\x02055DCP:0003B\\x03')"
[2026-08-19 02:31:29.390] [debug] [serialport] event=serialport.packet status=success boardName=board1 length=10 message="bytearray(b'\\x02035APC6C\\x03')"
[2026-08-19 02:31:29.391] [debug] [serialport] event=serialport.packet.parse status=success boardName=board1 message="{\"isValidStx\":true,\"isValidEtx\":true,\"isValidDst\":true,\"isValidSrc\":true,\"isValidLength\":true,\"fnc\":\"5\",\"act\":\"A\",\"data\":{\"0\":54},\"values\":[],\"part\":{},\"isValidChecksum\":true}"
[2026-08-19 02:31:29.391] [debug] [serialport] event=serialport.packet.response status=success boardName=board1 functionGroup=5 action=A
[2026-08-19 02:31:37.622] [debug] [serialport] event=serialport.packet status=success boardName=board1 length=10 message="bytearray(b'\\x02034QCP7B\\x03')"
[2026-08-19 02:31:37.663] [debug] [serialport] event=serialport.packet status=success boardName=board1 length=14 message="bytearray(b'\\x02056DCP300035\\x03')"
[2026-08-19 02:31:37.666] [debug] [serialport] event=serialport.packet status=success boardName=board1 length=50 message="bytearray(b'\\x02174DPC0000100000000000000100000000000000000000F5\\x03')"
[2026-08-19 02:31:37.669] [debug] [serialport] event=serialport.packet.parse status=success boardName=board1 message="{\"isValidStx\":true,\"isValidEtx\":true,\"isValidDst\":true,\"isValidSrc\":true,\"isValidLength\":true,\"fnc\":\"4\",\"act\":\"D\",\"data\":{\"0\":48,\"1\":48,\"2\":48,\"3\":48,\"4\":49,\"5\":48,\"6\":48,\"7\":48,\"8\":48,\"9\":48,\"10\":48,\"11\":48,\"12\":48,\"13\":48,\"14\":48,\"15\":48,\"16\":48,\"17\":48,\"18\":48,\"19\":49,\"20\":48,\"21\":48,\"22\":48,\"23\":48,\"24\":48,\"25\":48,\"26\":48,\"27\":48,\"28\":48,\"29\":48,\"30\":48,\"31\":48,\"32\":48,\"33\":48,\"34\":48,\"35\":48,\"36\":48,\"37\":48,\"38\":48,\"39\":48,\"40\":70},\"values\":[0,0,0,0,1,0,0,0,0,0,0,0,0,0,0,0,0,0,0,1,0,0,0,0,0,0,0,0,0,0,0,0,0,0,0,0,0,0,0,0,22],\"part\":{},\"isValidChecksum\":true}"
[2026-08-19 02:31:37.688] [debug] [serialport] event=serialport.packet status=success boardName=board1 length=10 message="bytearray(b'\\x02036APC6D\\x03')"
[2026-08-19 02:31:37.690] [debug] [serialport] event=serialport.packet.parse status=success boardName=board1 message="{\"isValidStx\":true,\"isValidEtx\":true,\"isValidDst\":true,\"isValidSrc\":true,\"isValidLength\":true,\"fnc\":\"6\",\"act\":\"A\",\"data\":{\"0\":54},\"values\":[],\"part\":{},\"isValidChecksum\":true}"
[2026-08-19 02:31:37.691] [debug] [serialport] event=serialport.packet.response status=success boardName=board1 functionGroup=6 action=A
[2026-08-19 02:31:37.694] [debug] [serialport] event=serialport.packet status=success boardName=board1 length=14 message="bytearray(b'\\x02056DCP300035\\x03')"
[2026-08-19 02:31:37.713] [debug] [serialport] event=serialport.packet status=success boardName=board1 length=14 message="bytearray(b'\\x02056DCP30283F\\x03')"
[2026-08-19 02:31:37.743] [debug] [serialport] event=serialport.packet status=success boardName=board1 length=10 message="bytearray(b'\\x02036APC6D\\x03')"
[2026-08-19 02:31:37.744] [debug] [serialport] event=serialport.packet.parse status=success boardName=board1 message="{\"isValidStx\":true,\"isValidEtx\":true,\"isValidDst\":true,\"isValidSrc\":true,\"isValidLength\":true,\"fnc\":\"6\",\"act\":\"A\",\"data\":{\"0\":54},\"values\":[],\"part\":{},\"isValidChecksum\":true}"
[2026-08-19 02:31:37.745] [debug] [serialport] event=serialport.packet.response status=success boardName=board1 functionGroup=6 action=A
[2026-08-19 02:31:37.755] [debug] [serialport] event=serialport.packet status=success boardName=board1 length=10 message="bytearray(b'\\x02036APC6D\\x03')"
[2026-08-19 02:31:37.756] [debug] [serialport] event=serialport.packet.parse status=success boardName=board1 message="{\"isValidStx\":true,\"isValidEtx\":true,\"isValidDst\":true,\"isValidSrc\":true,\"isValidLength\":true,\"fnc\":\"6\",\"act\":\"A\",\"data\":{\"0\":54},\"values\":[],\"part\":{},\"isValidChecksum\":true}"
[2026-08-19 02:31:37.757] [debug] [serialport] event=serialport.packet.response status=success boardName=board1 functionGroup=6 action=A
[2026-08-19 02:31:37.841] [debug] [serialport] event=serialport.packet status=success boardName=board1 length=10 message="bytearray(b'\\x02034QCP7B\\x03')"
[2026-08-19 02:31:37.862] [debug] [serialport] event=serialport.packet status=success boardName=board1 length=50 message="bytearray(b'\\x02174DPC0000100000000000000100000000000000000000F5\\x03')"
[2026-08-19 02:31:37.863] [debug] [serialport] event=serialport.packet.parse status=success boardName=board1 message="{\"isValidStx\":true,\"isValidEtx\":true,\"isValidDst\":true,\"isValidSrc\":true,\"isValidLength\":true,\"fnc\":\"4\",\"act\":\"D\",\"data\":{\"0\":48,\"1\":48,\"2\":48,\"3\":48,\"4\":49,\"5\":48,\"6\":48,\"7\":48,\"8\":48,\"9\":48,\"10\":48,\"11\":48,\"12\":48,\"13\":48,\"14\":48,\"15\":48,\"16\":48,\"17\":48,\"18\":48,\"19\":49,\"20\":48,\"21\":48,\"22\":48,\"23\":48,\"24\":48,\"25\":48,\"26\":48,\"27\":48,\"28\":48,\"29\":48,\"30\":48,\"31\":48,\"32\":48,\"33\":48,\"34\":48,\"35\":48,\"36\":48,\"37\":48,\"38\":48,\"39\":48,\"40\":70},\"values\":[0,0,0,0,1,0,0,0,0,0,0,0,0,0,0,0,0,0,0,1,0,0,0,0,0,0,0,0,0,0,0,0,0,0,0,0,0,0,0,0,22],\"part\":{},\"isValidChecksum\":true}"
[2026-08-19 02:31:37.952] [debug] [serialport] event=serialport.packet status=success boardName=board1 length=10 message="bytearray(b'\\x02034QCP7B\\x03')"
[2026-08-19 02:31:37.973] [debug] [serialport] event=serialport.packet status=success boardName=board1 length=50 message="bytearray(b'\\x02174DPC0000100000000000000100000000000000000000F5\\x03')"
[2026-08-19 02:31:37.975] [debug] [serialport] event=serialport.packet.parse status=success boardName=board1 message="{\"isValidStx\":true,\"isValidEtx\":true,\"isValidDst\":true,\"isValidSrc\":true,\"isValidLength\":true,\"fnc\":\"4\",\"act\":\"D\",\"data\":{\"0\":48,\"1\":48,\"2\":48,\"3\":48,\"4\":49,\"5\":48,\"6\":48,\"7\":48,\"8\":48,\"9\":48,\"10\":48,\"11\":48,\"12\":48,\"13\":48,\"14\":48,\"15\":48,\"16\":48,\"17\":48,\"18\":48,\"19\":49,\"20\":48,\"21\":48,\"22\":48,\"23\":48,\"24\":48,\"25\":48,\"26\":48,\"27\":48,\"28\":48,\"29\":48,\"30\":48,\"31\":48,\"32\":48,\"33\":48,\"34\":48,\"35\":48,\"36\":48,\"37\":48,\"38\":48,\"39\":48,\"40\":70},\"values\":[0,0,0,0,1,0,0,0,0,0,0,0,0,0,0,0,0,0,0,1,0,0,0,0,0,0,0,0,0,0,0,0,0,0,0,0,0,0,0,0,22],\"part\":{},\"isValidChecksum\":true}"
[2026-08-19 02:31:38.060] [debug] [serialport] event=serialport.packet status=success boardName=board1 length=10 message="bytearray(b'\\x02034QCP7B\\x03')"
[2026-08-19 02:31:38.090] [debug] [serialport] event=serialport.packet status=success boardName=board1 length=50 message="bytearray(b'\\x02174DPC0000100000000000000100000000000000000000F5\\x03')"
[2026-08-19 02:31:38.091] [debug] [serialport] event=serialport.packet.parse status=success boardName=board1 message="{\"isValidStx\":true,\"isValidEtx\":true,\"isValidDst\":true,\"isValidSrc\":true,\"isValidLength\":true,\"fnc\":\"4\",\"act\":\"D\",\"data\":{\"0\":48,\"1\":48,\"2\":48,\"3\":48,\"4\":49,\"5\":48,\"6\":48,\"7\":48,\"8\":48,\"9\":48,\"10\":48,\"11\":48,\"12\":48,\"13\":48,\"14\":48,\"15\":48,\"16\":48,\"17\":48,\"18\":48,\"19\":49,\"20\":48,\"21\":48,\"22\":48,\"23\":48,\"24\":48,\"25\":48,\"26\":48,\"27\":48,\"28\":48,\"29\":48,\"30\":48,\"31\":48,\"32\":48,\"33\":48,\"34\":48,\"35\":48,\"36\":48,\"37\":48,\"38\":48,\"39\":48,\"40\":70},\"values\":[0,0,0,0,1,0,0,0,0,0,0,0,0,0,0,0,0,0,0,1,0,0,0,0,0,0,0,0,0,0,0,0,0,0,0,0,0,0,0,0,22],\"part\":{},\"isValidChecksum\":true}"
[2026-08-19 02:31:38.177] [debug] [serialport] event=serialport.packet status=success boardName=board1 length=10 message="bytearray(b'\\x02034QCP7B\\x03')"
[2026-08-19 02:31:38.196] [debug] [serialport] event=serialport.packet status=success boardName=board1 length=50 message="bytearray(b'\\x02174DPC0000100000000000000100000000000000000000F5\\x03')"
[2026-08-19 02:31:38.197] [debug] [serialport] event=serialport.packet.parse status=success boardName=board1 message="{\"isValidStx\":true,\"isValidEtx\":true,\"isValidDst\":true,\"isValidSrc\":true,\"isValidLength\":true,\"fnc\":\"4\",\"act\":\"D\",\"data\":{\"0\":48,\"1\":48,\"2\":48,\"3\":48,\"4\":49,\"5\":48,\"6\":48,\"7\":48,\"8\":48,\"9\":48,\"10\":48,\"11\":48,\"12\":48,\"13\":48,\"14\":48,\"15\":48,\"16\":48,\"17\":48,\"18\":48,\"19\":49,\"20\":48,\"21\":48,\"22\":48,\"23\":48,\"24\":48,\"25\":48,\"26\":48,\"27\":48,\"28\":48,\"29\":48,\"30\":48,\"31\":48,\"32\":48,\"33\":48,\"34\":48,\"35\":48,\"36\":48,\"37\":48,\"38\":48,\"39\":48,\"40\":70},\"values\":[0,0,0,0,1,0,0,0,0,0,0,0,0,0,0,0,0,0,0,1,0,0,0,0,0,0,0,0,0,0,0,0,0,0,0,0,0,0,0,0,22],\"part\":{},\"isValidChecksum\":true}"
[2026-08-19 02:31:38.276] [debug] [serialport] event=serialport.packet status=success boardName=board1 length=10 message="bytearray(b'\\x02034QCP7B\\x03')"
[2026-08-19 02:31:38.292] [debug] [serialport] event=serialport.packet status=success boardName=board1 length=50 message="bytearray(b'\\x02174DPC0000100000000000000100000000000000000000F5\\x03')"
[2026-08-19 02:31:38.293] [debug] [serialport] event=serialport.packet.parse status=success boardName=board1 message="{\"isValidStx\":true,\"isValidEtx\":true,\"isValidDst\":true,\"isValidSrc\":true,\"isValidLength\":true,\"fnc\":\"4\",\"act\":\"D\",\"data\":{\"0\":48,\"1\":48,\"2\":48,\"3\":48,\"4\":49,\"5\":48,\"6\":48,\"7\":48,\"8\":48,\"9\":48,\"10\":48,\"11\":48,\"12\":48,\"13\":48,\"14\":48,\"15\":48,\"16\":48,\"17\":48,\"18\":48,\"19\":49,\"20\":48,\"21\":48,\"22\":48,\"23\":48,\"24\":48,\"25\":48,\"26\":48,\"27\":48,\"28\":48,\"29\":48,\"30\":48,\"31\":48,\"32\":48,\"33\":48,\"34\":48,\"35\":48,\"36\":48,\"37\":48,\"38\":48,\"39\":48,\"40\":70},\"values\":[0,0,0,0,1,0,0,0,0,0,0,0,0,0,0,0,0,0,0,1,0,0,0,0,0,0,0,0,0,0,0,0,0,0,0,0,0,0,0,0,22],\"part\":{},\"isValidChecksum\":true}"
[2026-08-19 02:31:38.383] [debug] [serialport] event=serialport.packet status=success boardName=board1 length=10 message="bytearray(b'\\x02034QCP7B\\x03')"
[2026-08-19 02:31:38.404] [debug] [serialport] event=serialport.packet status=success boardName=board1 length=50 message="bytearray(b'\\x02174DPC0000100000000000000100000000000000000000F5\\x03')"
[2026-08-19 02:31:38.405] [debug] [serialport] event=serialport.packet.parse status=success boardName=board1 message="{\"isValidStx\":true,\"isValidEtx\":true,\"isValidDst\":true,\"isValidSrc\":true,\"isValidLength\":true,\"fnc\":\"4\",\"act\":\"D\",\"data\":{\"0\":48,\"1\":48,\"2\":48,\"3\":48,\"4\":49,\"5\":48,\"6\":48,\"7\":48,\"8\":48,\"9\":48,\"10\":48,\"11\":48,\"12\":48,\"13\":48,\"14\":48,\"15\":48,\"16\":48,\"17\":48,\"18\":48,\"19\":49,\"20\":48,\"21\":48,\"22\":48,\"23\":48,\"24\":48,\"25\":48,\"26\":48,\"27\":48,\"28\":48,\"29\":48,\"30\":48,\"31\":48,\"32\":48,\"33\":48,\"34\":48,\"35\":48,\"36\":48,\"37\":48,\"38\":48,\"39\":48,\"40\":70},\"values\":[0,0,0,0,1,0,0,0,0,0,0,0,0,0,0,0,0,0,0,1,0,0,0,0,0,0,0,0,0,0,0,0,0,0,0,0,0,0,0,0,22],\"part\":{},\"isValidChecksum\":true}"
[2026-08-19 02:31:38.497] [debug] [serialport] event=serialport.packet status=success boardName=board1 length=10 message="bytearray(b'\\x02034QCP7B\\x03')"
[2026-08-19 02:31:38.519] [debug] [serialport] event=serialport.packet status=success boardName=board1 length=50 message="bytearray(b'\\x02174DPC0000100000000000000100000000000000000000F5\\x03')"
[2026-08-19 02:31:38.520] [debug] [serialport] event=serialport.packet.parse status=success boardName=board1 message="{\"isValidStx\":true,\"isValidEtx\":true,\"isValidDst\":true,\"isValidSrc\":true,\"isValidLength\":true,\"fnc\":\"4\",\"act\":\"D\",\"data\":{\"0\":48,\"1\":48,\"2\":48,\"3\":48,\"4\":49,\"5\":48,\"6\":48,\"7\":48,\"8\":48,\"9\":48,\"10\":48,\"11\":48,\"12\":48,\"13\":48,\"14\":48,\"15\":48,\"16\":48,\"17\":48,\"18\":48,\"19\":49,\"20\":48,\"21\":48,\"22\":48,\"23\":48,\"24\":48,\"25\":48,\"26\":48,\"27\":48,\"28\":48,\"29\":48,\"30\":48,\"31\":48,\"32\":48,\"33\":48,\"34\":48,\"35\":48,\"36\":48,\"37\":48,\"38\":48,\"39\":48,\"40\":70},\"values\":[0,0,0,0,1,0,0,0,0,0,0,0,0,0,0,0,0,0,0,1,0,0,0,0,0,0,0,0,0,0,0,0,0,0,0,0,0,0,0,0,22],\"part\":{},\"isValidChecksum\":true}"
[2026-08-19 02:31:38.601] [debug] [serialport] event=serialport.packet status=success boardName=board1 length=10 message="bytearray(b'\\x02034QCP7B\\x03')"
[2026-08-19 02:31:38.621] [debug] [serialport] event=serialport.packet status=success boardName=board1 length=50 message="bytearray(b'\\x02174DPC0000100000000000000100000000000000000000F5\\x03')"
[2026-08-19 02:31:38.622] [debug] [serialport] event=serialport.packet.parse status=success boardName=board1 message="{\"isValidStx\":true,\"isValidEtx\":true,\"isValidDst\":true,\"isValidSrc\":true,\"isValidLength\":true,\"fnc\":\"4\",\"act\":\"D\",\"data\":{\"0\":48,\"1\":48,\"2\":48,\"3\":48,\"4\":49,\"5\":48,\"6\":48,\"7\":48,\"8\":48,\"9\":48,\"10\":48,\"11\":48,\"12\":48,\"13\":48,\"14\":48,\"15\":48,\"16\":48,\"17\":48,\"18\":48,\"19\":49,\"20\":48,\"21\":48,\"22\":48,\"23\":48,\"24\":48,\"25\":48,\"26\":48,\"27\":48,\"28\":48,\"29\":48,\"30\":48,\"31\":48,\"32\":48,\"33\":48,\"34\":48,\"35\":48,\"36\":48,\"37\":48,\"38\":48,\"39\":48,\"40\":70},\"values\":[0,0,0,0,1,0,0,0,0,0,0,0,0,0,0,0,0,0,0,1,0,0,0,0,0,0,0,0,0,0,0,0,0,0,0,0,0,0,0,0,22],\"part\":{},\"isValidChecksum\":true}"
[2026-08-19 02:31:38.703] [debug] [serialport] event=serialport.packet status=success boardName=board1 length=10 message="bytearray(b'\\x02034QCP7B\\x03')"
[2026-08-19 02:31:38.730] [debug] [serialport] event=serialport.packet status=success boardName=board1 length=50 message="bytearray(b'\\x02174DPC0000100000000000000100000000000000000000F5\\x03')"
[2026-08-19 02:31:38.731] [debug] [serialport] event=serialport.packet.parse status=success boardName=board1 message="{\"isValidStx\":true,\"isValidEtx\":true,\"isValidDst\":true,\"isValidSrc\":true,\"isValidLength\":true,\"fnc\":\"4\",\"act\":\"D\",\"data\":{\"0\":48,\"1\":48,\"2\":48,\"3\":48,\"4\":49,\"5\":48,\"6\":48,\"7\":48,\"8\":48,\"9\":48,\"10\":48,\"11\":48,\"12\":48,\"13\":48,\"14\":48,\"15\":48,\"16\":48,\"17\":48,\"18\":48,\"19\":49,\"20\":48,\"21\":48,\"22\":48,\"23\":48,\"24\":48,\"25\":48,\"26\":48,\"27\":48,\"28\":48,\"29\":48,\"30\":48,\"31\":48,\"32\":48,\"33\":48,\"34\":48,\"35\":48,\"36\":48,\"37\":48,\"38\":48,\"39\":48,\"40\":70},\"values\":[0,0,0,0,1,0,0,0,0,0,0,0,0,0,0,0,0,0,0,1,0,0,0,0,0,0,0,0,0,0,0,0,0,0,0,0,0,0,0,0,22],\"part\":{},\"isValidChecksum\":true}"
[2026-08-19 02:31:38.820] [debug] [serialport] event=serialport.packet status=success boardName=board1 length=10 message="bytearray(b'\\x02034QCP7B\\x03')"
[2026-08-19 02:31:38.837] [debug] [serialport] event=serialport.packet status=success boardName=board1 length=50 message="bytearray(b'\\x02174DPC0000101000000000000100000000000000000000F6\\x03')"
[2026-08-19 02:31:38.838] [debug] [serialport] event=serialport.packet.parse status=success boardName=board1 message="{\"isValidStx\":true,\"isValidEtx\":true,\"isValidDst\":true,\"isValidSrc\":true,\"isValidLength\":true,\"fnc\":\"4\",\"act\":\"D\",\"data\":{\"0\":48,\"1\":48,\"2\":48,\"3\":48,\"4\":49,\"5\":48,\"6\":49,\"7\":48,\"8\":48,\"9\":48,\"10\":48,\"11\":48,\"12\":48,\"13\":48,\"14\":48,\"15\":48,\"16\":48,\"17\":48,\"18\":48,\"19\":49,\"20\":48,\"21\":48,\"22\":48,\"23\":48,\"24\":48,\"25\":48,\"26\":48,\"27\":48,\"28\":48,\"29\":48,\"30\":48,\"31\":48,\"32\":48,\"33\":48,\"34\":48,\"35\":48,\"36\":48,\"37\":48,\"38\":48,\"39\":48,\"40\":70},\"values\":[0,0,0,0,1,0,1,0,0,0,0,0,0,0,0,0,0,0,0,1,0,0,0,0,0,0,0,0,0,0,0,0,0,0,0,0,0,0,0,0,22],\"part\":{},\"isValidChecksum\":true}"
[2026-08-19 02:31:38.873] [debug] [serialport] event=serialport.packet status=success boardName=board1 length=14 message="bytearray(b'\\x02056DCP300035\\x03')"
[2026-08-19 02:31:38.903] [debug] [serialport] event=serialport.packet status=success boardName=board1 length=10 message="bytearray(b'\\x02036APC6D\\x03')"
[2026-08-19 02:31:38.904] [debug] [serialport] event=serialport.packet.parse status=success boardName=board1 message="{\"isValidStx\":true,\"isValidEtx\":true,\"isValidDst\":true,\"isValidSrc\":true,\"isValidLength\":true,\"fnc\":\"6\",\"act\":\"A\",\"data\":{\"0\":54},\"values\":[],\"part\":{},\"isValidChecksum\":true}"
[2026-08-19 02:31:38.906] [debug] [serialport] event=serialport.packet.response status=success boardName=board1 functionGroup=6 action=A
[2026-08-19 02:40:18.169] [info]  [serialport] event=serialport.connect status=started scope=all
[2026-08-19 02:40:18.188] [info]  [serialport] event=serialport.connect status=started scope=all
[2026-08-19 02:40:18.326] [error] [serialport] event=serialport.error status=failed reason=port_error boardName=board1 port=COM6 message="Opening COM6: Access denied"
[2026-08-19 02:40:18.327] [error] [serialport] event=serialport.error status=failed reason=port_error boardName=board1 port=COM6 message="Opening COM6: Access denied"
[2026-08-19 02:40:18.328] [error] [serialport] event=serialport.error status=failed reason=port_error boardName=board2 port=COM7 message="Opening COM7: Access denied"
[2026-08-19 02:40:18.872] [debug] [serialport] event=serialport.connect status=success boardName=board2 port=COM7
[2026-08-19 02:41:25.544] [info]  [serialport] event=serialport.connect status=started boardName=board1 port=COM6
[2026-08-19 02:41:25.608] [debug] [serialport] event=serialport.connect status=success boardName=board1 port=COM6
[2026-08-19 02:41:25.659] [debug] [serialport] event=serialport.packet status=success boardName=board1 length=24 message="bytearray(b'\\x020A1DCP0201A00101A10344\\x03')"
[2026-08-19 02:41:25.711] [debug] [serialport] event=serialport.packet status=success boardName=board1 length=24 message="bytearray(b'\\x020A1DPC0200A00101A00342\\x03')"
[2026-08-19 02:41:25.713] [debug] [serialport] event=serialport.packet.parse status=success boardName=board1 message="{\"isValidStx\":true,\"isValidEtx\":true,\"isValidDst\":true,\"isValidSrc\":true,\"isValidLength\":true,\"fnc\":\"1\",\"act\":\"D\",\"data\":{\"0\":48,\"1\":50,\"2\":48,\"3\":48,\"4\":65,\"5\":48,\"6\":48,\"7\":49,\"8\":48,\"9\":49,\"10\":65,\"11\":48,\"12\":48,\"13\":51,\"14\":52},\"values\":[\"02\",\"00\",\"A0\",\"01\",\"01\",\"A0\",\"03\"],\"part\":{},\"isValidChecksum\":true}"
[2026-08-19 09:14:52.925] [info]  [serialport] event=serialport.connect status=started scope=all
[2026-08-19 09:14:52.945] [info]  [serialport] event=serialport.connect status=started scope=all
[2026-08-19 09:14:53.022] [error] [serialport] event=serialport.error status=failed reason=port_error boardName=board1 port=COM6 message="Opening COM6: Access denied"
[2026-08-19 09:14:53.023] [error] [serialport] event=serialport.error status=failed reason=port_error boardName=board2 port=COM7 message="Opening COM7: Access denied"
[2026-08-19 09:14:53.324] [debug] [serialport] event=serialport.connect status=success boardName=board1 port=COM6
[2026-08-19 09:14:53.327] [debug] [serialport] event=serialport.connect status=success boardName=board2 port=COM7
[2026-08-19 09:14:53.334] [debug] [serialport] event=serialport.packet status=success boardName=board1 length=24 message="bytearray(b'\\x020A1DCP0201A00101A10344\\x03')"
[2026-08-19 09:14:53.551] [debug] [serialport] event=serialport.packet status=success boardName=board1 length=24 message="bytearray(b'\\x020A1DPC0200A00101A00342\\x03')"
[2026-08-19 09:14:53.552] [debug] [serialport] event=serialport.packet.parse status=success boardName=board1 message="{\"isValidStx\":true,\"isValidEtx\":true,\"isValidDst\":true,\"isValidSrc\":true,\"isValidLength\":true,\"fnc\":\"1\",\"act\":\"D\",\"data\":{\"0\":48,\"1\":50,\"2\":48,\"3\":48,\"4\":65,\"5\":48,\"6\":48,\"7\":49,\"8\":48,\"9\":49,\"10\":65,\"11\":48,\"12\":48,\"13\":51,\"14\":52},\"values\":[\"02\",\"00\",\"A0\",\"01\",\"01\",\"A0\",\"03\"],\"part\":{},\"isValidChecksum\":true}"