[2026-08-20 15:34:23.952] [info]  [HASTE DB Load] Loaded settings from SQLite database successfully. StoreName: "미인증", StoreNo: "미인증", ThemeMode: "Light", isKioskDryRun: "false"
[2026-08-20 15:34:24.491] [info]  [app] event=app.startup status=started appVersion=3.1.1r2 packaged=true
[2026-08-20 15:34:24.498] [info]  [HASTE Setup] Unactivated device detected. Launching Setup Wizard Window only (skipping main subscriptions and schedulers).
[2026-08-20 15:34:37.416] [info]  [HASTE DB Load] Loaded settings from SQLite database successfully. StoreName: "미인증", StoreNo: "미인증", ThemeMode: "Light", isKioskDryRun: "false"
[2026-08-20 15:35:17.505] [info]  [HASTE DB Save] Settings category "information" has been updated and saved to SQLite successfully.
[2026-08-20 15:35:17.515] [info]  [HASTE DB Save] Settings category "information" has been updated and saved to SQLite successfully.
[2026-08-20 15:35:17.521] [info]  [HASTE DB Save] Settings category "information" has been updated and saved to SQLite successfully.
[2026-08-20 15:35:17.526] [info]  [HASTE DB Save] Settings category "information" has been updated and saved to SQLite successfully.
[2026-08-20 15:35:17.529] [info]  [task] [HASTE Hard-Relaunch] App exit triggered from Renderer safely. Executing OS-Level Hard Relaunch...
[2026-08-20 15:35:17.532] [info]  [task] [HASTE Hard-Relaunch] Gracefully releasing all serial ports before OS-level exit...
[2026-08-20 15:35:17.533] [info]  [task] [HASTE Hard-Relaunch] [Prod Mode] Spawning next Lilly process with 2s delay to allow port release: C:\Program Files\haste_client3.1\haste_client3.1.exe with args []
[2026-08-20 15:35:17.653] [info]  [task] [HASTE Hard-Relaunch] Current process exiting via app.exit(0) safely.
[2026-08-20 15:35:33.502] [info]  [HASTE DB Load] Loaded settings from SQLite database successfully. StoreName: "헤이스트 김포운양역점", StoreNo: "3412109495", ThemeMode: "Light", isKioskDryRun: "false"
[2026-08-20 15:35:33.858] [info]  [app] event=app.startup status=started appVersion=3.1.1r2 packaged=true
[2026-08-20 15:35:33.969] [info]  [app] event=app.window status=success
[2026-08-20 15:35:33.989] [info]  [app] event=app.tray status=success
[2026-08-20 15:35:33.990] [info]  [app] event=updater.check status=ignored reason=store_managed_distribution
[2026-08-20 15:35:33.995] [info]  [app] event=app.ipc status=success
[2026-08-20 15:35:33.997] [info]  [app] event=task.start status=success
[2026-08-20 15:35:33.999] [debug] [api] [api] event=settings.change status=success port=8080 posStoreNo=3412109495 deviceModelId=D0000
[2026-08-20 15:35:34.002] [info]  [api] [HASTE] Found SSL Certificates at: C:\Program Files\haste_client3.1\resources\resources
[2026-08-20 15:35:34.012] [info]  [api] [HASTE] Started HTTP Hono Server on port 8080 (Toss Place HTTP Mode).
[2026-08-20 15:35:34.017] [info]  [api] [HASTE] Started HTTPS Hono Server on port 8443 (Toss Kiosk Mode).
[2026-08-20 15:35:34.018] [debug] [api] [api] event=api.server status=success port=8080 host=0.0.0.0
[2026-08-20 15:35:34.019] [info]  [serialport] [serialport] event=serialport.connect status=started scope=all
[2026-08-20 15:35:34.021] [debug] [coffee] [coffee] event=settings.change status=success field=thirdpartyType value=Lilly_(WMF)
[2026-08-20 15:35:34.024] [debug] [coffee] [coffee] event=coffee.socket status=started transport=ws machineName=WMF model=Lilly_(WMF) ip=192.168.10.138 port=25000
[2026-08-20 15:35:34.031] [debug] [coffee] [coffee] event=temperature.change status=success
[2026-08-20 15:35:34.032] [debug] [api] [api] event=did.callback status=ignored reason=local_did_not_open screen=temperature
[2026-08-20 15:35:34.043] [info]  [HASTE DB Save] Settings category "inventory" has been updated and saved to SQLite successfully.
[2026-08-20 15:35:34.045] [info]  [HASTE DB Save] Settings category "inventory" has been updated and saved to SQLite successfully.
[2026-08-20 15:35:34.046] [info]  [serialport] [serialport] event=serialport.connect status=started scope=all
[2026-08-20 15:35:34.048] [info]  [HASTE DB Save] Settings category "inventory" has been updated and saved to SQLite successfully.
[2026-08-20 15:35:34.050] [info]  [HASTE DB Save] Settings category "inventory" has been updated and saved to SQLite successfully.
[2026-08-20 15:35:34.051] [debug] [api] [HASTE Theme Sync] Applied local UI theme: isDark=false
[2026-08-20 15:35:34.053] [debug] [api] [api] event=did.callback status=started target=local screen=/ reason=local_api_down
[2026-08-20 15:35:34.055] [info]  [app] event=app.startup status=success message="subscriptions registered"
[2026-08-20 15:35:34.056] [debug] [task] [task] event=scheduler.change status=success routine=FOAMER_RINSING intervalSec=1800 normalizedIntervalSec=1800
[2026-08-20 15:35:34.058] [debug] [task] [task] event=scheduler.change status=success routine=WARM_RINSING intervalSec=0 normalizedIntervalSec=0
[2026-08-20 15:35:34.059] [debug] [task] [task] event=scheduler.change status=success routine=MIXER_RINSING intervalSec=0 normalizedIntervalSec=0
[2026-08-20 15:35:34.060] [debug] [task] [task] event=scheduler.change status=success routine=ERROR_CHECK intervalSec=600 normalizedIntervalSec=600
[2026-08-20 15:35:34.061] [debug] [task] [task] event=scheduler.change status=success routine=ICE_MAKER intervalSec=1800 normalizedIntervalSec=1800
[2026-08-20 15:35:34.062] [debug] [task] [task] event=scheduler.change status=success routine=TEMP_CHECK intervalSec=60 normalizedIntervalSec=60
[2026-08-20 15:35:34.063] [debug] [app] event=scheduler.change status=success routine=license.verify intervalSec=86400
[2026-08-20 15:35:34.064] [info]  [app] event=app.startup status=success message="schedulers registered"
[2026-08-20 15:35:34.065] [info]  [HASTE Guard] enableHasteAgent is false (OFF). Skipping agent bot launch.
[2026-08-20 15:35:34.066] [info]  [app] event=license.verify status=success state=approved storeId=3412109495
[2026-08-20 15:35:34.140] [error] [serialport] [serialport] event=serialport.error status=failed reason=port_error boardName=board1 port=COM3 message="Opening COM3: Access denied"
[2026-08-20 15:35:34.142] [debug] [api] [HASTE DevTools Sync] Current window DevTools opened state: false, Target state: false
[2026-08-20 15:35:34.332] [debug] [serialport] [serialport] event=serialport.connect status=success boardName=board1 port=COM3
[2026-08-20 15:35:34.496] [debug] [serialport] [serialport] event=serialport.packet status=success boardName=board1 length=24 message="bytearray(b'\\x020A1DCP0201A00101A10344\\x03')"
[2026-08-20 15:35:39.036] [error] [coffee] [coffee] event=coffee.socket status=failed reason=open_timeout transport=ws machineName=WMF model=Lilly_(WMF) ip=192.168.10.138 port=25000
[2026-08-20 15:35:39.038] [error] [coffee] [coffee] event=coffee.socket status=failed reason=connect_failed transport=ws machineName=WMF model=Lilly_(WMF) ip=192.168.10.138 port=25000
[2026-08-20 15:35:44.919] [error] [task] [HASTE Simulate] Recipe validation failed: Cannot find module '../../shared/wmf_coffee_standard'
Require stack:
- C:\Program Files\haste_client3.1\resources\app.asar\out\main\index.js
- 
[2026-08-20 15:35:46.461] [info]  [HASTE Restore] Triggering partial overwrite for HARDWARE CONFIG settings only...
[2026-08-20 15:35:46.464] [debug] [coffee] [coffee] event=settings.change status=success machineName=WMF_1 ip=192.168.10.99 port=25000
[2026-08-20 15:35:46.466] [debug] [coffee] [coffee] event=coffee.socket status=started transport=ws machineName=WMF_1 model=Lilly_(WMF) ip=192.168.10.99 port=25000
[2026-08-20 15:35:46.473] [debug] [task] [task] event=scheduler.change status=success routine=FOAMER_RINSING intervalSec=6000 normalizedIntervalSec=6000
[2026-08-20 15:35:46.475] [debug] [task] [task] event=scheduler.change status=success routine=ERROR_CHECK intervalSec=1800 normalizedIntervalSec=1800
[2026-08-20 15:35:46.477] [debug] [task] [task] event=scheduler.change status=success routine=TEMP_CHECK intervalSec=600 normalizedIntervalSec=600
[2026-08-20 15:35:46.482] [info]  [HASTE DB Save] Settings category "inventory" has been updated and saved to SQLite successfully.
[2026-08-20 15:35:46.484] [info]  [HASTE DB Save] Settings category "coffee" has been updated and saved to SQLite successfully.
[2026-08-20 15:35:46.486] [info]  [HASTE DB Save] Settings category "cup" has been updated and saved to SQLite successfully.
[2026-08-20 15:35:46.487] [info]  [HASTE DB Save] Settings category "parts" has been updated and saved to SQLite successfully.
[2026-08-20 15:35:46.488] [info]  [serialport] [serialport] event=settings.change status=success scope=all
[2026-08-20 15:35:46.490] [info]  [serialport] [serialport] event=serialport.connect status=started scope=all
[2026-08-20 15:35:46.494] [info]  [serialport] [serialport] event=serialport.connect status=started scope=all
[2026-08-20 15:35:46.499] [info]  [HASTE DB Save] Settings category "serialport" has been updated and saved to SQLite successfully.
[2026-08-20 15:35:46.503] [info]  [HASTE DB Save] Settings category "inventory" has been updated and saved to SQLite successfully.
[2026-08-20 15:35:46.506] [info]  [HASTE DB Save] Settings category "sirubs" has been updated and saved to SQLite successfully.
[2026-08-20 15:35:46.508] [info]  [HASTE DB Save] Settings category "inventory" has been updated and saved to SQLite successfully.
[2026-08-20 15:35:46.510] [info]  [HASTE DB Save] Settings category "water" has been updated and saved to SQLite successfully.
[2026-08-20 15:35:46.512] [info]  [HASTE DB Save] Settings category "unexpected" has been updated and saved to SQLite successfully.
[2026-08-20 15:35:46.514] [info]  [HASTE DB Save] Settings category "information" has been updated and saved to SQLite successfully.
[2026-08-20 15:35:46.517] [info]  [HASTE DB Save] Settings category "inventory" has been updated and saved to SQLite successfully.
[2026-08-20 15:35:46.522] [info]  [HASTE DB Save] Settings category "coffee" has been updated and saved to SQLite successfully.
[2026-08-20 15:35:46.523] [info]  [HASTE Restore Success] Forcing physical serial port reconnection...
[2026-08-20 15:35:46.524] [info]  [serialport] [serialport] event=serialport.connect status=started scope=all
[2026-08-20 15:35:46.526] [info]  [HASTE DB Restore] Settings backup restored and applied successfully. Path: "unknown_stream", AppliedCategories: [all_settings]
[2026-08-20 15:35:46.528] [info]  [HASTE DB Sync] Reloading memory settingsStore from SQLite database...
[2026-08-20 15:35:46.536] [info]  [HASTE DB Load] Loaded settings from SQLite database successfully. StoreName: "헤이스트 김포운양역점", StoreNo: "3412109495", ThemeMode: "Light", isKioskDryRun: "false"
[2026-08-20 15:35:46.537] [debug] [coffee] [coffee] event=settings.change status=success machineName=WMF ip=192.168.10.99 port=25000
[2026-08-20 15:35:46.538] [debug] [coffee] [coffee] event=coffee.socket status=started transport=ws machineName=WMF model=Lilly_(WMF) ip=192.168.10.99 port=25000
[2026-08-20 15:35:46.544] [info]  [HASTE DB Save] Settings category "inventory" has been updated and saved to SQLite successfully.
[2026-08-20 15:35:46.610] [info]  [task] [HASTE Autoload Commit] License auto-activated for: 3412109495
[2026-08-20 15:35:46.616] [info]   [HASTE Guard] Backup JSON successfully saved under SQLite DB folder: C:\Users\CoffeeVanada\AppData\Roaming\haste_client3.1\haste_injected_config_raw.json
[2026-08-20 15:35:46.637] [debug] [serialport] [serialport] event=serialport.close status=success boardName=board1 port=COM3
[2026-08-20 15:35:46.639] [error] [serialport] [serialport] event=serialport.error status=failed reason=port_error boardName=board1 port=COM6 message="Opening COM6: Access denied"
[2026-08-20 15:35:46.640] [error] [serialport] [serialport] event=serialport.error status=failed reason=port_error boardName=board2 port=COM7 message="Opening COM7: Access denied"
[2026-08-20 15:35:46.651] [error] [serialport] [serialport] event=serialport.error status=failed reason=port_error boardName=board1 port=COM6 message="Opening COM6: Access denied"
[2026-08-20 15:35:46.653] [error] [serialport] [serialport] event=serialport.error status=failed reason=port_error boardName=board2 port=COM7 message="Opening COM7: Access denied"
[2026-08-20 15:35:46.656] [debug] [coffee] [coffee] event=coffee.socket status=success transport=ws machineName=WMF_1 action=connected
[2026-08-20 15:35:46.658] [error] [coffee] [coffee] event=hardware.command status=failed reason=not_connected machineName=WMF command=getApiVersion
[2026-08-20 15:35:46.659] [error] [coffee] [coffee] event=hardware.command status=failed reason=not_connected machineName=WMF command=getDiagnosticData
[2026-08-20 15:35:46.660] [error] [coffee] [coffee] event=hardware.command status=failed reason=not_connected machineName=WMF command=getMachineInfo
[2026-08-20 15:35:46.665] [debug] [coffee] [coffee] event=coffee.socket status=success transport=ws machineName=WMF action=connected
[2026-08-20 15:35:46.691] [debug] [coffee] [coffee] event=hardware.response status=success machineName=Lilly_(WMF) command=getApiVersion returnvalue=40501
[2026-08-20 15:35:46.765] [debug] [serialport] [serialport] event=serialport.connect status=success boardName=board1 port=COM6
[2026-08-20 15:35:46.766] [debug] [api] [api] event=did.callback status=started target=local screen=main
[2026-08-20 15:35:46.767] [debug] [serialport] [serialport] event=serialport.connect status=success boardName=board2 port=COM7
[2026-08-20 15:35:46.838] [debug] [serialport] [serialport] event=serialport.packet status=success boardName=board1 length=24 message="bytearray(b'\\x020A1DCP0201A00101A10344\\x03')"
[2026-08-20 15:35:46.870] [debug] [serialport] [serialport] event=serialport.packet status=success boardName=board1 length=24 message="bytearray(b'\\x020A1DPC0200A00101A00342\\x03')"
[2026-08-20 15:35:46.871] [debug] [serialport] [serialport] event=serialport.packet.parse status=success boardName=board1 message="{\"isValidStx\":true,\"isValidEtx\":true,\"isValidDst\":true,\"isValidSrc\":true,\"isValidLength\":true,\"fnc\":\"1\",\"act\":\"D\",\"data\":{\"0\":48,\"1\":50,\"2\":48,\"3\":48,\"4\":65,\"5\":48,\"6\":48,\"7\":49,\"8\":48,\"9\":49,\"10\":65,\"11\":48,\"12\":48,\"13\":51,\"14\":52},\"values\":[\"02\",\"00\",\"A0\",\"01\",\"01\",\"A0\",\"03\"],\"part\":{},\"isValidChecksum\":true}"
[2026-08-20 15:35:47.185] [debug] [coffee] [coffee] event=hardware.response status=success machineName=Lilly_(WMF) command=getDiagnosticData returnvalue=0
[2026-08-20 15:35:47.187] [debug] [coffee] [coffee] event=temperature.change status=success value=96
[2026-08-20 15:35:47.189] [debug] [api] [api] event=did.callback status=ignored reason=local_did_not_open screen=temperature
[2026-08-20 15:35:47.465] [info]  [task] [HASTE Auto-Backup] Settings auto-backup slot rotation completed successfully.
[2026-08-20 15:35:47.492] [info]  [HASTE DB Save] Settings category "information" has been updated and saved to SQLite successfully.
[2026-08-20 15:35:47.499] [info]  [HASTE DB Save] Settings category "information" has been updated and saved to SQLite successfully.
[2026-08-20 15:35:47.501] [info]  [HASTE DB Save] Settings category "information" has been updated and saved to SQLite successfully.