[2026-10-10 04:23:29.948] [info]  [TOSS RAW ORDER] orderId=763844115661425848, items=[{"name":"아메리카노","productNo":"17413461","options":[{"optionCode":"1826174","optionName":"ICE","price":500,"quantity":1}]},{"name":"초코라떼","productNo":"17413496","options":[{"optionCode":"1826174","optionName":"ICE","price":500,"quantity":1}]}]
[2026-10-10 04:23:29.955] [info]  [TOSS ITEM RESOLVED] orderId=763844115661425848, item="아메리카노" (17413461) | rawOptions=[{"optionCode":"1826174","optionName":"ICE","price":500,"quantity":1}] ➔ resolved="ICE 아메리카노 (시그니처)" (GSI1002) steps={"step1":["CUP","ICE"],"step2":["COFFEE","60"],"step3":["ICE","5000"],"step4":["COLD","120"]}
[2026-10-10 04:23:29.963] [info]  [TOSS ITEM RESOLVED] orderId=763844115661425848, item="초코라떼" (17413496) | rawOptions=[{"optionCode":"1826174","optionName":"ICE","price":500,"quantity":1}] ➔ resolved="ICE 초코라떼" (GMI3006) steps={"step1":["CUP","ICE"],"step2":["ICE","5000"],"step3":["COLD_MILK","160"],"step4":["초코","60"]}
[2026-10-10 04:24:56.411] [info]  [toss] event=order.completed status=success source=toss virtual=off mode=order orderId=763844115661425848 bill=763844115661425848 menuCount=2
[2026-10-10 06:33:41.531] [info]  [TOSS RAW ORDER] orderId=763876875583204104, items=[{"name":"아메리카노","productNo":"17413461","options":[{"optionCode":"1825938","optionName":"HOT","price":0,"quantity":1},{"optionCode":"1826006","optionName":"연하게","price":0,"quantity":1}]},{"name":"아메리카노","productNo":"17413461","options":[{"optionCode":"1825938","optionName":"HOT","price":0,"quantity":1},{"optionCode":"1826007","optionName":"샷추가","price":500,"quantity":1}]}]
[2026-10-10 06:33:41.536] [info]  [TOSS ITEM RESOLVED] orderId=763876875583204104, item="아메리카노" (17413461) | rawOptions=[{"optionCode":"1825938","optionName":"HOT","price":0,"quantity":1},{"optionCode":"1826006","optionName":"연하게","price":0,"quantity":1}] ➔ resolved="HOT 아메리카노 (시그니처) (연하게)" (GSH1001) steps={"step1":["CUP","HOT"],"step2":["COFFEE","30"],"step3":["HOT","310"]}
[2026-10-10 06:33:41.546] [info]  [TOSS ITEM RESOLVED] orderId=763876875583204104, item="아메리카노" (17413461) | rawOptions=[{"optionCode":"1825938","optionName":"HOT","price":0,"quantity":1},{"optionCode":"1826007","optionName":"샷추가","price":500,"quantity":1}] ➔ resolved="HOT 아메리카노 (시그니처) (샷추가)" (GSH1005) steps={"step1":["CUP","HOT"],"step2":["COFFEE","90"],"step3":["HOT","250"]}
[2026-10-10 06:35:22.966] [info]  [toss] event=order.completed status=success source=toss virtual=off mode=order orderId=763876875583204104 bill=763876875583204104 menuCount=2
[2026-10-10 08:29:37.406] [info]  [TOSS RAW ORDER] orderId=763906047575690862, items=[{"name":"아메리카노","productNo":"17413461","options":[{"optionCode":"1825938","optionName":"HOT","price":0,"quantity":1}]}]
[2026-10-10 08:29:37.411] [info]  [TOSS ITEM RESOLVED] orderId=763906047575690862, item="아메리카노" (17413461) | rawOptions=[{"optionCode":"1825938","optionName":"HOT","price":0,"quantity":1}] ➔ resolved="HOT 아메리카노 (시그니처)" (GSH1002) steps={"step1":["CUP","HOT"],"step2":["COFFEE","60"],"step3":["HOT","280"]}
[2026-10-10 08:30:27.179] [info]  [toss] event=order.completed status=success source=toss virtual=off mode=order orderId=763906047575690862 bill=763906047575690862 menuCount=1
[2026-10-10 08:31:07.325] [info]  [TOSS RAW ORDER] orderId=763906418834513094, items=[{"name":"바닐라카라멜라떼","productNo":"17413514","options":[{"optionCode":"1825938","optionName":"HOT","price":0,"quantity":1}]}]
[2026-10-10 08:31:07.330] [info]  [TOSS ITEM RESOLVED] orderId=763906418834513094, item="바닐라카라멜라떼" (17413514) | rawOptions=[{"optionCode":"1825938","optionName":"HOT","price":0,"quantity":1}] ➔ resolved="HOT 바닐라카라멜라떼" (GMH3026) steps={"step1":["CUP","HOT"],"step2":["HOT_MILK","220"],"step3":["바닐라","15"],"step4":["카라멜","50"]}
[2026-10-10 08:31:51.751] [info]  [toss] event=order.completed status=success source=toss virtual=off mode=order orderId=763906418834513094 bill=763906418834513094 menuCount=1
[2026-10-10 08:32:16.359] [info]  [TOSS RAW ORDER] orderId=763906718853069002, items=[{"name":"에스프레소 도피오","productNo":"17413459","options":[]}]
[2026-10-10 08:32:16.364] [info]  [TOSS ITEM RESOLVED] orderId=763906718853069002, item="에스프레소 도피오" (17413459) | rawOptions=[] ➔ resolved="HOT 에스프레소 도피오 (시그니처)" (GSH1000) steps={"step1":["CUP","HOT"],"step2":["COFFEE","60"]}
[2026-10-10 08:33:12.237] [info]  [toss] event=order.completed status=success source=toss virtual=off mode=order orderId=763906718853069002 bill=763906718853069002 menuCount=1
[2026-10-10 09:37:10.365] [info]  [TOSS RAW ORDER] orderId=763923035068925657, items=[{"name":"아메리카노","productNo":"17413461","options":[{"optionCode":"1825938","optionName":"HOT","price":0,"quantity":1},{"optionCode":"1826006","optionName":"연하게","price":0,"quantity":1}]}]
[2026-10-10 09:37:10.374] [info]  [TOSS ITEM RESOLVED] orderId=763923035068925657, item="아메리카노" (17413461) | rawOptions=[{"optionCode":"1825938","optionName":"HOT","price":0,"quantity":1},{"optionCode":"1826006","optionName":"연하게","price":0,"quantity":1}] ➔ resolved="HOT 아메리카노 (시그니처) (연하게)" (GSH1001) steps={"step1":["CUP","HOT"],"step2":["COFFEE","30"],"step3":["HOT","310"]}
[2026-10-10 09:38:05.225] [info]  [toss] event=order.completed status=success source=toss virtual=off mode=order orderId=763923035068925657 bill=763923035068925657 menuCount=1
[2026-10-10 10:37:25.342] [info]  [TOSS RAW ORDER] orderId=763938200250318119, items=[{"name":"아메리카노","productNo":"17413461","options":[{"optionCode":"1826174","optionName":"ICE","price":500,"quantity":1}]}]
[2026-10-10 10:37:25.348] [info]  [TOSS ITEM RESOLVED] orderId=763938200250318119, item="아메리카노" (17413461) | rawOptions=[{"optionCode":"1826174","optionName":"ICE","price":500,"quantity":1}] ➔ resolved="ICE 아메리카노 (시그니처)" (GSI1002) steps={"step1":["CUP","ICE"],"step2":["COFFEE","60"],"step3":["ICE","5000"],"step4":["COLD","120"]}
[2026-10-10 10:40:12.821] [info]  [toss] event=order.completed status=success source=toss virtual=off mode=order orderId=763938200250318119 bill=763938200250318119 menuCount=3
[2026-10-10 10:41:16.358] [info]  [TOSS RAW ORDER] orderId=763939175644111808, items=[{"name":"아샷추","productNo":"17413463","options":[]},{"name":"아메리카노","productNo":"17413461","options":[{"optionCode":"1826174","optionName":"ICE","price":500,"quantity":1}]}]
[2026-10-10 10:41:16.365] [info]  [TOSS ITEM RESOLVED] orderId=763939175644111808, item="아샷추" (17413463) | rawOptions=[] ➔ resolved="ICE 아샷추 (시그니처)" (GSI1003) steps={"step1":["CUP","ICE"],"step2":["COFFEE","30"],"step3":["ICE","5000"],"step4":["COLD","105"],"step5":["복숭아","45"]}
[2026-10-10 10:41:16.373] [info]  [TOSS ITEM RESOLVED] orderId=763939175644111808, item="아메리카노" (17413461) | rawOptions=[{"optionCode":"1826174","optionName":"ICE","price":500,"quantity":1}] ➔ resolved="ICE 아메리카노 (시그니처)" (GSI1002) steps={"step1":["CUP","ICE"],"step2":["COFFEE","60"],"step3":["ICE","5000"],"step4":["COLD","120"]}
[2026-10-10 10:42:58.871] [info]  [toss] event=order.completed status=success source=toss virtual=off mode=order orderId=763939175644111808 bill=763939175644111808 menuCount=2
[2026-10-10 11:21:44.490] [info]  [TOSS RAW ORDER] orderId=763949355509605874, items=[{"name":"카페라떼(디카페인)","productNo":"17413468","options":[{"optionCode":"1826174","optionName":"ICE","price":500,"quantity":1}]}]
[2026-10-10 11:21:44.496] [info]  [TOSS ITEM RESOLVED] orderId=763949355509605874, item="카페라떼(디카페인)" (17413468) | rawOptions=[{"optionCode":"1826174","optionName":"ICE","price":500,"quantity":1}] ➔ resolved="ICE 카페라떼 (디카페인)" (GNI2001) steps={"step1":["CUP","ICE"],"step2":["COFFEE","61"],"step3":["ICE","5000"],"step4":["COLD_MILK","140"]}
[2026-10-10 11:23:02.449] [info]  [toss] event=order.completed status=success source=toss virtual=off mode=order orderId=763949355509605874 bill=763949355509605874 menuCount=1
[2026-10-10 12:09:55.338] [info]  [TOSS RAW ORDER] orderId=763961474565142203, items=[{"name":"카페라떼","productNo":"17413467","options":[{"optionCode":"1826174","optionName":"ICE","price":500,"quantity":1}]},{"name":"아샷추","productNo":"17413463","options":[]},{"name":"아메리카노","productNo":"17413461","options":[{"optionCode":"1826174","optionName":"ICE","price":500,"quantity":1},{"optionCode":"1826006","optionName":"연하게","price":0,"quantity":1}]}]
[2026-10-10 12:09:55.343] [info]  [TOSS ITEM RESOLVED] orderId=763961474565142203, item="카페라떼" (17413467) | rawOptions=[{"optionCode":"1826174","optionName":"ICE","price":500,"quantity":1}] ➔ resolved="ICE 카페라떼 (시그니처)" (GSI2001) steps={"step1":["CUP","ICE"],"step2":["COFFEE","60"],"step3":["ICE","5000"],"step4":["COLD_MILK","140"]}
[2026-10-10 12:09:55.349] [info]  [TOSS ITEM RESOLVED] orderId=763961474565142203, item="아샷추" (17413463) | rawOptions=[] ➔ resolved="ICE 아샷추 (시그니처)" (GSI1003) steps={"step1":["CUP","ICE"],"step2":["COFFEE","30"],"step3":["ICE","5000"],"step4":["COLD","105"],"step5":["복숭아","45"]}
[2026-10-10 12:09:55.355] [info]  [TOSS ITEM RESOLVED] orderId=763961474565142203, item="아메리카노" (17413461) | rawOptions=[{"optionCode":"1826174","optionName":"ICE","price":500,"quantity":1},{"optionCode":"1826006","optionName":"연하게","price":0,"quantity":1}] ➔ resolved="ICE 아메리카노 (시그니처) (연하게)" (GSI1001) steps={"step1":["CUP","ICE"],"step2":["COFFEE","30"],"step3":["ICE","5000"],"step4":["COLD","150"]}
[2026-10-10 12:12:33.986] [info]  [toss] event=order.completed status=success source=toss virtual=off mode=order orderId=763961474565142203 bill=763961474565142203 menuCount=3
[2026-10-10 12:18:18.488] [info]  [TOSS RAW ORDER] orderId=763963598099026099, items=[{"name":"아샷추","productNo":"17413463","options":[]}]
[2026-10-10 12:18:18.493] [info]  [TOSS ITEM RESOLVED] orderId=763963598099026099, item="아샷추" (17413463) | rawOptions=[] ➔ resolved="ICE 아샷추 (시그니처)" (GSI1003) steps={"step1":["CUP","ICE"],"step2":["COFFEE","30"],"step3":["ICE","5000"],"step4":["COLD","105"],"step5":["복숭아","45"]}
[2026-10-10 12:20:54.376] [info]  [TOSS RAW ORDER] orderId=763964260551884746, items=[{"name":"아샷추","productNo":"17413463","options":[]}]
[2026-10-10 12:20:54.383] [info]  [TOSS ITEM RESOLVED] orderId=763964260551884746, item="아샷추" (17413463) | rawOptions=[] ➔ resolved="ICE 아샷추 (시그니처)" (GSI1003) steps={"step1":["CUP","ICE"],"step2":["COFFEE","30"],"step3":["ICE","5000"],"step4":["COLD","105"],"step5":["복숭아","45"]}
[2026-10-10 12:22:11.316] [info]  [TOSS RAW ORDER] orderId=763964582883854270, items=[{"name":"아샷추","productNo":"17413463","options":[]}]
[2026-10-10 12:22:11.321] [info]  [TOSS ITEM RESOLVED] orderId=763964582883854270, item="아샷추" (17413463) | rawOptions=[] ➔ resolved="ICE 아샷추 (시그니처)" (GSI1003) steps={"step1":["CUP","ICE"],"step2":["COFFEE","30"],"step3":["ICE","5000"],"step4":["COLD","105"],"step5":["복숭아","45"]}
[2026-10-10 12:22:34.340] [info]  [TOSS RAW ORDER] orderId=763964681672303512, items=[{"name":"아샷추","productNo":"17413463","options":[]}]
[2026-10-10 12:22:34.347] [info]  [TOSS ITEM RESOLVED] orderId=763964681672303512, item="아샷추" (17413463) | rawOptions=[] ➔ resolved="ICE 아샷추 (시그니처)" (GSI1003) steps={"step1":["CUP","ICE"],"step2":["COFFEE","30"],"step3":["ICE","5000"],"step4":["COLD","105"],"step5":["복숭아","45"]}
[2026-10-10 12:22:54.363] [info]  [TOSS RAW ORDER] orderId=763964766292668699, items=[{"name":"아샷추","productNo":"17413463","options":[]}]
[2026-10-10 12:22:54.370] [info]  [TOSS ITEM RESOLVED] orderId=763964766292668699, item="아샷추" (17413463) | rawOptions=[] ➔ resolved="ICE 아샷추 (시그니처)" (GSI1003) steps={"step1":["CUP","ICE"],"step2":["COFFEE","30"],"step3":["ICE","5000"],"step4":["COLD","105"],"step5":["복숭아","45"]}
[2026-10-10 12:24:30.313] [info]  [TOSS RAW ORDER] orderId=763965160531792106, items=[{"name":"아샷추","productNo":"17413463","options":[]}]
[2026-10-10 12:24:30.322] [info]  [TOSS ITEM RESOLVED] orderId=763965160531792106, item="아샷추" (17413463) | rawOptions=[] ➔ resolved="ICE 아샷추 (시그니처)" (GSI1003) steps={"step1":["CUP","ICE"],"step2":["COFFEE","30"],"step3":["ICE","5000"],"step4":["COLD","105"],"step5":["복숭아","45"]}
[2026-10-10 12:27:28.895] [info]  [TOSS RAW ORDER] orderId=763965896674369996, items=[{"name":"아메리카노","productNo":"17413461","options":[{"optionCode":"1826174","optionName":"ICE","price":500,"quantity":1}]}]
[2026-10-10 12:27:28.900] [info]  [TOSS ITEM RESOLVED] orderId=763965896674369996, item="아메리카노" (17413461) | rawOptions=[{"optionCode":"1826174","optionName":"ICE","price":500,"quantity":1}] ➔ resolved="ICE 아메리카노 (시그니처)" (GSI1002) steps={"step1":["CUP","ICE"],"step2":["COFFEE","60"],"step3":["ICE","5000"],"step4":["COLD","120"]}
[2026-10-10 12:30:25.910] [info]  [TOSS RAW ORDER] orderId=763966651472641573, items=[{"name":"아메리카노","productNo":"17413461","options":[{"optionCode":"1826174","optionName":"ICE","price":500,"quantity":1}]}]
[2026-10-10 12:30:25.919] [info]  [TOSS ITEM RESOLVED] orderId=763966651472641573, item="아메리카노" (17413461) | rawOptions=[{"optionCode":"1826174","optionName":"ICE","price":500,"quantity":1}] ➔ resolved="ICE 아메리카노 (시그니처)" (GSI1002) steps={"step1":["CUP","ICE"],"step2":["COFFEE","60"],"step3":["ICE","5000"],"step4":["COLD","120"]}
[2026-10-10 12:31:46.370] [info]  [TOSS RAW ORDER] orderId=763966987172445795, items=[{"name":"아메리카노","productNo":"17413461","options":[{"optionCode":"1826174","optionName":"ICE","price":500,"quantity":1}]}]
[2026-10-10 12:31:46.385] [info]  [TOSS ITEM RESOLVED] orderId=763966987172445795, item="아메리카노" (17413461) | rawOptions=[{"optionCode":"1826174","optionName":"ICE","price":500,"quantity":1}] ➔ resolved="ICE 아메리카노 (시그니처)" (GSI1002) steps={"step1":["CUP","ICE"],"step2":["COFFEE","60"],"step3":["ICE","5000"],"step4":["COLD","120"]}
[2026-10-10 12:33:10.786] [info]  [toss] event=order.completed status=success source=toss virtual=off mode=order orderId=763966987172445795 bill=763966987172445795 menuCount=1
[2026-10-10 13:52:50.739] [info]  [TOSS RAW ORDER] orderId=763987382382198235, items=[{"name":"딸기밀크티","productNo":"17413544","options":[{"optionCode":"1826174","optionName":"ICE","price":500,"quantity":1}]}]
[2026-10-10 13:52:50.749] [info]  [TOSS ITEM RESOLVED] orderId=763987382382198235, item="딸기밀크티" (17413544) | rawOptions=[{"optionCode":"1826174","optionName":"ICE","price":500,"quantity":1}] ➔ resolved="ICE 딸기밀크티" (GTI5005) steps={"step1":["CUP","ICE"],"step2":["ICE","5000"],"step3":["COLD_MILK","160"],"step4":["딸기","15"],"step5":["얼그레이","40"]}
[2026-10-10 13:53:23.261] [info]  [toss] event=order.completed status=success source=toss virtual=off mode=order orderId=763987382382198235 bill=763987382382198235 menuCount=1
[2026-10-10 14:04:17.694] [info]  [TOSS RAW ORDER] orderId=763990263114360757, items=[{"name":"카페라떼","productNo":"17413467","options":[{"optionCode":"1826174","optionName":"ICE","price":500,"quantity":1}]}]
[2026-10-10 14:04:17.703] [info]  [TOSS ITEM RESOLVED] orderId=763990263114360757, item="카페라떼" (17413467) | rawOptions=[{"optionCode":"1826174","optionName":"ICE","price":500,"quantity":1}] ➔ resolved="ICE 카페라떼 (시그니처)" (GSI2001) steps={"step1":["CUP","ICE"],"step2":["COFFEE","60"],"step3":["ICE","5000"],"step4":["COLD_MILK","140"]}
[2026-10-10 14:05:28.850] [info]  [toss] event=order.completed status=success source=toss virtual=off mode=order orderId=763990263114360757 bill=763990263114360757 menuCount=1
[2026-10-10 14:21:41.685] [info]  [TOSS RAW ORDER] orderId=763994622774601966, items=[{"name":"아메리카노","productNo":"17413461","options":[{"optionCode":"1826174","optionName":"ICE","price":500,"quantity":1}]}]
[2026-10-10 14:21:41.691] [info]  [TOSS ITEM RESOLVED] orderId=763994622774601966, item="아메리카노" (17413461) | rawOptions=[{"optionCode":"1826174","optionName":"ICE","price":500,"quantity":1}] ➔ resolved="ICE 아메리카노 (시그니처)" (GSI1002) steps={"step1":["CUP","ICE"],"step2":["COFFEE","60"],"step3":["ICE","5000"],"step4":["COLD","120"]}
[2026-10-10 14:23:41.403] [info]  [toss] event=order.completed status=success source=toss virtual=off mode=order orderId=763994622774601966 bill=763994622774601966 menuCount=2
[2026-10-10 18:08:46.596] [info]  [TOSS RAW ORDER] orderId=764051650834168374, items=[{"name":"아메리카노","productNo":"17413461","options":[{"optionCode":"1826174","optionName":"ICE","price":500,"quantity":1}]}]
[2026-10-10 18:08:46.606] [info]  [TOSS ITEM RESOLVED] orderId=764051650834168374, item="아메리카노" (17413461) | rawOptions=[{"optionCode":"1826174","optionName":"ICE","price":500,"quantity":1}] ➔ resolved="ICE 아메리카노 (시그니처)" (GSI1002) steps={"step1":["CUP","ICE"],"step2":["COFFEE","60"],"step3":["ICE","5000"],"step4":["COLD","120"]}
[2026-10-10 18:11:32.465] [info]  [toss] event=order.completed status=success source=toss virtual=off mode=order orderId=764051650834168374 bill=764051650834168374 menuCount=3
[2026-10-10 19:33:40.646] [info]  [TOSS RAW ORDER] orderId=764073153760198022, items=[{"name":"바닐라라떼","productNo":"17413469","options":[{"optionCode":"1826174","optionName":"ICE","price":500,"quantity":1}]}]
[2026-10-10 19:33:40.653] [info]  [TOSS ITEM RESOLVED] orderId=764073153760198022, item="바닐라라떼" (17413469) | rawOptions=[{"optionCode":"1826174","optionName":"ICE","price":500,"quantity":1}] ➔ resolved="ICE 바닐라라떼 (시그니처)" (GSI2003) steps={"step1":["CUP","ICE"],"step2":["COFFEE","60"],"step3":["ICE","5000"],"step4":["COLD_MILK","120"],"step5":["바닐라","35"]}
[2026-10-10 19:34:44.655] [info]  [toss] event=order.completed status=success source=toss virtual=off mode=order orderId=764073153760198022 bill=764073153760198022 menuCount=1
[2026-10-10 19:35:52.567] [info]  [TOSS RAW ORDER] orderId=764073716341906191, items=[{"name":"아샷추","productNo":"17413463","options":[]}]
[2026-10-10 19:35:52.574] [info]  [TOSS ITEM RESOLVED] orderId=764073716341906191, item="아샷추" (17413463) | rawOptions=[] ➔ resolved="ICE 아샷추 (시그니처)" (GSI1003) steps={"step1":["CUP","ICE"],"step2":["COFFEE","30"],"step3":["ICE","5000"],"step4":["COLD","105"],"step5":["복숭아","45"]}
[2026-10-10 19:36:26.367] [info]  [toss] event=order.completed status=success source=toss virtual=off mode=order orderId=764073716341906191 bill=764073716341906191 menuCount=1
[2026-10-10 19:46:22.546] [info]  [TOSS RAW ORDER] orderId=764076336855248519, items=[{"name":"아메리카노","productNo":"17413461","options":[{"optionCode":"1825938","optionName":"HOT","price":0,"quantity":1}]},{"name":"딸기라떼","productNo":"17413521","options":[{"optionCode":"1825938","optionName":"HOT","price":0,"quantity":1}]}]
[2026-10-10 19:46:22.552] [info]  [TOSS ITEM RESOLVED] orderId=764076336855248519, item="아메리카노" (17413461) | rawOptions=[{"optionCode":"1825938","optionName":"HOT","price":0,"quantity":1}] ➔ resolved="HOT 아메리카노 (시그니처)" (GSH1002) steps={"step1":["CUP","HOT"],"step2":["COFFEE","60"],"step3":["HOT","280"]}
[2026-10-10 19:46:22.560] [info]  [TOSS ITEM RESOLVED] orderId=764076336855248519, item="딸기라떼" (17413521) | rawOptions=[{"optionCode":"1825938","optionName":"HOT","price":0,"quantity":1}] ➔ resolved="딸기라떼" (MMI3009) steps={"step1":["CUP","ICE"],"step2":["ICE","5000"],"step3":["COLD_MILK","160"],"step4":["딸기","50"]}
[2026-10-10 19:46:22.564] [error] [🚨 TOSS RECIPE MISMATCH] orderId=764076336855248519, item="딸기라떼", reasons=고객 HOT 선택 ➔ 레시피 ICE/얼음포함 (딸기라떼) | resolved="딸기라떼" (MMI3009)
[2026-10-10 19:48:26.655] [info]  [toss] event=order.completed status=success source=toss virtual=off mode=order orderId=764076336855248519 bill=764076336855248519 menuCount=2
[2026-10-10 21:25:51.543] [info]  [TOSS RAW ORDER] orderId=764101390032531965, items=[{"name":"카페모카(디카페인)","productNo":"17413476","options":[{"optionCode":"1825938","optionName":"HOT","price":0,"quantity":1}]}]
[2026-10-10 21:25:51.551] [info]  [TOSS ITEM RESOLVED] orderId=764101390032531965, item="카페모카(디카페인)" (17413476) | rawOptions=[{"optionCode":"1825938","optionName":"HOT","price":0,"quantity":1}] ➔ resolved="HOT 카페모카 (디카페인)" (GNH2006) steps={"step1":["CUP","HOT"],"step2":["COFFEE","61"],"step3":["HOT_MILK","200"],"step4":["초코","50"]}
[2026-10-10 21:27:14.190] [info]  [toss] event=order.completed status=success source=toss virtual=off mode=order orderId=764101390032531965 bill=764101390032531965 menuCount=1