[2026-09-01 16:00:13.865] [info]  [manual] event=order.received status=success source=manual virtual=on mode=test orderId=INSTANT-1788246013488 bill=0000 menuCount=1 mappings=[{"baseCode":"GSH1002","recipeCode":"GSH1002","matchedMenuName":"HOT_아메리카노(시그니처)","stepsSummary":"CUP:HOT,_COFFEE:60,_HOT:280,_NONE:NONE,_NONE:NONE,_NONE:NONE,_NONE:NONE,_NONE:NONE,_NONE:NONE,_NONE:NONE"}] isTestBrew=true
[2026-09-01 16:00:20.290] [info]  [manual] event=order.completed status=success source=manual virtual=on mode=test orderId=INSTANT-1788246013488 bill=0000 menuCount=1
[2026-09-01 16:00:42.991] [info]  [manual] event=order.received status=success source=manual virtual=off mode=test orderId=INSTANT-1788246042979 bill=0000 menuCount=1 mappings=[{"baseCode":"GSH1002","recipeCode":"GSH1002","matchedMenuName":"HOT_아메리카노(시그니처)","stepsSummary":"CUP:HOT,_COFFEE:60,_HOT:280,_NONE:NONE,_NONE:NONE,_NONE:NONE,_NONE:NONE,_NONE:NONE,_NONE:NONE,_NONE:NONE"}] isTestBrew=true
[2026-09-01 16:01:26.136] [info]  [manual] event=order.completed status=success source=manual virtual=off mode=test orderId=INSTANT-1788246042979 bill=0000 menuCount=1
[2026-09-01 16:12:15.140] [info]  [toss] event=order.completed status=success source=toss virtual=on mode=order orderId=749889234301171263 bill=749889234301171263 menuCount=1
[2026-09-01 16:12:44.817] [info]  [toss] event=order.completed status=success source=toss virtual=on mode=order orderId=749889364135856863 bill=749889364135856863 menuCount=1
[2026-09-01 16:13:13.314] [info]  [toss] event=order.completed status=success source=toss virtual=on mode=order orderId=749889475201009921 bill=749889475201009921 menuCount=1
[2026-09-01 16:13:39.883] [info]  [toss] event=order.completed status=success source=toss virtual=on mode=order orderId=749889589017661416 bill=749889589017661416 menuCount=1
[2026-09-01 16:14:10.616] [info]  [toss] event=order.completed status=success source=toss virtual=on mode=order orderId=749889713101941912 bill=749889713101941912 menuCount=1
[2026-09-01 16:18:52.291] [info]  [toss] event=order.completed status=success source=toss virtual=on mode=order orderId=749890885518951956 bill=749890885518951956 menuCount=1
[2026-09-01 16:19:50.719] [info]  [toss] event=order.completed status=success source=toss virtual=on mode=order orderId=749891138884277655 bill=749891138884277655 menuCount=1
[2026-09-01 16:20:24.826] [info]  [toss] event=order.completed status=success source=toss virtual=on mode=order orderId=749891294304220745 bill=749891294304220745 menuCount=1
[2026-09-01 16:22:42.116] [info]  [toss] event=order.completed status=success source=toss virtual=on mode=order orderId=749891861655140747 bill=749891861655140747 menuCount=1
[2026-09-01 16:29:08.336] [info]  [toss] event=order.completed status=success source=toss virtual=on mode=order orderId=749893479108783669 bill=749893479108783669 menuCount=1
[2026-09-01 16:29:30.935] [info]  [toss] event=order.completed status=success source=toss virtual=on mode=order orderId=749893589590953078 bill=749893589590953078 menuCount=1
[2026-09-01 16:29:52.840] [info]  [toss] event=order.completed status=success source=toss virtual=on mode=order orderId=749893681458793743 bill=749893681458793743 menuCount=1
[2026-09-01 16:30:21.360] [info]  [toss] event=order.completed status=success source=toss virtual=on mode=order orderId=749893791748014715 bill=749893791748014715 menuCount=1
[2026-09-01 16:30:39.603] [info]  [toss] event=order.completed status=success source=toss virtual=on mode=order orderId=749893864607276187 bill=749893864607276187 menuCount=1
[2026-09-01 16:30:53.772] [info]  [toss] event=order.completed status=success source=toss virtual=on mode=order orderId=749893929652532484 bill=749893929652532484 menuCount=1
[2026-09-01 16:31:09.430] [info]  [toss] event=order.completed status=success source=toss virtual=on mode=order orderId=749893993972175054 bill=749893993972175054 menuCount=1
[2026-09-01 16:31:22.117] [info]  [toss] event=order.completed status=success source=toss virtual=on mode=order orderId=749894056983210676 bill=749894056983210676 menuCount=1
[2026-09-01 16:31:36.441] [info]  [toss] event=order.completed status=success source=toss virtual=on mode=order orderId=749894117850946020 bill=749894117850946020 menuCount=1
[2026-09-01 16:31:55.006] [info]  [toss] event=order.completed status=success source=toss virtual=on mode=order orderId=749894186243282758 bill=749894186243282758 menuCount=1
[2026-09-01 16:32:12.013] [info]  [toss] event=order.completed status=success source=toss virtual=on mode=order orderId=749894267042354208 bill=749894267042354208 menuCount=1
[2026-09-01 16:32:56.419] [info]  [toss] event=order.completed status=success source=toss virtual=on mode=order orderId=749894439629569751 bill=749894439629569751 menuCount=1
[2026-09-01 16:33:23.381] [info]  [toss] event=order.completed status=success source=toss virtual=on mode=order orderId=749894550149475398 bill=749894550149475398 menuCount=1
[2026-09-01 16:33:54.466] [info]  [toss] event=order.completed status=success source=toss virtual=on mode=order orderId=749894662917534635 bill=749894662917534635 menuCount=1
[2026-09-01 16:35:50.007] [info]  [toss] event=order.completed status=success source=toss virtual=on mode=order orderId=749894908556955759 bill=749894908556955759 menuCount=7
[2026-09-01 16:57:07.573] [info]  [toss] event=order.completed status=success source=toss virtual=off mode=order orderId=749900342286169624 bill=749900342286169624 menuCount=1
[2026-09-01 17:02:09.288] [info]  [manual] event=order.received status=success source=manual virtual=on mode=test orderId=INSTANT-1788249728963 bill=0000 menuCount=1 mappings=[{"baseCode":"GSI1001","recipeCode":"GSI1001","matchedMenuName":"ICED_아메리카노(시그니처,_연하게)","stepsSummary":"CUP:ICE,_COFFEE:30,_ICE:5000,_COLD:160,_NONE:NONE,_NONE:NONE,_NONE:NONE,_NONE:NONE,_NONE:NONE,_NONE:NONE"}] isTestBrew=true
[2026-09-01 17:02:16.997] [info]  [manual] event=order.completed status=success source=manual virtual=on mode=test orderId=INSTANT-1788249728963 bill=0000 menuCount=1
[2026-09-01 17:21:55.273] [info]  [toss] event=order.completed status=success source=toss virtual=off mode=order orderId=749906706274258334 bill=749906706274258334 menuCount=1
[2026-09-01 17:25:12.442] [info]  [toss] event=order.completed status=success source=toss virtual=off mode=order orderId=749907548918320938 bill=749907548918320938 menuCount=1
[2026-09-01 17:27:20.548] [info]  [toss] event=order.completed status=success source=toss virtual=off mode=order orderId=749908033578533987 bill=749908033578533987 menuCount=1
[2026-09-01 17:34:29.237] [info]  [toss] event=order.completed status=success source=toss virtual=off mode=order orderId=749909776005668105 bill=749909776005668105 menuCount=1
[2026-09-01 17:38:46.115] [info]  [manual] event=order.received status=success source=manual virtual=on mode=test orderId=INSTANT-1788251925782 bill=0000 menuCount=1 mappings=[{"baseCode":"GTI5006","recipeCode":"GTI5006","matchedMenuName":"ICED_딸기티","stepsSummary":"CUP:ICE,_ICE:5000,_COLD:125,_딸기:50,_얼그레이:5,_NONE:NONE,_NONE:NONE,_NONE:NONE,_NONE:NONE,_NONE:NONE"}] isTestBrew=true
[2026-09-01 17:38:55.056] [info]  [manual] event=order.completed status=success source=manual virtual=on mode=test orderId=INSTANT-1788251925782 bill=0000 menuCount=1
[2026-09-01 17:38:57.385] [info]  [manual] event=order.received status=success source=manual virtual=on mode=test orderId=INSTANT-1788251937376 bill=0000 menuCount=1 mappings=[{"baseCode":"GTI5006","recipeCode":"GTI5006","matchedMenuName":"ICED_딸기티","stepsSummary":"CUP:ICE,_ICE:5000,_COLD:125,_딸기:50,_얼그레이:5,_NONE:NONE,_NONE:NONE,_NONE:NONE,_NONE:NONE,_NONE:NONE"}] isTestBrew=true
[2026-09-01 17:39:06.536] [info]  [manual] event=order.completed status=success source=manual virtual=on mode=test orderId=INSTANT-1788251937376 bill=0000 menuCount=1
[2026-09-01 17:39:57.455] [info]  [manual] event=order.received status=success source=manual virtual=on mode=test orderId=INSTANT-1788251997115 bill=0000 menuCount=1 mappings=[{"baseCode":"GTI5006","recipeCode":"GTI5006","matchedMenuName":"ICED_딸기티","stepsSummary":"CUP:ICE,_ICE:5000,_COLD:125,_딸기:50,_얼그레이:5,_NONE:NONE,_NONE:NONE,_NONE:NONE,_NONE:NONE,_NONE:NONE"}] isTestBrew=true
[2026-09-01 17:40:06.548] [info]  [manual] event=order.completed status=success source=manual virtual=on mode=test orderId=INSTANT-1788251997115 bill=0000 menuCount=1
[2026-09-01 17:43:05.806] [info]  [manual] event=order.received status=success source=manual virtual=on mode=test orderId=INSTANT-1788252185474 bill=0000 menuCount=1 mappings=[{"baseCode":"GTI5000","recipeCode":"GTI5000","matchedMenuName":"ICED_복숭아티","stepsSummary":"CUP:ICE,_ICE:5000,_COLD:130,_복숭아:40,_얼그레이:10,_NONE:NONE,_NONE:NONE,_NONE:NONE,_NONE:NONE,_NONE:NONE"}] isTestBrew=true
[2026-09-01 17:43:14.979] [info]  [manual] event=order.completed status=success source=manual virtual=on mode=test orderId=INSTANT-1788252185474 bill=0000 menuCount=1
[2026-09-01 17:43:31.944] [info]  [manual] event=order.received status=success source=manual virtual=on mode=test orderId=INSTANT-1788252211938 bill=0000 menuCount=1 mappings=[{"baseCode":"GTI5004","recipeCode":"GTI5004","matchedMenuName":"ICED_딸기레몬얼그레이티","stepsSummary":"CUP:ICE,_ICE:5000,_COLD:115,_딸기:15,_레몬:35,_얼그레이:15,_NONE:NONE,_NONE:NONE,_NONE:NONE,_NONE:NONE"}] isTestBrew=true
[2026-09-01 17:43:42.057] [info]  [manual] event=order.completed status=success source=manual virtual=on mode=test orderId=INSTANT-1788252211938 bill=0000 menuCount=1
[2026-09-01 17:43:49.526] [info]  [manual] event=order.received status=success source=manual virtual=on mode=test orderId=INSTANT-1788252229003 bill=0000 menuCount=1 mappings=[{"baseCode":"GTI5008","recipeCode":"GTI5008","matchedMenuName":"ICED_밀크티","stepsSummary":"CUP:ICE,_ICE:5000,_COLD_MILK:160,_얼그레이:40,_NONE:NONE,_NONE:NONE,_NONE:NONE,_NONE:NONE,_NONE:NONE,_NONE:NONE"}] isTestBrew=true
[2026-09-01 17:43:57.488] [info]  [manual] event=order.completed status=success source=manual virtual=on mode=test orderId=INSTANT-1788252229003 bill=0000 menuCount=1
[2026-09-01 17:44:09.234] [info]  [manual] event=order.received status=success source=manual virtual=on mode=test orderId=INSTANT-1788252249225 bill=0000 menuCount=1 mappings=[{"baseCode":"GTI5016","recipeCode":"GTI5016","matchedMenuName":"ICED_허니레몬블랙티","stepsSummary":"CUP:ICE,_ICE:5000,_COLD:130,_레몬:20,_바닐라:10,_얼그레이:20,_NONE:NONE,_NONE:NONE,_NONE:NONE,_NONE:NONE"}] isTestBrew=true
[2026-09-01 17:44:19.709] [info]  [manual] event=order.completed status=success source=manual virtual=on mode=test orderId=INSTANT-1788252249225 bill=0000 menuCount=1
[2026-09-01 17:44:28.706] [info]  [manual] event=order.received status=success source=manual virtual=on mode=test orderId=INSTANT-1788252268376 bill=0000 menuCount=1 mappings=[{"baseCode":"GTI5003","recipeCode":"GTI5003","matchedMenuName":"ICED_자몽차","stepsSummary":"CUP:ICE,_ICE:5000,_COLD:120,_설탕:10,_자몽:50,_NONE:NONE,_NONE:NONE,_NONE:NONE,_NONE:NONE,_NONE:NONE"}] isTestBrew=true
[2026-09-01 17:44:37.507] [info]  [manual] event=order.completed status=success source=manual virtual=on mode=test orderId=INSTANT-1788252268376 bill=0000 menuCount=1
[2026-09-01 17:44:45.920] [info]  [manual] event=order.received status=success source=manual virtual=on mode=test orderId=INSTANT-1788252285915 bill=0000 menuCount=1 mappings=[{"baseCode":"GTI5017","recipeCode":"GTI5017","matchedMenuName":"ICED_허니자몽블랙티","stepsSummary":"CUP:ICE,_ICE:5000,_COLD:130,_바닐라:10,_얼그레이:20,_자몽:20,_NONE:NONE,_NONE:NONE,_NONE:NONE,_NONE:NONE"}] isTestBrew=true
[2026-09-01 17:44:56.147] [info]  [manual] event=order.completed status=success source=manual virtual=on mode=test orderId=INSTANT-1788252285915 bill=0000 menuCount=1
[2026-09-01 17:45:03.360] [info]  [manual] event=order.received status=success source=manual virtual=on mode=test orderId=INSTANT-1788252302949 bill=0000 menuCount=1 mappings=[{"baseCode":"GTI5000","recipeCode":"GTI5000","matchedMenuName":"ICED_복숭아티","stepsSummary":"CUP:ICE,_ICE:5000,_COLD:130,_복숭아:40,_얼그레이:10,_NONE:NONE,_NONE:NONE,_NONE:NONE,_NONE:NONE,_NONE:NONE"}] isTestBrew=true
[2026-09-01 17:45:12.263] [info]  [manual] event=order.completed status=success source=manual virtual=on mode=test orderId=INSTANT-1788252302949 bill=0000 menuCount=1
[2026-09-01 17:45:30.088] [info]  [manual] event=order.received status=success source=manual virtual=on mode=test orderId=INSTANT-1788252330079 bill=0000 menuCount=1 mappings=[{"baseCode":"GTI5006","recipeCode":"GTI5006","matchedMenuName":"ICED_딸기티","stepsSummary":"CUP:ICE,_ICE:5000,_COLD:125,_딸기:50,_얼그레이:5,_NONE:NONE,_NONE:NONE,_NONE:NONE,_NONE:NONE,_NONE:NONE"}] isTestBrew=true
[2026-09-01 17:45:39.046] [info]  [manual] event=order.completed status=success source=manual virtual=on mode=test orderId=INSTANT-1788252330079 bill=0000 menuCount=1
[2026-09-01 17:47:25.887] [info]  [toss] event=order.completed status=success source=toss virtual=on mode=order orderId=749913191486133025 bill=749913191486133025 menuCount=1
[2026-09-01 17:47:57.070] [info]  [toss] event=order.completed status=success source=toss virtual=on mode=order orderId=749913321069164450 bill=749913321069164450 menuCount=1
[2026-09-01 17:48:40.248] [info]  [toss] event=order.completed status=success source=toss virtual=off mode=order orderId=749913476677835544 bill=749913476677835544 menuCount=1
[2026-09-01 18:38:59.191] [info]  [manual] event=order.received status=success source=manual virtual=on mode=test orderId=INSTANT-1788255538849 bill=0000 menuCount=1 mappings=[{"baseCode":"GTI5006","recipeCode":"GTI5006","matchedMenuName":"ICED_딸기티","stepsSummary":"CUP:ICE,_ICE:5000,_COLD:95,_딸기:50,_얼그레이:5,_NONE:NONE,_NONE:NONE,_NONE:NONE,_NONE:NONE,_NONE:NONE"}] isTestBrew=true
[2026-09-01 18:39:08.310] [info]  [manual] event=order.completed status=success source=manual virtual=on mode=test orderId=INSTANT-1788255538849 bill=0000 menuCount=1
[2026-09-01 18:40:12.566] [error] [toss] event=order.failed status=failed stage=HARDWARE source=toss virtual=off mode=order orderId=749926353509895365 bill=749926353509895365 menuCount=1 error=HW물리검증_실패:_[749926353509895365]_[ICE_딸기티]_주문스텝4_실패
[2026-09-01 18:50:04.376] [info]  [toss] event=order.completed status=success source=toss virtual=off mode=order orderId=749928895300065077 bill=749928895300065077 menuCount=1
[2026-09-01 18:57:21.819] [info]  [manual] event=order.received status=success source=manual virtual=off mode=test orderId=INSTANT-1788256641471 bill=0000 menuCount=1 mappings=[{"baseCode":"GSI1001","recipeCode":"GSI1001","matchedMenuName":"ICED_아메리카노(시그니처,_연하게)","stepsSummary":"CUP:ICE,_COFFEE:30,_ICE:5400,_COLD:152,_NONE:NONE,_NONE:NONE,_NONE:NONE,_NONE:NONE,_NONE:NONE,_NONE:NONE"}] isTestBrew=true
[2026-09-01 18:57:56.929] [info]  [manual] event=order.completed status=success source=manual virtual=off mode=test orderId=INSTANT-1788256641471 bill=0000 menuCount=1
[2026-09-01 19:00:12.309] [info]  [manual] event=order.received status=success source=manual virtual=off mode=test orderId=INSTANT-1788256811982 bill=0000 menuCount=1 mappings=[{"baseCode":"GSI1001","recipeCode":"GSI1001","matchedMenuName":"ICED_아메리카노(시그니처,_연하게)","stepsSummary":"CUP:ICE,_COFFEE:30,_ICE:5000,_COLD:150,_NONE:NONE,_NONE:NONE,_NONE:NONE,_NONE:NONE,_NONE:NONE,_NONE:NONE"}] isTestBrew=true
[2026-09-01 19:00:49.758] [info]  [manual] event=order.completed status=success source=manual virtual=off mode=test orderId=INSTANT-1788256811982 bill=0000 menuCount=1
[2026-09-01 19:03:57.825] [info]  [manual] event=order.received status=success source=manual virtual=off mode=test orderId=INSTANT-1788257037496 bill=0000 menuCount=1 mappings=[{"baseCode":"GSI1001","recipeCode":"GSI1001","matchedMenuName":"ICED_아메리카노(시그니처,_연하게)","stepsSummary":"CUP:ICE,_COFFEE:30,_ICE:4000,_COLD:150,_NONE:NONE,_NONE:NONE,_NONE:NONE,_NONE:NONE,_NONE:NONE,_NONE:NONE"}] isTestBrew=true
[2026-09-01 19:04:33.483] [info]  [manual] event=order.completed status=success source=manual virtual=off mode=test orderId=INSTANT-1788257037496 bill=0000 menuCount=1