[2026-09-12 00:09:01.956] [info]  [TOSS RAW ORDER] orderId=753633030923645893, items=[{"name":"아메리카노","productNo":"17033250","options":[{"optionCode":"1794776","optionName":"ICE","price":0,"quantity":1}]},{"name":"자몽에이드","productNo":"17033338","options":[]},{"name":"초코헤이즐넛라떼","productNo":"17033306","options":[{"optionCode":"1794776","optionName":"ICE","price":0,"quantity":1}]}]
[2026-09-12 00:09:01.962] [info]  [TOSS ITEM RESOLVED] orderId=753633030923645893, item="아메리카노" (17033250) | rawOptions=[{"optionCode":"1794776","optionName":"ICE","price":0,"quantity":1}] ➔ resolved="ICE 아메리카노 (시그니처)" (GSI1002) steps={"step1":["CUP","ICE"],"step2":["COFFEE",60],"step3":["ICE","5000"],"step4":["COLD","120"]}
[2026-09-12 00:09:01.968] [info]  [TOSS ITEM RESOLVED] orderId=753633030923645893, item="자몽에이드" (17033338) | rawOptions=[] ➔ resolved="ICE 자몽에이드" (GAI4004) steps={"step1":["CUP","ICE"],"step2":["ICE","5000"],"step3":["SPARKLE","160"],"step4":["자몽","50"]}
[2026-09-12 00:09:01.973] [info]  [TOSS ITEM RESOLVED] orderId=753633030923645893, item="초코헤이즐넛라떼" (17033306) | rawOptions=[{"optionCode":"1794776","optionName":"ICE","price":0,"quantity":1}] ➔ resolved="ICE 초코라떼 (헤이즐넛)" (GMI3031) steps={"step1":["CUP","ICE"],"step2":["ICE","5000"],"step3":["COLD_MILK","160"],"step4":["초코","60"],"step5":["헤이즐넛","15"]}
[2026-09-12 00:11:27.407] [info]  [toss] event=order.completed status=success source=toss virtual=off mode=order orderId=753633030923645893 bill=753633030923645893 menuCount=3
[2026-09-12 01:30:35.423] [info]  [TOSS RAW ORDER] orderId=753653736155681987, items=[{"name":"아샷추","productNo":"17033252","options":[]}]
[2026-09-12 01:30:35.428] [info]  [TOSS ITEM RESOLVED] orderId=753653736155681987, item="아샷추" (17033252) | rawOptions=[] ➔ resolved="ICE 아샷추 (시그니처)" (GSI1003) steps={"step1":["CUP","ICE"],"step2":["COFFEE",30],"step3":["ICE","5000"],"step4":["COLD","105"],"step5":["복숭아","45"]}
[2026-09-12 01:31:22.924] [info]  [toss] event=order.completed status=success source=toss virtual=off mode=order orderId=753653736155681987 bill=753653736155681987 menuCount=1
[2026-09-12 01:32:24.423] [info]  [TOSS RAW ORDER] orderId=753654252877156949, items=[{"name":"아샷추(스페셜티)","productNo":"17033253","options":[]}]
[2026-09-12 01:32:24.427] [info]  [TOSS ITEM RESOLVED] orderId=753654252877156949, item="아샷추(스페셜티)" (17033253) | rawOptions=[] ➔ resolved="ICE 아샷추 (스페셜티)" (GPI1003) steps={"step1":["CUP","ICE"],"step2":["COFFEE",31],"step3":["ICE","5000"],"step4":["COLD","105"],"step5":["복숭아","45"]}
[2026-09-12 01:33:10.667] [info]  [toss] event=order.completed status=success source=toss virtual=off mode=order orderId=753654252877156949 bill=753654252877156949 menuCount=1
[2026-09-12 03:53:59.445] [info]  [TOSS RAW ORDER] orderId=753689872571849193, items=[{"name":"아메리카노","productNo":"17033250","options":[{"optionCode":"1794775","optionName":"HOT","price":0,"quantity":1}]}]
[2026-09-12 03:53:59.452] [info]  [TOSS ITEM RESOLVED] orderId=753689872571849193, item="아메리카노" (17033250) | rawOptions=[{"optionCode":"1794775","optionName":"HOT","price":0,"quantity":1}] ➔ resolved="HOT 아메리카노 (시그니처)" (GSH1002) steps={"step1":["CUP","HOT"],"step2":["COFFEE","60"],"step3":["HOT","240"],"options":[{"name":"아이스","code":"IC","group":"온도","price":0}]}
[2026-09-12 03:54:44.128] [info]  [toss] event=order.completed status=success source=toss virtual=off mode=order orderId=753689872571849193 bill=753689872571849193 menuCount=1
[2026-09-12 04:19:41.440] [info]  [TOSS RAW ORDER] orderId=753696292193203563, items=[{"name":"아메리카노","productNo":"17033250","options":[{"optionCode":"1794776","optionName":"ICE","price":0,"quantity":1}]}]
[2026-09-12 04:19:41.445] [info]  [TOSS ITEM RESOLVED] orderId=753696292193203563, item="아메리카노" (17033250) | rawOptions=[{"optionCode":"1794776","optionName":"ICE","price":0,"quantity":1}] ➔ resolved="ICE 아메리카노 (시그니처)" (GSI1002) steps={"step1":["CUP","ICE"],"step2":["COFFEE",60],"step3":["ICE","5000"],"step4":["COLD","120"]}
[2026-09-12 04:20:36.227] [info]  [toss] event=order.completed status=success source=toss virtual=off mode=order orderId=753696292193203563 bill=753696292193203563 menuCount=1
[2026-09-12 04:24:54.441] [info]  [TOSS RAW ORDER] orderId=753697589940222617, items=[{"name":"딸기초코라떼","productNo":"17033309","options":[{"optionCode":"1794776","optionName":"ICE","price":0,"quantity":1}]}]
[2026-09-12 04:24:54.446] [info]  [TOSS ITEM RESOLVED] orderId=753697589940222617, item="딸기초코라떼" (17033309) | rawOptions=[{"optionCode":"1794776","optionName":"ICE","price":0,"quantity":1}] ➔ resolved="ICE 딸기라떼 (초코)" (GMI3002) steps={"step1":["CUP","ICE"],"step2":["ICE","5000"],"step3":["COLD_MILK","160"],"step4":["딸기","50"],"step5":["초코","25"]}
[2026-09-12 04:26:09.649] [error] [toss] event=order.failed status=failed stage=HARDWARE source=toss virtual=off mode=order orderId=753697589940222617 bill=753697589940222617 menuCount=1 error=HW물리검증_실패:_[753697589940222617]_[ICE_딸기라떼_(초코)]_주문스텝4_실패
[2026-09-12 05:19:35.475] [info]  [TOSS RAW ORDER] orderId=753711421823680362, items=[{"name":"아메리카노","productNo":"17033250","options":[{"optionCode":"1794776","optionName":"ICE","price":0,"quantity":1}]}]
[2026-09-12 05:19:35.481] [info]  [TOSS ITEM RESOLVED] orderId=753711421823680362, item="아메리카노" (17033250) | rawOptions=[{"optionCode":"1794776","optionName":"ICE","price":0,"quantity":1}] ➔ resolved="ICE 아메리카노 (시그니처)" (GSI1002) steps={"step1":["CUP","ICE"],"step2":["COFFEE",60],"step3":["ICE","5000"],"step4":["COLD","120"]}
[2026-09-12 05:20:25.039] [info]  [toss] event=order.completed status=success source=toss virtual=off mode=order orderId=753711421823680362 bill=753711421823680362 menuCount=1
[2026-09-12 06:20:47.412] [info]  [TOSS RAW ORDER] orderId=753726838768177337, items=[{"name":"아메리카노","productNo":"17033250","options":[{"optionCode":"1794775","optionName":"HOT","price":0,"quantity":1}]}]
[2026-09-12 06:20:47.420] [info]  [TOSS ITEM RESOLVED] orderId=753726838768177337, item="아메리카노" (17033250) | rawOptions=[{"optionCode":"1794775","optionName":"HOT","price":0,"quantity":1}] ➔ resolved="HOT 아메리카노 (시그니처)" (GSH1002) steps={"step1":["CUP","HOT"],"step2":["COFFEE","60"],"step3":["HOT","240"],"options":[{"name":"아이스","code":"IC","group":"온도","price":0}]}
[2026-09-12 06:21:33.759] [info]  [toss] event=order.completed status=success source=toss virtual=off mode=order orderId=753726838768177337 bill=753726838768177337 menuCount=1
[2026-09-12 06:28:15.962] [info]  [TOSS RAW ORDER] orderId=753728722765645888, items=[{"name":"아메리카노","productNo":"17033250","options":[{"optionCode":"1794776","optionName":"ICE","price":0,"quantity":1}]}]
[2026-09-12 06:28:15.968] [info]  [TOSS ITEM RESOLVED] orderId=753728722765645888, item="아메리카노" (17033250) | rawOptions=[{"optionCode":"1794776","optionName":"ICE","price":0,"quantity":1}] ➔ resolved="ICE 아메리카노 (시그니처)" (GSI1002) steps={"step1":["CUP","ICE"],"step2":["COFFEE",60],"step3":["ICE","5000"],"step4":["COLD","120"]}
[2026-09-12 06:29:06.566] [info]  [toss] event=order.completed status=success source=toss virtual=off mode=order orderId=753728722765645888 bill=753728722765645888 menuCount=1
[2026-09-12 06:30:46.495] [info]  [TOSS RAW ORDER] orderId=753729331002635911, items=[{"name":"아메리카노","productNo":"17033250","options":[{"optionCode":"1794776","optionName":"ICE","price":0,"quantity":1}]}]
[2026-09-12 06:30:46.502] [info]  [TOSS ITEM RESOLVED] orderId=753729331002635911, item="아메리카노" (17033250) | rawOptions=[{"optionCode":"1794776","optionName":"ICE","price":0,"quantity":1}] ➔ resolved="ICE 아메리카노 (시그니처)" (GSI1002) steps={"step1":["CUP","ICE"],"step2":["COFFEE",60],"step3":["ICE","5000"],"step4":["COLD","120"]}
[2026-09-12 06:31:42.612] [info]  [toss] event=order.completed status=success source=toss virtual=off mode=order orderId=753729331002635911 bill=753729331002635911 menuCount=1
[2026-09-12 06:39:00.875] [info]  [TOSS RAW ORDER] orderId=753731416079240927, items=[{"name":"아메리카노","productNo":"17033250","options":[{"optionCode":"1794776","optionName":"ICE","price":0,"quantity":1}]}]
[2026-09-12 06:39:00.880] [info]  [TOSS ITEM RESOLVED] orderId=753731416079240927, item="아메리카노" (17033250) | rawOptions=[{"optionCode":"1794776","optionName":"ICE","price":0,"quantity":1}] ➔ resolved="ICE 아메리카노 (시그니처)" (GSI1002) steps={"step1":["CUP","ICE"],"step2":["COFFEE",60],"step3":["ICE","5000"],"step4":["COLD","120"]}
[2026-09-12 06:40:37.909] [info]  [toss] event=order.completed status=success source=toss virtual=off mode=order orderId=753731416079240927 bill=753731416079240927 menuCount=2
[2026-09-12 06:52:05.931] [info]  [TOSS RAW ORDER] orderId=753734504974415285, items=[{"name":"카페라떼","productNo":"17033256","options":[{"optionCode":"1794775","optionName":"HOT","price":0,"quantity":1}]}]
[2026-09-12 06:52:05.936] [info]  [TOSS ITEM RESOLVED] orderId=753734504974415285, item="카페라떼" (17033256) | rawOptions=[{"optionCode":"1794775","optionName":"HOT","price":0,"quantity":1}] ➔ resolved="HOT 카페라떼 (시그니처)" (GSH2001) steps={"step1":["CUP","HOT"],"step2":["COFFEE",60],"step3":["HOT_MILK","260"]}
[2026-09-12 06:53:24.394] [info]  [toss] event=order.completed status=success source=toss virtual=off mode=order orderId=753734504974415285 bill=753734504974415285 menuCount=1
[2026-09-12 07:34:42.924] [info]  [TOSS RAW ORDER] orderId=753745391886042669, items=[{"name":"아메리카노","productNo":"17033250","options":[{"optionCode":"1794776","optionName":"ICE","price":0,"quantity":1}]}]
[2026-09-12 07:34:42.928] [info]  [TOSS ITEM RESOLVED] orderId=753745391886042669, item="아메리카노" (17033250) | rawOptions=[{"optionCode":"1794776","optionName":"ICE","price":0,"quantity":1}] ➔ resolved="ICE 아메리카노 (시그니처)" (GSI1002) steps={"step1":["CUP","ICE"],"step2":["COFFEE",60],"step3":["ICE","5000"],"step4":["COLD","120"]}
[2026-09-12 07:35:32.833] [info]  [toss] event=order.completed status=success source=toss virtual=off mode=order orderId=753745391886042669 bill=753745391886042669 menuCount=1
[2026-09-12 07:48:52.909] [info]  [TOSS RAW ORDER] orderId=753748995254558437, items=[{"name":"복숭아티","productNo":"17033315","options":[{"optionCode":"1794776","optionName":"ICE","price":0,"quantity":1}]}]
[2026-09-12 07:48:52.914] [info]  [TOSS ITEM RESOLVED] orderId=753748995254558437, item="복숭아티" (17033315) | rawOptions=[{"optionCode":"1794776","optionName":"ICE","price":0,"quantity":1}] ➔ resolved="ICE 복숭아티" (GTI5000) steps={"step1":["CUP","ICE"],"step2":["ICE","5000"],"step3":["COLD","100"],"step4":["복숭아","40"],"step5":["얼그레이","10"]}
[2026-09-12 07:49:14.253] [info]  [toss] event=order.completed status=success source=toss virtual=off mode=order orderId=753748995254558437 bill=753748995254558437 menuCount=1
[2026-09-12 08:08:33.949] [info]  [TOSS RAW ORDER] orderId=753753902753806091, items=[{"name":"레몬차","productNo":"17033317","options":[{"optionCode":"1794775","optionName":"HOT","price":0,"quantity":1}]},{"name":"아메리카노","productNo":"17033250","options":[{"optionCode":"1794775","optionName":"HOT","price":0,"quantity":1}]}]
[2026-09-12 08:08:33.956] [info]  [TOSS ITEM RESOLVED] orderId=753753902753806091, item="레몬차" (17033317) | rawOptions=[{"optionCode":"1794775","optionName":"HOT","price":0,"quantity":1}] ➔ resolved="HOT 레몬차" (GTH5002) steps={"step1":["CUP","HOT"],"step2":["HOT","290"],"step3":["레몬","60"],"step4":["설탕","10"]}
[2026-09-12 08:08:33.960] [info]  [TOSS ITEM RESOLVED] orderId=753753902753806091, item="아메리카노" (17033250) | rawOptions=[{"optionCode":"1794775","optionName":"HOT","price":0,"quantity":1}] ➔ resolved="HOT 아메리카노 (시그니처)" (GSH1002) steps={"step1":["CUP","HOT"],"step2":["COFFEE","60"],"step3":["HOT","240"],"options":[{"name":"아이스","code":"IC","group":"온도","price":0}]}
[2026-09-12 08:09:48.979] [info]  [toss] event=order.completed status=success source=toss virtual=off mode=order orderId=753753902753806091 bill=753753902753806091 menuCount=2
[2026-09-12 08:20:53.062] [info]  [TOSS RAW ORDER] orderId=753757064860562968, items=[{"name":"아메리카노","productNo":"17033250","options":[{"optionCode":"1794775","optionName":"HOT","price":0,"quantity":1}]}]
[2026-09-12 08:20:53.069] [info]  [TOSS ITEM RESOLVED] orderId=753757064860562968, item="아메리카노" (17033250) | rawOptions=[{"optionCode":"1794775","optionName":"HOT","price":0,"quantity":1}] ➔ resolved="HOT 아메리카노 (시그니처)" (GSH1002) steps={"step1":["CUP","HOT"],"step2":["COFFEE","60"],"step3":["HOT","240"],"options":[{"name":"아이스","code":"IC","group":"온도","price":0}]}
[2026-09-12 08:21:38.929] [info]  [toss] event=order.completed status=success source=toss virtual=off mode=order orderId=753757064860562968 bill=753757064860562968 menuCount=1
[2026-09-12 08:22:28.912] [info]  [TOSS RAW ORDER] orderId=753757449096557942, items=[{"name":"오미자차","productNo":"17033316","options":[{"optionCode":"1794775","optionName":"HOT","price":0,"quantity":1}]},{"name":"아메리카노","productNo":"17033250","options":[{"optionCode":"1794776","optionName":"ICE","price":0,"quantity":1}]},{"name":"아메리카노","productNo":"17033250","options":[{"optionCode":"1794775","optionName":"HOT","price":0,"quantity":1}]},{"name":"바닐라라떼","productNo":"17033258","options":[{"optionCode":"1794775","optionName":"HOT","price":0,"quantity":1}]}]
[2026-09-12 08:22:28.918] [info]  [TOSS ITEM RESOLVED] orderId=753757449096557942, item="오미자차" (17033316) | rawOptions=[{"optionCode":"1794775","optionName":"HOT","price":0,"quantity":1}] ➔ resolved="HOT 오미자차" (GTH5001) steps={"step1":["CUP","HOT"],"step2":["HOT","300"],"step3":["오미자","60"]}
[2026-09-12 08:22:28.924] [info]  [TOSS ITEM RESOLVED] orderId=753757449096557942, item="아메리카노" (17033250) | rawOptions=[{"optionCode":"1794776","optionName":"ICE","price":0,"quantity":1}] ➔ resolved="ICE 아메리카노 (시그니처)" (GSI1002) steps={"step1":["CUP","ICE"],"step2":["COFFEE",60],"step3":["ICE","5000"],"step4":["COLD","120"]}
[2026-09-12 08:22:28.927] [info]  [TOSS ITEM RESOLVED] orderId=753757449096557942, item="아메리카노" (17033250) | rawOptions=[{"optionCode":"1794775","optionName":"HOT","price":0,"quantity":1}] ➔ resolved="HOT 아메리카노 (시그니처)" (GSH1002) steps={"step1":["CUP","HOT"],"step2":["COFFEE","60"],"step3":["HOT","240"],"options":[{"name":"아이스","code":"IC","group":"온도","price":0}]}
[2026-09-12 08:22:28.931] [info]  [TOSS ITEM RESOLVED] orderId=753757449096557942, item="바닐라라떼" (17033258) | rawOptions=[{"optionCode":"1794775","optionName":"HOT","price":0,"quantity":1}] ➔ resolved="HOT 바닐라라떼 (시그니처)" (GSH2003) steps={"step1":["CUP","HOT"],"step2":["COFFEE",60],"step3":["HOT_MILK","240"],"step4":["바닐라","35"]}
[2026-09-12 08:27:04.116] [info]  [toss] event=order.completed status=success source=toss virtual=off mode=order orderId=753757449096557942 bill=753757449096557942 menuCount=4
[2026-09-12 08:31:10.960] [info]  [TOSS RAW ORDER] orderId=753759385384408884, items=[{"name":"카라멜마끼아또","productNo":"17033262","options":[{"optionCode":"1794775","optionName":"HOT","price":0,"quantity":1}]},{"name":"오미자차","productNo":"17033316","options":[{"optionCode":"1794775","optionName":"HOT","price":0,"quantity":1}]},{"name":"아메리카노","productNo":"17033250","options":[{"optionCode":"1794775","optionName":"HOT","price":0,"quantity":1}]}]
[2026-09-12 08:31:10.965] [info]  [TOSS ITEM RESOLVED] orderId=753759385384408884, item="카라멜마끼아또" (17033262) | rawOptions=[{"optionCode":"1794775","optionName":"HOT","price":0,"quantity":1}] ➔ resolved="HOT 카라멜마끼아또 (시그니처)" (GSH2005) steps={"step1":["CUP","HOT"],"step2":["COFFEE",60],"step3":["HOT_MILK","220"],"step4":["카라멜","50"]}
[2026-09-12 08:31:10.971] [info]  [TOSS ITEM RESOLVED] orderId=753759385384408884, item="오미자차" (17033316) | rawOptions=[{"optionCode":"1794775","optionName":"HOT","price":0,"quantity":1}] ➔ resolved="HOT 오미자차" (GTH5001) steps={"step1":["CUP","HOT"],"step2":["HOT","300"],"step3":["오미자","60"]}
[2026-09-12 08:31:10.976] [info]  [TOSS ITEM RESOLVED] orderId=753759385384408884, item="아메리카노" (17033250) | rawOptions=[{"optionCode":"1794775","optionName":"HOT","price":0,"quantity":1}] ➔ resolved="HOT 아메리카노 (시그니처)" (GSH1002) steps={"step1":["CUP","HOT"],"step2":["COFFEE","60"],"step3":["HOT","240"],"options":[{"name":"아이스","code":"IC","group":"온도","price":0}]}
[2026-09-12 08:32:09.866] [info]  [TOSS RAW ORDER] orderId=753759879859302929, items=[{"name":"아메리카노","productNo":"17033250","options":[{"optionCode":"1794775","optionName":"HOT","price":0,"quantity":1}]}]
[2026-09-12 08:32:09.870] [info]  [TOSS ITEM RESOLVED] orderId=753759879859302929, item="아메리카노" (17033250) | rawOptions=[{"optionCode":"1794775","optionName":"HOT","price":0,"quantity":1}] ➔ resolved="HOT 아메리카노 (시그니처)" (GSH1002) steps={"step1":["CUP","HOT"],"step2":["COFFEE","60"],"step3":["HOT","240"],"options":[{"name":"아이스","code":"IC","group":"온도","price":0}]}
[2026-09-12 08:33:56.295] [info]  [toss] event=order.completed status=success source=toss virtual=off mode=order orderId=753759385384408884 bill=753759385384408884 menuCount=3
[2026-09-12 08:34:46.576] [info]  [toss] event=order.completed status=success source=toss virtual=off mode=order orderId=753759879859302929 bill=753759879859302929 menuCount=1
[2026-09-12 08:35:18.907] [info]  [TOSS RAW ORDER] orderId=753760601766121900, items=[{"name":"카페라떼","productNo":"17033256","options":[{"optionCode":"1794776","optionName":"ICE","price":0,"quantity":1}]}]
[2026-09-12 08:35:18.912] [info]  [TOSS ITEM RESOLVED] orderId=753760601766121900, item="카페라떼" (17033256) | rawOptions=[{"optionCode":"1794776","optionName":"ICE","price":0,"quantity":1}] ➔ resolved="ICE 카페라떼 (시그니처)" (GSI2001) steps={"step1":["CUP","ICE"],"step2":["COFFEE",60],"step3":["ICE","5000"],"step4":["COLD_MILK","160"]}
[2026-09-12 08:36:42.882] [info]  [TOSS RAW ORDER] orderId=753761009783822836, items=[{"name":"카페라떼","productNo":"17033256","options":[{"optionCode":"1794775","optionName":"HOT","price":0,"quantity":1}]}]
[2026-09-12 08:36:42.890] [info]  [TOSS ITEM RESOLVED] orderId=753761009783822836, item="카페라떼" (17033256) | rawOptions=[{"optionCode":"1794775","optionName":"HOT","price":0,"quantity":1}] ➔ resolved="HOT 카페라떼 (시그니처)" (GSH2001) steps={"step1":["CUP","HOT"],"step2":["COFFEE",60],"step3":["HOT_MILK","260"]}
[2026-09-12 08:36:48.933] [info]  [toss] event=order.completed status=success source=toss virtual=off mode=order orderId=753760601766121900 bill=753760601766121900 menuCount=1
[2026-09-12 08:38:03.286] [info]  [toss] event=order.completed status=success source=toss virtual=off mode=order orderId=753761009783822836 bill=753761009783822836 menuCount=1
[2026-09-12 08:46:27.005] [info]  [TOSS RAW ORDER] orderId=753763479863986737, items=[{"name":"아메리카노","productNo":"17033250","options":[{"optionCode":"1794776","optionName":"ICE","price":0,"quantity":1}]}]
[2026-09-12 08:46:27.010] [info]  [TOSS ITEM RESOLVED] orderId=753763479863986737, item="아메리카노" (17033250) | rawOptions=[{"optionCode":"1794776","optionName":"ICE","price":0,"quantity":1}] ➔ resolved="ICE 아메리카노 (시그니처)" (GSI1002) steps={"step1":["CUP","ICE"],"step2":["COFFEE",60],"step3":["ICE","5000"],"step4":["COLD","120"]}
[2026-09-12 08:47:15.565] [info]  [toss] event=order.completed status=success source=toss virtual=off mode=order orderId=753763479863986737 bill=753763479863986737 menuCount=1
[2026-09-12 09:03:51.901] [info]  [TOSS RAW ORDER] orderId=753767777154929561, items=[{"name":"카페모카","productNo":"17033264","options":[{"optionCode":"1794776","optionName":"ICE","price":0,"quantity":1}]}]
[2026-09-12 09:03:51.908] [info]  [TOSS ITEM RESOLVED] orderId=753767777154929561, item="카페모카" (17033264) | rawOptions=[{"optionCode":"1794776","optionName":"ICE","price":0,"quantity":1}] ➔ resolved="ICE 카페모카 (시그니처)" (GSI2006) steps={"step1":["CUP","ICE"],"step2":["COFFEE",60],"step3":["ICE","5000"],"step4":["COLD_MILK","120"],"step5":["초코","30"]}
[2026-09-12 09:05:06.613] [error] [toss] event=order.failed status=failed stage=HARDWARE source=toss virtual=off mode=order orderId=753767777154929561 bill=753767777154929561 menuCount=1 error=HW물리검증_실패:_[753767777154929561]_[ICE_카페모카_(시그니처)]_주문스텝4_실패