[2026-08-15 17:12:04.848] [info]  [serialport] event=serialport.connect status=started scope=all
[2026-08-15 17:12:04.870] [info]  [serialport] event=serialport.connect status=started scope=all
[2026-08-15 17:12:04.921] [error] [serialport] event=serialport.error status=failed reason=port_error boardName=board1 port=COM3 message="Opening COM3: Access denied"
[2026-08-15 17:12:05.020] [debug] [serialport] event=serialport.connect status=success boardName=board1 port=COM3
[2026-08-15 17:12:05.238] [debug] [serialport] event=serialport.packet status=success boardName=board1 length=24 message="bytearray(b'\\x020A1DCP0201A00101A10344\\x03')"
[2026-08-15 17:12:32.457] [info]  [serialport] event=serialport.connect status=started scope=all
[2026-08-15 17:12:32.476] [info]  [serialport] event=serialport.connect status=started scope=all
[2026-08-15 17:12:32.521] [error] [serialport] event=serialport.error status=failed reason=port_error boardName=board1 port=COM3 message="Opening COM3: Access denied"
[2026-08-15 17:12:32.695] [debug] [serialport] event=serialport.connect status=success boardName=board1 port=COM3
[2026-08-15 17:12:32.704] [debug] [serialport] event=serialport.packet status=success boardName=board1 length=24 message="bytearray(b'\\x020A1DCP0201A00101A10344\\x03')"
[2026-08-15 17:15:40.008] [info]  [serialport] event=settings.change status=success scope=all
[2026-08-15 17:15:40.010] [info]  [serialport] event=serialport.connect status=started scope=all
[2026-08-15 17:15:40.013] [info]  [serialport] event=serialport.connect status=started scope=all
[2026-08-15 17:15:40.047] [info]  [serialport] event=serialport.connect status=started scope=all
[2026-08-15 17:15:40.089] [error] [serialport] event=serialport.error status=failed reason=port_error boardName=board1 port=COM6 message="Opening COM6: Access denied"
[2026-08-15 17:15:40.092] [error] [serialport] event=serialport.error status=failed reason=port_error boardName=board2 port=COM7 message="Opening COM7: Access denied"
[2026-08-15 17:15:40.275] [debug] [serialport] event=serialport.close status=success boardName=board1 port=COM3
[2026-08-15 17:15:40.277] [debug] [serialport] event=serialport.connect status=success boardName=board1 port=COM6
[2026-08-15 17:15:40.279] [debug] [serialport] event=serialport.connect status=success boardName=board2 port=COM7
[2026-08-15 17:15:40.322] [error] [serialport] event=serialport.error status=failed reason=port_error boardName=board1 port=COM6 message="Opening COM6: Access denied"
[2026-08-15 17:15:40.323] [error] [serialport] event=serialport.error status=failed reason=port_error boardName=board2 port=COM7 message="Opening COM7: Access denied"
[2026-08-15 17:15:40.373] [debug] [serialport] event=serialport.packet status=success boardName=board1 length=24 message="bytearray(b'\\x020A1DCP0201A00101A10344\\x03')"
[2026-08-15 17:15:40.412] [debug] [serialport] event=serialport.packet status=success boardName=board1 length=24 message="bytearray(b'\\x020A1DPC0200A00101A00342\\x03')"
[2026-08-15 17:15:40.413] [debug] [serialport] event=serialport.packet.parse status=success boardName=board1 message="{\"isValidStx\":true,\"isValidEtx\":true,\"isValidDst\":true,\"isValidSrc\":true,\"isValidLength\":true,\"fnc\":\"1\",\"act\":\"D\",\"data\":{\"0\":48,\"1\":50,\"2\":48,\"3\":48,\"4\":65,\"5\":48,\"6\":48,\"7\":49,\"8\":48,\"9\":49,\"10\":65,\"11\":48,\"12\":48,\"13\":51,\"14\":52},\"values\":[\"02\",\"00\",\"A0\",\"01\",\"01\",\"A0\",\"03\"],\"part\":{},\"isValidChecksum\":true}"