[2026-09-22 00:44:01.651] [info]  [TOSS RAW ORDER] orderId=757265970702897498, items=[{"name":"크로플","productNo":"16642245","options":[]}]
[2026-09-22 00:44:01.657] [info]  [TOSS ITEM RESOLVED] orderId=757265970702897498, item="크로플" (16642245) | rawOptions=[] ➔ resolved="undefined" (undefined) steps=undefined
[2026-09-22 00:44:01.668] [info]  [toss] event=order.completed status=success source=toss virtual=on mode=order orderId=757265970702897498 bill=757265970702897498 menuCount=0
[2026-09-22 05:22:49.530] [info]  [TOSS RAW ORDER] orderId=757336134341403478, items=[{"name":"아메리카노","productNo":"16642168","options":[{"optionCode":"1756058","optionName":"ICE","price":0,"quantity":1}]}]
[2026-09-22 05:22:49.535] [info]  [TOSS ITEM RESOLVED] orderId=757336134341403478, item="아메리카노" (16642168) | rawOptions=[{"optionCode":"1756058","optionName":"ICE","price":0,"quantity":1}] ➔ resolved="ICE 아메리카노 (시그니처)" (MSI1002) steps={"step1":["CUP","ICE"],"step2":["COFFEE",60],"step3":["ICE",6000],"step4":["COLD",155]}
[2026-09-22 05:24:00.595] [info]  [toss] event=order.completed status=success source=toss virtual=off mode=order orderId=757336134341403478 bill=757336134341403478 menuCount=1
[2026-09-22 08:44:08.095] [info]  [TOSS RAW ORDER] orderId=757386793640042953, items=[{"name":"모카번","productNo":"16642253","options":[]},{"name":"아메리카노","productNo":"16642168","options":[{"optionCode":"1756058","optionName":"ICE","price":0,"quantity":1}]},{"name":"아메리카노","productNo":"16642168","options":[{"optionCode":"1756058","optionName":"ICE","price":0,"quantity":1},{"optionCode":"1757867","optionName":"연하게","price":0,"quantity":1}]}]
[2026-09-22 08:44:08.103] [info]  [TOSS ITEM RESOLVED] orderId=757386793640042953, item="모카번" (16642253) | rawOptions=[] ➔ resolved="undefined" (undefined) steps=undefined
[2026-09-22 08:44:08.110] [info]  [TOSS ITEM RESOLVED] orderId=757386793640042953, item="아메리카노" (16642168) | rawOptions=[{"optionCode":"1756058","optionName":"ICE","price":0,"quantity":1}] ➔ resolved="ICE 아메리카노 (시그니처)" (MSI1002) steps={"step1":["CUP","ICE"],"step2":["COFFEE",60],"step3":["ICE",6000],"step4":["COLD",155]}
[2026-09-22 08:44:08.114] [info]  [TOSS ITEM RESOLVED] orderId=757386793640042953, item="아메리카노" (16642168) | rawOptions=[{"optionCode":"1756058","optionName":"ICE","price":0,"quantity":1},{"optionCode":"1757867","optionName":"연하게","price":0,"quantity":1}] ➔ resolved="ICE 아메리카노 (시그니처) (연하게)" (MSI1001) steps={"step1":["CUP","ICE"],"step2":["COFFEE",45],"step3":["ICE",6000],"step4":["COLD",170]}
[2026-09-22 08:45:51.358] [info]  [toss] event=order.completed status=success source=toss virtual=off mode=order orderId=757386793640042953 bill=757386793640042953 menuCount=2
[2026-09-22 08:53:22.578] [info]  [TOSS RAW ORDER] orderId=757389116441410810, items=[{"name":"카페라떼","productNo":"16642171","options":[{"optionCode":"1756058","optionName":"ICE","price":0,"quantity":1}]}]
[2026-09-22 08:53:22.583] [info]  [TOSS ITEM RESOLVED] orderId=757389116441410810, item="카페라떼" (16642171) | rawOptions=[{"optionCode":"1756058","optionName":"ICE","price":0,"quantity":1}] ➔ resolved="ICE 카페라떼 (시그니처)" (MSI2001) steps={"step1":["CUP","ICE"],"step2":["COFFEE",60],"step3":["ICE",6000],"step4":["COLD_MILK",160]}
[2026-09-22 08:54:19.856] [info]  [toss] event=order.completed status=success source=toss virtual=off mode=order orderId=757389116441410810 bill=757389116441410810 menuCount=1
[2026-09-22 09:47:53.184] [info]  [TOSS RAW ORDER] orderId=757402852514378687, items=[{"name":"아메리카노","productNo":"16642168","options":[{"optionCode":"1756058","optionName":"ICE","price":0,"quantity":1},{"optionCode":"1756059","optionName":"시그니처","price":0,"quantity":1},{"optionCode":"1757867","optionName":"연하게","price":0,"quantity":1}]},{"name":"아메리카노","productNo":"16642168","options":[{"optionCode":"1756058","optionName":"ICE","price":0,"quantity":1},{"optionCode":"1756059","optionName":"시그니처","price":0,"quantity":1}]}]
[2026-09-22 09:47:53.193] [info]  [TOSS ITEM RESOLVED] orderId=757402852514378687, item="아메리카노" (16642168) | rawOptions=[{"optionCode":"1756058","optionName":"ICE","price":0,"quantity":1},{"optionCode":"1756059","optionName":"시그니처","price":0,"quantity":1},{"optionCode":"1757867","optionName":"연하게","price":0,"quantity":1}] ➔ resolved="ICE 아메리카노 (시그니처) (연하게)" (MSI1001) steps={"step1":["CUP","ICE"],"step2":["COFFEE",45],"step3":["ICE",6000],"step4":["COLD",170]}
[2026-09-22 09:47:53.199] [info]  [TOSS ITEM RESOLVED] orderId=757402852514378687, item="아메리카노" (16642168) | rawOptions=[{"optionCode":"1756058","optionName":"ICE","price":0,"quantity":1},{"optionCode":"1756059","optionName":"시그니처","price":0,"quantity":1}] ➔ resolved="ICE 아메리카노 (시그니처)" (MSI1002) steps={"step1":["CUP","ICE"],"step2":["COFFEE",60],"step3":["ICE",6000],"step4":["COLD",155]}
[2026-09-22 10:02:28.082] [info]  [TOSS RAW ORDER] orderId=757406522375177527, items=[{"name":"아메리카노(연하게)","productNo":"17283380","options":[{"optionCode":"1756058","optionName":"ICE","price":0,"quantity":1}]}]
[2026-09-22 10:02:28.094] [info]  [TOSS ITEM RESOLVED] orderId=757406522375177527, item="아메리카노(연하게)" (17283380) | rawOptions=[{"optionCode":"1756058","optionName":"ICE","price":0,"quantity":1}] ➔ resolved="ICE 아메리카노 (시그니처) (연하게)" (MSI1001) steps={"step1":["CUP","ICE"],"step2":["COFFEE",45],"step3":["ICE",6000],"step4":["COLD",170]}
[2026-09-22 10:03:03.254] [info]  [toss] event=order.completed status=success source=toss virtual=off mode=order orderId=757406522375177527 bill=757406522375177527 menuCount=1
[2026-09-22 12:17:58.126] [info]  [TOSS RAW ORDER] orderId=757440596166880485, items=[{"name":"아메리카노","productNo":"16642168","options":[{"optionCode":"1756058","optionName":"ICE","price":0,"quantity":1}]},{"name":"아메리카노(연하게)","productNo":"17283380","options":[{"optionCode":"1756058","optionName":"ICE","price":0,"quantity":1}]}]
[2026-09-22 12:17:58.131] [info]  [TOSS ITEM RESOLVED] orderId=757440596166880485, item="아메리카노" (16642168) | rawOptions=[{"optionCode":"1756058","optionName":"ICE","price":0,"quantity":1}] ➔ resolved="ICE 아메리카노 (시그니처)" (MSI1002) steps={"step1":["CUP","ICE"],"step2":["COFFEE",60],"step3":["ICE",6000],"step4":["COLD",155]}
[2026-09-22 12:17:58.137] [info]  [TOSS ITEM RESOLVED] orderId=757440596166880485, item="아메리카노(연하게)" (17283380) | rawOptions=[{"optionCode":"1756058","optionName":"ICE","price":0,"quantity":1}] ➔ resolved="ICE 아메리카노 (시그니처) (연하게)" (MSI1001) steps={"step1":["CUP","ICE"],"step2":["COFFEE",45],"step3":["ICE",6000],"step4":["COLD",170]}
[2026-09-22 12:20:10.433] [info]  [toss] event=order.completed status=success source=toss virtual=off mode=order orderId=757440596166880485 bill=757440596166880485 menuCount=3
[2026-09-22 12:20:39.005] [info]  [TOSS RAW ORDER] orderId=757441284376679893, items=[{"name":"아메리카노(디카페인)","productNo":"16711181","options":[{"optionCode":"1756058","optionName":"ICE","price":0,"quantity":1}]}]
[2026-09-22 12:20:39.010] [info]  [TOSS ITEM RESOLVED] orderId=757441284376679893, item="아메리카노(디카페인)" (16711181) | rawOptions=[{"optionCode":"1756058","optionName":"ICE","price":0,"quantity":1}] ➔ resolved="ICE 아메리카노 (디카페인)" (MNI1002) steps={"step1":["CUP","ICE"],"step2":["COFFEE",61],"step3":["ICE",6000],"step4":["COLD",155]}
[2026-09-22 12:22:05.570] [info]  [toss] event=order.completed status=success source=toss virtual=off mode=order orderId=757441284376679893 bill=757441284376679893 menuCount=2
[2026-09-22 12:48:23.120] [info]  [TOSS RAW ORDER] orderId=757448269256028231, items=[{"name":"말차초코라떼","productNo":"16659464","options":[{"optionCode":"1756058","optionName":"ICE","price":0,"quantity":1}]}]
[2026-09-22 12:48:23.127] [info]  [TOSS ITEM RESOLVED] orderId=757448269256028231, item="말차초코라떼" (16659464) | rawOptions=[{"optionCode":"1756058","optionName":"ICE","price":0,"quantity":1}] ➔ resolved="ICE 말차라떼 (초코)" (MMI3003) steps={"step1":["CUP","ICE"],"step2":["ICE",6000],"step3":["COLD_MILK",180],"step4":["말차",30],"step5":["초코",40]}
[2026-09-22 12:48:53.498] [info]  [toss] event=order.completed status=success source=toss virtual=off mode=order orderId=757448269256028231 bill=757448269256028231 menuCount=1
[2026-09-22 12:49:27.211] [info]  [TOSS RAW ORDER] orderId=757448532847060341, items=[{"name":"딸기라떼","productNo":"16642191","options":[{"optionCode":"1756058","optionName":"ICE","price":0,"quantity":1}]}]
[2026-09-22 12:49:27.215] [info]  [TOSS ITEM RESOLVED] orderId=757448532847060341, item="딸기라떼" (16642191) | rawOptions=[{"optionCode":"1756058","optionName":"ICE","price":0,"quantity":1}] ➔ resolved="ICE 딸기라떼" (MMI3009) steps={"step1":["CUP","ICE"],"step2":["ICE",6000],"step3":["COLD_MILK",180],"step4":["딸기",70]}
[2026-09-22 12:49:48.663] [info]  [toss] event=order.completed status=success source=toss virtual=off mode=order orderId=757448532847060341 bill=757448532847060341 menuCount=1