[2026-08-12 00:00:26.214] [info]  [HASTE DB Load] Loaded settings from SQLite database successfully. StoreName: "김포운양역점", StoreNo: "075575", ThemeMode: "Light", KioskType: "TOSS", isKioskDryRun: "false"
[2026-08-12 00:00:26.680] [info]  [HASTE DB Security] Databases locked dynamically on disk after mount.
[2026-08-12 00:00:26.687] [info]  [app] event=app.startup status=started appVersion=3.1.0-t1 packaged=false
[2026-08-12 00:00:26.760] [info]  [app] event=app.window status=success
[2026-08-12 00:00:26.815] [info]  [app] event=app.tray status=success
[2026-08-12 00:00:26.817] [info]  [app] event=updater.check status=ignored reason=store_managed_distribution
[2026-08-12 00:00:26.820] [info]  [app] event=app.ipc status=success
[2026-08-12 00:00:26.823] [info]  [app] event=task.start status=success
[2026-08-12 00:00:26.825] [debug] [api] [api] event=settings.change status=success port=8080 posStoreNo=075575 deviceModelId=D0000
[2026-08-12 00:00:26.829] [info]  [api] [HASTE] Found SSL Certificates at: C:\Users\김성규\Desktop\HASTE-AI\src\cafehaste-client\src\lilly-electron\resources
[2026-08-12 00:00:26.843] [info]  [api] [HASTE] Started HTTP Hono Server on port 8080 (Samsung Kiosk Mode).
[2026-08-12 00:00:26.850] [info]  [api] [HASTE] Started HTTPS Hono Server on port 8443 (Toss Kiosk Mode).
[2026-08-12 00:00:26.853] [debug] [api] [api] event=api.server status=success port=8080 host=0.0.0.0
[2026-08-12 00:00:26.856] [info]  [serialport] [serialport] event=serialport.connect status=started scope=all
[2026-08-12 00:00:26.859] [debug] [coffee] [coffee] event=settings.change status=success field=thirdpartyType value=Lilly_(WMF)
[2026-08-12 00:00:26.863] [debug] [coffee] [coffee] event=coffee.socket status=started transport=ws machineName=WMF model=Lilly_(WMF) ip=192.168.10.99 port=25000
[2026-08-12 00:00:26.875] [debug] [coffee] [coffee] event=temperature.change status=success
[2026-08-12 00:00:26.877] [debug] [api] [api] event=did.callback status=ignored reason=local_did_not_open screen=temperature
[2026-08-12 00:00:26.883] [info]  [HASTE DB Save] Settings category "inventory" has been updated and saved to SQLite successfully.
[2026-08-12 00:00:26.887] [info]  [HASTE DB Save] Settings category "inventory" has been updated and saved to SQLite successfully.
[2026-08-12 00:00:26.889] [info]  [serialport] [serialport] event=serialport.connect status=started scope=all
[2026-08-12 00:00:26.895] [info]  [HASTE DB Save] Settings category "inventory" has been updated and saved to SQLite successfully.
[2026-08-12 00:00:26.900] [info]  [HASTE DB Save] Settings category "inventory" has been updated and saved to SQLite successfully.
[2026-08-12 00:00:26.902] [debug] [api] [HASTE Theme Sync] Applied local UI theme: isDark=false
[2026-08-12 00:00:26.904] [info]  [HASTE Switch] Haste Agent Bot disabled. Suspending bridge process...
[2026-08-12 00:00:26.905] [debug] [api] [api] event=did.callback status=started target=local screen=main
[2026-08-12 00:00:26.908] [info]  [app] event=app.startup status=success message="subscriptions registered"
[2026-08-12 00:00:26.910] [debug] [task] [task] event=scheduler.change status=success routine=FOAMER_RINSING intervalSec=6000 normalizedIntervalSec=6000
[2026-08-12 00:00:26.915] [debug] [task] [task] event=scheduler.change status=success routine=WARM_RINSING intervalSec=0 normalizedIntervalSec=0
[2026-08-12 00:00:26.918] [debug] [task] [task] event=scheduler.change status=success routine=MIXER_RINSING intervalSec=0 normalizedIntervalSec=0
[2026-08-12 00:00:26.920] [debug] [task] [task] event=scheduler.change status=success routine=ERROR_CHECK intervalSec=1800 normalizedIntervalSec=1800
[2026-08-12 00:00:26.922] [debug] [task] [task] event=scheduler.change status=success routine=ICE_MAKER intervalSec=1800 normalizedIntervalSec=1800
[2026-08-12 00:00:26.924] [debug] [task] [task] event=scheduler.change status=success routine=TEMP_CHECK intervalSec=600 normalizedIntervalSec=600
[2026-08-12 00:00:26.928] [debug] [app] event=scheduler.change status=success routine=license.verify intervalSec=86400
[2026-08-12 00:00:26.929] [info]  [app] event=app.startup status=success message="schedulers registered"
[2026-08-12 00:00:26.930] [info]  [app] event=license.verify status=success state=approved storeId=075575
[2026-08-12 00:00:26.954] [error] [serialport] [serialport] event=serialport.error status=failed reason=port_error boardName=board1 port=COM6 message="Opening COM6: File not found"
[2026-08-12 00:00:26.958] [error] [serialport] [serialport] event=serialport.error status=failed reason=port_error boardName=board2 port=COM7 message="Opening COM7: File not found"
[2026-08-12 00:00:26.960] [error] [serialport] [serialport] event=serialport.error status=failed reason=port_error boardName=board1 port=COM6 message="Opening COM6: File not found"
[2026-08-12 00:00:26.963] [error] [serialport] [serialport] event=serialport.error status=failed reason=port_error boardName=board2 port=COM7 message="Opening COM7: File not found"
[2026-08-12 00:00:26.966] [debug] [api] [HASTE DevTools Sync] Current window DevTools opened state: false, Target state: false
[2026-08-12 00:00:31.868] [error] [coffee] [coffee] event=coffee.socket status=failed reason=open_timeout transport=ws machineName=WMF model=Lilly_(WMF) ip=192.168.10.99 port=25000
[2026-08-12 00:00:31.871] [error] [coffee] [coffee] event=coffee.socket status=failed reason=connect_failed transport=ws machineName=WMF model=Lilly_(WMF) ip=192.168.10.99 port=25000
[2026-08-12 00:00:47.974] [error] [coffee] [coffee] event=coffee.socket status=failed reason=ws_error machineName=WMF model=Lilly_(WMF) ip=192.168.10.99 port=25000 message="connect ETIMEDOUT 192.168.10.99:25000"
[2026-08-12 00:14:01.067] [info]  [HASTE DB Security] Databases closed and locked successfully on exit.
[2026-08-12 00:14:01.068] [info]  [HASTE Shutdown] Releasing all serial ports...
[2026-08-12 00:14:01.069] [info]  [app] event=app.shutdown status=started
[2026-08-12 00:15:44.727] [info]  [HASTE Garbage Collector] Successfully removed legacy trash file: toss_menu.db
[2026-08-12 00:15:44.746] [info]  [HASTE DB Load] Loaded settings from SQLite database successfully. StoreName: "김포운양역점", StoreNo: "075575", ThemeMode: "Light", KioskType: "TOSS", isKioskDryRun: "false"
[2026-08-12 00:15:45.264] [info]  [HASTE DB Security] Databases locked dynamically on disk after mount.
[2026-08-12 00:15:45.272] [info]  [app] event=app.startup status=started appVersion=3.1.0-t1 packaged=false
[2026-08-12 00:15:45.346] [info]  [app] event=app.window status=success
[2026-08-12 00:15:45.455] [info]  [app] event=app.tray status=success
[2026-08-12 00:15:45.457] [info]  [app] event=updater.check status=ignored reason=store_managed_distribution
[2026-08-12 00:15:45.464] [info]  [app] event=app.ipc status=success
[2026-08-12 00:15:45.467] [info]  [app] event=task.start status=success
[2026-08-12 00:15:45.470] [debug] [api] [api] event=settings.change status=success port=8080 posStoreNo=075575 deviceModelId=D0000
[2026-08-12 00:15:45.477] [info]  [api] [HASTE] Found SSL Certificates at: C:\Users\김성규\Desktop\HASTE-AI\src\cafehaste-client\src\lilly-electron\resources
[2026-08-12 00:15:45.492] [info]  [api] [HASTE] Started HTTP Hono Server on port 8080 (Samsung Kiosk Mode).
[2026-08-12 00:15:45.498] [info]  [api] [HASTE] Started HTTPS Hono Server on port 8443 (Toss Kiosk Mode).
[2026-08-12 00:15:45.502] [debug] [api] [api] event=api.server status=success port=8080 host=0.0.0.0
[2026-08-12 00:15:45.508] [info]  [serialport] [serialport] event=serialport.connect status=started scope=all
[2026-08-12 00:15:45.513] [debug] [coffee] [coffee] event=settings.change status=success field=thirdpartyType value=Lilly_(WMF)
[2026-08-12 00:15:45.520] [debug] [coffee] [coffee] event=coffee.socket status=started transport=ws machineName=WMF model=Lilly_(WMF) ip=192.168.10.99 port=25000
[2026-08-12 00:15:45.539] [debug] [coffee] [coffee] event=temperature.change status=success
[2026-08-12 00:15:45.544] [debug] [api] [api] event=did.callback status=ignored reason=local_did_not_open screen=temperature
[2026-08-12 00:15:45.552] [info]  [HASTE DB Save] Settings category "inventory" has been updated and saved to SQLite successfully.
[2026-08-12 00:15:45.555] [info]  [HASTE DB Save] Settings category "inventory" has been updated and saved to SQLite successfully.
[2026-08-12 00:15:45.559] [info]  [serialport] [serialport] event=serialport.connect status=started scope=all
[2026-08-12 00:15:45.569] [info]  [HASTE DB Save] Settings category "inventory" has been updated and saved to SQLite successfully.
[2026-08-12 00:15:45.572] [info]  [HASTE DB Save] Settings category "inventory" has been updated and saved to SQLite successfully.
[2026-08-12 00:15:45.576] [debug] [api] [HASTE Theme Sync] Applied local UI theme: isDark=false
[2026-08-12 00:15:45.580] [info]  [HASTE Switch] Haste Agent Bot disabled. Suspending bridge process...
[2026-08-12 00:15:45.581] [debug] [api] [api] event=did.callback status=started target=local screen=main
[2026-08-12 00:15:45.587] [info]  [app] event=app.startup status=success message="subscriptions registered"
[2026-08-12 00:15:45.589] [debug] [task] [task] event=scheduler.change status=success routine=FOAMER_RINSING intervalSec=6000 normalizedIntervalSec=6000
[2026-08-12 00:15:45.595] [debug] [task] [task] event=scheduler.change status=success routine=WARM_RINSING intervalSec=0 normalizedIntervalSec=0
[2026-08-12 00:15:45.599] [debug] [task] [task] event=scheduler.change status=success routine=MIXER_RINSING intervalSec=0 normalizedIntervalSec=0
[2026-08-12 00:15:45.605] [debug] [task] [task] event=scheduler.change status=success routine=ERROR_CHECK intervalSec=1800 normalizedIntervalSec=1800
[2026-08-12 00:15:45.612] [debug] [task] [task] event=scheduler.change status=success routine=ICE_MAKER intervalSec=1800 normalizedIntervalSec=1800
[2026-08-12 00:15:45.617] [debug] [task] [task] event=scheduler.change status=success routine=TEMP_CHECK intervalSec=600 normalizedIntervalSec=600
[2026-08-12 00:15:45.624] [debug] [app] event=scheduler.change status=success routine=license.verify intervalSec=86400
[2026-08-12 00:15:45.627] [info]  [app] event=app.startup status=success message="schedulers registered"
[2026-08-12 00:15:45.631] [info]  [app] event=license.verify status=success state=approved storeId=075575
[2026-08-12 00:15:45.662] [error] [serialport] [serialport] event=serialport.error status=failed reason=port_error boardName=board1 port=COM6 message="Opening COM6: File not found"
[2026-08-12 00:15:45.669] [error] [serialport] [serialport] event=serialport.error status=failed reason=port_error boardName=board2 port=COM7 message="Opening COM7: File not found"
[2026-08-12 00:15:45.678] [error] [serialport] [serialport] event=serialport.error status=failed reason=port_error boardName=board1 port=COM6 message="Opening COM6: File not found"
[2026-08-12 00:15:45.684] [error] [serialport] [serialport] event=serialport.error status=failed reason=port_error boardName=board2 port=COM7 message="Opening COM7: File not found"
[2026-08-12 00:15:45.690] [debug] [api] [HASTE DevTools Sync] Current window DevTools opened state: false, Target state: false
[2026-08-12 00:17:24.745] [info]  [HASTE DB Load] Loaded settings from SQLite database successfully. StoreName: "김포운양역점", StoreNo: "075575", ThemeMode: "Light", KioskType: "TOSS", isKioskDryRun: "false"
[2026-08-12 00:17:25.201] [info]  [HASTE DB Security] Databases locked dynamically on disk after mount.
[2026-08-12 00:17:25.206] [info]  [app] event=app.startup status=started appVersion=3.1.0-t1 packaged=false
[2026-08-12 00:17:25.285] [info]  [app] event=app.window status=success
[2026-08-12 00:17:25.338] [info]  [app] event=app.tray status=success
[2026-08-12 00:17:25.340] [info]  [app] event=updater.check status=ignored reason=store_managed_distribution
[2026-08-12 00:17:25.345] [info]  [app] event=app.ipc status=success
[2026-08-12 00:17:25.347] [info]  [app] event=task.start status=success
[2026-08-12 00:17:25.349] [debug] [api] [api] event=settings.change status=success port=8080 posStoreNo=075575 deviceModelId=D0000
[2026-08-12 00:17:25.354] [info]  [api] [HASTE] Found SSL Certificates at: C:\Users\김성규\Desktop\HASTE-AI\src\cafehaste-client\src\lilly-electron\resources
[2026-08-12 00:17:25.366] [info]  [api] [HASTE] Started HTTP Hono Server on port 8080 (Samsung Kiosk Mode).
[2026-08-12 00:17:25.371] [info]  [api] [HASTE] Started HTTPS Hono Server on port 8443 (Toss Kiosk Mode).
[2026-08-12 00:17:25.373] [debug] [api] [api] event=api.server status=success port=8080 host=0.0.0.0
[2026-08-12 00:17:25.376] [info]  [serialport] [serialport] event=serialport.connect status=started scope=all
[2026-08-12 00:17:25.381] [debug] [coffee] [coffee] event=settings.change status=success field=thirdpartyType value=Lilly_(WMF)
[2026-08-12 00:17:25.384] [debug] [coffee] [coffee] event=coffee.socket status=started transport=ws machineName=WMF model=Lilly_(WMF) ip=192.168.10.99 port=25000
[2026-08-12 00:17:25.394] [debug] [coffee] [coffee] event=temperature.change status=success
[2026-08-12 00:17:25.396] [debug] [api] [api] event=did.callback status=ignored reason=local_did_not_open screen=temperature
[2026-08-12 00:17:25.400] [info]  [HASTE DB Save] Settings category "inventory" has been updated and saved to SQLite successfully.
[2026-08-12 00:17:25.403] [info]  [HASTE DB Save] Settings category "inventory" has been updated and saved to SQLite successfully.
[2026-08-12 00:17:25.404] [info]  [serialport] [serialport] event=serialport.connect status=started scope=all
[2026-08-12 00:17:25.408] [info]  [HASTE DB Save] Settings category "inventory" has been updated and saved to SQLite successfully.
[2026-08-12 00:17:25.411] [info]  [HASTE DB Save] Settings category "inventory" has been updated and saved to SQLite successfully.
[2026-08-12 00:17:25.413] [debug] [api] [HASTE Theme Sync] Applied local UI theme: isDark=false
[2026-08-12 00:17:25.415] [info]  [HASTE Switch] Haste Agent Bot disabled. Suspending bridge process...
[2026-08-12 00:17:25.416] [debug] [api] [api] event=did.callback status=started target=local screen=main
[2026-08-12 00:17:25.419] [info]  [app] event=app.startup status=success message="subscriptions registered"
[2026-08-12 00:17:25.420] [debug] [task] [task] event=scheduler.change status=success routine=FOAMER_RINSING intervalSec=6000 normalizedIntervalSec=6000
[2026-08-12 00:17:25.423] [debug] [task] [task] event=scheduler.change status=success routine=WARM_RINSING intervalSec=0 normalizedIntervalSec=0
[2026-08-12 00:17:25.426] [debug] [task] [task] event=scheduler.change status=success routine=MIXER_RINSING intervalSec=0 normalizedIntervalSec=0
[2026-08-12 00:17:25.428] [debug] [task] [task] event=scheduler.change status=success routine=ERROR_CHECK intervalSec=1800 normalizedIntervalSec=1800
[2026-08-12 00:17:25.429] [debug] [task] [task] event=scheduler.change status=success routine=ICE_MAKER intervalSec=1800 normalizedIntervalSec=1800
[2026-08-12 00:17:25.431] [debug] [task] [task] event=scheduler.change status=success routine=TEMP_CHECK intervalSec=600 normalizedIntervalSec=600
[2026-08-12 00:17:25.432] [debug] [app] event=scheduler.change status=success routine=license.verify intervalSec=86400
[2026-08-12 00:17:25.433] [info]  [app] event=app.startup status=success message="schedulers registered"
[2026-08-12 00:17:25.434] [info]  [app] event=license.verify status=success state=approved storeId=075575
[2026-08-12 00:17:25.461] [error] [serialport] [serialport] event=serialport.error status=failed reason=port_error boardName=board1 port=COM6 message="Opening COM6: File not found"
[2026-08-12 00:17:25.465] [error] [serialport] [serialport] event=serialport.error status=failed reason=port_error boardName=board2 port=COM7 message="Opening COM7: File not found"
[2026-08-12 00:17:25.467] [error] [serialport] [serialport] event=serialport.error status=failed reason=port_error boardName=board1 port=COM6 message="Opening COM6: File not found"
[2026-08-12 00:17:25.470] [error] [serialport] [serialport] event=serialport.error status=failed reason=port_error boardName=board2 port=COM7 message="Opening COM7: File not found"
[2026-08-12 00:17:25.472] [debug] [api] [HASTE DevTools Sync] Current window DevTools opened state: false, Target state: false
[2026-08-12 00:17:30.398] [error] [coffee] [coffee] event=coffee.socket status=failed reason=open_timeout transport=ws machineName=WMF model=Lilly_(WMF) ip=192.168.10.99 port=25000
[2026-08-12 00:17:30.401] [error] [coffee] [coffee] event=coffee.socket status=failed reason=connect_failed transport=ws machineName=WMF model=Lilly_(WMF) ip=192.168.10.99 port=25000
[2026-08-12 00:17:46.488] [error] [coffee] [coffee] event=coffee.socket status=failed reason=ws_error machineName=WMF model=Lilly_(WMF) ip=192.168.10.99 port=25000 message="connect ETIMEDOUT 192.168.10.99:25000"
[2026-08-12 00:19:16.986] [debug] [api] [HASTE Theme Sync] Applied local UI theme: isDark=false
[2026-08-12 00:19:16.993] [info]  [HASTE DB Save] Settings category "information" has been updated and saved to SQLite successfully.
[2026-08-12 00:19:17.041] [debug] [api] [HASTE DevTools Sync] Current window DevTools opened state: false, Target state: false
[2026-08-12 00:19:17.085] [info]  [HASTE DB Save] Settings category "information" has been updated and saved to SQLite successfully.
[2026-08-12 00:19:17.087] [info]  [HASTE DB Save] Settings category "information" has been updated and saved to SQLite successfully.
[2026-08-12 00:19:17.089] [info]  [HASTE DB Save] Settings category "information" has been updated and saved to SQLite successfully.