[2026-10-01 00:45:35.231] [info]  [TOSS RAW ORDER] orderId=760527810543666843, items=[{"name":"바닐라카라멜라떼","productNo":"16914546","options":[{"optionCode":"1784936","optionName":"ICE","price":0,"quantity":1}]},{"name":"아메리카노","productNo":"16914493","options":[{"optionCode":"1784936","optionName":"ICE","price":0,"quantity":1}]}]
[2026-10-01 00:45:35.246] [info]  [TOSS ITEM RESOLVED] orderId=760527810543666843, item="바닐라카라멜라떼" (16914546) | rawOptions=[{"optionCode":"1784936","optionName":"ICE","price":0,"quantity":1}] ➔ resolved="ICE 바닐라카라멜라떼" (GMI3026) steps={"step1":["CUP","ICE"],"step2":["ICE",5000],"step3":["COLD_MILK",160],"step4":["바닐라","15"],"step5":["카라멜","30"]}
[2026-10-01 00:45:35.250] [info]  [TOSS ITEM RESOLVED] orderId=760527810543666843, item="아메리카노" (16914493) | rawOptions=[{"optionCode":"1784936","optionName":"ICE","price":0,"quantity":1}] ➔ resolved="ICE 아메리카노 (시그니처)" (GSI1002) steps={"step1":["CUP","ICE"],"step2":["COFFEE","60"],"step3":["ICE","5000"],"step4":["COLD","120"]}
[2026-10-01 00:46:03.901] [error] [toss] event=order.failed status=failed stage=HARDWARE source=toss virtual=off mode=order orderId=760527810543666843 bill=760527810543666843 menuCount=2 error=HW물리검증_실패:_[760527810543666843]_[ICE_바닐라카라멜라떼]_주문스텝4_실패
[2026-10-01 00:53:51.221] [info]  [TOSS RAW ORDER] orderId=760529893829300910, items=[{"name":"아메리카노","productNo":"16914493","options":[{"optionCode":"1784936","optionName":"ICE","price":0,"quantity":1}]}]
[2026-10-01 00:53:51.228] [info]  [TOSS ITEM RESOLVED] orderId=760529893829300910, item="아메리카노" (16914493) | rawOptions=[{"optionCode":"1784936","optionName":"ICE","price":0,"quantity":1}] ➔ resolved="ICE 아메리카노 (시그니처)" (GSI1002) steps={"step1":["CUP","ICE"],"step2":["COFFEE","60"],"step3":["ICE","5000"],"step4":["COLD","120"]}
[2026-10-01 00:54:36.539] [info]  [toss] event=order.completed status=success source=toss virtual=off mode=order orderId=760529893829300910 bill=760529893829300910 menuCount=1
[2026-10-01 00:56:38.154] [info]  [TOSS RAW ORDER] orderId=760530594332593331, items=[{"name":"바닐라카라멜라떼","productNo":"16914546","options":[{"optionCode":"1784936","optionName":"ICE","price":0,"quantity":1}]}]
[2026-10-01 00:56:38.160] [info]  [TOSS ITEM RESOLVED] orderId=760530594332593331, item="바닐라카라멜라떼" (16914546) | rawOptions=[{"optionCode":"1784936","optionName":"ICE","price":0,"quantity":1}] ➔ resolved="ICE 바닐라카라멜라떼" (GMI3026) steps={"step1":["CUP","ICE"],"step2":["ICE",5000],"step3":["COLD_MILK",160],"step4":["바닐라","15"],"step5":["카라멜","30"]}
[2026-10-01 00:57:05.801] [error] [toss] event=order.failed status=failed stage=HARDWARE source=toss virtual=off mode=order orderId=760530594332593331 bill=760530594332593331 menuCount=1 error=HW물리검증_실패:_[760530594332593331]_[ICE_바닐라카라멜라떼]_주문스텝4_실패
[2026-10-01 01:00:54.135] [info]  [TOSS RAW ORDER] orderId=760531665545249632, items=[{"name":"아메리카노","productNo":"16914493","options":[{"optionCode":"1784936","optionName":"ICE","price":0,"quantity":1}]}]
[2026-10-01 01:00:54.141] [info]  [TOSS ITEM RESOLVED] orderId=760531665545249632, item="아메리카노" (16914493) | rawOptions=[{"optionCode":"1784936","optionName":"ICE","price":0,"quantity":1}] ➔ resolved="ICE 아메리카노 (시그니처)" (GSI1002) steps={"step1":["CUP","ICE"],"step2":["COFFEE","60"],"step3":["ICE","5000"],"step4":["COLD","120"]}
[2026-10-01 01:01:37.873] [info]  [toss] event=order.completed status=success source=toss virtual=off mode=order orderId=760531665545249632 bill=760531665545249632 menuCount=1
[2026-10-01 01:38:59.172] [info]  [TOSS RAW ORDER] orderId=760541248682632515, items=[{"name":"카페라떼","productNo":"16914499","options":[{"optionCode":"1784936","optionName":"ICE","price":0,"quantity":1}]}]
[2026-10-01 01:38:59.177] [info]  [TOSS ITEM RESOLVED] orderId=760541248682632515, item="카페라떼" (16914499) | rawOptions=[{"optionCode":"1784936","optionName":"ICE","price":0,"quantity":1}] ➔ resolved="ICE 카페라떼 (시그니처)" (GSI2001) steps={"step1":["CUP","ICE"],"step2":["COFFEE","60"],"step3":["ICE","5000"],"step4":["COLD_MILK","140"]}
[2026-10-01 01:41:11.010] [info]  [toss] event=order.completed status=success source=toss virtual=off mode=order orderId=760541248682632515 bill=760541248682632515 menuCount=2
[2026-10-01 04:51:47.778] [info]  [TOSS RAW ORDER] orderId=760589769012070670, items=[{"name":"오미자차","productNo":"16914559","options":[{"optionCode":"1784935","optionName":"HOT","price":0,"quantity":1}]}]
[2026-10-01 04:51:47.782] [info]  [TOSS ITEM RESOLVED] orderId=760589769012070670, item="오미자차" (16914559) | rawOptions=[{"optionCode":"1784935","optionName":"HOT","price":0,"quantity":1}] ➔ resolved="HOT 오미자차" (GTH5001) steps={"step1":["CUP","HOT"],"step2":["HOT","300"],"step3":["오미자","60"]}
[2026-10-01 04:52:32.170] [info]  [toss] event=order.completed status=success source=toss virtual=off mode=order orderId=760589769012070670 bill=760589769012070670 menuCount=1
[2026-10-01 07:13:23.818] [info]  [TOSS RAW ORDER] orderId=760625401440685137, items=[{"name":"카페라떼","productNo":"16914499","options":[{"optionCode":"1784936","optionName":"ICE","price":0,"quantity":1}]}]
[2026-10-01 07:13:23.829] [info]  [TOSS ITEM RESOLVED] orderId=760625401440685137, item="카페라떼" (16914499) | rawOptions=[{"optionCode":"1784936","optionName":"ICE","price":0,"quantity":1}] ➔ resolved="ICE 카페라떼 (시그니처)" (GSI2001) steps={"step1":["CUP","ICE"],"step2":["COFFEE","60"],"step3":["ICE","5000"],"step4":["COLD_MILK","140"]}
[2026-10-01 07:14:35.091] [info]  [toss] event=order.completed status=success source=toss virtual=off mode=order orderId=760625401440685137 bill=760625401440685137 menuCount=1
[2026-10-01 08:03:03.123] [info]  [TOSS RAW ORDER] orderId=760637905583657186, items=[{"name":"아메리카노","productNo":"16914493","options":[{"optionCode":"1784936","optionName":"ICE","price":0,"quantity":1}]}]
[2026-10-01 08:03:03.128] [info]  [TOSS ITEM RESOLVED] orderId=760637905583657186, item="아메리카노" (16914493) | rawOptions=[{"optionCode":"1784936","optionName":"ICE","price":0,"quantity":1}] ➔ resolved="ICE 아메리카노 (시그니처)" (GSI1002) steps={"step1":["CUP","ICE"],"step2":["COFFEE","60"],"step3":["ICE","5000"],"step4":["COLD","120"]}
[2026-10-01 08:04:09.852] [info]  [toss] event=order.completed status=success source=toss virtual=off mode=order orderId=760637905583657186 bill=760637905583657186 menuCount=1
[2026-10-01 09:04:58.499] [info]  [TOSS RAW ORDER] orderId=760653489851519232, items=[{"name":"아메리카노","productNo":"16914493","options":[{"optionCode":"1784935","optionName":"HOT","price":0,"quantity":1}]}]
[2026-10-01 09:04:58.506] [info]  [TOSS ITEM RESOLVED] orderId=760653489851519232, item="아메리카노" (16914493) | rawOptions=[{"optionCode":"1784935","optionName":"HOT","price":0,"quantity":1}] ➔ resolved="HOT 아메리카노 (시그니처)" (GSH1002) steps={"step1":["CUP","HOT"],"step2":["COFFEE","60"],"step3":["HOT","280"]}
[2026-10-01 09:05:43.092] [info]  [toss] event=order.completed status=success source=toss virtual=off mode=order orderId=760653489851519232 bill=760653489851519232 menuCount=1
[2026-10-01 12:03:33.223] [info]  [TOSS RAW ORDER] orderId=760698428538930870, items=[{"name":"아메리카노","productNo":"16914493","options":[{"optionCode":"1784936","optionName":"ICE","price":0,"quantity":1}]}]
[2026-10-01 12:03:33.229] [info]  [TOSS ITEM RESOLVED] orderId=760698428538930870, item="아메리카노" (16914493) | rawOptions=[{"optionCode":"1784936","optionName":"ICE","price":0,"quantity":1}] ➔ resolved="ICE 아메리카노 (시그니처)" (GSI1002) steps={"step1":["CUP","ICE"],"step2":["COFFEE","60"],"step3":["ICE","5000"],"step4":["COLD","120"]}
[2026-10-01 12:06:48.903] [info]  [toss] event=order.completed status=success source=toss virtual=off mode=order orderId=760698428538930870 bill=760698428538930870 menuCount=4
[2026-10-01 12:17:31.085] [info]  [TOSS RAW ORDER] orderId=760701940710695150, items=[{"name":"아메리카노","productNo":"16914493","options":[{"optionCode":"1784936","optionName":"ICE","price":0,"quantity":1}]}]
[2026-10-01 12:17:31.089] [info]  [TOSS ITEM RESOLVED] orderId=760701940710695150, item="아메리카노" (16914493) | rawOptions=[{"optionCode":"1784936","optionName":"ICE","price":0,"quantity":1}] ➔ resolved="ICE 아메리카노 (시그니처)" (GSI1002) steps={"step1":["CUP","ICE"],"step2":["COFFEE","60"],"step3":["ICE","5000"],"step4":["COLD","120"]}
[2026-10-01 12:18:27.758] [info]  [toss] event=order.completed status=success source=toss virtual=off mode=order orderId=760701940710695150 bill=760701940710695150 menuCount=1
[2026-10-01 13:07:02.181] [info]  [TOSS RAW ORDER] orderId=760714402256306644, items=[{"name":"아메리카노","productNo":"16914493","options":[{"optionCode":"1784936","optionName":"ICE","price":0,"quantity":1}]}]
[2026-10-01 13:07:02.187] [info]  [TOSS ITEM RESOLVED] orderId=760714402256306644, item="아메리카노" (16914493) | rawOptions=[{"optionCode":"1784936","optionName":"ICE","price":0,"quantity":1}] ➔ resolved="ICE 아메리카노 (시그니처)" (GSI1002) steps={"step1":["CUP","ICE"],"step2":["COFFEE","60"],"step3":["ICE","5000"],"step4":["COLD","120"]}
[2026-10-01 13:07:50.327] [info]  [toss] event=order.completed status=success source=toss virtual=off mode=order orderId=760714402256306644 bill=760714402256306644 menuCount=1
[2026-10-01 15:39:30.786] [info]  [TOSS RAW ORDER] orderId=760752778380543660, items=[{"name":"아메리카노","productNo":"16914493","options":[{"optionCode":"1784936","optionName":"ICE","price":0,"quantity":1}]}]
[2026-10-01 15:39:30.792] [info]  [TOSS ITEM RESOLVED] orderId=760752778380543660, item="아메리카노" (16914493) | rawOptions=[{"optionCode":"1784936","optionName":"ICE","price":0,"quantity":1}] ➔ resolved="ICE 아메리카노 (시그니처)" (GSI1002) steps={"step1":["CUP","ICE"],"step2":["COFFEE","60"],"step3":["ICE","5000"],"step4":["COLD","120"]}
[2026-10-01 15:40:28.834] [info]  [toss] event=order.completed status=success source=toss virtual=off mode=order orderId=760752778380543660 bill=760752778380543660 menuCount=1
[2026-10-01 17:01:25.822] [info]  [TOSS RAW ORDER] orderId=760773394764670444, items=[{"name":"아메리카노","productNo":"16914493","options":[{"optionCode":"1784936","optionName":"ICE","price":0,"quantity":1},{"optionCode":"1784942","optionName":"연하게","price":0,"quantity":1}]}]
[2026-10-01 17:01:25.829] [info]  [TOSS ITEM RESOLVED] orderId=760773394764670444, item="아메리카노" (16914493) | rawOptions=[{"optionCode":"1784936","optionName":"ICE","price":0,"quantity":1},{"optionCode":"1784942","optionName":"연하게","price":0,"quantity":1}] ➔ resolved="ICE 아메리카노 (시그니처) (연하게)" (GSI1001) steps={"step1":["CUP","ICE"],"step2":["COFFEE","30"],"step3":["ICE","5000"],"step4":["COLD","150"]}
[2026-10-01 17:02:11.321] [info]  [toss] event=order.completed status=success source=toss virtual=off mode=order orderId=760773394764670444 bill=760773394764670444 menuCount=1
[2026-10-01 17:10:08.628] [info]  [TOSS RAW ORDER] orderId=760775587731349051, items=[{"name":"카라멜마끼아또","productNo":"16914505","options":[{"optionCode":"1784936","optionName":"ICE","price":0,"quantity":1}]}]
[2026-10-01 17:10:08.633] [info]  [TOSS ITEM RESOLVED] orderId=760775587731349051, item="카라멜마끼아또" (16914505) | rawOptions=[{"optionCode":"1784936","optionName":"ICE","price":0,"quantity":1}] ➔ resolved="ICE 카라멜마끼아또 (시그니처)" (GSI2005) steps={"step1":["CUP","ICE"],"step2":["COFFEE","60"],"step3":["ICE","5000"],"step4":["COLD_MILK","100"],"step5":["카라멜","30"]}
[2026-10-01 17:11:03.535] [error] [toss] event=order.failed status=failed stage=HARDWARE source=toss virtual=off mode=order orderId=760775587731349051 bill=760775587731349051 menuCount=1 error=HW물리검증_실패:_[760775587731349051]_[ICE_카라멜마끼아또_(시그니처)]_주문스텝4_실패
[2026-10-01 20:10:04.172] [info]  [TOSS RAW ORDER] orderId=760820869437328542, items=[{"name":"초코라떼","productNo":"16914528","options":[{"optionCode":"1784936","optionName":"ICE","price":0,"quantity":1}]}]
[2026-10-01 20:10:04.178] [info]  [TOSS ITEM RESOLVED] orderId=760820869437328542, item="초코라떼" (16914528) | rawOptions=[{"optionCode":"1784936","optionName":"ICE","price":0,"quantity":1}] ➔ resolved="ICE 초코라떼" (GMI3006) steps={"step1":["CUP","ICE"],"step2":["ICE",5000],"step3":["COLD_MILK",200],"step4":["초코","60"]}
[2026-10-01 20:10:41.162] [info]  [toss] event=order.completed status=success source=toss virtual=off mode=order orderId=760820869437328542 bill=760820869437328542 menuCount=1
[2026-10-01 20:30:58.279] [info]  [TOSS RAW ORDER] orderId=760826128700281940, items=[{"name":"카라멜마끼아또","productNo":"16914505","options":[{"optionCode":"1784936","optionName":"ICE","price":0,"quantity":1}]}]
[2026-10-01 20:30:58.284] [info]  [TOSS ITEM RESOLVED] orderId=760826128700281940, item="카라멜마끼아또" (16914505) | rawOptions=[{"optionCode":"1784936","optionName":"ICE","price":0,"quantity":1}] ➔ resolved="ICE 카라멜마끼아또 (시그니처)" (GSI2005) steps={"step1":["CUP","ICE"],"step2":["COFFEE","60"],"step3":["ICE","5000"],"step4":["COLD_MILK","100"],"step5":["카라멜","30"]}
[2026-10-01 20:31:50.798] [error] [toss] event=order.failed status=failed stage=HARDWARE source=toss virtual=off mode=order orderId=760826128700281940 bill=760826128700281940 menuCount=1 error=HW물리검증_실패:_[760826128700281940]_[ICE_카라멜마끼아또_(시그니처)]_주문스텝4_실패