[2026-10-10 02:15:27.369] [info]  [TOSS RAW ORDER] orderId=763811994330825293, items=[{"name":"아메리카노(연하게)","productNo":"17283380","options":[{"optionCode":"1756058","optionName":"ICE","price":0,"quantity":1}]}]
[2026-10-10 02:15:27.374] [info]  [TOSS ITEM RESOLVED] orderId=763811994330825293, item="아메리카노(연하게)" (17283380) | rawOptions=[{"optionCode":"1756058","optionName":"ICE","price":0,"quantity":1}] ➔ resolved="ICE 아메리카노 (시그니처) (연하게)" (MSI1001) steps={"step1":["CUP","ICE"],"step2":["COFFEE","45"],"step3":["ICE",6000],"step4":["COLD",170]}
[2026-10-10 02:16:13.024] [info]  [toss] event=order.completed status=success source=toss virtual=off mode=order orderId=763811994330825293 bill=763811994330825293 menuCount=1
[2026-10-10 07:36:39.305] [info]  [TOSS RAW ORDER] orderId=763892834993810103, items=[{"name":"아메리카노(연하게)","productNo":"17283380","options":[{"optionCode":"1756058","optionName":"ICE","price":0,"quantity":1}]}]
[2026-10-10 07:36:39.310] [info]  [TOSS ITEM RESOLVED] orderId=763892834993810103, item="아메리카노(연하게)" (17283380) | rawOptions=[{"optionCode":"1756058","optionName":"ICE","price":0,"quantity":1}] ➔ resolved="ICE 아메리카노 (시그니처) (연하게)" (MSI1001) steps={"step1":["CUP","ICE"],"step2":["COFFEE","45"],"step3":["ICE",6000],"step4":["COLD",170]}
[2026-10-10 07:37:16.637] [info]  [toss] event=order.completed status=success source=toss virtual=off mode=order orderId=763892834993810103 bill=763892834993810103 menuCount=1
[2026-10-10 07:40:51.802] [info]  [TOSS RAW ORDER] orderId=763893880537326688, items=[{"name":"아메리카노(연하게)","productNo":"17283380","options":[{"optionCode":"1756058","optionName":"ICE","price":0,"quantity":1}]},{"name":"자두에이드","productNo":"16642226","options":[]},{"name":"청포도에이드","productNo":"16642225","options":[]}]
[2026-10-10 07:40:51.807] [info]  [TOSS ITEM RESOLVED] orderId=763893880537326688, item="아메리카노(연하게)" (17283380) | rawOptions=[{"optionCode":"1756058","optionName":"ICE","price":0,"quantity":1}] ➔ resolved="ICE 아메리카노 (시그니처) (연하게)" (MSI1001) steps={"step1":["CUP","ICE"],"step2":["COFFEE","45"],"step3":["ICE",6000],"step4":["COLD",170]}
[2026-10-10 07:40:51.813] [info]  [TOSS ITEM RESOLVED] orderId=763893880537326688, item="자두에이드" (16642226) | rawOptions=[] ➔ resolved="ICE 자두에이드" (MAI4007) steps={"step1":["CUP","ICE"],"step2":["ICE",6000],"step3":["SPARKLE",240],"step4":["자두","65"]}
[2026-10-10 07:40:51.818] [info]  [TOSS ITEM RESOLVED] orderId=763893880537326688, item="청포도에이드" (16642225) | rawOptions=[] ➔ resolved="ICE 청포도에이드" (MAI4006) steps={"step1":["CUP","ICE"],"step2":["ICE",6000],"step3":["SPARKLE",240],"step4":["청포도","70"]}
[2026-10-10 07:43:02.866] [info]  [toss] event=order.completed status=success source=toss virtual=off mode=order orderId=763893880537326688 bill=763893880537326688 menuCount=4
[2026-10-10 08:12:58.780] [info]  [TOSS RAW ORDER] orderId=763901974612909078, items=[{"name":"아메리카노(디카페인)","productNo":"16711181","options":[{"optionCode":"1756057","optionName":"HOT","price":0,"quantity":1}]}]
[2026-10-10 08:12:58.787] [info]  [TOSS ITEM RESOLVED] orderId=763901974612909078, item="아메리카노(디카페인)" (16711181) | rawOptions=[{"optionCode":"1756057","optionName":"HOT","price":0,"quantity":1}] ➔ resolved="HOT 아메리카노 (디카페인)" (GNH1002) steps={"step1":["CUP","HOT"],"step2":["COFFEE","61"],"step3":["HOT",280]}
[2026-10-10 08:13:40.634] [info]  [toss] event=order.completed status=success source=toss virtual=off mode=order orderId=763901974612909078 bill=763901974612909078 menuCount=1
[2026-10-10 09:16:49.862] [info]  [TOSS RAW ORDER] orderId=763918037895447094, items=[{"name":"복숭아티","productNo":"16642200","options":[{"optionCode":"1756058","optionName":"ICE","price":0,"quantity":1}]},{"name":"딸기라떼","productNo":"16642191","options":[]},{"name":"헤이즐넛라떼","productNo":"16642173","options":[{"optionCode":"1756057","optionName":"HOT","price":0,"quantity":1}]},{"name":"아메리카노","productNo":"16642168","options":[{"optionCode":"1756058","optionName":"ICE","price":0,"quantity":1}]}]
[2026-10-10 09:16:49.867] [info]  [TOSS ITEM RESOLVED] orderId=763918037895447094, item="복숭아티" (16642200) | rawOptions=[{"optionCode":"1756058","optionName":"ICE","price":0,"quantity":1}] ➔ resolved="ICE 복숭아티" (MTI5000) steps={"step1":["CUP","ICE"],"step2":["ICE","6000"],"step3":["COLD","145"],"step4":["복숭아","60"],"step5":["얼그레이","10"]}
[2026-10-10 09:16:49.872] [info]  [TOSS ITEM RESOLVED] orderId=763918037895447094, item="딸기라떼" (16642191) | rawOptions=[] ➔ resolved="ICE 딸기라떼" (MMI3009) steps={"step1":["CUP","ICE"],"step2":["ICE","6000"],"step3":["COLD_MILK","180"],"step4":["딸기","70"]}
[2026-10-10 09:16:49.878] [info]  [TOSS ITEM RESOLVED] orderId=763918037895447094, item="헤이즐넛라떼" (16642173) | rawOptions=[{"optionCode":"1756057","optionName":"HOT","price":0,"quantity":1}] ➔ resolved="HOT 헤이즐넛라떼 (시그니처)" (GSH2004) steps={"step1":["CUP","HOT"],"step2":["COFFEE",60],"step3":["HOT_MILK",220],"step4":["헤이즐넛",35]}
[2026-10-10 09:16:49.883] [info]  [TOSS ITEM RESOLVED] orderId=763918037895447094, item="아메리카노" (16642168) | rawOptions=[{"optionCode":"1756058","optionName":"ICE","price":0,"quantity":1}] ➔ resolved="ICE 아메리카노 (시그니처)" (MSI1002) steps={"step1":["CUP","ICE"],"step2":["COFFEE","60"],"step3":["ICE",6000],"step4":["COLD",155]}
[2026-10-10 09:22:10.124] [info]  [toss] event=order.completed status=success source=toss virtual=off mode=order orderId=763918037895447094 bill=763918037895447094 menuCount=5
[2026-10-10 09:23:12.873] [info]  [TOSS RAW ORDER] orderId=763919657718881056, items=[{"name":"아메리카노","productNo":"16642168","options":[{"optionCode":"1756058","optionName":"ICE","price":0,"quantity":1},{"optionCode":"1756059","optionName":"시그니처","price":0,"quantity":1}]}]
[2026-10-10 09:23:12.877] [info]  [TOSS ITEM RESOLVED] orderId=763919657718881056, item="아메리카노" (16642168) | rawOptions=[{"optionCode":"1756058","optionName":"ICE","price":0,"quantity":1},{"optionCode":"1756059","optionName":"시그니처","price":0,"quantity":1}] ➔ resolved="ICE 아메리카노 (시그니처)" (MSI1002) steps={"step1":["CUP","ICE"],"step2":["COFFEE","60"],"step3":["ICE",6000],"step4":["COLD",155]}
[2026-10-10 09:24:00.049] [info]  [toss] event=order.completed status=success source=toss virtual=off mode=order orderId=763919657718881056 bill=763919657718881056 menuCount=1
[2026-10-10 10:15:34.771] [info]  [TOSS RAW ORDER] orderId=763932795440833538, items=[{"name":"오미자에이드","productNo":"16642224","options":[]},{"name":"레몬얼그레이티","productNo":"16642206","options":[{"optionCode":"1756058","optionName":"ICE","price":0,"quantity":1}]}]
[2026-10-10 10:15:34.776] [info]  [TOSS ITEM RESOLVED] orderId=763932795440833538, item="오미자에이드" (16642224) | rawOptions=[] ➔ resolved="ICE 오미자에이드" (MAI4005) steps={"step1":["CUP","ICE"],"step2":["ICE",6000],"step3":["SPARKLE",240],"step4":["오미자","70"]}
[2026-10-10 10:15:34.781] [info]  [TOSS ITEM RESOLVED] orderId=763932795440833538, item="레몬얼그레이티" (16642206) | rawOptions=[{"optionCode":"1756058","optionName":"ICE","price":0,"quantity":1}] ➔ resolved="ICE 레몬얼그레이티" (MTI5007) steps={"step1":["CUP","ICE"],"step2":["ICE","6000"],"step3":["COLD","145"],"step4":["레몬","45"],"step5":["얼그레이","25"]}
[2026-10-10 10:17:34.399] [info]  [toss] event=order.completed status=success source=toss virtual=off mode=order orderId=763932795440833538 bill=763932795440833538 menuCount=2
[2026-10-10 10:22:14.780] [info]  [manual] event=order.received status=success source=manual virtual=off mode=test orderId=INSTANT-1791595334458 bill=0000 menuCount=1 mappings=[{"baseCode":"MAI4005","recipeCode":"MAI4005","matchedMenuName":"오미자에이드","stepsSummary":"CUP:ICE,_ICE:6000,_SPARKLE:240,_오미자:70,_NONE:NONE,_NONE:NONE,_NONE:NONE,_NONE:NONE,_NONE:NONE,_NONE:NONE"}] isTestBrew=true
[2026-10-10 10:22:42.240] [info]  [manual] event=order.completed status=success source=manual virtual=off mode=test orderId=INSTANT-1791595334458 bill=0000 menuCount=1
[2026-10-10 10:42:00.564] [info]  [manual] event=order.received status=success source=manual virtual=off mode=test orderId=INSTANT-1791596520249 bill=0000 menuCount=1 mappings=[{"baseCode":"MSI1001","recipeCode":"MSI1001","matchedMenuName":"ICE_아메리카노_(시그니처)_(연하게)","stepsSummary":"CUP:ICE,_COFFEE:45,_ICE:6000,_COLD:170,_NONE:NONE,_NONE:NONE,_NONE:NONE,_NONE:NONE,_NONE:NONE,_NONE:NONE"}] isTestBrew=true
[2026-10-10 10:42:22.368] [info]  [manual] event=order.received status=success source=manual virtual=off mode=test orderId=INSTANT-1791596542363 bill=0000 menuCount=1 mappings=[{"baseCode":"GSH2003","recipeCode":"GSH2003","matchedMenuName":"HOT_바닐라라떼_(시그니처)","stepsSummary":"CUP:HOT,_COFFEE:60,_HOT_MILK:220,_바닐라:35,_NONE:NONE,_NONE:NONE,_NONE:NONE,_NONE:NONE,_NONE:NONE,_NONE:NONE"}] isTestBrew=true
[2026-10-10 10:42:36.760] [info]  [manual] event=order.completed status=success source=manual virtual=off mode=test orderId=INSTANT-1791596520249 bill=0000 menuCount=1
[2026-10-10 10:43:38.586] [info]  [manual] event=order.completed status=success source=manual virtual=off mode=test orderId=INSTANT-1791596542363 bill=0000 menuCount=1
[2026-10-10 11:05:17.880] [info]  [TOSS RAW ORDER] orderId=763945320761128166, items=[{"name":"소프트콘(3줄)","productNo":"16642237","options":[]}]
[2026-10-10 11:05:17.885] [info]  [TOSS ITEM RESOLVED] orderId=763945320761128166, item="소프트콘(3줄)" (16642237) | rawOptions=[] ➔ resolved="undefined" (undefined) steps=undefined
[2026-10-10 12:00:28.811] [info]  [TOSS RAW ORDER] orderId=763959227097382986, items=[{"name":"아메리카노","productNo":"16642168","options":[{"optionCode":"1756058","optionName":"ICE","price":0,"quantity":1}]}]
[2026-10-10 12:00:28.816] [info]  [TOSS ITEM RESOLVED] orderId=763959227097382986, item="아메리카노" (16642168) | rawOptions=[{"optionCode":"1756058","optionName":"ICE","price":0,"quantity":1}] ➔ resolved="ICE 아메리카노 (시그니처)" (MSI1002) steps={"step1":["CUP","ICE"],"step2":["COFFEE","60"],"step3":["ICE",6000],"step4":["COLD",155]}
[2026-10-10 12:01:30.424] [info]  [toss] event=order.completed status=success source=toss virtual=off mode=order orderId=763959227097382986 bill=763959227097382986 menuCount=1
[2026-10-10 12:22:19.812] [info]  [TOSS RAW ORDER] orderId=763964712999555146, items=[{"name":"소프트콘(3줄)","productNo":"16642237","options":[]}]
[2026-10-10 12:22:19.818] [info]  [TOSS ITEM RESOLVED] orderId=763964712999555146, item="소프트콘(3줄)" (16642237) | rawOptions=[] ➔ resolved="undefined" (undefined) steps=undefined
[2026-10-10 14:01:12.297] [info]  [TOSS RAW ORDER] orderId=763989601077027769, items=[{"name":"복숭아티","productNo":"16642200","options":[{"optionCode":"1756058","optionName":"ICE","price":0,"quantity":1}]}]
[2026-10-10 14:01:12.301] [info]  [TOSS ITEM RESOLVED] orderId=763989601077027769, item="복숭아티" (16642200) | rawOptions=[{"optionCode":"1756058","optionName":"ICE","price":0,"quantity":1}] ➔ resolved="ICE 복숭아티" (MTI5000) steps={"step1":["CUP","ICE"],"step2":["ICE","6000"],"step3":["COLD","145"],"step4":["복숭아","60"],"step5":["얼그레이","10"]}
[2026-10-10 14:01:55.190] [info]  [toss] event=order.completed status=success source=toss virtual=off mode=order orderId=763989601077027769 bill=763989601077027769 menuCount=1
[2026-10-10 14:02:43.340] [info]  [TOSS RAW ORDER] orderId=763989982737435748, items=[{"name":"자두에이드","productNo":"16642226","options":[]}]
[2026-10-10 14:02:43.345] [info]  [TOSS ITEM RESOLVED] orderId=763989982737435748, item="자두에이드" (16642226) | rawOptions=[] ➔ resolved="ICE 자두에이드" (MAI4007) steps={"step1":["CUP","ICE"],"step2":["ICE",6000],"step3":["SPARKLE",240],"step4":["자두","65"]}
[2026-10-10 14:03:14.519] [info]  [toss] event=order.completed status=success source=toss virtual=off mode=order orderId=763989982737435748 bill=763989982737435748 menuCount=1
[2026-10-10 14:37:43.434] [info]  [TOSS RAW ORDER] orderId=763998796954039235, items=[{"name":"소프트콘(3줄)","productNo":"16642237","options":[]}]
[2026-10-10 14:37:43.440] [info]  [TOSS ITEM RESOLVED] orderId=763998796954039235, item="소프트콘(3줄)" (16642237) | rawOptions=[] ➔ resolved="undefined" (undefined) steps=undefined
[2026-10-10 14:41:47.294] [info]  [TOSS RAW ORDER] orderId=763999810075589894, items=[{"name":"소프트콘(3줄)","productNo":"16642237","options":[]},{"name":"크로플","productNo":"16642245","options":[]}]
[2026-10-10 14:41:47.300] [info]  [TOSS ITEM RESOLVED] orderId=763999810075589894, item="소프트콘(3줄)" (16642237) | rawOptions=[] ➔ resolved="undefined" (undefined) steps=undefined
[2026-10-10 14:41:47.305] [info]  [TOSS ITEM RESOLVED] orderId=763999810075589894, item="크로플" (16642245) | rawOptions=[] ➔ resolved="undefined" (undefined) steps=undefined
[2026-10-10 15:05:01.296] [info]  [TOSS RAW ORDER] orderId=764005657392550702, items=[{"name":"버터소금빵","productNo":"16642244","options":[]},{"name":"딸기라떼","productNo":"16642191","options":[]},{"name":"딸기밀크티","productNo":"16642218","options":[{"optionCode":"1756058","optionName":"ICE","price":0,"quantity":1}]}]
[2026-10-10 15:05:01.306] [info]  [TOSS ITEM RESOLVED] orderId=764005657392550702, item="버터소금빵" (16642244) | rawOptions=[] ➔ resolved="undefined" (undefined) steps=undefined
[2026-10-10 15:05:01.314] [info]  [TOSS ITEM RESOLVED] orderId=764005657392550702, item="딸기라떼" (16642191) | rawOptions=[] ➔ resolved="ICE 딸기라떼" (MMI3009) steps={"step1":["CUP","ICE"],"step2":["ICE","6000"],"step3":["COLD_MILK","180"],"step4":["딸기","70"]}
[2026-10-10 15:05:01.322] [info]  [TOSS ITEM RESOLVED] orderId=764005657392550702, item="딸기밀크티" (16642218) | rawOptions=[{"optionCode":"1756058","optionName":"ICE","price":0,"quantity":1}] ➔ resolved="ICE 딸기밀크티" (MTI5005) steps={"step1":["CUP","ICE"],"step2":["ICE","6000"],"step3":["COLD_MILK","180"],"step4":["딸기","40"],"step5":["얼그레이","25"]}
[2026-10-10 15:05:01.325] [info]  🍰 [HASTE Dessert Order Detected] orderId=764005657392550702, items=[{"name":"버터소금빵","count":1,"options":[],"productNo":"16642244"}]
[2026-10-10 15:06:24.653] [info]  [toss] event=order.completed status=success source=toss virtual=off mode=order orderId=764005657392550702 bill=764005657392550702 menuCount=2
[2026-10-10 15:07:05.312] [info]  [TOSS RAW ORDER] orderId=764006184251651590, items=[{"name":"아메리카노","productNo":"16642168","options":[{"optionCode":"1756058","optionName":"ICE","price":0,"quantity":1}]},{"name":"버터소금빵","productNo":"16642244","options":[]}]
[2026-10-10 15:07:05.319] [info]  [TOSS ITEM RESOLVED] orderId=764006184251651590, item="아메리카노" (16642168) | rawOptions=[{"optionCode":"1756058","optionName":"ICE","price":0,"quantity":1}] ➔ resolved="ICE 아메리카노 (시그니처)" (MSI1002) steps={"step1":["CUP","ICE"],"step2":["COFFEE","60"],"step3":["ICE",6000],"step4":["COLD",155]}
[2026-10-10 15:07:05.326] [info]  [TOSS ITEM RESOLVED] orderId=764006184251651590, item="버터소금빵" (16642244) | rawOptions=[] ➔ resolved="undefined" (undefined) steps=undefined
[2026-10-10 15:07:05.328] [info]  🍰 [HASTE Dessert Order Detected] orderId=764006184251651590, items=[{"name":"버터소금빵","count":1,"options":[],"productNo":"16642244"}]
[2026-10-10 15:07:46.029] [info]  [toss] event=order.completed status=success source=toss virtual=off mode=order orderId=764006184251651590 bill=764006184251651590 menuCount=1
[2026-10-10 15:17:12.301] [info]  [TOSS RAW ORDER] orderId=764008727522701062, items=[{"name":"청포도에이드","productNo":"16642225","options":[]},{"name":"초코라떼","productNo":"16642188","options":[{"optionCode":"1756058","optionName":"ICE","price":0,"quantity":1}]}]
[2026-10-10 15:17:12.307] [info]  [TOSS ITEM RESOLVED] orderId=764008727522701062, item="청포도에이드" (16642225) | rawOptions=[] ➔ resolved="ICE 청포도에이드" (MAI4006) steps={"step1":["CUP","ICE"],"step2":["ICE",6000],"step3":["SPARKLE",240],"step4":["청포도","70"]}
[2026-10-10 15:17:12.313] [info]  [TOSS ITEM RESOLVED] orderId=764008727522701062, item="초코라떼" (16642188) | rawOptions=[{"optionCode":"1756058","optionName":"ICE","price":0,"quantity":1}] ➔ resolved="ICE 초코라떼" (MMI3006) steps={"step1":["CUP","ICE"],"step2":["ICE","6000"],"step3":["COLD_MILK","180"],"step4":["초코","70"]}
[2026-10-10 15:18:22.915] [info]  [toss] event=order.completed status=success source=toss virtual=off mode=order orderId=764008727522701062 bill=764008727522701062 menuCount=2
[2026-10-10 15:43:40.651] [info]  [TOSS RAW ORDER] orderId=764015404598529555, items=[{"name":"아메리카노(연하게)","productNo":"17283380","options":[{"optionCode":"1756058","optionName":"ICE","price":0,"quantity":1}]}]
[2026-10-10 15:43:40.659] [info]  [TOSS ITEM RESOLVED] orderId=764015404598529555, item="아메리카노(연하게)" (17283380) | rawOptions=[{"optionCode":"1756058","optionName":"ICE","price":0,"quantity":1}] ➔ resolved="ICE 아메리카노 (시그니처) (연하게)" (MSI1001) steps={"step1":["CUP","ICE"],"step2":["COFFEE","45"],"step3":["ICE",6000],"step4":["COLD",170]}
[2026-10-10 15:44:22.193] [info]  [toss] event=order.completed status=success source=toss virtual=off mode=order orderId=764015404598529555 bill=764015404598529555 menuCount=1
[2026-10-10 16:05:01.314] [info]  [TOSS RAW ORDER] orderId=764020758040669257, items=[{"name":"소프트콘(3줄)","productNo":"16642237","options":[]}]
[2026-10-10 16:05:01.320] [info]  [TOSS ITEM RESOLVED] orderId=764020758040669257, item="소프트콘(3줄)" (16642237) | rawOptions=[] ➔ resolved="undefined" (undefined) steps=undefined
[2026-10-10 16:48:30.407] [info]  [TOSS RAW ORDER] orderId=764031635569347074, items=[{"name":"아메리카노(연하게)","productNo":"17283380","options":[{"optionCode":"1756058","optionName":"ICE","price":0,"quantity":1}]}]
[2026-10-10 16:48:30.414] [info]  [TOSS ITEM RESOLVED] orderId=764031635569347074, item="아메리카노(연하게)" (17283380) | rawOptions=[{"optionCode":"1756058","optionName":"ICE","price":0,"quantity":1}] ➔ resolved="ICE 아메리카노 (시그니처) (연하게)" (MSI1001) steps={"step1":["CUP","ICE"],"step2":["COFFEE","45"],"step3":["ICE",6000],"step4":["COLD",170]}
[2026-10-10 16:49:14.091] [info]  [toss] event=order.completed status=success source=toss virtual=off mode=order orderId=764031635569347074 bill=764031635569347074 menuCount=1
[2026-10-10 17:44:22.456] [info]  [TOSS RAW ORDER] orderId=764045780649880473, items=[{"name":"아메리카노","productNo":"16642168","options":[{"optionCode":"1756058","optionName":"ICE","price":0,"quantity":1}]}]
[2026-10-10 17:44:22.462] [info]  [TOSS ITEM RESOLVED] orderId=764045780649880473, item="아메리카노" (16642168) | rawOptions=[{"optionCode":"1756058","optionName":"ICE","price":0,"quantity":1}] ➔ resolved="ICE 아메리카노 (시그니처)" (MSI1002) steps={"step1":["CUP","ICE"],"step2":["COFFEE","60"],"step3":["ICE",6000],"step4":["COLD",155]}
[2026-10-10 17:45:11.710] [info]  [toss] event=order.completed status=success source=toss virtual=off mode=order orderId=764045780649880473 bill=764045780649880473 menuCount=1
[2026-10-10 18:00:43.819] [info]  [TOSS RAW ORDER] orderId=764049877293698860, items=[{"name":"청포도에이드","productNo":"16642225","options":[]}]
[2026-10-10 18:00:43.825] [info]  [TOSS ITEM RESOLVED] orderId=764049877293698860, item="청포도에이드" (16642225) | rawOptions=[] ➔ resolved="ICE 청포도에이드" (MAI4006) steps={"step1":["CUP","ICE"],"step2":["ICE",6000],"step3":["SPARKLE",240],"step4":["청포도","70"]}
[2026-10-10 18:01:19.666] [info]  [toss] event=order.completed status=success source=toss virtual=off mode=order orderId=764049877293698860 bill=764049877293698860 menuCount=1
[2026-10-10 18:56:26.287] [info]  [TOSS RAW ORDER] orderId=764063889901615300, items=[{"name":"오미자에이드","productNo":"16642224","options":[]}]
[2026-10-10 18:56:26.292] [info]  [TOSS ITEM RESOLVED] orderId=764063889901615300, item="오미자에이드" (16642224) | rawOptions=[] ➔ resolved="ICE 오미자에이드" (MAI4005) steps={"step1":["CUP","ICE"],"step2":["ICE",6000],"step3":["SPARKLE",240],"step4":["오미자","70"]}
[2026-10-10 18:57:11.897] [info]  [toss] event=order.completed status=success source=toss virtual=off mode=order orderId=764063889901615300 bill=764063889901615300 menuCount=1
[2026-10-10 20:08:33.373] [info]  [TOSS RAW ORDER] orderId=764082044141173375, items=[{"name":"오레오생크림","productNo":"16642243","options":[]}]
[2026-10-10 20:08:33.380] [info]  [TOSS ITEM RESOLVED] orderId=764082044141173375, item="오레오생크림" (16642243) | rawOptions=[] ➔ resolved="undefined" (undefined) steps=undefined
[2026-10-10 20:38:25.270] [info]  [TOSS RAW ORDER] orderId=764089556495871938, items=[{"name":"레몬에이드","productNo":"16642219","options":[]}]
[2026-10-10 20:38:25.276] [info]  [TOSS ITEM RESOLVED] orderId=764089556495871938, item="레몬에이드" (16642219) | rawOptions=[] ➔ resolved="ICE 레몬에이드" (MAI4000) steps={"step1":["CUP","ICE"],"step2":["ICE",6000],"step3":["SPARKLE",240],"step4":["레몬","70"]}
[2026-10-10 20:39:06.566] [info]  [toss] event=order.completed status=success source=toss virtual=off mode=order orderId=764089556495871938 bill=764089556495871938 menuCount=1
[2026-10-10 20:40:38.333] [info]  [TOSS RAW ORDER] orderId=764090118868138784, items=[{"name":"널담마카롱","productNo":"17522001","options":[]},{"name":"바닐라라떼(디카페인)","productNo":"16711183","options":[{"optionCode":"1756058","optionName":"ICE","price":0,"quantity":1}]},{"name":"바닐라라떼","productNo":"16642172","options":[{"optionCode":"1756058","optionName":"ICE","price":0,"quantity":1}]}]
[2026-10-10 20:40:38.335] [info]  [TOSS ITEM RESOLVED] orderId=764090118868138784, item="널담마카롱" (17522001) | rawOptions=[] ➔ resolved="널담마카롱" (17522001) steps={}
[2026-10-10 20:40:38.345] [info]  [TOSS ITEM RESOLVED] orderId=764090118868138784, item="바닐라라떼(디카페인)" (16711183) | rawOptions=[{"optionCode":"1756058","optionName":"ICE","price":0,"quantity":1}] ➔ resolved="ICE 바닐라라떼 (디카페인)" (MNI2003) steps={"step1":["CUP","ICE"],"step2":["COFFEE",61],"step3":["ICE",6000],"step4":["COLD_MILK",140],"step5":["바닐라",35]}
[2026-10-10 20:40:38.352] [info]  [TOSS ITEM RESOLVED] orderId=764090118868138784, item="바닐라라떼" (16642172) | rawOptions=[{"optionCode":"1756058","optionName":"ICE","price":0,"quantity":1}] ➔ resolved="ICE 바닐라라떼 (시그니처)" (MSI2003) steps={"step1":["CUP","ICE"],"step2":["COFFEE",60],"step3":["ICE",6000],"step4":["COLD_MILK",140],"step5":["바닐라",35]}
[2026-10-10 20:40:38.354] [info]  🍰 [HASTE Dessert Order Detected] orderId=764090118868138784, items=[{"name":"널담마카롱","count":1,"options":[],"productNo":"17522001"}]
[2026-10-10 20:42:49.479] [info]  [toss] event=order.completed status=success source=toss virtual=off mode=order orderId=764090118868138784 bill=764090118868138784 menuCount=2
[2026-10-10 20:45:35.313] [info]  [TOSS RAW ORDER] orderId=764091378413445457, items=[{"name":"아메리카노","productNo":"16642168","options":[{"optionCode":"1756058","optionName":"ICE","price":0,"quantity":1}]}]
[2026-10-10 20:45:35.319] [info]  [TOSS ITEM RESOLVED] orderId=764091378413445457, item="아메리카노" (16642168) | rawOptions=[{"optionCode":"1756058","optionName":"ICE","price":0,"quantity":1}] ➔ resolved="ICE 아메리카노 (시그니처)" (MSI1002) steps={"step1":["CUP","ICE"],"step2":["COFFEE","60"],"step3":["ICE",6000],"step4":["COLD",155]}
[2026-10-10 20:46:27.940] [info]  [toss] event=order.completed status=success source=toss virtual=off mode=order orderId=764091378413445457 bill=764091378413445457 menuCount=1
[2026-10-10 21:07:11.278] [info]  [TOSS RAW ORDER] orderId=764096803783415529, items=[{"name":"레몬에이드","productNo":"16642219","options":[]}]
[2026-10-10 21:07:11.284] [info]  [TOSS ITEM RESOLVED] orderId=764096803783415529, item="레몬에이드" (16642219) | rawOptions=[] ➔ resolved="ICE 레몬에이드" (MAI4000) steps={"step1":["CUP","ICE"],"step2":["ICE",6000],"step3":["SPARKLE",240],"step4":["레몬","70"]}
[2026-10-10 21:07:33.473] [info]  [toss] event=order.completed status=success source=toss virtual=off mode=order orderId=764096803783415529 bill=764096803783415529 menuCount=1