[2026-08-10 23:31:54.748] [error] at wrapResolveFilename (node:internal/modules/cjs/loader:1078:27)
[2026-08-10 23:31:54.748] [error] at defaultResolveImplForCJSLoading (node:internal/modules/cjs/loader:1102:10)
[2026-08-10 23:31:54.749] [error] at resolveForCJSWithHooks (node:internal/modules/cjs/loader:1129:12)
[2026-08-10 23:31:54.750] [error] at Module._load (node:internal/modules/cjs/loader:1301:5)
[2026-08-10 23:31:54.750] [error] at c._load (node:electron/js2c/node_init:2:18060)
[2026-08-10 23:31:54.751] [error] at wrapModuleLoad (node:internal/modules/cjs/loader:262:19)
[2026-08-10 23:31:54.752] [error] at Module.require (node:internal/modules/cjs/loader:1624:12)
[2026-08-10 23:31:54.752] [error] at require (node:internal/modules/helpers:153:16)
[2026-08-10 23:31:54.753] [error] at Object.<anonymous> (C:\Users\커피에반하다\AppData\Local\Programs\haste-client\resources\app.asar\node_modules\discord.js\src\index.js:3:29) {
[2026-08-10 23:31:54.754] [error] code: 'MODULE_NOT_FOUND',
[2026-08-10 23:31:54.754] [error] requireStack: [
[2026-08-10 23:31:54.755] [error] 'C:\\Users\\커피에반하다\\AppData\\Local\\Programs\\haste-client\\resources\\app.asar\\node_modules\\discord.js\\src\\index.js',
[2026-08-10 23:31:54.756] [error] 'C:\\Users\\커피에반하다\\AppData\\Local\\Programs\\haste-client\\resources\\app.asar\\haste_agent_bridge.js'
[2026-08-10 23:31:54.756] [error] ]
[2026-08-10 23:31:54.758] [error] }
[2026-08-10 23:31:54.761] [error] Node.js v24.18.0
[2026-08-10 23:32:00.210] [error] node:internal/modules/cjs/loader:1527
[2026-08-10 23:32:00.210] [error] throw err;
[2026-08-10 23:32:00.211] [error] ^
[2026-08-10 23:32:00.212] [error] Error: Cannot find module '@discordjs/util'
[2026-08-10 23:32:00.213] [error] Require stack:
[2026-08-10 23:32:00.213] [error] - C:\Users\커피에반하다\AppData\Local\Programs\haste-client\resources\app.asar\node_modules\discord.js\src\index.js
[2026-08-10 23:32:00.214] [error] - C:\Users\커피에반하다\AppData\Local\Programs\haste-client\resources\app.asar\haste_agent_bridge.js
[2026-08-10 23:32:00.214] [error] at Module._resolveFilename (node:internal/modules/cjs/loader:1524:15)
[2026-08-10 23:32:00.215] [error] at wrapResolveFilename (node:internal/modules/cjs/loader:1078:27)
[2026-08-10 23:32:00.217] [error] at defaultResolveImplForCJSLoading (node:internal/modules/cjs/loader:1102:10)
[2026-08-10 23:32:00.218] [error] at resolveForCJSWithHooks (node:internal/modules/cjs/loader:1129:12)
[2026-08-10 23:32:00.218] [error] at Module._load (node:internal/modules/cjs/loader:1301:5)
[2026-08-10 23:32:00.220] [error] at c._load (node:electron/js2c/node_init:2:18060)
[2026-08-10 23:32:00.221] [error] at wrapModuleLoad (node:internal/modules/cjs/loader:262:19)
[2026-08-10 23:32:00.221] [error] at Module.require (node:internal/modules/cjs/loader:1624:12)
[2026-08-10 23:32:00.222] [error] at require (node:internal/modules/helpers:153:16)
[2026-08-10 23:32:00.223] [error] at Object.<anonymous> (C:\Users\커피에반하다\AppData\Local\Programs\haste-client\resources\app.asar\node_modules\discord.js\src\index.js:3:29) {
[2026-08-10 23:32:00.225] [error] code: 'MODULE_NOT_FOUND',
[2026-08-10 23:32:00.226] [error] requireStack: [
[2026-08-10 23:32:00.226] [error] 'C:\\Users\\커피에반하다\\AppData\\Local\\Programs\\haste-client\\resources\\app.asar\\node_modules\\discord.js\\src\\index.js',
[2026-08-10 23:32:00.227] [error] 'C:\\Users\\커피에반하다\\AppData\\Local\\Programs\\haste-client\\resources\\app.asar\\haste_agent_bridge.js'
[2026-08-10 23:32:00.228] [error] ]
[2026-08-10 23:32:00.229] [error] }
[2026-08-10 23:32:00.230] [error] Node.js v24.18.0
[2026-08-10 23:32:05.609] [error] node:internal/modules/cjs/loader:1527
[2026-08-10 23:32:05.610] [error] throw err;
[2026-08-10 23:32:05.611] [error] ^
[2026-08-10 23:32:05.612] [error] Error: Cannot find module '@discordjs/util'
[2026-08-10 23:32:05.612] [error] Require stack:
[2026-08-10 23:32:05.613] [error] - C:\Users\커피에반하다\AppData\Local\Programs\haste-client\resources\app.asar\node_modules\discord.js\src\index.js
[2026-08-10 23:32:05.613] [error] - C:\Users\커피에반하다\AppData\Local\Programs\haste-client\resources\app.asar\haste_agent_bridge.js
[2026-08-10 23:32:05.614] [error] at Module._resolveFilename (node:internal/modules/cjs/loader:1524:15)
[2026-08-10 23:32:05.615] [error] at wrapResolveFilename (node:internal/modules/cjs/loader:1078:27)
[2026-08-10 23:32:05.617] [error] at defaultResolveImplForCJSLoading (node:internal/modules/cjs/loader:1102:10)
[2026-08-10 23:32:05.618] [error] at resolveForCJSWithHooks (node:internal/modules/cjs/loader:1129:12)
[2026-08-10 23:32:05.618] [error] at Module._load (node:internal/modules/cjs/loader:1301:5)
[2026-08-10 23:32:05.619] [error] at c._load (node:electron/js2c/node_init:2:18060)
[2026-08-10 23:32:05.620] [error] at wrapModuleLoad (node:internal/modules/cjs/loader:262:19)
[2026-08-10 23:32:05.621] [error] at Module.require (node:internal/modules/cjs/loader:1624:12)
[2026-08-10 23:32:05.622] [error] at require (node:internal/modules/helpers:153:16)
[2026-08-10 23:32:05.622] [error] at Object.<anonymous> (C:\Users\커피에반하다\AppData\Local\Programs\haste-client\resources\app.asar\node_modules\discord.js\src\index.js:3:29) {
[2026-08-10 23:32:05.623] [error] code: 'MODULE_NOT_FOUND',
[2026-08-10 23:32:05.627] [error] requireStack: [
[2026-08-10 23:32:05.628] [error] 'C:\\Users\\커피에반하다\\AppData\\Local\\Programs\\haste-client\\resources\\app.asar\\node_modules\\discord.js\\src\\index.js',
[2026-08-10 23:32:05.629] [error] 'C:\\Users\\커피에반하다\\AppData\\Local\\Programs\\haste-client\\resources\\app.asar\\haste_agent_bridge.js'
[2026-08-10 23:32:05.630] [error] ]
[2026-08-10 23:32:05.630] [error] }
[2026-08-10 23:32:05.631] [error] Node.js v24.18.0
[2026-08-10 23:32:11.013] [error] node:internal/modules/cjs/loader:1527
[2026-08-10 23:32:11.014] [error] throw err;
[2026-08-10 23:32:11.015] [error] ^
[2026-08-10 23:32:11.016] [error] Error: Cannot find module '@discordjs/util'
[2026-08-10 23:32:11.018] [error] Require stack:
[2026-08-10 23:32:11.018] [error] - C:\Users\커피에반하다\AppData\Local\Programs\haste-client\resources\app.asar\node_modules\discord.js\src\index.js
[2026-08-10 23:32:11.019] [error] - C:\Users\커피에반하다\AppData\Local\Programs\haste-client\resources\app.asar\haste_agent_bridge.js
[2026-08-10 23:32:11.020] [error] at Module._resolveFilename (node:internal/modules/cjs/loader:1524:15)
[2026-08-10 23:32:11.020] [error] at wrapResolveFilename (node:internal/modules/cjs/loader:1078:27)
[2026-08-10 23:32:11.021] [error] at defaultResolveImplForCJSLoading (node:internal/modules/cjs/loader:1102:10)
[2026-08-10 23:32:11.021] [error] at resolveForCJSWithHooks (node:internal/modules/cjs/loader:1129:12)
[2026-08-10 23:32:11.022] [error] at Module._load (node:internal/modules/cjs/loader:1301:5)
[2026-08-10 23:32:11.022] [error] at c._load (node:electron/js2c/node_init:2:18060)
[2026-08-10 23:32:11.023] [error] at wrapModuleLoad (node:internal/modules/cjs/loader:262:19)
[2026-08-10 23:32:11.023] [error] at Module.require (node:internal/modules/cjs/loader:1624:12)
[2026-08-10 23:32:11.024] [error] at require (node:internal/modules/helpers:153:16)
[2026-08-10 23:32:11.025] [error] at Object.<anonymous> (C:\Users\커피에반하다\AppData\Local\Programs\haste-client\resources\app.asar\node_modules\discord.js\src\index.js:3:29) {
[2026-08-10 23:32:11.025] [error] code: 'MODULE_NOT_FOUND',
[2026-08-10 23:32:11.026] [error] requireStack: [
[2026-08-10 23:32:11.026] [error] 'C:\\Users\\커피에반하다\\AppData\\Local\\Programs\\haste-client\\resources\\app.asar\\node_modules\\discord.js\\src\\index.js',
[2026-08-10 23:32:11.027] [error] 'C:\\Users\\커피에반하다\\AppData\\Local\\Programs\\haste-client\\resources\\app.asar\\haste_agent_bridge.js'
[2026-08-10 23:32:11.027] [error] ]
[2026-08-10 23:32:11.028] [error] }
[2026-08-10 23:32:11.029] [error] Node.js v24.18.0
[2026-08-10 23:32:16.463] [error] node:internal/modules/cjs/loader:1527
[2026-08-10 23:32:16.464] [error] throw err;
[2026-08-10 23:32:16.465] [error] ^
[2026-08-10 23:32:16.466] [error] Error: Cannot find module '@discordjs/util'
[2026-08-10 23:32:16.467] [error] Require stack:
[2026-08-10 23:32:16.468] [error] - C:\Users\커피에반하다\AppData\Local\Programs\haste-client\resources\app.asar\node_modules\discord.js\src\index.js
[2026-08-10 23:32:16.469] [error] - C:\Users\커피에반하다\AppData\Local\Programs\haste-client\resources\app.asar\haste_agent_bridge.js
[2026-08-10 23:32:16.471] [error] at Module._resolveFilename (node:internal/modules/cjs/loader:1524:15)
[2026-08-10 23:32:16.472] [error] at wrapResolveFilename (node:internal/modules/cjs/loader:1078:27)
[2026-08-10 23:32:16.473] [error] at defaultResolveImplForCJSLoading (node:internal/modules/cjs/loader:1102:10)
[2026-08-10 23:32:16.474] [error] at resolveForCJSWithHooks (node:internal/modules/cjs/loader:1129:12)
[2026-08-10 23:32:16.474] [error] at Module._load (node:internal/modules/cjs/loader:1301:5)
[2026-08-10 23:32:16.475] [error] at c._load (node:electron/js2c/node_init:2:18060)
[2026-08-10 23:32:16.477] [error] at wrapModuleLoad (node:internal/modules/cjs/loader:262:19)
[2026-08-10 23:32:16.477] [error] at Module.require (node:internal/modules/cjs/loader:1624:12)
[2026-08-10 23:32:16.478] [error] at require (node:internal/modules/helpers:153:16)
[2026-08-10 23:32:16.479] [error] at Object.<anonymous> (C:\Users\커피에반하다\AppData\Local\Programs\haste-client\resources\app.asar\node_modules\discord.js\src\index.js:3:29) {
[2026-08-10 23:32:16.480] [error] code: 'MODULE_NOT_FOUND',
[2026-08-10 23:32:16.480] [error] requireStack: [
[2026-08-10 23:32:16.481] [error] 'C:\\Users\\커피에반하다\\AppData\\Local\\Programs\\haste-client\\resources\\app.asar\\node_modules\\discord.js\\src\\index.js',
[2026-08-10 23:32:16.481] [error] 'C:\\Users\\커피에반하다\\AppData\\Local\\Programs\\haste-client\\resources\\app.asar\\haste_agent_bridge.js'
[2026-08-10 23:32:16.482] [error] ]
[2026-08-10 23:32:16.482] [error] }
[2026-08-10 23:32:16.483] [error] Node.js v24.18.0
[2026-08-10 23:32:21.891] [error] node:internal/modules/cjs/loader:1527
[2026-08-10 23:32:21.892] [error] throw err;
[2026-08-10 23:32:21.893] [error] ^
[2026-08-10 23:32:21.893] [error] Error: Cannot find module '@discordjs/util'
[2026-08-10 23:32:21.894] [error] Require stack:
[2026-08-10 23:32:21.894] [error] - C:\Users\커피에반하다\AppData\Local\Programs\haste-client\resources\app.asar\node_modules\discord.js\src\index.js
[2026-08-10 23:32:21.895] [error] - C:\Users\커피에반하다\AppData\Local\Programs\haste-client\resources\app.asar\haste_agent_bridge.js
[2026-08-10 23:32:21.895] [error] at Module._resolveFilename (node:internal/modules/cjs/loader:1524:15)
[2026-08-10 23:32:21.896] [error] at wrapResolveFilename (node:internal/modules/cjs/loader:1078:27)
[2026-08-10 23:32:21.896] [error] at defaultResolveImplForCJSLoading (node:internal/modules/cjs/loader:1102:10)
[2026-08-10 23:32:21.897] [error] at resolveForCJSWithHooks (node:internal/modules/cjs/loader:1129:12)
[2026-08-10 23:32:21.897] [error] at Module._load (node:internal/modules/cjs/loader:1301:5)
[2026-08-10 23:32:21.898] [error] at c._load (node:electron/js2c/node_init:2:18060)
[2026-08-10 23:32:21.899] [error] at wrapModuleLoad (node:internal/modules/cjs/loader:262:19)
[2026-08-10 23:32:21.900] [error] at Module.require (node:internal/modules/cjs/loader:1624:12)
[2026-08-10 23:32:21.901] [error] at require (node:internal/modules/helpers:153:16)
[2026-08-10 23:32:21.902] [error] at Object.<anonymous> (C:\Users\커피에반하다\AppData\Local\Programs\haste-client\resources\app.asar\node_modules\discord.js\src\index.js:3:29) {
[2026-08-10 23:32:21.903] [error] code: 'MODULE_NOT_FOUND',
[2026-08-10 23:32:21.903] [error] requireStack: [
[2026-08-10 23:32:21.904] [error] 'C:\\Users\\커피에반하다\\AppData\\Local\\Programs\\haste-client\\resources\\app.asar\\node_modules\\discord.js\\src\\index.js',
[2026-08-10 23:32:21.904] [error] 'C:\\Users\\커피에반하다\\AppData\\Local\\Programs\\haste-client\\resources\\app.asar\\haste_agent_bridge.js'
[2026-08-10 23:32:21.905] [error] ]
[2026-08-10 23:32:21.905] [error] }
[2026-08-10 23:32:21.906] [error] Node.js v24.18.0
[2026-08-10 23:32:27.274] [error] node:internal/modules/cjs/loader:1527
[2026-08-10 23:32:27.274] [error] throw err;
[2026-08-10 23:32:27.276] [error] ^
[2026-08-10 23:32:27.277] [error] Error: Cannot find module '@discordjs/util'
[2026-08-10 23:32:27.278] [error] Require stack:
[2026-08-10 23:32:27.279] [error] - C:\Users\커피에반하다\AppData\Local\Programs\haste-client\resources\app.asar\node_modules\discord.js\src\index.js
[2026-08-10 23:32:27.280] [error] - C:\Users\커피에반하다\AppData\Local\Programs\haste-client\resources\app.asar\haste_agent_bridge.js
[2026-08-10 23:32:27.282] [error] at Module._resolveFilename (node:internal/modules/cjs/loader:1524:15)
[2026-08-10 23:32:27.282] [error] at wrapResolveFilename (node:internal/modules/cjs/loader:1078:27)
[2026-08-10 23:32:27.284] [error] at defaultResolveImplForCJSLoading (node:internal/modules/cjs/loader:1102:10)
[2026-08-10 23:32:27.285] [error] at resolveForCJSWithHooks (node:internal/modules/cjs/loader:1129:12)
[2026-08-10 23:32:27.286] [error] at Module._load (node:internal/modules/cjs/loader:1301:5)
[2026-08-10 23:32:27.287] [error] at c._load (node:electron/js2c/node_init:2:18060)
[2026-08-10 23:32:27.289] [error] at wrapModuleLoad (node:internal/modules/cjs/loader:262:19)
[2026-08-10 23:32:27.292] [error] at Module.require (node:internal/modules/cjs/loader:1624:12)
[2026-08-10 23:32:27.293] [error] at require (node:internal/modules/helpers:153:16)
[2026-08-10 23:32:27.294] [error] at Object.<anonymous> (C:\Users\커피에반하다\AppData\Local\Programs\haste-client\resources\app.asar\node_modules\discord.js\src\index.js:3:29) {
[2026-08-10 23:32:27.295] [error] code: 'MODULE_NOT_FOUND',
[2026-08-10 23:32:27.295] [error] requireStack: [
[2026-08-10 23:32:27.296] [error] 'C:\\Users\\커피에반하다\\AppData\\Local\\Programs\\haste-client\\resources\\app.asar\\node_modules\\discord.js\\src\\index.js',
[2026-08-10 23:32:27.296] [error] 'C:\\Users\\커피에반하다\\AppData\\Local\\Programs\\haste-client\\resources\\app.asar\\haste_agent_bridge.js'
[2026-08-10 23:32:27.297] [error] ]
[2026-08-10 23:32:27.297] [error] }
[2026-08-10 23:32:27.298] [error] Node.js v24.18.0
[2026-08-10 23:32:32.687] [error] node:internal/modules/cjs/loader:1527
[2026-08-10 23:32:32.688] [error] throw err;
[2026-08-10 23:32:32.689] [error] ^
[2026-08-10 23:32:32.691] [error] Error: Cannot find module '@discordjs/util'
[2026-08-10 23:32:32.692] [error] Require stack:
[2026-08-10 23:32:32.692] [error] - C:\Users\커피에반하다\AppData\Local\Programs\haste-client\resources\app.asar\node_modules\discord.js\src\index.js
[2026-08-10 23:32:32.693] [error] - C:\Users\커피에반하다\AppData\Local\Programs\haste-client\resources\app.asar\haste_agent_bridge.js
[2026-08-10 23:32:32.695] [error] at Module._resolveFilename (node:internal/modules/cjs/loader:1524:15)
[2026-08-10 23:32:32.695] [error] at wrapResolveFilename (node:internal/modules/cjs/loader:1078:27)
[2026-08-10 23:32:32.696] [error] at defaultResolveImplForCJSLoading (node:internal/modules/cjs/loader:1102:10)
[2026-08-10 23:32:32.697] [error] at resolveForCJSWithHooks (node:internal/modules/cjs/loader:1129:12)
[2026-08-10 23:32:32.698] [error] at Module._load (node:internal/modules/cjs/loader:1301:5)
[2026-08-10 23:32:32.699] [error] at c._load (node:electron/js2c/node_init:2:18060)
[2026-08-10 23:32:32.700] [error] at wrapModuleLoad (node:internal/modules/cjs/loader:262:19)
[2026-08-10 23:32:32.701] [error] at Module.require (node:internal/modules/cjs/loader:1624:12)
[2026-08-10 23:32:32.702] [error] at require (node:internal/modules/helpers:153:16)
[2026-08-10 23:32:32.703] [error] at Object.<anonymous> (C:\Users\커피에반하다\AppData\Local\Programs\haste-client\resources\app.asar\node_modules\discord.js\src\index.js:3:29) {
[2026-08-10 23:32:32.703] [error] code: 'MODULE_NOT_FOUND',
[2026-08-10 23:32:32.704] [error] requireStack: [
[2026-08-10 23:32:32.705] [error] 'C:\\Users\\커피에반하다\\AppData\\Local\\Programs\\haste-client\\resources\\app.asar\\node_modules\\discord.js\\src\\index.js',
[2026-08-10 23:32:32.706] [error] 'C:\\Users\\커피에반하다\\AppData\\Local\\Programs\\haste-client\\resources\\app.asar\\haste_agent_bridge.js'
[2026-08-10 23:32:32.707] [error] ]
[2026-08-10 23:32:32.709] [error] }
[2026-08-10 23:32:32.709] [error] Node.js v24.18.0
[2026-08-10 23:32:38.092] [error] node:internal/modules/cjs/loader:1527
[2026-08-10 23:32:38.093] [error] throw err;
[2026-08-10 23:32:38.095] [error] ^
[2026-08-10 23:32:38.096] [error] Error: Cannot find module '@discordjs/util'
[2026-08-10 23:32:38.097] [error] Require stack:
[2026-08-10 23:32:38.098] [error] - C:\Users\커피에반하다\AppData\Local\Programs\haste-client\resources\app.asar\node_modules\discord.js\src\index.js
[2026-08-10 23:32:38.101] [error] - C:\Users\커피에반하다\AppData\Local\Programs\haste-client\resources\app.asar\haste_agent_bridge.js
[2026-08-10 23:32:38.102] [error] at Module._resolveFilename (node:internal/modules/cjs/loader:1524:15)
[2026-08-10 23:32:38.103] [error] at wrapResolveFilename (node:internal/modules/cjs/loader:1078:27)
[2026-08-10 23:32:38.104] [error] at defaultResolveImplForCJSLoading (node:internal/modules/cjs/loader:1102:10)
[2026-08-10 23:32:38.105] [error] at resolveForCJSWithHooks (node:internal/modules/cjs/loader:1129:12)
[2026-08-10 23:32:38.106] [error] at Module._load (node:internal/modules/cjs/loader:1301:5)
[2026-08-10 23:32:38.107] [error] at c._load (node:electron/js2c/node_init:2:18060)
[2026-08-10 23:32:38.108] [error] at wrapModuleLoad (node:internal/modules/cjs/loader:262:19)
[2026-08-10 23:32:38.108] [error] at Module.require (node:internal/modules/cjs/loader:1624:12)
[2026-08-10 23:32:38.109] [error] at require (node:internal/modules/helpers:153:16)
[2026-08-10 23:32:38.110] [error] at Object.<anonymous> (C:\Users\커피에반하다\AppData\Local\Programs\haste-client\resources\app.asar\node_modules\discord.js\src\index.js:3:29) {
[2026-08-10 23:32:38.110] [error] code: 'MODULE_NOT_FOUND',
[2026-08-10 23:32:38.111] [error] requireStack: [
[2026-08-10 23:32:38.112] [error] 'C:\\Users\\커피에반하다\\AppData\\Local\\Programs\\haste-client\\resources\\app.asar\\node_modules\\discord.js\\src\\index.js',
[2026-08-10 23:32:38.112] [error] 'C:\\Users\\커피에반하다\\AppData\\Local\\Programs\\haste-client\\resources\\app.asar\\haste_agent_bridge.js'
[2026-08-10 23:32:38.113] [error] ]
[2026-08-10 23:32:38.113] [error] }
[2026-08-10 23:32:38.115] [error] Node.js v24.18.0
[2026-08-10 23:32:43.504] [error] node:internal/modules/cjs/loader:1527
[2026-08-10 23:32:43.506] [error] throw err;
[2026-08-10 23:32:43.507] [error] ^
[2026-08-10 23:32:43.508] [error] Error: Cannot find module '@discordjs/util'
[2026-08-10 23:32:43.509] [error] Require stack:
[2026-08-10 23:32:43.510] [error] - C:\Users\커피에반하다\AppData\Local\Programs\haste-client\resources\app.asar\node_modules\discord.js\src\index.js
[2026-08-10 23:32:43.511] [error] - C:\Users\커피에반하다\AppData\Local\Programs\haste-client\resources\app.asar\haste_agent_bridge.js
[2026-08-10 23:32:43.512] [error] at Module._resolveFilename (node:internal/modules/cjs/loader:1524:15)
[2026-08-10 23:32:43.513] [error] at wrapResolveFilename (node:internal/modules/cjs/loader:1078:27)
[2026-08-10 23:32:43.514] [error] at defaultResolveImplForCJSLoading (node:internal/modules/cjs/loader:1102:10)
[2026-08-10 23:32:43.515] [error] at resolveForCJSWithHooks (node:internal/modules/cjs/loader:1129:12)
[2026-08-10 23:32:43.516] [error] at Module._load (node:internal/modules/cjs/loader:1301:5)
[2026-08-10 23:32:43.517] [error] at c._load (node:electron/js2c/node_init:2:18060)
[2026-08-10 23:32:43.518] [error] at wrapModuleLoad (node:internal/modules/cjs/loader:262:19)
[2026-08-10 23:32:43.519] [error] at Module.require (node:internal/modules/cjs/loader:1624:12)
[2026-08-10 23:32:43.520] [error] at require (node:internal/modules/helpers:153:16)
[2026-08-10 23:32:43.520] [error] at Object.<anonymous> (C:\Users\커피에반하다\AppData\Local\Programs\haste-client\resources\app.asar\node_modules\discord.js\src\index.js:3:29) {
[2026-08-10 23:32:43.521] [error] code: 'MODULE_NOT_FOUND',
[2026-08-10 23:32:43.522] [error] requireStack: [
[2026-08-10 23:32:43.523] [error] 'C:\\Users\\커피에반하다\\AppData\\Local\\Programs\\haste-client\\resources\\app.asar\\node_modules\\discord.js\\src\\index.js',
[2026-08-10 23:32:43.524] [error] 'C:\\Users\\커피에반하다\\AppData\\Local\\Programs\\haste-client\\resources\\app.asar\\haste_agent_bridge.js'
[2026-08-10 23:32:43.524] [error] ]
[2026-08-10 23:32:43.525] [error] }
[2026-08-10 23:32:43.525] [error] Node.js v24.18.0
[2026-08-10 23:32:50.539] [error] node:internal/modules/cjs/loader:1527
[2026-08-10 23:32:50.541] [error] throw err;
[2026-08-10 23:32:50.544] [error] ^
[2026-08-10 23:32:50.546] [error] Error: Cannot find module '@discordjs/util'
[2026-08-10 23:32:50.551] [error] Require stack:
[2026-08-10 23:32:50.554] [error] - C:\Users\커피에반하다\AppData\Local\Programs\haste-client\resources\app.asar\node_modules\discord.js\src\index.js
[2026-08-10 23:32:50.556] [error] - C:\Users\커피에반하다\AppData\Local\Programs\haste-client\resources\app.asar\haste_agent_bridge.js
[2026-08-10 23:32:50.558] [error] at Module._resolveFilename (node:internal/modules/cjs/loader:1524:15)
[2026-08-10 23:32:50.560] [error] at wrapResolveFilename (node:internal/modules/cjs/loader:1078:27)
[2026-08-10 23:32:50.561] [error] at defaultResolveImplForCJSLoading (node:internal/modules/cjs/loader:1102:10)
[2026-08-10 23:32:50.564] [error] at resolveForCJSWithHooks (node:internal/modules/cjs/loader:1129:12)
[2026-08-10 23:32:50.569] [error] at Module._load (node:internal/modules/cjs/loader:1301:5)
[2026-08-10 23:32:50.571] [error] at c._load (node:electron/js2c/node_init:2:18060)
[2026-08-10 23:32:50.573] [error] at wrapModuleLoad (node:internal/modules/cjs/loader:262:19)
[2026-08-10 23:32:50.575] [error] at Module.require (node:internal/modules/cjs/loader:1624:12)
[2026-08-10 23:32:50.577] [error] at require (node:internal/modules/helpers:153:16)
[2026-08-10 23:32:50.579] [error] at Object.<anonymous> (C:\Users\커피에반하다\AppData\Local\Programs\haste-client\resources\app.asar\node_modules\discord.js\src\index.js:3:29) {
[2026-08-10 23:32:50.581] [error] code: 'MODULE_NOT_FOUND',
[2026-08-10 23:32:50.583] [error] requireStack: [
[2026-08-10 23:32:50.585] [error] 'C:\\Users\\커피에반하다\\AppData\\Local\\Programs\\haste-client\\resources\\app.asar\\node_modules\\discord.js\\src\\index.js',
[2026-08-10 23:32:50.586] [error] 'C:\\Users\\커피에반하다\\AppData\\Local\\Programs\\haste-client\\resources\\app.asar\\haste_agent_bridge.js'
[2026-08-10 23:32:50.588] [error] ]
[2026-08-10 23:32:50.591] [error] }
[2026-08-10 23:32:50.593] [error] Node.js v24.18.0
[2026-08-10 23:32:58.414] [error] node:internal/modules/cjs/loader:1527
[2026-08-10 23:32:58.416] [error] throw err;
[2026-08-10 23:32:58.418] [error] ^
[2026-08-10 23:32:58.420] [error] Error: Cannot find module '@discordjs/util'
[2026-08-10 23:32:58.421] [error] Require stack:
[2026-08-10 23:32:58.422] [error] - C:\Users\커피에반하다\AppData\Local\Programs\haste-client\resources\app.asar\node_modules\discord.js\src\index.js
[2026-08-10 23:32:58.425] [error] - C:\Users\커피에반하다\AppData\Local\Programs\haste-client\resources\app.asar\haste_agent_bridge.js
[2026-08-10 23:32:58.427] [error] at Module._resolveFilename (node:internal/modules/cjs/loader:1524:15)
[2026-08-10 23:32:58.428] [error] at wrapResolveFilename (node:internal/modules/cjs/loader:1078:27)
[2026-08-10 23:32:58.430] [error] at defaultResolveImplForCJSLoading (node:internal/modules/cjs/loader:1102:10)
[2026-08-10 23:32:58.432] [error] at resolveForCJSWithHooks (node:internal/modules/cjs/loader:1129:12)
[2026-08-10 23:32:58.433] [error] at Module._load (node:internal/modules/cjs/loader:1301:5)
[2026-08-10 23:32:58.435] [error] at c._load (node:electron/js2c/node_init:2:18060)
[2026-08-10 23:32:58.437] [error] at wrapModuleLoad (node:internal/modules/cjs/loader:262:19)
[2026-08-10 23:32:58.439] [error] at Module.require (node:internal/modules/cjs/loader:1624:12)
[2026-08-10 23:32:58.441] [error] at require (node:internal/modules/helpers:153:16)
[2026-08-10 23:32:58.443] [error] at Object.<anonymous> (C:\Users\커피에반하다\AppData\Local\Programs\haste-client\resources\app.asar\node_modules\discord.js\src\index.js:3:29) {
[2026-08-10 23:32:58.445] [error] code: 'MODULE_NOT_FOUND',
[2026-08-10 23:32:58.447] [error] requireStack: [
[2026-08-10 23:32:58.452] [error] 'C:\\Users\\커피에반하다\\AppData\\Local\\Programs\\haste-client\\resources\\app.asar\\node_modules\\discord.js\\src\\index.js',
[2026-08-10 23:32:58.453] [error] 'C:\\Users\\커피에반하다\\AppData\\Local\\Programs\\haste-client\\resources\\app.asar\\haste_agent_bridge.js'
[2026-08-10 23:32:58.455] [error] ]
[2026-08-10 23:32:58.461] [error] }
[2026-08-10 23:32:58.464] [error] Node.js v24.18.0
[2026-08-10 23:33:05.285] [error] node:internal/modules/cjs/loader:1527
[2026-08-10 23:33:05.287] [error] throw err;
[2026-08-10 23:33:05.289] [error] ^
[2026-08-10 23:33:05.290] [error] Error: Cannot find module '@discordjs/util'
[2026-08-10 23:33:05.292] [error] Require stack:
[2026-08-10 23:33:05.294] [error] - C:\Users\커피에반하다\AppData\Local\Programs\haste-client\resources\app.asar\node_modules\discord.js\src\index.js
[2026-08-10 23:33:05.297] [error] - C:\Users\커피에반하다\AppData\Local\Programs\haste-client\resources\app.asar\haste_agent_bridge.js
[2026-08-10 23:33:05.298] [error] at Module._resolveFilename (node:internal/modules/cjs/loader:1524:15)
[2026-08-10 23:33:05.300] [error] at wrapResolveFilename (node:internal/modules/cjs/loader:1078:27)
[2026-08-10 23:33:05.301] [error] at defaultResolveImplForCJSLoading (node:internal/modules/cjs/loader:1102:10)
[2026-08-10 23:33:05.303] [error] at resolveForCJSWithHooks (node:internal/modules/cjs/loader:1129:12)
[2026-08-10 23:33:05.306] [error] at Module._load (node:internal/modules/cjs/loader:1301:5)
[2026-08-10 23:33:05.309] [error] at c._load (node:electron/js2c/node_init:2:18060)
[2026-08-10 23:33:05.312] [error] at wrapModuleLoad (node:internal/modules/cjs/loader:262:19)
[2026-08-10 23:33:05.314] [error] at Module.require (node:internal/modules/cjs/loader:1624:12)
[2026-08-10 23:33:05.316] [error] at require (node:internal/modules/helpers:153:16)
[2026-08-10 23:33:05.317] [error] at Object.<anonymous> (C:\Users\커피에반하다\AppData\Local\Programs\haste-client\resources\app.asar\node_modules\discord.js\src\index.js:3:29) {
[2026-08-10 23:33:05.319] [error] code: 'MODULE_NOT_FOUND',
[2026-08-10 23:33:05.321] [error] requireStack: [
[2026-08-10 23:33:05.323] [error] 'C:\\Users\\커피에반하다\\AppData\\Local\\Programs\\haste-client\\resources\\app.asar\\node_modules\\discord.js\\src\\index.js',
[2026-08-10 23:33:05.324] [error] 'C:\\Users\\커피에반하다\\AppData\\Local\\Programs\\haste-client\\resources\\app.asar\\haste_agent_bridge.js'
[2026-08-10 23:33:05.327] [error] ]
[2026-08-10 23:33:05.329] [error] }
[2026-08-10 23:33:05.333] [error] Node.js v24.18.0
[2026-08-10 23:33:12.207] [error] node:internal/modules/cjs/loader:1527
[2026-08-10 23:33:12.208] [error] throw err;
[2026-08-10 23:33:12.210] [error] ^
[2026-08-10 23:33:12.215] [error] Error: Cannot find module '@discordjs/util'
[2026-08-10 23:33:12.219] [error] Require stack:
[2026-08-10 23:33:12.222] [error] - C:\Users\커피에반하다\AppData\Local\Programs\haste-client\resources\app.asar\node_modules\discord.js\src\index.js
[2026-08-10 23:33:12.224] [error] - C:\Users\커피에반하다\AppData\Local\Programs\haste-client\resources\app.asar\haste_agent_bridge.js
[2026-08-10 23:33:12.226] [error] at Module._resolveFilename (node:internal/modules/cjs/loader:1524:15)
[2026-08-10 23:33:12.228] [error] at wrapResolveFilename (node:internal/modules/cjs/loader:1078:27)
[2026-08-10 23:33:12.232] [error] at defaultResolveImplForCJSLoading (node:internal/modules/cjs/loader:1102:10)
[2026-08-10 23:33:12.234] [error] at resolveForCJSWithHooks (node:internal/modules/cjs/loader:1129:12)
[2026-08-10 23:33:12.236] [error] at Module._load (node:internal/modules/cjs/loader:1301:5)
[2026-08-10 23:33:12.237] [error] at c._load (node:electron/js2c/node_init:2:18060)
[2026-08-10 23:33:12.239] [error] at wrapModuleLoad (node:internal/modules/cjs/loader:262:19)
[2026-08-10 23:33:12.244] [error] at Module.require (node:internal/modules/cjs/loader:1624:12)
[2026-08-10 23:33:12.246] [error] at require (node:internal/modules/helpers:153:16)
[2026-08-10 23:33:12.248] [error] at Object.<anonymous> (C:\Users\커피에반하다\AppData\Local\Programs\haste-client\resources\app.asar\node_modules\discord.js\src\index.js:3:29) {
[2026-08-10 23:33:12.251] [error] code: 'MODULE_NOT_FOUND',
[2026-08-10 23:33:12.252] [error] requireStack: [
[2026-08-10 23:33:12.254] [error] 'C:\\Users\\커피에반하다\\AppData\\Local\\Programs\\haste-client\\resources\\app.asar\\node_modules\\discord.js\\src\\index.js',
[2026-08-10 23:33:12.255] [error] 'C:\\Users\\커피에반하다\\AppData\\Local\\Programs\\haste-client\\resources\\app.asar\\haste_agent_bridge.js'
[2026-08-10 23:33:12.257] [error] ]
[2026-08-10 23:33:12.259] [error] }
[2026-08-10 23:33:12.262] [error] Node.js v24.18.0
[2026-08-10 23:33:18.710] [error] node:internal/modules/cjs/loader:1527
[2026-08-10 23:33:18.712] [error] throw err;
[2026-08-10 23:33:18.714] [error] ^
[2026-08-10 23:33:18.714] [error] Error: Cannot find module '@discordjs/util'
[2026-08-10 23:33:18.715] [error] Require stack:
[2026-08-10 23:33:18.717] [error] - C:\Users\커피에반하다\AppData\Local\Programs\haste-client\resources\app.asar\node_modules\discord.js\src\index.js
[2026-08-10 23:33:18.720] [error] - C:\Users\커피에반하다\AppData\Local\Programs\haste-client\resources\app.asar\haste_agent_bridge.js
[2026-08-10 23:33:18.722] [error] at Module._resolveFilename (node:internal/modules/cjs/loader:1524:15)
[2026-08-10 23:33:18.724] [error] at wrapResolveFilename (node:internal/modules/cjs/loader:1078:27)
[2026-08-10 23:33:18.724] [error] at defaultResolveImplForCJSLoading (node:internal/modules/cjs/loader:1102:10)
[2026-08-10 23:33:18.725] [error] at resolveForCJSWithHooks (node:internal/modules/cjs/loader:1129:12)
[2026-08-10 23:33:18.726] [error] at Module._load (node:internal/modules/cjs/loader:1301:5)
[2026-08-10 23:33:18.727] [error] at c._load (node:electron/js2c/node_init:2:18060)
[2026-08-10 23:33:18.728] [error] at wrapModuleLoad (node:internal/modules/cjs/loader:262:19)
[2026-08-10 23:33:18.729] [error] at Module.require (node:internal/modules/cjs/loader:1624:12)
[2026-08-10 23:33:18.731] [error] at require (node:internal/modules/helpers:153:16)
[2026-08-10 23:33:18.734] [error] at Object.<anonymous> (C:\Users\커피에반하다\AppData\Local\Programs\haste-client\resources\app.asar\node_modules\discord.js\src\index.js:3:29) {
[2026-08-10 23:33:18.736] [error] code: 'MODULE_NOT_FOUND',
[2026-08-10 23:33:18.738] [error] requireStack: [
[2026-08-10 23:33:18.739] [error] 'C:\\Users\\커피에반하다\\AppData\\Local\\Programs\\haste-client\\resources\\app.asar\\node_modules\\discord.js\\src\\index.js',
[2026-08-10 23:33:18.740] [error] 'C:\\Users\\커피에반하다\\AppData\\Local\\Programs\\haste-client\\resources\\app.asar\\haste_agent_bridge.js'
[2026-08-10 23:33:18.746] [error] ]
[2026-08-10 23:33:18.748] [error] }
[2026-08-10 23:33:18.750] [error] Node.js v24.18.0
[2026-08-10 23:33:25.503] [error] node:internal/modules/cjs/loader:1527
[2026-08-10 23:33:25.504] [error] throw err;
[2026-08-10 23:33:25.506] [error] ^
[2026-08-10 23:33:25.508] [error] Error: Cannot find module '@discordjs/util'
[2026-08-10 23:33:25.510] [error] Require stack:
[2026-08-10 23:33:25.511] [error] - C:\Users\커피에반하다\AppData\Local\Programs\haste-client\resources\app.asar\node_modules\discord.js\src\index.js
[2026-08-10 23:33:25.513] [error] - C:\Users\커피에반하다\AppData\Local\Programs\haste-client\resources\app.asar\haste_agent_bridge.js
[2026-08-10 23:33:25.516] [error] at Module._resolveFilename (node:internal/modules/cjs/loader:1524:15)
[2026-08-10 23:33:25.517] [error] at wrapResolveFilename (node:internal/modules/cjs/loader:1078:27)
[2026-08-10 23:33:25.519] [error] at defaultResolveImplForCJSLoading (node:internal/modules/cjs/loader:1102:10)
[2026-08-10 23:33:25.522] [error] at resolveForCJSWithHooks (node:internal/modules/cjs/loader:1129:12)
[2026-08-10 23:33:25.523] [error] at Module._load (node:internal/modules/cjs/loader:1301:5)
[2026-08-10 23:33:25.525] [error] at c._load (node:electron/js2c/node_init:2:18060)
[2026-08-10 23:33:25.526] [error] at wrapModuleLoad (node:internal/modules/cjs/loader:262:19)
[2026-08-10 23:33:25.528] [error] at Module.require (node:internal/modules/cjs/loader:1624:12)
[2026-08-10 23:33:25.530] [error] at require (node:internal/modules/helpers:153:16)
[2026-08-10 23:33:25.531] [error] at Object.<anonymous> (C:\Users\커피에반하다\AppData\Local\Programs\haste-client\resources\app.asar\node_modules\discord.js\src\index.js:3:29) {
[2026-08-10 23:33:25.532] [error] code: 'MODULE_NOT_FOUND',
[2026-08-10 23:33:25.535] [error] requireStack: [
[2026-08-10 23:33:25.537] [error] 'C:\\Users\\커피에반하다\\AppData\\Local\\Programs\\haste-client\\resources\\app.asar\\node_modules\\discord.js\\src\\index.js',
[2026-08-10 23:33:25.538] [error] 'C:\\Users\\커피에반하다\\AppData\\Local\\Programs\\haste-client\\resources\\app.asar\\haste_agent_bridge.js'
[2026-08-10 23:33:25.540] [error] ]
[2026-08-10 23:33:25.542] [error] }
[2026-08-10 23:33:25.545] [error] Node.js v24.18.0
[2026-08-10 23:33:32.093] [error] node:internal/modules/cjs/loader:1527
[2026-08-10 23:33:32.096] [error] throw err;
[2026-08-10 23:33:32.098] [error] ^
[2026-08-10 23:33:32.100] [error] Error: Cannot find module '@discordjs/util'
[2026-08-10 23:33:32.102] [error] Require stack:
[2026-08-10 23:33:32.104] [error] - C:\Users\커피에반하다\AppData\Local\Programs\haste-client\resources\app.asar\node_modules\discord.js\src\index.js
[2026-08-10 23:33:32.106] [error] - C:\Users\커피에반하다\AppData\Local\Programs\haste-client\resources\app.asar\haste_agent_bridge.js
[2026-08-10 23:33:32.107] [error] at Module._resolveFilename (node:internal/modules/cjs/loader:1524:15)
[2026-08-10 23:33:32.109] [error] at wrapResolveFilename (node:internal/modules/cjs/loader:1078:27)
[2026-08-10 23:33:32.110] [error] at defaultResolveImplForCJSLoading (node:internal/modules/cjs/loader:1102:10)
[2026-08-10 23:33:32.113] [error] at resolveForCJSWithHooks (node:internal/modules/cjs/loader:1129:12)
[2026-08-10 23:33:32.114] [error] at Module._load (node:internal/modules/cjs/loader:1301:5)
[2026-08-10 23:33:32.116] [error] at c._load (node:electron/js2c/node_init:2:18060)
[2026-08-10 23:33:32.119] [error] at wrapModuleLoad (node:internal/modules/cjs/loader:262:19)
[2026-08-10 23:33:32.121] [error] at Module.require (node:internal/modules/cjs/loader:1624:12)
[2026-08-10 23:33:32.122] [error] at require (node:internal/modules/helpers:153:16)
[2026-08-10 23:33:32.123] [error] at Object.<anonymous> (C:\Users\커피에반하다\AppData\Local\Programs\haste-client\resources\app.asar\node_modules\discord.js\src\index.js:3:29) {
[2026-08-10 23:33:32.125] [error] code: 'MODULE_NOT_FOUND',
[2026-08-10 23:33:32.127] [error] requireStack: [
[2026-08-10 23:33:32.129] [error] 'C:\\Users\\커피에반하다\\AppData\\Local\\Programs\\haste-client\\resources\\app.asar\\node_modules\\discord.js\\src\\index.js',
[2026-08-10 23:33:32.130] [error] 'C:\\Users\\커피에반하다\\AppData\\Local\\Programs\\haste-client\\resources\\app.asar\\haste_agent_bridge.js'
[2026-08-10 23:33:32.132] [error] ]
[2026-08-10 23:33:32.134] [error] }
[2026-08-10 23:33:32.137] [error] Node.js v24.18.0
[2026-08-10 23:33:37.807] [error] node:internal/modules/cjs/loader:1527
[2026-08-10 23:33:37.808] [error] throw err;
[2026-08-10 23:33:37.808] [error] ^
[2026-08-10 23:33:37.809] [error] Error: Cannot find module '@discordjs/util'
[2026-08-10 23:33:37.810] [error] Require stack:
[2026-08-10 23:33:37.810] [error] - C:\Users\커피에반하다\AppData\Local\Programs\haste-client\resources\app.asar\node_modules\discord.js\src\index.js
[2026-08-10 23:33:37.811] [error] - C:\Users\커피에반하다\AppData\Local\Programs\haste-client\resources\app.asar\haste_agent_bridge.js
[2026-08-10 23:33:37.812] [error] at Module._resolveFilename (node:internal/modules/cjs/loader:1524:15)
[2026-08-10 23:33:37.813] [error] at wrapResolveFilename (node:internal/modules/cjs/loader:1078:27)
[2026-08-10 23:33:37.813] [error] at defaultResolveImplForCJSLoading (node:internal/modules/cjs/loader:1102:10)
[2026-08-10 23:33:37.814] [error] at resolveForCJSWithHooks (node:internal/modules/cjs/loader:1129:12)
[2026-08-10 23:33:37.814] [error] at Module._load (node:internal/modules/cjs/loader:1301:5)
[2026-08-10 23:33:37.815] [error] at c._load (node:electron/js2c/node_init:2:18060)
[2026-08-10 23:33:37.818] [error] at wrapModuleLoad (node:internal/modules/cjs/loader:262:19)
[2026-08-10 23:33:37.818] [error] at Module.require (node:internal/modules/cjs/loader:1624:12)
[2026-08-10 23:33:37.819] [error] at require (node:internal/modules/helpers:153:16)
[2026-08-10 23:33:37.820] [error] at Object.<anonymous> (C:\Users\커피에반하다\AppData\Local\Programs\haste-client\resources\app.asar\node_modules\discord.js\src\index.js:3:29) {
[2026-08-10 23:33:37.820] [error] code: 'MODULE_NOT_FOUND',
[2026-08-10 23:33:37.821] [error] requireStack: [
[2026-08-10 23:33:37.821] [error] 'C:\\Users\\커피에반하다\\AppData\\Local\\Programs\\haste-client\\resources\\app.asar\\node_modules\\discord.js\\src\\index.js',
[2026-08-10 23:33:37.822] [error] 'C:\\Users\\커피에반하다\\AppData\\Local\\Programs\\haste-client\\resources\\app.asar\\haste_agent_bridge.js'
[2026-08-10 23:33:37.822] [error] ]
[2026-08-10 23:33:37.823] [error] }
[2026-08-10 23:33:37.823] [error] Node.js v24.18.0
[2026-08-10 23:33:43.386] [error] node:internal/modules/cjs/loader:1527
[2026-08-10 23:33:43.387] [error] throw err;
[2026-08-10 23:33:43.388] [error] ^
[2026-08-10 23:33:43.389] [error] Error: Cannot find module '@discordjs/util'
[2026-08-10 23:33:43.390] [error] Require stack:
[2026-08-10 23:33:43.391] [error] - C:\Users\커피에반하다\AppData\Local\Programs\haste-client\resources\app.asar\node_modules\discord.js\src\index.js
[2026-08-10 23:33:43.391] [error] - C:\Users\커피에반하다\AppData\Local\Programs\haste-client\resources\app.asar\haste_agent_bridge.js
[2026-08-10 23:33:43.392] [error] at Module._resolveFilename (node:internal/modules/cjs/loader:1524:15)
[2026-08-10 23:33:43.392] [error] at wrapResolveFilename (node:internal/modules/cjs/loader:1078:27)
[2026-08-10 23:33:43.393] [error] at defaultResolveImplForCJSLoading (node:internal/modules/cjs/loader:1102:10)
[2026-08-10 23:33:43.394] [error] at resolveForCJSWithHooks (node:internal/modules/cjs/loader:1129:12)
[2026-08-10 23:33:43.394] [error] at Module._load (node:internal/modules/cjs/loader:1301:5)
[2026-08-10 23:33:43.395] [error] at c._load (node:electron/js2c/node_init:2:18060)
[2026-08-10 23:33:43.396] [error] at wrapModuleLoad (node:internal/modules/cjs/loader:262:19)
[2026-08-10 23:33:43.396] [error] at Module.require (node:internal/modules/cjs/loader:1624:12)
[2026-08-10 23:33:43.397] [error] at require (node:internal/modules/helpers:153:16)
[2026-08-10 23:33:43.397] [error] at Object.<anonymous> (C:\Users\커피에반하다\AppData\Local\Programs\haste-client\resources\app.asar\node_modules\discord.js\src\index.js:3:29) {
[2026-08-10 23:33:43.398] [error] code: 'MODULE_NOT_FOUND',
[2026-08-10 23:33:43.400] [error] requireStack: [
[2026-08-10 23:33:43.401] [error] 'C:\\Users\\커피에반하다\\AppData\\Local\\Programs\\haste-client\\resources\\app.asar\\node_modules\\discord.js\\src\\index.js',
[2026-08-10 23:33:43.402] [error] 'C:\\Users\\커피에반하다\\AppData\\Local\\Programs\\haste-client\\resources\\app.asar\\haste_agent_bridge.js'
[2026-08-10 23:33:43.402] [error] ]
[2026-08-10 23:33:43.403] [error] }
[2026-08-10 23:33:43.404] [error] Node.js v24.18.0
[2026-08-10 23:33:48.889] [error] node:internal/modules/cjs/loader:1527
[2026-08-10 23:33:48.890] [error] throw err;
[2026-08-10 23:33:48.891] [error] ^
[2026-08-10 23:33:48.892] [error] Error: Cannot find module '@discordjs/util'
[2026-08-10 23:33:48.893] [error] Require stack:
[2026-08-10 23:33:48.894] [error] - C:\Users\커피에반하다\AppData\Local\Programs\haste-client\resources\app.asar\node_modules\discord.js\src\index.js
[2026-08-10 23:33:48.894] [error] - C:\Users\커피에반하다\AppData\Local\Programs\haste-client\resources\app.asar\haste_agent_bridge.js
[2026-08-10 23:33:48.895] [error] at Module._resolveFilename (node:internal/modules/cjs/loader:1524:15)
[2026-08-10 23:33:48.896] [error] at wrapResolveFilename (node:internal/modules/cjs/loader:1078:27)
[2026-08-10 23:33:48.897] [error] at defaultResolveImplForCJSLoading (node:internal/modules/cjs/loader:1102:10)
[2026-08-10 23:33:48.898] [error] at resolveForCJSWithHooks (node:internal/modules/cjs/loader:1129:12)
[2026-08-10 23:33:48.900] [error] at Module._load (node:internal/modules/cjs/loader:1301:5)
[2026-08-10 23:33:48.902] [error] at c._load (node:electron/js2c/node_init:2:18060)
[2026-08-10 23:33:48.902] [error] at wrapModuleLoad (node:internal/modules/cjs/loader:262:19)
[2026-08-10 23:33:48.903] [error] at Module.require (node:internal/modules/cjs/loader:1624:12)
[2026-08-10 23:33:48.904] [error] at require (node:internal/modules/helpers:153:16)
[2026-08-10 23:33:48.905] [error] at Object.<anonymous> (C:\Users\커피에반하다\AppData\Local\Programs\haste-client\resources\app.asar\node_modules\discord.js\src\index.js:3:29) {
[2026-08-10 23:33:48.906] [error] code: 'MODULE_NOT_FOUND',
[2026-08-10 23:33:48.906] [error] requireStack: [
[2026-08-10 23:33:48.907] [error] 'C:\\Users\\커피에반하다\\AppData\\Local\\Programs\\haste-client\\resources\\app.asar\\node_modules\\discord.js\\src\\index.js',
[2026-08-10 23:33:48.907] [error] 'C:\\Users\\커피에반하다\\AppData\\Local\\Programs\\haste-client\\resources\\app.asar\\haste_agent_bridge.js'
[2026-08-10 23:33:48.908] [error] ]
[2026-08-10 23:33:48.909] [error] }
[2026-08-10 23:33:48.910] [error] Node.js v24.18.0
[2026-08-10 23:33:54.529] [error] node:internal/modules/cjs/loader:1527
[2026-08-10 23:33:54.530] [error] throw err;
[2026-08-10 23:33:54.531] [error] ^
[2026-08-10 23:33:54.531] [error] Error: Cannot find module '@discordjs/util'
[2026-08-10 23:33:54.532] [error] Require stack:
[2026-08-10 23:33:54.534] [error] - C:\Users\커피에반하다\AppData\Local\Programs\haste-client\resources\app.asar\node_modules\discord.js\src\index.js
[2026-08-10 23:33:54.535] [error] - C:\Users\커피에반하다\AppData\Local\Programs\haste-client\resources\app.asar\haste_agent_bridge.js
[2026-08-10 23:33:54.536] [error] at Module._resolveFilename (node:internal/modules/cjs/loader:1524:15)
[2026-08-10 23:33:54.537] [error] at wrapResolveFilename (node:internal/modules/cjs/loader:1078:27)
[2026-08-10 23:33:54.538] [error] at defaultResolveImplForCJSLoading (node:internal/modules/cjs/loader:1102:10)
[2026-08-10 23:33:54.539] [error] at resolveForCJSWithHooks (node:internal/modules/cjs/loader:1129:12)
[2026-08-10 23:33:54.540] [error] at Module._load (node:internal/modules/cjs/loader:1301:5)
[2026-08-10 23:33:54.541] [error] at c._load (node:electron/js2c/node_init:2:18060)
[2026-08-10 23:33:54.542] [error] at wrapModuleLoad (node:internal/modules/cjs/loader:262:19)
[2026-08-10 23:33:54.543] [error] at Module.require (node:internal/modules/cjs/loader:1624:12)
[2026-08-10 23:33:54.543] [error] at require (node:internal/modules/helpers:153:16)
[2026-08-10 23:33:54.544] [error] at Object.<anonymous> (C:\Users\커피에반하다\AppData\Local\Programs\haste-client\resources\app.asar\node_modules\discord.js\src\index.js:3:29) {
[2026-08-10 23:33:54.545] [error] code: 'MODULE_NOT_FOUND',
[2026-08-10 23:33:54.545] [error] requireStack: [
[2026-08-10 23:33:54.546] [error] 'C:\\Users\\커피에반하다\\AppData\\Local\\Programs\\haste-client\\resources\\app.asar\\node_modules\\discord.js\\src\\index.js',
[2026-08-10 23:33:54.546] [error] 'C:\\Users\\커피에반하다\\AppData\\Local\\Programs\\haste-client\\resources\\app.asar\\haste_agent_bridge.js'
[2026-08-10 23:33:54.547] [error] ]
[2026-08-10 23:33:54.547] [error] }
[2026-08-10 23:33:54.548] [error] Node.js v24.18.0
[2026-08-10 23:34:00.064] [error] node:internal/modules/cjs/loader:1527
[2026-08-10 23:34:00.065] [error] throw err;
[2026-08-10 23:34:00.065] [error] ^
[2026-08-10 23:34:00.066] [error] Error: Cannot find module '@discordjs/util'
[2026-08-10 23:34:00.067] [error] Require stack:
[2026-08-10 23:34:00.068] [error] - C:\Users\커피에반하다\AppData\Local\Programs\haste-client\resources\app.asar\node_modules\discord.js\src\index.js
[2026-08-10 23:34:00.068] [error] - C:\Users\커피에반하다\AppData\Local\Programs\haste-client\resources\app.asar\haste_agent_bridge.js
[2026-08-10 23:34:00.069] [error] at Module._resolveFilename (node:internal/modules/cjs/loader:1524:15)
[2026-08-10 23:34:00.069] [error] at wrapResolveFilename (node:internal/modules/cjs/loader:1078:27)
[2026-08-10 23:34:00.070] [error] at defaultResolveImplForCJSLoading (node:internal/modules/cjs/loader:1102:10)
[2026-08-10 23:34:00.071] [error] at resolveForCJSWithHooks (node:internal/modules/cjs/loader:1129:12)
[2026-08-10 23:34:00.071] [error] at Module._load (node:internal/modules/cjs/loader:1301:5)
[2026-08-10 23:34:00.072] [error] at c._load (node:electron/js2c/node_init:2:18060)
[2026-08-10 23:34:00.072] [error] at wrapModuleLoad (node:internal/modules/cjs/loader:262:19)
[2026-08-10 23:34:00.073] [error] at Module.require (node:internal/modules/cjs/loader:1624:12)
[2026-08-10 23:34:00.073] [error] at require (node:internal/modules/helpers:153:16)
[2026-08-10 23:34:00.074] [error] at Object.<anonymous> (C:\Users\커피에반하다\AppData\Local\Programs\haste-client\resources\app.asar\node_modules\discord.js\src\index.js:3:29) {
[2026-08-10 23:34:00.074] [error] code: 'MODULE_NOT_FOUND',
[2026-08-10 23:34:00.075] [error] requireStack: [
[2026-08-10 23:34:00.075] [error] 'C:\\Users\\커피에반하다\\AppData\\Local\\Programs\\haste-client\\resources\\app.asar\\node_modules\\discord.js\\src\\index.js',
[2026-08-10 23:34:00.076] [error] 'C:\\Users\\커피에반하다\\AppData\\Local\\Programs\\haste-client\\resources\\app.asar\\haste_agent_bridge.js'
[2026-08-10 23:34:00.077] [error] ]
[2026-08-10 23:34:00.077] [error] }
[2026-08-10 23:34:00.077] [error] Node.js v24.18.0
[2026-08-10 23:34:05.526] [error] node:internal/modules/cjs/loader:1527
[2026-08-10 23:34:05.527] [error] throw err;
[2026-08-10 23:34:05.527] [error] ^
[2026-08-10 23:34:05.528] [error] Error: Cannot find module '@discordjs/util'
[2026-08-10 23:34:05.529] [error] Require stack:
[2026-08-10 23:34:05.529] [error] - C:\Users\커피에반하다\AppData\Local\Programs\haste-client\resources\app.asar\node_modules\discord.js\src\index.js
[2026-08-10 23:34:05.530] [error] - C:\Users\커피에반하다\AppData\Local\Programs\haste-client\resources\app.asar\haste_agent_bridge.js
[2026-08-10 23:34:05.531] [error] at Module._resolveFilename (node:internal/modules/cjs/loader:1524:15)
[2026-08-10 23:34:05.531] [error] at wrapResolveFilename (node:internal/modules/cjs/loader:1078:27)
[2026-08-10 23:34:05.532] [error] at defaultResolveImplForCJSLoading (node:internal/modules/cjs/loader:1102:10)
[2026-08-10 23:34:05.533] [error] at resolveForCJSWithHooks (node:internal/modules/cjs/loader:1129:12)
[2026-08-10 23:34:05.534] [error] at Module._load (node:internal/modules/cjs/loader:1301:5)
[2026-08-10 23:34:05.534] [error] at c._load (node:electron/js2c/node_init:2:18060)
[2026-08-10 23:34:05.535] [error] at wrapModuleLoad (node:internal/modules/cjs/loader:262:19)
[2026-08-10 23:34:05.536] [error] at Module.require (node:internal/modules/cjs/loader:1624:12)
[2026-08-10 23:34:05.537] [error] at require (node:internal/modules/helpers:153:16)
[2026-08-10 23:34:05.537] [error] at Object.<anonymous> (C:\Users\커피에반하다\AppData\Local\Programs\haste-client\resources\app.asar\node_modules\discord.js\src\index.js:3:29) {
[2026-08-10 23:34:05.538] [error] code: 'MODULE_NOT_FOUND',
[2026-08-10 23:34:05.539] [error] requireStack: [
[2026-08-10 23:34:05.540] [error] 'C:\\Users\\커피에반하다\\AppData\\Local\\Programs\\haste-client\\resources\\app.asar\\node_modules\\discord.js\\src\\index.js',
[2026-08-10 23:34:05.541] [error] 'C:\\Users\\커피에반하다\\AppData\\Local\\Programs\\haste-client\\resources\\app.asar\\haste_agent_bridge.js'
[2026-08-10 23:34:05.543] [error] ]
[2026-08-10 23:34:05.544] [error] }
[2026-08-10 23:34:05.545] [error] Node.js v24.18.0
[2026-08-10 23:34:10.950] [error] node:internal/modules/cjs/loader:1527
[2026-08-10 23:34:10.951] [error] throw err;
[2026-08-10 23:34:10.953] [error] ^
[2026-08-10 23:34:10.954] [error] Error: Cannot find module '@discordjs/util'
[2026-08-10 23:34:10.954] [error] Require stack:
[2026-08-10 23:34:10.955] [error] - C:\Users\커피에반하다\AppData\Local\Programs\haste-client\resources\app.asar\node_modules\discord.js\src\index.js
[2026-08-10 23:34:10.956] [error] - C:\Users\커피에반하다\AppData\Local\Programs\haste-client\resources\app.asar\haste_agent_bridge.js
[2026-08-10 23:34:10.956] [error] at Module._resolveFilename (node:internal/modules/cjs/loader:1524:15)
[2026-08-10 23:34:10.957] [error] at wrapResolveFilename (node:internal/modules/cjs/loader:1078:27)
[2026-08-10 23:34:10.958] [error] at defaultResolveImplForCJSLoading (node:internal/modules/cjs/loader:1102:10)
[2026-08-10 23:34:10.958] [error] at resolveForCJSWithHooks (node:internal/modules/cjs/loader:1129:12)
[2026-08-10 23:34:10.959] [error] at Module._load (node:internal/modules/cjs/loader:1301:5)
[2026-08-10 23:34:10.959] [error] at c._load (node:electron/js2c/node_init:2:18060)
[2026-08-10 23:34:10.960] [error] at wrapModuleLoad (node:internal/modules/cjs/loader:262:19)
[2026-08-10 23:34:10.961] [error] at Module.require (node:internal/modules/cjs/loader:1624:12)
[2026-08-10 23:34:10.961] [error] at require (node:internal/modules/helpers:153:16)
[2026-08-10 23:34:10.962] [error] at Object.<anonymous> (C:\Users\커피에반하다\AppData\Local\Programs\haste-client\resources\app.asar\node_modules\discord.js\src\index.js:3:29) {
[2026-08-10 23:34:10.963] [error] code: 'MODULE_NOT_FOUND',
[2026-08-10 23:34:10.963] [error] requireStack: [
[2026-08-10 23:34:10.964] [error] 'C:\\Users\\커피에반하다\\AppData\\Local\\Programs\\haste-client\\resources\\app.asar\\node_modules\\discord.js\\src\\index.js',
[2026-08-10 23:34:10.964] [error] 'C:\\Users\\커피에반하다\\AppData\\Local\\Programs\\haste-client\\resources\\app.asar\\haste_agent_bridge.js'
[2026-08-10 23:34:10.965] [error] ]
[2026-08-10 23:34:10.965] [error] }
[2026-08-10 23:34:10.970] [error] Node.js v24.18.0
[2026-08-10 23:34:16.737] [error] node:internal/modules/cjs/loader:1527
[2026-08-10 23:34:16.737] [error] throw err;
[2026-08-10 23:34:16.738] [error] ^
[2026-08-10 23:34:16.739] [error] Error: Cannot find module '@discordjs/util'
[2026-08-10 23:34:16.739] [error] Require stack:
[2026-08-10 23:34:16.740] [error] - C:\Users\커피에반하다\AppData\Local\Programs\haste-client\resources\app.asar\node_modules\discord.js\src\index.js
[2026-08-10 23:34:16.741] [error] - C:\Users\커피에반하다\AppData\Local\Programs\haste-client\resources\app.asar\haste_agent_bridge.js
[2026-08-10 23:34:16.742] [error] at Module._resolveFilename (node:internal/modules/cjs/loader:1524:15)
[2026-08-10 23:34:16.743] [error] at wrapResolveFilename (node:internal/modules/cjs/loader:1078:27)
[2026-08-10 23:34:16.743] [error] at defaultResolveImplForCJSLoading (node:internal/modules/cjs/loader:1102:10)
[2026-08-10 23:34:16.744] [error] at resolveForCJSWithHooks (node:internal/modules/cjs/loader:1129:12)
[2026-08-10 23:34:16.745] [error] at Module._load (node:internal/modules/cjs/loader:1301:5)
[2026-08-10 23:34:16.746] [error] at c._load (node:electron/js2c/node_init:2:18060)
[2026-08-10 23:34:16.746] [error] at wrapModuleLoad (node:internal/modules/cjs/loader:262:19)
[2026-08-10 23:34:16.747] [error] at Module.require (node:internal/modules/cjs/loader:1624:12)
[2026-08-10 23:34:16.748] [error] at require (node:internal/modules/helpers:153:16)
[2026-08-10 23:34:16.748] [error] at Object.<anonymous> (C:\Users\커피에반하다\AppData\Local\Programs\haste-client\resources\app.asar\node_modules\discord.js\src\index.js:3:29) {
[2026-08-10 23:34:16.750] [error] code: 'MODULE_NOT_FOUND',
[2026-08-10 23:34:16.752] [error] requireStack: [
[2026-08-10 23:34:16.753] [error] 'C:\\Users\\커피에반하다\\AppData\\Local\\Programs\\haste-client\\resources\\app.asar\\node_modules\\discord.js\\src\\index.js',
[2026-08-10 23:34:16.754] [error] 'C:\\Users\\커피에반하다\\AppData\\Local\\Programs\\haste-client\\resources\\app.asar\\haste_agent_bridge.js'
[2026-08-10 23:34:16.755] [error] ]
[2026-08-10 23:34:16.756] [error] }
[2026-08-10 23:34:16.757] [error] Node.js v24.18.0
[2026-08-10 23:34:22.336] [error] node:internal/modules/cjs/loader:1527
[2026-08-10 23:34:22.337] [error] throw err;
[2026-08-10 23:34:22.339] [error] ^
[2026-08-10 23:34:22.340] [error] Error: Cannot find module '@discordjs/util'
[2026-08-10 23:34:22.341] [error] Require stack:
[2026-08-10 23:34:22.342] [error] - C:\Users\커피에반하다\AppData\Local\Programs\haste-client\resources\app.asar\node_modules\discord.js\src\index.js
[2026-08-10 23:34:22.346] [error] - C:\Users\커피에반하다\AppData\Local\Programs\haste-client\resources\app.asar\haste_agent_bridge.js
[2026-08-10 23:34:22.347] [error] at Module._resolveFilename (node:internal/modules/cjs/loader:1524:15)
[2026-08-10 23:34:22.348] [error] at wrapResolveFilename (node:internal/modules/cjs/loader:1078:27)
[2026-08-10 23:34:22.350] [error] at defaultResolveImplForCJSLoading (node:internal/modules/cjs/loader:1102:10)
[2026-08-10 23:34:22.351] [error] at resolveForCJSWithHooks (node:internal/modules/cjs/loader:1129:12)
[2026-08-10 23:34:22.352] [error] at Module._load (node:internal/modules/cjs/loader:1301:5)
[2026-08-10 23:34:22.352] [error] at c._load (node:electron/js2c/node_init:2:18060)
[2026-08-10 23:34:22.353] [error] at wrapModuleLoad (node:internal/modules/cjs/loader:262:19)
[2026-08-10 23:34:22.353] [error] at Module.require (node:internal/modules/cjs/loader:1624:12)
[2026-08-10 23:34:22.354] [error] at require (node:internal/modules/helpers:153:16)
[2026-08-10 23:34:22.355] [error] at Object.<anonymous> (C:\Users\커피에반하다\AppData\Local\Programs\haste-client\resources\app.asar\node_modules\discord.js\src\index.js:3:29) {
[2026-08-10 23:34:22.355] [error] code: 'MODULE_NOT_FOUND',
[2026-08-10 23:34:22.356] [error] requireStack: [
[2026-08-10 23:34:22.356] [error] 'C:\\Users\\커피에반하다\\AppData\\Local\\Programs\\haste-client\\resources\\app.asar\\node_modules\\discord.js\\src\\index.js',
[2026-08-10 23:34:22.357] [error] 'C:\\Users\\커피에반하다\\AppData\\Local\\Programs\\haste-client\\resources\\app.asar\\haste_agent_bridge.js'
[2026-08-10 23:34:22.358] [error] ]
[2026-08-10 23:34:22.358] [error] }
[2026-08-10 23:34:22.360] [error] Node.js v24.18.0
[2026-08-10 23:34:27.868] [error] node:internal/modules/cjs/loader:1527
[2026-08-10 23:34:27.869] [error] throw err;
[2026-08-10 23:34:27.870] [error] ^
[2026-08-10 23:34:27.871] [error] Error: Cannot find module '@discordjs/util'
[2026-08-10 23:34:27.872] [error] Require stack:
[2026-08-10 23:34:27.873] [error] - C:\Users\커피에반하다\AppData\Local\Programs\haste-client\resources\app.asar\node_modules\discord.js\src\index.js
[2026-08-10 23:34:27.873] [error] - C:\Users\커피에반하다\AppData\Local\Programs\haste-client\resources\app.asar\haste_agent_bridge.js
[2026-08-10 23:34:27.875] [error] at Module._resolveFilename (node:internal/modules/cjs/loader:1524:15)
[2026-08-10 23:34:27.876] [error] at wrapResolveFilename (node:internal/modules/cjs/loader:1078:27)
[2026-08-10 23:34:27.877] [error] at defaultResolveImplForCJSLoading (node:internal/modules/cjs/loader:1102:10)
[2026-08-10 23:34:27.877] [error] at resolveForCJSWithHooks (node:internal/modules/cjs/loader:1129:12)
[2026-08-10 23:34:27.878] [error] at Module._load (node:internal/modules/cjs/loader:1301:5)
[2026-08-10 23:34:27.878] [error] at c._load (node:electron/js2c/node_init:2:18060)
[2026-08-10 23:34:27.879] [error] at wrapModuleLoad (node:internal/modules/cjs/loader:262:19)
[2026-08-10 23:34:27.880] [error] at Module.require (node:internal/modules/cjs/loader:1624:12)
[2026-08-10 23:34:27.880] [error] at require (node:internal/modules/helpers:153:16)
[2026-08-10 23:34:27.881] [error] at Object.<anonymous> (C:\Users\커피에반하다\AppData\Local\Programs\haste-client\resources\app.asar\node_modules\discord.js\src\index.js:3:29) {
[2026-08-10 23:34:27.881] [error] code: 'MODULE_NOT_FOUND',
[2026-08-10 23:34:27.882] [error] requireStack: [
[2026-08-10 23:34:27.883] [error] 'C:\\Users\\커피에반하다\\AppData\\Local\\Programs\\haste-client\\resources\\app.asar\\node_modules\\discord.js\\src\\index.js',
[2026-08-10 23:34:27.884] [error] 'C:\\Users\\커피에반하다\\AppData\\Local\\Programs\\haste-client\\resources\\app.asar\\haste_agent_bridge.js'
[2026-08-10 23:34:27.884] [error] ]
[2026-08-10 23:34:27.885] [error] }
[2026-08-10 23:34:27.886] [error] Node.js v24.18.0
[2026-08-10 23:34:33.343] [error] node:internal/modules/cjs/loader:1527
[2026-08-10 23:34:33.344] [error] throw err;
[2026-08-10 23:34:33.345] [error] ^
[2026-08-10 23:34:33.346] [error] Error: Cannot find module '@discordjs/util'
[2026-08-10 23:34:33.346] [error] Require stack:
[2026-08-10 23:34:33.347] [error] - C:\Users\커피에반하다\AppData\Local\Programs\haste-client\resources\app.asar\node_modules\discord.js\src\index.js
[2026-08-10 23:34:33.347] [error] - C:\Users\커피에반하다\AppData\Local\Programs\haste-client\resources\app.asar\haste_agent_bridge.js
[2026-08-10 23:34:33.348] [error] at Module._resolveFilename (node:internal/modules/cjs/loader:1524:15)
[2026-08-10 23:34:33.349] [error] at wrapResolveFilename (node:internal/modules/cjs/loader:1078:27)
[2026-08-10 23:34:33.351] [error] at defaultResolveImplForCJSLoading (node:internal/modules/cjs/loader:1102:10)
[2026-08-10 23:34:33.352] [error] at resolveForCJSWithHooks (node:internal/modules/cjs/loader:1129:12)
[2026-08-10 23:34:33.352] [error] at Module._load (node:internal/modules/cjs/loader:1301:5)
[2026-08-10 23:34:33.353] [error] at c._load (node:electron/js2c/node_init:2:18060)
[2026-08-10 23:34:33.353] [error] at wrapModuleLoad (node:internal/modules/cjs/loader:262:19)
[2026-08-10 23:34:33.354] [error] at Module.require (node:internal/modules/cjs/loader:1624:12)
[2026-08-10 23:34:33.354] [error] at require (node:internal/modules/helpers:153:16)
[2026-08-10 23:34:33.355] [error] at Object.<anonymous> (C:\Users\커피에반하다\AppData\Local\Programs\haste-client\resources\app.asar\node_modules\discord.js\src\index.js:3:29) {
[2026-08-10 23:34:33.355] [error] code: 'MODULE_NOT_FOUND',
[2026-08-10 23:34:33.356] [error] requireStack: [
[2026-08-10 23:34:33.356] [error] 'C:\\Users\\커피에반하다\\AppData\\Local\\Programs\\haste-client\\resources\\app.asar\\node_modules\\discord.js\\src\\index.js',
[2026-08-10 23:34:33.357] [error] 'C:\\Users\\커피에반하다\\AppData\\Local\\Programs\\haste-client\\resources\\app.asar\\haste_agent_bridge.js'
[2026-08-10 23:34:33.358] [error] ]
[2026-08-10 23:34:33.358] [error] }
[2026-08-10 23:34:33.359] [error] Node.js v24.18.0
[2026-08-10 23:34:38.760] [error] node:internal/modules/cjs/loader:1527
[2026-08-10 23:34:38.761] [error] throw err;
[2026-08-10 23:34:38.761] [error] ^
[2026-08-10 23:34:38.762] [error] Error: Cannot find module '@discordjs/util'
[2026-08-10 23:34:38.763] [error] Require stack:
[2026-08-10 23:34:38.764] [error] - C:\Users\커피에반하다\AppData\Local\Programs\haste-client\resources\app.asar\node_modules\discord.js\src\index.js
[2026-08-10 23:34:38.764] [error] - C:\Users\커피에반하다\AppData\Local\Programs\haste-client\resources\app.asar\haste_agent_bridge.js
[2026-08-10 23:34:38.766] [error] at Module._resolveFilename (node:internal/modules/cjs/loader:1524:15)
[2026-08-10 23:34:38.767] [error] at wrapResolveFilename (node:internal/modules/cjs/loader:1078:27)
[2026-08-10 23:34:38.768] [error] at defaultResolveImplForCJSLoading (node:internal/modules/cjs/loader:1102:10)
[2026-08-10 23:34:38.769] [error] at resolveForCJSWithHooks (node:internal/modules/cjs/loader:1129:12)
[2026-08-10 23:34:38.770] [error] at Module._load (node:internal/modules/cjs/loader:1301:5)
[2026-08-10 23:34:38.771] [error] at c._load (node:electron/js2c/node_init:2:18060)
[2026-08-10 23:34:38.772] [error] at wrapModuleLoad (node:internal/modules/cjs/loader:262:19)
[2026-08-10 23:34:38.772] [error] at Module.require (node:internal/modules/cjs/loader:1624:12)
[2026-08-10 23:34:38.774] [error] at require (node:internal/modules/helpers:153:16)
[2026-08-10 23:34:38.775] [error] at Object.<anonymous> (C:\Users\커피에반하다\AppData\Local\Programs\haste-client\resources\app.asar\node_modules\discord.js\src\index.js:3:29) {
[2026-08-10 23:34:38.776] [error] code: 'MODULE_NOT_FOUND',
[2026-08-10 23:34:38.776] [error] requireStack: [
[2026-08-10 23:34:38.777] [error] 'C:\\Users\\커피에반하다\\AppData\\Local\\Programs\\haste-client\\resources\\app.asar\\node_modules\\discord.js\\src\\index.js',
[2026-08-10 23:34:38.778] [error] 'C:\\Users\\커피에반하다\\AppData\\Local\\Programs\\haste-client\\resources\\app.asar\\haste_agent_bridge.js'
[2026-08-10 23:34:38.779] [error] ]
[2026-08-10 23:34:38.780] [error] }
[2026-08-10 23:34:38.782] [error] Node.js v24.18.0
[2026-08-10 23:34:44.169] [error] node:internal/modules/cjs/loader:1527
[2026-08-10 23:34:44.171] [error] throw err;
[2026-08-10 23:34:44.172] [error] ^
[2026-08-10 23:34:44.173] [error] Error: Cannot find module '@discordjs/util'
[2026-08-10 23:34:44.174] [error] Require stack:
[2026-08-10 23:34:44.175] [error] - C:\Users\커피에반하다\AppData\Local\Programs\haste-client\resources\app.asar\node_modules\discord.js\src\index.js
[2026-08-10 23:34:44.176] [error] - C:\Users\커피에반하다\AppData\Local\Programs\haste-client\resources\app.asar\haste_agent_bridge.js
[2026-08-10 23:34:44.177] [error] at Module._resolveFilename (node:internal/modules/cjs/loader:1524:15)
[2026-08-10 23:34:44.178] [error] at wrapResolveFilename (node:internal/modules/cjs/loader:1078:27)
[2026-08-10 23:34:44.179] [error] at defaultResolveImplForCJSLoading (node:internal/modules/cjs/loader:1102:10)
[2026-08-10 23:34:44.180] [error] at resolveForCJSWithHooks (node:internal/modules/cjs/loader:1129:12)
[2026-08-10 23:34:44.180] [error] at Module._load (node:internal/modules/cjs/loader:1301:5)
[2026-08-10 23:34:44.181] [error] at c._load (node:electron/js2c/node_init:2:18060)
[2026-08-10 23:34:44.181] [error] at wrapModuleLoad (node:internal/modules/cjs/loader:262:19)
[2026-08-10 23:34:44.182] [error] at Module.require (node:internal/modules/cjs/loader:1624:12)
[2026-08-10 23:34:44.183] [error] at require (node:internal/modules/helpers:153:16)
[2026-08-10 23:34:44.184] [error] at Object.<anonymous> (C:\Users\커피에반하다\AppData\Local\Programs\haste-client\resources\app.asar\node_modules\discord.js\src\index.js:3:29) {
[2026-08-10 23:34:44.185] [error] code: 'MODULE_NOT_FOUND',
[2026-08-10 23:34:44.186] [error] requireStack: [
[2026-08-10 23:34:44.187] [error] 'C:\\Users\\커피에반하다\\AppData\\Local\\Programs\\haste-client\\resources\\app.asar\\node_modules\\discord.js\\src\\index.js',
[2026-08-10 23:34:44.188] [error] 'C:\\Users\\커피에반하다\\AppData\\Local\\Programs\\haste-client\\resources\\app.asar\\haste_agent_bridge.js'
[2026-08-10 23:34:44.188] [error] ]
[2026-08-10 23:34:44.189] [error] }
[2026-08-10 23:34:44.196] [error] Node.js v24.18.0
[2026-08-10 23:34:49.579] [error] node:internal/modules/cjs/loader:1527
[2026-08-10 23:34:49.581] [error] throw err;
[2026-08-10 23:34:49.582] [error] ^
[2026-08-10 23:34:49.584] [error] Error: Cannot find module '@discordjs/util'
[2026-08-10 23:34:49.585] [error] Require stack:
[2026-08-10 23:34:49.586] [error] - C:\Users\커피에반하다\AppData\Local\Programs\haste-client\resources\app.asar\node_modules\discord.js\src\index.js
[2026-08-10 23:34:49.587] [error] - C:\Users\커피에반하다\AppData\Local\Programs\haste-client\resources\app.asar\haste_agent_bridge.js
[2026-08-10 23:34:49.588] [error] at Module._resolveFilename (node:internal/modules/cjs/loader:1524:15)
[2026-08-10 23:34:49.589] [error] at wrapResolveFilename (node:internal/modules/cjs/loader:1078:27)
[2026-08-10 23:34:49.589] [error] at defaultResolveImplForCJSLoading (node:internal/modules/cjs/loader:1102:10)
[2026-08-10 23:34:49.590] [error] at resolveForCJSWithHooks (node:internal/modules/cjs/loader:1129:12)
[2026-08-10 23:34:49.591] [error] at Module._load (node:internal/modules/cjs/loader:1301:5)
[2026-08-10 23:34:49.591] [error] at c._load (node:electron/js2c/node_init:2:18060)
[2026-08-10 23:34:49.592] [error] at wrapModuleLoad (node:internal/modules/cjs/loader:262:19)
[2026-08-10 23:34:49.592] [error] at Module.require (node:internal/modules/cjs/loader:1624:12)
[2026-08-10 23:34:49.593] [error] at require (node:internal/modules/helpers:153:16)
[2026-08-10 23:34:49.594] [error] at Object.<anonymous> (C:\Users\커피에반하다\AppData\Local\Programs\haste-client\resources\app.asar\node_modules\discord.js\src\index.js:3:29) {
[2026-08-10 23:34:49.594] [error] code: 'MODULE_NOT_FOUND',
[2026-08-10 23:34:49.595] [error] requireStack: [
[2026-08-10 23:34:49.596] [error] 'C:\\Users\\커피에반하다\\AppData\\Local\\Programs\\haste-client\\resources\\app.asar\\node_modules\\discord.js\\src\\index.js',
[2026-08-10 23:34:49.596] [error] 'C:\\Users\\커피에반하다\\AppData\\Local\\Programs\\haste-client\\resources\\app.asar\\haste_agent_bridge.js'
[2026-08-10 23:34:49.597] [error] ]
[2026-08-10 23:34:49.598] [error] }
[2026-08-10 23:34:49.599] [error] Node.js v24.18.0
[2026-08-10 23:34:54.969] [error] node:internal/modules/cjs/loader:1527
[2026-08-10 23:34:54.970] [error] throw err;
[2026-08-10 23:34:54.971] [error] ^
[2026-08-10 23:34:54.972] [error] Error: Cannot find module '@discordjs/util'
[2026-08-10 23:34:54.973] [error] Require stack:
[2026-08-10 23:34:54.974] [error] - C:\Users\커피에반하다\AppData\Local\Programs\haste-client\resources\app.asar\node_modules\discord.js\src\index.js
[2026-08-10 23:34:54.974] [error] - C:\Users\커피에반하다\AppData\Local\Programs\haste-client\resources\app.asar\haste_agent_bridge.js
[2026-08-10 23:34:54.975] [error] at Module._resolveFilename (node:internal/modules/cjs/loader:1524:15)
[2026-08-10 23:34:54.976] [error] at wrapResolveFilename (node:internal/modules/cjs/loader:1078:27)
[2026-08-10 23:34:54.976] [error] at defaultResolveImplForCJSLoading (node:internal/modules/cjs/loader:1102:10)
[2026-08-10 23:34:54.977] [error] at resolveForCJSWithHooks (node:internal/modules/cjs/loader:1129:12)
[2026-08-10 23:34:54.978] [error] at Module._load (node:internal/modules/cjs/loader:1301:5)
[2026-08-10 23:34:54.979] [error] at c._load (node:electron/js2c/node_init:2:18060)
[2026-08-10 23:34:54.980] [error] at wrapModuleLoad (node:internal/modules/cjs/loader:262:19)
[2026-08-10 23:34:54.980] [error] at Module.require (node:internal/modules/cjs/loader:1624:12)
[2026-08-10 23:34:54.981] [error] at require (node:internal/modules/helpers:153:16)
[2026-08-10 23:34:54.983] [error] at Object.<anonymous> (C:\Users\커피에반하다\AppData\Local\Programs\haste-client\resources\app.asar\node_modules\discord.js\src\index.js:3:29) {
[2026-08-10 23:34:54.984] [error] code: 'MODULE_NOT_FOUND',
[2026-08-10 23:34:54.985] [error] requireStack: [
[2026-08-10 23:34:54.986] [error] 'C:\\Users\\커피에반하다\\AppData\\Local\\Programs\\haste-client\\resources\\app.asar\\node_modules\\discord.js\\src\\index.js',
[2026-08-10 23:34:54.988] [error] 'C:\\Users\\커피에반하다\\AppData\\Local\\Programs\\haste-client\\resources\\app.asar\\haste_agent_bridge.js'
[2026-08-10 23:34:54.988] [error] ]
[2026-08-10 23:34:54.989] [error] }
[2026-08-10 23:34:54.992] [error] Node.js v24.18.0
[2026-08-10 23:35:00.364] [error] node:internal/modules/cjs/loader:1527
[2026-08-10 23:35:00.365] [error] throw err;
[2026-08-10 23:35:00.366] [error] ^
[2026-08-10 23:35:00.367] [error] Error: Cannot find module '@discordjs/util'
[2026-08-10 23:35:00.368] [error] Require stack:
[2026-08-10 23:35:00.368] [error] - C:\Users\커피에반하다\AppData\Local\Programs\haste-client\resources\app.asar\node_modules\discord.js\src\index.js
[2026-08-10 23:35:00.369] [error] - C:\Users\커피에반하다\AppData\Local\Programs\haste-client\resources\app.asar\haste_agent_bridge.js
[2026-08-10 23:35:00.370] [error] at Module._resolveFilename (node:internal/modules/cjs/loader:1524:15)
[2026-08-10 23:35:00.370] [error] at wrapResolveFilename (node:internal/modules/cjs/loader:1078:27)
[2026-08-10 23:35:00.371] [error] at defaultResolveImplForCJSLoading (node:internal/modules/cjs/loader:1102:10)
[2026-08-10 23:35:00.371] [error] at resolveForCJSWithHooks (node:internal/modules/cjs/loader:1129:12)
[2026-08-10 23:35:00.372] [error] at Module._load (node:internal/modules/cjs/loader:1301:5)
[2026-08-10 23:35:00.372] [error] at c._load (node:electron/js2c/node_init:2:18060)
[2026-08-10 23:35:00.373] [error] at wrapModuleLoad (node:internal/modules/cjs/loader:262:19)
[2026-08-10 23:35:00.374] [error] at Module.require (node:internal/modules/cjs/loader:1624:12)
[2026-08-10 23:35:00.374] [error] at require (node:internal/modules/helpers:153:16)
[2026-08-10 23:35:00.375] [error] at Object.<anonymous> (C:\Users\커피에반하다\AppData\Local\Programs\haste-client\resources\app.asar\node_modules\discord.js\src\index.js:3:29) {
[2026-08-10 23:35:00.375] [error] code: 'MODULE_NOT_FOUND',
[2026-08-10 23:35:00.376] [error] requireStack: [
[2026-08-10 23:35:00.376] [error] 'C:\\Users\\커피에반하다\\AppData\\Local\\Programs\\haste-client\\resources\\app.asar\\node_modules\\discord.js\\src\\index.js',
[2026-08-10 23:35:00.377] [error] 'C:\\Users\\커피에반하다\\AppData\\Local\\Programs\\haste-client\\resources\\app.asar\\haste_agent_bridge.js'
[2026-08-10 23:35:00.377] [error] ]
[2026-08-10 23:35:00.378] [error] }
[2026-08-10 23:35:00.379] [error] Node.js v24.18.0
[2026-08-10 23:35:05.807] [error] node:internal/modules/cjs/loader:1527
[2026-08-10 23:35:05.809] [error] throw err;
[2026-08-10 23:35:05.810] [error] ^
[2026-08-10 23:35:05.810] [error] Error: Cannot find module '@discordjs/util'
[2026-08-10 23:35:05.811] [error] Require stack:
[2026-08-10 23:35:05.812] [error] - C:\Users\커피에반하다\AppData\Local\Programs\haste-client\resources\app.asar\node_modules\discord.js\src\index.js
[2026-08-10 23:35:05.812] [error] - C:\Users\커피에반하다\AppData\Local\Programs\haste-client\resources\app.asar\haste_agent_bridge.js
[2026-08-10 23:35:05.813] [error] at Module._resolveFilename (node:internal/modules/cjs/loader:1524:15)
[2026-08-10 23:35:05.814] [error] at wrapResolveFilename (node:internal/modules/cjs/loader:1078:27)
[2026-08-10 23:35:05.814] [error] at defaultResolveImplForCJSLoading (node:internal/modules/cjs/loader:1102:10)
[2026-08-10 23:35:05.815] [error] at resolveForCJSWithHooks (node:internal/modules/cjs/loader:1129:12)
[2026-08-10 23:35:05.815] [error] at Module._load (node:internal/modules/cjs/loader:1301:5)
[2026-08-10 23:35:05.816] [error] at c._load (node:electron/js2c/node_init:2:18060)
[2026-08-10 23:35:05.817] [error] at wrapModuleLoad (node:internal/modules/cjs/loader:262:19)
[2026-08-10 23:35:05.817] [error] at Module.require (node:internal/modules/cjs/loader:1624:12)
[2026-08-10 23:35:05.818] [error] at require (node:internal/modules/helpers:153:16)
[2026-08-10 23:35:05.818] [error] at Object.<anonymous> (C:\Users\커피에반하다\AppData\Local\Programs\haste-client\resources\app.asar\node_modules\discord.js\src\index.js:3:29) {
[2026-08-10 23:35:05.819] [error] code: 'MODULE_NOT_FOUND',
[2026-08-10 23:35:05.820] [error] requireStack: [
[2026-08-10 23:35:05.820] [error] 'C:\\Users\\커피에반하다\\AppData\\Local\\Programs\\haste-client\\resources\\app.asar\\node_modules\\discord.js\\src\\index.js',
[2026-08-10 23:35:05.821] [error] 'C:\\Users\\커피에반하다\\AppData\\Local\\Programs\\haste-client\\resources\\app.asar\\haste_agent_bridge.js'
[2026-08-10 23:35:05.821] [error] ]
[2026-08-10 23:35:05.823] [error] }
[2026-08-10 23:35:05.824] [error] Node.js v24.18.0
[2026-08-10 23:35:11.255] [error] node:internal/modules/cjs/loader:1527
[2026-08-10 23:35:11.256] [error] throw err;
[2026-08-10 23:35:11.257] [error] ^
[2026-08-10 23:35:11.258] [error] Error: Cannot find module '@discordjs/util'
[2026-08-10 23:35:11.259] [error] Require stack:
[2026-08-10 23:35:11.259] [error] - C:\Users\커피에반하다\AppData\Local\Programs\haste-client\resources\app.asar\node_modules\discord.js\src\index.js
[2026-08-10 23:35:11.260] [error] - C:\Users\커피에반하다\AppData\Local\Programs\haste-client\resources\app.asar\haste_agent_bridge.js
[2026-08-10 23:35:11.261] [error] at Module._resolveFilename (node:internal/modules/cjs/loader:1524:15)
[2026-08-10 23:35:11.261] [error] at wrapResolveFilename (node:internal/modules/cjs/loader:1078:27)
[2026-08-10 23:35:11.262] [error] at defaultResolveImplForCJSLoading (node:internal/modules/cjs/loader:1102:10)
[2026-08-10 23:35:11.262] [error] at resolveForCJSWithHooks (node:internal/modules/cjs/loader:1129:12)
[2026-08-10 23:35:11.263] [error] at Module._load (node:internal/modules/cjs/loader:1301:5)
[2026-08-10 23:35:11.263] [error] at c._load (node:electron/js2c/node_init:2:18060)
[2026-08-10 23:35:11.264] [error] at wrapModuleLoad (node:internal/modules/cjs/loader:262:19)
[2026-08-10 23:35:11.265] [error] at Module.require (node:internal/modules/cjs/loader:1624:12)
[2026-08-10 23:35:11.266] [error] at require (node:internal/modules/helpers:153:16)
[2026-08-10 23:35:11.267] [error] at Object.<anonymous> (C:\Users\커피에반하다\AppData\Local\Programs\haste-client\resources\app.asar\node_modules\discord.js\src\index.js:3:29) {
[2026-08-10 23:35:11.268] [error] code: 'MODULE_NOT_FOUND',
[2026-08-10 23:35:11.269] [error] requireStack: [
[2026-08-10 23:35:11.269] [error] 'C:\\Users\\커피에반하다\\AppData\\Local\\Programs\\haste-client\\resources\\app.asar\\node_modules\\discord.js\\src\\index.js',
[2026-08-10 23:35:11.270] [error] 'C:\\Users\\커피에반하다\\AppData\\Local\\Programs\\haste-client\\resources\\app.asar\\haste_agent_bridge.js'
[2026-08-10 23:35:11.271] [error] ]
[2026-08-10 23:35:11.271] [error] }
[2026-08-10 23:35:11.272] [error] Node.js v24.18.0
[2026-08-10 23:35:16.744] [error] node:internal/modules/cjs/loader:1527
[2026-08-10 23:35:16.745] [error] throw err;
[2026-08-10 23:35:16.746] [error] ^
[2026-08-10 23:35:16.747] [error] Error: Cannot find module '@discordjs/util'
[2026-08-10 23:35:16.747] [error] Require stack:
[2026-08-10 23:35:16.748] [error] - C:\Users\커피에반하다\AppData\Local\Programs\haste-client\resources\app.asar\node_modules\discord.js\src\index.js
[2026-08-10 23:35:16.748] [error] - C:\Users\커피에반하다\AppData\Local\Programs\haste-client\resources\app.asar\haste_agent_bridge.js
[2026-08-10 23:35:16.751] [error] at Module._resolveFilename (node:internal/modules/cjs/loader:1524:15)
[2026-08-10 23:35:16.752] [error] at wrapResolveFilename (node:internal/modules/cjs/loader:1078:27)
[2026-08-10 23:35:16.752] [error] at defaultResolveImplForCJSLoading (node:internal/modules/cjs/loader:1102:10)
[2026-08-10 23:35:16.753] [error] at resolveForCJSWithHooks (node:internal/modules/cjs/loader:1129:12)
[2026-08-10 23:35:16.753] [error] at Module._load (node:internal/modules/cjs/loader:1301:5)
[2026-08-10 23:35:16.754] [error] at c._load (node:electron/js2c/node_init:2:18060)
[2026-08-10 23:35:16.754] [error] at wrapModuleLoad (node:internal/modules/cjs/loader:262:19)
[2026-08-10 23:35:16.755] [error] at Module.require (node:internal/modules/cjs/loader:1624:12)
[2026-08-10 23:35:16.755] [error] at require (node:internal/modules/helpers:153:16)
[2026-08-10 23:35:16.756] [error] at Object.<anonymous> (C:\Users\커피에반하다\AppData\Local\Programs\haste-client\resources\app.asar\node_modules\discord.js\src\index.js:3:29) {
[2026-08-10 23:35:16.757] [error] code: 'MODULE_NOT_FOUND',
[2026-08-10 23:35:16.757] [error] requireStack: [
[2026-08-10 23:35:16.758] [error] 'C:\\Users\\커피에반하다\\AppData\\Local\\Programs\\haste-client\\resources\\app.asar\\node_modules\\discord.js\\src\\index.js',
[2026-08-10 23:35:16.758] [error] 'C:\\Users\\커피에반하다\\AppData\\Local\\Programs\\haste-client\\resources\\app.asar\\haste_agent_bridge.js'
[2026-08-10 23:35:16.759] [error] ]
[2026-08-10 23:35:16.760] [error] }
[2026-08-10 23:35:16.761] [error] Node.js v24.18.0
[2026-08-10 23:35:22.279] [error] node:internal/modules/cjs/loader:1527
[2026-08-10 23:35:22.280] [error] throw err;
[2026-08-10 23:35:22.281] [error] ^
[2026-08-10 23:35:22.282] [error] Error: Cannot find module '@discordjs/util'
[2026-08-10 23:35:22.284] [error] Require stack:
[2026-08-10 23:35:22.286] [error] - C:\Users\커피에반하다\AppData\Local\Programs\haste-client\resources\app.asar\node_modules\discord.js\src\index.js
[2026-08-10 23:35:22.287] [error] - C:\Users\커피에반하다\AppData\Local\Programs\haste-client\resources\app.asar\haste_agent_bridge.js
[2026-08-10 23:35:22.288] [error] at Module._resolveFilename (node:internal/modules/cjs/loader:1524:15)
[2026-08-10 23:35:22.289] [error] at wrapResolveFilename (node:internal/modules/cjs/loader:1078:27)
[2026-08-10 23:35:22.290] [error] at defaultResolveImplForCJSLoading (node:internal/modules/cjs/loader:1102:10)
[2026-08-10 23:35:22.290] [error] at resolveForCJSWithHooks (node:internal/modules/cjs/loader:1129:12)
[2026-08-10 23:35:22.291] [error] at Module._load (node:internal/modules/cjs/loader:1301:5)
[2026-08-10 23:35:22.292] [error] at c._load (node:electron/js2c/node_init:2:18060)
[2026-08-10 23:35:22.293] [error] at wrapModuleLoad (node:internal/modules/cjs/loader:262:19)
[2026-08-10 23:35:22.293] [error] at Module.require (node:internal/modules/cjs/loader:1624:12)
[2026-08-10 23:35:22.294] [error] at require (node:internal/modules/helpers:153:16)
[2026-08-10 23:35:22.295] [error] at Object.<anonymous> (C:\Users\커피에반하다\AppData\Local\Programs\haste-client\resources\app.asar\node_modules\discord.js\src\index.js:3:29) {
[2026-08-10 23:35:22.296] [error] code: 'MODULE_NOT_FOUND',
[2026-08-10 23:35:22.297] [error] requireStack: [
[2026-08-10 23:35:22.297] [error] 'C:\\Users\\커피에반하다\\AppData\\Local\\Programs\\haste-client\\resources\\app.asar\\node_modules\\discord.js\\src\\index.js',
[2026-08-10 23:35:22.298] [error] 'C:\\Users\\커피에반하다\\AppData\\Local\\Programs\\haste-client\\resources\\app.asar\\haste_agent_bridge.js'
[2026-08-10 23:35:22.299] [error] ]
[2026-08-10 23:35:22.301] [error] }
[2026-08-10 23:35:22.307] [error] Node.js v24.18.0
[2026-08-10 23:35:28.056] [error] node:internal/modules/cjs/loader:1527
[2026-08-10 23:35:28.057] [error] throw err;
[2026-08-10 23:35:28.058] [error] ^
[2026-08-10 23:35:28.059] [error] Error: Cannot find module '@discordjs/util'
[2026-08-10 23:35:28.059] [error] Require stack:
[2026-08-10 23:35:28.060] [error] - C:\Users\커피에반하다\AppData\Local\Programs\haste-client\resources\app.asar\node_modules\discord.js\src\index.js
[2026-08-10 23:35:28.061] [error] - C:\Users\커피에반하다\AppData\Local\Programs\haste-client\resources\app.asar\haste_agent_bridge.js
[2026-08-10 23:35:28.062] [error] at Module._resolveFilename (node:internal/modules/cjs/loader:1524:15)
[2026-08-10 23:35:28.063] [error] at wrapResolveFilename (node:internal/modules/cjs/loader:1078:27)
[2026-08-10 23:35:28.064] [error] at defaultResolveImplForCJSLoading (node:internal/modules/cjs/loader:1102:10)
[2026-08-10 23:35:28.065] [error] at resolveForCJSWithHooks (node:internal/modules/cjs/loader:1129:12)
[2026-08-10 23:35:28.066] [error] at Module._load (node:internal/modules/cjs/loader:1301:5)
[2026-08-10 23:35:28.067] [error] at c._load (node:electron/js2c/node_init:2:18060)
[2026-08-10 23:35:28.068] [error] at wrapModuleLoad (node:internal/modules/cjs/loader:262:19)
[2026-08-10 23:35:28.069] [error] at Module.require (node:internal/modules/cjs/loader:1624:12)
[2026-08-10 23:35:28.070] [error] at require (node:internal/modules/helpers:153:16)
[2026-08-10 23:35:28.071] [error] at Object.<anonymous> (C:\Users\커피에반하다\AppData\Local\Programs\haste-client\resources\app.asar\node_modules\discord.js\src\index.js:3:29) {
[2026-08-10 23:35:28.072] [error] code: 'MODULE_NOT_FOUND',
[2026-08-10 23:35:28.074] [error] requireStack: [
[2026-08-10 23:35:28.077] [error] 'C:\\Users\\커피에반하다\\AppData\\Local\\Programs\\haste-client\\resources\\app.asar\\node_modules\\discord.js\\src\\index.js',
[2026-08-10 23:35:28.078] [error] 'C:\\Users\\커피에반하다\\AppData\\Local\\Programs\\haste-client\\resources\\app.asar\\haste_agent_bridge.js'
[2026-08-10 23:35:28.079] [error] ]
[2026-08-10 23:35:28.080] [error] }
[2026-08-10 23:35:28.081] [error] Node.js v24.18.0
[2026-08-10 23:35:33.699] [error] node:internal/modules/cjs/loader:1527
[2026-08-10 23:35:33.701] [error] throw err;
[2026-08-10 23:35:33.702] [error] ^
[2026-08-10 23:35:33.703] [error] Error: Cannot find module '@discordjs/util'
[2026-08-10 23:35:33.703] [error] Require stack:
[2026-08-10 23:35:33.704] [error] - C:\Users\커피에반하다\AppData\Local\Programs\haste-client\resources\app.asar\node_modules\discord.js\src\index.js
[2026-08-10 23:35:33.705] [error] - C:\Users\커피에반하다\AppData\Local\Programs\haste-client\resources\app.asar\haste_agent_bridge.js
[2026-08-10 23:35:33.705] [error] at Module._resolveFilename (node:internal/modules/cjs/loader:1524:15)
[2026-08-10 23:35:33.706] [error] at wrapResolveFilename (node:internal/modules/cjs/loader:1078:27)
[2026-08-10 23:35:33.707] [error] at defaultResolveImplForCJSLoading (node:internal/modules/cjs/loader:1102:10)
[2026-08-10 23:35:33.707] [error] at resolveForCJSWithHooks (node:internal/modules/cjs/loader:1129:12)
[2026-08-10 23:35:33.708] [error] at Module._load (node:internal/modules/cjs/loader:1301:5)
[2026-08-10 23:35:33.708] [error] at c._load (node:electron/js2c/node_init:2:18060)
[2026-08-10 23:35:33.709] [error] at wrapModuleLoad (node:internal/modules/cjs/loader:262:19)
[2026-08-10 23:35:33.710] [error] at Module.require (node:internal/modules/cjs/loader:1624:12)
[2026-08-10 23:35:33.710] [error] at require (node:internal/modules/helpers:153:16)
[2026-08-10 23:35:33.711] [error] at Object.<anonymous> (C:\Users\커피에반하다\AppData\Local\Programs\haste-client\resources\app.asar\node_modules\discord.js\src\index.js:3:29) {
[2026-08-10 23:35:33.711] [error] code: 'MODULE_NOT_FOUND',
[2026-08-10 23:35:33.712] [error] requireStack: [
[2026-08-10 23:35:33.712] [error] 'C:\\Users\\커피에반하다\\AppData\\Local\\Programs\\haste-client\\resources\\app.asar\\node_modules\\discord.js\\src\\index.js',
[2026-08-10 23:35:33.713] [error] 'C:\\Users\\커피에반하다\\AppData\\Local\\Programs\\haste-client\\resources\\app.asar\\haste_agent_bridge.js'
[2026-08-10 23:35:33.714] [error] ]
[2026-08-10 23:35:33.714] [error] }
[2026-08-10 23:35:33.716] [error] Node.js v24.18.0
[2026-08-10 23:35:39.203] [error] node:internal/modules/cjs/loader:1527
[2026-08-10 23:35:39.204] [error] throw err;
[2026-08-10 23:35:39.205] [error] ^
[2026-08-10 23:35:39.207] [error] Error: Cannot find module '@discordjs/util'
[2026-08-10 23:35:39.208] [error] Require stack:
[2026-08-10 23:35:39.209] [error] - C:\Users\커피에반하다\AppData\Local\Programs\haste-client\resources\app.asar\node_modules\discord.js\src\index.js
[2026-08-10 23:35:39.210] [error] - C:\Users\커피에반하다\AppData\Local\Programs\haste-client\resources\app.asar\haste_agent_bridge.js
[2026-08-10 23:35:39.210] [error] at Module._resolveFilename (node:internal/modules/cjs/loader:1524:15)
[2026-08-10 23:35:39.211] [error] at wrapResolveFilename (node:internal/modules/cjs/loader:1078:27)
[2026-08-10 23:35:39.212] [error] at defaultResolveImplForCJSLoading (node:internal/modules/cjs/loader:1102:10)
[2026-08-10 23:35:39.212] [error] at resolveForCJSWithHooks (node:internal/modules/cjs/loader:1129:12)
[2026-08-10 23:35:39.213] [error] at Module._load (node:internal/modules/cjs/loader:1301:5)
[2026-08-10 23:35:39.213] [error] at c._load (node:electron/js2c/node_init:2:18060)
[2026-08-10 23:35:39.214] [error] at wrapModuleLoad (node:internal/modules/cjs/loader:262:19)
[2026-08-10 23:35:39.214] [error] at Module.require (node:internal/modules/cjs/loader:1624:12)
[2026-08-10 23:35:39.216] [error] at require (node:internal/modules/helpers:153:16)
[2026-08-10 23:35:39.217] [error] at Object.<anonymous> (C:\Users\커피에반하다\AppData\Local\Programs\haste-client\resources\app.asar\node_modules\discord.js\src\index.js:3:29) {
[2026-08-10 23:35:39.217] [error] code: 'MODULE_NOT_FOUND',
[2026-08-10 23:35:39.218] [error] requireStack: [
[2026-08-10 23:35:39.219] [error] 'C:\\Users\\커피에반하다\\AppData\\Local\\Programs\\haste-client\\resources\\app.asar\\node_modules\\discord.js\\src\\index.js',
[2026-08-10 23:35:39.220] [error] 'C:\\Users\\커피에반하다\\AppData\\Local\\Programs\\haste-client\\resources\\app.asar\\haste_agent_bridge.js'
[2026-08-10 23:35:39.220] [error] ]
[2026-08-10 23:35:39.221] [error] }
[2026-08-10 23:35:39.222] [error] Node.js v24.18.0
[2026-08-10 23:35:44.772] [error] node:internal/modules/cjs/loader:1527
[2026-08-10 23:35:44.773] [error] throw err;
[2026-08-10 23:35:44.773] [error] ^
[2026-08-10 23:35:44.775] [error] Error: Cannot find module '@discordjs/util'
[2026-08-10 23:35:44.776] [error] Require stack:
[2026-08-10 23:35:44.777] [error] - C:\Users\커피에반하다\AppData\Local\Programs\haste-client\resources\app.asar\node_modules\discord.js\src\index.js
[2026-08-10 23:35:44.778] [error] - C:\Users\커피에반하다\AppData\Local\Programs\haste-client\resources\app.asar\haste_agent_bridge.js
[2026-08-10 23:35:44.779] [error] at Module._resolveFilename (node:internal/modules/cjs/loader:1524:15)
[2026-08-10 23:35:44.780] [error] at wrapResolveFilename (node:internal/modules/cjs/loader:1078:27)
[2026-08-10 23:35:44.781] [error] at defaultResolveImplForCJSLoading (node:internal/modules/cjs/loader:1102:10)
[2026-08-10 23:35:44.783] [error] at resolveForCJSWithHooks (node:internal/modules/cjs/loader:1129:12)
[2026-08-10 23:35:44.784] [error] at Module._load (node:internal/modules/cjs/loader:1301:5)
[2026-08-10 23:35:44.785] [error] at c._load (node:electron/js2c/node_init:2:18060)
[2026-08-10 23:35:44.786] [error] at wrapModuleLoad (node:internal/modules/cjs/loader:262:19)
[2026-08-10 23:35:44.787] [error] at Module.require (node:internal/modules/cjs/loader:1624:12)
[2026-08-10 23:35:44.788] [error] at require (node:internal/modules/helpers:153:16)
[2026-08-10 23:35:44.789] [error] at Object.<anonymous> (C:\Users\커피에반하다\AppData\Local\Programs\haste-client\resources\app.asar\node_modules\discord.js\src\index.js:3:29) {
[2026-08-10 23:35:44.790] [error] code: 'MODULE_NOT_FOUND',
[2026-08-10 23:35:44.790] [error] requireStack: [
[2026-08-10 23:35:44.792] [error] 'C:\\Users\\커피에반하다\\AppData\\Local\\Programs\\haste-client\\resources\\app.asar\\node_modules\\discord.js\\src\\index.js',
[2026-08-10 23:35:44.793] [error] 'C:\\Users\\커피에반하다\\AppData\\Local\\Programs\\haste-client\\resources\\app.asar\\haste_agent_bridge.js'
[2026-08-10 23:35:44.794] [error] ]
[2026-08-10 23:35:44.794] [error] }
[2026-08-10 23:35:44.797] [error] Node.js v24.18.0
[2026-08-10 23:35:50.199] [error] node:internal/modules/cjs/loader:1527
[2026-08-10 23:35:50.200] [error] throw err;
[2026-08-10 23:35:50.201] [error] ^
[2026-08-10 23:35:50.203] [error] Error: Cannot find module '@discordjs/util'
[2026-08-10 23:35:50.204] [error] Require stack:
[2026-08-10 23:35:50.205] [error] - C:\Users\커피에반하다\AppData\Local\Programs\haste-client\resources\app.asar\node_modules\discord.js\src\index.js
[2026-08-10 23:35:50.206] [error] - C:\Users\커피에반하다\AppData\Local\Programs\haste-client\resources\app.asar\haste_agent_bridge.js
[2026-08-10 23:35:50.207] [error] at Module._resolveFilename (node:internal/modules/cjs/loader:1524:15)
[2026-08-10 23:35:50.209] [error] at wrapResolveFilename (node:internal/modules/cjs/loader:1078:27)
[2026-08-10 23:35:50.210] [error] at defaultResolveImplForCJSLoading (node:internal/modules/cjs/loader:1102:10)
[2026-08-10 23:35:50.210] [error] at resolveForCJSWithHooks (node:internal/modules/cjs/loader:1129:12)
[2026-08-10 23:35:50.211] [error] at Module._load (node:internal/modules/cjs/loader:1301:5)
[2026-08-10 23:35:50.211] [error] at c._load (node:electron/js2c/node_init:2:18060)
[2026-08-10 23:35:50.212] [error] at wrapModuleLoad (node:internal/modules/cjs/loader:262:19)
[2026-08-10 23:35:50.213] [error] at Module.require (node:internal/modules/cjs/loader:1624:12)
[2026-08-10 23:35:50.213] [error] at require (node:internal/modules/helpers:153:16)
[2026-08-10 23:35:50.214] [error] at Object.<anonymous> (C:\Users\커피에반하다\AppData\Local\Programs\haste-client\resources\app.asar\node_modules\discord.js\src\index.js:3:29) {
[2026-08-10 23:35:50.214] [error] code: 'MODULE_NOT_FOUND',
[2026-08-10 23:35:50.215] [error] requireStack: [
[2026-08-10 23:35:50.216] [error] 'C:\\Users\\커피에반하다\\AppData\\Local\\Programs\\haste-client\\resources\\app.asar\\node_modules\\discord.js\\src\\index.js',
[2026-08-10 23:35:50.216] [error] 'C:\\Users\\커피에반하다\\AppData\\Local\\Programs\\haste-client\\resources\\app.asar\\haste_agent_bridge.js'
[2026-08-10 23:35:50.217] [error] ]
[2026-08-10 23:35:50.218] [error] }
[2026-08-10 23:35:50.218] [error] Node.js v24.18.0