[2026-09-02 00:29:32.684] [info]  [toss] event=order.completed status=success source=toss virtual=off mode=order orderId=750013854283054720 bill=750013854283054720 menuCount=2
[2026-09-02 00:44:07.505] [info]  [toss] event=order.completed status=success source=toss virtual=off mode=order orderId=750017862464833689 bill=750017862464833689 menuCount=1
[2026-09-02 07:01:25.144] [info]  [toss] event=order.completed status=success source=toss virtual=off mode=order orderId=750112853866448475 bill=750112853866448475 menuCount=1
[2026-09-02 08:40:33.100] [error] [toss] event=order.failed status=failed stage=HARDWARE source=toss virtual=off mode=order orderId=750137072276850814 bill=750137072276850814 menuCount=1 error=HW물리검증_실패:_Timeout_has_occurred
[2026-09-02 08:41:12.461] [info]  [toss] event=order.completed status=success source=toss virtual=off mode=order orderId=750137905810885487 bill=750137905810885487 menuCount=1
[2026-09-02 09:38:27.798] [info]  [toss] event=order.completed status=success source=toss virtual=off mode=order orderId=750152315157723628 bill=750152315157723628 menuCount=1
[2026-09-02 10:16:34.406] [info]  [toss] event=order.completed status=success source=toss virtual=off mode=order orderId=750161972475579683 bill=750161972475579683 menuCount=1
[2026-09-02 10:36:17.807] [info]  [toss] event=order.completed status=success source=toss virtual=off mode=order orderId=750166941782116945 bill=750166941782116945 menuCount=1
[2026-09-02 11:28:28.791] [info]  [toss] event=order.completed status=success source=toss virtual=off mode=order orderId=750180071497126795 bill=750180071497126795 menuCount=1
[2026-09-02 11:43:30.659] [info]  [manual] event=order.received status=success source=manual virtual=off mode=test orderId=INSTANT-1788317010304 bill=0000 menuCount=1 mappings=[{"baseCode":"GTI5006","recipeCode":"GTI5006","matchedMenuName":"ICED_딸기티","stepsSummary":"CUP:ICE,_ICE:5000,_COLD:90,_딸기:50,_얼그레이:5,_NONE:NONE,_NONE:NONE,_NONE:NONE,_NONE:NONE,_NONE:NONE"}] isTestBrew=true
[2026-09-02 11:43:54.346] [info]  [manual] event=order.completed status=success source=manual virtual=off mode=test orderId=INSTANT-1788317010304 bill=0000 menuCount=1
[2026-09-02 11:49:23.137] [info]  [manual] event=order.received status=success source=manual virtual=off mode=test orderId=INSTANT-1788317362784 bill=0000 menuCount=1 mappings=[{"baseCode":"GSI2001","recipeCode":"GSI2001","matchedMenuName":"ICED_카페라떼(시그니처)","stepsSummary":"CUP:ICE,_COFFEE:60,_ICE:5000,_COLD_MILK:160,_NONE:NONE,_NONE:NONE,_NONE:NONE,_NONE:NONE,_NONE:NONE,_NONE:NONE"}] isTestBrew=true
[2026-09-02 11:50:19.599] [info]  [manual] event=order.completed status=success source=manual virtual=off mode=test orderId=INSTANT-1788317362784 bill=0000 menuCount=1
[2026-09-02 11:53:12.620] [info]  [manual] event=order.received status=success source=manual virtual=off mode=test orderId=INSTANT-1788317592253 bill=0000 menuCount=1 mappings=[{"baseCode":"GTI5000","recipeCode":"GTI5000","matchedMenuName":"ICED_복숭아티","stepsSummary":"CUP:ICE,_ICE:5000,_COLD:95,_복숭아:40,_얼그레이:10,_NONE:NONE,_NONE:NONE,_NONE:NONE,_NONE:NONE,_NONE:NONE"}] isTestBrew=true
[2026-09-02 11:53:32.999] [info]  [manual] event=order.completed status=success source=manual virtual=off mode=test orderId=INSTANT-1788317592253 bill=0000 menuCount=1
[2026-09-02 12:30:57.474] [info]  [toss] event=order.completed status=success source=toss virtual=off mode=order orderId=750195770143651781 bill=750195770143651781 menuCount=1
[2026-09-02 13:26:03.529] [info]  [manual] event=order.received status=success source=manual virtual=off mode=test orderId=INSTANT-1788323163183 bill=0000 menuCount=1 mappings=[{"baseCode":"GPI1002","recipeCode":"GPI1002","matchedMenuName":"ICED_아메리카노(스페셜티)","stepsSummary":"CUP:ICE,_COFFEE:61,_ICE:5000,_COLD:115,_NONE:NONE,_NONE:NONE,_NONE:NONE,_NONE:NONE,_NONE:NONE,_NONE:NONE"}] isTestBrew=true
[2026-09-02 13:26:48.755] [info]  [manual] event=order.completed status=success source=manual virtual=off mode=test orderId=INSTANT-1788323163183 bill=0000 menuCount=1
[2026-09-02 13:27:18.032] [info]  [manual] event=order.received status=success source=manual virtual=off mode=test orderId=INSTANT-1788323237681 bill=0000 menuCount=1 mappings=[{"baseCode":"GTI5007","recipeCode":"GTI5007","matchedMenuName":"ICED_레몬얼그레이티","stepsSummary":"CUP:ICE,_ICE:5000,_COLD:90,_레몬:35,_얼그레이:25,_NONE:NONE,_NONE:NONE,_NONE:NONE,_NONE:NONE,_NONE:NONE"}] isTestBrew=true
[2026-09-02 13:27:40.560] [info]  [manual] event=order.completed status=success source=manual virtual=off mode=test orderId=INSTANT-1788323237681 bill=0000 menuCount=1
[2026-09-02 13:30:29.471] [info]  [toss] event=order.completed status=success source=toss virtual=off mode=order orderId=750210573507672782 bill=750210573507672782 menuCount=1
[2026-09-02 13:34:05.038] [info]  [manual] event=order.received status=success source=manual virtual=off mode=test orderId=INSTANT-1788323644703 bill=0000 menuCount=1 mappings=[{"baseCode":"GAI4013","recipeCode":"GAI4013","matchedMenuName":"ICED_복숭아에이드","stepsSummary":"CUP:ICE,_ICE:5000,_SPARKLE:165,_복숭아:40,_NONE:NONE,_NONE:NONE,_NONE:NONE,_NONE:NONE,_NONE:NONE,_NONE:NONE"}] isTestBrew=true
[2026-09-02 13:34:24.437] [info]  [manual] event=order.completed status=success source=manual virtual=off mode=test orderId=INSTANT-1788323644703 bill=0000 menuCount=1
[2026-09-02 13:35:57.647] [info]  [manual] event=order.received status=success source=manual virtual=off mode=test orderId=INSTANT-1788323757296 bill=0000 menuCount=1 mappings=[{"baseCode":"GAI4013","recipeCode":"GAI4013","matchedMenuName":"ICED_복숭아에이드","stepsSummary":"CUP:ICE,_ICE:5000,_SPARKLE:173,_복숭아:40,_NONE:NONE,_NONE:NONE,_NONE:NONE,_NONE:NONE,_NONE:NONE,_NONE:NONE"}] isTestBrew=true
[2026-09-02 13:36:16.732] [info]  [manual] event=order.completed status=success source=manual virtual=off mode=test orderId=INSTANT-1788323757296 bill=0000 menuCount=1
[2026-09-02 13:42:50.428] [info]  [manual] event=order.received status=success source=manual virtual=off mode=test orderId=INSTANT-1788324170052 bill=0000 menuCount=1 mappings=[{"baseCode":"GAI4013","recipeCode":"GAI4013","matchedMenuName":"ICED_복숭아에이드","stepsSummary":"CUP:ICE,_ICE:5000,_SPARKLE:173,_복숭아:40,_NONE:NONE,_NONE:NONE,_NONE:NONE,_NONE:NONE,_NONE:NONE,_NONE:NONE"}] isTestBrew=true
[2026-09-02 13:43:16.824] [info]  [manual] event=order.completed status=success source=manual virtual=off mode=test orderId=INSTANT-1788324170052 bill=0000 menuCount=1