[2026-09-02 13:42:54.516] [debug] [serialport] [serialport] event=serialport.packet status=success boardName=board1 length=50 message="bytearray(b'\\x02174DPC0000110000000010000100000000000000000000F7\\x03')"
[2026-09-02 13:42:54.534] [debug] [serialport] [serialport] event=serialport.packet.parse status=success boardName=board1 message="{\"isValidStx\":true,\"isValidEtx\":true,\"isValidDst\":true,\"isValidSrc\":true,\"isValidLength\":true,\"fnc\":\"4\",\"act\":\"D\",\"data\":{\"0\":48,\"1\":48,\"2\":48,\"3\":48,\"4\":49,\"5\":49,\"6\":48,\"7\":48,\"8\":48,\"9\":48,\"10\":48,\"11\":48,\"12\":48,\"13\":48,\"14\":49,\"15\":48,\"16\":48,\"17\":48,\"18\":48,\"19\":49,\"20\":48,\"21\":48,\"22\":48,\"23\":48,\"24\":48,\"25\":48,\"26\":48,\"27\":48,\"28\":48,\"29\":48,\"30\":48,\"31\":48,\"32\":48,\"33\":48,\"34\":48,\"35\":48,\"36\":48,\"37\":48,\"38\":48,\"39\":48,\"40\":70},\"values\":[0,0,0,0,1,1,0,0,0,0,0,0,0,0,1,0,0,0,0,1,0,0,0,0,0,0,0,0,0,0,0,0,0,0,0,0,0,0,0,0,22],\"part\":{},\"isValidChecksum\":true}"
[2026-09-02 13:42:54.617] [debug] [cup] [cup] event=cup.sensor status=success cupName=컵1 sensor=motorRotationCheckSwitch1 value=0
[2026-09-02 13:42:54.684] [debug] [serialport] [serialport] event=serialport.packet status=success boardName=board1 length=50 message="bytearray(b'\\x02174DPC0000110000000010000100000000000000000000F7\\x03')"
[2026-09-02 13:42:54.747] [debug] [serialport] [serialport] event=serialport.packet.parse status=success boardName=board1 message="{\"isValidStx\":true,\"isValidEtx\":true,\"isValidDst\":true,\"isValidSrc\":true,\"isValidLength\":true,\"fnc\":\"4\",\"act\":\"D\",\"data\":{\"0\":48,\"1\":48,\"2\":48,\"3\":48,\"4\":49,\"5\":49,\"6\":48,\"7\":48,\"8\":48,\"9\":48,\"10\":48,\"11\":48,\"12\":48,\"13\":48,\"14\":49,\"15\":48,\"16\":48,\"17\":48,\"18\":48,\"19\":49,\"20\":48,\"21\":48,\"22\":48,\"23\":48,\"24\":48,\"25\":48,\"26\":48,\"27\":48,\"28\":48,\"29\":48,\"30\":48,\"31\":48,\"32\":48,\"33\":48,\"34\":48,\"35\":48,\"36\":48,\"37\":48,\"38\":48,\"39\":48,\"40\":70},\"values\":[0,0,0,0,1,1,0,0,0,0,0,0,0,0,1,0,0,0,0,1,0,0,0,0,0,0,0,0,0,0,0,0,0,0,0,0,0,0,0,0,22],\"part\":{},\"isValidChecksum\":true}"
[2026-09-02 13:42:54.754] [debug] [serialport] [serialport] event=serialport.packet status=success boardName=board1 length=10 message="bytearray(b'\\x02034QCP7B\\x03')"
[2026-09-02 13:42:54.777] [debug] [cup] [cup] event=cup.sensor status=success cupName=컵1 sensor=motorRotationCheckSwitch1 value=0
[2026-09-02 13:42:54.834] [debug] [serialport] [serialport] event=serialport.packet status=success boardName=board1 length=10 message="bytearray(b'\\x02034QCP7B\\x03')"
[2026-09-02 13:42:54.847] [debug] [serialport] [serialport] event=serialport.packet status=success boardName=board1 length=50 message="bytearray(b'\\x02174DPC0000110000000010000100000000000000000000F7\\x03')"
[2026-09-02 13:42:54.936] [debug] [serialport] [serialport] event=serialport.packet.parse status=success boardName=board1 message="{\"isValidStx\":true,\"isValidEtx\":true,\"isValidDst\":true,\"isValidSrc\":true,\"isValidLength\":true,\"fnc\":\"4\",\"act\":\"D\",\"data\":{\"0\":48,\"1\":48,\"2\":48,\"3\":48,\"4\":49,\"5\":49,\"6\":48,\"7\":48,\"8\":48,\"9\":48,\"10\":48,\"11\":48,\"12\":48,\"13\":48,\"14\":49,\"15\":48,\"16\":48,\"17\":48,\"18\":48,\"19\":49,\"20\":48,\"21\":48,\"22\":48,\"23\":48,\"24\":48,\"25\":48,\"26\":48,\"27\":48,\"28\":48,\"29\":48,\"30\":48,\"31\":48,\"32\":48,\"33\":48,\"34\":48,\"35\":48,\"36\":48,\"37\":48,\"38\":48,\"39\":48,\"40\":70},\"values\":[0,0,0,0,1,1,0,0,0,0,0,0,0,0,1,0,0,0,0,1,0,0,0,0,0,0,0,0,0,0,0,0,0,0,0,0,0,0,0,0,22],\"part\":{},\"isValidChecksum\":true}"
[2026-09-02 13:42:55.003] [debug] [cup] [cup] event=cup.sensor status=success cupName=컵1 sensor=motorRotationCheckSwitch1 value=0
[2026-09-02 13:42:55.118] [debug] [cup] [cup] event=cup.sensor status=success cupName=컵1 sensor=motorRotationCheckSwitch1 value=0
[2026-09-02 13:42:55.133] [debug] [serialport] [serialport] event=serialport.packet status=success boardName=board1 length=50 message="bytearray(b'\\x02174DPC0000110000000010000100000000000000000000F7\\x03')"
[2026-09-02 13:42:55.148] [debug] [serialport] [serialport] event=serialport.packet.parse status=success boardName=board1 message="{\"isValidStx\":true,\"isValidEtx\":true,\"isValidDst\":true,\"isValidSrc\":true,\"isValidLength\":true,\"fnc\":\"4\",\"act\":\"D\",\"data\":{\"0\":48,\"1\":48,\"2\":48,\"3\":48,\"4\":49,\"5\":49,\"6\":48,\"7\":48,\"8\":48,\"9\":48,\"10\":48,\"11\":48,\"12\":48,\"13\":48,\"14\":49,\"15\":48,\"16\":48,\"17\":48,\"18\":48,\"19\":49,\"20\":48,\"21\":48,\"22\":48,\"23\":48,\"24\":48,\"25\":48,\"26\":48,\"27\":48,\"28\":48,\"29\":48,\"30\":48,\"31\":48,\"32\":48,\"33\":48,\"34\":48,\"35\":48,\"36\":48,\"37\":48,\"38\":48,\"39\":48,\"40\":70},\"values\":[0,0,0,0,1,1,0,0,0,0,0,0,0,0,1,0,0,0,0,1,0,0,0,0,0,0,0,0,0,0,0,0,0,0,0,0,0,0,0,0,22],\"part\":{},\"isValidChecksum\":true}"
[2026-09-02 13:42:55.272] [debug] [serialport] [serialport] event=serialport.packet status=success boardName=board1 length=10 message="bytearray(b'\\x02034QCP7B\\x03')"
[2026-09-02 13:42:55.298] [debug] [cup] [cup] event=cup.sensor status=success cupName=컵1 sensor=motorRotationCheckSwitch1 value=0
[2026-09-02 13:42:55.352] [debug] [serialport] [serialport] event=serialport.packet status=success boardName=board1 length=10 message="bytearray(b'\\x02034QCP7B\\x03')"
[2026-09-02 13:42:55.376] [debug] [serialport] [serialport] event=serialport.packet status=success boardName=board1 length=10 message="bytearray(b'\\x02034QCP7B\\x03')"
[2026-09-02 13:42:55.386] [debug] [serialport] [serialport] event=serialport.packet status=success boardName=board1 length=59 message="bytearray(b'\\x02174DPC00\\x02174DPC0000111000000010000100000000000000000000F8\\x03')"
[2026-09-02 13:42:55.492] [debug] [serialport] [serialport] event=serialport.packet.parse status=success boardName=board1 message="{\"isValidStx\":true,\"isValidEtx\":true,\"isValidDst\":true,\"isValidSrc\":true,\"isValidLength\":false,\"fnc\":\"4\",\"act\":\"D\",\"data\":{\"0\":48,\"1\":48,\"2\":2,\"3\":49,\"4\":55,\"5\":52,\"6\":68,\"7\":80,\"8\":67,\"9\":48,\"10\":48,\"11\":48,\"12\":48,\"13\":49,\"14\":49,\"15\":49,\"16\":48,\"17\":48,\"18\":48,\"19\":48,\"20\":48,\"21\":48,\"22\":48,\"23\":49,\"24\":48,\"25\":48,\"26\":48,\"27\":48,\"28\":49,\"29\":48,\"30\":48,\"31\":48,\"32\":48,\"33\":48,\"34\":48,\"35\":48,\"36\":48,\"37\":48,\"38\":48,\"39\":48,\"40\":48,\"41\":48,\"42\":48,\"43\":48,\"44\":48,\"45\":48,\"46\":48,\"47\":48,\"48\":48,\"49\":70},\"values\":[0,0,-46,1,7,4,20,32,19,0,0,0,0,1,1,1,0,0,0,0,0,0,0,1,0,0,0,0,1,0,0,0,0,0,0,0,..."
[2026-09-02 13:42:55.566] [debug] [serialport] [serialport] event=serialport.packet.parse status=ignored reason=invalid_packet boardName=board1
[2026-09-02 13:42:55.570] [debug] [cup] [cup] event=cup.sensor status=success cupName=컵1 sensor=motorRotationCheckSwitch1 value=0
[2026-09-02 13:42:55.584] [debug] [serialport] [serialport] event=serialport.packet status=success boardName=board1 length=50 message="bytearray(b'\\x02174DPC0000111000000010000100000000000000000000F8\\x03')"
[2026-09-02 13:42:55.649] [debug] [serialport] [serialport] event=serialport.packet.parse status=success boardName=board1 message="{\"isValidStx\":true,\"isValidEtx\":true,\"isValidDst\":true,\"isValidSrc\":true,\"isValidLength\":true,\"fnc\":\"4\",\"act\":\"D\",\"data\":{\"0\":48,\"1\":48,\"2\":48,\"3\":48,\"4\":49,\"5\":49,\"6\":49,\"7\":48,\"8\":48,\"9\":48,\"10\":48,\"11\":48,\"12\":48,\"13\":48,\"14\":49,\"15\":48,\"16\":48,\"17\":48,\"18\":48,\"19\":49,\"20\":48,\"21\":48,\"22\":48,\"23\":48,\"24\":48,\"25\":48,\"26\":48,\"27\":48,\"28\":48,\"29\":48,\"30\":48,\"31\":48,\"32\":48,\"33\":48,\"34\":48,\"35\":48,\"36\":48,\"37\":48,\"38\":48,\"39\":48,\"40\":70},\"values\":[0,0,0,0,1,1,1,0,0,0,0,0,0,0,1,0,0,0,0,1,0,0,0,0,0,0,0,0,0,0,0,0,0,0,0,0,0,0,0,0,22],\"part\":{},\"isValidChecksum\":true}"
[2026-09-02 13:42:55.672] [debug] [cup] [cup] event=cup.out status=success cupName=컵1
[2026-09-02 13:42:55.684] [debug] [serialport] [serialport] event=serialport.packet status=success boardName=board1 length=10 message="bytearray(b'\\x02034QCP7B\\x03')"
[2026-09-02 13:42:55.790] [debug] [serialport] [serialport] event=serialport.packet status=success boardName=board1 length=10 message="bytearray(b'\\x02034QCP7B\\x03')"
[2026-09-02 13:42:55.852] [debug] [serialport] [serialport] event=serialport.packet status=success boardName=board1 length=14 message="bytearray(b'\\x02056DCP300035\\x03')"
[2026-09-02 13:42:55.858] [debug] [serialport] [serialport] event=serialport.packet status=success boardName=board1 length=23 message="bytearray(b'\\x02174DPC000011\\x02036APC6D\\x03')"
[2026-09-02 13:42:55.898] [debug] [serialport] [serialport] event=serialport.packet.parse status=success boardName=board1 message="{\"isValidStx\":true,\"isValidEtx\":true,\"isValidDst\":true,\"isValidSrc\":true,\"isValidLength\":false,\"fnc\":\"4\",\"act\":\"D\",\"data\":{\"0\":48,\"1\":48,\"2\":48,\"3\":48,\"4\":49,\"5\":49,\"6\":2,\"7\":48,\"8\":51,\"9\":54,\"10\":65,\"11\":80,\"12\":67,\"13\":54},\"values\":[0,0,0,0,1,1,-46,0,3,6,17,32,19,6],\"part\":{},\"isValidChecksum\":false}"
[2026-09-02 13:42:55.933] [debug] [serialport] [serialport] event=serialport.packet.parse status=ignored reason=invalid_packet boardName=board1
[2026-09-02 13:42:56.028] [debug] [task] [task] event=parts.command status=started action=close_retry boardName=board1 part=cupDropMotor1 message="[HASTE HW-12] ACK missing (300ms). Retrying close offPacket for part cupDropMotor1."
[2026-09-02 13:42:56.137] [debug] [serialport] [serialport] event=serialport.packet status=success boardName=board1 length=14 message="bytearray(b'\\x02056DCP300035\\x03')"
[2026-09-02 13:42:56.187] [debug] [serialport] [serialport] event=serialport.packet status=success boardName=board1 length=10 message="bytearray(b'\\x02036APC6D\\x03')"
[2026-09-02 13:42:56.198] [debug] [serialport] [serialport] event=serialport.packet.parse status=success boardName=board1 message="{\"isValidStx\":true,\"isValidEtx\":true,\"isValidDst\":true,\"isValidSrc\":true,\"isValidLength\":true,\"fnc\":\"6\",\"act\":\"A\",\"data\":{\"0\":54},\"values\":[],\"part\":{},\"isValidChecksum\":true}"
[2026-09-02 13:42:56.203] [debug] [serialport] [serialport] event=serialport.packet.response status=success boardName=board1 functionGroup=6 action=A
[2026-09-02 13:42:56.207] [info]  [cup] [cup] event=cup.fallback status=success droppedCup=컵1 attempt=1 message="🎉 [컵1] 컵 투하 성공 완료!"
[2026-09-02 13:42:56.211] [debug] [api] [api] event=did.callback status=started orderId=INSTANT-1788324170052 menuName=ICED_복숭아에이드 state=2 target=local url=http://127.0.0.1:8080/sse/did
[2026-09-02 13:42:56.229] [debug] [api] [api] event=did.callback status=started orderId=INSTANT-1788324170052 menuName=ICED_복숭아에이드 state=2 target=remote url=http://127.0.0.1:8080/sse/did
[2026-09-02 13:42:56.264] [debug] [api] [api] event=did.callback status=success attempt=1 httpStatus=200 url=http://127.0.0.1:8080/sse/did
[2026-09-02 13:42:56.486] [debug] [api] [api] event=did.callback status=success attempt=1 httpStatus=200 url=http://127.0.0.1:8080/sse/did
[2026-09-02 13:42:56.510] [debug] [task] [task] event=brew.step status=started orderId=INSTANT-1788324170052 menuName=ICED_복숭아에이드 step=3 message="cup mount wait started"
[2026-09-02 13:42:56.959] [debug] [serialport] [serialport] event=serialport.packet status=success boardName=board1 length=10 message="bytearray(b'\\x02034QCP7B\\x03')"
[2026-09-02 13:42:56.998] [debug] [serialport] [serialport] event=serialport.packet status=success boardName=board1 length=50 message="bytearray(b'\\x02174DPC0000110000000010000100000000000000000000F7\\x03')"
[2026-09-02 13:42:57.074] [debug] [serialport] [serialport] event=serialport.packet.parse status=success boardName=board1 message="{\"isValidStx\":true,\"isValidEtx\":true,\"isValidDst\":true,\"isValidSrc\":true,\"isValidLength\":true,\"fnc\":\"4\",\"act\":\"D\",\"data\":{\"0\":48,\"1\":48,\"2\":48,\"3\":48,\"4\":49,\"5\":49,\"6\":48,\"7\":48,\"8\":48,\"9\":48,\"10\":48,\"11\":48,\"12\":48,\"13\":48,\"14\":49,\"15\":48,\"16\":48,\"17\":48,\"18\":48,\"19\":49,\"20\":48,\"21\":48,\"22\":48,\"23\":48,\"24\":48,\"25\":48,\"26\":48,\"27\":48,\"28\":48,\"29\":48,\"30\":48,\"31\":48,\"32\":48,\"33\":48,\"34\":48,\"35\":48,\"36\":48,\"37\":48,\"38\":48,\"39\":48,\"40\":70},\"values\":[0,0,0,0,1,1,0,0,0,0,0,0,0,0,1,0,0,0,0,1,0,0,0,0,0,0,0,0,0,0,0,0,0,0,0,0,0,0,0,0,22],\"part\":{},\"isValidChecksum\":true}"
[2026-09-02 13:42:57.179] [debug] [cup] [cup] event=cup.mount status=success sensor=slideDoorSafetySensor2 value=0
[2026-09-02 13:42:57.287] [debug] [serialport] [serialport] event=serialport.packet status=success boardName=board1 length=10 message="bytearray(b'\\x02034QCP7B\\x03')"
[2026-09-02 13:42:57.341] [debug] [serialport] [serialport] event=serialport.packet status=success boardName=board1 length=50 message="bytearray(b'\\x02174DPC0000110000000010000100000000000000000000F7\\x03')"
[2026-09-02 13:42:57.378] [debug] [serialport] [serialport] event=serialport.packet.parse status=success boardName=board1 message="{\"isValidStx\":true,\"isValidEtx\":true,\"isValidDst\":true,\"isValidSrc\":true,\"isValidLength\":true,\"fnc\":\"4\",\"act\":\"D\",\"data\":{\"0\":48,\"1\":48,\"2\":48,\"3\":48,\"4\":49,\"5\":49,\"6\":48,\"7\":48,\"8\":48,\"9\":48,\"10\":48,\"11\":48,\"12\":48,\"13\":48,\"14\":49,\"15\":48,\"16\":48,\"17\":48,\"18\":48,\"19\":49,\"20\":48,\"21\":48,\"22\":48,\"23\":48,\"24\":48,\"25\":48,\"26\":48,\"27\":48,\"28\":48,\"29\":48,\"30\":48,\"31\":48,\"32\":48,\"33\":48,\"34\":48,\"35\":48,\"36\":48,\"37\":48,\"38\":48,\"39\":48,\"40\":70},\"values\":[0,0,0,0,1,1,0,0,0,0,0,0,0,0,1,0,0,0,0,1,0,0,0,0,0,0,0,0,0,0,0,0,0,0,0,0,0,0,0,0,22],\"part\":{},\"isValidChecksum\":true}"
[2026-09-02 13:42:57.400] [debug] [cup] [cup] event=cup.mount status=success sensor=slideDoorSafetySensor2 value=0
[2026-09-02 13:42:57.542] [debug] [serialport] [serialport] event=serialport.packet status=success boardName=board1 length=10 message="bytearray(b'\\x02034QCP7B\\x03')"
[2026-09-02 13:42:57.600] [debug] [serialport] [serialport] event=serialport.packet status=success boardName=board1 length=50 message="bytearray(b'\\x02174DPC0000110000000010000100000000000000000000F7\\x03')"
[2026-09-02 13:42:57.610] [debug] [serialport] [serialport] event=serialport.packet.parse status=success boardName=board1 message="{\"isValidStx\":true,\"isValidEtx\":true,\"isValidDst\":true,\"isValidSrc\":true,\"isValidLength\":true,\"fnc\":\"4\",\"act\":\"D\",\"data\":{\"0\":48,\"1\":48,\"2\":48,\"3\":48,\"4\":49,\"5\":49,\"6\":48,\"7\":48,\"8\":48,\"9\":48,\"10\":48,\"11\":48,\"12\":48,\"13\":48,\"14\":49,\"15\":48,\"16\":48,\"17\":48,\"18\":48,\"19\":49,\"20\":48,\"21\":48,\"22\":48,\"23\":48,\"24\":48,\"25\":48,\"26\":48,\"27\":48,\"28\":48,\"29\":48,\"30\":48,\"31\":48,\"32\":48,\"33\":48,\"34\":48,\"35\":48,\"36\":48,\"37\":48,\"38\":48,\"39\":48,\"40\":70},\"values\":[0,0,0,0,1,1,0,0,0,0,0,0,0,0,1,0,0,0,0,1,0,0,0,0,0,0,0,0,0,0,0,0,0,0,0,0,0,0,0,0,22],\"part\":{},\"isValidChecksum\":true}"
[2026-09-02 13:42:57.618] [debug] [cup] [cup] event=cup.mount status=success sensor=slideDoorSafetySensor2 value=0
[2026-09-02 13:42:57.704] [debug] [serialport] [serialport] event=serialport.packet status=success boardName=board1 length=10 message="bytearray(b'\\x02034QCP7B\\x03')"
[2026-09-02 13:42:57.758] [debug] [serialport] [serialport] event=serialport.packet status=success boardName=board1 length=50 message="bytearray(b'\\x02174DPC0000110000000010000100000000000000000000F7\\x03')"
[2026-09-02 13:42:57.777] [debug] [serialport] [serialport] event=serialport.packet.parse status=success boardName=board1 message="{\"isValidStx\":true,\"isValidEtx\":true,\"isValidDst\":true,\"isValidSrc\":true,\"isValidLength\":true,\"fnc\":\"4\",\"act\":\"D\",\"data\":{\"0\":48,\"1\":48,\"2\":48,\"3\":48,\"4\":49,\"5\":49,\"6\":48,\"7\":48,\"8\":48,\"9\":48,\"10\":48,\"11\":48,\"12\":48,\"13\":48,\"14\":49,\"15\":48,\"16\":48,\"17\":48,\"18\":48,\"19\":49,\"20\":48,\"21\":48,\"22\":48,\"23\":48,\"24\":48,\"25\":48,\"26\":48,\"27\":48,\"28\":48,\"29\":48,\"30\":48,\"31\":48,\"32\":48,\"33\":48,\"34\":48,\"35\":48,\"36\":48,\"37\":48,\"38\":48,\"39\":48,\"40\":70},\"values\":[0,0,0,0,1,1,0,0,0,0,0,0,0,0,1,0,0,0,0,1,0,0,0,0,0,0,0,0,0,0,0,0,0,0,0,0,0,0,0,0,22],\"part\":{},\"isValidChecksum\":true}"
[2026-09-02 13:42:57.818] [debug] [cup] [cup] event=cup.mount status=success sensor=slideDoorSafetySensor2 value=0
[2026-09-02 13:42:57.875] [debug] [serialport] [serialport] event=serialport.packet status=success boardName=board1 length=10 message="bytearray(b'\\x02034QCP7B\\x03')"
[2026-09-02 13:42:57.950] [debug] [serialport] [serialport] event=serialport.packet status=success boardName=board1 length=50 message="bytearray(b'\\x02174DPC0000110000000010000100000000000000000000F7\\x03')"
[2026-09-02 13:42:58.032] [debug] [serialport] [serialport] event=serialport.packet.parse status=success boardName=board1 message="{\"isValidStx\":true,\"isValidEtx\":true,\"isValidDst\":true,\"isValidSrc\":true,\"isValidLength\":true,\"fnc\":\"4\",\"act\":\"D\",\"data\":{\"0\":48,\"1\":48,\"2\":48,\"3\":48,\"4\":49,\"5\":49,\"6\":48,\"7\":48,\"8\":48,\"9\":48,\"10\":48,\"11\":48,\"12\":48,\"13\":48,\"14\":49,\"15\":48,\"16\":48,\"17\":48,\"18\":48,\"19\":49,\"20\":48,\"21\":48,\"22\":48,\"23\":48,\"24\":48,\"25\":48,\"26\":48,\"27\":48,\"28\":48,\"29\":48,\"30\":48,\"31\":48,\"32\":48,\"33\":48,\"34\":48,\"35\":48,\"36\":48,\"37\":48,\"38\":48,\"39\":48,\"40\":70},\"values\":[0,0,0,0,1,1,0,0,0,0,0,0,0,0,1,0,0,0,0,1,0,0,0,0,0,0,0,0,0,0,0,0,0,0,0,0,0,0,0,0,22],\"part\":{},\"isValidChecksum\":true}"
[2026-09-02 13:42:58.050] [debug] [cup] [cup] event=cup.mount status=success sensor=slideDoorSafetySensor2 value=0
[2026-09-02 13:42:58.157] [debug] [serialport] [serialport] event=serialport.packet status=success boardName=board1 length=10 message="bytearray(b'\\x02034QCP7B\\x03')"
[2026-09-02 13:42:58.193] [debug] [serialport] [serialport] event=serialport.packet status=success boardName=board1 length=50 message="bytearray(b'\\x02174DPC0000110000100010000100000000000000000000F8\\x03')"
[2026-09-02 13:42:58.258] [debug] [serialport] [serialport] event=serialport.packet.parse status=success boardName=board1 message="{\"isValidStx\":true,\"isValidEtx\":true,\"isValidDst\":true,\"isValidSrc\":true,\"isValidLength\":true,\"fnc\":\"4\",\"act\":\"D\",\"data\":{\"0\":48,\"1\":48,\"2\":48,\"3\":48,\"4\":49,\"5\":49,\"6\":48,\"7\":48,\"8\":48,\"9\":48,\"10\":49,\"11\":48,\"12\":48,\"13\":48,\"14\":49,\"15\":48,\"16\":48,\"17\":48,\"18\":48,\"19\":49,\"20\":48,\"21\":48,\"22\":48,\"23\":48,\"24\":48,\"25\":48,\"26\":48,\"27\":48,\"28\":48,\"29\":48,\"30\":48,\"31\":48,\"32\":48,\"33\":48,\"34\":48,\"35\":48,\"36\":48,\"37\":48,\"38\":48,\"39\":48,\"40\":70},\"values\":[0,0,0,0,1,1,0,0,0,0,1,0,0,0,1,0,0,0,0,1,0,0,0,0,0,0,0,0,0,0,0,0,0,0,0,0,0,0,0,0,22],\"part\":{},\"isValidChecksum\":true}"
[2026-09-02 13:42:58.345] [debug] [cup] [cup] event=cup.mount status=success sensor=slideDoorSafetySensor2
[2026-09-02 13:42:58.385] [debug] [api] [api] event=did.callback status=started orderId=INSTANT-1788324170052 menuName=ICED_복숭아에이드 state=3 target=local url=http://127.0.0.1:8080/sse/did
[2026-09-02 13:42:58.443] [debug] [api] [api] event=did.callback status=started orderId=INSTANT-1788324170052 menuName=ICED_복숭아에이드 state=3 target=remote url=http://127.0.0.1:8080/sse/did
[2026-09-02 13:42:58.471] [debug] [api] [api] event=did.callback status=success attempt=1 httpStatus=200 url=http://127.0.0.1:8080/sse/did
[2026-09-02 13:42:58.507] [debug] [api] [api] event=did.callback status=success attempt=1 httpStatus=200 url=http://127.0.0.1:8080/sse/did
[2026-09-02 13:42:58.516] [debug] [task] [task] event=brew.step status=started orderId=INSTANT-1788324170052 menuName=ICED_복숭아에이드 step=4 message="beverage action started"
[2026-09-02 13:42:59.016] [debug] [water] [water] event=ice.out status=success protocol=ICE amount=5000 goal=5200 current=0 phase=started
[2026-09-02 13:42:59.551] [debug] [serialport] [serialport] event=serialport.packet status=success boardName=board1 length=24 message="bytearray(b'\\x020A1DCP0201B03400850345\\x03')"
[2026-09-02 13:42:59.595] [debug] [water] [water] event=ice.out status=success protocol=ICE amount=5200 boardName=board1 phase=complete current=5200
[2026-09-02 13:42:59.602] [debug] [serialport] [serialport] event=serialport.packet status=success boardName=board1 length=24 message="bytearray(b'\\x020A1DPC0200B03400840343\\x03')"
[2026-09-02 13:42:59.627] [debug] [serialport] [serialport] event=serialport.packet.parse status=success boardName=board1 message="{\"isValidStx\":true,\"isValidEtx\":true,\"isValidDst\":true,\"isValidSrc\":true,\"isValidLength\":true,\"fnc\":\"1\",\"act\":\"D\",\"data\":{\"0\":48,\"1\":50,\"2\":48,\"3\":48,\"4\":66,\"5\":48,\"6\":51,\"7\":52,\"8\":48,\"9\":48,\"10\":56,\"11\":52,\"12\":48,\"13\":51,\"14\":52},\"values\":[\"02\",\"00\",\"B0\",\"34\",\"00\",\"84\",\"03\"],\"part\":{},\"isValidChecksum\":true}"
[2026-09-02 13:43:00.122] [debug] [serialport] [serialport] event=serialport.packet status=success boardName=board1 length=78 message="bytearray(b'\\x02253DCP100020003000400050006000700080009000:000;000<000=000>000?000@000A000CA\\x03')"
[2026-09-02 13:43:00.237] [debug] [serialport] [serialport] event=serialport.packet status=success boardName=board1 length=90 message="bytearray(b'\\x022B3DPC100020003000400050006000700080009000:000;000<000=000>000?000@000A000B000C000D00050\\x03')"
[2026-09-02 13:43:00.447] [debug] [serialport] [serialport] event=serialport.packet.parse status=success boardName=board1 message="{\"isValidStx\":true,\"isValidEtx\":true,\"isValidDst\":true,\"isValidSrc\":true,\"isValidLength\":true,\"fnc\":\"3\",\"act\":\"D\",\"data\":{\"0\":49,\"1\":48,\"2\":48,\"3\":48,\"4\":50,\"5\":48,\"6\":48,\"7\":48,\"8\":51,\"9\":48,\"10\":48,\"11\":48,\"12\":52,\"13\":48,\"14\":48,\"15\":48,\"16\":53,\"17\":48,\"18\":48,\"19\":48,\"20\":54,\"21\":48,\"22\":48,\"23\":48,\"24\":55,\"25\":48,\"26\":48,\"27\":48,\"28\":56,\"29\":48,\"30\":48,\"31\":48,\"32\":57,\"33\":48,\"34\":48,\"35\":48,\"36\":58,\"37\":48,\"38\":48,\"39\":48,\"40\":59,\"41\":48,\"42\":48,\"43\":48,\"44\":60,\"45\":48,\"46\":48,\"47\":48,\"48\":61,\"49\":48,\"50\":48,\"51\":48,\"52\":62,\"53\":48,\"54\":48,\"55\":48,\"56\":63,\"57\":48,\"58\":48,\"59\":48,\"60\":64,..."
[2026-09-02 13:43:00.830] [debug] [serialport] [serialport] event=serialport.packet status=success boardName=board1 length=14 message="bytearray(b'\\x02055DCP?0C85B\\x03')"
[2026-09-02 13:43:00.862] [debug] [serialport] [serialport] event=serialport.packet status=success boardName=board1 length=10 message="bytearray(b'\\x02035APC6C\\x03')"
[2026-09-02 13:43:00.887] [debug] [serialport] [serialport] event=serialport.packet.parse status=success boardName=board1 message="{\"isValidStx\":true,\"isValidEtx\":true,\"isValidDst\":true,\"isValidSrc\":true,\"isValidLength\":true,\"fnc\":\"5\",\"act\":\"A\",\"data\":{\"0\":54},\"values\":[],\"part\":{},\"isValidChecksum\":true}"
[2026-09-02 13:43:00.906] [debug] [serialport] [serialport] event=serialport.packet.response status=success boardName=board1 functionGroup=5 action=A
[2026-09-02 13:43:00.962] [debug] [sirub] [sirub] event=sirub.out status=success sirubName=복숭아 protocol=SIRUP11 amount=40 goal=15 current=0
[2026-09-02 13:43:01.072] [debug] [sirub] [sirub] event=sirub.out status=success sirubName=복숭아 protocol=SIRUP11 amount=40 goal=15 current=0
[2026-09-02 13:43:01.331] [debug] [sirub] [sirub] event=sirub.out status=success sirubName=복숭아 protocol=SIRUP11 amount=40 goal=15 current=0
[2026-09-02 13:43:01.424] [debug] [serialport] [serialport] event=serialport.packet status=success boardName=board1 length=10 message="bytearray(b'\\x02033QCP7A\\x03')"
[2026-09-02 13:43:01.546] [debug] [sirub] [sirub] event=sirub.out status=success sirubName=복숭아 protocol=SIRUP11 amount=40 goal=15 current=0
[2026-09-02 13:43:01.651] [debug] [sirub] [sirub] event=sirub.out status=success sirubName=복숭아 protocol=SIRUP11 amount=40 goal=15 current=0
[2026-09-02 13:43:01.786] [debug] [serialport] [serialport] event=serialport.packet status=success boardName=board1 length=10 message="bytearray(b'\\x02033QCP7A\\x03')"
[2026-09-02 13:43:02.064] [debug] [serialport] [serialport] event=serialport.packet status=success boardName=board1 length=10 message="bytearray(b'\\x02033QCP7A\\x03')"
[2026-09-02 13:43:02.296] [debug] [sirub] [sirub] event=sirub.out status=success sirubName=복숭아 protocol=SIRUP11 amount=40 goal=15 current=0
[2026-09-02 13:43:02.459] [debug] [serialport] [serialport] event=serialport.packet status=success boardName=board1 length=10 message="bytearray(b'\\x02033QCP7A\\x03')"
[2026-09-02 13:43:02.765] [debug] [serialport] [serialport] event=serialport.packet status=success boardName=board1 length=10 message="bytearray(b'\\x02033QCP7A\\x03')"
[2026-09-02 13:43:03.145] [debug] [serialport] [serialport] event=serialport.packet status=success boardName=board1 length=90 message="bytearray(b'\\x022B3DPC100020003000400050006000700080009000:000;000<000=000>000?007@000A000B000C000D00057\\x03')"
[2026-09-02 13:43:03.159] [debug] [serialport] [serialport] event=serialport.packet.parse status=success boardName=board1 message="{\"isValidStx\":true,\"isValidEtx\":true,\"isValidDst\":true,\"isValidSrc\":true,\"isValidLength\":true,\"fnc\":\"3\",\"act\":\"D\",\"data\":{\"0\":49,\"1\":48,\"2\":48,\"3\":48,\"4\":50,\"5\":48,\"6\":48,\"7\":48,\"8\":51,\"9\":48,\"10\":48,\"11\":48,\"12\":52,\"13\":48,\"14\":48,\"15\":48,\"16\":53,\"17\":48,\"18\":48,\"19\":48,\"20\":54,\"21\":48,\"22\":48,\"23\":48,\"24\":55,\"25\":48,\"26\":48,\"27\":48,\"28\":56,\"29\":48,\"30\":48,\"31\":48,\"32\":57,\"33\":48,\"34\":48,\"35\":48,\"36\":58,\"37\":48,\"38\":48,\"39\":48,\"40\":59,\"41\":48,\"42\":48,\"43\":48,\"44\":60,\"45\":48,\"46\":48,\"47\":48,\"48\":61,\"49\":48,\"50\":48,\"51\":48,\"52\":62,\"53\":48,\"54\":48,\"55\":48,\"56\":63,\"57\":48,\"58\":48,\"59\":55,\"60\":64,..."
[2026-09-02 13:43:03.265] [debug] [serialport] [serialport] event=serialport.packet status=success boardName=board1 length=103 message="bytearray(b'\\x022B3DPC100020\\x022B3DPC100020003000400050006000700080009000:000;000<000=000>000?00A@000A000B000C000D00061\\x03')"
[2026-09-02 13:43:03.375] [debug] [serialport] [serialport] event=serialport.packet.parse status=success boardName=board1 message="{\"isValidStx\":true,\"isValidEtx\":true,\"isValidDst\":true,\"isValidSrc\":true,\"isValidLength\":false,\"fnc\":\"3\",\"act\":\"D\",\"data\":{\"0\":49,\"1\":48,\"2\":48,\"3\":48,\"4\":50,\"5\":48,\"6\":2,\"7\":50,\"8\":66,\"9\":51,\"10\":68,\"11\":80,\"12\":67,\"13\":49,\"14\":48,\"15\":48,\"16\":48,\"17\":50,\"18\":48,\"19\":48,\"20\":48,\"21\":51,\"22\":48,\"23\":48,\"24\":48,\"25\":52,\"26\":48,\"27\":48,\"28\":48,\"29\":53,\"30\":48,\"31\":48,\"32\":48,\"33\":54,\"34\":48,\"35\":48,\"36\":48,\"37\":55,\"38\":48,\"39\":48,\"40\":48,\"41\":56,\"42\":48,\"43\":48,\"44\":48,\"45\":57,\"46\":48,\"47\":48,\"48\":48,\"49\":58,\"50\":48,\"51\":48,\"52\":48,\"53\":59,\"54\":48,\"55\":48,\"56\":48,\"57\":60,\"58\":48,\"59\":48,\"60\":48,..."
[2026-09-02 13:43:03.489] [debug] [serialport] [serialport] event=serialport.packet.parse status=ignored reason=invalid_packet boardName=board1
[2026-09-02 13:43:03.518] [debug] [sirub] [sirub] event=sirub.out status=success sirubName=복숭아 protocol=SIRUP11 amount=40 goal=15 current=7
[2026-09-02 13:43:03.528] [debug] [serialport] [serialport] event=serialport.packet status=success boardName=board1 length=10 message="bytearray(b'\\x02033QCP7A\\x03')"
[2026-09-02 13:43:03.652] [debug] [serialport] [serialport] event=serialport.packet status=success boardName=board1 length=102 message="bytearray(b'\\x022B3DPC10002\\x022B3DPC100020003000400050006000700080009000:000;000<000=000>000?013@000A000B000C000D00054\\x03')"
[2026-09-02 13:43:03.742] [debug] [serialport] [serialport] event=serialport.packet.parse status=success boardName=board1 message="{\"isValidStx\":true,\"isValidEtx\":true,\"isValidDst\":true,\"isValidSrc\":true,\"isValidLength\":false,\"fnc\":\"3\",\"act\":\"D\",\"data\":{\"0\":49,\"1\":48,\"2\":48,\"3\":48,\"4\":50,\"5\":2,\"6\":50,\"7\":66,\"8\":51,\"9\":68,\"10\":80,\"11\":67,\"12\":49,\"13\":48,\"14\":48,\"15\":48,\"16\":50,\"17\":48,\"18\":48,\"19\":48,\"20\":51,\"21\":48,\"22\":48,\"23\":48,\"24\":52,\"25\":48,\"26\":48,\"27\":48,\"28\":53,\"29\":48,\"30\":48,\"31\":48,\"32\":54,\"33\":48,\"34\":48,\"35\":48,\"36\":55,\"37\":48,\"38\":48,\"39\":48,\"40\":56,\"41\":48,\"42\":48,\"43\":48,\"44\":57,\"45\":48,\"46\":48,\"47\":48,\"48\":58,\"49\":48,\"50\":48,\"51\":48,\"52\":59,\"53\":48,\"54\":48,\"55\":48,\"56\":60,\"57\":48,\"58\":48,\"59\":48,\"60\":61,..."
[2026-09-02 13:43:03.866] [debug] [serialport] [serialport] event=serialport.packet.parse status=ignored reason=invalid_packet boardName=board1
[2026-09-02 13:43:03.908] [debug] [serialport] [serialport] event=serialport.packet status=success boardName=board1 length=90 message="bytearray(b'\\x022B3DPC100020003000400050006000700080009000:000;000<000=000>000?01A@000A000B000C000D00062\\x03')"
[2026-09-02 13:43:04.124] [debug] [serialport] [serialport] event=serialport.packet.parse status=success boardName=board1 message="{\"isValidStx\":true,\"isValidEtx\":true,\"isValidDst\":true,\"isValidSrc\":true,\"isValidLength\":true,\"fnc\":\"3\",\"act\":\"D\",\"data\":{\"0\":49,\"1\":48,\"2\":48,\"3\":48,\"4\":50,\"5\":48,\"6\":48,\"7\":48,\"8\":51,\"9\":48,\"10\":48,\"11\":48,\"12\":52,\"13\":48,\"14\":48,\"15\":48,\"16\":53,\"17\":48,\"18\":48,\"19\":48,\"20\":54,\"21\":48,\"22\":48,\"23\":48,\"24\":55,\"25\":48,\"26\":48,\"27\":48,\"28\":56,\"29\":48,\"30\":48,\"31\":48,\"32\":57,\"33\":48,\"34\":48,\"35\":48,\"36\":58,\"37\":48,\"38\":48,\"39\":48,\"40\":59,\"41\":48,\"42\":48,\"43\":48,\"44\":60,\"45\":48,\"46\":48,\"47\":48,\"48\":61,\"49\":48,\"50\":48,\"51\":48,\"52\":62,\"53\":48,\"54\":48,\"55\":48,\"56\":63,\"57\":48,\"58\":49,\"59\":65,\"60\":64,..."
[2026-09-02 13:43:04.189] [debug] [serialport] [serialport] event=serialport.packet status=success boardName=board1 length=10 message="bytearray(b'\\x02033QCP7A\\x03')"
[2026-09-02 13:43:04.315] [debug] [serialport] [serialport] event=serialport.packet status=success boardName=board1 length=90 message="bytearray(b'\\x022B3DPC100020003000400050006000700080009000:000;000<000=000>000?02A@000A000B000C000D00063\\x03')"
[2026-09-02 13:43:04.325] [debug] [serialport] [serialport] event=serialport.packet.parse status=success boardName=board1 message="{\"isValidStx\":true,\"isValidEtx\":true,\"isValidDst\":true,\"isValidSrc\":true,\"isValidLength\":true,\"fnc\":\"3\",\"act\":\"D\",\"data\":{\"0\":49,\"1\":48,\"2\":48,\"3\":48,\"4\":50,\"5\":48,\"6\":48,\"7\":48,\"8\":51,\"9\":48,\"10\":48,\"11\":48,\"12\":52,\"13\":48,\"14\":48,\"15\":48,\"16\":53,\"17\":48,\"18\":48,\"19\":48,\"20\":54,\"21\":48,\"22\":48,\"23\":48,\"24\":55,\"25\":48,\"26\":48,\"27\":48,\"28\":56,\"29\":48,\"30\":48,\"31\":48,\"32\":57,\"33\":48,\"34\":48,\"35\":48,\"36\":58,\"37\":48,\"38\":48,\"39\":48,\"40\":59,\"41\":48,\"42\":48,\"43\":48,\"44\":60,\"45\":48,\"46\":48,\"47\":48,\"48\":61,\"49\":48,\"50\":48,\"51\":48,\"52\":62,\"53\":48,\"54\":48,\"55\":48,\"56\":63,\"57\":48,\"58\":50,\"59\":65,\"60\":64,..."
[2026-09-02 13:43:04.761] [debug] [serialport] [serialport] event=serialport.packet status=success boardName=board1 length=14 message="bytearray(b'\\x02055DCP?00040\\x03')"
[2026-09-02 13:43:04.866] [debug] [task] [task] event=parts.command status=started action=close_retry boardName=board1 part=sirub11Pump message="[HASTE HW-12] ACK missing (300ms). Retrying close offPacket for part sirub11Pump."
[2026-09-02 13:43:04.870] [debug] [serialport] [serialport] event=serialport.packet status=success boardName=board1 length=10 message="bytearray(b'\\x02035APC6C\\x03')"
[2026-09-02 13:43:05.031] [debug] [serialport] [serialport] event=serialport.packet.parse status=success boardName=board1 message="{\"isValidStx\":true,\"isValidEtx\":true,\"isValidDst\":true,\"isValidSrc\":true,\"isValidLength\":true,\"fnc\":\"5\",\"act\":\"A\",\"data\":{\"0\":54},\"values\":[],\"part\":{},\"isValidChecksum\":true}"
[2026-09-02 13:43:05.063] [debug] [serialport] [serialport] event=serialport.packet.response status=success boardName=board1 functionGroup=5 action=A
[2026-09-02 13:43:05.079] [debug] [serialport] [serialport] event=serialport.packet status=success boardName=board1 length=14 message="bytearray(b'\\x02055DCP?00040\\x03')"
[2026-09-02 13:43:05.144] [debug] [serialport] [serialport] event=serialport.packet status=success boardName=board1 length=10 message="bytearray(b'\\x02035APC6C\\x03')"
[2026-09-02 13:43:05.201] [debug] [serialport] [serialport] event=serialport.packet.parse status=success boardName=board1 message="{\"isValidStx\":true,\"isValidEtx\":true,\"isValidDst\":true,\"isValidSrc\":true,\"isValidLength\":true,\"fnc\":\"5\",\"act\":\"A\",\"data\":{\"0\":54},\"values\":[],\"part\":{},\"isValidChecksum\":true}"
[2026-09-02 13:43:05.321] [debug] [serialport] [serialport] event=serialport.packet.response status=success boardName=board1 functionGroup=5 action=A
[2026-09-02 13:43:05.343] [debug] [sirub] [sirub] event=sirub.out status=success sirubName=복숭아 protocol=SIRUP11 amount=40 goal=15 current=26 lastValue=26
[2026-09-02 13:43:05.358] [info]  [HASTE DB Save] Settings category "menu" has been updated and saved to SQLite successfully.
[2026-09-02 13:43:05.581] [info]  [HASTE DB Save] Settings category "inventory" has been updated and saved to SQLite successfully.
[2026-09-02 13:43:05.824] [debug] [water] [water] event=water.out status=success protocol=SPARKLE name=탄산수 amount=173 goal=4.411499999999999 current=0 phase=started
[2026-09-02 13:43:06.125] [debug] [serialport] [serialport] event=serialport.packet status=success boardName=board1 length=14 message="bytearray(b'\\x02055DCP102C47\\x03')"
[2026-09-02 13:43:06.169] [debug] [serialport] [serialport] event=serialport.packet status=success boardName=board1 length=10 message="bytearray(b'\\x02035APC6C\\x03')"
[2026-09-02 13:43:06.224] [debug] [serialport] [serialport] event=serialport.packet.parse status=success boardName=board1 message="{\"isValidStx\":true,\"isValidEtx\":true,\"isValidDst\":true,\"isValidSrc\":true,\"isValidLength\":true,\"fnc\":\"5\",\"act\":\"A\",\"data\":{\"0\":54},\"values\":[],\"part\":{},\"isValidChecksum\":true}"
[2026-09-02 13:43:06.227] [debug] [serialport] [serialport] event=serialport.packet.response status=success boardName=board1 functionGroup=5 action=A
[2026-09-02 13:43:10.588] [debug] [serialport] [serialport] event=serialport.packet status=success boardName=board1 length=14 message="bytearray(b'\\x02055DCP100032\\x03')"
[2026-09-02 13:43:10.710] [debug] [serialport] [serialport] event=serialport.packet status=success boardName=board1 length=10 message="bytearray(b'\\x02035APC6C\\x03')"
[2026-09-02 13:43:10.766] [debug] [serialport] [serialport] event=serialport.packet.parse status=success boardName=board1 message="{\"isValidStx\":true,\"isValidEtx\":true,\"isValidDst\":true,\"isValidSrc\":true,\"isValidLength\":true,\"fnc\":\"5\",\"act\":\"A\",\"data\":{\"0\":54},\"values\":[],\"part\":{},\"isValidChecksum\":true}"
[2026-09-02 13:43:10.786] [debug] [serialport] [serialport] event=serialport.packet.response status=success boardName=board1 functionGroup=5 action=A
[2026-09-02 13:43:10.790] [debug] [water] [water] event=water.out status=success protocol=SPARKLE name=탄산수 amount=173 goal=4.411499999999999 phase=complete current=173
[2026-09-02 13:43:10.797] [debug] [api] [api] event=did.callback status=started orderId=INSTANT-1788324170052 menuName=ICED_복숭아에이드 state=4 target=local url=http://127.0.0.1:8080/sse/did
[2026-09-02 13:43:10.828] [debug] [api] [api] event=did.callback status=started orderId=INSTANT-1788324170052 menuName=ICED_복숭아에이드 state=4 target=remote url=http://127.0.0.1:8080/sse/did
[2026-09-02 13:43:10.860] [debug] [api] [api] event=did.callback status=success attempt=1 httpStatus=200 url=http://127.0.0.1:8080/sse/did
[2026-09-02 13:43:10.950] [debug] [api] [api] event=did.callback status=success attempt=1 httpStatus=200 url=http://127.0.0.1:8080/sse/did
[2026-09-02 13:43:10.980] [debug] [task] [task] event=brew.step status=started orderId=INSTANT-1788324170052 menuName=ICED_복숭아에이드 step=5 message="cup unmount wait started"
[2026-09-02 13:43:11.656] [debug] [serialport] [serialport] event=serialport.packet status=success boardName=board1 length=10 message="bytearray(b'\\x02034QCP7B\\x03')"
[2026-09-02 13:43:11.706] [debug] [serialport] [serialport] event=serialport.packet status=success boardName=board1 length=50 message="bytearray(b'\\x02174DPC0000110000100010000100000000000000000000F8\\x03')"
[2026-09-02 13:43:11.722] [debug] [serialport] [serialport] event=serialport.packet.parse status=success boardName=board1 message="{\"isValidStx\":true,\"isValidEtx\":true,\"isValidDst\":true,\"isValidSrc\":true,\"isValidLength\":true,\"fnc\":\"4\",\"act\":\"D\",\"data\":{\"0\":48,\"1\":48,\"2\":48,\"3\":48,\"4\":49,\"5\":49,\"6\":48,\"7\":48,\"8\":48,\"9\":48,\"10\":49,\"11\":48,\"12\":48,\"13\":48,\"14\":49,\"15\":48,\"16\":48,\"17\":48,\"18\":48,\"19\":49,\"20\":48,\"21\":48,\"22\":48,\"23\":48,\"24\":48,\"25\":48,\"26\":48,\"27\":48,\"28\":48,\"29\":48,\"30\":48,\"31\":48,\"32\":48,\"33\":48,\"34\":48,\"35\":48,\"36\":48,\"37\":48,\"38\":48,\"39\":48,\"40\":70},\"values\":[0,0,0,0,1,1,0,0,0,0,1,0,0,0,1,0,0,0,0,1,0,0,0,0,0,0,0,0,0,0,0,0,0,0,0,0,0,0,0,0,22],\"part\":{},\"isValidChecksum\":true}"
[2026-09-02 13:43:11.916] [debug] [cup] [cup] event=cup.unmount status=success sensor=slideDoorSafetySensor2 value=1
[2026-09-02 13:43:11.988] [debug] [serialport] [serialport] event=serialport.packet status=success boardName=board1 length=10 message="bytearray(b'\\x02034QCP7B\\x03')"
[2026-09-02 13:43:12.035] [debug] [serialport] [serialport] event=serialport.packet status=success boardName=board1 length=50 message="bytearray(b'\\x02174DPC0000110000100010000100000000000000000000F8\\x03')"
[2026-09-02 13:43:12.049] [debug] [serialport] [serialport] event=serialport.packet.parse status=success boardName=board1 message="{\"isValidStx\":true,\"isValidEtx\":true,\"isValidDst\":true,\"isValidSrc\":true,\"isValidLength\":true,\"fnc\":\"4\",\"act\":\"D\",\"data\":{\"0\":48,\"1\":48,\"2\":48,\"3\":48,\"4\":49,\"5\":49,\"6\":48,\"7\":48,\"8\":48,\"9\":48,\"10\":49,\"11\":48,\"12\":48,\"13\":48,\"14\":49,\"15\":48,\"16\":48,\"17\":48,\"18\":48,\"19\":49,\"20\":48,\"21\":48,\"22\":48,\"23\":48,\"24\":48,\"25\":48,\"26\":48,\"27\":48,\"28\":48,\"29\":48,\"30\":48,\"31\":48,\"32\":48,\"33\":48,\"34\":48,\"35\":48,\"36\":48,\"37\":48,\"38\":48,\"39\":48,\"40\":70},\"values\":[0,0,0,0,1,1,0,0,0,0,1,0,0,0,1,0,0,0,0,1,0,0,0,0,0,0,0,0,0,0,0,0,0,0,0,0,0,0,0,0,22],\"part\":{},\"isValidChecksum\":true}"
[2026-09-02 13:43:12.120] [debug] [cup] [cup] event=cup.unmount status=success sensor=slideDoorSafetySensor2 value=1
[2026-09-02 13:43:12.228] [debug] [serialport] [serialport] event=serialport.packet status=success boardName=board1 length=10 message="bytearray(b'\\x02034QCP7B\\x03')"
[2026-09-02 13:43:12.256] [debug] [serialport] [serialport] event=serialport.packet status=success boardName=board1 length=50 message="bytearray(b'\\x02174DPC0000110000100010000100000000000000000000F8\\x03')"
[2026-09-02 13:43:12.296] [debug] [serialport] [serialport] event=serialport.packet.parse status=success boardName=board1 message="{\"isValidStx\":true,\"isValidEtx\":true,\"isValidDst\":true,\"isValidSrc\":true,\"isValidLength\":true,\"fnc\":\"4\",\"act\":\"D\",\"data\":{\"0\":48,\"1\":48,\"2\":48,\"3\":48,\"4\":49,\"5\":49,\"6\":48,\"7\":48,\"8\":48,\"9\":48,\"10\":49,\"11\":48,\"12\":48,\"13\":48,\"14\":49,\"15\":48,\"16\":48,\"17\":48,\"18\":48,\"19\":49,\"20\":48,\"21\":48,\"22\":48,\"23\":48,\"24\":48,\"25\":48,\"26\":48,\"27\":48,\"28\":48,\"29\":48,\"30\":48,\"31\":48,\"32\":48,\"33\":48,\"34\":48,\"35\":48,\"36\":48,\"37\":48,\"38\":48,\"39\":48,\"40\":70},\"values\":[0,0,0,0,1,1,0,0,0,0,1,0,0,0,1,0,0,0,0,1,0,0,0,0,0,0,0,0,0,0,0,0,0,0,0,0,0,0,0,0,22],\"part\":{},\"isValidChecksum\":true}"
[2026-09-02 13:43:12.353] [debug] [cup] [cup] event=cup.unmount status=success sensor=slideDoorSafetySensor2 value=1
[2026-09-02 13:43:12.490] [debug] [serialport] [serialport] event=serialport.packet status=success boardName=board1 length=10 message="bytearray(b'\\x02034QCP7B\\x03')"
[2026-09-02 13:43:12.585] [debug] [cup] [cup] event=cup.unmount status=success sensor=slideDoorSafetySensor2 value=1
[2026-09-02 13:43:12.592] [debug] [serialport] [serialport] event=serialport.packet status=success boardName=board1 length=50 message="bytearray(b'\\x02174DPC0000110000100010000100000000000000000000F8\\x03')"
[2026-09-02 13:43:12.672] [debug] [serialport] [serialport] event=serialport.packet.parse status=success boardName=board1 message="{\"isValidStx\":true,\"isValidEtx\":true,\"isValidDst\":true,\"isValidSrc\":true,\"isValidLength\":true,\"fnc\":\"4\",\"act\":\"D\",\"data\":{\"0\":48,\"1\":48,\"2\":48,\"3\":48,\"4\":49,\"5\":49,\"6\":48,\"7\":48,\"8\":48,\"9\":48,\"10\":49,\"11\":48,\"12\":48,\"13\":48,\"14\":49,\"15\":48,\"16\":48,\"17\":48,\"18\":48,\"19\":49,\"20\":48,\"21\":48,\"22\":48,\"23\":48,\"24\":48,\"25\":48,\"26\":48,\"27\":48,\"28\":48,\"29\":48,\"30\":48,\"31\":48,\"32\":48,\"33\":48,\"34\":48,\"35\":48,\"36\":48,\"37\":48,\"38\":48,\"39\":48,\"40\":70},\"values\":[0,0,0,0,1,1,0,0,0,0,1,0,0,0,1,0,0,0,0,1,0,0,0,0,0,0,0,0,0,0,0,0,0,0,0,0,0,0,0,0,22],\"part\":{},\"isValidChecksum\":true}"
[2026-09-02 13:43:12.758] [debug] [serialport] [serialport] event=serialport.packet status=success boardName=board1 length=10 message="bytearray(b'\\x02034QCP7B\\x03')"
[2026-09-02 13:43:12.819] [debug] [cup] [cup] event=cup.unmount status=success sensor=slideDoorSafetySensor2 value=1
[2026-09-02 13:43:12.849] [debug] [serialport] [serialport] event=serialport.packet status=success boardName=board1 length=50 message="bytearray(b'\\x02174DPC0000110000100010000100000000000000000000F8\\x03')"
[2026-09-02 13:43:12.873] [debug] [serialport] [serialport] event=serialport.packet.parse status=success boardName=board1 message="{\"isValidStx\":true,\"isValidEtx\":true,\"isValidDst\":true,\"isValidSrc\":true,\"isValidLength\":true,\"fnc\":\"4\",\"act\":\"D\",\"data\":{\"0\":48,\"1\":48,\"2\":48,\"3\":48,\"4\":49,\"5\":49,\"6\":48,\"7\":48,\"8\":48,\"9\":48,\"10\":49,\"11\":48,\"12\":48,\"13\":48,\"14\":49,\"15\":48,\"16\":48,\"17\":48,\"18\":48,\"19\":49,\"20\":48,\"21\":48,\"22\":48,\"23\":48,\"24\":48,\"25\":48,\"26\":48,\"27\":48,\"28\":48,\"29\":48,\"30\":48,\"31\":48,\"32\":48,\"33\":48,\"34\":48,\"35\":48,\"36\":48,\"37\":48,\"38\":48,\"39\":48,\"40\":70},\"values\":[0,0,0,0,1,1,0,0,0,0,1,0,0,0,1,0,0,0,0,1,0,0,0,0,0,0,0,0,0,0,0,0,0,0,0,0,0,0,0,0,22],\"part\":{},\"isValidChecksum\":true}"
[2026-09-02 13:43:13.018] [debug] [cup] [cup] event=cup.unmount status=success sensor=slideDoorSafetySensor2 value=1
[2026-09-02 13:43:13.059] [debug] [serialport] [serialport] event=serialport.packet status=success boardName=board1 length=50 message="bytearray(b'\\x02174DPC0000110000100010000100000000000000000000F8\\x03')"
[2026-09-02 13:43:13.169] [debug] [serialport] [serialport] event=serialport.packet.parse status=success boardName=board1 message="{\"isValidStx\":true,\"isValidEtx\":true,\"isValidDst\":true,\"isValidSrc\":true,\"isValidLength\":true,\"fnc\":\"4\",\"act\":\"D\",\"data\":{\"0\":48,\"1\":48,\"2\":48,\"3\":48,\"4\":49,\"5\":49,\"6\":48,\"7\":48,\"8\":48,\"9\":48,\"10\":49,\"11\":48,\"12\":48,\"13\":48,\"14\":49,\"15\":48,\"16\":48,\"17\":48,\"18\":48,\"19\":49,\"20\":48,\"21\":48,\"22\":48,\"23\":48,\"24\":48,\"25\":48,\"26\":48,\"27\":48,\"28\":48,\"29\":48,\"30\":48,\"31\":48,\"32\":48,\"33\":48,\"34\":48,\"35\":48,\"36\":48,\"37\":48,\"38\":48,\"39\":48,\"40\":70},\"values\":[0,0,0,0,1,1,0,0,0,0,1,0,0,0,1,0,0,0,0,1,0,0,0,0,0,0,0,0,0,0,0,0,0,0,0,0,0,0,0,0,22],\"part\":{},\"isValidChecksum\":true}"
[2026-09-02 13:43:13.182] [debug] [serialport] [serialport] event=serialport.packet status=success boardName=board1 length=10 message="bytearray(b'\\x02034QCP7B\\x03')"
[2026-09-02 13:43:13.218] [debug] [cup] [cup] event=cup.unmount status=success sensor=slideDoorSafetySensor2 value=1
[2026-09-02 13:43:13.257] [debug] [serialport] [serialport] event=serialport.packet status=success boardName=board1 length=10 message="bytearray(b'\\x02034QCP7B\\x03')"
[2026-09-02 13:43:13.368] [debug] [serialport] [serialport] event=serialport.packet status=success boardName=board1 length=50 message="bytearray(b'\\x02174DPC0000110000100010000100000000000000000000F8\\x03')"
[2026-09-02 13:43:13.398] [debug] [serialport] [serialport] event=serialport.packet.parse status=success boardName=board1 message="{\"isValidStx\":true,\"isValidEtx\":true,\"isValidDst\":true,\"isValidSrc\":true,\"isValidLength\":true,\"fnc\":\"4\",\"act\":\"D\",\"data\":{\"0\":48,\"1\":48,\"2\":48,\"3\":48,\"4\":49,\"5\":49,\"6\":48,\"7\":48,\"8\":48,\"9\":48,\"10\":49,\"11\":48,\"12\":48,\"13\":48,\"14\":49,\"15\":48,\"16\":48,\"17\":48,\"18\":48,\"19\":49,\"20\":48,\"21\":48,\"22\":48,\"23\":48,\"24\":48,\"25\":48,\"26\":48,\"27\":48,\"28\":48,\"29\":48,\"30\":48,\"31\":48,\"32\":48,\"33\":48,\"34\":48,\"35\":48,\"36\":48,\"37\":48,\"38\":48,\"39\":48,\"40\":70},\"values\":[0,0,0,0,1,1,0,0,0,0,1,0,0,0,1,0,0,0,0,1,0,0,0,0,0,0,0,0,0,0,0,0,0,0,0,0,0,0,0,0,22],\"part\":{},\"isValidChecksum\":true}"
[2026-09-02 13:43:13.477] [debug] [cup] [cup] event=cup.unmount status=success sensor=slideDoorSafetySensor2 value=1
[2026-09-02 13:43:13.540] [debug] [serialport] [serialport] event=serialport.packet status=success boardName=board1 length=50 message="bytearray(b'\\x02174DPC0000110000100010000100000000000000000000F8\\x03')"
[2026-09-02 13:43:13.631] [debug] [serialport] [serialport] event=serialport.packet.parse status=success boardName=board1 message="{\"isValidStx\":true,\"isValidEtx\":true,\"isValidDst\":true,\"isValidSrc\":true,\"isValidLength\":true,\"fnc\":\"4\",\"act\":\"D\",\"data\":{\"0\":48,\"1\":48,\"2\":48,\"3\":48,\"4\":49,\"5\":49,\"6\":48,\"7\":48,\"8\":48,\"9\":48,\"10\":49,\"11\":48,\"12\":48,\"13\":48,\"14\":49,\"15\":48,\"16\":48,\"17\":48,\"18\":48,\"19\":49,\"20\":48,\"21\":48,\"22\":48,\"23\":48,\"24\":48,\"25\":48,\"26\":48,\"27\":48,\"28\":48,\"29\":48,\"30\":48,\"31\":48,\"32\":48,\"33\":48,\"34\":48,\"35\":48,\"36\":48,\"37\":48,\"38\":48,\"39\":48,\"40\":70},\"values\":[0,0,0,0,1,1,0,0,0,0,1,0,0,0,1,0,0,0,0,1,0,0,0,0,0,0,0,0,0,0,0,0,0,0,0,0,0,0,0,0,22],\"part\":{},\"isValidChecksum\":true}"
[2026-09-02 13:43:13.751] [debug] [serialport] [serialport] event=serialport.packet status=success boardName=board1 length=10 message="bytearray(b'\\x02034QCP7B\\x03')"
[2026-09-02 13:43:13.808] [debug] [cup] [cup] event=cup.unmount status=success sensor=slideDoorSafetySensor2 value=1
[2026-09-02 13:43:13.817] [debug] [serialport] [serialport] event=serialport.packet status=success boardName=board1 length=10 message="bytearray(b'\\x02034QCP7B\\x03')"
[2026-09-02 13:43:13.940] [debug] [serialport] [serialport] event=serialport.packet status=success boardName=board1 length=50 message="bytearray(b'\\x02174DPC0000110000100010000100000000000000000000F8\\x03')"
[2026-09-02 13:43:14.033] [debug] [serialport] [serialport] event=serialport.packet.parse status=success boardName=board1 message="{\"isValidStx\":true,\"isValidEtx\":true,\"isValidDst\":true,\"isValidSrc\":true,\"isValidLength\":true,\"fnc\":\"4\",\"act\":\"D\",\"data\":{\"0\":48,\"1\":48,\"2\":48,\"3\":48,\"4\":49,\"5\":49,\"6\":48,\"7\":48,\"8\":48,\"9\":48,\"10\":49,\"11\":48,\"12\":48,\"13\":48,\"14\":49,\"15\":48,\"16\":48,\"17\":48,\"18\":48,\"19\":49,\"20\":48,\"21\":48,\"22\":48,\"23\":48,\"24\":48,\"25\":48,\"26\":48,\"27\":48,\"28\":48,\"29\":48,\"30\":48,\"31\":48,\"32\":48,\"33\":48,\"34\":48,\"35\":48,\"36\":48,\"37\":48,\"38\":48,\"39\":48,\"40\":70},\"values\":[0,0,0,0,1,1,0,0,0,0,1,0,0,0,1,0,0,0,0,1,0,0,0,0,0,0,0,0,0,0,0,0,0,0,0,0,0,0,0,0,22],\"part\":{},\"isValidChecksum\":true}"
[2026-09-02 13:43:14.092] [debug] [cup] [cup] event=cup.unmount status=success sensor=slideDoorSafetySensor2 value=1
[2026-09-02 13:43:14.101] [debug] [serialport] [serialport] event=serialport.packet status=success boardName=board1 length=50 message="bytearray(b'\\x02174DPC0000110000100010000100000000000000000000F8\\x03')"
[2026-09-02 13:43:14.272] [debug] [serialport] [serialport] event=serialport.packet.parse status=success boardName=board1 message="{\"isValidStx\":true,\"isValidEtx\":true,\"isValidDst\":true,\"isValidSrc\":true,\"isValidLength\":true,\"fnc\":\"4\",\"act\":\"D\",\"data\":{\"0\":48,\"1\":48,\"2\":48,\"3\":48,\"4\":49,\"5\":49,\"6\":48,\"7\":48,\"8\":48,\"9\":48,\"10\":49,\"11\":48,\"12\":48,\"13\":48,\"14\":49,\"15\":48,\"16\":48,\"17\":48,\"18\":48,\"19\":49,\"20\":48,\"21\":48,\"22\":48,\"23\":48,\"24\":48,\"25\":48,\"26\":48,\"27\":48,\"28\":48,\"29\":48,\"30\":48,\"31\":48,\"32\":48,\"33\":48,\"34\":48,\"35\":48,\"36\":48,\"37\":48,\"38\":48,\"39\":48,\"40\":70},\"values\":[0,0,0,0,1,1,0,0,0,0,1,0,0,0,1,0,0,0,0,1,0,0,0,0,0,0,0,0,0,0,0,0,0,0,0,0,0,0,0,0,22],\"part\":{},\"isValidChecksum\":true}"
[2026-09-02 13:43:14.385] [debug] [serialport] [serialport] event=serialport.packet status=success boardName=board1 length=10 message="bytearray(b'\\x02034QCP7B\\x03')"
[2026-09-02 13:43:14.406] [debug] [cup] [cup] event=cup.unmount status=success sensor=slideDoorSafetySensor2 value=1
[2026-09-02 13:43:14.475] [debug] [serialport] [serialport] event=serialport.packet status=success boardName=board1 length=10 message="bytearray(b'\\x02034QCP7B\\x03')"
[2026-09-02 13:43:14.529] [debug] [serialport] [serialport] event=serialport.packet status=success boardName=board1 length=10 message="bytearray(b'\\x02034QCP7B\\x03')"
[2026-09-02 13:43:14.542] [debug] [serialport] [serialport] event=serialport.packet status=success boardName=board1 length=50 message="bytearray(b'\\x02174DPC0000110000100010000100000000000000000000F8\\x03')"
[2026-09-02 13:43:14.554] [debug] [serialport] [serialport] event=serialport.packet.parse status=success boardName=board1 message="{\"isValidStx\":true,\"isValidEtx\":true,\"isValidDst\":true,\"isValidSrc\":true,\"isValidLength\":true,\"fnc\":\"4\",\"act\":\"D\",\"data\":{\"0\":48,\"1\":48,\"2\":48,\"3\":48,\"4\":49,\"5\":49,\"6\":48,\"7\":48,\"8\":48,\"9\":48,\"10\":49,\"11\":48,\"12\":48,\"13\":48,\"14\":49,\"15\":48,\"16\":48,\"17\":48,\"18\":48,\"19\":49,\"20\":48,\"21\":48,\"22\":48,\"23\":48,\"24\":48,\"25\":48,\"26\":48,\"27\":48,\"28\":48,\"29\":48,\"30\":48,\"31\":48,\"32\":48,\"33\":48,\"34\":48,\"35\":48,\"36\":48,\"37\":48,\"38\":48,\"39\":48,\"40\":70},\"values\":[0,0,0,0,1,1,0,0,0,0,1,0,0,0,1,0,0,0,0,1,0,0,0,0,0,0,0,0,0,0,0,0,0,0,0,0,0,0,0,0,22],\"part\":{},\"isValidChecksum\":true}"
[2026-09-02 13:43:14.578] [debug] [serialport] [serialport] event=serialport.packet status=success boardName=board1 length=50 message="bytearray(b'\\x02174DPC0000110000100010000100000000000000000000F8\\x03')"
[2026-09-02 13:43:14.654] [debug] [serialport] [serialport] event=serialport.packet.parse status=success boardName=board1 message="{\"isValidStx\":true,\"isValidEtx\":true,\"isValidDst\":true,\"isValidSrc\":true,\"isValidLength\":true,\"fnc\":\"4\",\"act\":\"D\",\"data\":{\"0\":48,\"1\":48,\"2\":48,\"3\":48,\"4\":49,\"5\":49,\"6\":48,\"7\":48,\"8\":48,\"9\":48,\"10\":49,\"11\":48,\"12\":48,\"13\":48,\"14\":49,\"15\":48,\"16\":48,\"17\":48,\"18\":48,\"19\":49,\"20\":48,\"21\":48,\"22\":48,\"23\":48,\"24\":48,\"25\":48,\"26\":48,\"27\":48,\"28\":48,\"29\":48,\"30\":48,\"31\":48,\"32\":48,\"33\":48,\"34\":48,\"35\":48,\"36\":48,\"37\":48,\"38\":48,\"39\":48,\"40\":70},\"values\":[0,0,0,0,1,1,0,0,0,0,1,0,0,0,1,0,0,0,0,1,0,0,0,0,0,0,0,0,0,0,0,0,0,0,0,0,0,0,0,0,22],\"part\":{},\"isValidChecksum\":true}"
[2026-09-02 13:43:14.662] [debug] [cup] [cup] event=cup.unmount status=success sensor=slideDoorSafetySensor2 value=1
[2026-09-02 13:43:14.801] [debug] [serialport] [serialport] event=serialport.packet status=success boardName=board1 length=10 message="bytearray(b'\\x02034QCP7B\\x03')"
[2026-09-02 13:43:14.863] [debug] [cup] [cup] event=cup.unmount status=success sensor=slideDoorSafetySensor2 value=1
[2026-09-02 13:43:14.948] [debug] [serialport] [serialport] event=serialport.packet status=success boardName=board1 length=50 message="bytearray(b'\\x02174DPC0000110000100010000100000000000000000000F8\\x03')"
[2026-09-02 13:43:15.034] [debug] [serialport] [serialport] event=serialport.packet.parse status=success boardName=board1 message="{\"isValidStx\":true,\"isValidEtx\":true,\"isValidDst\":true,\"isValidSrc\":true,\"isValidLength\":true,\"fnc\":\"4\",\"act\":\"D\",\"data\":{\"0\":48,\"1\":48,\"2\":48,\"3\":48,\"4\":49,\"5\":49,\"6\":48,\"7\":48,\"8\":48,\"9\":48,\"10\":49,\"11\":48,\"12\":48,\"13\":48,\"14\":49,\"15\":48,\"16\":48,\"17\":48,\"18\":48,\"19\":49,\"20\":48,\"21\":48,\"22\":48,\"23\":48,\"24\":48,\"25\":48,\"26\":48,\"27\":48,\"28\":48,\"29\":48,\"30\":48,\"31\":48,\"32\":48,\"33\":48,\"34\":48,\"35\":48,\"36\":48,\"37\":48,\"38\":48,\"39\":48,\"40\":70},\"values\":[0,0,0,0,1,1,0,0,0,0,1,0,0,0,1,0,0,0,0,1,0,0,0,0,0,0,0,0,0,0,0,0,0,0,0,0,0,0,0,0,22],\"part\":{},\"isValidChecksum\":true}"
[2026-09-02 13:43:15.190] [debug] [cup] [cup] event=cup.unmount status=success sensor=slideDoorSafetySensor2 value=1
[2026-09-02 13:43:15.305] [debug] [serialport] [serialport] event=serialport.packet status=success boardName=board1 length=50 message="bytearray(b'\\x02174DPC0000110000100010000100000000000000000000F8\\x03')"
[2026-09-02 13:43:15.338] [debug] [serialport] [serialport] event=serialport.packet.parse status=success boardName=board1 message="{\"isValidStx\":true,\"isValidEtx\":true,\"isValidDst\":true,\"isValidSrc\":true,\"isValidLength\":true,\"fnc\":\"4\",\"act\":\"D\",\"data\":{\"0\":48,\"1\":48,\"2\":48,\"3\":48,\"4\":49,\"5\":49,\"6\":48,\"7\":48,\"8\":48,\"9\":48,\"10\":49,\"11\":48,\"12\":48,\"13\":48,\"14\":49,\"15\":48,\"16\":48,\"17\":48,\"18\":48,\"19\":49,\"20\":48,\"21\":48,\"22\":48,\"23\":48,\"24\":48,\"25\":48,\"26\":48,\"27\":48,\"28\":48,\"29\":48,\"30\":48,\"31\":48,\"32\":48,\"33\":48,\"34\":48,\"35\":48,\"36\":48,\"37\":48,\"38\":48,\"39\":48,\"40\":70},\"values\":[0,0,0,0,1,1,0,0,0,0,1,0,0,0,1,0,0,0,0,1,0,0,0,0,0,0,0,0,0,0,0,0,0,0,0,0,0,0,0,0,22],\"part\":{},\"isValidChecksum\":true}"
[2026-09-02 13:43:15.367] [debug] [serialport] [serialport] event=serialport.packet status=success boardName=board1 length=10 message="bytearray(b'\\x02034QCP7B\\x03')"
[2026-09-02 13:43:15.452] [debug] [cup] [cup] event=cup.unmount status=success sensor=slideDoorSafetySensor2 value=1
[2026-09-02 13:43:15.484] [debug] [serialport] [serialport] event=serialport.packet status=success boardName=board1 length=10 message="bytearray(b'\\x02034QCP7B\\x03')"
[2026-09-02 13:43:15.508] [debug] [serialport] [serialport] event=serialport.packet status=success boardName=board1 length=50 message="bytearray(b'\\x02174DPC0000110000100010000100000000000000000000F8\\x03')"
[2026-09-02 13:43:15.516] [debug] [serialport] [serialport] event=serialport.packet.parse status=success boardName=board1 message="{\"isValidStx\":true,\"isValidEtx\":true,\"isValidDst\":true,\"isValidSrc\":true,\"isValidLength\":true,\"fnc\":\"4\",\"act\":\"D\",\"data\":{\"0\":48,\"1\":48,\"2\":48,\"3\":48,\"4\":49,\"5\":49,\"6\":48,\"7\":48,\"8\":48,\"9\":48,\"10\":49,\"11\":48,\"12\":48,\"13\":48,\"14\":49,\"15\":48,\"16\":48,\"17\":48,\"18\":48,\"19\":49,\"20\":48,\"21\":48,\"22\":48,\"23\":48,\"24\":48,\"25\":48,\"26\":48,\"27\":48,\"28\":48,\"29\":48,\"30\":48,\"31\":48,\"32\":48,\"33\":48,\"34\":48,\"35\":48,\"36\":48,\"37\":48,\"38\":48,\"39\":48,\"40\":70},\"values\":[0,0,0,0,1,1,0,0,0,0,1,0,0,0,1,0,0,0,0,1,0,0,0,0,0,0,0,0,0,0,0,0,0,0,0,0,0,0,0,0,22],\"part\":{},\"isValidChecksum\":true}"
[2026-09-02 13:43:15.569] [debug] [serialport] [serialport] event=serialport.packet status=success boardName=board1 length=10 message="bytearray(b'\\x02034QCP7B\\x03')"
[2026-09-02 13:43:15.690] [debug] [cup] [cup] event=cup.unmount status=success sensor=slideDoorSafetySensor2 value=1
[2026-09-02 13:43:15.712] [debug] [serialport] [serialport] event=serialport.packet status=success boardName=board1 length=50 message="bytearray(b'\\x02174DPC0000110000100010000100000000000000000000F8\\x03')"
[2026-09-02 13:43:15.754] [debug] [serialport] [serialport] event=serialport.packet.parse status=success boardName=board1 message="{\"isValidStx\":true,\"isValidEtx\":true,\"isValidDst\":true,\"isValidSrc\":true,\"isValidLength\":true,\"fnc\":\"4\",\"act\":\"D\",\"data\":{\"0\":48,\"1\":48,\"2\":48,\"3\":48,\"4\":49,\"5\":49,\"6\":48,\"7\":48,\"8\":48,\"9\":48,\"10\":49,\"11\":48,\"12\":48,\"13\":48,\"14\":49,\"15\":48,\"16\":48,\"17\":48,\"18\":48,\"19\":49,\"20\":48,\"21\":48,\"22\":48,\"23\":48,\"24\":48,\"25\":48,\"26\":48,\"27\":48,\"28\":48,\"29\":48,\"30\":48,\"31\":48,\"32\":48,\"33\":48,\"34\":48,\"35\":48,\"36\":48,\"37\":48,\"38\":48,\"39\":48,\"40\":70},\"values\":[0,0,0,0,1,1,0,0,0,0,1,0,0,0,1,0,0,0,0,1,0,0,0,0,0,0,0,0,0,0,0,0,0,0,0,0,0,0,0,0,22],\"part\":{},\"isValidChecksum\":true}"
[2026-09-02 13:43:15.772] [debug] [serialport] [serialport] event=serialport.packet status=success boardName=board1 length=10 message="bytearray(b'\\x02034QCP7B\\x03')"
[2026-09-02 13:43:15.863] [debug] [serialport] [serialport] event=serialport.packet status=success boardName=board1 length=50 message="bytearray(b'\\x02174DPC0000110000100010000100000000000000000000F8\\x03')"
[2026-09-02 13:43:15.894] [debug] [serialport] [serialport] event=serialport.packet.parse status=success boardName=board1 message="{\"isValidStx\":true,\"isValidEtx\":true,\"isValidDst\":true,\"isValidSrc\":true,\"isValidLength\":true,\"fnc\":\"4\",\"act\":\"D\",\"data\":{\"0\":48,\"1\":48,\"2\":48,\"3\":48,\"4\":49,\"5\":49,\"6\":48,\"7\":48,\"8\":48,\"9\":48,\"10\":49,\"11\":48,\"12\":48,\"13\":48,\"14\":49,\"15\":48,\"16\":48,\"17\":48,\"18\":48,\"19\":49,\"20\":48,\"21\":48,\"22\":48,\"23\":48,\"24\":48,\"25\":48,\"26\":48,\"27\":48,\"28\":48,\"29\":48,\"30\":48,\"31\":48,\"32\":48,\"33\":48,\"34\":48,\"35\":48,\"36\":48,\"37\":48,\"38\":48,\"39\":48,\"40\":70},\"values\":[0,0,0,0,1,1,0,0,0,0,1,0,0,0,1,0,0,0,0,1,0,0,0,0,0,0,0,0,0,0,0,0,0,0,0,0,0,0,0,0,22],\"part\":{},\"isValidChecksum\":true}"
[2026-09-02 13:43:15.911] [debug] [cup] [cup] event=cup.unmount status=success sensor=slideDoorSafetySensor2 value=1
[2026-09-02 13:43:16.042] [debug] [serialport] [serialport] event=serialport.packet status=success boardName=board1 length=10 message="bytearray(b'\\x02034QCP7B\\x03')"
[2026-09-02 13:43:16.074] [debug] [serialport] [serialport] event=serialport.packet status=success boardName=board1 length=50 message="bytearray(b'\\x02174DPC0000110000100010000100000000000000000000F8\\x03')"
[2026-09-02 13:43:16.140] [debug] [serialport] [serialport] event=serialport.packet.parse status=success boardName=board1 message="{\"isValidStx\":true,\"isValidEtx\":true,\"isValidDst\":true,\"isValidSrc\":true,\"isValidLength\":true,\"fnc\":\"4\",\"act\":\"D\",\"data\":{\"0\":48,\"1\":48,\"2\":48,\"3\":48,\"4\":49,\"5\":49,\"6\":48,\"7\":48,\"8\":48,\"9\":48,\"10\":49,\"11\":48,\"12\":48,\"13\":48,\"14\":49,\"15\":48,\"16\":48,\"17\":48,\"18\":48,\"19\":49,\"20\":48,\"21\":48,\"22\":48,\"23\":48,\"24\":48,\"25\":48,\"26\":48,\"27\":48,\"28\":48,\"29\":48,\"30\":48,\"31\":48,\"32\":48,\"33\":48,\"34\":48,\"35\":48,\"36\":48,\"37\":48,\"38\":48,\"39\":48,\"40\":70},\"values\":[0,0,0,0,1,1,0,0,0,0,1,0,0,0,1,0,0,0,0,1,0,0,0,0,0,0,0,0,0,0,0,0,0,0,0,0,0,0,0,0,22],\"part\":{},\"isValidChecksum\":true}"
[2026-09-02 13:43:16.198] [debug] [cup] [cup] event=cup.unmount status=success sensor=slideDoorSafetySensor2 value=1
[2026-09-02 13:43:16.290] [debug] [serialport] [serialport] event=serialport.packet status=success boardName=board1 length=10 message="bytearray(b'\\x02034QCP7B\\x03')"
[2026-09-02 13:43:16.375] [debug] [serialport] [serialport] event=serialport.packet status=success boardName=board1 length=50 message="bytearray(b'\\x02174DPC0000110000100010000100000000000000000000F8\\x03')"
[2026-09-02 13:43:16.417] [debug] [serialport] [serialport] event=serialport.packet.parse status=success boardName=board1 message="{\"isValidStx\":true,\"isValidEtx\":true,\"isValidDst\":true,\"isValidSrc\":true,\"isValidLength\":true,\"fnc\":\"4\",\"act\":\"D\",\"data\":{\"0\":48,\"1\":48,\"2\":48,\"3\":48,\"4\":49,\"5\":49,\"6\":48,\"7\":48,\"8\":48,\"9\":48,\"10\":49,\"11\":48,\"12\":48,\"13\":48,\"14\":49,\"15\":48,\"16\":48,\"17\":48,\"18\":48,\"19\":49,\"20\":48,\"21\":48,\"22\":48,\"23\":48,\"24\":48,\"25\":48,\"26\":48,\"27\":48,\"28\":48,\"29\":48,\"30\":48,\"31\":48,\"32\":48,\"33\":48,\"34\":48,\"35\":48,\"36\":48,\"37\":48,\"38\":48,\"39\":48,\"40\":70},\"values\":[0,0,0,0,1,1,0,0,0,0,1,0,0,0,1,0,0,0,0,1,0,0,0,0,0,0,0,0,0,0,0,0,0,0,0,0,0,0,0,0,22],\"part\":{},\"isValidChecksum\":true}"
[2026-09-02 13:43:16.461] [debug] [cup] [cup] event=cup.unmount status=success sensor=slideDoorSafetySensor2 value=1
[2026-09-02 13:43:16.530] [debug] [serialport] [serialport] event=serialport.packet status=success boardName=board1 length=10 message="bytearray(b'\\x02034QCP7B\\x03')"
[2026-09-02 13:43:16.584] [debug] [serialport] [serialport] event=serialport.packet status=success boardName=board1 length=50 message="bytearray(b'\\x02174DPC0000110000000010000100000000000000000000F7\\x03')"
[2026-09-02 13:43:16.624] [debug] [serialport] [serialport] event=serialport.packet.parse status=success boardName=board1 message="{\"isValidStx\":true,\"isValidEtx\":true,\"isValidDst\":true,\"isValidSrc\":true,\"isValidLength\":true,\"fnc\":\"4\",\"act\":\"D\",\"data\":{\"0\":48,\"1\":48,\"2\":48,\"3\":48,\"4\":49,\"5\":49,\"6\":48,\"7\":48,\"8\":48,\"9\":48,\"10\":48,\"11\":48,\"12\":48,\"13\":48,\"14\":49,\"15\":48,\"16\":48,\"17\":48,\"18\":48,\"19\":49,\"20\":48,\"21\":48,\"22\":48,\"23\":48,\"24\":48,\"25\":48,\"26\":48,\"27\":48,\"28\":48,\"29\":48,\"30\":48,\"31\":48,\"32\":48,\"33\":48,\"34\":48,\"35\":48,\"36\":48,\"37\":48,\"38\":48,\"39\":48,\"40\":70},\"values\":[0,0,0,0,1,1,0,0,0,0,0,0,0,0,1,0,0,0,0,1,0,0,0,0,0,0,0,0,0,0,0,0,0,0,0,0,0,0,0,0,22],\"part\":{},\"isValidChecksum\":true}"
[2026-09-02 13:43:16.647] [debug] [cup] [cup] event=cup.unmount status=success sensor=slideDoorSafetySensor2
[2026-09-02 13:43:16.669] [debug] [api] [api] event=did.callback status=started orderId=INSTANT-1788324170052 menuName=ICED_복숭아에이드 state=5 target=local url=http://127.0.0.1:8080/sse/did
[2026-09-02 13:43:16.745] [debug] [api] [api] event=did.callback status=started orderId=INSTANT-1788324170052 menuName=ICED_복숭아에이드 state=5 target=remote url=http://127.0.0.1:8080/sse/did
[2026-09-02 13:43:16.792] [debug] [api] [api] event=did.callback status=success attempt=1 httpStatus=200 url=http://127.0.0.1:8080/sse/did
[2026-09-02 13:43:16.805] [debug] [api] [api] event=did.callback status=success attempt=1 httpStatus=200 url=http://127.0.0.1:8080/sse/did
[2026-09-02 13:43:16.813] [debug] [task] [task] event=task.complete status=success orderId=INSTANT-1788324170052
[2026-09-02 13:43:16.823] [info]  [kiosk] [manual] event=order.completed status=success source=manual virtual=off mode=test orderId=INSTANT-1788324170052 bill=0000 menuCount=1
[2026-09-02 13:43:16.937] [debug] [serialport] [serialport] event=serialport.packet status=success boardName=board1 length=78 message="bytearray(b'\\x02253DCP100020003000400050006000700080009000:000;000<000=000>000?000@000A000CA\\x03')"
[2026-09-02 13:43:17.208] [debug] [serialport] [serialport] event=serialport.packet status=success boardName=board1 length=90 message="bytearray(b'\\x022B3DPC100020723000400050006000700080009000:000;000<000=000>000?034@000A08AB000C000D00079\\x03')"
[2026-09-02 13:43:17.220] [debug] [serialport] [serialport] event=serialport.packet.parse status=success boardName=board1 message="{\"isValidStx\":true,\"isValidEtx\":true,\"isValidDst\":true,\"isValidSrc\":true,\"isValidLength\":true,\"fnc\":\"3\",\"act\":\"D\",\"data\":{\"0\":49,\"1\":48,\"2\":48,\"3\":48,\"4\":50,\"5\":48,\"6\":55,\"7\":50,\"8\":51,\"9\":48,\"10\":48,\"11\":48,\"12\":52,\"13\":48,\"14\":48,\"15\":48,\"16\":53,\"17\":48,\"18\":48,\"19\":48,\"20\":54,\"21\":48,\"22\":48,\"23\":48,\"24\":55,\"25\":48,\"26\":48,\"27\":48,\"28\":56,\"29\":48,\"30\":48,\"31\":48,\"32\":57,\"33\":48,\"34\":48,\"35\":48,\"36\":58,\"37\":48,\"38\":48,\"39\":48,\"40\":59,\"41\":48,\"42\":48,\"43\":48,\"44\":60,\"45\":48,\"46\":48,\"47\":48,\"48\":61,\"49\":48,\"50\":48,\"51\":48,\"52\":62,\"53\":48,\"54\":48,\"55\":48,\"56\":63,\"57\":48,\"58\":51,\"59\":52,\"60\":64,..."