[2026-08-11 00:05:52.517] [error] at wrapResolveFilename (node:internal/modules/cjs/loader:1078:27)
[2026-08-11 00:05:52.518] [error] at defaultResolveImplForCJSLoading (node:internal/modules/cjs/loader:1102:10)
[2026-08-11 00:05:52.518] [error] at resolveForCJSWithHooks (node:internal/modules/cjs/loader:1129:12)
[2026-08-11 00:05:52.519] [error] at Module._load (node:internal/modules/cjs/loader:1301:5)
[2026-08-11 00:05:52.519] [error] at c._load (node:electron/js2c/node_init:2:18060)
[2026-08-11 00:05:52.520] [error] at wrapModuleLoad (node:internal/modules/cjs/loader:262:19)
[2026-08-11 00:05:52.520] [error] at Module.require (node:internal/modules/cjs/loader:1624:12)
[2026-08-11 00:05:52.521] [error] at require (node:internal/modules/helpers:153:16)
[2026-08-11 00:05:52.521] [error] at Object.<anonymous> (C:\Users\커피에반하다\AppData\Local\Programs\haste-client\resources\app.asar\node_modules\discord.js\src\index.js:3:29) {
[2026-08-11 00:05:52.522] [error] code: 'MODULE_NOT_FOUND',
[2026-08-11 00:05:52.522] [error] requireStack: [
[2026-08-11 00:05:52.523] [error] 'C:\\Users\\커피에반하다\\AppData\\Local\\Programs\\haste-client\\resources\\app.asar\\node_modules\\discord.js\\src\\index.js',
[2026-08-11 00:05:52.524] [error] 'C:\\Users\\커피에반하다\\AppData\\Local\\Programs\\haste-client\\resources\\app.asar\\haste_agent_bridge.js'
[2026-08-11 00:05:52.524] [error] ]
[2026-08-11 00:05:52.524] [error] }
[2026-08-11 00:05:52.525] [error] Node.js v24.18.0
[2026-08-11 00:05:57.825] [error] node:internal/modules/cjs/loader:1527
[2026-08-11 00:05:57.826] [error] throw err;
[2026-08-11 00:05:57.826] [error] ^
[2026-08-11 00:05:57.827] [error] Error: Cannot find module '@discordjs/util'
[2026-08-11 00:05:57.828] [error] Require stack:
[2026-08-11 00:05:57.828] [error] - C:\Users\커피에반하다\AppData\Local\Programs\haste-client\resources\app.asar\node_modules\discord.js\src\index.js
[2026-08-11 00:05:57.829] [error] - C:\Users\커피에반하다\AppData\Local\Programs\haste-client\resources\app.asar\haste_agent_bridge.js
[2026-08-11 00:05:57.829] [error] at Module._resolveFilename (node:internal/modules/cjs/loader:1524:15)
[2026-08-11 00:05:57.830] [error] at wrapResolveFilename (node:internal/modules/cjs/loader:1078:27)
[2026-08-11 00:05:57.830] [error] at defaultResolveImplForCJSLoading (node:internal/modules/cjs/loader:1102:10)
[2026-08-11 00:05:57.830] [error] at resolveForCJSWithHooks (node:internal/modules/cjs/loader:1129:12)
[2026-08-11 00:05:57.831] [error] at Module._load (node:internal/modules/cjs/loader:1301:5)
[2026-08-11 00:05:57.831] [error] at c._load (node:electron/js2c/node_init:2:18060)
[2026-08-11 00:05:57.832] [error] at wrapModuleLoad (node:internal/modules/cjs/loader:262:19)
[2026-08-11 00:05:57.832] [error] at Module.require (node:internal/modules/cjs/loader:1624:12)
[2026-08-11 00:05:57.833] [error] at require (node:internal/modules/helpers:153:16)
[2026-08-11 00:05:57.833] [error] at Object.<anonymous> (C:\Users\커피에반하다\AppData\Local\Programs\haste-client\resources\app.asar\node_modules\discord.js\src\index.js:3:29) {
[2026-08-11 00:05:57.834] [error] code: 'MODULE_NOT_FOUND',
[2026-08-11 00:05:57.834] [error] requireStack: [
[2026-08-11 00:05:57.835] [error] 'C:\\Users\\커피에반하다\\AppData\\Local\\Programs\\haste-client\\resources\\app.asar\\node_modules\\discord.js\\src\\index.js',
[2026-08-11 00:05:57.835] [error] 'C:\\Users\\커피에반하다\\AppData\\Local\\Programs\\haste-client\\resources\\app.asar\\haste_agent_bridge.js'
[2026-08-11 00:05:57.836] [error] ]
[2026-08-11 00:05:57.836] [error] }
[2026-08-11 00:05:57.837] [error] Node.js v24.18.0
[2026-08-11 00:06:03.258] [error] node:internal/modules/cjs/loader:1527
[2026-08-11 00:06:03.259] [error] throw err;
[2026-08-11 00:06:03.260] [error] ^
[2026-08-11 00:06:03.260] [error] Error: Cannot find module '@discordjs/util'
[2026-08-11 00:06:03.261] [error] Require stack:
[2026-08-11 00:06:03.261] [error] - C:\Users\커피에반하다\AppData\Local\Programs\haste-client\resources\app.asar\node_modules\discord.js\src\index.js
[2026-08-11 00:06:03.262] [error] - C:\Users\커피에반하다\AppData\Local\Programs\haste-client\resources\app.asar\haste_agent_bridge.js
[2026-08-11 00:06:03.263] [error] at Module._resolveFilename (node:internal/modules/cjs/loader:1524:15)
[2026-08-11 00:06:03.263] [error] at wrapResolveFilename (node:internal/modules/cjs/loader:1078:27)
[2026-08-11 00:06:03.264] [error] at defaultResolveImplForCJSLoading (node:internal/modules/cjs/loader:1102:10)
[2026-08-11 00:06:03.265] [error] at resolveForCJSWithHooks (node:internal/modules/cjs/loader:1129:12)
[2026-08-11 00:06:03.265] [error] at Module._load (node:internal/modules/cjs/loader:1301:5)
[2026-08-11 00:06:03.266] [error] at c._load (node:electron/js2c/node_init:2:18060)
[2026-08-11 00:06:03.266] [error] at wrapModuleLoad (node:internal/modules/cjs/loader:262:19)
[2026-08-11 00:06:03.267] [error] at Module.require (node:internal/modules/cjs/loader:1624:12)
[2026-08-11 00:06:03.267] [error] at require (node:internal/modules/helpers:153:16)
[2026-08-11 00:06:03.268] [error] at Object.<anonymous> (C:\Users\커피에반하다\AppData\Local\Programs\haste-client\resources\app.asar\node_modules\discord.js\src\index.js:3:29) {
[2026-08-11 00:06:03.270] [error] code: 'MODULE_NOT_FOUND',
[2026-08-11 00:06:03.271] [error] requireStack: [
[2026-08-11 00:06:03.272] [error] 'C:\\Users\\커피에반하다\\AppData\\Local\\Programs\\haste-client\\resources\\app.asar\\node_modules\\discord.js\\src\\index.js',
[2026-08-11 00:06:03.273] [error] 'C:\\Users\\커피에반하다\\AppData\\Local\\Programs\\haste-client\\resources\\app.asar\\haste_agent_bridge.js'
[2026-08-11 00:06:03.274] [error] ]
[2026-08-11 00:06:03.275] [error] }
[2026-08-11 00:06:03.277] [error] Node.js v24.18.0
[2026-08-11 00:06:08.629] [error] node:internal/modules/cjs/loader:1527
[2026-08-11 00:06:08.630] [error] throw err;
[2026-08-11 00:06:08.630] [error] ^
[2026-08-11 00:06:08.631] [error] Error: Cannot find module '@discordjs/util'
[2026-08-11 00:06:08.632] [error] Require stack:
[2026-08-11 00:06:08.632] [error] - C:\Users\커피에반하다\AppData\Local\Programs\haste-client\resources\app.asar\node_modules\discord.js\src\index.js
[2026-08-11 00:06:08.632] [error] - C:\Users\커피에반하다\AppData\Local\Programs\haste-client\resources\app.asar\haste_agent_bridge.js
[2026-08-11 00:06:08.633] [error] at Module._resolveFilename (node:internal/modules/cjs/loader:1524:15)
[2026-08-11 00:06:08.634] [error] at wrapResolveFilename (node:internal/modules/cjs/loader:1078:27)
[2026-08-11 00:06:08.634] [error] at defaultResolveImplForCJSLoading (node:internal/modules/cjs/loader:1102:10)
[2026-08-11 00:06:08.635] [error] at resolveForCJSWithHooks (node:internal/modules/cjs/loader:1129:12)
[2026-08-11 00:06:08.635] [error] at Module._load (node:internal/modules/cjs/loader:1301:5)
[2026-08-11 00:06:08.636] [error] at c._load (node:electron/js2c/node_init:2:18060)
[2026-08-11 00:06:08.637] [error] at wrapModuleLoad (node:internal/modules/cjs/loader:262:19)
[2026-08-11 00:06:08.638] [error] at Module.require (node:internal/modules/cjs/loader:1624:12)
[2026-08-11 00:06:08.638] [error] at require (node:internal/modules/helpers:153:16)
[2026-08-11 00:06:08.639] [error] at Object.<anonymous> (C:\Users\커피에반하다\AppData\Local\Programs\haste-client\resources\app.asar\node_modules\discord.js\src\index.js:3:29) {
[2026-08-11 00:06:08.639] [error] code: 'MODULE_NOT_FOUND',
[2026-08-11 00:06:08.640] [error] requireStack: [
[2026-08-11 00:06:08.640] [error] 'C:\\Users\\커피에반하다\\AppData\\Local\\Programs\\haste-client\\resources\\app.asar\\node_modules\\discord.js\\src\\index.js',
[2026-08-11 00:06:08.641] [error] 'C:\\Users\\커피에반하다\\AppData\\Local\\Programs\\haste-client\\resources\\app.asar\\haste_agent_bridge.js'
[2026-08-11 00:06:08.641] [error] ]
[2026-08-11 00:06:08.642] [error] }
[2026-08-11 00:06:08.642] [error] Node.js v24.18.0
[2026-08-11 00:06:13.929] [error] node:internal/modules/cjs/loader:1527
[2026-08-11 00:06:13.930] [error] throw err;
[2026-08-11 00:06:13.931] [error] ^
[2026-08-11 00:06:13.931] [error] Error: Cannot find module '@discordjs/util'
[2026-08-11 00:06:13.932] [error] Require stack:
[2026-08-11 00:06:13.933] [error] - C:\Users\커피에반하다\AppData\Local\Programs\haste-client\resources\app.asar\node_modules\discord.js\src\index.js
[2026-08-11 00:06:13.933] [error] - C:\Users\커피에반하다\AppData\Local\Programs\haste-client\resources\app.asar\haste_agent_bridge.js
[2026-08-11 00:06:13.934] [error] at Module._resolveFilename (node:internal/modules/cjs/loader:1524:15)
[2026-08-11 00:06:13.934] [error] at wrapResolveFilename (node:internal/modules/cjs/loader:1078:27)
[2026-08-11 00:06:13.934] [error] at defaultResolveImplForCJSLoading (node:internal/modules/cjs/loader:1102:10)
[2026-08-11 00:06:13.935] [error] at resolveForCJSWithHooks (node:internal/modules/cjs/loader:1129:12)
[2026-08-11 00:06:13.935] [error] at Module._load (node:internal/modules/cjs/loader:1301:5)
[2026-08-11 00:06:13.936] [error] at c._load (node:electron/js2c/node_init:2:18060)
[2026-08-11 00:06:13.936] [error] at wrapModuleLoad (node:internal/modules/cjs/loader:262:19)
[2026-08-11 00:06:13.937] [error] at Module.require (node:internal/modules/cjs/loader:1624:12)
[2026-08-11 00:06:13.937] [error] at require (node:internal/modules/helpers:153:16)
[2026-08-11 00:06:13.938] [error] at Object.<anonymous> (C:\Users\커피에반하다\AppData\Local\Programs\haste-client\resources\app.asar\node_modules\discord.js\src\index.js:3:29) {
[2026-08-11 00:06:13.938] [error] code: 'MODULE_NOT_FOUND',
[2026-08-11 00:06:13.939] [error] requireStack: [
[2026-08-11 00:06:13.939] [error] 'C:\\Users\\커피에반하다\\AppData\\Local\\Programs\\haste-client\\resources\\app.asar\\node_modules\\discord.js\\src\\index.js',
[2026-08-11 00:06:13.940] [error] 'C:\\Users\\커피에반하다\\AppData\\Local\\Programs\\haste-client\\resources\\app.asar\\haste_agent_bridge.js'
[2026-08-11 00:06:13.940] [error] ]
[2026-08-11 00:06:13.941] [error] }
[2026-08-11 00:06:13.941] [error] Node.js v24.18.0
[2026-08-11 00:06:19.217] [error] node:internal/modules/cjs/loader:1527
[2026-08-11 00:06:19.217] [error] throw err;
[2026-08-11 00:06:19.218] [error] ^
[2026-08-11 00:06:19.219] [error] Error: Cannot find module '@discordjs/util'
[2026-08-11 00:06:19.219] [error] Require stack:
[2026-08-11 00:06:19.220] [error] - C:\Users\커피에반하다\AppData\Local\Programs\haste-client\resources\app.asar\node_modules\discord.js\src\index.js
[2026-08-11 00:06:19.220] [error] - C:\Users\커피에반하다\AppData\Local\Programs\haste-client\resources\app.asar\haste_agent_bridge.js
[2026-08-11 00:06:19.221] [error] at Module._resolveFilename (node:internal/modules/cjs/loader:1524:15)
[2026-08-11 00:06:19.221] [error] at wrapResolveFilename (node:internal/modules/cjs/loader:1078:27)
[2026-08-11 00:06:19.222] [error] at defaultResolveImplForCJSLoading (node:internal/modules/cjs/loader:1102:10)
[2026-08-11 00:06:19.222] [error] at resolveForCJSWithHooks (node:internal/modules/cjs/loader:1129:12)
[2026-08-11 00:06:19.223] [error] at Module._load (node:internal/modules/cjs/loader:1301:5)
[2026-08-11 00:06:19.223] [error] at c._load (node:electron/js2c/node_init:2:18060)
[2026-08-11 00:06:19.224] [error] at wrapModuleLoad (node:internal/modules/cjs/loader:262:19)
[2026-08-11 00:06:19.224] [error] at Module.require (node:internal/modules/cjs/loader:1624:12)
[2026-08-11 00:06:19.225] [error] at require (node:internal/modules/helpers:153:16)
[2026-08-11 00:06:19.225] [error] at Object.<anonymous> (C:\Users\커피에반하다\AppData\Local\Programs\haste-client\resources\app.asar\node_modules\discord.js\src\index.js:3:29) {
[2026-08-11 00:06:19.226] [error] code: 'MODULE_NOT_FOUND',
[2026-08-11 00:06:19.226] [error] requireStack: [
[2026-08-11 00:06:19.227] [error] 'C:\\Users\\커피에반하다\\AppData\\Local\\Programs\\haste-client\\resources\\app.asar\\node_modules\\discord.js\\src\\index.js',
[2026-08-11 00:06:19.227] [error] 'C:\\Users\\커피에반하다\\AppData\\Local\\Programs\\haste-client\\resources\\app.asar\\haste_agent_bridge.js'
[2026-08-11 00:06:19.228] [error] ]
[2026-08-11 00:06:19.228] [error] }
[2026-08-11 00:06:19.229] [error] Node.js v24.18.0
[2026-08-11 00:06:24.517] [error] node:internal/modules/cjs/loader:1527
[2026-08-11 00:06:24.518] [error] throw err;
[2026-08-11 00:06:24.519] [error] ^
[2026-08-11 00:06:24.519] [error] Error: Cannot find module '@discordjs/util'
[2026-08-11 00:06:24.520] [error] Require stack:
[2026-08-11 00:06:24.520] [error] - C:\Users\커피에반하다\AppData\Local\Programs\haste-client\resources\app.asar\node_modules\discord.js\src\index.js
[2026-08-11 00:06:24.521] [error] - C:\Users\커피에반하다\AppData\Local\Programs\haste-client\resources\app.asar\haste_agent_bridge.js
[2026-08-11 00:06:24.521] [error] at Module._resolveFilename (node:internal/modules/cjs/loader:1524:15)
[2026-08-11 00:06:24.522] [error] at wrapResolveFilename (node:internal/modules/cjs/loader:1078:27)
[2026-08-11 00:06:24.522] [error] at defaultResolveImplForCJSLoading (node:internal/modules/cjs/loader:1102:10)
[2026-08-11 00:06:24.523] [error] at resolveForCJSWithHooks (node:internal/modules/cjs/loader:1129:12)
[2026-08-11 00:06:24.523] [error] at Module._load (node:internal/modules/cjs/loader:1301:5)
[2026-08-11 00:06:24.524] [error] at c._load (node:electron/js2c/node_init:2:18060)
[2026-08-11 00:06:24.524] [error] at wrapModuleLoad (node:internal/modules/cjs/loader:262:19)
[2026-08-11 00:06:24.525] [error] at Module.require (node:internal/modules/cjs/loader:1624:12)
[2026-08-11 00:06:24.525] [error] at require (node:internal/modules/helpers:153:16)
[2026-08-11 00:06:24.526] [error] at Object.<anonymous> (C:\Users\커피에반하다\AppData\Local\Programs\haste-client\resources\app.asar\node_modules\discord.js\src\index.js:3:29) {
[2026-08-11 00:06:24.526] [error] code: 'MODULE_NOT_FOUND',
[2026-08-11 00:06:24.527] [error] requireStack: [
[2026-08-11 00:06:24.527] [error] 'C:\\Users\\커피에반하다\\AppData\\Local\\Programs\\haste-client\\resources\\app.asar\\node_modules\\discord.js\\src\\index.js',
[2026-08-11 00:06:24.528] [error] 'C:\\Users\\커피에반하다\\AppData\\Local\\Programs\\haste-client\\resources\\app.asar\\haste_agent_bridge.js'
[2026-08-11 00:06:24.528] [error] ]
[2026-08-11 00:06:24.529] [error] }
[2026-08-11 00:06:24.529] [error] Node.js v24.18.0
[2026-08-11 00:06:29.806] [error] node:internal/modules/cjs/loader:1527
[2026-08-11 00:06:29.807] [error] throw err;
[2026-08-11 00:06:29.808] [error] ^
[2026-08-11 00:06:29.809] [error] Error: Cannot find module '@discordjs/util'
[2026-08-11 00:06:29.809] [error] Require stack:
[2026-08-11 00:06:29.810] [error] - C:\Users\커피에반하다\AppData\Local\Programs\haste-client\resources\app.asar\node_modules\discord.js\src\index.js
[2026-08-11 00:06:29.810] [error] - C:\Users\커피에반하다\AppData\Local\Programs\haste-client\resources\app.asar\haste_agent_bridge.js
[2026-08-11 00:06:29.811] [error] at Module._resolveFilename (node:internal/modules/cjs/loader:1524:15)
[2026-08-11 00:06:29.811] [error] at wrapResolveFilename (node:internal/modules/cjs/loader:1078:27)
[2026-08-11 00:06:29.812] [error] at defaultResolveImplForCJSLoading (node:internal/modules/cjs/loader:1102:10)
[2026-08-11 00:06:29.812] [error] at resolveForCJSWithHooks (node:internal/modules/cjs/loader:1129:12)
[2026-08-11 00:06:29.812] [error] at Module._load (node:internal/modules/cjs/loader:1301:5)
[2026-08-11 00:06:29.813] [error] at c._load (node:electron/js2c/node_init:2:18060)
[2026-08-11 00:06:29.813] [error] at wrapModuleLoad (node:internal/modules/cjs/loader:262:19)
[2026-08-11 00:06:29.814] [error] at Module.require (node:internal/modules/cjs/loader:1624:12)
[2026-08-11 00:06:29.814] [error] at require (node:internal/modules/helpers:153:16)
[2026-08-11 00:06:29.815] [error] at Object.<anonymous> (C:\Users\커피에반하다\AppData\Local\Programs\haste-client\resources\app.asar\node_modules\discord.js\src\index.js:3:29) {
[2026-08-11 00:06:29.815] [error] code: 'MODULE_NOT_FOUND',
[2026-08-11 00:06:29.816] [error] requireStack: [
[2026-08-11 00:06:29.816] [error] 'C:\\Users\\커피에반하다\\AppData\\Local\\Programs\\haste-client\\resources\\app.asar\\node_modules\\discord.js\\src\\index.js',
[2026-08-11 00:06:29.817] [error] 'C:\\Users\\커피에반하다\\AppData\\Local\\Programs\\haste-client\\resources\\app.asar\\haste_agent_bridge.js'
[2026-08-11 00:06:29.817] [error] ]
[2026-08-11 00:06:29.818] [error] }
[2026-08-11 00:06:29.818] [error] Node.js v24.18.0
[2026-08-11 00:06:35.095] [error] node:internal/modules/cjs/loader:1527
[2026-08-11 00:06:35.095] [error] throw err;
[2026-08-11 00:06:35.096] [error] ^
[2026-08-11 00:06:35.096] [error] Error: Cannot find module '@discordjs/util'
[2026-08-11 00:06:35.097] [error] Require stack:
[2026-08-11 00:06:35.097] [error] - C:\Users\커피에반하다\AppData\Local\Programs\haste-client\resources\app.asar\node_modules\discord.js\src\index.js
[2026-08-11 00:06:35.098] [error] - C:\Users\커피에반하다\AppData\Local\Programs\haste-client\resources\app.asar\haste_agent_bridge.js
[2026-08-11 00:06:35.099] [error] at Module._resolveFilename (node:internal/modules/cjs/loader:1524:15)
[2026-08-11 00:06:35.099] [error] at wrapResolveFilename (node:internal/modules/cjs/loader:1078:27)
[2026-08-11 00:06:35.100] [error] at defaultResolveImplForCJSLoading (node:internal/modules/cjs/loader:1102:10)
[2026-08-11 00:06:35.100] [error] at resolveForCJSWithHooks (node:internal/modules/cjs/loader:1129:12)
[2026-08-11 00:06:35.100] [error] at Module._load (node:internal/modules/cjs/loader:1301:5)
[2026-08-11 00:06:35.101] [error] at c._load (node:electron/js2c/node_init:2:18060)
[2026-08-11 00:06:35.101] [error] at wrapModuleLoad (node:internal/modules/cjs/loader:262:19)
[2026-08-11 00:06:35.102] [error] at Module.require (node:internal/modules/cjs/loader:1624:12)
[2026-08-11 00:06:35.102] [error] at require (node:internal/modules/helpers:153:16)
[2026-08-11 00:06:35.103] [error] at Object.<anonymous> (C:\Users\커피에반하다\AppData\Local\Programs\haste-client\resources\app.asar\node_modules\discord.js\src\index.js:3:29) {
[2026-08-11 00:06:35.104] [error] code: 'MODULE_NOT_FOUND',
[2026-08-11 00:06:35.104] [error] requireStack: [
[2026-08-11 00:06:35.105] [error] 'C:\\Users\\커피에반하다\\AppData\\Local\\Programs\\haste-client\\resources\\app.asar\\node_modules\\discord.js\\src\\index.js',
[2026-08-11 00:06:35.105] [error] 'C:\\Users\\커피에반하다\\AppData\\Local\\Programs\\haste-client\\resources\\app.asar\\haste_agent_bridge.js'
[2026-08-11 00:06:35.105] [error] ]
[2026-08-11 00:06:35.106] [error] }
[2026-08-11 00:06:35.106] [error] Node.js v24.18.0
[2026-08-11 00:06:40.429] [error] node:internal/modules/cjs/loader:1527
[2026-08-11 00:06:40.430] [error] throw err;
[2026-08-11 00:06:40.430] [error] ^
[2026-08-11 00:06:40.431] [error] Error: Cannot find module '@discordjs/util'
[2026-08-11 00:06:40.431] [error] Require stack:
[2026-08-11 00:06:40.432] [error] - C:\Users\커피에반하다\AppData\Local\Programs\haste-client\resources\app.asar\node_modules\discord.js\src\index.js
[2026-08-11 00:06:40.432] [error] - C:\Users\커피에반하다\AppData\Local\Programs\haste-client\resources\app.asar\haste_agent_bridge.js
[2026-08-11 00:06:40.433] [error] at Module._resolveFilename (node:internal/modules/cjs/loader:1524:15)
[2026-08-11 00:06:40.433] [error] at wrapResolveFilename (node:internal/modules/cjs/loader:1078:27)
[2026-08-11 00:06:40.433] [error] at defaultResolveImplForCJSLoading (node:internal/modules/cjs/loader:1102:10)
[2026-08-11 00:06:40.434] [error] at resolveForCJSWithHooks (node:internal/modules/cjs/loader:1129:12)
[2026-08-11 00:06:40.434] [error] at Module._load (node:internal/modules/cjs/loader:1301:5)
[2026-08-11 00:06:40.435] [error] at c._load (node:electron/js2c/node_init:2:18060)
[2026-08-11 00:06:40.435] [error] at wrapModuleLoad (node:internal/modules/cjs/loader:262:19)
[2026-08-11 00:06:40.436] [error] at Module.require (node:internal/modules/cjs/loader:1624:12)
[2026-08-11 00:06:40.436] [error] at require (node:internal/modules/helpers:153:16)
[2026-08-11 00:06:40.437] [error] at Object.<anonymous> (C:\Users\커피에반하다\AppData\Local\Programs\haste-client\resources\app.asar\node_modules\discord.js\src\index.js:3:29) {
[2026-08-11 00:06:40.437] [error] code: 'MODULE_NOT_FOUND',
[2026-08-11 00:06:40.438] [error] requireStack: [
[2026-08-11 00:06:40.438] [error] 'C:\\Users\\커피에반하다\\AppData\\Local\\Programs\\haste-client\\resources\\app.asar\\node_modules\\discord.js\\src\\index.js',
[2026-08-11 00:06:40.439] [error] 'C:\\Users\\커피에반하다\\AppData\\Local\\Programs\\haste-client\\resources\\app.asar\\haste_agent_bridge.js'
[2026-08-11 00:06:40.439] [error] ]
[2026-08-11 00:06:40.440] [error] }
[2026-08-11 00:06:40.440] [error] Node.js v24.18.0
[2026-08-11 00:06:45.730] [error] node:internal/modules/cjs/loader:1527
[2026-08-11 00:06:45.731] [error] throw err;
[2026-08-11 00:06:45.731] [error] ^
[2026-08-11 00:06:45.732] [error] Error: Cannot find module '@discordjs/util'
[2026-08-11 00:06:45.732] [error] Require stack:
[2026-08-11 00:06:45.733] [error] - C:\Users\커피에반하다\AppData\Local\Programs\haste-client\resources\app.asar\node_modules\discord.js\src\index.js
[2026-08-11 00:06:45.733] [error] - C:\Users\커피에반하다\AppData\Local\Programs\haste-client\resources\app.asar\haste_agent_bridge.js
[2026-08-11 00:06:45.734] [error] at Module._resolveFilename (node:internal/modules/cjs/loader:1524:15)
[2026-08-11 00:06:45.734] [error] at wrapResolveFilename (node:internal/modules/cjs/loader:1078:27)
[2026-08-11 00:06:45.735] [error] at defaultResolveImplForCJSLoading (node:internal/modules/cjs/loader:1102:10)
[2026-08-11 00:06:45.736] [error] at resolveForCJSWithHooks (node:internal/modules/cjs/loader:1129:12)
[2026-08-11 00:06:45.736] [error] at Module._load (node:internal/modules/cjs/loader:1301:5)
[2026-08-11 00:06:45.737] [error] at c._load (node:electron/js2c/node_init:2:18060)
[2026-08-11 00:06:45.738] [error] at wrapModuleLoad (node:internal/modules/cjs/loader:262:19)
[2026-08-11 00:06:45.739] [error] at Module.require (node:internal/modules/cjs/loader:1624:12)
[2026-08-11 00:06:45.739] [error] at require (node:internal/modules/helpers:153:16)
[2026-08-11 00:06:45.740] [error] at Object.<anonymous> (C:\Users\커피에반하다\AppData\Local\Programs\haste-client\resources\app.asar\node_modules\discord.js\src\index.js:3:29) {
[2026-08-11 00:06:45.740] [error] code: 'MODULE_NOT_FOUND',
[2026-08-11 00:06:45.740] [error] requireStack: [
[2026-08-11 00:06:45.741] [error] 'C:\\Users\\커피에반하다\\AppData\\Local\\Programs\\haste-client\\resources\\app.asar\\node_modules\\discord.js\\src\\index.js',
[2026-08-11 00:06:45.741] [error] 'C:\\Users\\커피에반하다\\AppData\\Local\\Programs\\haste-client\\resources\\app.asar\\haste_agent_bridge.js'
[2026-08-11 00:06:45.742] [error] ]
[2026-08-11 00:06:45.742] [error] }
[2026-08-11 00:06:45.743] [error] Node.js v24.18.0
[2026-08-11 00:06:51.070] [error] node:internal/modules/cjs/loader:1527
[2026-08-11 00:06:51.070] [error] throw err;
[2026-08-11 00:06:51.071] [error] ^
[2026-08-11 00:06:51.071] [error] Error: Cannot find module '@discordjs/util'
[2026-08-11 00:06:51.072] [error] Require stack:
[2026-08-11 00:06:51.073] [error] - C:\Users\커피에반하다\AppData\Local\Programs\haste-client\resources\app.asar\node_modules\discord.js\src\index.js
[2026-08-11 00:06:51.073] [error] - C:\Users\커피에반하다\AppData\Local\Programs\haste-client\resources\app.asar\haste_agent_bridge.js
[2026-08-11 00:06:51.074] [error] at Module._resolveFilename (node:internal/modules/cjs/loader:1524:15)
[2026-08-11 00:06:51.074] [error] at wrapResolveFilename (node:internal/modules/cjs/loader:1078:27)
[2026-08-11 00:06:51.075] [error] at defaultResolveImplForCJSLoading (node:internal/modules/cjs/loader:1102:10)
[2026-08-11 00:06:51.075] [error] at resolveForCJSWithHooks (node:internal/modules/cjs/loader:1129:12)
[2026-08-11 00:06:51.076] [error] at Module._load (node:internal/modules/cjs/loader:1301:5)
[2026-08-11 00:06:51.076] [error] at c._load (node:electron/js2c/node_init:2:18060)
[2026-08-11 00:06:51.077] [error] at wrapModuleLoad (node:internal/modules/cjs/loader:262:19)
[2026-08-11 00:06:51.077] [error] at Module.require (node:internal/modules/cjs/loader:1624:12)
[2026-08-11 00:06:51.078] [error] at require (node:internal/modules/helpers:153:16)
[2026-08-11 00:06:51.078] [error] at Object.<anonymous> (C:\Users\커피에반하다\AppData\Local\Programs\haste-client\resources\app.asar\node_modules\discord.js\src\index.js:3:29) {
[2026-08-11 00:06:51.078] [error] code: 'MODULE_NOT_FOUND',
[2026-08-11 00:06:51.079] [error] requireStack: [
[2026-08-11 00:06:51.080] [error] 'C:\\Users\\커피에반하다\\AppData\\Local\\Programs\\haste-client\\resources\\app.asar\\node_modules\\discord.js\\src\\index.js',
[2026-08-11 00:06:51.080] [error] 'C:\\Users\\커피에반하다\\AppData\\Local\\Programs\\haste-client\\resources\\app.asar\\haste_agent_bridge.js'
[2026-08-11 00:06:51.081] [error] ]
[2026-08-11 00:06:51.081] [error] }
[2026-08-11 00:06:51.082] [error] Node.js v24.18.0
[2026-08-11 00:06:56.360] [error] node:internal/modules/cjs/loader:1527
[2026-08-11 00:06:56.360] [error] throw err;
[2026-08-11 00:06:56.361] [error] ^
[2026-08-11 00:06:56.362] [error] Error: Cannot find module '@discordjs/util'
[2026-08-11 00:06:56.362] [error] Require stack:
[2026-08-11 00:06:56.363] [error] - C:\Users\커피에반하다\AppData\Local\Programs\haste-client\resources\app.asar\node_modules\discord.js\src\index.js
[2026-08-11 00:06:56.363] [error] - C:\Users\커피에반하다\AppData\Local\Programs\haste-client\resources\app.asar\haste_agent_bridge.js
[2026-08-11 00:06:56.364] [error] at Module._resolveFilename (node:internal/modules/cjs/loader:1524:15)
[2026-08-11 00:06:56.364] [error] at wrapResolveFilename (node:internal/modules/cjs/loader:1078:27)
[2026-08-11 00:06:56.365] [error] at defaultResolveImplForCJSLoading (node:internal/modules/cjs/loader:1102:10)
[2026-08-11 00:06:56.365] [error] at resolveForCJSWithHooks (node:internal/modules/cjs/loader:1129:12)
[2026-08-11 00:06:56.366] [error] at Module._load (node:internal/modules/cjs/loader:1301:5)
[2026-08-11 00:06:56.366] [error] at c._load (node:electron/js2c/node_init:2:18060)
[2026-08-11 00:06:56.367] [error] at wrapModuleLoad (node:internal/modules/cjs/loader:262:19)
[2026-08-11 00:06:56.367] [error] at Module.require (node:internal/modules/cjs/loader:1624:12)
[2026-08-11 00:06:56.368] [error] at require (node:internal/modules/helpers:153:16)
[2026-08-11 00:06:56.368] [error] at Object.<anonymous> (C:\Users\커피에반하다\AppData\Local\Programs\haste-client\resources\app.asar\node_modules\discord.js\src\index.js:3:29) {
[2026-08-11 00:06:56.369] [error] code: 'MODULE_NOT_FOUND',
[2026-08-11 00:06:56.369] [error] requireStack: [
[2026-08-11 00:06:56.370] [error] 'C:\\Users\\커피에반하다\\AppData\\Local\\Programs\\haste-client\\resources\\app.asar\\node_modules\\discord.js\\src\\index.js',
[2026-08-11 00:06:56.370] [error] 'C:\\Users\\커피에반하다\\AppData\\Local\\Programs\\haste-client\\resources\\app.asar\\haste_agent_bridge.js'
[2026-08-11 00:06:56.371] [error] ]
[2026-08-11 00:06:56.371] [error] }
[2026-08-11 00:06:56.372] [error] Node.js v24.18.0
[2026-08-11 00:07:01.623] [error] node:internal/modules/cjs/loader:1527
[2026-08-11 00:07:01.624] [error] throw err;
[2026-08-11 00:07:01.624] [error] ^
[2026-08-11 00:07:01.625] [error] Error: Cannot find module '@discordjs/util'
[2026-08-11 00:07:01.626] [error] Require stack:
[2026-08-11 00:07:01.626] [error] - C:\Users\커피에반하다\AppData\Local\Programs\haste-client\resources\app.asar\node_modules\discord.js\src\index.js
[2026-08-11 00:07:01.627] [error] - C:\Users\커피에반하다\AppData\Local\Programs\haste-client\resources\app.asar\haste_agent_bridge.js
[2026-08-11 00:07:01.627] [error] at Module._resolveFilename (node:internal/modules/cjs/loader:1524:15)
[2026-08-11 00:07:01.628] [error] at wrapResolveFilename (node:internal/modules/cjs/loader:1078:27)
[2026-08-11 00:07:01.628] [error] at defaultResolveImplForCJSLoading (node:internal/modules/cjs/loader:1102:10)
[2026-08-11 00:07:01.629] [error] at resolveForCJSWithHooks (node:internal/modules/cjs/loader:1129:12)
[2026-08-11 00:07:01.629] [error] at Module._load (node:internal/modules/cjs/loader:1301:5)
[2026-08-11 00:07:01.630] [error] at c._load (node:electron/js2c/node_init:2:18060)
[2026-08-11 00:07:01.630] [error] at wrapModuleLoad (node:internal/modules/cjs/loader:262:19)
[2026-08-11 00:07:01.631] [error] at Module.require (node:internal/modules/cjs/loader:1624:12)
[2026-08-11 00:07:01.631] [error] at require (node:internal/modules/helpers:153:16)
[2026-08-11 00:07:01.631] [error] at Object.<anonymous> (C:\Users\커피에반하다\AppData\Local\Programs\haste-client\resources\app.asar\node_modules\discord.js\src\index.js:3:29) {
[2026-08-11 00:07:01.632] [error] code: 'MODULE_NOT_FOUND',
[2026-08-11 00:07:01.632] [error] requireStack: [
[2026-08-11 00:07:01.633] [error] 'C:\\Users\\커피에반하다\\AppData\\Local\\Programs\\haste-client\\resources\\app.asar\\node_modules\\discord.js\\src\\index.js',
[2026-08-11 00:07:01.633] [error] 'C:\\Users\\커피에반하다\\AppData\\Local\\Programs\\haste-client\\resources\\app.asar\\haste_agent_bridge.js'
[2026-08-11 00:07:01.634] [error] ]
[2026-08-11 00:07:01.634] [error] }
[2026-08-11 00:07:01.635] [error] Node.js v24.18.0
[2026-08-11 00:07:06.919] [error] node:internal/modules/cjs/loader:1527
[2026-08-11 00:07:06.920] [error] throw err;
[2026-08-11 00:07:06.921] [error] ^
[2026-08-11 00:07:06.922] [error] Error: Cannot find module '@discordjs/util'
[2026-08-11 00:07:06.923] [error] Require stack:
[2026-08-11 00:07:06.924] [error] - C:\Users\커피에반하다\AppData\Local\Programs\haste-client\resources\app.asar\node_modules\discord.js\src\index.js
[2026-08-11 00:07:06.924] [error] - C:\Users\커피에반하다\AppData\Local\Programs\haste-client\resources\app.asar\haste_agent_bridge.js
[2026-08-11 00:07:06.925] [error] at Module._resolveFilename (node:internal/modules/cjs/loader:1524:15)
[2026-08-11 00:07:06.926] [error] at wrapResolveFilename (node:internal/modules/cjs/loader:1078:27)
[2026-08-11 00:07:06.926] [error] at defaultResolveImplForCJSLoading (node:internal/modules/cjs/loader:1102:10)
[2026-08-11 00:07:06.927] [error] at resolveForCJSWithHooks (node:internal/modules/cjs/loader:1129:12)
[2026-08-11 00:07:06.927] [error] at Module._load (node:internal/modules/cjs/loader:1301:5)
[2026-08-11 00:07:06.928] [error] at c._load (node:electron/js2c/node_init:2:18060)
[2026-08-11 00:07:06.929] [error] at wrapModuleLoad (node:internal/modules/cjs/loader:262:19)
[2026-08-11 00:07:06.930] [error] at Module.require (node:internal/modules/cjs/loader:1624:12)
[2026-08-11 00:07:06.930] [error] at require (node:internal/modules/helpers:153:16)
[2026-08-11 00:07:06.930] [error] at Object.<anonymous> (C:\Users\커피에반하다\AppData\Local\Programs\haste-client\resources\app.asar\node_modules\discord.js\src\index.js:3:29) {
[2026-08-11 00:07:06.931] [error] code: 'MODULE_NOT_FOUND',
[2026-08-11 00:07:06.931] [error] requireStack: [
[2026-08-11 00:07:06.932] [error] 'C:\\Users\\커피에반하다\\AppData\\Local\\Programs\\haste-client\\resources\\app.asar\\node_modules\\discord.js\\src\\index.js',
[2026-08-11 00:07:06.932] [error] 'C:\\Users\\커피에반하다\\AppData\\Local\\Programs\\haste-client\\resources\\app.asar\\haste_agent_bridge.js'
[2026-08-11 00:07:06.933] [error] ]
[2026-08-11 00:07:06.933] [error] }
[2026-08-11 00:07:06.934] [error] Node.js v24.18.0
[2026-08-11 00:07:12.251] [error] node:internal/modules/cjs/loader:1527
[2026-08-11 00:07:12.251] [error] throw err;
[2026-08-11 00:07:12.252] [error] ^
[2026-08-11 00:07:12.252] [error] Error: Cannot find module '@discordjs/util'
[2026-08-11 00:07:12.253] [error] Require stack:
[2026-08-11 00:07:12.254] [error] - C:\Users\커피에반하다\AppData\Local\Programs\haste-client\resources\app.asar\node_modules\discord.js\src\index.js
[2026-08-11 00:07:12.255] [error] - C:\Users\커피에반하다\AppData\Local\Programs\haste-client\resources\app.asar\haste_agent_bridge.js
[2026-08-11 00:07:12.255] [error] at Module._resolveFilename (node:internal/modules/cjs/loader:1524:15)
[2026-08-11 00:07:12.256] [error] at wrapResolveFilename (node:internal/modules/cjs/loader:1078:27)
[2026-08-11 00:07:12.257] [error] at defaultResolveImplForCJSLoading (node:internal/modules/cjs/loader:1102:10)
[2026-08-11 00:07:12.258] [error] at resolveForCJSWithHooks (node:internal/modules/cjs/loader:1129:12)
[2026-08-11 00:07:12.259] [error] at Module._load (node:internal/modules/cjs/loader:1301:5)
[2026-08-11 00:07:12.260] [error] at c._load (node:electron/js2c/node_init:2:18060)
[2026-08-11 00:07:12.260] [error] at wrapModuleLoad (node:internal/modules/cjs/loader:262:19)
[2026-08-11 00:07:12.261] [error] at Module.require (node:internal/modules/cjs/loader:1624:12)
[2026-08-11 00:07:12.262] [error] at require (node:internal/modules/helpers:153:16)
[2026-08-11 00:07:12.263] [error] at Object.<anonymous> (C:\Users\커피에반하다\AppData\Local\Programs\haste-client\resources\app.asar\node_modules\discord.js\src\index.js:3:29) {
[2026-08-11 00:07:12.264] [error] code: 'MODULE_NOT_FOUND',
[2026-08-11 00:07:12.264] [error] requireStack: [
[2026-08-11 00:07:12.265] [error] 'C:\\Users\\커피에반하다\\AppData\\Local\\Programs\\haste-client\\resources\\app.asar\\node_modules\\discord.js\\src\\index.js',
[2026-08-11 00:07:12.265] [error] 'C:\\Users\\커피에반하다\\AppData\\Local\\Programs\\haste-client\\resources\\app.asar\\haste_agent_bridge.js'
[2026-08-11 00:07:12.266] [error] ]
[2026-08-11 00:07:12.266] [error] }
[2026-08-11 00:07:12.267] [error] Node.js v24.18.0
[2026-08-11 00:07:17.568] [error] node:internal/modules/cjs/loader:1527
[2026-08-11 00:07:17.568] [error] throw err;
[2026-08-11 00:07:17.569] [error] ^
[2026-08-11 00:07:17.569] [error] Error: Cannot find module '@discordjs/util'
[2026-08-11 00:07:17.570] [error] Require stack:
[2026-08-11 00:07:17.571] [error] - C:\Users\커피에반하다\AppData\Local\Programs\haste-client\resources\app.asar\node_modules\discord.js\src\index.js
[2026-08-11 00:07:17.572] [error] - C:\Users\커피에반하다\AppData\Local\Programs\haste-client\resources\app.asar\haste_agent_bridge.js
[2026-08-11 00:07:17.572] [error] at Module._resolveFilename (node:internal/modules/cjs/loader:1524:15)
[2026-08-11 00:07:17.572] [error] at wrapResolveFilename (node:internal/modules/cjs/loader:1078:27)
[2026-08-11 00:07:17.573] [error] at defaultResolveImplForCJSLoading (node:internal/modules/cjs/loader:1102:10)
[2026-08-11 00:07:17.573] [error] at resolveForCJSWithHooks (node:internal/modules/cjs/loader:1129:12)
[2026-08-11 00:07:17.574] [error] at Module._load (node:internal/modules/cjs/loader:1301:5)
[2026-08-11 00:07:17.574] [error] at c._load (node:electron/js2c/node_init:2:18060)
[2026-08-11 00:07:17.575] [error] at wrapModuleLoad (node:internal/modules/cjs/loader:262:19)
[2026-08-11 00:07:17.575] [error] at Module.require (node:internal/modules/cjs/loader:1624:12)
[2026-08-11 00:07:17.576] [error] at require (node:internal/modules/helpers:153:16)
[2026-08-11 00:07:17.576] [error] at Object.<anonymous> (C:\Users\커피에반하다\AppData\Local\Programs\haste-client\resources\app.asar\node_modules\discord.js\src\index.js:3:29) {
[2026-08-11 00:07:17.577] [error] code: 'MODULE_NOT_FOUND',
[2026-08-11 00:07:17.577] [error] requireStack: [
[2026-08-11 00:07:17.577] [error] 'C:\\Users\\커피에반하다\\AppData\\Local\\Programs\\haste-client\\resources\\app.asar\\node_modules\\discord.js\\src\\index.js',
[2026-08-11 00:07:17.578] [error] 'C:\\Users\\커피에반하다\\AppData\\Local\\Programs\\haste-client\\resources\\app.asar\\haste_agent_bridge.js'
[2026-08-11 00:07:17.578] [error] ]
[2026-08-11 00:07:17.579] [error] }
[2026-08-11 00:07:17.579] [error] Node.js v24.18.0
[2026-08-11 00:07:23.067] [error] node:internal/modules/cjs/loader:1527
[2026-08-11 00:07:23.068] [error] throw err;
[2026-08-11 00:07:23.069] [error] ^
[2026-08-11 00:07:23.070] [error] Error: Cannot find module '@discordjs/util'
[2026-08-11 00:07:23.071] [error] Require stack:
[2026-08-11 00:07:23.072] [error] - C:\Users\커피에반하다\AppData\Local\Programs\haste-client\resources\app.asar\node_modules\discord.js\src\index.js
[2026-08-11 00:07:23.072] [error] - C:\Users\커피에반하다\AppData\Local\Programs\haste-client\resources\app.asar\haste_agent_bridge.js
[2026-08-11 00:07:23.073] [error] at Module._resolveFilename (node:internal/modules/cjs/loader:1524:15)
[2026-08-11 00:07:23.074] [error] at wrapResolveFilename (node:internal/modules/cjs/loader:1078:27)
[2026-08-11 00:07:23.075] [error] at defaultResolveImplForCJSLoading (node:internal/modules/cjs/loader:1102:10)
[2026-08-11 00:07:23.076] [error] at resolveForCJSWithHooks (node:internal/modules/cjs/loader:1129:12)
[2026-08-11 00:07:23.076] [error] at Module._load (node:internal/modules/cjs/loader:1301:5)
[2026-08-11 00:07:23.077] [error] at c._load (node:electron/js2c/node_init:2:18060)
[2026-08-11 00:07:23.077] [error] at wrapModuleLoad (node:internal/modules/cjs/loader:262:19)
[2026-08-11 00:07:23.078] [error] at Module.require (node:internal/modules/cjs/loader:1624:12)
[2026-08-11 00:07:23.078] [error] at require (node:internal/modules/helpers:153:16)
[2026-08-11 00:07:23.079] [error] at Object.<anonymous> (C:\Users\커피에반하다\AppData\Local\Programs\haste-client\resources\app.asar\node_modules\discord.js\src\index.js:3:29) {
[2026-08-11 00:07:23.079] [error] code: 'MODULE_NOT_FOUND',
[2026-08-11 00:07:23.080] [error] requireStack: [
[2026-08-11 00:07:23.080] [error] 'C:\\Users\\커피에반하다\\AppData\\Local\\Programs\\haste-client\\resources\\app.asar\\node_modules\\discord.js\\src\\index.js',
[2026-08-11 00:07:23.081] [error] 'C:\\Users\\커피에반하다\\AppData\\Local\\Programs\\haste-client\\resources\\app.asar\\haste_agent_bridge.js'
[2026-08-11 00:07:23.081] [error] ]
[2026-08-11 00:07:23.082] [error] }
[2026-08-11 00:07:23.082] [error] Node.js v24.18.0
[2026-08-11 00:07:28.390] [error] node:internal/modules/cjs/loader:1527
[2026-08-11 00:07:28.391] [error] throw err;
[2026-08-11 00:07:28.392] [error] ^
[2026-08-11 00:07:28.392] [error] Error: Cannot find module '@discordjs/util'
[2026-08-11 00:07:28.393] [error] Require stack:
[2026-08-11 00:07:28.393] [error] - C:\Users\커피에반하다\AppData\Local\Programs\haste-client\resources\app.asar\node_modules\discord.js\src\index.js
[2026-08-11 00:07:28.394] [error] - C:\Users\커피에반하다\AppData\Local\Programs\haste-client\resources\app.asar\haste_agent_bridge.js
[2026-08-11 00:07:28.394] [error] at Module._resolveFilename (node:internal/modules/cjs/loader:1524:15)
[2026-08-11 00:07:28.395] [error] at wrapResolveFilename (node:internal/modules/cjs/loader:1078:27)
[2026-08-11 00:07:28.395] [error] at defaultResolveImplForCJSLoading (node:internal/modules/cjs/loader:1102:10)
[2026-08-11 00:07:28.396] [error] at resolveForCJSWithHooks (node:internal/modules/cjs/loader:1129:12)
[2026-08-11 00:07:28.396] [error] at Module._load (node:internal/modules/cjs/loader:1301:5)
[2026-08-11 00:07:28.397] [error] at c._load (node:electron/js2c/node_init:2:18060)
[2026-08-11 00:07:28.397] [error] at wrapModuleLoad (node:internal/modules/cjs/loader:262:19)
[2026-08-11 00:07:28.398] [error] at Module.require (node:internal/modules/cjs/loader:1624:12)
[2026-08-11 00:07:28.398] [error] at require (node:internal/modules/helpers:153:16)
[2026-08-11 00:07:28.399] [error] at Object.<anonymous> (C:\Users\커피에반하다\AppData\Local\Programs\haste-client\resources\app.asar\node_modules\discord.js\src\index.js:3:29) {
[2026-08-11 00:07:28.399] [error] code: 'MODULE_NOT_FOUND',
[2026-08-11 00:07:28.399] [error] requireStack: [
[2026-08-11 00:07:28.400] [error] 'C:\\Users\\커피에반하다\\AppData\\Local\\Programs\\haste-client\\resources\\app.asar\\node_modules\\discord.js\\src\\index.js',
[2026-08-11 00:07:28.400] [error] 'C:\\Users\\커피에반하다\\AppData\\Local\\Programs\\haste-client\\resources\\app.asar\\haste_agent_bridge.js'
[2026-08-11 00:07:28.401] [error] ]
[2026-08-11 00:07:28.401] [error] }
[2026-08-11 00:07:28.402] [error] Node.js v24.18.0
[2026-08-11 00:07:33.672] [error] node:internal/modules/cjs/loader:1527
[2026-08-11 00:07:33.673] [error] throw err;
[2026-08-11 00:07:33.674] [error] ^
[2026-08-11 00:07:33.675] [error] Error: Cannot find module '@discordjs/util'
[2026-08-11 00:07:33.675] [error] Require stack:
[2026-08-11 00:07:33.676] [error] - C:\Users\커피에반하다\AppData\Local\Programs\haste-client\resources\app.asar\node_modules\discord.js\src\index.js
[2026-08-11 00:07:33.676] [error] - C:\Users\커피에반하다\AppData\Local\Programs\haste-client\resources\app.asar\haste_agent_bridge.js
[2026-08-11 00:07:33.677] [error] at Module._resolveFilename (node:internal/modules/cjs/loader:1524:15)
[2026-08-11 00:07:33.677] [error] at wrapResolveFilename (node:internal/modules/cjs/loader:1078:27)
[2026-08-11 00:07:33.678] [error] at defaultResolveImplForCJSLoading (node:internal/modules/cjs/loader:1102:10)
[2026-08-11 00:07:33.678] [error] at resolveForCJSWithHooks (node:internal/modules/cjs/loader:1129:12)
[2026-08-11 00:07:33.679] [error] at Module._load (node:internal/modules/cjs/loader:1301:5)
[2026-08-11 00:07:33.679] [error] at c._load (node:electron/js2c/node_init:2:18060)
[2026-08-11 00:07:33.680] [error] at wrapModuleLoad (node:internal/modules/cjs/loader:262:19)
[2026-08-11 00:07:33.680] [error] at Module.require (node:internal/modules/cjs/loader:1624:12)
[2026-08-11 00:07:33.681] [error] at require (node:internal/modules/helpers:153:16)
[2026-08-11 00:07:33.681] [error] at Object.<anonymous> (C:\Users\커피에반하다\AppData\Local\Programs\haste-client\resources\app.asar\node_modules\discord.js\src\index.js:3:29) {
[2026-08-11 00:07:33.682] [error] code: 'MODULE_NOT_FOUND',
[2026-08-11 00:07:33.682] [error] requireStack: [
[2026-08-11 00:07:33.683] [error] 'C:\\Users\\커피에반하다\\AppData\\Local\\Programs\\haste-client\\resources\\app.asar\\node_modules\\discord.js\\src\\index.js',
[2026-08-11 00:07:33.683] [error] 'C:\\Users\\커피에반하다\\AppData\\Local\\Programs\\haste-client\\resources\\app.asar\\haste_agent_bridge.js'
[2026-08-11 00:07:33.684] [error] ]
[2026-08-11 00:07:33.684] [error] }
[2026-08-11 00:07:33.684] [error] Node.js v24.18.0
[2026-08-11 00:07:38.964] [error] node:internal/modules/cjs/loader:1527
[2026-08-11 00:07:38.965] [error] throw err;
[2026-08-11 00:07:38.965] [error] ^
[2026-08-11 00:07:38.966] [error] Error: Cannot find module '@discordjs/util'
[2026-08-11 00:07:38.966] [error] Require stack:
[2026-08-11 00:07:38.967] [error] - C:\Users\커피에반하다\AppData\Local\Programs\haste-client\resources\app.asar\node_modules\discord.js\src\index.js
[2026-08-11 00:07:38.967] [error] - C:\Users\커피에반하다\AppData\Local\Programs\haste-client\resources\app.asar\haste_agent_bridge.js
[2026-08-11 00:07:38.968] [error] at Module._resolveFilename (node:internal/modules/cjs/loader:1524:15)
[2026-08-11 00:07:38.968] [error] at wrapResolveFilename (node:internal/modules/cjs/loader:1078:27)
[2026-08-11 00:07:38.969] [error] at defaultResolveImplForCJSLoading (node:internal/modules/cjs/loader:1102:10)
[2026-08-11 00:07:38.970] [error] at resolveForCJSWithHooks (node:internal/modules/cjs/loader:1129:12)
[2026-08-11 00:07:38.971] [error] at Module._load (node:internal/modules/cjs/loader:1301:5)
[2026-08-11 00:07:38.971] [error] at c._load (node:electron/js2c/node_init:2:18060)
[2026-08-11 00:07:38.972] [error] at wrapModuleLoad (node:internal/modules/cjs/loader:262:19)
[2026-08-11 00:07:38.972] [error] at Module.require (node:internal/modules/cjs/loader:1624:12)
[2026-08-11 00:07:38.973] [error] at require (node:internal/modules/helpers:153:16)
[2026-08-11 00:07:38.973] [error] at Object.<anonymous> (C:\Users\커피에반하다\AppData\Local\Programs\haste-client\resources\app.asar\node_modules\discord.js\src\index.js:3:29) {
[2026-08-11 00:07:38.974] [error] code: 'MODULE_NOT_FOUND',
[2026-08-11 00:07:38.974] [error] requireStack: [
[2026-08-11 00:07:38.975] [error] 'C:\\Users\\커피에반하다\\AppData\\Local\\Programs\\haste-client\\resources\\app.asar\\node_modules\\discord.js\\src\\index.js',
[2026-08-11 00:07:38.975] [error] 'C:\\Users\\커피에반하다\\AppData\\Local\\Programs\\haste-client\\resources\\app.asar\\haste_agent_bridge.js'
[2026-08-11 00:07:38.976] [error] ]
[2026-08-11 00:07:38.976] [error] }
[2026-08-11 00:07:38.977] [error] Node.js v24.18.0
[2026-08-11 00:07:44.260] [error] node:internal/modules/cjs/loader:1527
[2026-08-11 00:07:44.261] [error] throw err;
[2026-08-11 00:07:44.261] [error] ^
[2026-08-11 00:07:44.262] [error] Error: Cannot find module '@discordjs/util'
[2026-08-11 00:07:44.262] [error] Require stack:
[2026-08-11 00:07:44.263] [error] - C:\Users\커피에반하다\AppData\Local\Programs\haste-client\resources\app.asar\node_modules\discord.js\src\index.js
[2026-08-11 00:07:44.263] [error] - C:\Users\커피에반하다\AppData\Local\Programs\haste-client\resources\app.asar\haste_agent_bridge.js
[2026-08-11 00:07:44.264] [error] at Module._resolveFilename (node:internal/modules/cjs/loader:1524:15)
[2026-08-11 00:07:44.264] [error] at wrapResolveFilename (node:internal/modules/cjs/loader:1078:27)
[2026-08-11 00:07:44.265] [error] at defaultResolveImplForCJSLoading (node:internal/modules/cjs/loader:1102:10)
[2026-08-11 00:07:44.265] [error] at resolveForCJSWithHooks (node:internal/modules/cjs/loader:1129:12)
[2026-08-11 00:07:44.266] [error] at Module._load (node:internal/modules/cjs/loader:1301:5)
[2026-08-11 00:07:44.266] [error] at c._load (node:electron/js2c/node_init:2:18060)
[2026-08-11 00:07:44.267] [error] at wrapModuleLoad (node:internal/modules/cjs/loader:262:19)
[2026-08-11 00:07:44.267] [error] at Module.require (node:internal/modules/cjs/loader:1624:12)
[2026-08-11 00:07:44.268] [error] at require (node:internal/modules/helpers:153:16)
[2026-08-11 00:07:44.268] [error] at Object.<anonymous> (C:\Users\커피에반하다\AppData\Local\Programs\haste-client\resources\app.asar\node_modules\discord.js\src\index.js:3:29) {
[2026-08-11 00:07:44.268] [error] code: 'MODULE_NOT_FOUND',
[2026-08-11 00:07:44.269] [error] requireStack: [
[2026-08-11 00:07:44.269] [error] 'C:\\Users\\커피에반하다\\AppData\\Local\\Programs\\haste-client\\resources\\app.asar\\node_modules\\discord.js\\src\\index.js',
[2026-08-11 00:07:44.270] [error] 'C:\\Users\\커피에반하다\\AppData\\Local\\Programs\\haste-client\\resources\\app.asar\\haste_agent_bridge.js'
[2026-08-11 00:07:44.271] [error] ]
[2026-08-11 00:07:44.271] [error] }
[2026-08-11 00:07:44.272] [error] Node.js v24.18.0
[2026-08-11 00:07:49.550] [error] node:internal/modules/cjs/loader:1527
[2026-08-11 00:07:49.550] [error] throw err;
[2026-08-11 00:07:49.551] [error] ^
[2026-08-11 00:07:49.552] [error] Error: Cannot find module '@discordjs/util'
[2026-08-11 00:07:49.552] [error] Require stack:
[2026-08-11 00:07:49.554] [error] - C:\Users\커피에반하다\AppData\Local\Programs\haste-client\resources\app.asar\node_modules\discord.js\src\index.js
[2026-08-11 00:07:49.554] [error] - C:\Users\커피에반하다\AppData\Local\Programs\haste-client\resources\app.asar\haste_agent_bridge.js
[2026-08-11 00:07:49.555] [error] at Module._resolveFilename (node:internal/modules/cjs/loader:1524:15)
[2026-08-11 00:07:49.556] [error] at wrapResolveFilename (node:internal/modules/cjs/loader:1078:27)
[2026-08-11 00:07:49.556] [error] at defaultResolveImplForCJSLoading (node:internal/modules/cjs/loader:1102:10)
[2026-08-11 00:07:49.557] [error] at resolveForCJSWithHooks (node:internal/modules/cjs/loader:1129:12)
[2026-08-11 00:07:49.557] [error] at Module._load (node:internal/modules/cjs/loader:1301:5)
[2026-08-11 00:07:49.558] [error] at c._load (node:electron/js2c/node_init:2:18060)
[2026-08-11 00:07:49.559] [error] at wrapModuleLoad (node:internal/modules/cjs/loader:262:19)
[2026-08-11 00:07:49.559] [error] at Module.require (node:internal/modules/cjs/loader:1624:12)
[2026-08-11 00:07:49.559] [error] at require (node:internal/modules/helpers:153:16)
[2026-08-11 00:07:49.560] [error] at Object.<anonymous> (C:\Users\커피에반하다\AppData\Local\Programs\haste-client\resources\app.asar\node_modules\discord.js\src\index.js:3:29) {
[2026-08-11 00:07:49.560] [error] code: 'MODULE_NOT_FOUND',
[2026-08-11 00:07:49.561] [error] requireStack: [
[2026-08-11 00:07:49.561] [error] 'C:\\Users\\커피에반하다\\AppData\\Local\\Programs\\haste-client\\resources\\app.asar\\node_modules\\discord.js\\src\\index.js',
[2026-08-11 00:07:49.562] [error] 'C:\\Users\\커피에반하다\\AppData\\Local\\Programs\\haste-client\\resources\\app.asar\\haste_agent_bridge.js'
[2026-08-11 00:07:49.562] [error] ]
[2026-08-11 00:07:49.563] [error] }
[2026-08-11 00:07:49.564] [error] Node.js v24.18.0
[2026-08-11 00:07:54.926] [error] node:internal/modules/cjs/loader:1527
[2026-08-11 00:07:54.927] [error] throw err;
[2026-08-11 00:07:54.928] [error] ^
[2026-08-11 00:07:54.928] [error] Error: Cannot find module '@discordjs/util'
[2026-08-11 00:07:54.929] [error] Require stack:
[2026-08-11 00:07:54.930] [error] - C:\Users\커피에반하다\AppData\Local\Programs\haste-client\resources\app.asar\node_modules\discord.js\src\index.js
[2026-08-11 00:07:54.931] [error] - C:\Users\커피에반하다\AppData\Local\Programs\haste-client\resources\app.asar\haste_agent_bridge.js
[2026-08-11 00:07:54.931] [error] at Module._resolveFilename (node:internal/modules/cjs/loader:1524:15)
[2026-08-11 00:07:54.932] [error] at wrapResolveFilename (node:internal/modules/cjs/loader:1078:27)
[2026-08-11 00:07:54.933] [error] at defaultResolveImplForCJSLoading (node:internal/modules/cjs/loader:1102:10)
[2026-08-11 00:07:54.933] [error] at resolveForCJSWithHooks (node:internal/modules/cjs/loader:1129:12)
[2026-08-11 00:07:54.934] [error] at Module._load (node:internal/modules/cjs/loader:1301:5)
[2026-08-11 00:07:54.935] [error] at c._load (node:electron/js2c/node_init:2:18060)
[2026-08-11 00:07:54.936] [error] at wrapModuleLoad (node:internal/modules/cjs/loader:262:19)
[2026-08-11 00:07:54.936] [error] at Module.require (node:internal/modules/cjs/loader:1624:12)
[2026-08-11 00:07:54.937] [error] at require (node:internal/modules/helpers:153:16)
[2026-08-11 00:07:54.938] [error] at Object.<anonymous> (C:\Users\커피에반하다\AppData\Local\Programs\haste-client\resources\app.asar\node_modules\discord.js\src\index.js:3:29) {
[2026-08-11 00:07:54.939] [error] code: 'MODULE_NOT_FOUND',
[2026-08-11 00:07:54.939] [error] requireStack: [
[2026-08-11 00:07:54.940] [error] 'C:\\Users\\커피에반하다\\AppData\\Local\\Programs\\haste-client\\resources\\app.asar\\node_modules\\discord.js\\src\\index.js',
[2026-08-11 00:07:54.941] [error] 'C:\\Users\\커피에반하다\\AppData\\Local\\Programs\\haste-client\\resources\\app.asar\\haste_agent_bridge.js'
[2026-08-11 00:07:54.941] [error] ]
[2026-08-11 00:07:54.942] [error] }
[2026-08-11 00:07:54.943] [error] Node.js v24.18.0
[2026-08-11 00:08:00.236] [error] node:internal/modules/cjs/loader:1527
[2026-08-11 00:08:00.237] [error] throw err;
[2026-08-11 00:08:00.237] [error] ^
[2026-08-11 00:08:00.238] [error] Error: Cannot find module '@discordjs/util'
[2026-08-11 00:08:00.239] [error] Require stack:
[2026-08-11 00:08:00.239] [error] - C:\Users\커피에반하다\AppData\Local\Programs\haste-client\resources\app.asar\node_modules\discord.js\src\index.js
[2026-08-11 00:08:00.240] [error] - C:\Users\커피에반하다\AppData\Local\Programs\haste-client\resources\app.asar\haste_agent_bridge.js
[2026-08-11 00:08:00.241] [error] at Module._resolveFilename (node:internal/modules/cjs/loader:1524:15)
[2026-08-11 00:08:00.242] [error] at wrapResolveFilename (node:internal/modules/cjs/loader:1078:27)
[2026-08-11 00:08:00.242] [error] at defaultResolveImplForCJSLoading (node:internal/modules/cjs/loader:1102:10)
[2026-08-11 00:08:00.243] [error] at resolveForCJSWithHooks (node:internal/modules/cjs/loader:1129:12)
[2026-08-11 00:08:00.243] [error] at Module._load (node:internal/modules/cjs/loader:1301:5)
[2026-08-11 00:08:00.244] [error] at c._load (node:electron/js2c/node_init:2:18060)
[2026-08-11 00:08:00.244] [error] at wrapModuleLoad (node:internal/modules/cjs/loader:262:19)
[2026-08-11 00:08:00.245] [error] at Module.require (node:internal/modules/cjs/loader:1624:12)
[2026-08-11 00:08:00.245] [error] at require (node:internal/modules/helpers:153:16)
[2026-08-11 00:08:00.246] [error] at Object.<anonymous> (C:\Users\커피에반하다\AppData\Local\Programs\haste-client\resources\app.asar\node_modules\discord.js\src\index.js:3:29) {
[2026-08-11 00:08:00.246] [error] code: 'MODULE_NOT_FOUND',
[2026-08-11 00:08:00.247] [error] requireStack: [
[2026-08-11 00:08:00.247] [error] 'C:\\Users\\커피에반하다\\AppData\\Local\\Programs\\haste-client\\resources\\app.asar\\node_modules\\discord.js\\src\\index.js',
[2026-08-11 00:08:00.248] [error] 'C:\\Users\\커피에반하다\\AppData\\Local\\Programs\\haste-client\\resources\\app.asar\\haste_agent_bridge.js'
[2026-08-11 00:08:00.248] [error] ]
[2026-08-11 00:08:00.249] [error] }
[2026-08-11 00:08:00.250] [error] Node.js v24.18.0
[2026-08-11 00:08:05.559] [error] node:internal/modules/cjs/loader:1527
[2026-08-11 00:08:05.560] [error] throw err;
[2026-08-11 00:08:05.561] [error] ^
[2026-08-11 00:08:05.561] [error] Error: Cannot find module '@discordjs/util'
[2026-08-11 00:08:05.562] [error] Require stack:
[2026-08-11 00:08:05.562] [error] - C:\Users\커피에반하다\AppData\Local\Programs\haste-client\resources\app.asar\node_modules\discord.js\src\index.js
[2026-08-11 00:08:05.563] [error] - C:\Users\커피에반하다\AppData\Local\Programs\haste-client\resources\app.asar\haste_agent_bridge.js
[2026-08-11 00:08:05.563] [error] at Module._resolveFilename (node:internal/modules/cjs/loader:1524:15)
[2026-08-11 00:08:05.564] [error] at wrapResolveFilename (node:internal/modules/cjs/loader:1078:27)
[2026-08-11 00:08:05.565] [error] at defaultResolveImplForCJSLoading (node:internal/modules/cjs/loader:1102:10)
[2026-08-11 00:08:05.565] [error] at resolveForCJSWithHooks (node:internal/modules/cjs/loader:1129:12)
[2026-08-11 00:08:05.566] [error] at Module._load (node:internal/modules/cjs/loader:1301:5)
[2026-08-11 00:08:05.566] [error] at c._load (node:electron/js2c/node_init:2:18060)
[2026-08-11 00:08:05.566] [error] at wrapModuleLoad (node:internal/modules/cjs/loader:262:19)
[2026-08-11 00:08:05.567] [error] at Module.require (node:internal/modules/cjs/loader:1624:12)
[2026-08-11 00:08:05.568] [error] at require (node:internal/modules/helpers:153:16)
[2026-08-11 00:08:05.568] [error] at Object.<anonymous> (C:\Users\커피에반하다\AppData\Local\Programs\haste-client\resources\app.asar\node_modules\discord.js\src\index.js:3:29) {
[2026-08-11 00:08:05.569] [error] code: 'MODULE_NOT_FOUND',
[2026-08-11 00:08:05.570] [error] requireStack: [
[2026-08-11 00:08:05.571] [error] 'C:\\Users\\커피에반하다\\AppData\\Local\\Programs\\haste-client\\resources\\app.asar\\node_modules\\discord.js\\src\\index.js',
[2026-08-11 00:08:05.572] [error] 'C:\\Users\\커피에반하다\\AppData\\Local\\Programs\\haste-client\\resources\\app.asar\\haste_agent_bridge.js'
[2026-08-11 00:08:05.572] [error] ]
[2026-08-11 00:08:05.573] [error] }
[2026-08-11 00:08:05.573] [error] Node.js v24.18.0
[2026-08-11 00:08:10.984] [error] node:internal/modules/cjs/loader:1527
[2026-08-11 00:08:10.984] [error] throw err;
[2026-08-11 00:08:10.985] [error] ^
[2026-08-11 00:08:10.986] [error] Error: Cannot find module '@discordjs/util'
[2026-08-11 00:08:10.988] [error] Require stack:
[2026-08-11 00:08:10.989] [error] - C:\Users\커피에반하다\AppData\Local\Programs\haste-client\resources\app.asar\node_modules\discord.js\src\index.js
[2026-08-11 00:08:10.989] [error] - C:\Users\커피에반하다\AppData\Local\Programs\haste-client\resources\app.asar\haste_agent_bridge.js
[2026-08-11 00:08:10.990] [error] at Module._resolveFilename (node:internal/modules/cjs/loader:1524:15)
[2026-08-11 00:08:10.991] [error] at wrapResolveFilename (node:internal/modules/cjs/loader:1078:27)
[2026-08-11 00:08:10.992] [error] at defaultResolveImplForCJSLoading (node:internal/modules/cjs/loader:1102:10)
[2026-08-11 00:08:10.992] [error] at resolveForCJSWithHooks (node:internal/modules/cjs/loader:1129:12)
[2026-08-11 00:08:10.993] [error] at Module._load (node:internal/modules/cjs/loader:1301:5)
[2026-08-11 00:08:10.994] [error] at c._load (node:electron/js2c/node_init:2:18060)
[2026-08-11 00:08:10.994] [error] at wrapModuleLoad (node:internal/modules/cjs/loader:262:19)
[2026-08-11 00:08:10.995] [error] at Module.require (node:internal/modules/cjs/loader:1624:12)
[2026-08-11 00:08:10.996] [error] at require (node:internal/modules/helpers:153:16)
[2026-08-11 00:08:10.996] [error] at Object.<anonymous> (C:\Users\커피에반하다\AppData\Local\Programs\haste-client\resources\app.asar\node_modules\discord.js\src\index.js:3:29) {
[2026-08-11 00:08:10.997] [error] code: 'MODULE_NOT_FOUND',
[2026-08-11 00:08:10.998] [error] requireStack: [
[2026-08-11 00:08:10.999] [error] 'C:\\Users\\커피에반하다\\AppData\\Local\\Programs\\haste-client\\resources\\app.asar\\node_modules\\discord.js\\src\\index.js',
[2026-08-11 00:08:11.000] [error] 'C:\\Users\\커피에반하다\\AppData\\Local\\Programs\\haste-client\\resources\\app.asar\\haste_agent_bridge.js'
[2026-08-11 00:08:11.000] [error] ]
[2026-08-11 00:08:11.001] [error] }
[2026-08-11 00:08:11.002] [error] Node.js v24.18.0
[2026-08-11 00:08:16.307] [error] node:internal/modules/cjs/loader:1527
[2026-08-11 00:08:16.308] [error] throw err;
[2026-08-11 00:08:16.308] [error] ^
[2026-08-11 00:08:16.309] [error] Error: Cannot find module '@discordjs/util'
[2026-08-11 00:08:16.309] [error] Require stack:
[2026-08-11 00:08:16.310] [error] - C:\Users\커피에반하다\AppData\Local\Programs\haste-client\resources\app.asar\node_modules\discord.js\src\index.js
[2026-08-11 00:08:16.310] [error] - C:\Users\커피에반하다\AppData\Local\Programs\haste-client\resources\app.asar\haste_agent_bridge.js
[2026-08-11 00:08:16.311] [error] at Module._resolveFilename (node:internal/modules/cjs/loader:1524:15)
[2026-08-11 00:08:16.311] [error] at wrapResolveFilename (node:internal/modules/cjs/loader:1078:27)
[2026-08-11 00:08:16.312] [error] at defaultResolveImplForCJSLoading (node:internal/modules/cjs/loader:1102:10)
[2026-08-11 00:08:16.312] [error] at resolveForCJSWithHooks (node:internal/modules/cjs/loader:1129:12)
[2026-08-11 00:08:16.312] [error] at Module._load (node:internal/modules/cjs/loader:1301:5)
[2026-08-11 00:08:16.313] [error] at c._load (node:electron/js2c/node_init:2:18060)
[2026-08-11 00:08:16.313] [error] at wrapModuleLoad (node:internal/modules/cjs/loader:262:19)
[2026-08-11 00:08:16.314] [error] at Module.require (node:internal/modules/cjs/loader:1624:12)
[2026-08-11 00:08:16.314] [error] at require (node:internal/modules/helpers:153:16)
[2026-08-11 00:08:16.315] [error] at Object.<anonymous> (C:\Users\커피에반하다\AppData\Local\Programs\haste-client\resources\app.asar\node_modules\discord.js\src\index.js:3:29) {
[2026-08-11 00:08:16.315] [error] code: 'MODULE_NOT_FOUND',
[2026-08-11 00:08:16.316] [error] requireStack: [
[2026-08-11 00:08:16.316] [error] 'C:\\Users\\커피에반하다\\AppData\\Local\\Programs\\haste-client\\resources\\app.asar\\node_modules\\discord.js\\src\\index.js',
[2026-08-11 00:08:16.316] [error] 'C:\\Users\\커피에반하다\\AppData\\Local\\Programs\\haste-client\\resources\\app.asar\\haste_agent_bridge.js'
[2026-08-11 00:08:16.317] [error] ]
[2026-08-11 00:08:16.317] [error] }
[2026-08-11 00:08:16.318] [error] Node.js v24.18.0
[2026-08-11 00:08:21.594] [error] node:internal/modules/cjs/loader:1527
[2026-08-11 00:08:21.595] [error] throw err;
[2026-08-11 00:08:21.596] [error] ^
[2026-08-11 00:08:21.596] [error] Error: Cannot find module '@discordjs/util'
[2026-08-11 00:08:21.597] [error] Require stack:
[2026-08-11 00:08:21.597] [error] - C:\Users\커피에반하다\AppData\Local\Programs\haste-client\resources\app.asar\node_modules\discord.js\src\index.js
[2026-08-11 00:08:21.598] [error] - C:\Users\커피에반하다\AppData\Local\Programs\haste-client\resources\app.asar\haste_agent_bridge.js
[2026-08-11 00:08:21.598] [error] at Module._resolveFilename (node:internal/modules/cjs/loader:1524:15)
[2026-08-11 00:08:21.599] [error] at wrapResolveFilename (node:internal/modules/cjs/loader:1078:27)
[2026-08-11 00:08:21.599] [error] at defaultResolveImplForCJSLoading (node:internal/modules/cjs/loader:1102:10)
[2026-08-11 00:08:21.600] [error] at resolveForCJSWithHooks (node:internal/modules/cjs/loader:1129:12)
[2026-08-11 00:08:21.600] [error] at Module._load (node:internal/modules/cjs/loader:1301:5)
[2026-08-11 00:08:21.601] [error] at c._load (node:electron/js2c/node_init:2:18060)
[2026-08-11 00:08:21.601] [error] at wrapModuleLoad (node:internal/modules/cjs/loader:262:19)
[2026-08-11 00:08:21.602] [error] at Module.require (node:internal/modules/cjs/loader:1624:12)
[2026-08-11 00:08:21.602] [error] at require (node:internal/modules/helpers:153:16)
[2026-08-11 00:08:21.603] [error] at Object.<anonymous> (C:\Users\커피에반하다\AppData\Local\Programs\haste-client\resources\app.asar\node_modules\discord.js\src\index.js:3:29) {
[2026-08-11 00:08:21.603] [error] code: 'MODULE_NOT_FOUND',
[2026-08-11 00:08:21.604] [error] requireStack: [
[2026-08-11 00:08:21.604] [error] 'C:\\Users\\커피에반하다\\AppData\\Local\\Programs\\haste-client\\resources\\app.asar\\node_modules\\discord.js\\src\\index.js',
[2026-08-11 00:08:21.605] [error] 'C:\\Users\\커피에반하다\\AppData\\Local\\Programs\\haste-client\\resources\\app.asar\\haste_agent_bridge.js'
[2026-08-11 00:08:21.605] [error] ]
[2026-08-11 00:08:21.606] [error] }
[2026-08-11 00:08:21.606] [error] Node.js v24.18.0
[2026-08-11 00:08:26.886] [error] node:internal/modules/cjs/loader:1527
[2026-08-11 00:08:26.887] [error] throw err;
[2026-08-11 00:08:26.888] [error] ^
[2026-08-11 00:08:26.889] [error] Error: Cannot find module '@discordjs/util'
[2026-08-11 00:08:26.890] [error] Require stack:
[2026-08-11 00:08:26.891] [error] - C:\Users\커피에반하다\AppData\Local\Programs\haste-client\resources\app.asar\node_modules\discord.js\src\index.js
[2026-08-11 00:08:26.891] [error] - C:\Users\커피에반하다\AppData\Local\Programs\haste-client\resources\app.asar\haste_agent_bridge.js
[2026-08-11 00:08:26.892] [error] at Module._resolveFilename (node:internal/modules/cjs/loader:1524:15)
[2026-08-11 00:08:26.892] [error] at wrapResolveFilename (node:internal/modules/cjs/loader:1078:27)
[2026-08-11 00:08:26.893] [error] at defaultResolveImplForCJSLoading (node:internal/modules/cjs/loader:1102:10)
[2026-08-11 00:08:26.894] [error] at resolveForCJSWithHooks (node:internal/modules/cjs/loader:1129:12)
[2026-08-11 00:08:26.894] [error] at Module._load (node:internal/modules/cjs/loader:1301:5)
[2026-08-11 00:08:26.894] [error] at c._load (node:electron/js2c/node_init:2:18060)
[2026-08-11 00:08:26.895] [error] at wrapModuleLoad (node:internal/modules/cjs/loader:262:19)
[2026-08-11 00:08:26.895] [error] at Module.require (node:internal/modules/cjs/loader:1624:12)
[2026-08-11 00:08:26.896] [error] at require (node:internal/modules/helpers:153:16)
[2026-08-11 00:08:26.897] [error] at Object.<anonymous> (C:\Users\커피에반하다\AppData\Local\Programs\haste-client\resources\app.asar\node_modules\discord.js\src\index.js:3:29) {
[2026-08-11 00:08:26.897] [error] code: 'MODULE_NOT_FOUND',
[2026-08-11 00:08:26.898] [error] requireStack: [
[2026-08-11 00:08:26.898] [error] 'C:\\Users\\커피에반하다\\AppData\\Local\\Programs\\haste-client\\resources\\app.asar\\node_modules\\discord.js\\src\\index.js',
[2026-08-11 00:08:26.898] [error] 'C:\\Users\\커피에반하다\\AppData\\Local\\Programs\\haste-client\\resources\\app.asar\\haste_agent_bridge.js'
[2026-08-11 00:08:26.899] [error] ]
[2026-08-11 00:08:26.899] [error] }
[2026-08-11 00:08:26.900] [error] Node.js v24.18.0
[2026-08-11 00:08:32.210] [error] node:internal/modules/cjs/loader:1527
[2026-08-11 00:08:32.210] [error] throw err;
[2026-08-11 00:08:32.211] [error] ^
[2026-08-11 00:08:32.212] [error] Error: Cannot find module '@discordjs/util'
[2026-08-11 00:08:32.212] [error] Require stack:
[2026-08-11 00:08:32.213] [error] - C:\Users\커피에반하다\AppData\Local\Programs\haste-client\resources\app.asar\node_modules\discord.js\src\index.js
[2026-08-11 00:08:32.213] [error] - C:\Users\커피에반하다\AppData\Local\Programs\haste-client\resources\app.asar\haste_agent_bridge.js
[2026-08-11 00:08:32.214] [error] at Module._resolveFilename (node:internal/modules/cjs/loader:1524:15)
[2026-08-11 00:08:32.214] [error] at wrapResolveFilename (node:internal/modules/cjs/loader:1078:27)
[2026-08-11 00:08:32.215] [error] at defaultResolveImplForCJSLoading (node:internal/modules/cjs/loader:1102:10)
[2026-08-11 00:08:32.215] [error] at resolveForCJSWithHooks (node:internal/modules/cjs/loader:1129:12)
[2026-08-11 00:08:32.216] [error] at Module._load (node:internal/modules/cjs/loader:1301:5)
[2026-08-11 00:08:32.216] [error] at c._load (node:electron/js2c/node_init:2:18060)
[2026-08-11 00:08:32.216] [error] at wrapModuleLoad (node:internal/modules/cjs/loader:262:19)
[2026-08-11 00:08:32.217] [error] at Module.require (node:internal/modules/cjs/loader:1624:12)
[2026-08-11 00:08:32.217] [error] at require (node:internal/modules/helpers:153:16)
[2026-08-11 00:08:32.218] [error] at Object.<anonymous> (C:\Users\커피에반하다\AppData\Local\Programs\haste-client\resources\app.asar\node_modules\discord.js\src\index.js:3:29) {
[2026-08-11 00:08:32.218] [error] code: 'MODULE_NOT_FOUND',
[2026-08-11 00:08:32.219] [error] requireStack: [
[2026-08-11 00:08:32.220] [error] 'C:\\Users\\커피에반하다\\AppData\\Local\\Programs\\haste-client\\resources\\app.asar\\node_modules\\discord.js\\src\\index.js',
[2026-08-11 00:08:32.221] [error] 'C:\\Users\\커피에반하다\\AppData\\Local\\Programs\\haste-client\\resources\\app.asar\\haste_agent_bridge.js'
[2026-08-11 00:08:32.221] [error] ]
[2026-08-11 00:08:32.222] [error] }
[2026-08-11 00:08:32.222] [error] Node.js v24.18.0
[2026-08-11 00:08:37.549] [error] node:internal/modules/cjs/loader:1527
[2026-08-11 00:08:37.549] [error] throw err;
[2026-08-11 00:08:37.550] [error] ^
[2026-08-11 00:08:37.551] [error] Error: Cannot find module '@discordjs/util'
[2026-08-11 00:08:37.551] [error] Require stack:
[2026-08-11 00:08:37.552] [error] - C:\Users\커피에반하다\AppData\Local\Programs\haste-client\resources\app.asar\node_modules\discord.js\src\index.js
[2026-08-11 00:08:37.552] [error] - C:\Users\커피에반하다\AppData\Local\Programs\haste-client\resources\app.asar\haste_agent_bridge.js
[2026-08-11 00:08:37.552] [error] at Module._resolveFilename (node:internal/modules/cjs/loader:1524:15)
[2026-08-11 00:08:37.553] [error] at wrapResolveFilename (node:internal/modules/cjs/loader:1078:27)
[2026-08-11 00:08:37.554] [error] at defaultResolveImplForCJSLoading (node:internal/modules/cjs/loader:1102:10)
[2026-08-11 00:08:37.554] [error] at resolveForCJSWithHooks (node:internal/modules/cjs/loader:1129:12)
[2026-08-11 00:08:37.555] [error] at Module._load (node:internal/modules/cjs/loader:1301:5)
[2026-08-11 00:08:37.555] [error] at c._load (node:electron/js2c/node_init:2:18060)
[2026-08-11 00:08:37.556] [error] at wrapModuleLoad (node:internal/modules/cjs/loader:262:19)
[2026-08-11 00:08:37.556] [error] at Module.require (node:internal/modules/cjs/loader:1624:12)
[2026-08-11 00:08:37.557] [error] at require (node:internal/modules/helpers:153:16)
[2026-08-11 00:08:37.557] [error] at Object.<anonymous> (C:\Users\커피에반하다\AppData\Local\Programs\haste-client\resources\app.asar\node_modules\discord.js\src\index.js:3:29) {
[2026-08-11 00:08:37.558] [error] code: 'MODULE_NOT_FOUND',
[2026-08-11 00:08:37.558] [error] requireStack: [
[2026-08-11 00:08:37.558] [error] 'C:\\Users\\커피에반하다\\AppData\\Local\\Programs\\haste-client\\resources\\app.asar\\node_modules\\discord.js\\src\\index.js',
[2026-08-11 00:08:37.559] [error] 'C:\\Users\\커피에반하다\\AppData\\Local\\Programs\\haste-client\\resources\\app.asar\\haste_agent_bridge.js'
[2026-08-11 00:08:37.559] [error] ]
[2026-08-11 00:08:37.560] [error] }
[2026-08-11 00:08:37.560] [error] Node.js v24.18.0
[2026-08-11 00:08:42.881] [error] node:internal/modules/cjs/loader:1527
[2026-08-11 00:08:42.882] [error] throw err;
[2026-08-11 00:08:42.883] [error] ^
[2026-08-11 00:08:42.883] [error] Error: Cannot find module '@discordjs/util'
[2026-08-11 00:08:42.884] [error] Require stack:
[2026-08-11 00:08:42.884] [error] - C:\Users\커피에반하다\AppData\Local\Programs\haste-client\resources\app.asar\node_modules\discord.js\src\index.js
[2026-08-11 00:08:42.885] [error] - C:\Users\커피에반하다\AppData\Local\Programs\haste-client\resources\app.asar\haste_agent_bridge.js
[2026-08-11 00:08:42.885] [error] at Module._resolveFilename (node:internal/modules/cjs/loader:1524:15)
[2026-08-11 00:08:42.886] [error] at wrapResolveFilename (node:internal/modules/cjs/loader:1078:27)
[2026-08-11 00:08:42.887] [error] at defaultResolveImplForCJSLoading (node:internal/modules/cjs/loader:1102:10)
[2026-08-11 00:08:42.887] [error] at resolveForCJSWithHooks (node:internal/modules/cjs/loader:1129:12)
[2026-08-11 00:08:42.888] [error] at Module._load (node:internal/modules/cjs/loader:1301:5)
[2026-08-11 00:08:42.889] [error] at c._load (node:electron/js2c/node_init:2:18060)
[2026-08-11 00:08:42.890] [error] at wrapModuleLoad (node:internal/modules/cjs/loader:262:19)
[2026-08-11 00:08:42.891] [error] at Module.require (node:internal/modules/cjs/loader:1624:12)
[2026-08-11 00:08:42.891] [error] at require (node:internal/modules/helpers:153:16)
[2026-08-11 00:08:42.892] [error] at Object.<anonymous> (C:\Users\커피에반하다\AppData\Local\Programs\haste-client\resources\app.asar\node_modules\discord.js\src\index.js:3:29) {
[2026-08-11 00:08:42.892] [error] code: 'MODULE_NOT_FOUND',
[2026-08-11 00:08:42.893] [error] requireStack: [
[2026-08-11 00:08:42.894] [error] 'C:\\Users\\커피에반하다\\AppData\\Local\\Programs\\haste-client\\resources\\app.asar\\node_modules\\discord.js\\src\\index.js',
[2026-08-11 00:08:42.894] [error] 'C:\\Users\\커피에반하다\\AppData\\Local\\Programs\\haste-client\\resources\\app.asar\\haste_agent_bridge.js'
[2026-08-11 00:08:42.894] [error] ]
[2026-08-11 00:08:42.895] [error] }
[2026-08-11 00:08:42.895] [error] Node.js v24.18.0
[2026-08-11 00:08:48.368] [error] node:internal/modules/cjs/loader:1527
[2026-08-11 00:08:48.369] [error] throw err;
[2026-08-11 00:08:48.370] [error] ^
[2026-08-11 00:08:48.371] [error] Error: Cannot find module '@discordjs/util'
[2026-08-11 00:08:48.371] [error] Require stack:
[2026-08-11 00:08:48.372] [error] - C:\Users\커피에반하다\AppData\Local\Programs\haste-client\resources\app.asar\node_modules\discord.js\src\index.js
[2026-08-11 00:08:48.372] [error] - C:\Users\커피에반하다\AppData\Local\Programs\haste-client\resources\app.asar\haste_agent_bridge.js
[2026-08-11 00:08:48.373] [error] at Module._resolveFilename (node:internal/modules/cjs/loader:1524:15)
[2026-08-11 00:08:48.373] [error] at wrapResolveFilename (node:internal/modules/cjs/loader:1078:27)
[2026-08-11 00:08:48.374] [error] at defaultResolveImplForCJSLoading (node:internal/modules/cjs/loader:1102:10)
[2026-08-11 00:08:48.374] [error] at resolveForCJSWithHooks (node:internal/modules/cjs/loader:1129:12)
[2026-08-11 00:08:48.375] [error] at Module._load (node:internal/modules/cjs/loader:1301:5)
[2026-08-11 00:08:48.375] [error] at c._load (node:electron/js2c/node_init:2:18060)
[2026-08-11 00:08:48.376] [error] at wrapModuleLoad (node:internal/modules/cjs/loader:262:19)
[2026-08-11 00:08:48.376] [error] at Module.require (node:internal/modules/cjs/loader:1624:12)
[2026-08-11 00:08:48.377] [error] at require (node:internal/modules/helpers:153:16)
[2026-08-11 00:08:48.377] [error] at Object.<anonymous> (C:\Users\커피에반하다\AppData\Local\Programs\haste-client\resources\app.asar\node_modules\discord.js\src\index.js:3:29) {
[2026-08-11 00:08:48.378] [error] code: 'MODULE_NOT_FOUND',
[2026-08-11 00:08:48.378] [error] requireStack: [
[2026-08-11 00:08:48.379] [error] 'C:\\Users\\커피에반하다\\AppData\\Local\\Programs\\haste-client\\resources\\app.asar\\node_modules\\discord.js\\src\\index.js',
[2026-08-11 00:08:48.379] [error] 'C:\\Users\\커피에반하다\\AppData\\Local\\Programs\\haste-client\\resources\\app.asar\\haste_agent_bridge.js'
[2026-08-11 00:08:48.379] [error] ]
[2026-08-11 00:08:48.380] [error] }
[2026-08-11 00:08:48.380] [error] Node.js v24.18.0
[2026-08-11 00:08:53.639] [error] node:internal/modules/cjs/loader:1527
[2026-08-11 00:08:53.640] [error] throw err;
[2026-08-11 00:08:53.650] [error] ^
[2026-08-11 00:08:53.651] [error] Error: Cannot find module '@discordjs/util'
[2026-08-11 00:08:53.652] [error] Require stack:
[2026-08-11 00:08:53.652] [error] - C:\Users\커피에반하다\AppData\Local\Programs\haste-client\resources\app.asar\node_modules\discord.js\src\index.js
[2026-08-11 00:08:53.653] [error] - C:\Users\커피에반하다\AppData\Local\Programs\haste-client\resources\app.asar\haste_agent_bridge.js
[2026-08-11 00:08:53.654] [error] at Module._resolveFilename (node:internal/modules/cjs/loader:1524:15)
[2026-08-11 00:08:53.654] [error] at wrapResolveFilename (node:internal/modules/cjs/loader:1078:27)
[2026-08-11 00:08:53.655] [error] at defaultResolveImplForCJSLoading (node:internal/modules/cjs/loader:1102:10)
[2026-08-11 00:08:53.657] [error] at resolveForCJSWithHooks (node:internal/modules/cjs/loader:1129:12)
[2026-08-11 00:08:53.657] [error] at Module._load (node:internal/modules/cjs/loader:1301:5)
[2026-08-11 00:08:53.658] [error] at c._load (node:electron/js2c/node_init:2:18060)
[2026-08-11 00:08:53.659] [error] at wrapModuleLoad (node:internal/modules/cjs/loader:262:19)
[2026-08-11 00:08:53.659] [error] at Module.require (node:internal/modules/cjs/loader:1624:12)
[2026-08-11 00:08:53.660] [error] at require (node:internal/modules/helpers:153:16)
[2026-08-11 00:08:53.660] [error] at Object.<anonymous> (C:\Users\커피에반하다\AppData\Local\Programs\haste-client\resources\app.asar\node_modules\discord.js\src\index.js:3:29) {
[2026-08-11 00:08:53.661] [error] code: 'MODULE_NOT_FOUND',
[2026-08-11 00:08:53.661] [error] requireStack: [
[2026-08-11 00:08:53.662] [error] 'C:\\Users\\커피에반하다\\AppData\\Local\\Programs\\haste-client\\resources\\app.asar\\node_modules\\discord.js\\src\\index.js',
[2026-08-11 00:08:53.663] [error] 'C:\\Users\\커피에반하다\\AppData\\Local\\Programs\\haste-client\\resources\\app.asar\\haste_agent_bridge.js'
[2026-08-11 00:08:53.663] [error] ]
[2026-08-11 00:08:53.664] [error] }
[2026-08-11 00:08:53.664] [error] Node.js v24.18.0
[2026-08-11 00:08:58.957] [error] node:internal/modules/cjs/loader:1527
[2026-08-11 00:08:58.958] [error] throw err;
[2026-08-11 00:08:58.959] [error] ^
[2026-08-11 00:08:58.959] [error] Error: Cannot find module '@discordjs/util'
[2026-08-11 00:08:58.960] [error] Require stack:
[2026-08-11 00:08:58.960] [error] - C:\Users\커피에반하다\AppData\Local\Programs\haste-client\resources\app.asar\node_modules\discord.js\src\index.js
[2026-08-11 00:08:58.961] [error] - C:\Users\커피에반하다\AppData\Local\Programs\haste-client\resources\app.asar\haste_agent_bridge.js
[2026-08-11 00:08:58.961] [error] at Module._resolveFilename (node:internal/modules/cjs/loader:1524:15)
[2026-08-11 00:08:58.962] [error] at wrapResolveFilename (node:internal/modules/cjs/loader:1078:27)
[2026-08-11 00:08:58.962] [error] at defaultResolveImplForCJSLoading (node:internal/modules/cjs/loader:1102:10)
[2026-08-11 00:08:58.963] [error] at resolveForCJSWithHooks (node:internal/modules/cjs/loader:1129:12)
[2026-08-11 00:08:58.963] [error] at Module._load (node:internal/modules/cjs/loader:1301:5)
[2026-08-11 00:08:58.964] [error] at c._load (node:electron/js2c/node_init:2:18060)
[2026-08-11 00:08:58.964] [error] at wrapModuleLoad (node:internal/modules/cjs/loader:262:19)
[2026-08-11 00:08:58.965] [error] at Module.require (node:internal/modules/cjs/loader:1624:12)
[2026-08-11 00:08:58.965] [error] at require (node:internal/modules/helpers:153:16)
[2026-08-11 00:08:58.966] [error] at Object.<anonymous> (C:\Users\커피에반하다\AppData\Local\Programs\haste-client\resources\app.asar\node_modules\discord.js\src\index.js:3:29) {
[2026-08-11 00:08:58.966] [error] code: 'MODULE_NOT_FOUND',
[2026-08-11 00:08:58.967] [error] requireStack: [
[2026-08-11 00:08:58.967] [error] 'C:\\Users\\커피에반하다\\AppData\\Local\\Programs\\haste-client\\resources\\app.asar\\node_modules\\discord.js\\src\\index.js',
[2026-08-11 00:08:58.968] [error] 'C:\\Users\\커피에반하다\\AppData\\Local\\Programs\\haste-client\\resources\\app.asar\\haste_agent_bridge.js'
[2026-08-11 00:08:58.968] [error] ]
[2026-08-11 00:08:58.969] [error] }
[2026-08-11 00:08:58.969] [error] Node.js v24.18.0
[2026-08-11 00:09:04.244] [error] node:internal/modules/cjs/loader:1527
[2026-08-11 00:09:04.245] [error] throw err;
[2026-08-11 00:09:04.245] [error] ^
[2026-08-11 00:09:04.246] [error] Error: Cannot find module '@discordjs/util'
[2026-08-11 00:09:04.246] [error] Require stack:
[2026-08-11 00:09:04.247] [error] - C:\Users\커피에반하다\AppData\Local\Programs\haste-client\resources\app.asar\node_modules\discord.js\src\index.js
[2026-08-11 00:09:04.247] [error] - C:\Users\커피에반하다\AppData\Local\Programs\haste-client\resources\app.asar\haste_agent_bridge.js
[2026-08-11 00:09:04.248] [error] at Module._resolveFilename (node:internal/modules/cjs/loader:1524:15)
[2026-08-11 00:09:04.248] [error] at wrapResolveFilename (node:internal/modules/cjs/loader:1078:27)
[2026-08-11 00:09:04.249] [error] at defaultResolveImplForCJSLoading (node:internal/modules/cjs/loader:1102:10)
[2026-08-11 00:09:04.249] [error] at resolveForCJSWithHooks (node:internal/modules/cjs/loader:1129:12)
[2026-08-11 00:09:04.250] [error] at Module._load (node:internal/modules/cjs/loader:1301:5)
[2026-08-11 00:09:04.250] [error] at c._load (node:electron/js2c/node_init:2:18060)
[2026-08-11 00:09:04.251] [error] at wrapModuleLoad (node:internal/modules/cjs/loader:262:19)
[2026-08-11 00:09:04.251] [error] at Module.require (node:internal/modules/cjs/loader:1624:12)
[2026-08-11 00:09:04.251] [error] at require (node:internal/modules/helpers:153:16)
[2026-08-11 00:09:04.252] [error] at Object.<anonymous> (C:\Users\커피에반하다\AppData\Local\Programs\haste-client\resources\app.asar\node_modules\discord.js\src\index.js:3:29) {
[2026-08-11 00:09:04.253] [error] code: 'MODULE_NOT_FOUND',
[2026-08-11 00:09:04.253] [error] requireStack: [
[2026-08-11 00:09:04.254] [error] 'C:\\Users\\커피에반하다\\AppData\\Local\\Programs\\haste-client\\resources\\app.asar\\node_modules\\discord.js\\src\\index.js',
[2026-08-11 00:09:04.255] [error] 'C:\\Users\\커피에반하다\\AppData\\Local\\Programs\\haste-client\\resources\\app.asar\\haste_agent_bridge.js'
[2026-08-11 00:09:04.255] [error] ]
[2026-08-11 00:09:04.256] [error] }
[2026-08-11 00:09:04.256] [error] Node.js v24.18.0
[2026-08-11 00:09:09.528] [error] node:internal/modules/cjs/loader:1527
[2026-08-11 00:09:09.529] [error] throw err;
[2026-08-11 00:09:09.530] [error] ^
[2026-08-11 00:09:09.530] [error] Error: Cannot find module '@discordjs/util'
[2026-08-11 00:09:09.531] [error] Require stack:
[2026-08-11 00:09:09.531] [error] - C:\Users\커피에반하다\AppData\Local\Programs\haste-client\resources\app.asar\node_modules\discord.js\src\index.js
[2026-08-11 00:09:09.532] [error] - C:\Users\커피에반하다\AppData\Local\Programs\haste-client\resources\app.asar\haste_agent_bridge.js
[2026-08-11 00:09:09.532] [error] at Module._resolveFilename (node:internal/modules/cjs/loader:1524:15)
[2026-08-11 00:09:09.533] [error] at wrapResolveFilename (node:internal/modules/cjs/loader:1078:27)
[2026-08-11 00:09:09.533] [error] at defaultResolveImplForCJSLoading (node:internal/modules/cjs/loader:1102:10)
[2026-08-11 00:09:09.534] [error] at resolveForCJSWithHooks (node:internal/modules/cjs/loader:1129:12)
[2026-08-11 00:09:09.534] [error] at Module._load (node:internal/modules/cjs/loader:1301:5)
[2026-08-11 00:09:09.535] [error] at c._load (node:electron/js2c/node_init:2:18060)
[2026-08-11 00:09:09.536] [error] at wrapModuleLoad (node:internal/modules/cjs/loader:262:19)
[2026-08-11 00:09:09.536] [error] at Module.require (node:internal/modules/cjs/loader:1624:12)
[2026-08-11 00:09:09.537] [error] at require (node:internal/modules/helpers:153:16)
[2026-08-11 00:09:09.537] [error] at Object.<anonymous> (C:\Users\커피에반하다\AppData\Local\Programs\haste-client\resources\app.asar\node_modules\discord.js\src\index.js:3:29) {
[2026-08-11 00:09:09.538] [error] code: 'MODULE_NOT_FOUND',
[2026-08-11 00:09:09.538] [error] requireStack: [
[2026-08-11 00:09:09.539] [error] 'C:\\Users\\커피에반하다\\AppData\\Local\\Programs\\haste-client\\resources\\app.asar\\node_modules\\discord.js\\src\\index.js',
[2026-08-11 00:09:09.539] [error] 'C:\\Users\\커피에반하다\\AppData\\Local\\Programs\\haste-client\\resources\\app.asar\\haste_agent_bridge.js'
[2026-08-11 00:09:09.540] [error] ]
[2026-08-11 00:09:09.540] [error] }
[2026-08-11 00:09:09.541] [error] Node.js v24.18.0
[2026-08-11 00:09:14.894] [error] node:internal/modules/cjs/loader:1527
[2026-08-11 00:09:14.895] [error] throw err;
[2026-08-11 00:09:14.895] [error] ^
[2026-08-11 00:09:14.896] [error] Error: Cannot find module '@discordjs/util'
[2026-08-11 00:09:14.896] [error] Require stack:
[2026-08-11 00:09:14.897] [error] - C:\Users\커피에반하다\AppData\Local\Programs\haste-client\resources\app.asar\node_modules\discord.js\src\index.js
[2026-08-11 00:09:14.897] [error] - C:\Users\커피에반하다\AppData\Local\Programs\haste-client\resources\app.asar\haste_agent_bridge.js
[2026-08-11 00:09:14.898] [error] at Module._resolveFilename (node:internal/modules/cjs/loader:1524:15)
[2026-08-11 00:09:14.899] [error] at wrapResolveFilename (node:internal/modules/cjs/loader:1078:27)
[2026-08-11 00:09:14.899] [error] at defaultResolveImplForCJSLoading (node:internal/modules/cjs/loader:1102:10)
[2026-08-11 00:09:14.900] [error] at resolveForCJSWithHooks (node:internal/modules/cjs/loader:1129:12)
[2026-08-11 00:09:14.900] [error] at Module._load (node:internal/modules/cjs/loader:1301:5)
[2026-08-11 00:09:14.901] [error] at c._load (node:electron/js2c/node_init:2:18060)
[2026-08-11 00:09:14.901] [error] at wrapModuleLoad (node:internal/modules/cjs/loader:262:19)
[2026-08-11 00:09:14.902] [error] at Module.require (node:internal/modules/cjs/loader:1624:12)
[2026-08-11 00:09:14.903] [error] at require (node:internal/modules/helpers:153:16)
[2026-08-11 00:09:14.903] [error] at Object.<anonymous> (C:\Users\커피에반하다\AppData\Local\Programs\haste-client\resources\app.asar\node_modules\discord.js\src\index.js:3:29) {
[2026-08-11 00:09:14.905] [error] code: 'MODULE_NOT_FOUND',
[2026-08-11 00:09:14.906] [error] requireStack: [
[2026-08-11 00:09:14.906] [error] 'C:\\Users\\커피에반하다\\AppData\\Local\\Programs\\haste-client\\resources\\app.asar\\node_modules\\discord.js\\src\\index.js',
[2026-08-11 00:09:14.907] [error] 'C:\\Users\\커피에반하다\\AppData\\Local\\Programs\\haste-client\\resources\\app.asar\\haste_agent_bridge.js'
[2026-08-11 00:09:14.908] [error] ]
[2026-08-11 00:09:14.908] [error] }
[2026-08-11 00:09:14.909] [error] Node.js v24.18.0
[2026-08-11 00:09:20.277] [error] node:internal/modules/cjs/loader:1527
[2026-08-11 00:09:20.278] [error] throw err;
[2026-08-11 00:09:20.278] [error] ^
[2026-08-11 00:09:20.279] [error] Error: Cannot find module '@discordjs/util'
[2026-08-11 00:09:20.280] [error] Require stack:
[2026-08-11 00:09:20.280] [error] - C:\Users\커피에반하다\AppData\Local\Programs\haste-client\resources\app.asar\node_modules\discord.js\src\index.js
[2026-08-11 00:09:20.281] [error] - C:\Users\커피에반하다\AppData\Local\Programs\haste-client\resources\app.asar\haste_agent_bridge.js
[2026-08-11 00:09:20.281] [error] at Module._resolveFilename (node:internal/modules/cjs/loader:1524:15)
[2026-08-11 00:09:20.282] [error] at wrapResolveFilename (node:internal/modules/cjs/loader:1078:27)
[2026-08-11 00:09:20.282] [error] at defaultResolveImplForCJSLoading (node:internal/modules/cjs/loader:1102:10)
[2026-08-11 00:09:20.283] [error] at resolveForCJSWithHooks (node:internal/modules/cjs/loader:1129:12)
[2026-08-11 00:09:20.283] [error] at Module._load (node:internal/modules/cjs/loader:1301:5)
[2026-08-11 00:09:20.284] [error] at c._load (node:electron/js2c/node_init:2:18060)
[2026-08-11 00:09:20.285] [error] at wrapModuleLoad (node:internal/modules/cjs/loader:262:19)
[2026-08-11 00:09:20.285] [error] at Module.require (node:internal/modules/cjs/loader:1624:12)
[2026-08-11 00:09:20.286] [error] at require (node:internal/modules/helpers:153:16)
[2026-08-11 00:09:20.289] [error] at Object.<anonymous> (C:\Users\커피에반하다\AppData\Local\Programs\haste-client\resources\app.asar\node_modules\discord.js\src\index.js:3:29) {
[2026-08-11 00:09:20.289] [error] code: 'MODULE_NOT_FOUND',
[2026-08-11 00:09:20.291] [error] requireStack: [
[2026-08-11 00:09:20.292] [error] 'C:\\Users\\커피에반하다\\AppData\\Local\\Programs\\haste-client\\resources\\app.asar\\node_modules\\discord.js\\src\\index.js',
[2026-08-11 00:09:20.293] [error] 'C:\\Users\\커피에반하다\\AppData\\Local\\Programs\\haste-client\\resources\\app.asar\\haste_agent_bridge.js'
[2026-08-11 00:09:20.294] [error] ]
[2026-08-11 00:09:20.294] [error] }
[2026-08-11 00:09:20.296] [error] Node.js v24.18.0
[2026-08-11 00:09:25.581] [error] node:internal/modules/cjs/loader:1527
[2026-08-11 00:09:25.582] [error] throw err;
[2026-08-11 00:09:25.582] [error] ^
[2026-08-11 00:09:25.583] [error] Error: Cannot find module '@discordjs/util'
[2026-08-11 00:09:25.583] [error] Require stack:
[2026-08-11 00:09:25.584] [error] - C:\Users\커피에반하다\AppData\Local\Programs\haste-client\resources\app.asar\node_modules\discord.js\src\index.js
[2026-08-11 00:09:25.584] [error] - C:\Users\커피에반하다\AppData\Local\Programs\haste-client\resources\app.asar\haste_agent_bridge.js
[2026-08-11 00:09:25.585] [error] at Module._resolveFilename (node:internal/modules/cjs/loader:1524:15)
[2026-08-11 00:09:25.586] [error] at wrapResolveFilename (node:internal/modules/cjs/loader:1078:27)
[2026-08-11 00:09:25.586] [error] at defaultResolveImplForCJSLoading (node:internal/modules/cjs/loader:1102:10)
[2026-08-11 00:09:25.587] [error] at resolveForCJSWithHooks (node:internal/modules/cjs/loader:1129:12)
[2026-08-11 00:09:25.587] [error] at Module._load (node:internal/modules/cjs/loader:1301:5)
[2026-08-11 00:09:25.588] [error] at c._load (node:electron/js2c/node_init:2:18060)
[2026-08-11 00:09:25.588] [error] at wrapModuleLoad (node:internal/modules/cjs/loader:262:19)
[2026-08-11 00:09:25.588] [error] at Module.require (node:internal/modules/cjs/loader:1624:12)
[2026-08-11 00:09:25.589] [error] at require (node:internal/modules/helpers:153:16)
[2026-08-11 00:09:25.589] [error] at Object.<anonymous> (C:\Users\커피에반하다\AppData\Local\Programs\haste-client\resources\app.asar\node_modules\discord.js\src\index.js:3:29) {
[2026-08-11 00:09:25.590] [error] code: 'MODULE_NOT_FOUND',
[2026-08-11 00:09:25.590] [error] requireStack: [
[2026-08-11 00:09:25.591] [error] 'C:\\Users\\커피에반하다\\AppData\\Local\\Programs\\haste-client\\resources\\app.asar\\node_modules\\discord.js\\src\\index.js',
[2026-08-11 00:09:25.591] [error] 'C:\\Users\\커피에반하다\\AppData\\Local\\Programs\\haste-client\\resources\\app.asar\\haste_agent_bridge.js'
[2026-08-11 00:09:25.592] [error] ]
[2026-08-11 00:09:25.592] [error] }
[2026-08-11 00:09:25.593] [error] Node.js v24.18.0
[2026-08-11 00:09:30.885] [error] node:internal/modules/cjs/loader:1527
[2026-08-11 00:09:30.886] [error] throw err;
[2026-08-11 00:09:30.887] [error] ^
[2026-08-11 00:09:30.888] [error] Error: Cannot find module '@discordjs/util'
[2026-08-11 00:09:30.888] [error] Require stack:
[2026-08-11 00:09:30.889] [error] - C:\Users\커피에반하다\AppData\Local\Programs\haste-client\resources\app.asar\node_modules\discord.js\src\index.js
[2026-08-11 00:09:30.890] [error] - C:\Users\커피에반하다\AppData\Local\Programs\haste-client\resources\app.asar\haste_agent_bridge.js
[2026-08-11 00:09:30.890] [error] at Module._resolveFilename (node:internal/modules/cjs/loader:1524:15)
[2026-08-11 00:09:30.891] [error] at wrapResolveFilename (node:internal/modules/cjs/loader:1078:27)
[2026-08-11 00:09:30.891] [error] at defaultResolveImplForCJSLoading (node:internal/modules/cjs/loader:1102:10)
[2026-08-11 00:09:30.892] [error] at resolveForCJSWithHooks (node:internal/modules/cjs/loader:1129:12)
[2026-08-11 00:09:30.892] [error] at Module._load (node:internal/modules/cjs/loader:1301:5)
[2026-08-11 00:09:30.893] [error] at c._load (node:electron/js2c/node_init:2:18060)
[2026-08-11 00:09:30.893] [error] at wrapModuleLoad (node:internal/modules/cjs/loader:262:19)
[2026-08-11 00:09:30.894] [error] at Module.require (node:internal/modules/cjs/loader:1624:12)
[2026-08-11 00:09:30.894] [error] at require (node:internal/modules/helpers:153:16)
[2026-08-11 00:09:30.895] [error] at Object.<anonymous> (C:\Users\커피에반하다\AppData\Local\Programs\haste-client\resources\app.asar\node_modules\discord.js\src\index.js:3:29) {
[2026-08-11 00:09:30.895] [error] code: 'MODULE_NOT_FOUND',
[2026-08-11 00:09:30.896] [error] requireStack: [
[2026-08-11 00:09:30.896] [error] 'C:\\Users\\커피에반하다\\AppData\\Local\\Programs\\haste-client\\resources\\app.asar\\node_modules\\discord.js\\src\\index.js',
[2026-08-11 00:09:30.896] [error] 'C:\\Users\\커피에반하다\\AppData\\Local\\Programs\\haste-client\\resources\\app.asar\\haste_agent_bridge.js'
[2026-08-11 00:09:30.897] [error] ]
[2026-08-11 00:09:30.897] [error] }
[2026-08-11 00:09:30.898] [error] Node.js v24.18.0