[2026-09-02 16:32:33.659] [info]  [HASTE DB SOT] Populated initial default SETTINGS (MENU: []) on fresh install.
[2026-09-02 16:32:33.676] [info]  [HASTE DB Load] Loaded settings from SQLite database successfully. StoreName: "미인증", StoreNo: "미인증", ThemeMode: "Light", isKioskDryRun: "false"
[2026-09-02 16:32:34.614] [info]  [app] event=app.startup status=started appVersion=3.3.1r83 packaged=true
[2026-09-02 16:32:34.847] [info]  [app] event=app.window status=success
[2026-09-02 16:32:34.888] [info]  [app] event=app.tray status=success
[2026-09-02 16:32:34.889] [info]  [app] event=updater.check status=ignored reason=store_managed_distribution
[2026-09-02 16:32:34.895] [info]  [app] event=app.ipc status=success
[2026-09-02 16:32:35.001] [info]  [app] event=task.start status=success
[2026-09-02 16:32:35.003] [debug] [api] [api] event=settings.change status=success port=8080 deviceModelId=D0000
[2026-09-02 16:32:35.006] [info]  [api] [HASTE] Found SSL Certificates at: C:\Users\커피에반하다\AppData\Local\haste_client3\resources\resources
[2026-09-02 16:32:35.030] [info]  [api] [HASTE] Started HTTP Hono Server on port 8080 (Toss Place HTTP Mode).
[2026-09-02 16:32:35.035] [info]  [api] [HASTE] Started HTTPS Hono Server on port 8443 (Toss Kiosk Mode).
[2026-09-02 16:32:35.036] [debug] [api] [api] event=api.server status=success port=8080 host=0.0.0.0
[2026-09-02 16:32:35.037] [debug] [coffee] [coffee] event=settings.change status=success field=thirdpartyType value=Lilly_(WMF)
[2026-09-02 16:32:35.040] [debug] [coffee] [coffee] event=coffee.socket status=started transport=ws machineName=WMF model=Lilly_(WMF) ip=192.168.10.99 port=25000
[2026-09-02 16:32:35.046] [debug] [coffee] [coffee] event=temperature.change status=success
[2026-09-02 16:32:35.047] [debug] [api] [api] event=did.callback status=ignored reason=local_did_not_open screen=temperature
[2026-09-02 16:32:35.052] [info]  [HASTE DB Save] Settings category "inventory" has been updated and saved to SQLite successfully.
[2026-09-02 16:32:35.055] [info]  [HASTE DB Save] Settings category "inventory" has been updated and saved to SQLite successfully.
[2026-09-02 16:32:35.057] [info]  [HASTE DB Save] Settings category "inventory" has been updated and saved to SQLite successfully.
[2026-09-02 16:32:35.059] [info]  [HASTE DB Save] Settings category "inventory" has been updated and saved to SQLite successfully.
[2026-09-02 16:32:35.060] [debug] [api] [HASTE Theme Sync] Applied local UI theme: isDark=false
[2026-09-02 16:32:35.061] [debug] [api] [api] event=did.callback status=started target=local screen=/ reason=local_api_down
[2026-09-02 16:32:35.063] [info]  [app] event=app.startup status=success message="subscriptions registered"
[2026-09-02 16:32:35.064] [debug] [task] [task] event=scheduler.change status=success routine=FOAMER_RINSING intervalSec=3600 normalizedIntervalSec=3600
[2026-09-02 16:32:35.066] [warn]  [HASTE Foamer Schedule] Could not resolve last foamer time: Cannot find module '../services/haste_foamer_stats'
Require stack:
- C:\Users\커피에반하다\AppData\Local\haste_client3\resources\app.asar\out\main\index.js
- 
[2026-09-02 16:32:35.068] [debug] [task] [task] event=scheduler.change status=success routine=WARM_RINSING intervalSec=0 normalizedIntervalSec=0
[2026-09-02 16:32:35.069] [debug] [task] [task] event=scheduler.change status=success routine=MIXER_RINSING intervalSec=0 normalizedIntervalSec=0
[2026-09-02 16:32:35.070] [debug] [task] [task] event=scheduler.change status=success routine=ERROR_CHECK intervalSec=600 normalizedIntervalSec=600
[2026-09-02 16:32:35.071] [debug] [task] [task] event=scheduler.change status=success routine=ICE_MAKER intervalSec=1800 normalizedIntervalSec=1800
[2026-09-02 16:32:35.072] [debug] [task] [task] event=scheduler.change status=success routine=TEMP_CHECK intervalSec=60 normalizedIntervalSec=60
[2026-09-02 16:32:35.073] [debug] [app] event=scheduler.change status=success routine=license.verify intervalSec=86400
[2026-09-02 16:32:35.074] [info]  [app] event=app.startup status=success message="schedulers registered"
[2026-09-02 16:32:35.076] [info]  [HASTE Guard] enableHasteAgent is false (OFF). Skipping agent bot launch.
[2026-09-02 16:32:35.076] [info]  [HASTE Official Auto-Updater] Initialized background auto-updater (Target hotpatches & Official releases).
[2026-09-02 16:32:35.077] [info]  [app] event=license.verify status=success state=unactivated
[2026-09-02 16:32:35.110] [debug] [api] [HASTE DevTools Sync] Current window DevTools opened state: false, Target state: false
[2026-09-02 16:32:35.123] [debug] [coffee] [coffee] event=coffee.socket status=success transport=ws machineName=WMF action=connected
[2026-09-02 16:32:35.138] [debug] [coffee] [coffee] event=hardware.response status=success machineName=Lilly_(WMF) command=getApiVersion returnvalue=40401
[2026-09-02 16:32:36.027] [debug] [coffee] [coffee] event=hardware.response status=success machineName=Lilly_(WMF) command=getDiagnosticData returnvalue=0
[2026-09-02 16:32:36.028] [debug] [coffee] [coffee] event=temperature.change status=success value=96
[2026-09-02 16:32:36.031] [debug] [api] [api] event=did.callback status=ignored reason=local_did_not_open screen=temperature
[2026-09-02 16:32:36.043] [debug] [api] [HASTE Theme Sync] Applied local UI theme: isDark=false
[2026-09-02 16:32:36.046] [info]  [HASTE DB Save] Settings category "information" has been updated and saved to SQLite successfully.
[2026-09-02 16:32:36.098] [debug] [api] [HASTE DevTools Sync] Current window DevTools opened state: false, Target state: false
[2026-09-02 16:32:36.778] [debug] [coffee] [coffee] event=hardware.response status=success machineName=Lilly_(WMF) command=getMachineInfo returnvalue=0
[2026-09-02 16:32:37.084] [info]  [HASTE Startup Auto-Rescue] Serialport incomplete after boot. Executing 1-shot automatic refresh reconnection...
[2026-09-02 16:32:37.085] [info]  [serialport] [serialport] event=serialport.connect status=started scope=all
[2026-09-02 16:32:37.193] [debug] [api] [api] event=did.callback status=started target=local screen=main
[2026-09-02 16:32:37.195] [debug] [serialport] [serialport] event=serialport.connect status=success boardName=board1 port=COM3
[2026-09-02 16:32:37.204] [debug] [serialport] [serialport] event=serialport.packet status=success boardName=board1 length=24 message="bytearray(b'\\x020A1DCP0201A00101A10344\\x03')"
[2026-09-02 16:32:38.652] [debug] [task] [app] event=did.open status=success reason=electron_window_local_webview_monitor url=http://127.0.0.1:8080/did/index.html?clientId=A8%3AA1%3A59%3AB9%3A35%3A36
[2026-09-02 16:32:38.710] [debug] [task] [app] event=did.open status=success reason=electron_window_remote_webview_monitor url=http://127.0.0.1:8080/promo
[2026-09-02 16:32:38.712] [info]  [HASTE Auto-DID] Successfully auto-launched dual DIDs with restored monitor positions!
[2026-09-02 16:32:40.311] [info]  🚀 [HASTE Target Updater] New remote deployment detected (3.3.1r96 > 3.3.1r83). Auto-applying update immediately...
[2026-09-02 16:32:40.312] [info]  [HASTE Official Updater] Downloading official update v3.3.1r96 from: https://github.com/rst9374-tech/haste_client_version/releases/download/v3.3.1r96/hasteai_client_v3.3.1r96.asar
[2026-09-02 16:32:40.315] [error] [app] event=main_process.error status=failed reason=uncaught_exception stack=Error:_Invalid_package_C:\Users\커피에~1\AppData\Local\Temp\hasteai_official_v3.3.1r96.asar_at_createError_(node:electron/js2c/node_init:2:2369)_at_t.<computed>_[as_open]_(node:electron/js2c/node_init:2:3203)_at_WriteStream._construct_(node:internal/fs/streams:74:17)_at_constructNT_(node:internal/streams/destroy:300:12)_at_process.processTicksAndRejections_(node:internal/process/task_queues:89:21) message="Invalid package C:\\Users\\커피에~1\\AppData\\Local\\Temp\\hasteai_official_v3.3.1r96.asar"
[2026-09-02 16:32:41.443] [error] [HASTE Auto-Updater] Failed to apply update: Download failed with status: 404
[2026-09-02 16:33:14.719] [debug] [api] [api] event=settings.change status=success port=8080 posStoreNo=01028730515 deviceModelId=D0000
[2026-09-02 16:33:14.721] [debug] [api] [HASTE Theme Sync] Applied local UI theme: isDark=false
[2026-09-02 16:33:14.727] [info]  [HASTE DB Save] Settings category "information" has been updated and saved to SQLite successfully.
[2026-09-02 16:33:14.781] [debug] [api] [HASTE DevTools Sync] Current window DevTools opened state: false, Target state: false
[2026-09-02 16:33:14.987] [info]  [HASTE DB Save] Settings category "information" has been updated and saved to SQLite successfully.
[2026-09-02 16:33:14.990] [debug] [api] [HASTE Theme Sync] Applied local UI theme: isDark=false
[2026-09-02 16:33:14.993] [info]  [HASTE DB Save] Settings category "information" has been updated and saved to SQLite successfully.
[2026-09-02 16:33:15.620] [debug] [api] [HASTE DevTools Sync] Current window DevTools opened state: false, Target state: false
[2026-09-02 16:33:15.627] [info]  [HASTE DB Save] Settings category "information" has been updated and saved to SQLite successfully.
[2026-09-02 16:33:15.643] [info]  [HASTE DB Save] Settings category "information" has been updated and saved to SQLite successfully.
[2026-09-02 16:33:15.649] [info]  [task] [HASTE Hard-Relaunch] App exit triggered from Renderer safely. Executing OS-Level Hard Relaunch...
[2026-09-02 16:33:15.698] [info]  [task] [HASTE Hard-Relaunch] Gracefully releasing all serial ports before OS-level exit...
[2026-09-02 16:33:15.766] [debug] [api] [api] event=did.callback status=started target=local screen=/ reason=serialport_down
[2026-09-02 16:33:15.768] [debug] [serialport] [serialport] event=serialport.close status=success boardName=board1 port=COM3
[2026-09-02 16:33:15.769] [info]  [task] [HASTE Hard-Relaunch] [Prod Mode] Spawning next Lilly process via PS1: C:\Users\커피에반하다\AppData\Local\haste_client3\haste_client3.exe
[2026-09-02 16:33:15.771] [info]  [task] [HASTE Hard-Relaunch] PS1 written: C:\Users\커피에~1\AppData\Local\Temp\haste_relaunch_1788334395770.ps1
[2026-09-02 16:33:15.907] [info]  [task] [HASTE Hard-Relaunch] Current process exiting via app.exit(0) safely.
[2026-09-02 16:33:21.638] [info]  [HASTE DB Load] Loaded settings from SQLite database successfully. StoreName: "수원금곡삼익점", StoreNo: "01028730515", ThemeMode: "Light", isKioskDryRun: "false"
[2026-09-02 16:33:23.921] [info]  [app] event=app.startup status=started appVersion=3.3.1r83 packaged=true
[2026-09-02 16:33:24.134] [info]  [app] event=app.window status=success
[2026-09-02 16:33:24.197] [info]  [app] event=app.tray status=success
[2026-09-02 16:33:24.272] [info]  [app] event=updater.check status=ignored reason=store_managed_distribution
[2026-09-02 16:33:24.278] [info]  [app] event=app.ipc status=success
[2026-09-02 16:33:24.466] [info]  [app] event=task.start status=success
[2026-09-02 16:33:24.475] [debug] [api] [api] event=settings.change status=success port=8080 posStoreNo=01028730515 deviceModelId=D0000
[2026-09-02 16:33:24.499] [info]  [api] [HASTE] Found SSL Certificates at: C:\Users\커피에반하다\AppData\Local\haste_client3\resources\resources
[2026-09-02 16:33:24.549] [info]  [api] [HASTE] Started HTTP Hono Server on port 8080 (Toss Place HTTP Mode).
[2026-09-02 16:33:24.553] [info]  [api] [HASTE] Started HTTPS Hono Server on port 8443 (Toss Kiosk Mode).
[2026-09-02 16:33:24.555] [debug] [api] [api] event=api.server status=success port=8080 host=0.0.0.0
[2026-09-02 16:33:24.557] [debug] [coffee] [coffee] event=settings.change status=success field=thirdpartyType value=Lilly_(WMF)
[2026-09-02 16:33:24.560] [debug] [coffee] [coffee] event=coffee.socket status=started transport=ws machineName=WMF model=Lilly_(WMF) ip=192.168.10.99 port=25000
[2026-09-02 16:33:24.611] [debug] [coffee] [coffee] event=temperature.change status=success
[2026-09-02 16:33:24.612] [debug] [api] [api] event=did.callback status=ignored reason=local_did_not_open screen=temperature
[2026-09-02 16:33:24.651] [info]  [HASTE DB Save] Settings category "inventory" has been updated and saved to SQLite successfully.
[2026-09-02 16:33:24.689] [info]  [HASTE DB Save] Settings category "inventory" has been updated and saved to SQLite successfully.
[2026-09-02 16:33:24.718] [info]  [HASTE DB Save] Settings category "inventory" has been updated and saved to SQLite successfully.
[2026-09-02 16:33:24.740] [info]  [HASTE DB Save] Settings category "inventory" has been updated and saved to SQLite successfully.
[2026-09-02 16:33:24.768] [debug] [api] [HASTE Theme Sync] Applied local UI theme: isDark=false
[2026-09-02 16:33:24.804] [debug] [api] [api] event=did.callback status=started target=local screen=/ reason=local_api_down
[2026-09-02 16:33:24.838] [info]  [app] event=app.startup status=success message="subscriptions registered"
[2026-09-02 16:33:24.852] [debug] [task] [task] event=scheduler.change status=success routine=FOAMER_RINSING intervalSec=3600 normalizedIntervalSec=3600
[2026-09-02 16:33:24.890] [warn]  [HASTE Foamer Schedule] Could not resolve last foamer time: Cannot find module '../services/haste_foamer_stats'
Require stack:
- C:\Users\커피에반하다\AppData\Local\haste_client3\resources\app.asar\out\main\index.js
- 
[2026-09-02 16:33:24.892] [debug] [task] [task] event=scheduler.change status=success routine=WARM_RINSING intervalSec=0 normalizedIntervalSec=0
[2026-09-02 16:33:24.894] [debug] [task] [task] event=scheduler.change status=success routine=MIXER_RINSING intervalSec=0 normalizedIntervalSec=0
[2026-09-02 16:33:24.896] [debug] [task] [task] event=scheduler.change status=success routine=ERROR_CHECK intervalSec=600 normalizedIntervalSec=600
[2026-09-02 16:33:24.898] [debug] [task] [task] event=scheduler.change status=success routine=ICE_MAKER intervalSec=1800 normalizedIntervalSec=1800
[2026-09-02 16:33:24.900] [debug] [task] [task] event=scheduler.change status=success routine=TEMP_CHECK intervalSec=60 normalizedIntervalSec=60
[2026-09-02 16:33:24.902] [debug] [app] event=scheduler.change status=success routine=license.verify intervalSec=86400
[2026-09-02 16:33:24.904] [info]  [app] event=app.startup status=success message="schedulers registered"
[2026-09-02 16:33:24.907] [info]  [HASTE Guard] enableHasteAgent is false (OFF). Skipping agent bot launch.
[2026-09-02 16:33:24.942] [info]  [HASTE Official Auto-Updater] Initialized background auto-updater (Target hotpatches & Official releases).
[2026-09-02 16:33:24.965] [debug] [api] [HASTE DevTools Sync] Current window DevTools opened state: false, Target state: false
[2026-09-02 16:33:25.031] [debug] [coffee] [coffee] event=coffee.socket status=success transport=ws machineName=WMF action=connected
[2026-09-02 16:33:25.077] [debug] [coffee] [coffee] event=hardware.response status=success machineName=Lilly_(WMF) command=getApiVersion returnvalue=40401
[2026-09-02 16:33:25.270] [info]  [HASTE DB Save] Settings category "information" has been updated and saved to SQLite successfully.
[2026-09-02 16:33:25.462] [info]  [HASTE DB Save] Settings category "information" has been updated and saved to SQLite successfully.
[2026-09-02 16:33:25.506] [info]  [app] event=license.verify status=success state=approved storeId=01028730515
[2026-09-02 16:33:25.616] [debug] [coffee] [coffee] event=hardware.response status=success machineName=Lilly_(WMF) command=getDiagnosticData returnvalue=0
[2026-09-02 16:33:25.721] [debug] [coffee] [coffee] event=temperature.change status=success value=96
[2026-09-02 16:33:25.773] [debug] [api] [api] event=did.callback status=ignored reason=local_did_not_open screen=temperature
[2026-09-02 16:33:26.845] [debug] [coffee] [coffee] event=hardware.response status=success machineName=Lilly_(WMF) command=getMachineInfo returnvalue=0
[2026-09-02 16:33:26.961] [info]  [HASTE Startup Auto-Rescue] Serialport incomplete after boot. Executing 1-shot automatic refresh reconnection...
[2026-09-02 16:33:27.009] [info]  [serialport] [serialport] event=serialport.connect status=started scope=all
[2026-09-02 16:33:27.219] [debug] [api] [api] event=did.callback status=started target=local screen=main
[2026-09-02 16:33:27.262] [debug] [serialport] [serialport] event=serialport.connect status=success boardName=board1 port=COM3
[2026-09-02 16:33:27.325] [debug] [serialport] [serialport] event=serialport.packet status=success boardName=board1 length=24 message="bytearray(b'\\x020A1DCP0201A00101A10344\\x03')"
[2026-09-02 16:33:28.483] [debug] [task] [app] event=did.open status=success reason=electron_window_local_webview_monitor url=http://127.0.0.1:8080/did/index.html?clientId=A8%3AA1%3A59%3AB9%3A35%3A36
[2026-09-02 16:33:28.620] [debug] [task] [app] event=did.open status=success reason=electron_window_remote_webview_monitor url=http://127.0.0.1:8080/promo
[2026-09-02 16:33:28.734] [info]  [HASTE Auto-DID] Successfully auto-launched dual DIDs with restored monitor positions!
[2026-09-02 16:33:29.687] [info]  [task] [HASTE Remote Hotpatch] Downloading ASAR from: https://github.com/rst9374-tech/haste_client_version/releases/download/v3.3.1r133/hasteai_client_v3.3.1r133.asar
[2026-09-02 16:33:30.220] [info]  🚀 [HASTE Target Updater] New remote deployment detected (3.3.1r96 > 3.3.1r83). Auto-applying update immediately...
[2026-09-02 16:33:30.247] [info]  [HASTE Official Updater] Downloading official update v3.3.1r96 from: https://github.com/rst9374-tech/haste_client_version/releases/download/v3.3.1r96/hasteai_client_v3.3.1r96.asar
[2026-09-02 16:33:30.256] [error] [app] event=main_process.error status=failed reason=uncaught_exception stack=Error:_Invalid_package_C:\Users\커피에~1\AppData\Local\Temp\hasteai_official_v3.3.1r96.asar_at_createError_(node:electron/js2c/node_init:2:2369)_at_t.<computed>_[as_open]_(node:electron/js2c/node_init:2:3203)_at_WriteStream._construct_(node:internal/fs/streams:74:17)_at_constructNT_(node:internal/streams/destroy:300:12)_at_process.processTicksAndRejections_(node:internal/process/task_queues:89:21) message="Invalid package C:\\Users\\커피에~1\\AppData\\Local\\Temp\\hasteai_official_v3.3.1r96.asar"
[2026-09-02 16:33:30.340] [error] [HASTE Auto-Updater] Failed to apply update: Download failed with status: 404
[2026-09-02 16:33:35.658] [info]  [HASTE Shutdown] Releasing all serial ports...
[2026-09-02 16:33:35.712] [info]  [app] event=app.shutdown status=started
[2026-09-02 16:33:35.826] [debug] [serialport] [serialport] event=serialport.close status=success boardName=board1 port=COM3
[2026-09-02 16:33:38.234] [info]  [HASTE DB Load] Loaded settings from SQLite database successfully. StoreName: "수원금곡삼익점", StoreNo: "01028730515", ThemeMode: "Light", isKioskDryRun: "false"
[2026-09-02 16:33:38.677] [info]  [app] event=app.startup status=started appVersion=3.3.1r83 packaged=true
[2026-09-02 16:33:38.824] [info]  [app] event=app.window status=success
[2026-09-02 16:33:38.842] [info]  [app] event=app.tray status=success
[2026-09-02 16:33:38.843] [info]  [app] event=updater.check status=ignored reason=store_managed_distribution
[2026-09-02 16:33:38.853] [info]  [app] event=app.ipc status=success
[2026-09-02 16:33:38.980] [info]  [app] event=task.start status=success
[2026-09-02 16:33:38.982] [debug] [api] [api] event=settings.change status=success port=8080 posStoreNo=01028730515 deviceModelId=D0000
[2026-09-02 16:33:38.986] [info]  [api] [HASTE] Found SSL Certificates at: C:\Users\커피에반하다\AppData\Local\haste_client3\resources\resources
[2026-09-02 16:33:38.990] [info]  [api] [HASTE] Started HTTP Hono Server on port 8080 (Toss Place HTTP Mode).
[2026-09-02 16:33:38.992] [info]  [api] [HASTE] Started HTTPS Hono Server on port 8443 (Toss Kiosk Mode).
[2026-09-02 16:33:38.993] [debug] [api] [api] event=api.server status=success port=8080 host=0.0.0.0
[2026-09-02 16:33:38.994] [debug] [coffee] [coffee] event=settings.change status=success field=thirdpartyType value=Lilly_(WMF)
[2026-09-02 16:33:38.997] [debug] [coffee] [coffee] event=coffee.socket status=started transport=ws machineName=WMF model=Lilly_(WMF) ip=192.168.10.99 port=25000
[2026-09-02 16:33:39.003] [debug] [coffee] [coffee] event=temperature.change status=success
[2026-09-02 16:33:39.004] [debug] [api] [api] event=did.callback status=ignored reason=local_did_not_open screen=temperature
[2026-09-02 16:33:39.008] [info]  [HASTE DB Save] Settings category "inventory" has been updated and saved to SQLite successfully.
[2026-09-02 16:33:39.011] [info]  [HASTE DB Save] Settings category "inventory" has been updated and saved to SQLite successfully.
[2026-09-02 16:33:39.013] [info]  [HASTE DB Save] Settings category "inventory" has been updated and saved to SQLite successfully.
[2026-09-02 16:33:39.017] [info]  [HASTE DB Save] Settings category "inventory" has been updated and saved to SQLite successfully.
[2026-09-02 16:33:39.018] [debug] [api] [HASTE Theme Sync] Applied local UI theme: isDark=false
[2026-09-02 16:33:39.021] [debug] [api] [api] event=did.callback status=started target=local screen=/ reason=local_api_down
[2026-09-02 16:33:39.024] [info]  [app] event=app.startup status=success message="subscriptions registered"
[2026-09-02 16:33:39.025] [debug] [task] [task] event=scheduler.change status=success routine=FOAMER_RINSING intervalSec=3600 normalizedIntervalSec=3600
[2026-09-02 16:33:39.027] [warn]  [HASTE Foamer Schedule] Could not resolve last foamer time: Cannot find module '../services/haste_foamer_stats'
Require stack:
- C:\Users\커피에반하다\AppData\Local\haste_client3\resources\app.asar\out\main\index.js
- 
[2026-09-02 16:33:39.029] [debug] [task] [task] event=scheduler.change status=success routine=WARM_RINSING intervalSec=0 normalizedIntervalSec=0
[2026-09-02 16:33:39.030] [debug] [task] [task] event=scheduler.change status=success routine=MIXER_RINSING intervalSec=0 normalizedIntervalSec=0
[2026-09-02 16:33:39.031] [debug] [task] [task] event=scheduler.change status=success routine=ERROR_CHECK intervalSec=600 normalizedIntervalSec=600
[2026-09-02 16:33:39.032] [debug] [task] [task] event=scheduler.change status=success routine=ICE_MAKER intervalSec=1800 normalizedIntervalSec=1800
[2026-09-02 16:33:39.033] [debug] [task] [task] event=scheduler.change status=success routine=TEMP_CHECK intervalSec=60 normalizedIntervalSec=60
[2026-09-02 16:33:39.034] [debug] [app] event=scheduler.change status=success routine=license.verify intervalSec=86400
[2026-09-02 16:33:39.035] [info]  [app] event=app.startup status=success message="schedulers registered"
[2026-09-02 16:33:39.037] [info]  [HASTE Guard] enableHasteAgent is false (OFF). Skipping agent bot launch.
[2026-09-02 16:33:39.038] [info]  [HASTE Official Auto-Updater] Initialized background auto-updater (Target hotpatches & Official releases).
[2026-09-02 16:33:39.073] [debug] [coffee] [coffee] event=coffee.socket status=success transport=ws machineName=WMF action=connected
[2026-09-02 16:33:39.076] [debug] [api] [HASTE DevTools Sync] Current window DevTools opened state: false, Target state: false
[2026-09-02 16:33:39.089] [debug] [coffee] [coffee] event=hardware.response status=success machineName=Lilly_(WMF) command=getApiVersion returnvalue=40401
[2026-09-02 16:33:39.337] [info]  [HASTE DB Save] Settings category "information" has been updated and saved to SQLite successfully.
[2026-09-02 16:33:39.373] [info]  [HASTE DB Save] Settings category "information" has been updated and saved to SQLite successfully.
[2026-09-02 16:33:39.373] [info]  [app] event=license.verify status=success state=approved storeId=01028730515
[2026-09-02 16:33:39.633] [debug] [coffee] [coffee] event=hardware.response status=success machineName=Lilly_(WMF) command=getDiagnosticData returnvalue=0
[2026-09-02 16:33:39.634] [debug] [coffee] [coffee] event=temperature.change status=success value=96
[2026-09-02 16:33:39.635] [debug] [api] [api] event=did.callback status=ignored reason=local_did_not_open screen=temperature
[2026-09-02 16:33:40.725] [debug] [coffee] [coffee] event=hardware.response status=success machineName=Lilly_(WMF) command=getMachineInfo returnvalue=0
[2026-09-02 16:33:41.115] [info]  [HASTE Startup Auto-Rescue] Serialport incomplete after boot. Executing 1-shot automatic refresh reconnection...
[2026-09-02 16:33:41.116] [info]  [serialport] [serialport] event=serialport.connect status=started scope=all
[2026-09-02 16:33:41.209] [debug] [api] [api] event=did.callback status=started target=local screen=main
[2026-09-02 16:33:41.210] [debug] [serialport] [serialport] event=serialport.connect status=success boardName=board1 port=COM3
[2026-09-02 16:33:41.217] [debug] [serialport] [serialport] event=serialport.packet status=success boardName=board1 length=24 message="bytearray(b'\\x020A1DCP0201A00101A10344\\x03')"
[2026-09-02 16:33:42.582] [debug] [task] [app] event=did.open status=success reason=electron_window_local_webview_monitor url=http://127.0.0.1:8080/did/index.html?clientId=A8%3AA1%3A59%3AB9%3A35%3A36
[2026-09-02 16:33:42.643] [debug] [task] [app] event=did.open status=success reason=electron_window_remote_webview_monitor url=http://127.0.0.1:8080/promo
[2026-09-02 16:33:42.645] [info]  [HASTE Auto-DID] Successfully auto-launched dual DIDs with restored monitor positions!
[2026-09-02 16:33:43.567] [info]  [task] [HASTE Remote Hotpatch] Downloading ASAR from: https://github.com/rst9374-tech/haste_client_version/releases/download/v3.3.1r133/hasteai_client_v3.3.1r133.asar
[2026-09-02 16:33:44.285] [info]  🚀 [HASTE Target Updater] New remote deployment detected (3.3.1r96 > 3.3.1r83). Auto-applying update immediately...
[2026-09-02 16:33:44.285] [info]  [HASTE Official Updater] Downloading official update v3.3.1r96 from: https://github.com/rst9374-tech/haste_client_version/releases/download/v3.3.1r96/hasteai_client_v3.3.1r96.asar
[2026-09-02 16:33:44.289] [error] [app] event=main_process.error status=failed reason=uncaught_exception stack=Error:_Invalid_package_C:\Users\커피에~1\AppData\Local\Temp\hasteai_official_v3.3.1r96.asar_at_createError_(node:electron/js2c/node_init:2:2369)_at_t.<computed>_[as_open]_(node:electron/js2c/node_init:2:3203)_at_WriteStream._construct_(node:internal/fs/streams:74:17)_at_constructNT_(node:internal/streams/destroy:300:12)_at_process.processTicksAndRejections_(node:internal/process/task_queues:89:21) message="Invalid package C:\\Users\\커피에~1\\AppData\\Local\\Temp\\hasteai_official_v3.3.1r96.asar"
[2026-09-02 16:33:44.355] [error] [HASTE Auto-Updater] Failed to apply update: Download failed with status: 404
[2026-09-02 16:33:46.244] [info]  [task] [HASTE Remote Hotpatch] PS1 script written: C:\Users\커피에~1\AppData\Local\Temp\haste_remote_patch_1788334426243.ps1
[2026-09-02 16:33:47.267] [info]  [HASTE Shutdown] Releasing all serial ports...
[2026-09-02 16:33:47.269] [info]  [app] event=app.shutdown status=started
[2026-09-02 16:33:50.271] [info]  [HASTE DB Load] Loaded settings from SQLite database successfully. StoreName: "수원금곡삼익점", StoreNo: "01028730515", ThemeMode: "Light", isKioskDryRun: "false"
[2026-09-02 16:33:50.742] [info]  [app] event=app.startup status=started appVersion=3.3.1r133 packaged=true
[2026-09-02 16:33:50.747] [info]  [HASTE Media Sync] Synchronized 0 DID media files from ASAR to external resources.
[2026-09-02 16:33:50.869] [info]  [app] event=app.window status=success
[2026-09-02 16:33:50.886] [info]  [app] event=app.tray status=success
[2026-09-02 16:33:50.887] [info]  [app] event=updater.check status=ignored reason=store_managed_distribution
[2026-09-02 16:33:50.893] [info]  [app] event=app.ipc status=success
[2026-09-02 16:33:51.061] [info]  [app] event=task.start status=success
[2026-09-02 16:33:51.063] [debug] [api] [api] event=settings.change status=success port=8080 posStoreNo=01028730515 deviceModelId=D0000
[2026-09-02 16:33:51.066] [info]  [api] [HASTE] Found SSL Certificates at: C:\Users\커피에반하다\AppData\Local\haste_client3\resources\resources
[2026-09-02 16:33:51.069] [info]  [api] [HASTE] Started HTTP Hono Server on port 8080 (Toss Place HTTP Mode).
[2026-09-02 16:33:51.071] [info]  [api] [HASTE] Started HTTPS Hono Server on port 8443 (Toss Kiosk Mode).
[2026-09-02 16:33:51.073] [debug] [api] [api] event=api.server status=success port=8080 host=0.0.0.0
[2026-09-02 16:33:51.074] [debug] [coffee] [coffee] event=settings.change status=success field=thirdpartyType value=Lilly_(WMF)
[2026-09-02 16:33:51.076] [debug] [coffee] [coffee] event=coffee.socket status=started transport=ws machineName=WMF model=Lilly_(WMF) ip=192.168.10.99 port=25000
[2026-09-02 16:33:51.082] [debug] [coffee] [coffee] event=temperature.change status=success
[2026-09-02 16:33:51.083] [debug] [api] [api] event=did.callback status=ignored reason=local_did_not_open screen=temperature
[2026-09-02 16:33:51.087] [info]  [HASTE DB Save] Settings category "inventory" has been updated and saved to SQLite successfully.
[2026-09-02 16:33:51.089] [info]  [HASTE DB Save] Settings category "inventory" has been updated and saved to SQLite successfully.
[2026-09-02 16:33:51.092] [info]  [HASTE DB Save] Settings category "inventory" has been updated and saved to SQLite successfully.
[2026-09-02 16:33:51.094] [info]  [HASTE DB Save] Settings category "inventory" has been updated and saved to SQLite successfully.
[2026-09-02 16:33:51.095] [debug] [api] [HASTE Theme Sync] Applied local UI theme: isDark=false
[2026-09-02 16:33:51.096] [debug] [api] [api] event=did.callback status=started target=local screen=/ reason=local_api_down
[2026-09-02 16:33:51.098] [info]  [app] event=app.startup status=success message="subscriptions registered"
[2026-09-02 16:33:51.100] [debug] [task] [task] event=scheduler.change status=success routine=FOAMER_RINSING intervalSec=3600 normalizedIntervalSec=3600
[2026-09-02 16:33:51.105] [debug] [task] [task] event=scheduler.change status=success routine=WARM_RINSING intervalSec=0 normalizedIntervalSec=0
[2026-09-02 16:33:51.106] [debug] [task] [task] event=scheduler.change status=success routine=MIXER_RINSING intervalSec=0 normalizedIntervalSec=0
[2026-09-02 16:33:51.106] [debug] [task] [task] event=scheduler.change status=success routine=ERROR_CHECK intervalSec=600 normalizedIntervalSec=600
[2026-09-02 16:33:51.108] [debug] [task] [task] event=scheduler.change status=success routine=ICE_MAKER intervalSec=1800 normalizedIntervalSec=1800
[2026-09-02 16:33:51.109] [debug] [task] [task] event=scheduler.change status=success routine=TEMP_CHECK intervalSec=60 normalizedIntervalSec=60
[2026-09-02 16:33:51.110] [debug] [app] event=scheduler.change status=success routine=license.verify intervalSec=86400
[2026-09-02 16:33:51.110] [info]  [app] event=app.startup status=success message="schedulers registered"
[2026-09-02 16:33:51.112] [info]  [HASTE Guard] enableHasteAgent is false (OFF). Skipping agent bot launch.
[2026-09-02 16:33:51.113] [info]  [HASTE Official Auto-Updater] Initialized background auto-updater (Target hotpatches & Official releases).
[2026-09-02 16:33:51.185] [debug] [coffee] [coffee] event=coffee.socket status=success transport=ws machineName=WMF action=connected
[2026-09-02 16:33:51.189] [debug] [api] [HASTE DevTools Sync] Current window DevTools opened state: false, Target state: false
[2026-09-02 16:33:51.207] [debug] [coffee] [coffee] event=hardware.response status=success machineName=Lilly_(WMF) command=getApiVersion returnvalue=40401
[2026-09-02 16:33:51.418] [info]  [HASTE DB Save] Settings category "information" has been updated and saved to SQLite successfully.
[2026-09-02 16:33:51.421] [info]  [app] event=license.verify status=success state=approved storeId=01028730515
[2026-09-02 16:33:51.426] [info]  [HASTE DB Save] Settings category "information" has been updated and saved to SQLite successfully.
[2026-09-02 16:33:51.878] [debug] [coffee] [coffee] event=hardware.response status=success machineName=Lilly_(WMF) command=getDiagnosticData returnvalue=0
[2026-09-02 16:33:51.879] [debug] [coffee] [coffee] event=temperature.change status=success value=96
[2026-09-02 16:33:51.880] [debug] [api] [api] event=did.callback status=ignored reason=local_did_not_open screen=temperature
[2026-09-02 16:33:52.843] [debug] [coffee] [coffee] event=hardware.response status=success machineName=Lilly_(WMF) command=getMachineInfo returnvalue=0
[2026-09-02 16:33:53.116] [info]  [HASTE Startup Auto-Rescue] Serialport incomplete after boot. Executing 1-shot automatic refresh reconnection...
[2026-09-02 16:33:53.117] [info]  [serialport] [serialport] event=serialport.connect status=started scope=all
[2026-09-02 16:33:53.138] [debug] [api] [api] event=did.callback status=started target=local screen=main
[2026-09-02 16:33:53.139] [debug] [serialport] [serialport] event=serialport.connect status=success boardName=board1 port=COM3
[2026-09-02 16:33:53.198] [debug] [serialport] [serialport] event=serialport.packet status=success boardName=board1 length=24 message="bytearray(b'\\x020A1DCP0201A00101A10344\\x03')"
[2026-09-02 16:33:54.662] [debug] [task] [app] event=did.open status=success reason=electron_window_local_webview_monitor url=http://127.0.0.1:8080/did/index.html?clientId=A8%3AA1%3A59%3AB9%3A35%3A36
[2026-09-02 16:33:54.775] [debug] [task] [app] event=did.open status=success reason=electron_window_remote_webview_monitor url=http://127.0.0.1:8080/promo
[2026-09-02 16:33:54.776] [info]  [HASTE Auto-DID] Successfully auto-launched dual DIDs for approved store "01028730515"!
[2026-09-02 16:34:07.783] [debug] [task] [app] event=did.open status=success reason=electron_window_remote_webview_monitor url=http://127.0.0.1:8080/promo
[2026-09-02 16:34:07.785] [debug] [api] [HASTE Theme Sync] Applied local UI theme: isDark=false
[2026-09-02 16:34:07.790] [info]  [HASTE DB Save] Settings category "information" has been updated and saved to SQLite successfully.
[2026-09-02 16:34:07.838] [debug] [api] [HASTE DevTools Sync] Current window DevTools opened state: false, Target state: false
[2026-09-02 16:34:08.699] [debug] [task] [app] event=did.open status=success reason=electron_window_local_webview_monitor url=http://127.0.0.1:8080/did/index.html?clientId=A8%3AA1%3A59%3AB9%3A35%3A36
[2026-09-02 16:34:08.703] [debug] [api] [HASTE Theme Sync] Applied local UI theme: isDark=false
[2026-09-02 16:34:08.707] [info]  [HASTE DB Save] Settings category "information" has been updated and saved to SQLite successfully.
[2026-09-02 16:34:08.756] [debug] [api] [HASTE DevTools Sync] Current window DevTools opened state: false, Target state: false
[2026-09-02 16:34:37.518] [debug] [api] [HASTE Theme Sync] Applied local UI theme: isDark=false
[2026-09-02 16:34:37.521] [info]  [HASTE DB Save] Settings category "information" has been updated and saved to SQLite successfully.
[2026-09-02 16:34:37.523] [info]  [HASTE DB Save] Settings category "coffee" has been updated and saved to SQLite successfully.
[2026-09-02 16:34:37.719] [info]  [HASTE DB Save] Settings category "information" has been updated and saved to SQLite successfully.
[2026-09-02 16:34:37.724] [info]  [HASTE DB Save] Settings category "information" has been updated and saved to SQLite successfully.
[2026-09-02 16:34:37.728] [info]  [HASTE DB Save] Settings category "information" has been updated and saved to SQLite successfully.
[2026-09-02 16:34:37.870] [debug] [api] [HASTE DevTools Sync] Current window DevTools opened state: false, Target state: false
[2026-09-02 16:34:38.178] [info]  [HASTE DB Save] Settings category "information" has been updated and saved to SQLite successfully.
[2026-09-02 16:34:38.420] [info]  [HASTE DB Save] Settings category "information" has been updated and saved to SQLite successfully.
[2026-09-02 16:34:38.515] [debug] [task] [app] event=did.open status=success reason=electron_window_local_webview_monitor url=http://127.0.0.1:8080/did/index.html?clientId=A8%3AA1%3A59%3AB9%3A35%3A36
[2026-09-02 16:34:38.630] [debug] [task] [app] event=did.open status=success reason=electron_window_remote_webview_monitor url=http://127.0.0.1:8080/promo
[2026-09-02 16:34:38.632] [info]  [HASTE Auto-DID] Successfully auto-launched dual DIDs for approved store "01028730515"!
[2026-09-02 16:34:40.797] [debug] [api] [HASTE Theme Sync] Applied local UI theme: isDark=false
[2026-09-02 16:34:40.800] [info]  [HASTE DB Save] Settings category "information" has been updated and saved to SQLite successfully.
[2026-09-02 16:34:40.805] [info]  [HASTE DB Save] Settings category "coffee" has been updated and saved to SQLite successfully.
[2026-09-02 16:34:40.852] [debug] [api] [HASTE DevTools Sync] Current window DevTools opened state: false, Target state: false
[2026-09-02 16:34:40.967] [info]  [HASTE DB Save] Settings category "information" has been updated and saved to SQLite successfully.
[2026-09-02 16:34:40.969] [info]  [HASTE DB Save] Settings category "information" has been updated and saved to SQLite successfully.
[2026-09-02 16:34:40.972] [info]  [HASTE DB Save] Settings category "information" has been updated and saved to SQLite successfully.
[2026-09-02 16:34:41.175] [info]  [HASTE DB Save] Settings category "information" has been updated and saved to SQLite successfully.
[2026-09-02 16:34:41.427] [info]  [HASTE DB Save] Settings category "information" has been updated and saved to SQLite successfully.
[2026-09-02 16:34:41.548] [debug] [task] [app] event=did.open status=success reason=electron_window_local_webview_monitor url=http://127.0.0.1:8080/did/index.html?clientId=A8%3AA1%3A59%3AB9%3A35%3A36
[2026-09-02 16:34:41.594] [debug] [task] [app] event=did.open status=success reason=electron_window_remote_webview_monitor url=http://127.0.0.1:8080/promo
[2026-09-02 16:34:41.596] [info]  [HASTE Auto-DID] Successfully auto-launched dual DIDs for approved store "01028730515"!
[2026-09-02 16:34:42.302] [info]  [HASTE DB Save] Settings category "information" has been updated and saved to SQLite successfully.
[2026-09-02 16:34:42.305] [info]  [HASTE DB Save] Settings category "information" has been updated and saved to SQLite successfully.
[2026-09-02 16:34:42.306] [info]  [HASTE DB Save] Settings category "information" has been updated and saved to SQLite successfully.
[2026-09-02 16:34:42.466] [info]  [HASTE DB Save] Settings category "information" has been updated and saved to SQLite successfully.
[2026-09-02 16:34:42.594] [info]  [HASTE DB Save] Settings category "information" has been updated and saved to SQLite successfully.
[2026-09-02 16:34:42.696] [debug] [task] [app] event=did.open status=success reason=electron_window_local_webview_monitor url=http://127.0.0.1:8080/did/index.html?clientId=A8%3AA1%3A59%3AB9%3A35%3A36
[2026-09-02 16:34:42.737] [debug] [task] [app] event=did.open status=success reason=electron_window_remote_webview_monitor url=http://127.0.0.1:8080/promo
[2026-09-02 16:34:42.738] [info]  [HASTE Auto-DID] Successfully auto-launched dual DIDs for approved store "01028730515"!
[2026-09-02 16:34:44.917] [info]  [HASTE DB Save] Settings category "information" has been updated and saved to SQLite successfully.
[2026-09-02 16:34:44.919] [info]  [HASTE DB Save] Settings category "information" has been updated and saved to SQLite successfully.
[2026-09-02 16:34:44.924] [info]  [HASTE DB Save] Settings category "information" has been updated and saved to SQLite successfully.
[2026-09-02 16:34:45.109] [info]  [HASTE DB Save] Settings category "information" has been updated and saved to SQLite successfully.
[2026-09-02 16:34:45.236] [info]  [HASTE DB Save] Settings category "information" has been updated and saved to SQLite successfully.
[2026-09-02 16:34:45.331] [debug] [task] [app] event=did.open status=success reason=electron_window_local_webview_monitor url=http://127.0.0.1:8080/did/index.html?clientId=A8%3AA1%3A59%3AB9%3A35%3A36
[2026-09-02 16:34:45.434] [debug] [task] [app] event=did.open status=success reason=electron_window_remote_webview_monitor url=http://127.0.0.1:8080/promo
[2026-09-02 16:34:45.435] [info]  [HASTE Auto-DID] Successfully auto-launched dual DIDs for approved store "01028730515"!
[2026-09-02 16:34:48.217] [debug] [api] [HASTE Theme Sync] Applied local UI theme: isDark=false
[2026-09-02 16:34:48.220] [info]  [HASTE DB Save] Settings category "information" has been updated and saved to SQLite successfully.
[2026-09-02 16:34:48.223] [info]  [HASTE DB Save] Settings category "coffee" has been updated and saved to SQLite successfully.
[2026-09-02 16:34:48.271] [debug] [api] [HASTE DevTools Sync] Current window DevTools opened state: false, Target state: false
[2026-09-02 16:34:48.321] [info]  [HASTE DB Save] Settings category "information" has been updated and saved to SQLite successfully.
[2026-09-02 16:34:48.323] [info]  [HASTE DB Save] Settings category "information" has been updated and saved to SQLite successfully.
[2026-09-02 16:34:48.327] [info]  [HASTE DB Save] Settings category "information" has been updated and saved to SQLite successfully.
[2026-09-02 16:34:48.560] [info]  [HASTE DB Save] Settings category "information" has been updated and saved to SQLite successfully.
[2026-09-02 16:34:48.693] [info]  [HASTE DB Save] Settings category "information" has been updated and saved to SQLite successfully.
[2026-09-02 16:34:48.803] [debug] [task] [app] event=did.open status=success reason=electron_window_local_webview_monitor url=http://127.0.0.1:8080/did/index.html?clientId=A8%3AA1%3A59%3AB9%3A35%3A36
[2026-09-02 16:34:48.873] [debug] [task] [app] event=did.open status=success reason=electron_window_remote_webview_monitor url=http://127.0.0.1:8080/promo
[2026-09-02 16:34:48.874] [info]  [HASTE Auto-DID] Successfully auto-launched dual DIDs for approved store "01028730515"!
[2026-09-02 16:34:49.663] [debug] [api] [HASTE Theme Sync] Applied local UI theme: isDark=false
[2026-09-02 16:34:49.666] [info]  [HASTE DB Save] Settings category "information" has been updated and saved to SQLite successfully.
[2026-09-02 16:34:49.895] [info]  [HASTE DB Save] Settings category "information" has been updated and saved to SQLite successfully.
[2026-09-02 16:34:49.897] [info]  [HASTE DB Save] Settings category "information" has been updated and saved to SQLite successfully.
[2026-09-02 16:34:49.899] [info]  [HASTE DB Save] Settings category "information" has been updated and saved to SQLite successfully.