[2026-08-10 23:48:25.958] [error] at wrapResolveFilename (node:internal/modules/cjs/loader:1078:27)
[2026-08-10 23:48:25.959] [error] at defaultResolveImplForCJSLoading (node:internal/modules/cjs/loader:1102:10)
[2026-08-10 23:48:25.959] [error] at resolveForCJSWithHooks (node:internal/modules/cjs/loader:1129:12)
[2026-08-10 23:48:25.960] [error] at Module._load (node:internal/modules/cjs/loader:1301:5)
[2026-08-10 23:48:25.960] [error] at c._load (node:electron/js2c/node_init:2:18060)
[2026-08-10 23:48:25.961] [error] at wrapModuleLoad (node:internal/modules/cjs/loader:262:19)
[2026-08-10 23:48:25.962] [error] at Module.require (node:internal/modules/cjs/loader:1624:12)
[2026-08-10 23:48:25.962] [error] at require (node:internal/modules/helpers:153:16)
[2026-08-10 23:48:25.963] [error] at Object.<anonymous> (C:\Users\커피에반하다\AppData\Local\Programs\haste-client\resources\app.asar\node_modules\discord.js\src\index.js:3:29) {
[2026-08-10 23:48:25.964] [error] code: 'MODULE_NOT_FOUND',
[2026-08-10 23:48:25.965] [error] requireStack: [
[2026-08-10 23:48:25.966] [error] 'C:\\Users\\커피에반하다\\AppData\\Local\\Programs\\haste-client\\resources\\app.asar\\node_modules\\discord.js\\src\\index.js',
[2026-08-10 23:48:25.968] [error] 'C:\\Users\\커피에반하다\\AppData\\Local\\Programs\\haste-client\\resources\\app.asar\\haste_agent_bridge.js'
[2026-08-10 23:48:25.970] [error] ]
[2026-08-10 23:48:25.972] [error] }
[2026-08-10 23:48:25.974] [error] Node.js v24.18.0
[2026-08-10 23:48:31.410] [error] node:internal/modules/cjs/loader:1527
[2026-08-10 23:48:31.412] [error] throw err;
[2026-08-10 23:48:31.414] [error] ^
[2026-08-10 23:48:31.415] [error] Error: Cannot find module '@discordjs/util'
[2026-08-10 23:48:31.416] [error] Require stack:
[2026-08-10 23:48:31.418] [error] - C:\Users\커피에반하다\AppData\Local\Programs\haste-client\resources\app.asar\node_modules\discord.js\src\index.js
[2026-08-10 23:48:31.420] [error] - C:\Users\커피에반하다\AppData\Local\Programs\haste-client\resources\app.asar\haste_agent_bridge.js
[2026-08-10 23:48:31.421] [error] at Module._resolveFilename (node:internal/modules/cjs/loader:1524:15)
[2026-08-10 23:48:31.423] [error] at wrapResolveFilename (node:internal/modules/cjs/loader:1078:27)
[2026-08-10 23:48:31.424] [error] at defaultResolveImplForCJSLoading (node:internal/modules/cjs/loader:1102:10)
[2026-08-10 23:48:31.426] [error] at resolveForCJSWithHooks (node:internal/modules/cjs/loader:1129:12)
[2026-08-10 23:48:31.426] [error] at Module._load (node:internal/modules/cjs/loader:1301:5)
[2026-08-10 23:48:31.427] [error] at c._load (node:electron/js2c/node_init:2:18060)
[2026-08-10 23:48:31.428] [error] at wrapModuleLoad (node:internal/modules/cjs/loader:262:19)
[2026-08-10 23:48:31.430] [error] at Module.require (node:internal/modules/cjs/loader:1624:12)
[2026-08-10 23:48:31.430] [error] at require (node:internal/modules/helpers:153:16)
[2026-08-10 23:48:31.431] [error] at Object.<anonymous> (C:\Users\커피에반하다\AppData\Local\Programs\haste-client\resources\app.asar\node_modules\discord.js\src\index.js:3:29) {
[2026-08-10 23:48:31.431] [error] code: 'MODULE_NOT_FOUND',
[2026-08-10 23:48:31.432] [error] requireStack: [
[2026-08-10 23:48:31.432] [error] 'C:\\Users\\커피에반하다\\AppData\\Local\\Programs\\haste-client\\resources\\app.asar\\node_modules\\discord.js\\src\\index.js',
[2026-08-10 23:48:31.433] [error] 'C:\\Users\\커피에반하다\\AppData\\Local\\Programs\\haste-client\\resources\\app.asar\\haste_agent_bridge.js'
[2026-08-10 23:48:31.434] [error] ]
[2026-08-10 23:48:31.439] [error] }
[2026-08-10 23:48:31.444] [error] Node.js v24.18.0
[2026-08-10 23:48:37.111] [error] node:internal/modules/cjs/loader:1527
[2026-08-10 23:48:37.112] [error] throw err;
[2026-08-10 23:48:37.114] [error] ^
[2026-08-10 23:48:37.115] [error] Error: Cannot find module '@discordjs/util'
[2026-08-10 23:48:37.117] [error] Require stack:
[2026-08-10 23:48:37.118] [error] - C:\Users\커피에반하다\AppData\Local\Programs\haste-client\resources\app.asar\node_modules\discord.js\src\index.js
[2026-08-10 23:48:37.120] [error] - C:\Users\커피에반하다\AppData\Local\Programs\haste-client\resources\app.asar\haste_agent_bridge.js
[2026-08-10 23:48:37.121] [error] at Module._resolveFilename (node:internal/modules/cjs/loader:1524:15)
[2026-08-10 23:48:37.123] [error] at wrapResolveFilename (node:internal/modules/cjs/loader:1078:27)
[2026-08-10 23:48:37.124] [error] at defaultResolveImplForCJSLoading (node:internal/modules/cjs/loader:1102:10)
[2026-08-10 23:48:37.125] [error] at resolveForCJSWithHooks (node:internal/modules/cjs/loader:1129:12)
[2026-08-10 23:48:37.127] [error] at Module._load (node:internal/modules/cjs/loader:1301:5)
[2026-08-10 23:48:37.128] [error] at c._load (node:electron/js2c/node_init:2:18060)
[2026-08-10 23:48:37.128] [error] at wrapModuleLoad (node:internal/modules/cjs/loader:262:19)
[2026-08-10 23:48:37.130] [error] at Module.require (node:internal/modules/cjs/loader:1624:12)
[2026-08-10 23:48:37.131] [error] at require (node:internal/modules/helpers:153:16)
[2026-08-10 23:48:37.132] [error] at Object.<anonymous> (C:\Users\커피에반하다\AppData\Local\Programs\haste-client\resources\app.asar\node_modules\discord.js\src\index.js:3:29) {
[2026-08-10 23:48:37.132] [error] code: 'MODULE_NOT_FOUND',
[2026-08-10 23:48:37.133] [error] requireStack: [
[2026-08-10 23:48:37.133] [error] 'C:\\Users\\커피에반하다\\AppData\\Local\\Programs\\haste-client\\resources\\app.asar\\node_modules\\discord.js\\src\\index.js',
[2026-08-10 23:48:37.135] [error] 'C:\\Users\\커피에반하다\\AppData\\Local\\Programs\\haste-client\\resources\\app.asar\\haste_agent_bridge.js'
[2026-08-10 23:48:37.136] [error] ]
[2026-08-10 23:48:37.138] [error] }
[2026-08-10 23:48:37.139] [error] Node.js v24.18.0
[2026-08-10 23:48:42.668] [error] node:internal/modules/cjs/loader:1527
[2026-08-10 23:48:42.670] [error] throw err;
[2026-08-10 23:48:42.672] [error] ^
[2026-08-10 23:48:42.673] [error] Error: Cannot find module '@discordjs/util'
[2026-08-10 23:48:42.675] [error] Require stack:
[2026-08-10 23:48:42.677] [error] - C:\Users\커피에반하다\AppData\Local\Programs\haste-client\resources\app.asar\node_modules\discord.js\src\index.js
[2026-08-10 23:48:42.678] [error] - C:\Users\커피에반하다\AppData\Local\Programs\haste-client\resources\app.asar\haste_agent_bridge.js
[2026-08-10 23:48:42.679] [error] at Module._resolveFilename (node:internal/modules/cjs/loader:1524:15)
[2026-08-10 23:48:42.682] [error] at wrapResolveFilename (node:internal/modules/cjs/loader:1078:27)
[2026-08-10 23:48:42.683] [error] at defaultResolveImplForCJSLoading (node:internal/modules/cjs/loader:1102:10)
[2026-08-10 23:48:42.684] [error] at resolveForCJSWithHooks (node:internal/modules/cjs/loader:1129:12)
[2026-08-10 23:48:42.686] [error] at Module._load (node:internal/modules/cjs/loader:1301:5)
[2026-08-10 23:48:42.687] [error] at c._load (node:electron/js2c/node_init:2:18060)
[2026-08-10 23:48:42.689] [error] at wrapModuleLoad (node:internal/modules/cjs/loader:262:19)
[2026-08-10 23:48:42.690] [error] at Module.require (node:internal/modules/cjs/loader:1624:12)
[2026-08-10 23:48:42.692] [error] at require (node:internal/modules/helpers:153:16)
[2026-08-10 23:48:42.693] [error] at Object.<anonymous> (C:\Users\커피에반하다\AppData\Local\Programs\haste-client\resources\app.asar\node_modules\discord.js\src\index.js:3:29) {
[2026-08-10 23:48:42.694] [error] code: 'MODULE_NOT_FOUND',
[2026-08-10 23:48:42.695] [error] requireStack: [
[2026-08-10 23:48:42.696] [error] 'C:\\Users\\커피에반하다\\AppData\\Local\\Programs\\haste-client\\resources\\app.asar\\node_modules\\discord.js\\src\\index.js',
[2026-08-10 23:48:42.697] [error] 'C:\\Users\\커피에반하다\\AppData\\Local\\Programs\\haste-client\\resources\\app.asar\\haste_agent_bridge.js'
[2026-08-10 23:48:42.699] [error] ]
[2026-08-10 23:48:42.700] [error] }
[2026-08-10 23:48:42.701] [error] Node.js v24.18.0
[2026-08-10 23:48:48.358] [error] node:internal/modules/cjs/loader:1527
[2026-08-10 23:48:48.359] [error] throw err;
[2026-08-10 23:48:48.360] [error] ^
[2026-08-10 23:48:48.361] [error] Error: Cannot find module '@discordjs/util'
[2026-08-10 23:48:48.362] [error] Require stack:
[2026-08-10 23:48:48.364] [error] - C:\Users\커피에반하다\AppData\Local\Programs\haste-client\resources\app.asar\node_modules\discord.js\src\index.js
[2026-08-10 23:48:48.365] [error] - C:\Users\커피에반하다\AppData\Local\Programs\haste-client\resources\app.asar\haste_agent_bridge.js
[2026-08-10 23:48:48.366] [error] at Module._resolveFilename (node:internal/modules/cjs/loader:1524:15)
[2026-08-10 23:48:48.368] [error] at wrapResolveFilename (node:internal/modules/cjs/loader:1078:27)
[2026-08-10 23:48:48.370] [error] at defaultResolveImplForCJSLoading (node:internal/modules/cjs/loader:1102:10)
[2026-08-10 23:48:48.372] [error] at resolveForCJSWithHooks (node:internal/modules/cjs/loader:1129:12)
[2026-08-10 23:48:48.374] [error] at Module._load (node:internal/modules/cjs/loader:1301:5)
[2026-08-10 23:48:48.376] [error] at c._load (node:electron/js2c/node_init:2:18060)
[2026-08-10 23:48:48.377] [error] at wrapModuleLoad (node:internal/modules/cjs/loader:262:19)
[2026-08-10 23:48:48.378] [error] at Module.require (node:internal/modules/cjs/loader:1624:12)
[2026-08-10 23:48:48.379] [error] at require (node:internal/modules/helpers:153:16)
[2026-08-10 23:48:48.381] [error] at Object.<anonymous> (C:\Users\커피에반하다\AppData\Local\Programs\haste-client\resources\app.asar\node_modules\discord.js\src\index.js:3:29) {
[2026-08-10 23:48:48.383] [error] code: 'MODULE_NOT_FOUND',
[2026-08-10 23:48:48.384] [error] requireStack: [
[2026-08-10 23:48:48.386] [error] 'C:\\Users\\커피에반하다\\AppData\\Local\\Programs\\haste-client\\resources\\app.asar\\node_modules\\discord.js\\src\\index.js',
[2026-08-10 23:48:48.387] [error] 'C:\\Users\\커피에반하다\\AppData\\Local\\Programs\\haste-client\\resources\\app.asar\\haste_agent_bridge.js'
[2026-08-10 23:48:48.389] [error] ]
[2026-08-10 23:48:48.391] [error] }
[2026-08-10 23:48:48.393] [error] Node.js v24.18.0
[2026-08-10 23:48:53.740] [error] node:internal/modules/cjs/loader:1527
[2026-08-10 23:48:53.741] [error] throw err;
[2026-08-10 23:48:53.742] [error] ^
[2026-08-10 23:48:53.742] [error] Error: Cannot find module '@discordjs/util'
[2026-08-10 23:48:53.743] [error] Require stack:
[2026-08-10 23:48:53.743] [error] - C:\Users\커피에반하다\AppData\Local\Programs\haste-client\resources\app.asar\node_modules\discord.js\src\index.js
[2026-08-10 23:48:53.744] [error] - C:\Users\커피에반하다\AppData\Local\Programs\haste-client\resources\app.asar\haste_agent_bridge.js
[2026-08-10 23:48:53.744] [error] at Module._resolveFilename (node:internal/modules/cjs/loader:1524:15)
[2026-08-10 23:48:53.745] [error] at wrapResolveFilename (node:internal/modules/cjs/loader:1078:27)
[2026-08-10 23:48:53.745] [error] at defaultResolveImplForCJSLoading (node:internal/modules/cjs/loader:1102:10)
[2026-08-10 23:48:53.746] [error] at resolveForCJSWithHooks (node:internal/modules/cjs/loader:1129:12)
[2026-08-10 23:48:53.746] [error] at Module._load (node:internal/modules/cjs/loader:1301:5)
[2026-08-10 23:48:53.747] [error] at c._load (node:electron/js2c/node_init:2:18060)
[2026-08-10 23:48:53.748] [error] at wrapModuleLoad (node:internal/modules/cjs/loader:262:19)
[2026-08-10 23:48:53.748] [error] at Module.require (node:internal/modules/cjs/loader:1624:12)
[2026-08-10 23:48:53.749] [error] at require (node:internal/modules/helpers:153:16)
[2026-08-10 23:48:53.749] [error] at Object.<anonymous> (C:\Users\커피에반하다\AppData\Local\Programs\haste-client\resources\app.asar\node_modules\discord.js\src\index.js:3:29) {
[2026-08-10 23:48:53.750] [error] code: 'MODULE_NOT_FOUND',
[2026-08-10 23:48:53.752] [error] requireStack: [
[2026-08-10 23:48:53.752] [error] 'C:\\Users\\커피에반하다\\AppData\\Local\\Programs\\haste-client\\resources\\app.asar\\node_modules\\discord.js\\src\\index.js',
[2026-08-10 23:48:53.753] [error] 'C:\\Users\\커피에반하다\\AppData\\Local\\Programs\\haste-client\\resources\\app.asar\\haste_agent_bridge.js'
[2026-08-10 23:48:53.754] [error] ]
[2026-08-10 23:48:53.755] [error] }
[2026-08-10 23:48:53.756] [error] Node.js v24.18.0
[2026-08-10 23:48:59.065] [error] node:internal/modules/cjs/loader:1527
[2026-08-10 23:48:59.065] [error] throw err;
[2026-08-10 23:48:59.066] [error] ^
[2026-08-10 23:48:59.067] [error] Error: Cannot find module '@discordjs/util'
[2026-08-10 23:48:59.068] [error] Require stack:
[2026-08-10 23:48:59.068] [error] - C:\Users\커피에반하다\AppData\Local\Programs\haste-client\resources\app.asar\node_modules\discord.js\src\index.js
[2026-08-10 23:48:59.069] [error] - C:\Users\커피에반하다\AppData\Local\Programs\haste-client\resources\app.asar\haste_agent_bridge.js
[2026-08-10 23:48:59.070] [error] at Module._resolveFilename (node:internal/modules/cjs/loader:1524:15)
[2026-08-10 23:48:59.070] [error] at wrapResolveFilename (node:internal/modules/cjs/loader:1078:27)
[2026-08-10 23:48:59.071] [error] at defaultResolveImplForCJSLoading (node:internal/modules/cjs/loader:1102:10)
[2026-08-10 23:48:59.072] [error] at resolveForCJSWithHooks (node:internal/modules/cjs/loader:1129:12)
[2026-08-10 23:48:59.072] [error] at Module._load (node:internal/modules/cjs/loader:1301:5)
[2026-08-10 23:48:59.073] [error] at c._load (node:electron/js2c/node_init:2:18060)
[2026-08-10 23:48:59.074] [error] at wrapModuleLoad (node:internal/modules/cjs/loader:262:19)
[2026-08-10 23:48:59.075] [error] at Module.require (node:internal/modules/cjs/loader:1624:12)
[2026-08-10 23:48:59.076] [error] at require (node:internal/modules/helpers:153:16)
[2026-08-10 23:48:59.076] [error] at Object.<anonymous> (C:\Users\커피에반하다\AppData\Local\Programs\haste-client\resources\app.asar\node_modules\discord.js\src\index.js:3:29) {
[2026-08-10 23:48:59.077] [error] code: 'MODULE_NOT_FOUND',
[2026-08-10 23:48:59.077] [error] requireStack: [
[2026-08-10 23:48:59.078] [error] 'C:\\Users\\커피에반하다\\AppData\\Local\\Programs\\haste-client\\resources\\app.asar\\node_modules\\discord.js\\src\\index.js',
[2026-08-10 23:48:59.078] [error] 'C:\\Users\\커피에반하다\\AppData\\Local\\Programs\\haste-client\\resources\\app.asar\\haste_agent_bridge.js'
[2026-08-10 23:48:59.079] [error] ]
[2026-08-10 23:48:59.080] [error] }
[2026-08-10 23:48:59.083] [error] Node.js v24.18.0
[2026-08-10 23:49:04.980] [error] node:internal/modules/cjs/loader:1527
[2026-08-10 23:49:04.981] [error] throw err;
[2026-08-10 23:49:04.982] [error] ^
[2026-08-10 23:49:04.982] [error] Error: Cannot find module '@discordjs/util'
[2026-08-10 23:49:04.983] [error] Require stack:
[2026-08-10 23:49:04.984] [error] - C:\Users\커피에반하다\AppData\Local\Programs\haste-client\resources\app.asar\node_modules\discord.js\src\index.js
[2026-08-10 23:49:04.985] [error] - C:\Users\커피에반하다\AppData\Local\Programs\haste-client\resources\app.asar\haste_agent_bridge.js
[2026-08-10 23:49:04.986] [error] at Module._resolveFilename (node:internal/modules/cjs/loader:1524:15)
[2026-08-10 23:49:04.986] [error] at wrapResolveFilename (node:internal/modules/cjs/loader:1078:27)
[2026-08-10 23:49:04.987] [error] at defaultResolveImplForCJSLoading (node:internal/modules/cjs/loader:1102:10)
[2026-08-10 23:49:04.988] [error] at resolveForCJSWithHooks (node:internal/modules/cjs/loader:1129:12)
[2026-08-10 23:49:04.988] [error] at Module._load (node:internal/modules/cjs/loader:1301:5)
[2026-08-10 23:49:04.989] [error] at c._load (node:electron/js2c/node_init:2:18060)
[2026-08-10 23:49:04.989] [error] at wrapModuleLoad (node:internal/modules/cjs/loader:262:19)
[2026-08-10 23:49:04.990] [error] at Module.require (node:internal/modules/cjs/loader:1624:12)
[2026-08-10 23:49:04.991] [error] at require (node:internal/modules/helpers:153:16)
[2026-08-10 23:49:04.991] [error] at Object.<anonymous> (C:\Users\커피에반하다\AppData\Local\Programs\haste-client\resources\app.asar\node_modules\discord.js\src\index.js:3:29) {
[2026-08-10 23:49:04.992] [error] code: 'MODULE_NOT_FOUND',
[2026-08-10 23:49:04.992] [error] requireStack: [
[2026-08-10 23:49:04.993] [error] 'C:\\Users\\커피에반하다\\AppData\\Local\\Programs\\haste-client\\resources\\app.asar\\node_modules\\discord.js\\src\\index.js',
[2026-08-10 23:49:04.993] [error] 'C:\\Users\\커피에반하다\\AppData\\Local\\Programs\\haste-client\\resources\\app.asar\\haste_agent_bridge.js'
[2026-08-10 23:49:04.994] [error] ]
[2026-08-10 23:49:04.994] [error] }
[2026-08-10 23:49:04.998] [error] Node.js v24.18.0
[2026-08-10 23:49:10.360] [error] node:internal/modules/cjs/loader:1527
[2026-08-10 23:49:10.360] [error] throw err;
[2026-08-10 23:49:10.361] [error] ^
[2026-08-10 23:49:10.362] [error] Error: Cannot find module '@discordjs/util'
[2026-08-10 23:49:10.362] [error] Require stack:
[2026-08-10 23:49:10.363] [error] - C:\Users\커피에반하다\AppData\Local\Programs\haste-client\resources\app.asar\node_modules\discord.js\src\index.js
[2026-08-10 23:49:10.363] [error] - C:\Users\커피에반하다\AppData\Local\Programs\haste-client\resources\app.asar\haste_agent_bridge.js
[2026-08-10 23:49:10.364] [error] at Module._resolveFilename (node:internal/modules/cjs/loader:1524:15)
[2026-08-10 23:49:10.365] [error] at wrapResolveFilename (node:internal/modules/cjs/loader:1078:27)
[2026-08-10 23:49:10.365] [error] at defaultResolveImplForCJSLoading (node:internal/modules/cjs/loader:1102:10)
[2026-08-10 23:49:10.366] [error] at resolveForCJSWithHooks (node:internal/modules/cjs/loader:1129:12)
[2026-08-10 23:49:10.366] [error] at Module._load (node:internal/modules/cjs/loader:1301:5)
[2026-08-10 23:49:10.367] [error] at c._load (node:electron/js2c/node_init:2:18060)
[2026-08-10 23:49:10.367] [error] at wrapModuleLoad (node:internal/modules/cjs/loader:262:19)
[2026-08-10 23:49:10.368] [error] at Module.require (node:internal/modules/cjs/loader:1624:12)
[2026-08-10 23:49:10.368] [error] at require (node:internal/modules/helpers:153:16)
[2026-08-10 23:49:10.369] [error] at Object.<anonymous> (C:\Users\커피에반하다\AppData\Local\Programs\haste-client\resources\app.asar\node_modules\discord.js\src\index.js:3:29) {
[2026-08-10 23:49:10.369] [error] code: 'MODULE_NOT_FOUND',
[2026-08-10 23:49:10.370] [error] requireStack: [
[2026-08-10 23:49:10.370] [error] 'C:\\Users\\커피에반하다\\AppData\\Local\\Programs\\haste-client\\resources\\app.asar\\node_modules\\discord.js\\src\\index.js',
[2026-08-10 23:49:10.371] [error] 'C:\\Users\\커피에반하다\\AppData\\Local\\Programs\\haste-client\\resources\\app.asar\\haste_agent_bridge.js'
[2026-08-10 23:49:10.371] [error] ]
[2026-08-10 23:49:10.372] [error] }
[2026-08-10 23:49:10.372] [error] Node.js v24.18.0
[2026-08-10 23:49:16.123] [error] node:internal/modules/cjs/loader:1527
[2026-08-10 23:49:16.124] [error] throw err;
[2026-08-10 23:49:16.127] [error] ^
[2026-08-10 23:49:16.131] [error] Error: Cannot find module '@discordjs/util'
[2026-08-10 23:49:16.133] [error] Require stack:
[2026-08-10 23:49:16.135] [error] - C:\Users\커피에반하다\AppData\Local\Programs\haste-client\resources\app.asar\node_modules\discord.js\src\index.js
[2026-08-10 23:49:16.141] [error] - C:\Users\커피에반하다\AppData\Local\Programs\haste-client\resources\app.asar\haste_agent_bridge.js
[2026-08-10 23:49:16.146] [error] at Module._resolveFilename (node:internal/modules/cjs/loader:1524:15)
[2026-08-10 23:49:16.149] [error] at wrapResolveFilename (node:internal/modules/cjs/loader:1078:27)
[2026-08-10 23:49:16.151] [error] at defaultResolveImplForCJSLoading (node:internal/modules/cjs/loader:1102:10)
[2026-08-10 23:49:16.152] [error] at resolveForCJSWithHooks (node:internal/modules/cjs/loader:1129:12)
[2026-08-10 23:49:16.154] [error] at Module._load (node:internal/modules/cjs/loader:1301:5)
[2026-08-10 23:49:16.156] [error] at c._load (node:electron/js2c/node_init:2:18060)
[2026-08-10 23:49:16.157] [error] at wrapModuleLoad (node:internal/modules/cjs/loader:262:19)
[2026-08-10 23:49:16.159] [error] at Module.require (node:internal/modules/cjs/loader:1624:12)
[2026-08-10 23:49:16.161] [error] at require (node:internal/modules/helpers:153:16)
[2026-08-10 23:49:16.163] [error] at Object.<anonymous> (C:\Users\커피에반하다\AppData\Local\Programs\haste-client\resources\app.asar\node_modules\discord.js\src\index.js:3:29) {
[2026-08-10 23:49:16.165] [error] code: 'MODULE_NOT_FOUND',
[2026-08-10 23:49:16.166] [error] requireStack: [
[2026-08-10 23:49:16.168] [error] 'C:\\Users\\커피에반하다\\AppData\\Local\\Programs\\haste-client\\resources\\app.asar\\node_modules\\discord.js\\src\\index.js',
[2026-08-10 23:49:16.170] [error] 'C:\\Users\\커피에반하다\\AppData\\Local\\Programs\\haste-client\\resources\\app.asar\\haste_agent_bridge.js'
[2026-08-10 23:49:16.171] [error] ]
[2026-08-10 23:49:16.173] [error] }
[2026-08-10 23:49:16.173] [error] Node.js v24.18.0
[2026-08-10 23:49:22.565] [error] node:internal/modules/cjs/loader:1527
[2026-08-10 23:49:22.567] [error] throw err;
[2026-08-10 23:49:22.568] [error] ^
[2026-08-10 23:49:22.570] [error] Error: Cannot find module '@discordjs/util'
[2026-08-10 23:49:22.572] [error] Require stack:
[2026-08-10 23:49:22.574] [error] - C:\Users\커피에반하다\AppData\Local\Programs\haste-client\resources\app.asar\node_modules\discord.js\src\index.js
[2026-08-10 23:49:22.576] [error] - C:\Users\커피에반하다\AppData\Local\Programs\haste-client\resources\app.asar\haste_agent_bridge.js
[2026-08-10 23:49:22.577] [error] at Module._resolveFilename (node:internal/modules/cjs/loader:1524:15)
[2026-08-10 23:49:22.579] [error] at wrapResolveFilename (node:internal/modules/cjs/loader:1078:27)
[2026-08-10 23:49:22.580] [error] at defaultResolveImplForCJSLoading (node:internal/modules/cjs/loader:1102:10)
[2026-08-10 23:49:22.582] [error] at resolveForCJSWithHooks (node:internal/modules/cjs/loader:1129:12)
[2026-08-10 23:49:22.584] [error] at Module._load (node:internal/modules/cjs/loader:1301:5)
[2026-08-10 23:49:22.586] [error] at c._load (node:electron/js2c/node_init:2:18060)
[2026-08-10 23:49:22.589] [error] at wrapModuleLoad (node:internal/modules/cjs/loader:262:19)
[2026-08-10 23:49:22.590] [error] at Module.require (node:internal/modules/cjs/loader:1624:12)
[2026-08-10 23:49:22.592] [error] at require (node:internal/modules/helpers:153:16)
[2026-08-10 23:49:22.593] [error] at Object.<anonymous> (C:\Users\커피에반하다\AppData\Local\Programs\haste-client\resources\app.asar\node_modules\discord.js\src\index.js:3:29) {
[2026-08-10 23:49:22.595] [error] code: 'MODULE_NOT_FOUND',
[2026-08-10 23:49:22.597] [error] requireStack: [
[2026-08-10 23:49:22.598] [error] 'C:\\Users\\커피에반하다\\AppData\\Local\\Programs\\haste-client\\resources\\app.asar\\node_modules\\discord.js\\src\\index.js',
[2026-08-10 23:49:22.599] [error] 'C:\\Users\\커피에반하다\\AppData\\Local\\Programs\\haste-client\\resources\\app.asar\\haste_agent_bridge.js'
[2026-08-10 23:49:22.602] [error] ]
[2026-08-10 23:49:22.604] [error] }
[2026-08-10 23:49:22.607] [error] Node.js v24.18.0
[2026-08-10 23:49:29.328] [error] node:internal/modules/cjs/loader:1527
[2026-08-10 23:49:29.329] [error] throw err;
[2026-08-10 23:49:29.331] [error] ^
[2026-08-10 23:49:29.333] [error] Error: Cannot find module '@discordjs/util'
[2026-08-10 23:49:29.334] [error] Require stack:
[2026-08-10 23:49:29.336] [error] - C:\Users\커피에반하다\AppData\Local\Programs\haste-client\resources\app.asar\node_modules\discord.js\src\index.js
[2026-08-10 23:49:29.337] [error] - C:\Users\커피에반하다\AppData\Local\Programs\haste-client\resources\app.asar\haste_agent_bridge.js
[2026-08-10 23:49:29.339] [error] at Module._resolveFilename (node:internal/modules/cjs/loader:1524:15)
[2026-08-10 23:49:29.341] [error] at wrapResolveFilename (node:internal/modules/cjs/loader:1078:27)
[2026-08-10 23:49:29.342] [error] at defaultResolveImplForCJSLoading (node:internal/modules/cjs/loader:1102:10)
[2026-08-10 23:49:29.343] [error] at resolveForCJSWithHooks (node:internal/modules/cjs/loader:1129:12)
[2026-08-10 23:49:29.345] [error] at Module._load (node:internal/modules/cjs/loader:1301:5)
[2026-08-10 23:49:29.346] [error] at c._load (node:electron/js2c/node_init:2:18060)
[2026-08-10 23:49:29.347] [error] at wrapModuleLoad (node:internal/modules/cjs/loader:262:19)
[2026-08-10 23:49:29.348] [error] at Module.require (node:internal/modules/cjs/loader:1624:12)
[2026-08-10 23:49:29.349] [error] at require (node:internal/modules/helpers:153:16)
[2026-08-10 23:49:29.350] [error] at Object.<anonymous> (C:\Users\커피에반하다\AppData\Local\Programs\haste-client\resources\app.asar\node_modules\discord.js\src\index.js:3:29) {
[2026-08-10 23:49:29.351] [error] code: 'MODULE_NOT_FOUND',
[2026-08-10 23:49:29.352] [error] requireStack: [
[2026-08-10 23:49:29.353] [error] 'C:\\Users\\커피에반하다\\AppData\\Local\\Programs\\haste-client\\resources\\app.asar\\node_modules\\discord.js\\src\\index.js',
[2026-08-10 23:49:29.355] [error] 'C:\\Users\\커피에반하다\\AppData\\Local\\Programs\\haste-client\\resources\\app.asar\\haste_agent_bridge.js'
[2026-08-10 23:49:29.356] [error] ]
[2026-08-10 23:49:29.359] [error] }
[2026-08-10 23:49:29.361] [error] Node.js v24.18.0
[2026-08-10 23:49:36.177] [error] node:internal/modules/cjs/loader:1527
[2026-08-10 23:49:36.178] [error] throw err;
[2026-08-10 23:49:36.180] [error] ^
[2026-08-10 23:49:36.181] [error] Error: Cannot find module '@discordjs/util'
[2026-08-10 23:49:36.182] [error] Require stack:
[2026-08-10 23:49:36.182] [error] - C:\Users\커피에반하다\AppData\Local\Programs\haste-client\resources\app.asar\node_modules\discord.js\src\index.js
[2026-08-10 23:49:36.185] [error] - C:\Users\커피에반하다\AppData\Local\Programs\haste-client\resources\app.asar\haste_agent_bridge.js
[2026-08-10 23:49:36.187] [error] at Module._resolveFilename (node:internal/modules/cjs/loader:1524:15)
[2026-08-10 23:49:36.188] [error] at wrapResolveFilename (node:internal/modules/cjs/loader:1078:27)
[2026-08-10 23:49:36.189] [error] at defaultResolveImplForCJSLoading (node:internal/modules/cjs/loader:1102:10)
[2026-08-10 23:49:36.191] [error] at resolveForCJSWithHooks (node:internal/modules/cjs/loader:1129:12)
[2026-08-10 23:49:36.193] [error] at Module._load (node:internal/modules/cjs/loader:1301:5)
[2026-08-10 23:49:36.194] [error] at c._load (node:electron/js2c/node_init:2:18060)
[2026-08-10 23:49:36.195] [error] at wrapModuleLoad (node:internal/modules/cjs/loader:262:19)
[2026-08-10 23:49:36.196] [error] at Module.require (node:internal/modules/cjs/loader:1624:12)
[2026-08-10 23:49:36.197] [error] at require (node:internal/modules/helpers:153:16)
[2026-08-10 23:49:36.198] [error] at Object.<anonymous> (C:\Users\커피에반하다\AppData\Local\Programs\haste-client\resources\app.asar\node_modules\discord.js\src\index.js:3:29) {
[2026-08-10 23:49:36.200] [error] code: 'MODULE_NOT_FOUND',
[2026-08-10 23:49:36.202] [error] requireStack: [
[2026-08-10 23:49:36.204] [error] 'C:\\Users\\커피에반하다\\AppData\\Local\\Programs\\haste-client\\resources\\app.asar\\node_modules\\discord.js\\src\\index.js',
[2026-08-10 23:49:36.205] [error] 'C:\\Users\\커피에반하다\\AppData\\Local\\Programs\\haste-client\\resources\\app.asar\\haste_agent_bridge.js'
[2026-08-10 23:49:36.207] [error] ]
[2026-08-10 23:49:36.209] [error] }
[2026-08-10 23:49:36.211] [error] Node.js v24.18.0
[2026-08-10 23:49:41.743] [error] node:internal/modules/cjs/loader:1527
[2026-08-10 23:49:41.745] [error] throw err;
[2026-08-10 23:49:41.746] [error] ^
[2026-08-10 23:49:41.747] [error] Error: Cannot find module '@discordjs/util'
[2026-08-10 23:49:41.750] [error] Require stack:
[2026-08-10 23:49:41.752] [error] - C:\Users\커피에반하다\AppData\Local\Programs\haste-client\resources\app.asar\node_modules\discord.js\src\index.js
[2026-08-10 23:49:41.754] [error] - C:\Users\커피에반하다\AppData\Local\Programs\haste-client\resources\app.asar\haste_agent_bridge.js
[2026-08-10 23:49:41.756] [error] at Module._resolveFilename (node:internal/modules/cjs/loader:1524:15)
[2026-08-10 23:49:41.757] [error] at wrapResolveFilename (node:internal/modules/cjs/loader:1078:27)
[2026-08-10 23:49:41.759] [error] at defaultResolveImplForCJSLoading (node:internal/modules/cjs/loader:1102:10)
[2026-08-10 23:49:41.761] [error] at resolveForCJSWithHooks (node:internal/modules/cjs/loader:1129:12)
[2026-08-10 23:49:41.763] [error] at Module._load (node:internal/modules/cjs/loader:1301:5)
[2026-08-10 23:49:41.764] [error] at c._load (node:electron/js2c/node_init:2:18060)
[2026-08-10 23:49:41.767] [error] at wrapModuleLoad (node:internal/modules/cjs/loader:262:19)
[2026-08-10 23:49:41.771] [error] at Module.require (node:internal/modules/cjs/loader:1624:12)
[2026-08-10 23:49:41.773] [error] at require (node:internal/modules/helpers:153:16)
[2026-08-10 23:49:41.776] [error] at Object.<anonymous> (C:\Users\커피에반하다\AppData\Local\Programs\haste-client\resources\app.asar\node_modules\discord.js\src\index.js:3:29) {
[2026-08-10 23:49:41.778] [error] code: 'MODULE_NOT_FOUND',
[2026-08-10 23:49:41.779] [error] requireStack: [
[2026-08-10 23:49:41.781] [error] 'C:\\Users\\커피에반하다\\AppData\\Local\\Programs\\haste-client\\resources\\app.asar\\node_modules\\discord.js\\src\\index.js',
[2026-08-10 23:49:41.783] [error] 'C:\\Users\\커피에반하다\\AppData\\Local\\Programs\\haste-client\\resources\\app.asar\\haste_agent_bridge.js'
[2026-08-10 23:49:41.788] [error] ]
[2026-08-10 23:49:41.790] [error] }
[2026-08-10 23:49:41.792] [error] Node.js v24.18.0
[2026-08-10 23:49:47.326] [error] node:internal/modules/cjs/loader:1527
[2026-08-10 23:49:47.328] [error] throw err;
[2026-08-10 23:49:47.330] [error] ^
[2026-08-10 23:49:47.331] [error] Error: Cannot find module '@discordjs/util'
[2026-08-10 23:49:47.332] [error] Require stack:
[2026-08-10 23:49:47.333] [error] - C:\Users\커피에반하다\AppData\Local\Programs\haste-client\resources\app.asar\node_modules\discord.js\src\index.js
[2026-08-10 23:49:47.336] [error] - C:\Users\커피에반하다\AppData\Local\Programs\haste-client\resources\app.asar\haste_agent_bridge.js
[2026-08-10 23:49:47.338] [error] at Module._resolveFilename (node:internal/modules/cjs/loader:1524:15)
[2026-08-10 23:49:47.339] [error] at wrapResolveFilename (node:internal/modules/cjs/loader:1078:27)
[2026-08-10 23:49:47.340] [error] at defaultResolveImplForCJSLoading (node:internal/modules/cjs/loader:1102:10)
[2026-08-10 23:49:47.342] [error] at resolveForCJSWithHooks (node:internal/modules/cjs/loader:1129:12)
[2026-08-10 23:49:47.343] [error] at Module._load (node:internal/modules/cjs/loader:1301:5)
[2026-08-10 23:49:47.344] [error] at c._load (node:electron/js2c/node_init:2:18060)
[2026-08-10 23:49:47.346] [error] at wrapModuleLoad (node:internal/modules/cjs/loader:262:19)
[2026-08-10 23:49:47.347] [error] at Module.require (node:internal/modules/cjs/loader:1624:12)
[2026-08-10 23:49:47.348] [error] at require (node:internal/modules/helpers:153:16)
[2026-08-10 23:49:47.351] [error] at Object.<anonymous> (C:\Users\커피에반하다\AppData\Local\Programs\haste-client\resources\app.asar\node_modules\discord.js\src\index.js:3:29) {
[2026-08-10 23:49:47.357] [error] code: 'MODULE_NOT_FOUND',
[2026-08-10 23:49:47.359] [error] requireStack: [
[2026-08-10 23:49:47.362] [error] 'C:\\Users\\커피에반하다\\AppData\\Local\\Programs\\haste-client\\resources\\app.asar\\node_modules\\discord.js\\src\\index.js',
[2026-08-10 23:49:47.363] [error] 'C:\\Users\\커피에반하다\\AppData\\Local\\Programs\\haste-client\\resources\\app.asar\\haste_agent_bridge.js'
[2026-08-10 23:49:47.365] [error] ]
[2026-08-10 23:49:47.366] [error] }
[2026-08-10 23:49:47.372] [error] Node.js v24.18.0
[2026-08-10 23:49:52.917] [error] node:internal/modules/cjs/loader:1527
[2026-08-10 23:49:52.919] [error] throw err;
[2026-08-10 23:49:52.920] [error] ^
[2026-08-10 23:49:52.922] [error] Error: Cannot find module '@discordjs/util'
[2026-08-10 23:49:52.924] [error] Require stack:
[2026-08-10 23:49:52.926] [error] - C:\Users\커피에반하다\AppData\Local\Programs\haste-client\resources\app.asar\node_modules\discord.js\src\index.js
[2026-08-10 23:49:52.928] [error] - C:\Users\커피에반하다\AppData\Local\Programs\haste-client\resources\app.asar\haste_agent_bridge.js
[2026-08-10 23:49:52.929] [error] at Module._resolveFilename (node:internal/modules/cjs/loader:1524:15)
[2026-08-10 23:49:52.931] [error] at wrapResolveFilename (node:internal/modules/cjs/loader:1078:27)
[2026-08-10 23:49:52.932] [error] at defaultResolveImplForCJSLoading (node:internal/modules/cjs/loader:1102:10)
[2026-08-10 23:49:52.935] [error] at resolveForCJSWithHooks (node:internal/modules/cjs/loader:1129:12)
[2026-08-10 23:49:52.936] [error] at Module._load (node:internal/modules/cjs/loader:1301:5)
[2026-08-10 23:49:52.938] [error] at c._load (node:electron/js2c/node_init:2:18060)
[2026-08-10 23:49:52.940] [error] at wrapModuleLoad (node:internal/modules/cjs/loader:262:19)
[2026-08-10 23:49:52.941] [error] at Module.require (node:internal/modules/cjs/loader:1624:12)
[2026-08-10 23:49:52.943] [error] at require (node:internal/modules/helpers:153:16)
[2026-08-10 23:49:52.944] [error] at Object.<anonymous> (C:\Users\커피에반하다\AppData\Local\Programs\haste-client\resources\app.asar\node_modules\discord.js\src\index.js:3:29) {
[2026-08-10 23:49:52.945] [error] code: 'MODULE_NOT_FOUND',
[2026-08-10 23:49:52.946] [error] requireStack: [
[2026-08-10 23:49:52.947] [error] 'C:\\Users\\커피에반하다\\AppData\\Local\\Programs\\haste-client\\resources\\app.asar\\node_modules\\discord.js\\src\\index.js',
[2026-08-10 23:49:52.948] [error] 'C:\\Users\\커피에반하다\\AppData\\Local\\Programs\\haste-client\\resources\\app.asar\\haste_agent_bridge.js'
[2026-08-10 23:49:52.956] [error] ]
[2026-08-10 23:49:52.957] [error] }
[2026-08-10 23:49:52.959] [error] Node.js v24.18.0
[2026-08-10 23:49:58.645] [error] node:internal/modules/cjs/loader:1527
[2026-08-10 23:49:58.646] [error] throw err;
[2026-08-10 23:49:58.648] [error] ^
[2026-08-10 23:49:58.649] [error] Error: Cannot find module '@discordjs/util'
[2026-08-10 23:49:58.652] [error] Require stack:
[2026-08-10 23:49:58.653] [error] - C:\Users\커피에반하다\AppData\Local\Programs\haste-client\resources\app.asar\node_modules\discord.js\src\index.js
[2026-08-10 23:49:58.656] [error] - C:\Users\커피에반하다\AppData\Local\Programs\haste-client\resources\app.asar\haste_agent_bridge.js
[2026-08-10 23:49:58.657] [error] at Module._resolveFilename (node:internal/modules/cjs/loader:1524:15)
[2026-08-10 23:49:58.659] [error] at wrapResolveFilename (node:internal/modules/cjs/loader:1078:27)
[2026-08-10 23:49:58.660] [error] at defaultResolveImplForCJSLoading (node:internal/modules/cjs/loader:1102:10)
[2026-08-10 23:49:58.662] [error] at resolveForCJSWithHooks (node:internal/modules/cjs/loader:1129:12)
[2026-08-10 23:49:58.662] [error] at Module._load (node:internal/modules/cjs/loader:1301:5)
[2026-08-10 23:49:58.665] [error] at c._load (node:electron/js2c/node_init:2:18060)
[2026-08-10 23:49:58.667] [error] at wrapModuleLoad (node:internal/modules/cjs/loader:262:19)
[2026-08-10 23:49:58.669] [error] at Module.require (node:internal/modules/cjs/loader:1624:12)
[2026-08-10 23:49:58.671] [error] at require (node:internal/modules/helpers:153:16)
[2026-08-10 23:49:58.672] [error] at Object.<anonymous> (C:\Users\커피에반하다\AppData\Local\Programs\haste-client\resources\app.asar\node_modules\discord.js\src\index.js:3:29) {
[2026-08-10 23:49:58.673] [error] code: 'MODULE_NOT_FOUND',
[2026-08-10 23:49:58.674] [error] requireStack: [
[2026-08-10 23:49:58.676] [error] 'C:\\Users\\커피에반하다\\AppData\\Local\\Programs\\haste-client\\resources\\app.asar\\node_modules\\discord.js\\src\\index.js',
[2026-08-10 23:49:58.677] [error] 'C:\\Users\\커피에반하다\\AppData\\Local\\Programs\\haste-client\\resources\\app.asar\\haste_agent_bridge.js'
[2026-08-10 23:49:58.679] [error] ]
[2026-08-10 23:49:58.680] [error] }
[2026-08-10 23:49:58.681] [error] Node.js v24.18.0
[2026-08-10 23:50:04.243] [error] node:internal/modules/cjs/loader:1527
[2026-08-10 23:50:04.244] [error] throw err;
[2026-08-10 23:50:04.245] [error] ^
[2026-08-10 23:50:04.245] [error] Error: Cannot find module '@discordjs/util'
[2026-08-10 23:50:04.246] [error] Require stack:
[2026-08-10 23:50:04.246] [error] - C:\Users\커피에반하다\AppData\Local\Programs\haste-client\resources\app.asar\node_modules\discord.js\src\index.js
[2026-08-10 23:50:04.247] [error] - C:\Users\커피에반하다\AppData\Local\Programs\haste-client\resources\app.asar\haste_agent_bridge.js
[2026-08-10 23:50:04.248] [error] at Module._resolveFilename (node:internal/modules/cjs/loader:1524:15)
[2026-08-10 23:50:04.248] [error] at wrapResolveFilename (node:internal/modules/cjs/loader:1078:27)
[2026-08-10 23:50:04.249] [error] at defaultResolveImplForCJSLoading (node:internal/modules/cjs/loader:1102:10)
[2026-08-10 23:50:04.249] [error] at resolveForCJSWithHooks (node:internal/modules/cjs/loader:1129:12)
[2026-08-10 23:50:04.250] [error] at Module._load (node:internal/modules/cjs/loader:1301:5)
[2026-08-10 23:50:04.252] [error] at c._load (node:electron/js2c/node_init:2:18060)
[2026-08-10 23:50:04.253] [error] at wrapModuleLoad (node:internal/modules/cjs/loader:262:19)
[2026-08-10 23:50:04.254] [error] at Module.require (node:internal/modules/cjs/loader:1624:12)
[2026-08-10 23:50:04.254] [error] at require (node:internal/modules/helpers:153:16)
[2026-08-10 23:50:04.255] [error] at Object.<anonymous> (C:\Users\커피에반하다\AppData\Local\Programs\haste-client\resources\app.asar\node_modules\discord.js\src\index.js:3:29) {
[2026-08-10 23:50:04.255] [error] code: 'MODULE_NOT_FOUND',
[2026-08-10 23:50:04.256] [error] requireStack: [
[2026-08-10 23:50:04.256] [error] 'C:\\Users\\커피에반하다\\AppData\\Local\\Programs\\haste-client\\resources\\app.asar\\node_modules\\discord.js\\src\\index.js',
[2026-08-10 23:50:04.257] [error] 'C:\\Users\\커피에반하다\\AppData\\Local\\Programs\\haste-client\\resources\\app.asar\\haste_agent_bridge.js'
[2026-08-10 23:50:04.257] [error] ]
[2026-08-10 23:50:04.258] [error] }
[2026-08-10 23:50:04.258] [error] Node.js v24.18.0
[2026-08-10 23:50:09.539] [error] node:internal/modules/cjs/loader:1527
[2026-08-10 23:50:09.540] [error] throw err;
[2026-08-10 23:50:09.541] [error] ^
[2026-08-10 23:50:09.542] [error] Error: Cannot find module '@discordjs/util'
[2026-08-10 23:50:09.542] [error] Require stack:
[2026-08-10 23:50:09.543] [error] - C:\Users\커피에반하다\AppData\Local\Programs\haste-client\resources\app.asar\node_modules\discord.js\src\index.js
[2026-08-10 23:50:09.543] [error] - C:\Users\커피에반하다\AppData\Local\Programs\haste-client\resources\app.asar\haste_agent_bridge.js
[2026-08-10 23:50:09.544] [error] at Module._resolveFilename (node:internal/modules/cjs/loader:1524:15)
[2026-08-10 23:50:09.545] [error] at wrapResolveFilename (node:internal/modules/cjs/loader:1078:27)
[2026-08-10 23:50:09.546] [error] at defaultResolveImplForCJSLoading (node:internal/modules/cjs/loader:1102:10)
[2026-08-10 23:50:09.546] [error] at resolveForCJSWithHooks (node:internal/modules/cjs/loader:1129:12)
[2026-08-10 23:50:09.547] [error] at Module._load (node:internal/modules/cjs/loader:1301:5)
[2026-08-10 23:50:09.548] [error] at c._load (node:electron/js2c/node_init:2:18060)
[2026-08-10 23:50:09.548] [error] at wrapModuleLoad (node:internal/modules/cjs/loader:262:19)
[2026-08-10 23:50:09.549] [error] at Module.require (node:internal/modules/cjs/loader:1624:12)
[2026-08-10 23:50:09.549] [error] at require (node:internal/modules/helpers:153:16)
[2026-08-10 23:50:09.550] [error] at Object.<anonymous> (C:\Users\커피에반하다\AppData\Local\Programs\haste-client\resources\app.asar\node_modules\discord.js\src\index.js:3:29) {
[2026-08-10 23:50:09.550] [error] code: 'MODULE_NOT_FOUND',
[2026-08-10 23:50:09.551] [error] requireStack: [
[2026-08-10 23:50:09.552] [error] 'C:\\Users\\커피에반하다\\AppData\\Local\\Programs\\haste-client\\resources\\app.asar\\node_modules\\discord.js\\src\\index.js',
[2026-08-10 23:50:09.552] [error] 'C:\\Users\\커피에반하다\\AppData\\Local\\Programs\\haste-client\\resources\\app.asar\\haste_agent_bridge.js'
[2026-08-10 23:50:09.553] [error] ]
[2026-08-10 23:50:09.554] [error] }
[2026-08-10 23:50:09.554] [error] Node.js v24.18.0
[2026-08-10 23:50:15.568] [error] node:internal/modules/cjs/loader:1527
[2026-08-10 23:50:15.570] [error] throw err;
[2026-08-10 23:50:15.572] [error] ^
[2026-08-10 23:50:15.574] [error] Error: Cannot find module '@discordjs/util'
[2026-08-10 23:50:15.576] [error] Require stack:
[2026-08-10 23:50:15.577] [error] - C:\Users\커피에반하다\AppData\Local\Programs\haste-client\resources\app.asar\node_modules\discord.js\src\index.js
[2026-08-10 23:50:15.579] [error] - C:\Users\커피에반하다\AppData\Local\Programs\haste-client\resources\app.asar\haste_agent_bridge.js
[2026-08-10 23:50:15.580] [error] at Module._resolveFilename (node:internal/modules/cjs/loader:1524:15)
[2026-08-10 23:50:15.581] [error] at wrapResolveFilename (node:internal/modules/cjs/loader:1078:27)
[2026-08-10 23:50:15.583] [error] at defaultResolveImplForCJSLoading (node:internal/modules/cjs/loader:1102:10)
[2026-08-10 23:50:15.587] [error] at resolveForCJSWithHooks (node:internal/modules/cjs/loader:1129:12)
[2026-08-10 23:50:15.588] [error] at Module._load (node:internal/modules/cjs/loader:1301:5)
[2026-08-10 23:50:15.590] [error] at c._load (node:electron/js2c/node_init:2:18060)
[2026-08-10 23:50:15.591] [error] at wrapModuleLoad (node:internal/modules/cjs/loader:262:19)
[2026-08-10 23:50:15.593] [error] at Module.require (node:internal/modules/cjs/loader:1624:12)
[2026-08-10 23:50:15.608] [error] at require (node:internal/modules/helpers:153:16)
[2026-08-10 23:50:15.610] [error] at Object.<anonymous> (C:\Users\커피에반하다\AppData\Local\Programs\haste-client\resources\app.asar\node_modules\discord.js\src\index.js:3:29) {
[2026-08-10 23:50:15.613] [error] code: 'MODULE_NOT_FOUND',
[2026-08-10 23:50:15.614] [error] requireStack: [
[2026-08-10 23:50:15.616] [error] 'C:\\Users\\커피에반하다\\AppData\\Local\\Programs\\haste-client\\resources\\app.asar\\node_modules\\discord.js\\src\\index.js',
[2026-08-10 23:50:15.620] [error] 'C:\\Users\\커피에반하다\\AppData\\Local\\Programs\\haste-client\\resources\\app.asar\\haste_agent_bridge.js'
[2026-08-10 23:50:15.621] [error] ]
[2026-08-10 23:50:15.624] [error] }
[2026-08-10 23:50:15.628] [error] Node.js v24.18.0
[2026-08-10 23:50:21.546] [error] node:internal/modules/cjs/loader:1527
[2026-08-10 23:50:21.547] [error] throw err;
[2026-08-10 23:50:21.549] [error] ^
[2026-08-10 23:50:21.551] [error] Error: Cannot find module '@discordjs/util'
[2026-08-10 23:50:21.553] [error] Require stack:
[2026-08-10 23:50:21.554] [error] - C:\Users\커피에반하다\AppData\Local\Programs\haste-client\resources\app.asar\node_modules\discord.js\src\index.js
[2026-08-10 23:50:21.557] [error] - C:\Users\커피에반하다\AppData\Local\Programs\haste-client\resources\app.asar\haste_agent_bridge.js
[2026-08-10 23:50:21.558] [error] at Module._resolveFilename (node:internal/modules/cjs/loader:1524:15)
[2026-08-10 23:50:21.559] [error] at wrapResolveFilename (node:internal/modules/cjs/loader:1078:27)
[2026-08-10 23:50:21.561] [error] at defaultResolveImplForCJSLoading (node:internal/modules/cjs/loader:1102:10)
[2026-08-10 23:50:21.563] [error] at resolveForCJSWithHooks (node:internal/modules/cjs/loader:1129:12)
[2026-08-10 23:50:21.565] [error] at Module._load (node:internal/modules/cjs/loader:1301:5)
[2026-08-10 23:50:21.566] [error] at c._load (node:electron/js2c/node_init:2:18060)
[2026-08-10 23:50:21.567] [error] at wrapModuleLoad (node:internal/modules/cjs/loader:262:19)
[2026-08-10 23:50:21.569] [error] at Module.require (node:internal/modules/cjs/loader:1624:12)
[2026-08-10 23:50:21.570] [error] at require (node:internal/modules/helpers:153:16)
[2026-08-10 23:50:21.572] [error] at Object.<anonymous> (C:\Users\커피에반하다\AppData\Local\Programs\haste-client\resources\app.asar\node_modules\discord.js\src\index.js:3:29) {
[2026-08-10 23:50:21.573] [error] code: 'MODULE_NOT_FOUND',
[2026-08-10 23:50:21.575] [error] requireStack: [
[2026-08-10 23:50:21.576] [error] 'C:\\Users\\커피에반하다\\AppData\\Local\\Programs\\haste-client\\resources\\app.asar\\node_modules\\discord.js\\src\\index.js',
[2026-08-10 23:50:21.577] [error] 'C:\\Users\\커피에반하다\\AppData\\Local\\Programs\\haste-client\\resources\\app.asar\\haste_agent_bridge.js'
[2026-08-10 23:50:21.579] [error] ]
[2026-08-10 23:50:21.580] [error] }
[2026-08-10 23:50:21.583] [error] Node.js v24.18.0
[2026-08-10 23:50:27.194] [error] node:internal/modules/cjs/loader:1527
[2026-08-10 23:50:27.195] [error] throw err;
[2026-08-10 23:50:27.196] [error] ^
[2026-08-10 23:50:27.199] [error] Error: Cannot find module '@discordjs/util'
[2026-08-10 23:50:27.200] [error] Require stack:
[2026-08-10 23:50:27.203] [error] - C:\Users\커피에반하다\AppData\Local\Programs\haste-client\resources\app.asar\node_modules\discord.js\src\index.js
[2026-08-10 23:50:27.205] [error] - C:\Users\커피에반하다\AppData\Local\Programs\haste-client\resources\app.asar\haste_agent_bridge.js
[2026-08-10 23:50:27.207] [error] at Module._resolveFilename (node:internal/modules/cjs/loader:1524:15)
[2026-08-10 23:50:27.208] [error] at wrapResolveFilename (node:internal/modules/cjs/loader:1078:27)
[2026-08-10 23:50:27.210] [error] at defaultResolveImplForCJSLoading (node:internal/modules/cjs/loader:1102:10)
[2026-08-10 23:50:27.211] [error] at resolveForCJSWithHooks (node:internal/modules/cjs/loader:1129:12)
[2026-08-10 23:50:27.213] [error] at Module._load (node:internal/modules/cjs/loader:1301:5)
[2026-08-10 23:50:27.213] [error] at c._load (node:electron/js2c/node_init:2:18060)
[2026-08-10 23:50:27.214] [error] at wrapModuleLoad (node:internal/modules/cjs/loader:262:19)
[2026-08-10 23:50:27.216] [error] at Module.require (node:internal/modules/cjs/loader:1624:12)
[2026-08-10 23:50:27.218] [error] at require (node:internal/modules/helpers:153:16)
[2026-08-10 23:50:27.219] [error] at Object.<anonymous> (C:\Users\커피에반하다\AppData\Local\Programs\haste-client\resources\app.asar\node_modules\discord.js\src\index.js:3:29) {
[2026-08-10 23:50:27.222] [error] code: 'MODULE_NOT_FOUND',
[2026-08-10 23:50:27.223] [error] requireStack: [
[2026-08-10 23:50:27.224] [error] 'C:\\Users\\커피에반하다\\AppData\\Local\\Programs\\haste-client\\resources\\app.asar\\node_modules\\discord.js\\src\\index.js',
[2026-08-10 23:50:27.229] [error] 'C:\\Users\\커피에반하다\\AppData\\Local\\Programs\\haste-client\\resources\\app.asar\\haste_agent_bridge.js'
[2026-08-10 23:50:27.230] [error] ]
[2026-08-10 23:50:27.232] [error] }
[2026-08-10 23:50:27.239] [error] Node.js v24.18.0
[2026-08-10 23:50:32.797] [error] node:internal/modules/cjs/loader:1527
[2026-08-10 23:50:32.799] [error] throw err;
[2026-08-10 23:50:32.801] [error] ^
[2026-08-10 23:50:32.803] [error] Error: Cannot find module '@discordjs/util'
[2026-08-10 23:50:32.805] [error] Require stack:
[2026-08-10 23:50:32.806] [error] - C:\Users\커피에반하다\AppData\Local\Programs\haste-client\resources\app.asar\node_modules\discord.js\src\index.js
[2026-08-10 23:50:32.807] [error] - C:\Users\커피에반하다\AppData\Local\Programs\haste-client\resources\app.asar\haste_agent_bridge.js
[2026-08-10 23:50:32.809] [error] at Module._resolveFilename (node:internal/modules/cjs/loader:1524:15)
[2026-08-10 23:50:32.810] [error] at wrapResolveFilename (node:internal/modules/cjs/loader:1078:27)
[2026-08-10 23:50:32.812] [error] at defaultResolveImplForCJSLoading (node:internal/modules/cjs/loader:1102:10)
[2026-08-10 23:50:32.813] [error] at resolveForCJSWithHooks (node:internal/modules/cjs/loader:1129:12)
[2026-08-10 23:50:32.815] [error] at Module._load (node:internal/modules/cjs/loader:1301:5)
[2026-08-10 23:50:32.815] [error] at c._load (node:electron/js2c/node_init:2:18060)
[2026-08-10 23:50:32.816] [error] at wrapModuleLoad (node:internal/modules/cjs/loader:262:19)
[2026-08-10 23:50:32.819] [error] at Module.require (node:internal/modules/cjs/loader:1624:12)
[2026-08-10 23:50:32.820] [error] at require (node:internal/modules/helpers:153:16)
[2026-08-10 23:50:32.820] [error] at Object.<anonymous> (C:\Users\커피에반하다\AppData\Local\Programs\haste-client\resources\app.asar\node_modules\discord.js\src\index.js:3:29) {
[2026-08-10 23:50:32.821] [error] code: 'MODULE_NOT_FOUND',
[2026-08-10 23:50:32.826] [error] requireStack: [
[2026-08-10 23:50:32.828] [error] 'C:\\Users\\커피에반하다\\AppData\\Local\\Programs\\haste-client\\resources\\app.asar\\node_modules\\discord.js\\src\\index.js',
[2026-08-10 23:50:32.830] [error] 'C:\\Users\\커피에반하다\\AppData\\Local\\Programs\\haste-client\\resources\\app.asar\\haste_agent_bridge.js'
[2026-08-10 23:50:32.832] [error] ]
[2026-08-10 23:50:32.834] [error] }
[2026-08-10 23:50:32.841] [error] Node.js v24.18.0
[2026-08-10 23:50:38.398] [error] node:internal/modules/cjs/loader:1527
[2026-08-10 23:50:38.400] [error] throw err;
[2026-08-10 23:50:38.404] [error] ^
[2026-08-10 23:50:38.405] [error] Error: Cannot find module '@discordjs/util'
[2026-08-10 23:50:38.406] [error] Require stack:
[2026-08-10 23:50:38.407] [error] - C:\Users\커피에반하다\AppData\Local\Programs\haste-client\resources\app.asar\node_modules\discord.js\src\index.js
[2026-08-10 23:50:38.409] [error] - C:\Users\커피에반하다\AppData\Local\Programs\haste-client\resources\app.asar\haste_agent_bridge.js
[2026-08-10 23:50:38.410] [error] at Module._resolveFilename (node:internal/modules/cjs/loader:1524:15)
[2026-08-10 23:50:38.412] [error] at wrapResolveFilename (node:internal/modules/cjs/loader:1078:27)
[2026-08-10 23:50:38.413] [error] at defaultResolveImplForCJSLoading (node:internal/modules/cjs/loader:1102:10)
[2026-08-10 23:50:38.414] [error] at resolveForCJSWithHooks (node:internal/modules/cjs/loader:1129:12)
[2026-08-10 23:50:38.415] [error] at Module._load (node:internal/modules/cjs/loader:1301:5)
[2026-08-10 23:50:38.416] [error] at c._load (node:electron/js2c/node_init:2:18060)
[2026-08-10 23:50:38.418] [error] at wrapModuleLoad (node:internal/modules/cjs/loader:262:19)
[2026-08-10 23:50:38.420] [error] at Module.require (node:internal/modules/cjs/loader:1624:12)
[2026-08-10 23:50:38.420] [error] at require (node:internal/modules/helpers:153:16)
[2026-08-10 23:50:38.421] [error] at Object.<anonymous> (C:\Users\커피에반하다\AppData\Local\Programs\haste-client\resources\app.asar\node_modules\discord.js\src\index.js:3:29) {
[2026-08-10 23:50:38.421] [error] code: 'MODULE_NOT_FOUND',
[2026-08-10 23:50:38.427] [error] requireStack: [
[2026-08-10 23:50:38.429] [error] 'C:\\Users\\커피에반하다\\AppData\\Local\\Programs\\haste-client\\resources\\app.asar\\node_modules\\discord.js\\src\\index.js',
[2026-08-10 23:50:38.431] [error] 'C:\\Users\\커피에반하다\\AppData\\Local\\Programs\\haste-client\\resources\\app.asar\\haste_agent_bridge.js'
[2026-08-10 23:50:38.433] [error] ]
[2026-08-10 23:50:38.439] [error] }
[2026-08-10 23:50:38.440] [error] Node.js v24.18.0
[2026-08-10 23:50:43.983] [error] node:internal/modules/cjs/loader:1527
[2026-08-10 23:50:43.985] [error] throw err;
[2026-08-10 23:50:43.987] [error] ^
[2026-08-10 23:50:43.988] [error] Error: Cannot find module '@discordjs/util'
[2026-08-10 23:50:43.990] [error] Require stack:
[2026-08-10 23:50:43.992] [error] - C:\Users\커피에반하다\AppData\Local\Programs\haste-client\resources\app.asar\node_modules\discord.js\src\index.js
[2026-08-10 23:50:43.994] [error] - C:\Users\커피에반하다\AppData\Local\Programs\haste-client\resources\app.asar\haste_agent_bridge.js
[2026-08-10 23:50:43.996] [error] at Module._resolveFilename (node:internal/modules/cjs/loader:1524:15)
[2026-08-10 23:50:43.997] [error] at wrapResolveFilename (node:internal/modules/cjs/loader:1078:27)
[2026-08-10 23:50:43.999] [error] at defaultResolveImplForCJSLoading (node:internal/modules/cjs/loader:1102:10)
[2026-08-10 23:50:44.001] [error] at resolveForCJSWithHooks (node:internal/modules/cjs/loader:1129:12)
[2026-08-10 23:50:44.004] [error] at Module._load (node:internal/modules/cjs/loader:1301:5)
[2026-08-10 23:50:44.005] [error] at c._load (node:electron/js2c/node_init:2:18060)
[2026-08-10 23:50:44.006] [error] at wrapModuleLoad (node:internal/modules/cjs/loader:262:19)
[2026-08-10 23:50:44.008] [error] at Module.require (node:internal/modules/cjs/loader:1624:12)
[2026-08-10 23:50:44.009] [error] at require (node:internal/modules/helpers:153:16)
[2026-08-10 23:50:44.010] [error] at Object.<anonymous> (C:\Users\커피에반하다\AppData\Local\Programs\haste-client\resources\app.asar\node_modules\discord.js\src\index.js:3:29) {
[2026-08-10 23:50:44.012] [error] code: 'MODULE_NOT_FOUND',
[2026-08-10 23:50:44.013] [error] requireStack: [
[2026-08-10 23:50:44.014] [error] 'C:\\Users\\커피에반하다\\AppData\\Local\\Programs\\haste-client\\resources\\app.asar\\node_modules\\discord.js\\src\\index.js',
[2026-08-10 23:50:44.015] [error] 'C:\\Users\\커피에반하다\\AppData\\Local\\Programs\\haste-client\\resources\\app.asar\\haste_agent_bridge.js'
[2026-08-10 23:50:44.016] [error] ]
[2026-08-10 23:50:44.022] [error] }
[2026-08-10 23:50:44.024] [error] Node.js v24.18.0
[2026-08-10 23:50:49.564] [error] node:internal/modules/cjs/loader:1527
[2026-08-10 23:50:49.565] [error] throw err;
[2026-08-10 23:50:49.566] [error] ^
[2026-08-10 23:50:49.567] [error] Error: Cannot find module '@discordjs/util'
[2026-08-10 23:50:49.569] [error] Require stack:
[2026-08-10 23:50:49.570] [error] - C:\Users\커피에반하다\AppData\Local\Programs\haste-client\resources\app.asar\node_modules\discord.js\src\index.js
[2026-08-10 23:50:49.572] [error] - C:\Users\커피에반하다\AppData\Local\Programs\haste-client\resources\app.asar\haste_agent_bridge.js
[2026-08-10 23:50:49.573] [error] at Module._resolveFilename (node:internal/modules/cjs/loader:1524:15)
[2026-08-10 23:50:49.574] [error] at wrapResolveFilename (node:internal/modules/cjs/loader:1078:27)
[2026-08-10 23:50:49.576] [error] at defaultResolveImplForCJSLoading (node:internal/modules/cjs/loader:1102:10)
[2026-08-10 23:50:49.577] [error] at resolveForCJSWithHooks (node:internal/modules/cjs/loader:1129:12)
[2026-08-10 23:50:49.578] [error] at Module._load (node:internal/modules/cjs/loader:1301:5)
[2026-08-10 23:50:49.579] [error] at c._load (node:electron/js2c/node_init:2:18060)
[2026-08-10 23:50:49.580] [error] at wrapModuleLoad (node:internal/modules/cjs/loader:262:19)
[2026-08-10 23:50:49.581] [error] at Module.require (node:internal/modules/cjs/loader:1624:12)
[2026-08-10 23:50:49.583] [error] at require (node:internal/modules/helpers:153:16)
[2026-08-10 23:50:49.583] [error] at Object.<anonymous> (C:\Users\커피에반하다\AppData\Local\Programs\haste-client\resources\app.asar\node_modules\discord.js\src\index.js:3:29) {
[2026-08-10 23:50:49.584] [error] code: 'MODULE_NOT_FOUND',
[2026-08-10 23:50:49.585] [error] requireStack: [
[2026-08-10 23:50:49.586] [error] 'C:\\Users\\커피에반하다\\AppData\\Local\\Programs\\haste-client\\resources\\app.asar\\node_modules\\discord.js\\src\\index.js',
[2026-08-10 23:50:49.588] [error] 'C:\\Users\\커피에반하다\\AppData\\Local\\Programs\\haste-client\\resources\\app.asar\\haste_agent_bridge.js'
[2026-08-10 23:50:49.592] [error] ]
[2026-08-10 23:50:49.594] [error] }
[2026-08-10 23:50:49.596] [error] Node.js v24.18.0
[2026-08-10 23:50:55.135] [error] node:internal/modules/cjs/loader:1527
[2026-08-10 23:50:55.137] [error] throw err;
[2026-08-10 23:50:55.139] [error] ^
[2026-08-10 23:50:55.140] [error] Error: Cannot find module '@discordjs/util'
[2026-08-10 23:50:55.142] [error] Require stack:
[2026-08-10 23:50:55.144] [error] - C:\Users\커피에반하다\AppData\Local\Programs\haste-client\resources\app.asar\node_modules\discord.js\src\index.js
[2026-08-10 23:50:55.146] [error] - C:\Users\커피에반하다\AppData\Local\Programs\haste-client\resources\app.asar\haste_agent_bridge.js
[2026-08-10 23:50:55.147] [error] at Module._resolveFilename (node:internal/modules/cjs/loader:1524:15)
[2026-08-10 23:50:55.147] [error] at wrapResolveFilename (node:internal/modules/cjs/loader:1078:27)
[2026-08-10 23:50:55.150] [error] at defaultResolveImplForCJSLoading (node:internal/modules/cjs/loader:1102:10)
[2026-08-10 23:50:55.152] [error] at resolveForCJSWithHooks (node:internal/modules/cjs/loader:1129:12)
[2026-08-10 23:50:55.154] [error] at Module._load (node:internal/modules/cjs/loader:1301:5)
[2026-08-10 23:50:55.156] [error] at c._load (node:electron/js2c/node_init:2:18060)
[2026-08-10 23:50:55.157] [error] at wrapModuleLoad (node:internal/modules/cjs/loader:262:19)
[2026-08-10 23:50:55.159] [error] at Module.require (node:internal/modules/cjs/loader:1624:12)
[2026-08-10 23:50:55.161] [error] at require (node:internal/modules/helpers:153:16)
[2026-08-10 23:50:55.165] [error] at Object.<anonymous> (C:\Users\커피에반하다\AppData\Local\Programs\haste-client\resources\app.asar\node_modules\discord.js\src\index.js:3:29) {
[2026-08-10 23:50:55.166] [error] code: 'MODULE_NOT_FOUND',
[2026-08-10 23:50:55.175] [error] requireStack: [
[2026-08-10 23:50:55.176] [error] 'C:\\Users\\커피에반하다\\AppData\\Local\\Programs\\haste-client\\resources\\app.asar\\node_modules\\discord.js\\src\\index.js',
[2026-08-10 23:50:55.178] [error] 'C:\\Users\\커피에반하다\\AppData\\Local\\Programs\\haste-client\\resources\\app.asar\\haste_agent_bridge.js'
[2026-08-10 23:50:55.180] [error] ]
[2026-08-10 23:50:55.180] [error] }
[2026-08-10 23:50:55.182] [error] Node.js v24.18.0
[2026-08-10 23:51:00.734] [error] node:internal/modules/cjs/loader:1527
[2026-08-10 23:51:00.735] [error] throw err;
[2026-08-10 23:51:00.737] [error] ^
[2026-08-10 23:51:00.739] [error] Error: Cannot find module '@discordjs/util'
[2026-08-10 23:51:00.740] [error] Require stack:
[2026-08-10 23:51:00.742] [error] - C:\Users\커피에반하다\AppData\Local\Programs\haste-client\resources\app.asar\node_modules\discord.js\src\index.js
[2026-08-10 23:51:00.744] [error] - C:\Users\커피에반하다\AppData\Local\Programs\haste-client\resources\app.asar\haste_agent_bridge.js
[2026-08-10 23:51:00.746] [error] at Module._resolveFilename (node:internal/modules/cjs/loader:1524:15)
[2026-08-10 23:51:00.747] [error] at wrapResolveFilename (node:internal/modules/cjs/loader:1078:27)
[2026-08-10 23:51:00.748] [error] at defaultResolveImplForCJSLoading (node:internal/modules/cjs/loader:1102:10)
[2026-08-10 23:51:00.750] [error] at resolveForCJSWithHooks (node:internal/modules/cjs/loader:1129:12)
[2026-08-10 23:51:00.752] [error] at Module._load (node:internal/modules/cjs/loader:1301:5)
[2026-08-10 23:51:00.754] [error] at c._load (node:electron/js2c/node_init:2:18060)
[2026-08-10 23:51:00.759] [error] at wrapModuleLoad (node:internal/modules/cjs/loader:262:19)
[2026-08-10 23:51:00.761] [error] at Module.require (node:internal/modules/cjs/loader:1624:12)
[2026-08-10 23:51:00.763] [error] at require (node:internal/modules/helpers:153:16)
[2026-08-10 23:51:00.765] [error] at Object.<anonymous> (C:\Users\커피에반하다\AppData\Local\Programs\haste-client\resources\app.asar\node_modules\discord.js\src\index.js:3:29) {
[2026-08-10 23:51:00.766] [error] code: 'MODULE_NOT_FOUND',
[2026-08-10 23:51:00.772] [error] requireStack: [
[2026-08-10 23:51:00.774] [error] 'C:\\Users\\커피에반하다\\AppData\\Local\\Programs\\haste-client\\resources\\app.asar\\node_modules\\discord.js\\src\\index.js',
[2026-08-10 23:51:00.775] [error] 'C:\\Users\\커피에반하다\\AppData\\Local\\Programs\\haste-client\\resources\\app.asar\\haste_agent_bridge.js'
[2026-08-10 23:51:00.777] [error] ]
[2026-08-10 23:51:00.779] [error] }
[2026-08-10 23:51:00.780] [error] Node.js v24.18.0
[2026-08-10 23:51:06.315] [error] node:internal/modules/cjs/loader:1527
[2026-08-10 23:51:06.317] [error] throw err;
[2026-08-10 23:51:06.319] [error] ^
[2026-08-10 23:51:06.321] [error] Error: Cannot find module '@discordjs/util'
[2026-08-10 23:51:06.322] [error] Require stack:
[2026-08-10 23:51:06.324] [error] - C:\Users\커피에반하다\AppData\Local\Programs\haste-client\resources\app.asar\node_modules\discord.js\src\index.js
[2026-08-10 23:51:06.325] [error] - C:\Users\커피에반하다\AppData\Local\Programs\haste-client\resources\app.asar\haste_agent_bridge.js
[2026-08-10 23:51:06.327] [error] at Module._resolveFilename (node:internal/modules/cjs/loader:1524:15)
[2026-08-10 23:51:06.328] [error] at wrapResolveFilename (node:internal/modules/cjs/loader:1078:27)
[2026-08-10 23:51:06.330] [error] at defaultResolveImplForCJSLoading (node:internal/modules/cjs/loader:1102:10)
[2026-08-10 23:51:06.331] [error] at resolveForCJSWithHooks (node:internal/modules/cjs/loader:1129:12)
[2026-08-10 23:51:06.332] [error] at Module._load (node:internal/modules/cjs/loader:1301:5)
[2026-08-10 23:51:06.333] [error] at c._load (node:electron/js2c/node_init:2:18060)
[2026-08-10 23:51:06.335] [error] at wrapModuleLoad (node:internal/modules/cjs/loader:262:19)
[2026-08-10 23:51:06.335] [error] at Module.require (node:internal/modules/cjs/loader:1624:12)
[2026-08-10 23:51:06.336] [error] at require (node:internal/modules/helpers:153:16)
[2026-08-10 23:51:06.337] [error] at Object.<anonymous> (C:\Users\커피에반하다\AppData\Local\Programs\haste-client\resources\app.asar\node_modules\discord.js\src\index.js:3:29) {
[2026-08-10 23:51:06.337] [error] code: 'MODULE_NOT_FOUND',
[2026-08-10 23:51:06.338] [error] requireStack: [
[2026-08-10 23:51:06.338] [error] 'C:\\Users\\커피에반하다\\AppData\\Local\\Programs\\haste-client\\resources\\app.asar\\node_modules\\discord.js\\src\\index.js',
[2026-08-10 23:51:06.339] [error] 'C:\\Users\\커피에반하다\\AppData\\Local\\Programs\\haste-client\\resources\\app.asar\\haste_agent_bridge.js'
[2026-08-10 23:51:06.339] [error] ]
[2026-08-10 23:51:06.340] [error] }
[2026-08-10 23:51:06.342] [error] Node.js v24.18.0
[2026-08-10 23:51:11.877] [error] node:internal/modules/cjs/loader:1527
[2026-08-10 23:51:11.879] [error] throw err;
[2026-08-10 23:51:11.880] [error] ^
[2026-08-10 23:51:11.881] [error] Error: Cannot find module '@discordjs/util'
[2026-08-10 23:51:11.883] [error] Require stack:
[2026-08-10 23:51:11.886] [error] - C:\Users\커피에반하다\AppData\Local\Programs\haste-client\resources\app.asar\node_modules\discord.js\src\index.js
[2026-08-10 23:51:11.887] [error] - C:\Users\커피에반하다\AppData\Local\Programs\haste-client\resources\app.asar\haste_agent_bridge.js
[2026-08-10 23:51:11.889] [error] at Module._resolveFilename (node:internal/modules/cjs/loader:1524:15)
[2026-08-10 23:51:11.891] [error] at wrapResolveFilename (node:internal/modules/cjs/loader:1078:27)
[2026-08-10 23:51:11.892] [error] at defaultResolveImplForCJSLoading (node:internal/modules/cjs/loader:1102:10)
[2026-08-10 23:51:11.893] [error] at resolveForCJSWithHooks (node:internal/modules/cjs/loader:1129:12)
[2026-08-10 23:51:11.895] [error] at Module._load (node:internal/modules/cjs/loader:1301:5)
[2026-08-10 23:51:11.896] [error] at c._load (node:electron/js2c/node_init:2:18060)
[2026-08-10 23:51:11.897] [error] at wrapModuleLoad (node:internal/modules/cjs/loader:262:19)
[2026-08-10 23:51:11.898] [error] at Module.require (node:internal/modules/cjs/loader:1624:12)
[2026-08-10 23:51:11.899] [error] at require (node:internal/modules/helpers:153:16)
[2026-08-10 23:51:11.902] [error] at Object.<anonymous> (C:\Users\커피에반하다\AppData\Local\Programs\haste-client\resources\app.asar\node_modules\discord.js\src\index.js:3:29) {
[2026-08-10 23:51:11.903] [error] code: 'MODULE_NOT_FOUND',
[2026-08-10 23:51:11.904] [error] requireStack: [
[2026-08-10 23:51:11.906] [error] 'C:\\Users\\커피에반하다\\AppData\\Local\\Programs\\haste-client\\resources\\app.asar\\node_modules\\discord.js\\src\\index.js',
[2026-08-10 23:51:11.907] [error] 'C:\\Users\\커피에반하다\\AppData\\Local\\Programs\\haste-client\\resources\\app.asar\\haste_agent_bridge.js'
[2026-08-10 23:51:11.910] [error] ]
[2026-08-10 23:51:11.912] [error] }
[2026-08-10 23:51:11.914] [error] Node.js v24.18.0
[2026-08-10 23:51:17.450] [error] node:internal/modules/cjs/loader:1527
[2026-08-10 23:51:17.452] [error] throw err;
[2026-08-10 23:51:17.453] [error] ^
[2026-08-10 23:51:17.455] [error] Error: Cannot find module '@discordjs/util'
[2026-08-10 23:51:17.457] [error] Require stack:
[2026-08-10 23:51:17.458] [error] - C:\Users\커피에반하다\AppData\Local\Programs\haste-client\resources\app.asar\node_modules\discord.js\src\index.js
[2026-08-10 23:51:17.460] [error] - C:\Users\커피에반하다\AppData\Local\Programs\haste-client\resources\app.asar\haste_agent_bridge.js
[2026-08-10 23:51:17.461] [error] at Module._resolveFilename (node:internal/modules/cjs/loader:1524:15)
[2026-08-10 23:51:17.462] [error] at wrapResolveFilename (node:internal/modules/cjs/loader:1078:27)
[2026-08-10 23:51:17.465] [error] at defaultResolveImplForCJSLoading (node:internal/modules/cjs/loader:1102:10)
[2026-08-10 23:51:17.467] [error] at resolveForCJSWithHooks (node:internal/modules/cjs/loader:1129:12)
[2026-08-10 23:51:17.468] [error] at Module._load (node:internal/modules/cjs/loader:1301:5)
[2026-08-10 23:51:17.470] [error] at c._load (node:electron/js2c/node_init:2:18060)
[2026-08-10 23:51:17.472] [error] at wrapModuleLoad (node:internal/modules/cjs/loader:262:19)
[2026-08-10 23:51:17.473] [error] at Module.require (node:internal/modules/cjs/loader:1624:12)
[2026-08-10 23:51:17.474] [error] at require (node:internal/modules/helpers:153:16)
[2026-08-10 23:51:17.475] [error] at Object.<anonymous> (C:\Users\커피에반하다\AppData\Local\Programs\haste-client\resources\app.asar\node_modules\discord.js\src\index.js:3:29) {
[2026-08-10 23:51:17.476] [error] code: 'MODULE_NOT_FOUND',
[2026-08-10 23:51:17.478] [error] requireStack: [
[2026-08-10 23:51:17.491] [error] 'C:\\Users\\커피에반하다\\AppData\\Local\\Programs\\haste-client\\resources\\app.asar\\node_modules\\discord.js\\src\\index.js',
[2026-08-10 23:51:17.495] [error] 'C:\\Users\\커피에반하다\\AppData\\Local\\Programs\\haste-client\\resources\\app.asar\\haste_agent_bridge.js'
[2026-08-10 23:51:17.497] [error] ]
[2026-08-10 23:51:17.503] [error] }
[2026-08-10 23:51:17.504] [error] Node.js v24.18.0
[2026-08-10 23:51:23.048] [error] node:internal/modules/cjs/loader:1527
[2026-08-10 23:51:23.049] [error] throw err;
[2026-08-10 23:51:23.051] [error] ^
[2026-08-10 23:51:23.053] [error] Error: Cannot find module '@discordjs/util'
[2026-08-10 23:51:23.055] [error] Require stack:
[2026-08-10 23:51:23.056] [error] - C:\Users\커피에반하다\AppData\Local\Programs\haste-client\resources\app.asar\node_modules\discord.js\src\index.js
[2026-08-10 23:51:23.057] [error] - C:\Users\커피에반하다\AppData\Local\Programs\haste-client\resources\app.asar\haste_agent_bridge.js
[2026-08-10 23:51:23.059] [error] at Module._resolveFilename (node:internal/modules/cjs/loader:1524:15)
[2026-08-10 23:51:23.060] [error] at wrapResolveFilename (node:internal/modules/cjs/loader:1078:27)
[2026-08-10 23:51:23.062] [error] at defaultResolveImplForCJSLoading (node:internal/modules/cjs/loader:1102:10)
[2026-08-10 23:51:23.063] [error] at resolveForCJSWithHooks (node:internal/modules/cjs/loader:1129:12)
[2026-08-10 23:51:23.063] [error] at Module._load (node:internal/modules/cjs/loader:1301:5)
[2026-08-10 23:51:23.064] [error] at c._load (node:electron/js2c/node_init:2:18060)
[2026-08-10 23:51:23.066] [error] at wrapModuleLoad (node:internal/modules/cjs/loader:262:19)
[2026-08-10 23:51:23.067] [error] at Module.require (node:internal/modules/cjs/loader:1624:12)
[2026-08-10 23:51:23.068] [error] at require (node:internal/modules/helpers:153:16)
[2026-08-10 23:51:23.070] [error] at Object.<anonymous> (C:\Users\커피에반하다\AppData\Local\Programs\haste-client\resources\app.asar\node_modules\discord.js\src\index.js:3:29) {
[2026-08-10 23:51:23.071] [error] code: 'MODULE_NOT_FOUND',
[2026-08-10 23:51:23.072] [error] requireStack: [
[2026-08-10 23:51:23.076] [error] 'C:\\Users\\커피에반하다\\AppData\\Local\\Programs\\haste-client\\resources\\app.asar\\node_modules\\discord.js\\src\\index.js',
[2026-08-10 23:51:23.079] [error] 'C:\\Users\\커피에반하다\\AppData\\Local\\Programs\\haste-client\\resources\\app.asar\\haste_agent_bridge.js'
[2026-08-10 23:51:23.081] [error] ]
[2026-08-10 23:51:23.082] [error] }
[2026-08-10 23:51:23.084] [error] Node.js v24.18.0
[2026-08-10 23:51:28.871] [error] node:internal/modules/cjs/loader:1527
[2026-08-10 23:51:28.873] [error] throw err;
[2026-08-10 23:51:28.875] [error] ^
[2026-08-10 23:51:28.877] [error] Error: Cannot find module '@discordjs/util'
[2026-08-10 23:51:28.878] [error] Require stack:
[2026-08-10 23:51:28.880] [error] - C:\Users\커피에반하다\AppData\Local\Programs\haste-client\resources\app.asar\node_modules\discord.js\src\index.js
[2026-08-10 23:51:28.881] [error] - C:\Users\커피에반하다\AppData\Local\Programs\haste-client\resources\app.asar\haste_agent_bridge.js
[2026-08-10 23:51:28.883] [error] at Module._resolveFilename (node:internal/modules/cjs/loader:1524:15)
[2026-08-10 23:51:28.886] [error] at wrapResolveFilename (node:internal/modules/cjs/loader:1078:27)
[2026-08-10 23:51:28.888] [error] at defaultResolveImplForCJSLoading (node:internal/modules/cjs/loader:1102:10)
[2026-08-10 23:51:28.889] [error] at resolveForCJSWithHooks (node:internal/modules/cjs/loader:1129:12)
[2026-08-10 23:51:28.891] [error] at Module._load (node:internal/modules/cjs/loader:1301:5)
[2026-08-10 23:51:28.892] [error] at c._load (node:electron/js2c/node_init:2:18060)
[2026-08-10 23:51:28.893] [error] at wrapModuleLoad (node:internal/modules/cjs/loader:262:19)
[2026-08-10 23:51:28.895] [error] at Module.require (node:internal/modules/cjs/loader:1624:12)
[2026-08-10 23:51:28.896] [error] at require (node:internal/modules/helpers:153:16)
[2026-08-10 23:51:28.898] [error] at Object.<anonymous> (C:\Users\커피에반하다\AppData\Local\Programs\haste-client\resources\app.asar\node_modules\discord.js\src\index.js:3:29) {
[2026-08-10 23:51:28.899] [error] code: 'MODULE_NOT_FOUND',
[2026-08-10 23:51:28.900] [error] requireStack: [
[2026-08-10 23:51:28.902] [error] 'C:\\Users\\커피에반하다\\AppData\\Local\\Programs\\haste-client\\resources\\app.asar\\node_modules\\discord.js\\src\\index.js',
[2026-08-10 23:51:28.903] [error] 'C:\\Users\\커피에반하다\\AppData\\Local\\Programs\\haste-client\\resources\\app.asar\\haste_agent_bridge.js'
[2026-08-10 23:51:28.905] [error] ]
[2026-08-10 23:51:28.907] [error] }
[2026-08-10 23:51:28.910] [error] Node.js v24.18.0
[2026-08-10 23:51:34.679] [error] node:internal/modules/cjs/loader:1527
[2026-08-10 23:51:34.681] [error] throw err;
[2026-08-10 23:51:34.682] [error] ^
[2026-08-10 23:51:34.683] [error] Error: Cannot find module '@discordjs/util'
[2026-08-10 23:51:34.685] [error] Require stack:
[2026-08-10 23:51:34.687] [error] - C:\Users\커피에반하다\AppData\Local\Programs\haste-client\resources\app.asar\node_modules\discord.js\src\index.js
[2026-08-10 23:51:34.688] [error] - C:\Users\커피에반하다\AppData\Local\Programs\haste-client\resources\app.asar\haste_agent_bridge.js
[2026-08-10 23:51:34.689] [error] at Module._resolveFilename (node:internal/modules/cjs/loader:1524:15)
[2026-08-10 23:51:34.691] [error] at wrapResolveFilename (node:internal/modules/cjs/loader:1078:27)
[2026-08-10 23:51:34.692] [error] at defaultResolveImplForCJSLoading (node:internal/modules/cjs/loader:1102:10)
[2026-08-10 23:51:34.693] [error] at resolveForCJSWithHooks (node:internal/modules/cjs/loader:1129:12)
[2026-08-10 23:51:34.694] [error] at Module._load (node:internal/modules/cjs/loader:1301:5)
[2026-08-10 23:51:34.695] [error] at c._load (node:electron/js2c/node_init:2:18060)
[2026-08-10 23:51:34.697] [error] at wrapModuleLoad (node:internal/modules/cjs/loader:262:19)
[2026-08-10 23:51:34.699] [error] at Module.require (node:internal/modules/cjs/loader:1624:12)
[2026-08-10 23:51:34.700] [error] at require (node:internal/modules/helpers:153:16)
[2026-08-10 23:51:34.703] [error] at Object.<anonymous> (C:\Users\커피에반하다\AppData\Local\Programs\haste-client\resources\app.asar\node_modules\discord.js\src\index.js:3:29) {
[2026-08-10 23:51:34.704] [error] code: 'MODULE_NOT_FOUND',
[2026-08-10 23:51:34.706] [error] requireStack: [
[2026-08-10 23:51:34.707] [error] 'C:\\Users\\커피에반하다\\AppData\\Local\\Programs\\haste-client\\resources\\app.asar\\node_modules\\discord.js\\src\\index.js',
[2026-08-10 23:51:34.709] [error] 'C:\\Users\\커피에반하다\\AppData\\Local\\Programs\\haste-client\\resources\\app.asar\\haste_agent_bridge.js'
[2026-08-10 23:51:34.710] [error] ]
[2026-08-10 23:51:34.712] [error] }
[2026-08-10 23:51:34.714] [error] Node.js v24.18.0
[2026-08-10 23:51:40.179] [error] node:internal/modules/cjs/loader:1527
[2026-08-10 23:51:40.181] [error] throw err;
[2026-08-10 23:51:40.182] [error] ^
[2026-08-10 23:51:40.184] [error] Error: Cannot find module '@discordjs/util'
[2026-08-10 23:51:40.186] [error] Require stack:
[2026-08-10 23:51:40.187] [error] - C:\Users\커피에반하다\AppData\Local\Programs\haste-client\resources\app.asar\node_modules\discord.js\src\index.js
[2026-08-10 23:51:40.189] [error] - C:\Users\커피에반하다\AppData\Local\Programs\haste-client\resources\app.asar\haste_agent_bridge.js
[2026-08-10 23:51:40.190] [error] at Module._resolveFilename (node:internal/modules/cjs/loader:1524:15)
[2026-08-10 23:51:40.192] [error] at wrapResolveFilename (node:internal/modules/cjs/loader:1078:27)
[2026-08-10 23:51:40.193] [error] at defaultResolveImplForCJSLoading (node:internal/modules/cjs/loader:1102:10)
[2026-08-10 23:51:40.195] [error] at resolveForCJSWithHooks (node:internal/modules/cjs/loader:1129:12)
[2026-08-10 23:51:40.197] [error] at Module._load (node:internal/modules/cjs/loader:1301:5)
[2026-08-10 23:51:40.198] [error] at c._load (node:electron/js2c/node_init:2:18060)
[2026-08-10 23:51:40.199] [error] at wrapModuleLoad (node:internal/modules/cjs/loader:262:19)
[2026-08-10 23:51:40.200] [error] at Module.require (node:internal/modules/cjs/loader:1624:12)
[2026-08-10 23:51:40.203] [error] at require (node:internal/modules/helpers:153:16)
[2026-08-10 23:51:40.204] [error] at Object.<anonymous> (C:\Users\커피에반하다\AppData\Local\Programs\haste-client\resources\app.asar\node_modules\discord.js\src\index.js:3:29) {
[2026-08-10 23:51:40.206] [error] code: 'MODULE_NOT_FOUND',
[2026-08-10 23:51:40.207] [error] requireStack: [
[2026-08-10 23:51:40.209] [error] 'C:\\Users\\커피에반하다\\AppData\\Local\\Programs\\haste-client\\resources\\app.asar\\node_modules\\discord.js\\src\\index.js',
[2026-08-10 23:51:40.210] [error] 'C:\\Users\\커피에반하다\\AppData\\Local\\Programs\\haste-client\\resources\\app.asar\\haste_agent_bridge.js'
[2026-08-10 23:51:40.211] [error] ]
[2026-08-10 23:51:40.212] [error] }
[2026-08-10 23:51:40.214] [error] Node.js v24.18.0
[2026-08-10 23:51:45.673] [error] node:internal/modules/cjs/loader:1527
[2026-08-10 23:51:45.675] [error] throw err;
[2026-08-10 23:51:45.676] [error] ^
[2026-08-10 23:51:45.678] [error] Error: Cannot find module '@discordjs/util'
[2026-08-10 23:51:45.680] [error] Require stack:
[2026-08-10 23:51:45.680] [error] - C:\Users\커피에반하다\AppData\Local\Programs\haste-client\resources\app.asar\node_modules\discord.js\src\index.js
[2026-08-10 23:51:45.682] [error] - C:\Users\커피에반하다\AppData\Local\Programs\haste-client\resources\app.asar\haste_agent_bridge.js
[2026-08-10 23:51:45.685] [error] at Module._resolveFilename (node:internal/modules/cjs/loader:1524:15)
[2026-08-10 23:51:45.687] [error] at wrapResolveFilename (node:internal/modules/cjs/loader:1078:27)
[2026-08-10 23:51:45.689] [error] at defaultResolveImplForCJSLoading (node:internal/modules/cjs/loader:1102:10)
[2026-08-10 23:51:45.690] [error] at resolveForCJSWithHooks (node:internal/modules/cjs/loader:1129:12)
[2026-08-10 23:51:45.692] [error] at Module._load (node:internal/modules/cjs/loader:1301:5)
[2026-08-10 23:51:45.693] [error] at c._load (node:electron/js2c/node_init:2:18060)
[2026-08-10 23:51:45.695] [error] at wrapModuleLoad (node:internal/modules/cjs/loader:262:19)
[2026-08-10 23:51:45.696] [error] at Module.require (node:internal/modules/cjs/loader:1624:12)
[2026-08-10 23:51:45.697] [error] at require (node:internal/modules/helpers:153:16)
[2026-08-10 23:51:45.698] [error] at Object.<anonymous> (C:\Users\커피에반하다\AppData\Local\Programs\haste-client\resources\app.asar\node_modules\discord.js\src\index.js:3:29) {
[2026-08-10 23:51:45.700] [error] code: 'MODULE_NOT_FOUND',
[2026-08-10 23:51:45.707] [error] requireStack: [
[2026-08-10 23:51:45.709] [error] 'C:\\Users\\커피에반하다\\AppData\\Local\\Programs\\haste-client\\resources\\app.asar\\node_modules\\discord.js\\src\\index.js',
[2026-08-10 23:51:45.710] [error] 'C:\\Users\\커피에반하다\\AppData\\Local\\Programs\\haste-client\\resources\\app.asar\\haste_agent_bridge.js'
[2026-08-10 23:51:45.713] [error] ]
[2026-08-10 23:51:45.714] [error] }
[2026-08-10 23:51:45.716] [error] Node.js v24.18.0
[2026-08-10 23:51:51.175] [error] node:internal/modules/cjs/loader:1527
[2026-08-10 23:51:51.177] [error] throw err;
[2026-08-10 23:51:51.178] [error] ^
[2026-08-10 23:51:51.180] [error] Error: Cannot find module '@discordjs/util'
[2026-08-10 23:51:51.182] [error] Require stack:
[2026-08-10 23:51:51.184] [error] - C:\Users\커피에반하다\AppData\Local\Programs\haste-client\resources\app.asar\node_modules\discord.js\src\index.js
[2026-08-10 23:51:51.185] [error] - C:\Users\커피에반하다\AppData\Local\Programs\haste-client\resources\app.asar\haste_agent_bridge.js
[2026-08-10 23:51:51.187] [error] at Module._resolveFilename (node:internal/modules/cjs/loader:1524:15)
[2026-08-10 23:51:51.189] [error] at wrapResolveFilename (node:internal/modules/cjs/loader:1078:27)
[2026-08-10 23:51:51.191] [error] at defaultResolveImplForCJSLoading (node:internal/modules/cjs/loader:1102:10)
[2026-08-10 23:51:51.192] [error] at resolveForCJSWithHooks (node:internal/modules/cjs/loader:1129:12)
[2026-08-10 23:51:51.193] [error] at Module._load (node:internal/modules/cjs/loader:1301:5)
[2026-08-10 23:51:51.194] [error] at c._load (node:electron/js2c/node_init:2:18060)
[2026-08-10 23:51:51.196] [error] at wrapModuleLoad (node:internal/modules/cjs/loader:262:19)
[2026-08-10 23:51:51.211] [error] at Module.require (node:internal/modules/cjs/loader:1624:12)
[2026-08-10 23:51:51.213] [error] at require (node:internal/modules/helpers:153:16)
[2026-08-10 23:51:51.214] [error] at Object.<anonymous> (C:\Users\커피에반하다\AppData\Local\Programs\haste-client\resources\app.asar\node_modules\discord.js\src\index.js:3:29) {
[2026-08-10 23:51:51.215] [error] code: 'MODULE_NOT_FOUND',
[2026-08-10 23:51:51.220] [error] requireStack: [
[2026-08-10 23:51:51.222] [error] 'C:\\Users\\커피에반하다\\AppData\\Local\\Programs\\haste-client\\resources\\app.asar\\node_modules\\discord.js\\src\\index.js',
[2026-08-10 23:51:51.224] [error] 'C:\\Users\\커피에반하다\\AppData\\Local\\Programs\\haste-client\\resources\\app.asar\\haste_agent_bridge.js'
[2026-08-10 23:51:51.225] [error] ]
[2026-08-10 23:51:51.226] [error] }
[2026-08-10 23:51:51.228] [error] Node.js v24.18.0
[2026-08-10 23:51:56.696] [error] node:internal/modules/cjs/loader:1527
[2026-08-10 23:51:56.698] [error] throw err;
[2026-08-10 23:51:56.699] [error] ^
[2026-08-10 23:51:56.700] [error] Error: Cannot find module '@discordjs/util'
[2026-08-10 23:51:56.703] [error] Require stack:
[2026-08-10 23:51:56.705] [error] - C:\Users\커피에반하다\AppData\Local\Programs\haste-client\resources\app.asar\node_modules\discord.js\src\index.js
[2026-08-10 23:51:56.707] [error] - C:\Users\커피에반하다\AppData\Local\Programs\haste-client\resources\app.asar\haste_agent_bridge.js
[2026-08-10 23:51:56.709] [error] at Module._resolveFilename (node:internal/modules/cjs/loader:1524:15)
[2026-08-10 23:51:56.710] [error] at wrapResolveFilename (node:internal/modules/cjs/loader:1078:27)
[2026-08-10 23:51:56.712] [error] at defaultResolveImplForCJSLoading (node:internal/modules/cjs/loader:1102:10)
[2026-08-10 23:51:56.714] [error] at resolveForCJSWithHooks (node:internal/modules/cjs/loader:1129:12)
[2026-08-10 23:51:56.715] [error] at Module._load (node:internal/modules/cjs/loader:1301:5)
[2026-08-10 23:51:56.718] [error] at c._load (node:electron/js2c/node_init:2:18060)
[2026-08-10 23:51:56.720] [error] at wrapModuleLoad (node:internal/modules/cjs/loader:262:19)
[2026-08-10 23:51:56.722] [error] at Module.require (node:internal/modules/cjs/loader:1624:12)
[2026-08-10 23:51:56.724] [error] at require (node:internal/modules/helpers:153:16)
[2026-08-10 23:51:56.727] [error] at Object.<anonymous> (C:\Users\커피에반하다\AppData\Local\Programs\haste-client\resources\app.asar\node_modules\discord.js\src\index.js:3:29) {
[2026-08-10 23:51:56.729] [error] code: 'MODULE_NOT_FOUND',
[2026-08-10 23:51:56.731] [error] requireStack: [
[2026-08-10 23:51:56.733] [error] 'C:\\Users\\커피에반하다\\AppData\\Local\\Programs\\haste-client\\resources\\app.asar\\node_modules\\discord.js\\src\\index.js',
[2026-08-10 23:51:56.734] [error] 'C:\\Users\\커피에반하다\\AppData\\Local\\Programs\\haste-client\\resources\\app.asar\\haste_agent_bridge.js'
[2026-08-10 23:51:56.737] [error] ]
[2026-08-10 23:51:56.740] [error] }
[2026-08-10 23:51:56.741] [error] Node.js v24.18.0
[2026-08-10 23:52:02.040] [error] node:internal/modules/cjs/loader:1527
[2026-08-10 23:52:02.041] [error] throw err;
[2026-08-10 23:52:02.041] [error] ^
[2026-08-10 23:52:02.042] [error] Error: Cannot find module '@discordjs/util'
[2026-08-10 23:52:02.043] [error] Require stack:
[2026-08-10 23:52:02.043] [error] - C:\Users\커피에반하다\AppData\Local\Programs\haste-client\resources\app.asar\node_modules\discord.js\src\index.js
[2026-08-10 23:52:02.044] [error] - C:\Users\커피에반하다\AppData\Local\Programs\haste-client\resources\app.asar\haste_agent_bridge.js
[2026-08-10 23:52:02.044] [error] at Module._resolveFilename (node:internal/modules/cjs/loader:1524:15)
[2026-08-10 23:52:02.045] [error] at wrapResolveFilename (node:internal/modules/cjs/loader:1078:27)
[2026-08-10 23:52:02.046] [error] at defaultResolveImplForCJSLoading (node:internal/modules/cjs/loader:1102:10)
[2026-08-10 23:52:02.046] [error] at resolveForCJSWithHooks (node:internal/modules/cjs/loader:1129:12)
[2026-08-10 23:52:02.047] [error] at Module._load (node:internal/modules/cjs/loader:1301:5)
[2026-08-10 23:52:02.047] [error] at c._load (node:electron/js2c/node_init:2:18060)
[2026-08-10 23:52:02.048] [error] at wrapModuleLoad (node:internal/modules/cjs/loader:262:19)
[2026-08-10 23:52:02.048] [error] at Module.require (node:internal/modules/cjs/loader:1624:12)
[2026-08-10 23:52:02.049] [error] at require (node:internal/modules/helpers:153:16)
[2026-08-10 23:52:02.049] [error] at Object.<anonymous> (C:\Users\커피에반하다\AppData\Local\Programs\haste-client\resources\app.asar\node_modules\discord.js\src\index.js:3:29) {
[2026-08-10 23:52:02.050] [error] code: 'MODULE_NOT_FOUND',
[2026-08-10 23:52:02.050] [error] requireStack: [
[2026-08-10 23:52:02.051] [error] 'C:\\Users\\커피에반하다\\AppData\\Local\\Programs\\haste-client\\resources\\app.asar\\node_modules\\discord.js\\src\\index.js',
[2026-08-10 23:52:02.052] [error] 'C:\\Users\\커피에반하다\\AppData\\Local\\Programs\\haste-client\\resources\\app.asar\\haste_agent_bridge.js'
[2026-08-10 23:52:02.052] [error] ]
[2026-08-10 23:52:02.053] [error] }
[2026-08-10 23:52:02.053] [error] Node.js v24.18.0
[2026-08-10 23:52:07.320] [error] node:internal/modules/cjs/loader:1527
[2026-08-10 23:52:07.320] [error] throw err;
[2026-08-10 23:52:07.321] [error] ^
[2026-08-10 23:52:07.322] [error] Error: Cannot find module '@discordjs/util'
[2026-08-10 23:52:07.323] [error] Require stack:
[2026-08-10 23:52:07.323] [error] - C:\Users\커피에반하다\AppData\Local\Programs\haste-client\resources\app.asar\node_modules\discord.js\src\index.js
[2026-08-10 23:52:07.324] [error] - C:\Users\커피에반하다\AppData\Local\Programs\haste-client\resources\app.asar\haste_agent_bridge.js
[2026-08-10 23:52:07.325] [error] at Module._resolveFilename (node:internal/modules/cjs/loader:1524:15)
[2026-08-10 23:52:07.325] [error] at wrapResolveFilename (node:internal/modules/cjs/loader:1078:27)
[2026-08-10 23:52:07.326] [error] at defaultResolveImplForCJSLoading (node:internal/modules/cjs/loader:1102:10)
[2026-08-10 23:52:07.326] [error] at resolveForCJSWithHooks (node:internal/modules/cjs/loader:1129:12)
[2026-08-10 23:52:07.327] [error] at Module._load (node:internal/modules/cjs/loader:1301:5)
[2026-08-10 23:52:07.327] [error] at c._load (node:electron/js2c/node_init:2:18060)
[2026-08-10 23:52:07.328] [error] at wrapModuleLoad (node:internal/modules/cjs/loader:262:19)
[2026-08-10 23:52:07.328] [error] at Module.require (node:internal/modules/cjs/loader:1624:12)
[2026-08-10 23:52:07.329] [error] at require (node:internal/modules/helpers:153:16)
[2026-08-10 23:52:07.329] [error] at Object.<anonymous> (C:\Users\커피에반하다\AppData\Local\Programs\haste-client\resources\app.asar\node_modules\discord.js\src\index.js:3:29) {
[2026-08-10 23:52:07.330] [error] code: 'MODULE_NOT_FOUND',
[2026-08-10 23:52:07.330] [error] requireStack: [
[2026-08-10 23:52:07.331] [error] 'C:\\Users\\커피에반하다\\AppData\\Local\\Programs\\haste-client\\resources\\app.asar\\node_modules\\discord.js\\src\\index.js',
[2026-08-10 23:52:07.331] [error] 'C:\\Users\\커피에반하다\\AppData\\Local\\Programs\\haste-client\\resources\\app.asar\\haste_agent_bridge.js'
[2026-08-10 23:52:07.332] [error] ]
[2026-08-10 23:52:07.332] [error] }
[2026-08-10 23:52:07.333] [error] Node.js v24.18.0
[2026-08-10 23:52:12.623] [error] node:internal/modules/cjs/loader:1527
[2026-08-10 23:52:12.623] [error] throw err;
[2026-08-10 23:52:12.624] [error] ^
[2026-08-10 23:52:12.625] [error] Error: Cannot find module '@discordjs/util'
[2026-08-10 23:52:12.625] [error] Require stack:
[2026-08-10 23:52:12.626] [error] - C:\Users\커피에반하다\AppData\Local\Programs\haste-client\resources\app.asar\node_modules\discord.js\src\index.js
[2026-08-10 23:52:12.626] [error] - C:\Users\커피에반하다\AppData\Local\Programs\haste-client\resources\app.asar\haste_agent_bridge.js
[2026-08-10 23:52:12.627] [error] at Module._resolveFilename (node:internal/modules/cjs/loader:1524:15)
[2026-08-10 23:52:12.627] [error] at wrapResolveFilename (node:internal/modules/cjs/loader:1078:27)
[2026-08-10 23:52:12.628] [error] at defaultResolveImplForCJSLoading (node:internal/modules/cjs/loader:1102:10)
[2026-08-10 23:52:12.629] [error] at resolveForCJSWithHooks (node:internal/modules/cjs/loader:1129:12)
[2026-08-10 23:52:12.629] [error] at Module._load (node:internal/modules/cjs/loader:1301:5)
[2026-08-10 23:52:12.630] [error] at c._load (node:electron/js2c/node_init:2:18060)
[2026-08-10 23:52:12.630] [error] at wrapModuleLoad (node:internal/modules/cjs/loader:262:19)
[2026-08-10 23:52:12.631] [error] at Module.require (node:internal/modules/cjs/loader:1624:12)
[2026-08-10 23:52:12.631] [error] at require (node:internal/modules/helpers:153:16)
[2026-08-10 23:52:12.632] [error] at Object.<anonymous> (C:\Users\커피에반하다\AppData\Local\Programs\haste-client\resources\app.asar\node_modules\discord.js\src\index.js:3:29) {
[2026-08-10 23:52:12.632] [error] code: 'MODULE_NOT_FOUND',
[2026-08-10 23:52:12.633] [error] requireStack: [
[2026-08-10 23:52:12.634] [error] 'C:\\Users\\커피에반하다\\AppData\\Local\\Programs\\haste-client\\resources\\app.asar\\node_modules\\discord.js\\src\\index.js',
[2026-08-10 23:52:12.635] [error] 'C:\\Users\\커피에반하다\\AppData\\Local\\Programs\\haste-client\\resources\\app.asar\\haste_agent_bridge.js'
[2026-08-10 23:52:12.636] [error] ]
[2026-08-10 23:52:12.637] [error] }
[2026-08-10 23:52:12.638] [error] Node.js v24.18.0
[2026-08-10 23:52:17.917] [error] node:internal/modules/cjs/loader:1527
[2026-08-10 23:52:17.918] [error] throw err;
[2026-08-10 23:52:17.919] [error] ^
[2026-08-10 23:52:17.919] [error] Error: Cannot find module '@discordjs/util'
[2026-08-10 23:52:17.920] [error] Require stack:
[2026-08-10 23:52:17.921] [error] - C:\Users\커피에반하다\AppData\Local\Programs\haste-client\resources\app.asar\node_modules\discord.js\src\index.js
[2026-08-10 23:52:17.922] [error] - C:\Users\커피에반하다\AppData\Local\Programs\haste-client\resources\app.asar\haste_agent_bridge.js
[2026-08-10 23:52:17.923] [error] at Module._resolveFilename (node:internal/modules/cjs/loader:1524:15)
[2026-08-10 23:52:17.924] [error] at wrapResolveFilename (node:internal/modules/cjs/loader:1078:27)
[2026-08-10 23:52:17.925] [error] at defaultResolveImplForCJSLoading (node:internal/modules/cjs/loader:1102:10)
[2026-08-10 23:52:17.926] [error] at resolveForCJSWithHooks (node:internal/modules/cjs/loader:1129:12)
[2026-08-10 23:52:17.927] [error] at Module._load (node:internal/modules/cjs/loader:1301:5)
[2026-08-10 23:52:17.927] [error] at c._load (node:electron/js2c/node_init:2:18060)
[2026-08-10 23:52:17.928] [error] at wrapModuleLoad (node:internal/modules/cjs/loader:262:19)
[2026-08-10 23:52:17.928] [error] at Module.require (node:internal/modules/cjs/loader:1624:12)
[2026-08-10 23:52:17.929] [error] at require (node:internal/modules/helpers:153:16)
[2026-08-10 23:52:17.929] [error] at Object.<anonymous> (C:\Users\커피에반하다\AppData\Local\Programs\haste-client\resources\app.asar\node_modules\discord.js\src\index.js:3:29) {
[2026-08-10 23:52:17.930] [error] code: 'MODULE_NOT_FOUND',
[2026-08-10 23:52:17.930] [error] requireStack: [
[2026-08-10 23:52:17.931] [error] 'C:\\Users\\커피에반하다\\AppData\\Local\\Programs\\haste-client\\resources\\app.asar\\node_modules\\discord.js\\src\\index.js',
[2026-08-10 23:52:17.931] [error] 'C:\\Users\\커피에반하다\\AppData\\Local\\Programs\\haste-client\\resources\\app.asar\\haste_agent_bridge.js'
[2026-08-10 23:52:17.932] [error] ]
[2026-08-10 23:52:17.932] [error] }
[2026-08-10 23:52:17.933] [error] Node.js v24.18.0