[2026-09-12 01:36:45.031] [info]  [TOSS RAW ORDER] orderId=753655180107731054, items=[{"name":"아메리카노","productNo":"GSI1002","options":[{"optionCode":"1759895","optionName":"ICE","price":0,"quantity":1},{"optionCode":"1759904","optionName":"샷추가","price":800,"quantity":1}]}]
[2026-09-12 01:36:45.037] [info]  [TOSS ITEM RESOLVED] orderId=753655180107731054, item="아메리카노" (GSI1002) | rawOptions=[{"optionCode":"1759895","optionName":"ICE","price":0,"quantity":1},{"optionCode":"1759904","optionName":"샷추가","price":800,"quantity":1}] ➔ resolved="ICE 아메리카노 (시그니처) (샷추가)" (GSI1005) steps={"step1":["CUP","ICE"],"step2":["COFFEE","90"],"step3":["ICE",5500],"step4":["COLD",95]}
[2026-09-12 01:39:01.363] [info]  [toss] event=order.completed status=success source=toss virtual=off mode=order orderId=753655180107731054 bill=753655180107731054 menuCount=2
[2026-09-12 01:54:46.957] [info]  [TOSS RAW ORDER] orderId=753659722094383468, items=[{"name":"복숭아에이드","productNo":"GAI4013","options":[]}]
[2026-09-12 01:54:46.964] [info]  [TOSS ITEM RESOLVED] orderId=753659722094383468, item="복숭아에이드" (GAI4013) | rawOptions=[] ➔ resolved="ICE 복숭아에이드" (GAI4013) steps={"step1":["CUP","ICE"],"step2":["ICE",5000],"step3":["SPARKLE",178],"step4":["복숭아","40"]}
[2026-09-12 01:55:22.058] [info]  [toss] event=order.completed status=success source=toss virtual=off mode=order orderId=753659722094383468 bill=753659722094383468 menuCount=1
[2026-09-12 03:36:37.511] [info]  [TOSS RAW ORDER] orderId=753685354698282038, items=[{"name":"아메리카노","productNo":"GSI1002","options":[{"optionCode":"1759895","optionName":"ICE","price":0,"quantity":1}]}]
[2026-09-12 03:36:37.517] [info]  [TOSS ITEM RESOLVED] orderId=753685354698282038, item="아메리카노" (GSI1002) | rawOptions=[{"optionCode":"1759895","optionName":"ICE","price":0,"quantity":1}] ➔ resolved="ICE 아메리카노 (시그니처)" (GSI1002) steps={"step1":["CUP","ICE"],"step2":["COFFEE","60"],"step3":["ICE",5500],"step4":["COLD",125]}
[2026-09-12 03:37:24.393] [info]  [toss] event=order.completed status=success source=toss virtual=off mode=order orderId=753685354698282038 bill=753685354698282038 menuCount=1
[2026-09-12 03:39:51.484] [info]  [TOSS RAW ORDER] orderId=753686132049600122, items=[{"name":"아메리카노","productNo":"GSI1002","options":[{"optionCode":"1759895","optionName":"ICE","price":0,"quantity":1}]}]
[2026-09-12 03:39:51.489] [info]  [TOSS ITEM RESOLVED] orderId=753686132049600122, item="아메리카노" (GSI1002) | rawOptions=[{"optionCode":"1759895","optionName":"ICE","price":0,"quantity":1}] ➔ resolved="ICE 아메리카노 (시그니처)" (GSI1002) steps={"step1":["CUP","ICE"],"step2":["COFFEE","60"],"step3":["ICE",5500],"step4":["COLD",125]}
[2026-09-12 03:40:38.157] [info]  [toss] event=order.completed status=success source=toss virtual=off mode=order orderId=753686132049600122 bill=753686132049600122 menuCount=1
[2026-09-12 04:24:22.521] [info]  [TOSS RAW ORDER] orderId=753697369068163137, items=[{"name":"(스페셜티) 아메리카노","productNo":"16707171","options":[{"optionCode":"1759894","optionName":"HOT","price":0,"quantity":1}]},{"name":"카페라떼","productNo":"GSI2001","options":[{"optionCode":"1759894","optionName":"HOT","price":0,"quantity":1}]}]
[2026-09-12 04:24:22.526] [info]  [TOSS ITEM RESOLVED] orderId=753697369068163137, item="(스페셜티) 아메리카노" (16707171) | rawOptions=[{"optionCode":"1759894","optionName":"HOT","price":0,"quantity":1}] ➔ resolved="HOT 아메리카노 (스페셜티)" (GPH1002) steps={"step1":["CUP","HOT"],"step2":["COFFEE","61"],"step3":["HOT",280]}
[2026-09-12 04:24:22.530] [info]  [TOSS ITEM RESOLVED] orderId=753697369068163137, item="카페라떼" (GSI2001) | rawOptions=[{"optionCode":"1759894","optionName":"HOT","price":0,"quantity":1}] ➔ resolved="HOT 카페라떼 (시그니처)" (GSH2001) steps={"step1":["CUP","HOT"],"step2":["COFFEE","60"],"step3":["HOT_MILK",240]}
[2026-09-12 04:26:20.058] [info]  [toss] event=order.completed status=success source=toss virtual=off mode=order orderId=753697369068163137 bill=753697369068163137 menuCount=2
[2026-09-12 04:41:37.485] [info]  [TOSS RAW ORDER] orderId=753701711036839432, items=[{"name":"아메리카노","productNo":"GSI1002","options":[{"optionCode":"1759895","optionName":"ICE","price":0,"quantity":1}]}]
[2026-09-12 04:41:37.491] [info]  [TOSS ITEM RESOLVED] orderId=753701711036839432, item="아메리카노" (GSI1002) | rawOptions=[{"optionCode":"1759895","optionName":"ICE","price":0,"quantity":1}] ➔ resolved="ICE 아메리카노 (시그니처)" (GSI1002) steps={"step1":["CUP","ICE"],"step2":["COFFEE","60"],"step3":["ICE",5500],"step4":["COLD",125]}
[2026-09-12 04:42:29.052] [info]  [toss] event=order.completed status=success source=toss virtual=off mode=order orderId=753701711036839432 bill=753701711036839432 menuCount=1
[2026-09-12 04:57:08.467] [info]  [TOSS RAW ORDER] orderId=753705618953772346, items=[{"name":"아샷추","productNo":"GDI1003","options":[]}]
[2026-09-12 04:57:08.473] [info]  [TOSS ITEM RESOLVED] orderId=753705618953772346, item="아샷추" (GDI1003) | rawOptions=[] ➔ resolved="ICE 아샷추 (딥리치)" (GDI1003) steps={"step1":["CUP","ICE"],"step2":["COFFEE",30],"step3":["ICE",5000],"step4":["COLD",105],"step5":["복숭아",45]}
[2026-09-12 04:57:41.078] [info]  [toss] event=order.completed status=success source=toss virtual=off mode=order orderId=753705618953772346 bill=753705618953772346 menuCount=1
[2026-09-12 05:16:50.456] [info]  [TOSS RAW ORDER] orderId=753710583382313026, items=[{"name":"아메리카노","productNo":"GSI1002","options":[{"optionCode":"1759895","optionName":"ICE","price":0,"quantity":1},{"optionCode":"1759906","optionName":"헤이즐넛","price":500,"quantity":1}]}]
[2026-09-12 05:16:50.460] [info]  [TOSS ITEM RESOLVED] orderId=753710583382313026, item="아메리카노" (GSI1002) | rawOptions=[{"optionCode":"1759895","optionName":"ICE","price":0,"quantity":1},{"optionCode":"1759906","optionName":"헤이즐넛","price":500,"quantity":1}] ➔ resolved="ICE 아메리카노 (시그니처) (헤이즐넛)" (GSI1010) steps={"step1":["CUP","ICE"],"step2":["COFFEE","60"],"step3":["ICE",5500],"step4":["COLD",105],"step5":["헤이즐넛","20"]}
[2026-09-12 05:17:36.396] [info]  [toss] event=order.completed status=success source=toss virtual=off mode=order orderId=753710583382313026 bill=753710583382313026 menuCount=1
[2026-09-12 06:19:02.491] [info]  [TOSS RAW ORDER] orderId=753726234658376010, items=[{"name":"(스페셜티) 아메리카노","productNo":"16707171","options":[{"optionCode":"1759895","optionName":"ICE","price":0,"quantity":1}]}]
[2026-09-12 06:19:02.496] [info]  [TOSS ITEM RESOLVED] orderId=753726234658376010, item="(스페셜티) 아메리카노" (16707171) | rawOptions=[{"optionCode":"1759895","optionName":"ICE","price":0,"quantity":1}] ➔ resolved="ICE 아메리카노 (스페셜티)" (GPI1002) steps={"step1":["CUP","ICE"],"step2":["COFFEE","61"],"step3":["ICE",5500],"step4":["COLD",125]}
[2026-09-12 06:19:47.137] [info]  [toss] event=order.completed status=success source=toss virtual=off mode=order orderId=753726234658376010 bill=753726234658376010 menuCount=1
[2026-09-12 07:46:46.503] [info]  [TOSS RAW ORDER] orderId=753748296374449373, items=[{"name":"아메리카노","productNo":"GSI1002","options":[{"optionCode":"1759894","optionName":"HOT","price":0,"quantity":1}]}]
[2026-09-12 07:46:46.509] [info]  [TOSS ITEM RESOLVED] orderId=753748296374449373, item="아메리카노" (GSI1002) | rawOptions=[{"optionCode":"1759894","optionName":"HOT","price":0,"quantity":1}] ➔ resolved="HOT 아메리카노 (시그니처)" (GSH1002) steps={"step1":["CUP","HOT"],"step2":["COFFEE","60"],"step3":["HOT",280]}
[2026-09-12 07:47:41.893] [info]  [toss] event=order.completed status=success source=toss virtual=off mode=order orderId=753748296374449373 bill=753748296374449373 menuCount=1
[2026-09-12 12:28:39.123] [info]  [TOSS RAW ORDER] orderId=753819252648335312, items=[{"name":"딸기라떼","productNo":"GMI3009","options":[{"optionCode":"1759895","optionName":"ICE","price":0,"quantity":1}]}]
[2026-09-12 12:28:39.127] [info]  [TOSS ITEM RESOLVED] orderId=753819252648335312, item="딸기라떼" (GMI3009) | rawOptions=[{"optionCode":"1759895","optionName":"ICE","price":0,"quantity":1}] ➔ resolved="ICE 딸기라떼" (GMI3009) steps={"step1":["CUP","ICE"],"step2":["ICE","5000"],"step3":["COLD_MILK","160"],"step4":["딸기","50"]}
[2026-09-12 12:29:09.584] [info]  [toss] event=order.completed status=success source=toss virtual=off mode=order orderId=753819252648335312 bill=753819252648335312 menuCount=1
[2026-09-12 13:19:26.982] [info]  [TOSS RAW ORDER] orderId=753832028523500943, items=[{"name":"말차초코라떼","productNo":"GMI3003","options":[{"optionCode":"1759895","optionName":"ICE","price":0,"quantity":1}]}]
[2026-09-12 13:19:26.988] [info]  [TOSS ITEM RESOLVED] orderId=753832028523500943, item="말차초코라떼" (GMI3003) | rawOptions=[{"optionCode":"1759895","optionName":"ICE","price":0,"quantity":1}] ➔ resolved="ICE 말차라떼 (초코)" (GMI3003) steps={"step1":["CUP","ICE"],"step2":["ICE","5000"],"step3":["COLD_MILK","160"],"step4":["말차","30"],"step5":["초코","30"]}
[2026-09-12 13:19:58.606] [info]  [toss] event=order.completed status=success source=toss virtual=off mode=order orderId=753832028523500943 bill=753832028523500943 menuCount=1
[2026-09-12 13:20:23.037] [info]  [TOSS RAW ORDER] orderId=753832263089986310, items=[{"name":"아메리카노","productNo":"GSI1002","options":[{"optionCode":"1759895","optionName":"ICE","price":0,"quantity":1}]}]
[2026-09-12 13:20:23.044] [info]  [TOSS ITEM RESOLVED] orderId=753832263089986310, item="아메리카노" (GSI1002) | rawOptions=[{"optionCode":"1759895","optionName":"ICE","price":0,"quantity":1}] ➔ resolved="ICE 아메리카노 (시그니처)" (GSI1002) steps={"step1":["CUP","ICE"],"step2":["COFFEE","60"],"step3":["ICE",5500],"step4":["COLD",125]}
[2026-09-12 13:21:35.147] [info]  [toss] event=order.completed status=success source=toss virtual=off mode=order orderId=753832263089986310 bill=753832263089986310 menuCount=1
[2026-09-12 14:16:09.967] [info]  [TOSS RAW ORDER] orderId=753846291178751088, items=[{"name":"바나나라떼","productNo":"GMI3010","options":[{"optionCode":"1759895","optionName":"ICE","price":0,"quantity":1}]}]
[2026-09-12 14:16:09.972] [info]  [TOSS ITEM RESOLVED] orderId=753846291178751088, item="바나나라떼" (GMI3010) | rawOptions=[{"optionCode":"1759895","optionName":"ICE","price":0,"quantity":1}] ➔ resolved="ICE 바나나라떼" (GMI3010) steps={"step1":["CUP","ICE"],"step2":["ICE","5000"],"step3":["COLD_MILK","160"],"step4":["바나나","60"]}
[2026-09-12 14:16:38.702] [info]  [toss] event=order.completed status=success source=toss virtual=off mode=order orderId=753846291178751088 bill=753846291178751088 menuCount=1
[2026-09-12 14:50:28.999] [info]  [TOSS RAW ORDER] orderId=753854954450736216, items=[{"name":"아메리카노","productNo":"16702755","options":[{"optionCode":"1759894","optionName":"HOT","price":0,"quantity":1}]}]
[2026-09-12 14:50:29.003] [info]  [TOSS ITEM RESOLVED] orderId=753854954450736216, item="아메리카노" (16702755) | rawOptions=[{"optionCode":"1759894","optionName":"HOT","price":0,"quantity":1}] ➔ resolved="HOT 아메리카노 (시그니처)" (GSH1002) steps={"step1":["CUP","HOT"],"step2":["COFFEE","60"],"step3":["HOT",280]}
[2026-09-12 14:51:13.382] [info]  [toss] event=order.completed status=success source=toss virtual=off mode=order orderId=753854954450736216 bill=753854954450736216 menuCount=1
[2026-09-12 15:24:23.072] [info]  [TOSS RAW ORDER] orderId=753863455747114906, items=[{"name":"아메리카노","productNo":"GSI1002","options":[{"optionCode":"1759895","optionName":"ICE","price":0,"quantity":1}]}]
[2026-09-12 15:24:23.077] [info]  [TOSS ITEM RESOLVED] orderId=753863455747114906, item="아메리카노" (GSI1002) | rawOptions=[{"optionCode":"1759895","optionName":"ICE","price":0,"quantity":1}] ➔ resolved="ICE 아메리카노 (시그니처)" (GSI1002) steps={"step1":["CUP","ICE"],"step2":["COFFEE","60"],"step3":["ICE",5500],"step4":["COLD",125]}
[2026-09-12 15:25:06.839] [info]  [toss] event=order.completed status=success source=toss virtual=off mode=order orderId=753863455747114906 bill=753863455747114906 menuCount=1
[2026-09-12 15:26:02.071] [info]  [TOSS RAW ORDER] orderId=753863892130932648, items=[{"name":"아메리카노","productNo":"GSI1002","options":[{"optionCode":"1759894","optionName":"HOT","price":0,"quantity":1}]}]
[2026-09-12 15:26:02.075] [info]  [TOSS ITEM RESOLVED] orderId=753863892130932648, item="아메리카노" (GSI1002) | rawOptions=[{"optionCode":"1759894","optionName":"HOT","price":0,"quantity":1}] ➔ resolved="HOT 아메리카노 (시그니처)" (GSH1002) steps={"step1":["CUP","HOT"],"step2":["COFFEE","60"],"step3":["HOT",280]}
[2026-09-12 15:26:44.128] [info]  [toss] event=order.completed status=success source=toss virtual=off mode=order orderId=753863892130932648 bill=753863892130932648 menuCount=1
[2026-09-12 15:56:53.964] [info]  [TOSS RAW ORDER] orderId=753871647910734108, items=[{"name":"아메리카노","productNo":"GSI1002","options":[{"optionCode":"1759895","optionName":"ICE","price":0,"quantity":1}]}]
[2026-09-12 15:56:53.968] [info]  [TOSS ITEM RESOLVED] orderId=753871647910734108, item="아메리카노" (GSI1002) | rawOptions=[{"optionCode":"1759895","optionName":"ICE","price":0,"quantity":1}] ➔ resolved="ICE 아메리카노 (시그니처)" (GSI1002) steps={"step1":["CUP","ICE"],"step2":["COFFEE","60"],"step3":["ICE",5500],"step4":["COLD",125]}
[2026-09-12 15:57:36.980] [info]  [toss] event=order.completed status=success source=toss virtual=off mode=order orderId=753871647910734108 bill=753871647910734108 menuCount=1
[2026-09-12 15:58:24.027] [info]  [TOSS RAW ORDER] orderId=753872045996316613, items=[{"name":"아메리카노","productNo":"16702755","options":[{"optionCode":"1759895","optionName":"ICE","price":0,"quantity":1}]}]
[2026-09-12 15:58:24.032] [info]  [TOSS ITEM RESOLVED] orderId=753872045996316613, item="아메리카노" (16702755) | rawOptions=[{"optionCode":"1759895","optionName":"ICE","price":0,"quantity":1}] ➔ resolved="ICE 아메리카노 (시그니처)" (GSI1002) steps={"step1":["CUP","ICE"],"step2":["COFFEE","60"],"step3":["ICE",5500],"step4":["COLD",125]}
[2026-09-12 15:59:14.075] [info]  [toss] event=order.completed status=success source=toss virtual=off mode=order orderId=753872045996316613 bill=753872045996316613 menuCount=1
[2026-09-12 16:09:05.106] [info]  [TOSS RAW ORDER] orderId=753874732238313605, items=[{"name":"아메리카노","productNo":"16702755","options":[{"optionCode":"1759895","optionName":"ICE","price":0,"quantity":1},{"optionCode":"1759903","optionName":"연하게","price":0,"quantity":1}]}]
[2026-09-12 16:09:05.110] [info]  [TOSS ITEM RESOLVED] orderId=753874732238313605, item="아메리카노" (16702755) | rawOptions=[{"optionCode":"1759895","optionName":"ICE","price":0,"quantity":1},{"optionCode":"1759903","optionName":"연하게","price":0,"quantity":1}] ➔ resolved="ICE 아메리카노 (시그니처) (연하게)" (GSI1001) steps={"step1":["CUP","ICE"],"step2":["COFFEE","30"],"step3":["ICE",5500],"step4":["COLD",155]}
[2026-09-12 16:09:39.081] [info]  [toss] event=order.completed status=success source=toss virtual=off mode=order orderId=753874732238313605 bill=753874732238313605 menuCount=1
[2026-09-12 16:43:12.994] [info]  [TOSS RAW ORDER] orderId=753883315973682019, items=[{"name":"아메리카노","productNo":"GSI1002","options":[{"optionCode":"1759895","optionName":"ICE","price":0,"quantity":1}]}]
[2026-09-12 16:43:12.998] [info]  [TOSS ITEM RESOLVED] orderId=753883315973682019, item="아메리카노" (GSI1002) | rawOptions=[{"optionCode":"1759895","optionName":"ICE","price":0,"quantity":1}] ➔ resolved="ICE 아메리카노 (시그니처)" (GSI1002) steps={"step1":["CUP","ICE"],"step2":["COFFEE","60"],"step3":["ICE",5500],"step4":["COLD",125]}
[2026-09-12 16:44:31.592] [info]  [toss] event=order.completed status=success source=toss virtual=off mode=order orderId=753883315973682019 bill=753883315973682019 menuCount=1
[2026-09-12 17:02:48.954] [info]  [TOSS RAW ORDER] orderId=753888220214008483, items=[{"name":"아메리카노","productNo":"GSI1002","options":[{"optionCode":"1759895","optionName":"ICE","price":0,"quantity":1}]}]
[2026-09-12 17:02:48.959] [info]  [TOSS ITEM RESOLVED] orderId=753888220214008483, item="아메리카노" (GSI1002) | rawOptions=[{"optionCode":"1759895","optionName":"ICE","price":0,"quantity":1}] ➔ resolved="ICE 아메리카노 (시그니처)" (GSI1002) steps={"step1":["CUP","ICE"],"step2":["COFFEE","60"],"step3":["ICE",5500],"step4":["COLD",125]}
[2026-09-12 17:03:34.912] [info]  [toss] event=order.completed status=success source=toss virtual=off mode=order orderId=753888220214008483 bill=753888220214008483 menuCount=1
[2026-09-12 17:08:20.096] [info]  [TOSS RAW ORDER] orderId=753889630510947705, items=[{"name":"아메리카노","productNo":"GSI1002","options":[{"optionCode":"1759895","optionName":"ICE","price":0,"quantity":1}]}]
[2026-09-12 17:08:20.101] [info]  [TOSS ITEM RESOLVED] orderId=753889630510947705, item="아메리카노" (GSI1002) | rawOptions=[{"optionCode":"1759895","optionName":"ICE","price":0,"quantity":1}] ➔ resolved="ICE 아메리카노 (시그니처)" (GSI1002) steps={"step1":["CUP","ICE"],"step2":["COFFEE","60"],"step3":["ICE",5500],"step4":["COLD",125]}
[2026-09-12 17:09:50.612] [info]  [toss] event=order.completed status=success source=toss virtual=off mode=order orderId=753889630510947705 bill=753889630510947705 menuCount=2
[2026-09-12 17:31:18.004] [info]  [TOSS RAW ORDER] orderId=753895420001034187, items=[{"name":"아메리카노","productNo":"GSI1002","options":[{"optionCode":"1759894","optionName":"HOT","price":0,"quantity":1},{"optionCode":"1759903","optionName":"연하게","price":0,"quantity":1}]}]
[2026-09-12 17:31:18.008] [info]  [TOSS ITEM RESOLVED] orderId=753895420001034187, item="아메리카노" (GSI1002) | rawOptions=[{"optionCode":"1759894","optionName":"HOT","price":0,"quantity":1},{"optionCode":"1759903","optionName":"연하게","price":0,"quantity":1}] ➔ resolved="HOT 아메리카노 (시그니처) (연하게)" (GSH1001) steps={"step1":["CUP","HOT"],"step2":["COFFEE","30"],"step3":["HOT",310]}
[2026-09-12 17:31:57.679] [info]  [toss] event=order.completed status=success source=toss virtual=off mode=order orderId=753895420001034187 bill=753895420001034187 menuCount=1
[2026-09-12 18:14:18.030] [info]  [TOSS RAW ORDER] orderId=753906240516805630, items=[{"name":"(스페셜티) 아메리카노","productNo":"16707171","options":[{"optionCode":"1759895","optionName":"ICE","price":0,"quantity":1},{"optionCode":"1759903","optionName":"연하게","price":0,"quantity":1}]}]
[2026-09-12 18:14:18.034] [info]  [TOSS ITEM RESOLVED] orderId=753906240516805630, item="(스페셜티) 아메리카노" (16707171) | rawOptions=[{"optionCode":"1759895","optionName":"ICE","price":0,"quantity":1},{"optionCode":"1759903","optionName":"연하게","price":0,"quantity":1}] ➔ resolved="ICE 아메리카노 (스페셜티) (연하게)" (GPI1001) steps={"step1":["CUP","ICE"],"step2":["COFFEE","31"],"step3":["ICE",5500],"step4":["COLD",155]}
[2026-09-12 18:14:57.828] [info]  [toss] event=order.completed status=success source=toss virtual=off mode=order orderId=753906240516805630 bill=753906240516805630 menuCount=1
[2026-09-12 18:15:44.994] [info]  [TOSS RAW ORDER] orderId=753906594776119406, items=[{"name":"카페라떼","productNo":"GSI2001","options":[{"optionCode":"1759895","optionName":"ICE","price":0,"quantity":1},{"optionCode":"1759900","optionName":"연하게","price":0,"quantity":1}]}]
[2026-09-12 18:15:44.999] [info]  [TOSS ITEM RESOLVED] orderId=753906594776119406, item="카페라떼" (GSI2001) | rawOptions=[{"optionCode":"1759895","optionName":"ICE","price":0,"quantity":1},{"optionCode":"1759900","optionName":"연하게","price":0,"quantity":1}] ➔ resolved="ICE 카페라떼 (시그니처) (연하게)" (GSI2000) steps={"step1":["CUP","ICE"],"step2":["COFFEE","30"],"step3":["ICE",5200],"step4":["COLD_MILK",160]}
[2026-09-12 18:16:36.941] [info]  [toss] event=order.completed status=success source=toss virtual=off mode=order orderId=753906594776119406 bill=753906594776119406 menuCount=1
[2026-09-12 19:28:33.970] [info]  [TOSS RAW ORDER] orderId=753924933967698163, items=[{"name":"아메리카노","productNo":"16702755","options":[{"optionCode":"1759895","optionName":"ICE","price":0,"quantity":1}]}]
[2026-09-12 19:28:33.976] [info]  [TOSS ITEM RESOLVED] orderId=753924933967698163, item="아메리카노" (16702755) | rawOptions=[{"optionCode":"1759895","optionName":"ICE","price":0,"quantity":1}] ➔ resolved="ICE 아메리카노 (시그니처)" (GSI1002) steps={"step1":["CUP","ICE"],"step2":["COFFEE","60"],"step3":["ICE",5500],"step4":["COLD",125]}
[2026-09-12 19:29:15.455] [info]  [toss] event=order.completed status=success source=toss virtual=off mode=order orderId=753924933967698163 bill=753924933967698163 menuCount=1
[2026-09-12 19:35:46.988] [info]  [TOSS RAW ORDER] orderId=753926739754031000, items=[{"name":"아메리카노","productNo":"GSI1002","options":[{"optionCode":"1759895","optionName":"ICE","price":0,"quantity":1}]}]
[2026-09-12 19:35:46.993] [info]  [TOSS ITEM RESOLVED] orderId=753926739754031000, item="아메리카노" (GSI1002) | rawOptions=[{"optionCode":"1759895","optionName":"ICE","price":0,"quantity":1}] ➔ resolved="ICE 아메리카노 (시그니처)" (GSI1002) steps={"step1":["CUP","ICE"],"step2":["COFFEE","60"],"step3":["ICE",5500],"step4":["COLD",125]}
[2026-09-12 19:36:34.107] [info]  [toss] event=order.completed status=success source=toss virtual=off mode=order orderId=753926739754031000 bill=753926739754031000 menuCount=1
[2026-09-12 19:37:20.003] [info]  [TOSS RAW ORDER] orderId=753927145380978602, items=[{"name":"아메리카노","productNo":"GSI1002","options":[{"optionCode":"1759895","optionName":"ICE","price":0,"quantity":1}]}]
[2026-09-12 19:37:20.007] [info]  [TOSS ITEM RESOLVED] orderId=753927145380978602, item="아메리카노" (GSI1002) | rawOptions=[{"optionCode":"1759895","optionName":"ICE","price":0,"quantity":1}] ➔ resolved="ICE 아메리카노 (시그니처)" (GSI1002) steps={"step1":["CUP","ICE"],"step2":["COFFEE","60"],"step3":["ICE",5500],"step4":["COLD",125]}
[2026-09-12 19:38:03.996] [info]  [toss] event=order.completed status=success source=toss virtual=off mode=order orderId=753927145380978602 bill=753927145380978602 menuCount=1