[2026-08-25 00:00:39.240] [warn]  [api] [api] event=api.request status=ignored version=v1 reason=unsupported_command
[2026-08-25 00:01:39.262] [warn]  [api] [api] event=api.request status=ignored version=v1 reason=unsupported_command
[2026-08-25 00:01:40.056] [debug] [task] [task] event=maintenance.enqueue status=ignored reason=sales_open routine=wmf_error trigger=scheduled
[2026-08-25 00:01:40.062] [debug] [task] [task] event=maintenance.routine status=ignored reason=sales_open routine=wmf_error trigger=scheduled
[2026-08-25 00:01:40.080] [debug] [task] [task] event=maintenance.enqueue status=ignored reason=sales_open routine=temperature trigger=scheduled
[2026-08-25 00:01:40.082] [debug] [task] [task] event=maintenance.routine status=ignored reason=sales_open routine=temperature trigger=scheduled
[2026-08-25 00:02:39.252] [warn]  [api] [api] event=api.request status=ignored version=v1 reason=unsupported_command
[2026-08-25 00:03:39.242] [warn]  [api] [api] event=api.request status=ignored version=v1 reason=unsupported_command
[2026-08-25 00:04:39.241] [warn]  [api] [api] event=api.request status=ignored version=v1 reason=unsupported_command
[2026-08-25 00:05:39.233] [warn]  [api] [api] event=api.request status=ignored version=v1 reason=unsupported_command
[2026-08-25 00:06:39.234] [warn]  [api] [api] event=api.request status=ignored version=v1 reason=unsupported_command
[2026-08-25 00:07:39.248] [warn]  [api] [api] event=api.request status=ignored version=v1 reason=unsupported_command
[2026-08-25 00:08:39.242] [warn]  [api] [api] event=api.request status=ignored version=v1 reason=unsupported_command
[2026-08-25 00:09:19.843] [info]  [kiosk] [toss] event=catalog.validate status=success total=36 matched=134 unmatched=0
[2026-08-25 00:09:39.264] [warn]  [api] [api] event=api.request status=ignored version=v1 reason=unsupported_command
[2026-08-25 00:10:13.944] [info]  [task] [HASTE Remote Hotpatch] Downloading ASAR from: https://github.com/rst9374-tech/haste_client_version/releases/download/v3.1.4r51/hasteai_client_v3.1.4r51.asar
[2026-08-25 00:10:21.065] [info]  [task] [HASTE Remote Hotpatch] PS1 script written: C:\Users\커피에~1\AppData\Local\Temp\haste_remote_patch_1787584221064.ps1
[2026-08-25 00:10:22.100] [info]  [HASTE Shutdown] Releasing all serial ports...
[2026-08-25 00:10:22.102] [info]  [app] event=app.shutdown status=started
[2026-08-25 00:10:23.358] [info]  [HASTE DB Load] Loaded settings from SQLite database successfully. StoreName: "수원금곡삼익점", StoreNo: "105041", ThemeMode: "Light", isKioskDryRun: "false"
[2026-08-25 00:10:23.956] [info]  [app] event=app.startup status=started appVersion=3.1.4r51 packaged=true
[2026-08-25 00:10:23.966] [info]  [HASTE Media Sync] Synchronized 0 DID media files from ASAR to external resources.
[2026-08-25 00:10:24.100] [info]  [app] event=app.window status=success
[2026-08-25 00:10:24.144] [info]  [app] event=app.tray status=success
[2026-08-25 00:10:24.164] [info]  [app] event=updater.check status=ignored reason=store_managed_distribution
[2026-08-25 00:10:24.194] [info]  [app] event=app.ipc status=success
[2026-08-25 00:10:24.316] [info]  [app] event=task.start status=success
[2026-08-25 00:10:24.324] [debug] [api] [api] event=settings.change status=success port=8080 posStoreNo=105041 deviceModelId=D0000
[2026-08-25 00:10:24.428] [info]  [api] [HASTE] Found SSL Certificates at: C:\Users\커피에반하다\AppData\Local\haste_client3.1\resources\resources
[2026-08-25 00:10:24.432] [info]  [api] [HASTE] Started HTTP Hono Server on port 8080 (Toss Place HTTP Mode).
[2026-08-25 00:10:24.437] [info]  [api] [HASTE] Started HTTPS Hono Server on port 8443 (Toss Kiosk Mode).
[2026-08-25 00:10:24.442] [debug] [api] [api] event=api.server status=success port=8080 host=0.0.0.0
[2026-08-25 00:10:24.501] [info]  [serialport] [serialport] event=serialport.connect status=started scope=all
[2026-08-25 00:10:24.508] [debug] [coffee] [coffee] event=settings.change status=success field=thirdpartyType value=Lilly_(WMF)
[2026-08-25 00:10:24.554] [debug] [coffee] [coffee] event=coffee.socket status=started transport=ws machineName=WMF model=Lilly_(WMF) ip=192.168.10.99 port=25000
[2026-08-25 00:10:24.591] [debug] [coffee] [coffee] event=temperature.change status=success
[2026-08-25 00:10:24.620] [debug] [api] [api] event=did.callback status=ignored reason=local_did_not_open screen=temperature
[2026-08-25 00:10:24.636] [info]  [HASTE DB Save] Settings category "inventory" has been updated and saved to SQLite successfully.
[2026-08-25 00:10:24.655] [info]  [HASTE DB Save] Settings category "inventory" has been updated and saved to SQLite successfully.
[2026-08-25 00:10:24.657] [info]  [serialport] [serialport] event=serialport.connect status=started scope=all
[2026-08-25 00:10:24.689] [info]  [HASTE DB Save] Settings category "inventory" has been updated and saved to SQLite successfully.
[2026-08-25 00:10:24.704] [info]  [HASTE DB Save] Settings category "inventory" has been updated and saved to SQLite successfully.
[2026-08-25 00:10:24.705] [debug] [api] [HASTE Theme Sync] Applied local UI theme: isDark=false
[2026-08-25 00:10:24.720] [debug] [api] [api] event=did.callback status=started target=local screen=/ reason=local_api_down
[2026-08-25 00:10:24.747] [info]  [app] event=app.startup status=success message="subscriptions registered"
[2026-08-25 00:10:24.748] [debug] [task] [task] event=scheduler.change status=success routine=FOAMER_RINSING intervalSec=1500 normalizedIntervalSec=1500
[2026-08-25 00:10:24.754] [debug] [task] [task] event=scheduler.change status=success routine=WARM_RINSING intervalSec=0 normalizedIntervalSec=0
[2026-08-25 00:10:24.770] [debug] [task] [task] event=scheduler.change status=success routine=MIXER_RINSING intervalSec=0 normalizedIntervalSec=0
[2026-08-25 00:10:24.788] [debug] [task] [task] event=scheduler.change status=success routine=ERROR_CHECK intervalSec=600 normalizedIntervalSec=600
[2026-08-25 00:10:24.790] [debug] [task] [task] event=scheduler.change status=success routine=ICE_MAKER intervalSec=1800 normalizedIntervalSec=1800
[2026-08-25 00:10:24.793] [debug] [task] [task] event=scheduler.change status=success routine=TEMP_CHECK intervalSec=600 normalizedIntervalSec=600
[2026-08-25 00:10:24.795] [debug] [app] event=scheduler.change status=success routine=license.verify intervalSec=86400
[2026-08-25 00:10:24.796] [info]  [app] event=app.startup status=success message="schedulers registered"
[2026-08-25 00:10:24.798] [info]  [HASTE Guard] enableHasteAgent is false (OFF). Skipping agent bot launch.
[2026-08-25 00:10:24.819] [error] [serialport] [serialport] event=serialport.error status=failed reason=port_error boardName=board1 port=COM5 message="Opening COM5: Access denied"
[2026-08-25 00:10:24.878] [debug] [api] [HASTE DevTools Sync] Current window DevTools opened state: false, Target state: false
[2026-08-25 00:10:24.933] [debug] [coffee] [coffee] event=coffee.socket status=success transport=ws machineName=WMF action=connected
[2026-08-25 00:10:25.001] [debug] [coffee] [coffee] event=hardware.response status=success machineName=Lilly_(WMF) command=getApiVersion returnvalue=40401
[2026-08-25 00:10:25.222] [info]  [HASTE DB Save] Settings category "information" has been updated and saved to SQLite successfully.
[2026-08-25 00:10:25.294] [info]  [HASTE DB Save] Settings category "information" has been updated and saved to SQLite successfully.
[2026-08-25 00:10:25.329] [info]  [app] event=license.verify status=success state=approved storeId=105041
[2026-08-25 00:10:25.498] [debug] [coffee] [coffee] event=hardware.response status=success machineName=Lilly_(WMF) command=getDiagnosticData returnvalue=0
[2026-08-25 00:10:25.534] [debug] [coffee] [coffee] event=temperature.change status=success value=96
[2026-08-25 00:10:25.541] [debug] [api] [api] event=did.callback status=ignored reason=local_did_not_open screen=temperature
[2026-08-25 00:10:25.548] [debug] [api] [api] event=did.callback status=started target=local screen=main
[2026-08-25 00:10:25.597] [debug] [serialport] [serialport] event=serialport.connect status=success boardName=board1 port=COM5
[2026-08-25 00:10:25.651] [debug] [serialport] [serialport] event=serialport.packet status=success boardName=board1 length=24 message="bytearray(b'\\x020A1DCP0201A00101A10344\\x03')"
[2026-08-25 00:10:25.901] [debug] [serialport] [serialport] event=serialport.packet status=success boardName=board1 length=24 message="bytearray(b'\\x020A1DPC0200A00101A00342\\x03')"
[2026-08-25 00:10:25.909] [debug] [serialport] [serialport] event=serialport.packet.parse status=success boardName=board1 message="{\"isValidStx\":true,\"isValidEtx\":true,\"isValidDst\":true,\"isValidSrc\":true,\"isValidLength\":true,\"fnc\":\"1\",\"act\":\"D\",\"data\":{\"0\":48,\"1\":50,\"2\":48,\"3\":48,\"4\":65,\"5\":48,\"6\":48,\"7\":49,\"8\":48,\"9\":49,\"10\":65,\"11\":48,\"12\":48,\"13\":51,\"14\":52},\"values\":[\"02\",\"00\",\"A0\",\"01\",\"01\",\"A0\",\"03\"],\"part\":{},\"isValidChecksum\":true}"
[2026-08-25 00:10:26.622] [debug] [coffee] [coffee] event=hardware.response status=success machineName=Lilly_(WMF) command=getMachineInfo returnvalue=0
[2026-08-25 00:10:39.272] [warn]  [api] [api] event=api.request status=ignored version=v1 reason=unsupported_command
[2026-08-25 00:10:50.799] [debug] [api] [HASTE Theme Sync] Applied local UI theme: isDark=false
[2026-08-25 00:10:50.809] [info]  [HASTE DB Save] Settings category "information" has been updated and saved to SQLite successfully.
[2026-08-25 00:10:50.934] [info]  [HASTE DB Save] Settings category "information" has been updated and saved to SQLite successfully.
[2026-08-25 00:10:50.936] [info]  [HASTE DB Save] Settings category "information" has been updated and saved to SQLite successfully.
[2026-08-25 00:10:50.942] [info]  [HASTE DB Save] Settings category "information" has been updated and saved to SQLite successfully.
[2026-08-25 00:10:50.997] [debug] [api] [HASTE DevTools Sync] Current window DevTools opened state: false, Target state: false
[2026-08-25 00:10:51.229] [info]  [HASTE DB Save] Settings category "information" has been updated and saved to SQLite successfully.
[2026-08-25 00:10:51.463] [info]  [HASTE DB Save] Settings category "information" has been updated and saved to SQLite successfully.
[2026-08-25 00:10:53.630] [debug] [task] [app] event=did.open status=success reason=electron_window_remote_webview_monitor url=http://127.0.0.1:8080/promo
[2026-08-25 00:10:53.708] [debug] [api] [HASTE Theme Sync] Applied local UI theme: isDark=false
[2026-08-25 00:10:53.730] [info]  [HASTE DB Save] Settings category "information" has been updated and saved to SQLite successfully.
[2026-08-25 00:10:53.798] [debug] [api] [HASTE DevTools Sync] Current window DevTools opened state: false, Target state: false
[2026-08-25 00:10:54.263] [debug] [task] [app] event=did.open status=success reason=electron_window_local_webview_monitor url=http://127.0.0.1:8080/did/index.html?clientId=A8%3AA1%3A59%3AB9%3A35%3A36
[2026-08-25 00:10:54.297] [debug] [api] [HASTE Theme Sync] Applied local UI theme: isDark=false
[2026-08-25 00:10:54.306] [info]  [HASTE DB Save] Settings category "information" has been updated and saved to SQLite successfully.
[2026-08-25 00:10:54.403] [debug] [api] [HASTE DevTools Sync] Current window DevTools opened state: false, Target state: false
[2026-08-25 00:11:15.581] [debug] [api] [api] event=api.request status=started version=v1 route=POST_/v1/order
[2026-08-25 00:11:15.689] [info]  [api] [HASTE INCOMING ORDER BODY] {"orderId":"747110715329872724","items":[{"itemId":"16501921","productNo":"16501921","name":"아메리카노(연하게)","count":1,"options":[{"optionCode":"1729279","optionName":"ICE","price":0,"quantity":1},{"optionCode":"1729290","optionName":"스페셜티","price":500,"quantity":1}]}],"productNo":"16501921","options":[{"optionCode":"1729279","optionName":"ICE","price":0,"quantity":1},{"optionCode":"1729290","optionName":"스페셜티","price":500,"quantity":1}],"tossStoreId":"593056","storeNo":"593056","memo":"","note":"","customerName":"","orderName":"","totalAmount":0}
[2026-08-25 00:11:15.763] [info]  [api] [HASTE INCOMING ORDER HEADERS] {"accept-encoding":"gzip, deflate, br","connection":"close","content-length":"581","content-type":"application/json","host":"local.cafehaste.com:8443","user-agent":"got (https://github.com/sindresorhus/got)"}
[2026-08-25 00:11:15.964] [info]  [api] [HASTE INCOMING ORDER QUERY] {}
[2026-08-25 00:11:15.975] [error] [api] 🚨 [주문 품목 누락 장애] orderId=747110715329872724 productNo=16501921 name=아메리카노(연하게) 매칭 실패
[2026-08-25 00:11:15.982] [error] [kiosk] [toss] event=order.failed status=failed stage=RECIPE source=toss virtual=on mode=order orderId=747110715329872724 error=표준검증_실패:_미등록_상품_[아메리카노(연하게)]
[2026-08-25 00:11:39.281] [warn]  [api] [api] event=api.request status=ignored version=v1 reason=unsupported_command
[2026-08-25 00:12:39.293] [warn]  [api] [api] event=api.request status=ignored version=v1 reason=unsupported_command
[2026-08-25 00:13:39.272] [warn]  [api] [api] event=api.request status=ignored version=v1 reason=unsupported_command
[2026-08-25 00:14:39.285] [warn]  [api] [api] event=api.request status=ignored version=v1 reason=unsupported_command
[2026-08-25 00:15:19.926] [debug] [api] [api] event=api.request status=started version=v1 route=POST_/v1/order
[2026-08-25 00:15:19.934] [info]  [api] [HASTE INCOMING ORDER BODY] {"orderId":"747111744003923451","items":[{"itemId":"16501919","productNo":"GSH1002","name":"아메리카노","count":1,"options":[{"optionCode":"1729279","optionName":"ICE","price":0,"quantity":1},{"optionCode":"1729290","optionName":"스페셜티","price":500,"quantity":1}]}],"productNo":"GSH1002","options":[{"optionCode":"1729279","optionName":"ICE","price":0,"quantity":1},{"optionCode":"1729290","optionName":"스페셜티","price":500,"quantity":1}],"tossStoreId":"593056","storeNo":"593056","memo":"","note":"","customerName":"","orderName":"","totalAmount":0}
[2026-08-25 00:15:19.943] [info]  [api] [HASTE INCOMING ORDER HEADERS] {"accept-encoding":"gzip, deflate, br","connection":"close","content-length":"568","content-type":"application/json","host":"local.cafehaste.com:8443","user-agent":"got (https://github.com/sindresorhus/got)"}
[2026-08-25 00:15:19.945] [info]  [api] [HASTE INCOMING ORDER QUERY] {}
[2026-08-25 00:15:19.961] [error] [api] [HASTE Toss Order Handle Error] ReferenceError: adaptStepsToLiveSyrups is not defined
    at resolveRecipeFromDb (C:\Users\커피에반하다\AppData\Local\haste_client3.1\resources\app.asar\out\main\index.js:36267:23)
    at handleHasteTossOrder (C:\Users\커피에반하다\AppData\Local\haste_client3.1\resources\app.asar\out\main\index.js:36367:22)
    at process.processTicksAndRejections (node:internal/process/task_queues:104:5)
    at async dispatch (C:\Users\커피에반하다\AppData\Local\haste_client3.1\resources\app.asar\out\main\index.js:18712:17)
    at async cors2 (C:\Users\커피에반하다\AppData\Local\haste_client3.1\resources\app.asar\out\main\index.js:39073:5)
    at async dispatch (C:\Users\커피에반하다\AppData\Local\haste_client3.1\resources\app.asar\out\main\index.js:18712:17)
    at async C:\Users\커피에반하다\AppData\Local\haste_client3.1\resources\app.asar\out\main\index.js:20061:25
    at async responseViaResponseObject (C:\Users\커피에반하다\AppData\Local\haste_client3.1\resources\app.asar\out\main\index.js:38834:13)
    at async Server.<anonymous> (C:\Users\커피에반하다\AppData\Local\haste_client3.1\resources\app.asar\out\main\index.js:38975:14)
[2026-08-25 00:15:19.965] [error] [kiosk] [toss] event=order.failed status=failed source=toss virtual=on mode=order error=adaptStepsToLiveSyrups_is_not_defined
[2026-08-25 00:15:39.266] [warn]  [api] [api] event=api.request status=ignored version=v1 reason=unsupported_command
[2026-08-25 00:16:24.435] [error] [kiosk] [HASTE] Validate Catalog Error: adaptStepsToLiveSyrups is not defined
[2026-08-25 00:16:39.272] [warn]  [api] [api] event=api.request status=ignored version=v1 reason=unsupported_command
[2026-08-25 00:16:56.261] [debug] [api] [api] event=api.request status=started version=v1 route=POST_/v1/order
[2026-08-25 00:16:56.264] [info]  [api] [HASTE INCOMING ORDER BODY] {"orderId":"747112149370805232","items":[{"itemId":"16501919","productNo":"GSH1002","name":"아메리카노","count":1,"options":[{"optionCode":"1729279","optionName":"ICE","price":0,"quantity":1},{"optionCode":"1729290","optionName":"스페셜티","price":500,"quantity":1},{"optionCode":"1741986","optionName":"샷추가","price":500,"quantity":1}]}],"productNo":"GSH1002","options":[{"optionCode":"1729279","optionName":"ICE","price":0,"quantity":1},{"optionCode":"1729290","optionName":"스페셜티","price":500,"quantity":1},{"optionCode":"1741986","optionName":"샷추가","price":500,"quantity":1}],"tossStoreId":"593056","storeNo":"593056","memo":"","note":"","customerName":"","orderName":"","totalAmount":0}
[2026-08-25 00:16:56.266] [info]  [api] [HASTE INCOMING ORDER HEADERS] {"accept-encoding":"gzip, deflate, br","connection":"close","content-length":"718","content-type":"application/json","host":"local.cafehaste.com:8443","user-agent":"got (https://github.com/sindresorhus/got)"}
[2026-08-25 00:16:56.274] [info]  [api] [HASTE INCOMING ORDER QUERY] {}
[2026-08-25 00:16:56.282] [error] [api] [HASTE Toss Order Handle Error] ReferenceError: adaptStepsToLiveSyrups is not defined
    at resolveRecipeFromDb (C:\Users\커피에반하다\AppData\Local\haste_client3.1\resources\app.asar\out\main\index.js:36267:23)
    at handleHasteTossOrder (C:\Users\커피에반하다\AppData\Local\haste_client3.1\resources\app.asar\out\main\index.js:36367:22)
    at process.processTicksAndRejections (node:internal/process/task_queues:104:5)
    at async dispatch (C:\Users\커피에반하다\AppData\Local\haste_client3.1\resources\app.asar\out\main\index.js:18712:17)
    at async cors2 (C:\Users\커피에반하다\AppData\Local\haste_client3.1\resources\app.asar\out\main\index.js:39073:5)
    at async dispatch (C:\Users\커피에반하다\AppData\Local\haste_client3.1\resources\app.asar\out\main\index.js:18712:17)
    at async C:\Users\커피에반하다\AppData\Local\haste_client3.1\resources\app.asar\out\main\index.js:20061:25
    at async responseViaResponseObject (C:\Users\커피에반하다\AppData\Local\haste_client3.1\resources\app.asar\out\main\index.js:38834:13)
    at async Server.<anonymous> (C:\Users\커피에반하다\AppData\Local\haste_client3.1\resources\app.asar\out\main\index.js:38975:14)
[2026-08-25 00:16:56.286] [error] [kiosk] [toss] event=order.failed status=failed source=toss virtual=on mode=order error=adaptStepsToLiveSyrups_is_not_defined
[2026-08-25 00:17:39.292] [warn]  [api] [api] event=api.request status=ignored version=v1 reason=unsupported_command
[2026-08-25 00:18:00.416] [info]  [task] [HASTE Remote Hotpatch] Downloading ASAR from: https://github.com/rst9374-tech/haste_client_version/releases/download/v3.1.4r53/hasteai_client_v3.1.4r53.asar
[2026-08-25 00:18:07.464] [info]  [task] [HASTE Remote Hotpatch] PS1 script written: C:\Users\커피에~1\AppData\Local\Temp\haste_remote_patch_1787584687463.ps1
[2026-08-25 00:18:08.502] [info]  [HASTE Shutdown] Releasing all serial ports...
[2026-08-25 00:18:08.506] [info]  [app] event=app.shutdown status=started
[2026-08-25 00:18:09.639] [info]  [HASTE DB Load] Loaded settings from SQLite database successfully. StoreName: "수원금곡삼익점", StoreNo: "105041", ThemeMode: "Light", isKioskDryRun: "false"
[2026-08-25 00:18:10.226] [info]  [app] event=app.startup status=started appVersion=3.1.4r53 packaged=true
[2026-08-25 00:18:10.241] [info]  [HASTE Media Sync] Synchronized 0 DID media files from ASAR to external resources.
[2026-08-25 00:18:10.358] [info]  [app] event=app.window status=success
[2026-08-25 00:18:10.430] [info]  [app] event=app.tray status=success
[2026-08-25 00:18:10.445] [info]  [app] event=updater.check status=ignored reason=store_managed_distribution
[2026-08-25 00:18:10.505] [info]  [app] event=app.ipc status=success
[2026-08-25 00:18:10.675] [info]  [app] event=task.start status=success
[2026-08-25 00:18:10.684] [debug] [api] [api] event=settings.change status=success port=8080 posStoreNo=105041 deviceModelId=D0000
[2026-08-25 00:18:10.762] [info]  [api] [HASTE] Found SSL Certificates at: C:\Users\커피에반하다\AppData\Local\haste_client3.1\resources\resources
[2026-08-25 00:18:10.766] [info]  [api] [HASTE] Started HTTP Hono Server on port 8080 (Toss Place HTTP Mode).
[2026-08-25 00:18:10.770] [info]  [api] [HASTE] Started HTTPS Hono Server on port 8443 (Toss Kiosk Mode).
[2026-08-25 00:18:10.816] [debug] [api] [api] event=api.server status=success port=8080 host=0.0.0.0
[2026-08-25 00:18:10.859] [info]  [serialport] [serialport] event=serialport.connect status=started scope=all
[2026-08-25 00:18:10.862] [debug] [coffee] [coffee] event=settings.change status=success field=thirdpartyType value=Lilly_(WMF)
[2026-08-25 00:18:10.865] [debug] [coffee] [coffee] event=coffee.socket status=started transport=ws machineName=WMF model=Lilly_(WMF) ip=192.168.10.99 port=25000
[2026-08-25 00:18:10.917] [debug] [coffee] [coffee] event=temperature.change status=success
[2026-08-25 00:18:10.921] [debug] [api] [api] event=did.callback status=ignored reason=local_did_not_open screen=temperature
[2026-08-25 00:18:10.930] [info]  [HASTE DB Save] Settings category "inventory" has been updated and saved to SQLite successfully.
[2026-08-25 00:18:10.966] [info]  [HASTE DB Save] Settings category "inventory" has been updated and saved to SQLite successfully.
[2026-08-25 00:18:10.990] [info]  [serialport] [serialport] event=serialport.connect status=started scope=all
[2026-08-25 00:18:11.027] [info]  [HASTE DB Save] Settings category "inventory" has been updated and saved to SQLite successfully.
[2026-08-25 00:18:11.029] [info]  [HASTE DB Save] Settings category "inventory" has been updated and saved to SQLite successfully.
[2026-08-25 00:18:11.030] [debug] [api] [HASTE Theme Sync] Applied local UI theme: isDark=false
[2026-08-25 00:18:11.032] [debug] [api] [api] event=did.callback status=started target=local screen=/ reason=local_api_down
[2026-08-25 00:18:11.079] [info]  [app] event=app.startup status=success message="subscriptions registered"
[2026-08-25 00:18:11.080] [debug] [task] [task] event=scheduler.change status=success routine=FOAMER_RINSING intervalSec=1500 normalizedIntervalSec=1500
[2026-08-25 00:18:11.084] [debug] [task] [task] event=scheduler.change status=success routine=WARM_RINSING intervalSec=0 normalizedIntervalSec=0
[2026-08-25 00:18:11.136] [debug] [task] [task] event=scheduler.change status=success routine=MIXER_RINSING intervalSec=0 normalizedIntervalSec=0
[2026-08-25 00:18:11.138] [debug] [task] [task] event=scheduler.change status=success routine=ERROR_CHECK intervalSec=600 normalizedIntervalSec=600
[2026-08-25 00:18:11.187] [debug] [task] [task] event=scheduler.change status=success routine=ICE_MAKER intervalSec=1800 normalizedIntervalSec=1800
[2026-08-25 00:18:11.256] [debug] [task] [task] event=scheduler.change status=success routine=TEMP_CHECK intervalSec=600 normalizedIntervalSec=600
[2026-08-25 00:18:11.271] [debug] [app] event=scheduler.change status=success routine=license.verify intervalSec=86400
[2026-08-25 00:18:11.272] [info]  [app] event=app.startup status=success message="schedulers registered"
[2026-08-25 00:18:11.275] [info]  [HASTE Guard] enableHasteAgent is false (OFF). Skipping agent bot launch.
[2026-08-25 00:18:11.291] [error] [serialport] [serialport] event=serialport.error status=failed reason=port_error boardName=board1 port=COM5 message="Opening COM5: Access denied"
[2026-08-25 00:18:11.353] [debug] [api] [HASTE DevTools Sync] Current window DevTools opened state: false, Target state: false
[2026-08-25 00:18:11.467] [debug] [coffee] [coffee] event=coffee.socket status=success transport=ws machineName=WMF action=connected
[2026-08-25 00:18:11.604] [debug] [api] [api] event=did.callback status=started target=local screen=main
[2026-08-25 00:18:11.681] [debug] [serialport] [serialport] event=serialport.connect status=success boardName=board1 port=COM5
[2026-08-25 00:18:11.784] [debug] [coffee] [coffee] event=hardware.response status=success machineName=Lilly_(WMF) command=getApiVersion returnvalue=40401
[2026-08-25 00:18:11.914] [info]  [HASTE DB Save] Settings category "information" has been updated and saved to SQLite successfully.
[2026-08-25 00:18:11.960] [debug] [serialport] [serialport] event=serialport.packet status=success boardName=board1 length=24 message="bytearray(b'\\x020A1DCP0201A00101A10344\\x03')"
[2026-08-25 00:18:12.066] [debug] [serialport] [serialport] event=serialport.packet status=success boardName=board1 length=24 message="bytearray(b'\\x020A1DPC0200A00101A00342\\x03')"
[2026-08-25 00:18:12.069] [debug] [serialport] [serialport] event=serialport.packet.parse status=success boardName=board1 message="{\"isValidStx\":true,\"isValidEtx\":true,\"isValidDst\":true,\"isValidSrc\":true,\"isValidLength\":true,\"fnc\":\"1\",\"act\":\"D\",\"data\":{\"0\":48,\"1\":50,\"2\":48,\"3\":48,\"4\":65,\"5\":48,\"6\":48,\"7\":49,\"8\":48,\"9\":49,\"10\":65,\"11\":48,\"12\":48,\"13\":51,\"14\":52},\"values\":[\"02\",\"00\",\"A0\",\"01\",\"01\",\"A0\",\"03\"],\"part\":{},\"isValidChecksum\":true}"
[2026-08-25 00:18:12.115] [info]  [HASTE DB Save] Settings category "information" has been updated and saved to SQLite successfully.
[2026-08-25 00:18:12.171] [info]  [app] event=license.verify status=success state=approved storeId=105041
[2026-08-25 00:18:12.175] [debug] [coffee] [coffee] event=hardware.response status=success machineName=Lilly_(WMF) command=getDiagnosticData returnvalue=0
[2026-08-25 00:18:12.179] [debug] [coffee] [coffee] event=temperature.change status=success value=96
[2026-08-25 00:18:12.181] [debug] [api] [api] event=did.callback status=ignored reason=local_did_not_open screen=temperature
[2026-08-25 00:18:13.265] [debug] [coffee] [coffee] event=hardware.response status=success machineName=Lilly_(WMF) command=getMachineInfo returnvalue=0
[2026-08-25 00:18:31.990] [debug] [api] [HASTE Theme Sync] Applied local UI theme: isDark=false
[2026-08-25 00:18:31.994] [info]  [HASTE DB Save] Settings category "information" has been updated and saved to SQLite successfully.
[2026-08-25 00:18:32.088] [debug] [api] [HASTE DevTools Sync] Current window DevTools opened state: false, Target state: false
[2026-08-25 00:18:32.207] [info]  [HASTE DB Save] Settings category "information" has been updated and saved to SQLite successfully.
[2026-08-25 00:18:32.210] [info]  [HASTE DB Save] Settings category "information" has been updated and saved to SQLite successfully.
[2026-08-25 00:18:32.213] [info]  [HASTE DB Save] Settings category "information" has been updated and saved to SQLite successfully.