[2026-08-17 20:11:41.510] [debug] [sirub] event=test.sirub status=started sirubName=설탕 amount=10
[2026-08-17 20:11:41.690] [debug] [syrup] event=syrup.out status=success syrupName=설탕 protocol=SIRUP6 amount=10 goal=0
[2026-08-17 20:11:41.765] [debug] [syrup] event=syrup.out status=success syrupName=설탕 protocol=SIRUP6 amount=10 goal=0 current=4 lastValue=4
[2026-08-17 20:11:41.774] [debug] [sirub] event=test.sirub status=success sirubName=설탕 amount=10
[2026-08-17 20:16:47.608] [debug] [syrup] event=syrup.out status=success syrupName=청포도 protocol=SIRUP14 amount=70 goal=42 current=0
[2026-08-17 20:16:47.709] [debug] [syrup] event=syrup.out status=success syrupName=청포도 protocol=SIRUP14 amount=70 goal=42 current=0
[2026-08-17 20:16:47.815] [debug] [syrup] event=syrup.out status=success syrupName=청포도 protocol=SIRUP14 amount=70 goal=42 current=0
[2026-08-17 20:16:47.927] [debug] [syrup] event=syrup.out status=success syrupName=청포도 protocol=SIRUP14 amount=70 goal=42 current=15
[2026-08-17 20:16:48.037] [debug] [syrup] event=syrup.out status=success syrupName=청포도 protocol=SIRUP14 amount=70 goal=42 current=18
[2026-08-17 20:16:48.148] [debug] [syrup] event=syrup.out status=success syrupName=청포도 protocol=SIRUP14 amount=70 goal=42 current=22
[2026-08-17 20:16:48.260] [debug] [syrup] event=syrup.out status=success syrupName=청포도 protocol=SIRUP14 amount=70 goal=42 current=24
[2026-08-17 20:16:48.363] [debug] [syrup] event=syrup.out status=success syrupName=청포도 protocol=SIRUP14 amount=70 goal=42 current=27
[2026-08-17 20:16:48.471] [debug] [syrup] event=syrup.out status=success syrupName=청포도 protocol=SIRUP14 amount=70 goal=42 current=30
[2026-08-17 20:16:48.572] [debug] [syrup] event=syrup.out status=success syrupName=청포도 protocol=SIRUP14 amount=70 goal=42 current=34
[2026-08-17 20:16:48.676] [debug] [syrup] event=syrup.out status=success syrupName=청포도 protocol=SIRUP14 amount=70 goal=42 current=37
[2026-08-17 20:16:48.785] [debug] [syrup] event=syrup.out status=success syrupName=청포도 protocol=SIRUP14 amount=70 goal=42 current=40
[2026-08-17 20:16:48.897] [debug] [syrup] event=syrup.out status=success syrupName=청포도 protocol=SIRUP14 amount=70 goal=42 current=43 lastValue=43
[2026-08-17 20:47:29.101] [debug] [syrup] event=syrup.out status=success syrupName=슈크림 protocol=SIRUP11 amount=60 goal=37 current=0
[2026-08-17 20:47:29.212] [debug] [syrup] event=syrup.out status=success syrupName=슈크림 protocol=SIRUP11 amount=60 goal=37 current=2
[2026-08-17 20:47:29.315] [debug] [syrup] event=syrup.out status=success syrupName=슈크림 protocol=SIRUP11 amount=60 goal=37 current=3
[2026-08-17 20:47:29.415] [debug] [syrup] event=syrup.out status=success syrupName=슈크림 protocol=SIRUP11 amount=60 goal=37 current=4
[2026-08-17 20:47:29.526] [debug] [syrup] event=syrup.out status=success syrupName=슈크림 protocol=SIRUP11 amount=60 goal=37 current=5
[2026-08-17 20:47:29.634] [debug] [syrup] event=syrup.out status=success syrupName=슈크림 protocol=SIRUP11 amount=60 goal=37 current=6
[2026-08-17 20:47:29.739] [debug] [syrup] event=syrup.out status=success syrupName=슈크림 protocol=SIRUP11 amount=60 goal=37 current=6
[2026-08-17 20:47:29.840] [debug] [syrup] event=syrup.out status=success syrupName=슈크림 protocol=SIRUP11 amount=60 goal=37 current=7
[2026-08-17 20:47:29.945] [debug] [syrup] event=syrup.out status=success syrupName=슈크림 protocol=SIRUP11 amount=60 goal=37 current=8
[2026-08-17 20:47:30.057] [debug] [syrup] event=syrup.out status=success syrupName=슈크림 protocol=SIRUP11 amount=60 goal=37 current=9
[2026-08-17 20:47:30.160] [debug] [syrup] event=syrup.out status=success syrupName=슈크림 protocol=SIRUP11 amount=60 goal=37 current=10
[2026-08-17 20:47:30.262] [debug] [syrup] event=syrup.out status=success syrupName=슈크림 protocol=SIRUP11 amount=60 goal=37 current=11
[2026-08-17 20:47:30.372] [debug] [syrup] event=syrup.out status=success syrupName=슈크림 protocol=SIRUP11 amount=60 goal=37 current=12
[2026-08-17 20:47:30.482] [debug] [syrup] event=syrup.out status=success syrupName=슈크림 protocol=SIRUP11 amount=60 goal=37 current=13
[2026-08-17 20:47:30.594] [debug] [syrup] event=syrup.out status=success syrupName=슈크림 protocol=SIRUP11 amount=60 goal=37 current=15
[2026-08-17 20:47:30.700] [debug] [syrup] event=syrup.out status=success syrupName=슈크림 protocol=SIRUP11 amount=60 goal=37 current=17
[2026-08-17 20:47:30.800] [debug] [syrup] event=syrup.out status=success syrupName=슈크림 protocol=SIRUP11 amount=60 goal=37 current=18
[2026-08-17 20:47:30.907] [debug] [syrup] event=syrup.out status=success syrupName=슈크림 protocol=SIRUP11 amount=60 goal=37 current=18
[2026-08-17 20:47:31.017] [debug] [syrup] event=syrup.out status=success syrupName=슈크림 protocol=SIRUP11 amount=60 goal=37 current=19
[2026-08-17 20:47:31.121] [debug] [syrup] event=syrup.out status=success syrupName=슈크림 protocol=SIRUP11 amount=60 goal=37 current=20
[2026-08-17 20:47:31.236] [debug] [syrup] event=syrup.out status=success syrupName=슈크림 protocol=SIRUP11 amount=60 goal=37 current=22
[2026-08-17 20:47:31.338] [debug] [syrup] event=syrup.out status=success syrupName=슈크림 protocol=SIRUP11 amount=60 goal=37 current=24
[2026-08-17 20:47:31.437] [debug] [syrup] event=syrup.out status=success syrupName=슈크림 protocol=SIRUP11 amount=60 goal=37 current=24
[2026-08-17 20:47:31.547] [debug] [syrup] event=syrup.out status=success syrupName=슈크림 protocol=SIRUP11 amount=60 goal=37 current=26
[2026-08-17 20:47:31.657] [debug] [syrup] event=syrup.out status=success syrupName=슈크림 protocol=SIRUP11 amount=60 goal=37 current=27
[2026-08-17 20:47:31.773] [debug] [syrup] event=syrup.out status=success syrupName=슈크림 protocol=SIRUP11 amount=60 goal=37 current=28
[2026-08-17 20:47:31.882] [debug] [syrup] event=syrup.out status=success syrupName=슈크림 protocol=SIRUP11 amount=60 goal=37 current=29
[2026-08-17 20:47:31.993] [debug] [syrup] event=syrup.out status=success syrupName=슈크림 protocol=SIRUP11 amount=60 goal=37 current=29
[2026-08-17 20:47:32.097] [debug] [syrup] event=syrup.out status=success syrupName=슈크림 protocol=SIRUP11 amount=60 goal=37 current=31
[2026-08-17 20:47:32.196] [debug] [syrup] event=syrup.out status=success syrupName=슈크림 protocol=SIRUP11 amount=60 goal=37 current=32
[2026-08-17 20:47:32.312] [debug] [syrup] event=syrup.out status=success syrupName=슈크림 protocol=SIRUP11 amount=60 goal=37 current=34
[2026-08-17 20:47:32.419] [debug] [syrup] event=syrup.out status=success syrupName=슈크림 protocol=SIRUP11 amount=60 goal=37 current=35
[2026-08-17 20:47:32.534] [debug] [syrup] event=syrup.out status=success syrupName=슈크림 protocol=SIRUP11 amount=60 goal=37 current=36
[2026-08-17 20:47:32.668] [debug] [syrup] event=syrup.out status=success syrupName=슈크림 protocol=SIRUP11 amount=60 goal=37 current=37 lastValue=37
[2026-08-17 21:37:31.007] [debug] [syrup] event=syrup.out status=success syrupName=복숭아 protocol=SIRUP22 amount=60 goal=22 current=0
[2026-08-17 21:37:31.122] [debug] [syrup] event=syrup.out status=success syrupName=얼그레이 protocol=SIRUP12 amount=10 goal=0
[2026-08-17 21:37:31.124] [debug] [syrup] event=syrup.out status=success syrupName=복숭아 protocol=SIRUP22 amount=60 goal=22 current=0
[2026-08-17 21:37:31.232] [debug] [syrup] event=syrup.out status=success syrupName=얼그레이 protocol=SIRUP12 amount=10 goal=0
[2026-08-17 21:37:31.234] [debug] [syrup] event=syrup.out status=success syrupName=복숭아 protocol=SIRUP22 amount=60 goal=22 current=0
[2026-08-17 21:37:31.341] [debug] [syrup] event=syrup.out status=success syrupName=복숭아 protocol=SIRUP22 amount=60 goal=22 current=1
[2026-08-17 21:37:31.377] [debug] [syrup] event=syrup.out status=success syrupName=얼그레이 protocol=SIRUP12 amount=10 goal=0 current=4 lastValue=4
[2026-08-17 21:37:31.442] [debug] [syrup] event=syrup.out status=success syrupName=복숭아 protocol=SIRUP22 amount=60 goal=22 current=1
[2026-08-17 21:37:31.543] [debug] [syrup] event=syrup.out status=success syrupName=복숭아 protocol=SIRUP22 amount=60 goal=22 current=1
[2026-08-17 21:37:31.647] [debug] [syrup] event=syrup.out status=success syrupName=복숭아 protocol=SIRUP22 amount=60 goal=22 current=1
[2026-08-17 21:37:31.752] [debug] [syrup] event=syrup.out status=success syrupName=복숭아 protocol=SIRUP22 amount=60 goal=22 current=2
[2026-08-17 21:37:31.855] [debug] [syrup] event=syrup.out status=success syrupName=복숭아 protocol=SIRUP22 amount=60 goal=22 current=2
[2026-08-17 21:37:31.955] [debug] [syrup] event=syrup.out status=success syrupName=복숭아 protocol=SIRUP22 amount=60 goal=22 current=6
[2026-08-17 21:37:32.062] [debug] [syrup] event=syrup.out status=success syrupName=복숭아 protocol=SIRUP22 amount=60 goal=22 current=8
[2026-08-17 21:37:32.169] [debug] [syrup] event=syrup.out status=success syrupName=복숭아 protocol=SIRUP22 amount=60 goal=22 current=10
[2026-08-17 21:37:32.280] [debug] [syrup] event=syrup.out status=success syrupName=복숭아 protocol=SIRUP22 amount=60 goal=22 current=11
[2026-08-17 21:37:32.387] [debug] [syrup] event=syrup.out status=success syrupName=복숭아 protocol=SIRUP22 amount=60 goal=22 current=11
[2026-08-17 21:37:32.497] [debug] [syrup] event=syrup.out status=success syrupName=복숭아 protocol=SIRUP22 amount=60 goal=22 current=11
[2026-08-17 21:37:32.597] [debug] [syrup] event=syrup.out status=success syrupName=복숭아 protocol=SIRUP22 amount=60 goal=22 current=11
[2026-08-17 21:37:32.697] [debug] [syrup] event=syrup.out status=success syrupName=복숭아 protocol=SIRUP22 amount=60 goal=22 current=11
[2026-08-17 21:37:32.800] [debug] [syrup] event=syrup.out status=success syrupName=복숭아 protocol=SIRUP22 amount=60 goal=22 current=11
[2026-08-17 21:37:32.911] [debug] [syrup] event=syrup.out status=success syrupName=복숭아 protocol=SIRUP22 amount=60 goal=22 current=11
[2026-08-17 21:37:33.020] [debug] [syrup] event=syrup.out status=success syrupName=복숭아 protocol=SIRUP22 amount=60 goal=22 current=11
[2026-08-17 21:37:33.120] [debug] [syrup] event=syrup.out status=success syrupName=복숭아 protocol=SIRUP22 amount=60 goal=22 current=12
[2026-08-17 21:37:33.238] [debug] [syrup] event=syrup.out status=success syrupName=복숭아 protocol=SIRUP22 amount=60 goal=22 current=12
[2026-08-17 21:37:33.338] [debug] [syrup] event=syrup.out status=success syrupName=복숭아 protocol=SIRUP22 amount=60 goal=22 current=12
[2026-08-17 21:37:33.445] [debug] [syrup] event=syrup.out status=success syrupName=복숭아 protocol=SIRUP22 amount=60 goal=22 current=12
[2026-08-17 21:37:33.551] [debug] [syrup] event=syrup.out status=success syrupName=복숭아 protocol=SIRUP22 amount=60 goal=22 current=12
[2026-08-17 21:37:33.668] [debug] [syrup] event=syrup.out status=success syrupName=복숭아 protocol=SIRUP22 amount=60 goal=22 current=12
[2026-08-17 21:37:33.768] [debug] [syrup] event=syrup.out status=success syrupName=복숭아 protocol=SIRUP22 amount=60 goal=22 current=13
[2026-08-17 21:37:33.874] [debug] [syrup] event=syrup.out status=success syrupName=복숭아 protocol=SIRUP22 amount=60 goal=22 current=13
[2026-08-17 21:37:33.978] [debug] [syrup] event=syrup.out status=success syrupName=복숭아 protocol=SIRUP22 amount=60 goal=22 current=14
[2026-08-17 21:37:34.086] [debug] [syrup] event=syrup.out status=success syrupName=복숭아 protocol=SIRUP22 amount=60 goal=22 current=14
[2026-08-17 21:37:34.206] [debug] [syrup] event=syrup.out status=success syrupName=복숭아 protocol=SIRUP22 amount=60 goal=22 current=14
[2026-08-17 21:37:34.309] [debug] [syrup] event=syrup.out status=success syrupName=복숭아 protocol=SIRUP22 amount=60 goal=22 current=14
[2026-08-17 21:37:34.409] [debug] [syrup] event=syrup.out status=success syrupName=복숭아 protocol=SIRUP22 amount=60 goal=22 current=14
[2026-08-17 21:37:34.510] [debug] [syrup] event=syrup.out status=success syrupName=복숭아 protocol=SIRUP22 amount=60 goal=22 current=14
[2026-08-17 21:37:34.614] [debug] [syrup] event=syrup.out status=success syrupName=복숭아 protocol=SIRUP22 amount=60 goal=22 current=14
[2026-08-17 21:37:34.729] [debug] [syrup] event=syrup.out status=success syrupName=복숭아 protocol=SIRUP22 amount=60 goal=22 current=14
[2026-08-17 21:37:34.837] [debug] [syrup] event=syrup.out status=success syrupName=복숭아 protocol=SIRUP22 amount=60 goal=22 current=14
[2026-08-17 21:37:34.941] [debug] [syrup] event=syrup.out status=success syrupName=복숭아 protocol=SIRUP22 amount=60 goal=22 current=14
[2026-08-17 21:37:35.043] [debug] [syrup] event=syrup.out status=success syrupName=복숭아 protocol=SIRUP22 amount=60 goal=22 current=14
[2026-08-17 21:37:35.146] [debug] [syrup] event=syrup.out status=success syrupName=복숭아 protocol=SIRUP22 amount=60 goal=22 current=14
[2026-08-17 21:37:35.252] [debug] [syrup] event=syrup.out status=success syrupName=복숭아 protocol=SIRUP22 amount=60 goal=22 current=15
[2026-08-17 21:37:35.371] [debug] [syrup] event=syrup.out status=success syrupName=복숭아 protocol=SIRUP22 amount=60 goal=22 current=15
[2026-08-17 21:37:35.470] [debug] [syrup] event=syrup.out status=success syrupName=복숭아 protocol=SIRUP22 amount=60 goal=22 current=15
[2026-08-17 21:37:35.573] [debug] [syrup] event=syrup.out status=success syrupName=복숭아 protocol=SIRUP22 amount=60 goal=22 current=15
[2026-08-17 21:37:35.676] [debug] [syrup] event=syrup.out status=success syrupName=복숭아 protocol=SIRUP22 amount=60 goal=22 current=15
[2026-08-17 21:37:35.778] [debug] [syrup] event=syrup.out status=success syrupName=복숭아 protocol=SIRUP22 amount=60 goal=22 current=15
[2026-08-17 21:37:35.889] [debug] [syrup] event=syrup.out status=success syrupName=복숭아 protocol=SIRUP22 amount=60 goal=22 current=15
[2026-08-17 21:37:36.000] [debug] [syrup] event=syrup.out status=success syrupName=복숭아 protocol=SIRUP22 amount=60 goal=22 current=15
[2026-08-17 21:37:36.124] [debug] [syrup] event=syrup.out status=success syrupName=복숭아 protocol=SIRUP22 amount=60 goal=22 current=15
[2026-08-17 21:37:36.238] [debug] [syrup] event=syrup.out status=success syrupName=복숭아 protocol=SIRUP22 amount=60 goal=22 current=15
[2026-08-17 21:37:36.352] [debug] [syrup] event=syrup.out status=success syrupName=복숭아 protocol=SIRUP22 amount=60 goal=22 current=15
[2026-08-17 21:37:36.458] [debug] [syrup] event=syrup.out status=success syrupName=복숭아 protocol=SIRUP22 amount=60 goal=22 current=15
[2026-08-17 21:37:36.569] [debug] [syrup] event=syrup.out status=success syrupName=복숭아 protocol=SIRUP22 amount=60 goal=22 current=15
[2026-08-17 21:37:36.679] [debug] [syrup] event=syrup.out status=success syrupName=복숭아 protocol=SIRUP22 amount=60 goal=22 current=15
[2026-08-17 21:37:36.789] [debug] [syrup] event=syrup.out status=success syrupName=복숭아 protocol=SIRUP22 amount=60 goal=22 current=15
[2026-08-17 21:37:36.900] [debug] [syrup] event=syrup.out status=success syrupName=복숭아 protocol=SIRUP22 amount=60 goal=22 current=15
[2026-08-17 21:37:37.000] [debug] [syrup] event=syrup.out status=success syrupName=복숭아 protocol=SIRUP22 amount=60 goal=22 current=15
[2026-08-17 21:37:37.102] [debug] [syrup] event=syrup.out status=success syrupName=복숭아 protocol=SIRUP22 amount=60 goal=22 current=15
[2026-08-17 21:37:37.202] [debug] [syrup] event=syrup.out status=success syrupName=복숭아 protocol=SIRUP22 amount=60 goal=22 current=15
[2026-08-17 21:37:37.303] [debug] [syrup] event=syrup.out status=success syrupName=복숭아 protocol=SIRUP22 amount=60 goal=22 current=15
[2026-08-17 21:37:37.403] [debug] [syrup] event=syrup.out status=success syrupName=복숭아 protocol=SIRUP22 amount=60 goal=22 current=15
[2026-08-17 21:37:37.514] [debug] [syrup] event=syrup.out status=success syrupName=복숭아 protocol=SIRUP22 amount=60 goal=22 current=15
[2026-08-17 21:37:37.619] [debug] [syrup] event=syrup.out status=success syrupName=복숭아 protocol=SIRUP22 amount=60 goal=22 current=15
[2026-08-17 21:37:37.731] [debug] [syrup] event=syrup.out status=success syrupName=복숭아 protocol=SIRUP22 amount=60 goal=22 current=15
[2026-08-17 21:37:37.842] [debug] [syrup] event=syrup.out status=success syrupName=복숭아 protocol=SIRUP22 amount=60 goal=22 current=16
[2026-08-17 21:37:37.943] [debug] [syrup] event=syrup.out status=success syrupName=복숭아 protocol=SIRUP22 amount=60 goal=22 current=16
[2026-08-17 21:37:38.044] [debug] [syrup] event=syrup.out status=success syrupName=복숭아 protocol=SIRUP22 amount=60 goal=22 current=16
[2026-08-17 21:37:38.158] [debug] [syrup] event=syrup.out status=success syrupName=복숭아 protocol=SIRUP22 amount=60 goal=22 current=16
[2026-08-17 21:37:38.269] [debug] [syrup] event=syrup.out status=success syrupName=복숭아 protocol=SIRUP22 amount=60 goal=22 current=16
[2026-08-17 21:37:38.391] [debug] [syrup] event=syrup.out status=success syrupName=복숭아 protocol=SIRUP22 amount=60 goal=22 current=16
[2026-08-17 21:37:38.507] [debug] [syrup] event=syrup.out status=success syrupName=복숭아 protocol=SIRUP22 amount=60 goal=22 current=16
[2026-08-17 21:37:38.616] [debug] [syrup] event=syrup.out status=success syrupName=복숭아 protocol=SIRUP22 amount=60 goal=22 current=16
[2026-08-17 21:37:38.727] [debug] [syrup] event=syrup.out status=success syrupName=복숭아 protocol=SIRUP22 amount=60 goal=22 current=16
[2026-08-17 21:37:38.840] [debug] [syrup] event=syrup.out status=success syrupName=복숭아 protocol=SIRUP22 amount=60 goal=22 current=16
[2026-08-17 21:37:38.947] [debug] [syrup] event=syrup.out status=success syrupName=복숭아 protocol=SIRUP22 amount=60 goal=22 current=16
[2026-08-17 21:37:39.060] [debug] [syrup] event=syrup.out status=success syrupName=복숭아 protocol=SIRUP22 amount=60 goal=22 current=16
[2026-08-17 21:37:39.163] [debug] [syrup] event=syrup.out status=success syrupName=복숭아 protocol=SIRUP22 amount=60 goal=22 current=16
[2026-08-17 21:37:39.264] [debug] [syrup] event=syrup.out status=success syrupName=복숭아 protocol=SIRUP22 amount=60 goal=22 current=16
[2026-08-17 21:37:39.385] [debug] [syrup] event=syrup.out status=success syrupName=복숭아 protocol=SIRUP22 amount=60 goal=22 current=16
[2026-08-17 21:37:39.489] [debug] [syrup] event=syrup.out status=success syrupName=복숭아 protocol=SIRUP22 amount=60 goal=22 current=16
[2026-08-17 21:37:39.601] [debug] [syrup] event=syrup.out status=success syrupName=복숭아 protocol=SIRUP22 amount=60 goal=22 current=16
[2026-08-17 21:37:39.707] [debug] [syrup] event=syrup.out status=success syrupName=복숭아 protocol=SIRUP22 amount=60 goal=22 current=16
[2026-08-17 21:37:39.828] [debug] [syrup] event=syrup.out status=success syrupName=복숭아 protocol=SIRUP22 amount=60 goal=22 current=17
[2026-08-17 21:37:39.942] [debug] [syrup] event=syrup.out status=success syrupName=복숭아 protocol=SIRUP22 amount=60 goal=22 current=17
[2026-08-17 21:37:40.052] [debug] [syrup] event=syrup.out status=success syrupName=복숭아 protocol=SIRUP22 amount=60 goal=22 current=17
[2026-08-17 21:37:40.170] [debug] [syrup] event=syrup.out status=success syrupName=복숭아 protocol=SIRUP22 amount=60 goal=22 current=17
[2026-08-17 21:37:40.275] [debug] [syrup] event=syrup.out status=success syrupName=복숭아 protocol=SIRUP22 amount=60 goal=22 current=17
[2026-08-17 21:37:40.381] [debug] [syrup] event=syrup.out status=success syrupName=복숭아 protocol=SIRUP22 amount=60 goal=22 current=17
[2026-08-17 21:37:40.478] [debug] [syrup] event=syrup.out status=success syrupName=복숭아 protocol=SIRUP22 amount=60 goal=22 current=17
[2026-08-17 21:37:40.586] [debug] [syrup] event=syrup.out status=success syrupName=복숭아 protocol=SIRUP22 amount=60 goal=22 current=17
[2026-08-17 21:37:40.702] [debug] [syrup] event=syrup.out status=success syrupName=복숭아 protocol=SIRUP22 amount=60 goal=22 current=17
[2026-08-17 21:37:40.810] [debug] [syrup] event=syrup.out status=success syrupName=복숭아 protocol=SIRUP22 amount=60 goal=22 current=18
[2026-08-17 21:37:40.910] [debug] [syrup] event=syrup.out status=success syrupName=복숭아 protocol=SIRUP22 amount=60 goal=22 current=18
[2026-08-17 21:37:41.011] [debug] [syrup] event=syrup.out status=success syrupName=복숭아 protocol=SIRUP22 amount=60 goal=22 current=18
[2026-08-17 21:37:41.117] [debug] [syrup] event=syrup.out status=success syrupName=복숭아 protocol=SIRUP22 amount=60 goal=22 current=18
[2026-08-17 21:37:41.229] [debug] [syrup] event=syrup.out status=success syrupName=복숭아 protocol=SIRUP22 amount=60 goal=22 current=18
[2026-08-17 21:37:41.338] [debug] [syrup] event=syrup.out status=success syrupName=복숭아 protocol=SIRUP22 amount=60 goal=22 current=18
[2026-08-17 21:37:41.445] [debug] [syrup] event=syrup.out status=success syrupName=복숭아 protocol=SIRUP22 amount=60 goal=22 current=18
[2026-08-17 21:37:41.559] [debug] [syrup] event=syrup.out status=success syrupName=복숭아 protocol=SIRUP22 amount=60 goal=22 current=18
[2026-08-17 21:37:41.667] [debug] [syrup] event=syrup.out status=success syrupName=복숭아 protocol=SIRUP22 amount=60 goal=22 current=18
[2026-08-17 21:37:41.777] [debug] [syrup] event=syrup.out status=success syrupName=복숭아 protocol=SIRUP22 amount=60 goal=22 current=19
[2026-08-17 21:37:41.888] [debug] [syrup] event=syrup.out status=success syrupName=복숭아 protocol=SIRUP22 amount=60 goal=22 current=19
[2026-08-17 21:37:41.999] [debug] [syrup] event=syrup.out status=success syrupName=복숭아 protocol=SIRUP22 amount=60 goal=22 current=19
[2026-08-17 21:37:42.107] [debug] [syrup] event=syrup.out status=success syrupName=복숭아 protocol=SIRUP22 amount=60 goal=22 current=19
[2026-08-17 21:37:42.222] [debug] [syrup] event=syrup.out status=success syrupName=복숭아 protocol=SIRUP22 amount=60 goal=22 current=19
[2026-08-17 21:37:42.327] [debug] [syrup] event=syrup.out status=success syrupName=복숭아 protocol=SIRUP22 amount=60 goal=22 current=19
[2026-08-17 21:37:42.437] [debug] [syrup] event=syrup.out status=success syrupName=복숭아 protocol=SIRUP22 amount=60 goal=22 current=19
[2026-08-17 21:37:42.549] [debug] [syrup] event=syrup.out status=success syrupName=복숭아 protocol=SIRUP22 amount=60 goal=22 current=19
[2026-08-17 21:37:42.653] [debug] [syrup] event=syrup.out status=success syrupName=복숭아 protocol=SIRUP22 amount=60 goal=22 current=19
[2026-08-17 21:37:42.766] [debug] [syrup] event=syrup.out status=success syrupName=복숭아 protocol=SIRUP22 amount=60 goal=22 current=20
[2026-08-17 21:37:42.866] [debug] [syrup] event=syrup.out status=success syrupName=복숭아 protocol=SIRUP22 amount=60 goal=22 current=20
[2026-08-17 21:37:42.967] [debug] [syrup] event=syrup.out status=success syrupName=복숭아 protocol=SIRUP22 amount=60 goal=22 current=20
[2026-08-17 21:37:43.086] [debug] [syrup] event=syrup.out status=success syrupName=복숭아 protocol=SIRUP22 amount=60 goal=22 current=20
[2026-08-17 21:37:43.186] [debug] [syrup] event=syrup.out status=success syrupName=복숭아 protocol=SIRUP22 amount=60 goal=22 current=20
[2026-08-17 21:37:43.306] [debug] [syrup] event=syrup.out status=success syrupName=복숭아 protocol=SIRUP22 amount=60 goal=22 current=20
[2026-08-17 21:37:43.406] [debug] [syrup] event=syrup.out status=success syrupName=복숭아 protocol=SIRUP22 amount=60 goal=22 current=20
[2026-08-17 21:37:43.516] [debug] [syrup] event=syrup.out status=success syrupName=복숭아 protocol=SIRUP22 amount=60 goal=22 current=20
[2026-08-17 21:37:43.625] [debug] [syrup] event=syrup.out status=success syrupName=복숭아 protocol=SIRUP22 amount=60 goal=22 current=20
[2026-08-17 21:37:43.735] [debug] [syrup] event=syrup.out status=success syrupName=복숭아 protocol=SIRUP22 amount=60 goal=22 current=21
[2026-08-17 21:37:43.839] [debug] [syrup] event=syrup.out status=success syrupName=복숭아 protocol=SIRUP22 amount=60 goal=22 current=21
[2026-08-17 21:37:43.947] [debug] [syrup] event=syrup.out status=success syrupName=복숭아 protocol=SIRUP22 amount=60 goal=22 current=21
[2026-08-17 21:37:44.067] [debug] [syrup] event=syrup.out status=success syrupName=복숭아 protocol=SIRUP22 amount=60 goal=22 current=21
[2026-08-17 21:37:44.169] [debug] [syrup] event=syrup.out status=success syrupName=복숭아 protocol=SIRUP22 amount=60 goal=22 current=21
[2026-08-17 21:37:44.285] [debug] [syrup] event=syrup.out status=success syrupName=복숭아 protocol=SIRUP22 amount=60 goal=22 current=21
[2026-08-17 21:37:44.388] [debug] [syrup] event=syrup.out status=success syrupName=복숭아 protocol=SIRUP22 amount=60 goal=22 current=21
[2026-08-17 21:37:44.494] [debug] [syrup] event=syrup.out status=success syrupName=복숭아 protocol=SIRUP22 amount=60 goal=22 current=21
[2026-08-17 21:37:44.593] [debug] [syrup] event=syrup.out status=success syrupName=복숭아 protocol=SIRUP22 amount=60 goal=22 current=21
[2026-08-17 21:37:44.701] [debug] [syrup] event=syrup.out status=success syrupName=복숭아 protocol=SIRUP22 amount=60 goal=22 current=22 lastValue=22