[2026-08-16 00:20:48.646] [info]  [HASTE DB Load] Loaded settings from SQLite database successfully. StoreName: "김포운양역점", StoreNo: "303735353735", ThemeMode: "Light", KioskType: "SAMSUNG", isKioskDryRun: "false"
[2026-08-16 00:20:49.359] [info]  [HASTE DB Security] Databases locked dynamically on disk after mount.
[2026-08-16 00:20:49.378] [info]  [app] event=app.startup status=started appVersion=3.1.0-t29 packaged=true
[2026-08-16 00:20:49.645] [info]  [app] event=app.window status=success
[2026-08-16 00:20:49.751] [info]  [app] event=app.tray status=success
[2026-08-16 00:20:49.752] [info]  [app] event=updater.check status=ignored reason=store_managed_distribution
[2026-08-16 00:20:49.755] [info]  [app] event=app.ipc status=success
[2026-08-16 00:20:49.773] [info]  [app] event=task.start status=success
[2026-08-16 00:20:49.776] [debug] [api] [api] event=settings.change status=success port=8080 posStoreNo=075575 deviceModelId=D0000
[2026-08-16 00:20:49.782] [info]  [api] [HASTE] Found SSL Certificates at: C:\Users\김성규\AppData\Local\Programs\haste-client\resources\resources
[2026-08-16 00:20:49.805] [info]  [api] [HASTE Dual Listener] Started HTTPS Hono Server on port 8443 (Toss POS & Kiosk ready).
[2026-08-16 00:20:49.807] [info]  [api] [HASTE Dual Listener] Started HTTP Hono Server on port 8080 (Samsung Kiosk ready).
[2026-08-16 00:20:49.808] [debug] [api] [api] event=api.server status=success port=8080 host=0.0.0.0
[2026-08-16 00:20:49.810] [info]  [serialport] [serialport] event=serialport.connect status=started scope=all
[2026-08-16 00:20:49.813] [debug] [coffee] [coffee] event=settings.change status=success field=thirdpartyType value=wmf_machine
[2026-08-16 00:20:49.817] [debug] [coffee] [coffee] event=coffee.socket status=started transport=ws machineName=WMF_1 model=wmf_machine ip=192.168.10.99 port=25000
[2026-08-16 00:20:49.826] [debug] [coffee] [coffee] event=temperature.change status=success
[2026-08-16 00:20:49.829] [debug] [api] [api] event=did.callback status=ignored reason=local_did_not_open screen=temperature
[2026-08-16 00:20:49.838] [info]  [HASTE DB Save] Settings category "inventory" has been updated and saved to SQLite successfully.
[2026-08-16 00:20:49.843] [info]  [HASTE DB Save] Settings category "inventory" has been updated and saved to SQLite successfully.
[2026-08-16 00:20:49.846] [info]  [serialport] [serialport] event=serialport.connect status=started scope=all
[2026-08-16 00:20:49.849] [info]  [HASTE DB Save] Settings category "inventory" has been updated and saved to SQLite successfully.
[2026-08-16 00:20:49.853] [info]  [HASTE DB Save] Settings category "inventory" has been updated and saved to SQLite successfully.
[2026-08-16 00:20:49.855] [debug] [api] [HASTE Theme Sync] Applied local UI theme: isDark=false
[2026-08-16 00:20:49.856] [info]  [HASTE Switch] Haste Agent Bot disabled. Suspending bridge process...
[2026-08-16 00:20:49.857] [debug] [api] [api] event=did.callback status=started target=local screen=/ reason=local_api_down
[2026-08-16 00:20:49.859] [info]  [app] event=app.startup status=success message="subscriptions registered"
[2026-08-16 00:20:49.861] [debug] [task] [task] event=scheduler.change status=success routine=FOAMER_RINSING intervalSec=6000 normalizedIntervalSec=6000
[2026-08-16 00:20:49.864] [debug] [task] [task] event=scheduler.change status=success routine=WARM_RINSING intervalSec=0 normalizedIntervalSec=0
[2026-08-16 00:20:49.866] [debug] [task] [task] event=scheduler.change status=success routine=MIXER_RINSING intervalSec=0 normalizedIntervalSec=0
[2026-08-16 00:20:49.868] [debug] [task] [task] event=scheduler.change status=success routine=ERROR_CHECK intervalSec=1800 normalizedIntervalSec=1800
[2026-08-16 00:20:49.870] [debug] [task] [task] event=scheduler.change status=success routine=ICE_MAKER intervalSec=1800 normalizedIntervalSec=1800
[2026-08-16 00:20:49.872] [debug] [task] [task] event=scheduler.change status=success routine=TEMP_CHECK intervalSec=600 normalizedIntervalSec=600
[2026-08-16 00:20:49.873] [debug] [app] event=scheduler.change status=success routine=license.verify intervalSec=86400
[2026-08-16 00:20:49.874] [info]  [app] event=app.startup status=success message="schedulers registered"
[2026-08-16 00:20:49.915] [error] [serialport] [serialport] event=serialport.error status=failed reason=port_error boardName=board1 port=COM6 message="Opening COM6: File not found"
[2026-08-16 00:20:49.917] [error] [serialport] [serialport] event=serialport.error status=failed reason=port_error boardName=board2 port=COM7 message="Opening COM7: File not found"
[2026-08-16 00:20:49.920] [error] [serialport] [serialport] event=serialport.error status=failed reason=port_error boardName=board1 port=COM6 message="Opening COM6: File not found"
[2026-08-16 00:20:49.922] [error] [serialport] [serialport] event=serialport.error status=failed reason=port_error boardName=board2 port=COM7 message="Opening COM7: File not found"
[2026-08-16 00:20:49.926] [debug] [api] [HASTE DevTools Sync] Current window DevTools opened state: false, Target state: false
[2026-08-16 00:20:50.237] [info]  [HASTE DB Save] Settings category "information" has been updated and saved to SQLite successfully.
[2026-08-16 00:20:50.238] [info]  [app] event=license.verify status=success state=approved storeId=075575
[2026-08-16 00:20:50.463] [info]  [HASTE Menu DB Init] haste_menu.db established successfully.
[2026-08-16 00:20:54.825] [error] [coffee] [coffee] event=coffee.socket status=failed reason=open_timeout transport=ws machineName=WMF_1 model=wmf_machine ip=192.168.10.99 port=25000
[2026-08-16 00:20:54.827] [error] [coffee] [coffee] event=coffee.socket status=failed reason=connect_failed transport=ws machineName=WMF_1 model=wmf_machine ip=192.168.10.99 port=25000
[2026-08-16 00:21:05.181] [info]  [HASTE DB Security] Databases closed and locked successfully on exit.
[2026-08-16 00:21:05.182] [info]  [HASTE Shutdown] Releasing all serial ports...
[2026-08-16 00:21:05.184] [info]  [app] event=app.shutdown status=started
[2026-08-16 01:13:55.262] [info]  [HASTE DB Load] Loaded settings from SQLite database successfully. StoreName: "김포운양역점", StoreNo: "075575", ThemeMode: "Light", KioskType: "SAMSUNG", isKioskDryRun: "false"
[2026-08-16 01:13:55.859] [info]  [app] event=app.startup status=started appVersion=3.1.0-t37 packaged=false
[2026-08-16 01:13:55.944] [info]  [app] event=app.window status=success
[2026-08-16 01:13:56.039] [info]  [app] event=app.tray status=success
[2026-08-16 01:13:56.040] [info]  [app] event=updater.check status=ignored reason=store_managed_distribution
[2026-08-16 01:13:56.043] [info]  [app] event=app.ipc status=success
[2026-08-16 01:13:56.056] [info]  [app] event=task.start status=success
[2026-08-16 01:13:56.058] [debug] [api] [api] event=settings.change status=success port=8080 posStoreNo=075575 deviceModelId=D0000
[2026-08-16 01:13:56.062] [info]  [api] [HASTE] Found SSL Certificates at: C:\Users\김성규\Desktop\HASTE-AI\src\cafehaste-client\src\lilly-electron\resources
[2026-08-16 01:13:56.080] [info]  [api] [HASTE] Started HTTP Hono Server on port 8080 (Samsung Kiosk Mode).
[2026-08-16 01:13:56.115] [info]  [api] [HASTE] Started HTTPS Hono Server on port 8443 (Toss Kiosk Mode).
[2026-08-16 01:13:56.118] [debug] [api] [api] event=api.server status=success port=8080 host=0.0.0.0
[2026-08-16 01:13:56.120] [info]  [serialport] [serialport] event=serialport.connect status=started scope=all
[2026-08-16 01:13:56.122] [debug] [coffee] [coffee] event=settings.change status=success field=thirdpartyType value=Lilly_(WMF)
[2026-08-16 01:13:56.126] [debug] [coffee] [coffee] event=coffee.socket status=started transport=ws machineName=WMF model=Lilly_(WMF) ip=192.168.10.99 port=25000
[2026-08-16 01:13:56.139] [debug] [coffee] [coffee] event=temperature.change status=success
[2026-08-16 01:13:56.141] [debug] [api] [api] event=did.callback status=ignored reason=local_did_not_open screen=temperature
[2026-08-16 01:13:56.145] [info]  [HASTE DB Save] Settings category "inventory" has been updated and saved to SQLite successfully.
[2026-08-16 01:13:56.151] [info]  [HASTE DB Save] Settings category "inventory" has been updated and saved to SQLite successfully.
[2026-08-16 01:13:56.153] [info]  [serialport] [serialport] event=serialport.connect status=started scope=all
[2026-08-16 01:13:56.157] [info]  [HASTE DB Save] Settings category "inventory" has been updated and saved to SQLite successfully.
[2026-08-16 01:13:56.159] [info]  [HASTE DB Save] Settings category "inventory" has been updated and saved to SQLite successfully.
[2026-08-16 01:13:56.160] [debug] [api] [HASTE Theme Sync] Applied local UI theme: isDark=false
[2026-08-16 01:13:56.162] [debug] [api] [api] event=did.callback status=started target=local screen=/ reason=local_api_down
[2026-08-16 01:13:56.166] [info]  [app] event=app.startup status=success message="subscriptions registered"
[2026-08-16 01:13:56.168] [debug] [task] [task] event=scheduler.change status=success routine=FOAMER_RINSING intervalSec=6000 normalizedIntervalSec=6000
[2026-08-16 01:13:56.171] [debug] [task] [task] event=scheduler.change status=success routine=WARM_RINSING intervalSec=0 normalizedIntervalSec=0
[2026-08-16 01:13:56.176] [debug] [task] [task] event=scheduler.change status=success routine=MIXER_RINSING intervalSec=0 normalizedIntervalSec=0
[2026-08-16 01:13:56.178] [debug] [task] [task] event=scheduler.change status=success routine=ERROR_CHECK intervalSec=1800 normalizedIntervalSec=1800
[2026-08-16 01:13:56.180] [debug] [task] [task] event=scheduler.change status=success routine=ICE_MAKER intervalSec=1800 normalizedIntervalSec=1800
[2026-08-16 01:13:56.183] [debug] [task] [task] event=scheduler.change status=success routine=TEMP_CHECK intervalSec=600 normalizedIntervalSec=600
[2026-08-16 01:13:56.186] [debug] [app] event=scheduler.change status=success routine=license.verify intervalSec=86400
[2026-08-16 01:13:56.188] [info]  [app] event=app.startup status=success message="schedulers registered"
[2026-08-16 01:13:56.191] [info]  [HASTE Guard] Launching Haste Agent Bot process: C:\Users\김성규\Desktop\HASTE-AI\src\cafehaste-client\haste_agent_bridge.js
[2026-08-16 01:13:56.273] [error] [serialport] [serialport] event=serialport.error status=failed reason=port_error boardName=board1 port=COM6 message="Opening COM6: File not found"
[2026-08-16 01:13:56.276] [error] [serialport] [serialport] event=serialport.error status=failed reason=port_error boardName=board2 port=COM7 message="Opening COM7: File not found"
[2026-08-16 01:13:56.279] [error] [serialport] [serialport] event=serialport.error status=failed reason=port_error boardName=board1 port=COM6 message="Opening COM6: File not found"
[2026-08-16 01:13:56.282] [error] [serialport] [serialport] event=serialport.error status=failed reason=port_error boardName=board2 port=COM7 message="Opening COM7: File not found"
[2026-08-16 01:13:56.286] [debug] [api] [HASTE DevTools Sync] Current window DevTools opened state: false, Target state: false
[2026-08-16 01:13:56.682] [info]  [HASTE DB Save] Settings category "information" has been updated and saved to SQLite successfully.
[2026-08-16 01:13:56.684] [info]  [app] event=license.verify status=success state=approved storeId=075575
[2026-08-16 01:13:58.426] [info]  [HASTE Agent Bot] [HASTE Agent Server] Hono Gateway running on Port 8082 (Relaying to Port 8080)
[2026-08-16 01:13:58.431] [info]  [HASTE Agent Bot] ==================================================
[2026-08-16 01:13:58.434] [info]  [HASTE Agent Bot] [HQ Origin] HASTE Cloud designated via --prod launch argument.
[2026-08-16 01:13:58.435] [info]  [HASTE Agent Bot] Targeting endpoint: https://cloud.cafehaste.com
[2026-08-16 01:13:58.437] [info]  [HASTE Agent Bot] ==================================================
[2026-08-16 01:13:58.439] [info]  [HASTE Agent Bot] [2026-08-16 01:13:58.430] [info] [HASTE Agent] [HEALTH] [RUN] () : Checking Lilly Engine API (Attempt: 1/5)
[2026-08-16 01:13:58.443] [info]  [HASTE Agent Bot] [HASTE] [Step 0: HEALTH] [INFO] Starting diagnostics for local hardware and internet connectivity...
[2026-08-16 01:14:00.001] [info]  [HASTE Agent Bot] [2026-08-16 01:14:00.000] [info] [HASTE Agent] [GATEWAY] [RUN] () : Waiting for Client API (Port 8080)
[2026-08-16 01:14:00.019] [info]  [HASTE Agent Bot] [2026-08-16 01:14:00.018] [info] [HASTE Agent] [GATEWAY] [OK] () : Token Synchronized
[2026-08-16 01:14:00.025] [info]  [HASTE Agent Bot] [2026-08-16 01:14:00.021] [info] [HASTE Agent] [GATEWAY] [FAIL] : Tunnel Session Missing (Status Blocked)
[2026-08-16 01:14:00.030] [info]  [HASTE Agent Bot] [2026-08-16 01:14:00.022] [info] [HASTE Agent] [Client -> Cloud] [GATEWAY] [RUN] () : Connecting to Signal Broker (Primary)
[2026-08-16 01:14:00.992] [info]  [HASTE Agent Bot] ==================================================
[2026-08-16 01:14:00.996] [info]  [HASTE Agent Bot] [2026-08-16 01:14:00.992] [info] [HASTE Agent] Security server connection initialized successfully!
[2026-08-16 01:14:00.999] [info]  [HASTE Agent Bot] Bot Tag Name: cafehaste_gateway#1981
[2026-08-16 01:14:01.001] [info]  [HASTE Agent Bot] HASTE Client API Address: http://127.0.0.1:8080
[2026-08-16 01:14:01.002] [info]  [HASTE Agent Bot] ==================================================
[2026-08-16 01:14:01.004] [info]  [HASTE Agent Bot] Listening for remote dashboard control commands...
[2026-08-16 01:14:01.006] [info]  [HASTE Agent Bot] ==================================================
[2026-08-16 01:14:01.133] [error] [coffee] [coffee] event=coffee.socket status=failed reason=open_timeout transport=ws machineName=WMF model=Lilly_(WMF) ip=192.168.10.99 port=25000
[2026-08-16 01:14:01.136] [error] [coffee] [coffee] event=coffee.socket status=failed reason=connect_failed transport=ws machineName=WMF model=Lilly_(WMF) ip=192.168.10.99 port=25000
[2026-08-16 01:14:17.299] [error] [coffee] [coffee] event=coffee.socket status=failed reason=ws_error machineName=WMF model=Lilly_(WMF) ip=192.168.10.99 port=25000 message="connect ETIMEDOUT 192.168.10.99:25000"
[2026-08-16 01:18:17.331] [info]  [HASTE Shutdown] Releasing all serial ports...
[2026-08-16 01:18:17.332] [info]  [HASTE Shutdown] Killing embedded Haste Agent Bot...
[2026-08-16 01:18:17.335] [info]  [app] event=app.shutdown status=started
[2026-08-16 01:18:17.394] [warn]  [HASTE Guard] Haste Agent Bot exited (code: null, signal: SIGTERM)
[2026-08-16 01:22:01.650] [info]  [HASTE DB Load] Loaded settings from SQLite database successfully. StoreName: "김포운양역점", StoreNo: "075575", ThemeMode: "Light", KioskType: "SAMSUNG", isKioskDryRun: "false"
[2026-08-16 01:22:02.225] [info]  [app] event=app.startup status=started appVersion=3.1.0-t39 packaged=false
[2026-08-16 01:22:02.307] [info]  [app] event=app.window status=success
[2026-08-16 01:22:02.441] [info]  [app] event=app.tray status=success
[2026-08-16 01:22:02.442] [info]  [app] event=updater.check status=ignored reason=store_managed_distribution
[2026-08-16 01:22:02.446] [info]  [app] event=app.ipc status=success
[2026-08-16 01:22:02.448] [info]  [app] event=task.start status=success
[2026-08-16 01:22:02.453] [debug] [api] [api] event=settings.change status=success port=8080 posStoreNo=075575 deviceModelId=D0000
[2026-08-16 01:22:02.462] [info]  [api] [HASTE] Found SSL Certificates at: C:\Users\김성규\Desktop\HASTE-AI\src\cafehaste-client\src\lilly-electron\resources
[2026-08-16 01:22:02.474] [info]  [api] [HASTE] Started HTTP Hono Server on port 8080 (Samsung Kiosk Mode).
[2026-08-16 01:22:02.480] [info]  [api] [HASTE] Started HTTPS Hono Server on port 8443 (Toss Kiosk Mode).
[2026-08-16 01:22:02.483] [debug] [api] [api] event=api.server status=success port=8080 host=0.0.0.0
[2026-08-16 01:22:02.485] [info]  [serialport] [serialport] event=serialport.connect status=started scope=all
[2026-08-16 01:22:02.489] [debug] [coffee] [coffee] event=settings.change status=success field=thirdpartyType value=Lilly_(WMF)
[2026-08-16 01:22:02.494] [debug] [coffee] [coffee] event=coffee.socket status=started transport=ws machineName=WMF model=Lilly_(WMF) ip=192.168.10.99 port=25000
[2026-08-16 01:22:02.506] [debug] [coffee] [coffee] event=temperature.change status=success
[2026-08-16 01:22:02.508] [debug] [api] [api] event=did.callback status=ignored reason=local_did_not_open screen=temperature
[2026-08-16 01:22:02.512] [info]  [HASTE DB Save] Settings category "inventory" has been updated and saved to SQLite successfully.
[2026-08-16 01:22:02.515] [info]  [HASTE DB Save] Settings category "inventory" has been updated and saved to SQLite successfully.
[2026-08-16 01:22:02.518] [info]  [serialport] [serialport] event=serialport.connect status=started scope=all
[2026-08-16 01:22:02.522] [info]  [HASTE DB Save] Settings category "inventory" has been updated and saved to SQLite successfully.
[2026-08-16 01:22:02.525] [info]  [HASTE DB Save] Settings category "inventory" has been updated and saved to SQLite successfully.
[2026-08-16 01:22:02.528] [debug] [api] [HASTE Theme Sync] Applied local UI theme: isDark=false
[2026-08-16 01:22:02.531] [debug] [api] [api] event=did.callback status=started target=local screen=/ reason=local_api_down
[2026-08-16 01:22:02.535] [info]  [app] event=app.startup status=success message="subscriptions registered"
[2026-08-16 01:22:02.536] [debug] [task] [task] event=scheduler.change status=success routine=FOAMER_RINSING intervalSec=6000 normalizedIntervalSec=6000
[2026-08-16 01:22:02.542] [debug] [task] [task] event=scheduler.change status=success routine=WARM_RINSING intervalSec=0 normalizedIntervalSec=0
[2026-08-16 01:22:02.544] [debug] [task] [task] event=scheduler.change status=success routine=MIXER_RINSING intervalSec=0 normalizedIntervalSec=0
[2026-08-16 01:22:02.546] [debug] [task] [task] event=scheduler.change status=success routine=ERROR_CHECK intervalSec=1800 normalizedIntervalSec=1800
[2026-08-16 01:22:02.549] [debug] [task] [task] event=scheduler.change status=success routine=ICE_MAKER intervalSec=1800 normalizedIntervalSec=1800
[2026-08-16 01:22:02.552] [debug] [task] [task] event=scheduler.change status=success routine=TEMP_CHECK intervalSec=600 normalizedIntervalSec=600
[2026-08-16 01:22:02.554] [debug] [app] event=scheduler.change status=success routine=license.verify intervalSec=86400
[2026-08-16 01:22:02.555] [info]  [app] event=app.startup status=success message="schedulers registered"
[2026-08-16 01:22:02.559] [info]  [HASTE Guard] Launching Haste Agent Bot process: C:\Users\김성규\Desktop\HASTE-AI\src\cafehaste-client\haste_agent_bridge.js
[2026-08-16 01:22:02.591] [info]  [app] event=license.verify status=success state=approved storeId=075575
[2026-08-16 01:22:02.631] [error] [serialport] [serialport] event=serialport.error status=failed reason=port_error boardName=board1 port=COM6 message="Opening COM6: File not found"
[2026-08-16 01:22:02.635] [error] [serialport] [serialport] event=serialport.error status=failed reason=port_error boardName=board2 port=COM7 message="Opening COM7: File not found"
[2026-08-16 01:22:02.642] [error] [serialport] [serialport] event=serialport.error status=failed reason=port_error boardName=board1 port=COM6 message="Opening COM6: File not found"
[2026-08-16 01:22:02.645] [error] [serialport] [serialport] event=serialport.error status=failed reason=port_error boardName=board2 port=COM7 message="Opening COM7: File not found"
[2026-08-16 01:22:02.649] [debug] [api] [HASTE DevTools Sync] Current window DevTools opened state: false, Target state: false
[2026-08-16 01:22:04.294] [info]  [HASTE Agent Bot] [HASTE Agent Server] Hono Gateway running on Port 8082 (Relaying to Port 8080)
[2026-08-16 01:22:04.301] [info]  [HASTE Agent Bot] ==================================================
[2026-08-16 01:22:04.305] [info]  [HASTE Agent Bot] [HQ Origin] HASTE Cloud designated via --prod launch argument.
[2026-08-16 01:22:04.308] [info]  [HASTE Agent Bot] Targeting endpoint: https://cloud.cafehaste.com
[2026-08-16 01:22:04.314] [info]  [HASTE Agent Bot] ==================================================
[2026-08-16 01:22:04.318] [info]  [HASTE Agent Bot] [2026-08-16 01:22:04.305] [info] [HASTE Agent] [HEALTH] [RUN] () : Checking Lilly Engine API (Attempt: 1/5)
[2026-08-16 01:22:04.322] [info]  [HASTE Agent Bot] [HASTE] [Step 0: HEALTH] [INFO] Starting diagnostics for local hardware and internet connectivity...
[2026-08-16 01:22:04.651] [info]  [HASTE Agent Bot] [2026-08-16 01:22:04.650] [info] [HASTE Agent] [GATEWAY] [RUN] () : Waiting for Client API (Port 8080)
[2026-08-16 01:22:04.666] [info]  [HASTE Agent Bot] [2026-08-16 01:22:04.665] [info] [HASTE Agent] [GATEWAY] [OK] () : Token Synchronized
[2026-08-16 01:22:04.678] [info]  [HASTE Agent Bot] [2026-08-16 01:22:04.667] [info] [HASTE Agent] [GATEWAY] [FAIL] : Tunnel Session Missing (Status Blocked)
[2026-08-16 01:22:04.681] [info]  [HASTE Agent Bot] [2026-08-16 01:22:04.669] [info] [HASTE Agent] [Client -> Cloud] [GATEWAY] [RUN] () : Connecting to Signal Broker (Primary)
[2026-08-16 01:22:05.522] [info]  [HASTE Agent Bot] ==================================================
[2026-08-16 01:22:05.528] [info]  [HASTE Agent Bot] [2026-08-16 01:22:05.523] [info] [HASTE Agent] Security server connection initialized successfully!
[2026-08-16 01:22:05.531] [info]  [HASTE Agent Bot] Bot Tag Name: cafehaste_gateway#1981
[2026-08-16 01:22:05.535] [info]  [HASTE Agent Bot] HASTE Client API Address: http://127.0.0.1:8080
[2026-08-16 01:22:05.539] [info]  [HASTE Agent Bot] ==================================================
[2026-08-16 01:22:05.544] [info]  [HASTE Agent Bot] Listening for remote dashboard control commands...
[2026-08-16 01:22:05.549] [info]  [HASTE Agent Bot] ==================================================
[2026-08-16 01:22:07.510] [error] [coffee] [coffee] event=coffee.socket status=failed reason=open_timeout transport=ws machineName=WMF model=Lilly_(WMF) ip=192.168.10.99 port=25000
[2026-08-16 01:22:07.514] [error] [coffee] [coffee] event=coffee.socket status=failed reason=connect_failed transport=ws machineName=WMF model=Lilly_(WMF) ip=192.168.10.99 port=25000
[2026-08-16 01:22:23.651] [error] [coffee] [coffee] event=coffee.socket status=failed reason=ws_error machineName=WMF model=Lilly_(WMF) ip=192.168.10.99 port=25000 message="connect ETIMEDOUT 192.168.10.99:25000"
[2026-08-16 01:24:42.577] [debug] [sirub] [sirub] event=test.sirub status=started sirubName=오렌지 amount=10
[2026-08-16 01:24:42.580] [error] [serialport] [serialport] event=serialport.send status=failed reason=not_connected boardName=board1
[2026-08-16 01:24:42.585] [error] [task] [task] event=parts.command status=failed reason=send_failed action=flow_reset boardName=board1 part=sirub2FlowSensor
[2026-08-16 01:24:42.588] [warn]  [sirub] [sirub] event=test.sirub status=failed reason=controller_rejected sirubName=오렌지 amount=10
[2026-08-16 01:24:51.335] [debug] [sirub] [sirub] event=test.sirub status=started sirubName=오미자 amount=10
[2026-08-16 01:24:51.337] [error] [serialport] [serialport] event=serialport.send status=failed reason=not_connected boardName=board1
[2026-08-16 01:24:51.339] [error] [task] [task] event=parts.command status=failed reason=send_failed action=flow_reset boardName=board1 part=sirub10FlowSensor
[2026-08-16 01:24:51.340] [warn]  [sirub] [sirub] event=test.sirub status=failed reason=controller_rejected sirubName=오미자 amount=10
[2026-08-16 01:25:51.916] [info]  [HASTE DB Save] Settings category "inventory" has been updated and saved to SQLite successfully.
[2026-08-16 01:25:51.978] [info]  [HASTE DB Save] Settings category "information" has been updated and saved to SQLite successfully.
[2026-08-16 01:25:51.980] [info]  [HASTE DB Save] Settings category "information" has been updated and saved to SQLite successfully.
[2026-08-16 01:25:51.982] [info]  [HASTE DB Save] Settings category "information" has been updated and saved to SQLite successfully.
[2026-08-16 01:25:52.341] [info]  [HASTE DB Save] Settings category "information" has been updated and saved to SQLite successfully.
[2026-08-16 01:26:14.563] [info]  [HASTE Toss IPC] Fetching Toss menu list from haste_menu.db
[2026-08-16 01:26:14.578] [info]  [HASTE DB Init] haste_menu.db connection established at: C:\Users\김성규\AppData\Roaming\haste3.0\haste_menu.db
[2026-08-16 01:26:14.581] [info]  [HASTE Toss IPC] Fetching Toss menu list from haste_menu.db
[2026-08-16 01:26:15.661] [info]  [HASTE Toss IPC] Fetching Toss menu list from haste_menu.db
[2026-08-16 01:26:15.663] [info]  [HASTE Toss IPC] Fetching Toss menu list from haste_menu.db
[2026-08-16 01:30:07.067] [info]  [HASTE Toss IPC] Fetching Toss menu list from haste_menu.db
[2026-08-16 01:30:07.070] [info]  [HASTE Toss IPC] Fetching Toss menu list from haste_menu.db
[2026-08-16 01:34:13.339] [info]  [HASTE DB Load] Loaded settings from SQLite database successfully. StoreName: "김포운양역점", StoreNo: "075575", ThemeMode: "Light", KioskType: "SAMSUNG", isKioskDryRun: "false"
[2026-08-16 01:34:13.767] [info]  [app] event=app.startup status=started appVersion=3.1.0-t42 packaged=false
[2026-08-16 01:34:13.842] [info]  [app] event=app.window status=success
[2026-08-16 01:34:13.910] [info]  [app] event=app.tray status=success
[2026-08-16 01:34:13.911] [info]  [app] event=updater.check status=ignored reason=store_managed_distribution
[2026-08-16 01:34:13.916] [info]  [app] event=app.ipc status=success
[2026-08-16 01:34:13.918] [info]  [app] event=task.start status=success
[2026-08-16 01:34:13.920] [debug] [api] [api] event=settings.change status=success port=8080 posStoreNo=075575 deviceModelId=D0000
[2026-08-16 01:34:13.923] [info]  [api] [HASTE] Found SSL Certificates at: C:\Users\김성규\Desktop\HASTE-AI\src\cafehaste-client\src\lilly-electron\resources
[2026-08-16 01:34:13.936] [info]  [api] [HASTE] Started HTTP Hono Server on port 8080 (Samsung Kiosk Mode).
[2026-08-16 01:34:13.942] [info]  [api] [HASTE] Started HTTPS Hono Server on port 8443 (Toss Kiosk Mode).
[2026-08-16 01:34:13.945] [debug] [api] [api] event=api.server status=success port=8080 host=0.0.0.0
[2026-08-16 01:34:13.947] [info]  [serialport] [serialport] event=serialport.connect status=started scope=all
[2026-08-16 01:34:13.949] [debug] [coffee] [coffee] event=settings.change status=success field=thirdpartyType value=Lilly_(WMF)
[2026-08-16 01:34:13.952] [debug] [coffee] [coffee] event=coffee.socket status=started transport=ws machineName=WMF model=Lilly_(WMF) ip=192.168.10.99 port=25000
[2026-08-16 01:34:13.964] [debug] [coffee] [coffee] event=temperature.change status=success
[2026-08-16 01:34:13.966] [debug] [api] [api] event=did.callback status=ignored reason=local_did_not_open screen=temperature
[2026-08-16 01:34:13.971] [info]  [HASTE DB Save] Settings category "inventory" has been updated and saved to SQLite successfully.
[2026-08-16 01:34:13.975] [info]  [HASTE DB Save] Settings category "inventory" has been updated and saved to SQLite successfully.
[2026-08-16 01:34:13.977] [info]  [serialport] [serialport] event=serialport.connect status=started scope=all
[2026-08-16 01:34:13.980] [info]  [HASTE DB Save] Settings category "inventory" has been updated and saved to SQLite successfully.
[2026-08-16 01:34:13.982] [info]  [HASTE DB Save] Settings category "inventory" has been updated and saved to SQLite successfully.
[2026-08-16 01:34:13.984] [debug] [api] [HASTE Theme Sync] Applied local UI theme: isDark=false
[2026-08-16 01:34:13.986] [debug] [api] [api] event=did.callback status=started target=local screen=/ reason=local_api_down
[2026-08-16 01:34:13.990] [info]  [app] event=app.startup status=success message="subscriptions registered"
[2026-08-16 01:34:13.991] [debug] [task] [task] event=scheduler.change status=success routine=FOAMER_RINSING intervalSec=6000 normalizedIntervalSec=6000
[2026-08-16 01:34:13.995] [debug] [task] [task] event=scheduler.change status=success routine=WARM_RINSING intervalSec=0 normalizedIntervalSec=0
[2026-08-16 01:34:13.998] [debug] [task] [task] event=scheduler.change status=success routine=MIXER_RINSING intervalSec=0 normalizedIntervalSec=0
[2026-08-16 01:34:13.999] [debug] [task] [task] event=scheduler.change status=success routine=ERROR_CHECK intervalSec=1800 normalizedIntervalSec=1800
[2026-08-16 01:34:14.001] [debug] [task] [task] event=scheduler.change status=success routine=ICE_MAKER intervalSec=1800 normalizedIntervalSec=1800
[2026-08-16 01:34:14.004] [debug] [task] [task] event=scheduler.change status=success routine=TEMP_CHECK intervalSec=600 normalizedIntervalSec=600
[2026-08-16 01:34:14.006] [debug] [app] event=scheduler.change status=success routine=license.verify intervalSec=86400
[2026-08-16 01:34:14.006] [info]  [app] event=app.startup status=success message="schedulers registered"
[2026-08-16 01:34:14.008] [info]  [HASTE Guard] Launching Haste Agent Bot process: C:\Users\김성규\Desktop\HASTE-AI\src\cafehaste-client\haste_agent_bridge.js
[2026-08-16 01:34:14.028] [info]  [app] event=license.verify status=success state=approved storeId=075575
[2026-08-16 01:34:14.055] [error] [serialport] [serialport] event=serialport.error status=failed reason=port_error boardName=board1 port=COM6 message="Opening COM6: File not found"
[2026-08-16 01:34:14.060] [error] [serialport] [serialport] event=serialport.error status=failed reason=port_error boardName=board2 port=COM7 message="Opening COM7: File not found"
[2026-08-16 01:34:14.063] [error] [serialport] [serialport] event=serialport.error status=failed reason=port_error boardName=board1 port=COM6 message="Opening COM6: File not found"
[2026-08-16 01:34:14.065] [error] [serialport] [serialport] event=serialport.error status=failed reason=port_error boardName=board2 port=COM7 message="Opening COM7: File not found"
[2026-08-16 01:34:14.067] [debug] [api] [HASTE DevTools Sync] Current window DevTools opened state: false, Target state: false
[2026-08-16 01:34:15.039] [info]  [HASTE Agent Bot] [HASTE Agent Server] Hono Gateway running on Port 8082 (Relaying to Port 8080)
[2026-08-16 01:34:15.046] [info]  [HASTE Agent Bot] ==================================================
[2026-08-16 01:34:15.049] [info]  [HASTE Agent Bot] [HQ Origin] HASTE Cloud designated via --prod launch argument.
[2026-08-16 01:34:15.052] [info]  [HASTE Agent Bot] Targeting endpoint: https://cloud.cafehaste.com
[2026-08-16 01:34:15.054] [info]  [HASTE Agent Bot] ==================================================
[2026-08-16 01:34:15.058] [info]  [HASTE Agent Bot] [2026-08-16 01:34:15.052] [info] [HASTE Agent] [HEALTH] [RUN] () : Checking Lilly Engine API (Attempt: 1/5)
[2026-08-16 01:34:15.062] [info]  [HASTE Agent Bot] [HASTE] [Step 0: HEALTH] [INFO] Starting diagnostics for local hardware and internet connectivity...
[2026-08-16 01:34:15.343] [info]  [HASTE Agent Bot] [2026-08-16 01:34:15.343] [info] [HASTE Agent] [GATEWAY] [RUN] () : Waiting for Client API (Port 8080)
[2026-08-16 01:34:15.354] [info]  [HASTE Agent Bot] [2026-08-16 01:34:15.354] [info] [HASTE Agent] [GATEWAY] [OK] () : Token Synchronized
[2026-08-16 01:34:15.359] [info]  [HASTE Agent Bot] [2026-08-16 01:34:15.355] [info] [HASTE Agent] [GATEWAY] [FAIL] : Tunnel Session Missing (Status Blocked)
[2026-08-16 01:34:15.363] [info]  [HASTE Agent Bot] [2026-08-16 01:34:15.356] [info] [HASTE Agent] [Client -> Cloud] [GATEWAY] [RUN] () : Connecting to Signal Broker (Primary)
[2026-08-16 01:34:16.195] [info]  [HASTE Agent Bot] ==================================================
[2026-08-16 01:34:16.200] [info]  [HASTE Agent Bot] [2026-08-16 01:34:16.196] [info] [HASTE Agent] Security server connection initialized successfully!
[2026-08-16 01:34:16.205] [info]  [HASTE Agent Bot] Bot Tag Name: cafehaste_gateway#1981
[2026-08-16 01:34:16.209] [info]  [HASTE Agent Bot] HASTE Client API Address: http://127.0.0.1:8080
[2026-08-16 01:34:16.212] [info]  [HASTE Agent Bot] ==================================================
[2026-08-16 01:34:16.214] [info]  [HASTE Agent Bot] Listening for remote dashboard control commands...
[2026-08-16 01:34:16.216] [info]  [HASTE Agent Bot] ==================================================
[2026-08-16 01:34:18.959] [error] [coffee] [coffee] event=coffee.socket status=failed reason=open_timeout transport=ws machineName=WMF model=Lilly_(WMF) ip=192.168.10.99 port=25000
[2026-08-16 01:34:18.962] [error] [coffee] [coffee] event=coffee.socket status=failed reason=connect_failed transport=ws machineName=WMF model=Lilly_(WMF) ip=192.168.10.99 port=25000
[2026-08-16 01:34:35.088] [error] [coffee] [coffee] event=coffee.socket status=failed reason=ws_error machineName=WMF model=Lilly_(WMF) ip=192.168.10.99 port=25000 message="connect ETIMEDOUT 192.168.10.99:25000"
[2026-08-16 01:37:39.253] [debug] [task] [app] event=did.open status=success reason=electron_window_local_webview_monitor url=http://127.0.0.1:8080/did/index.html?clientId=00%3AD8%3A61%3A38%3A09%3A29
[2026-08-16 01:37:39.257] [info]  [HASTE DB Save] Settings category "information" has been updated and saved to SQLite successfully.
[2026-08-16 01:37:40.787] [debug] [task] [app] event=did.open status=success reason=electron_window_local_webview_monitor url=http://127.0.0.1:8080/did/index.html?clientId=00%3AD8%3A61%3A38%3A09%3A29
[2026-08-16 01:37:40.800] [info]  [HASTE DB Save] Settings category "information" has been updated and saved to SQLite successfully.
[2026-08-16 01:37:42.155] [debug] [task] [app] event=did.open status=success reason=electron_window_local_webview_monitor url=http://127.0.0.1:8080/did/index.html?clientId=00%3AD8%3A61%3A38%3A09%3A29
[2026-08-16 01:37:42.161] [info]  [HASTE DB Save] Settings category "information" has been updated and saved to SQLite successfully.
[2026-08-16 01:37:43.315] [debug] [task] [app] event=did.open status=success reason=electron_window_local_webview_monitor url=http://127.0.0.1:8080/did/index.html?clientId=00%3AD8%3A61%3A38%3A09%3A29
[2026-08-16 01:37:43.321] [info]  [HASTE DB Save] Settings category "information" has been updated and saved to SQLite successfully.
[2026-08-16 01:37:44.290] [info]  [HASTE DB Save] Settings category "information" has been updated and saved to SQLite successfully.
[2026-08-16 01:37:45.268] [debug] [task] [app] event=did.open status=success reason=electron_window_remote_webview_monitor url=https://cafehaste.com/did?clientId=00%3AD8%3A61%3A38%3A09%3A29
[2026-08-16 01:37:45.270] [debug] [api] [HASTE Theme Sync] Applied local UI theme: isDark=false
[2026-08-16 01:37:45.277] [info]  [HASTE DB Save] Settings category "information" has been updated and saved to SQLite successfully.
[2026-08-16 01:37:45.325] [debug] [api] [HASTE DevTools Sync] Current window DevTools opened state: false, Target state: false
[2026-08-16 01:37:47.853] [info]  [HASTE DB Save] Settings category "information" has been updated and saved to SQLite successfully.
[2026-08-16 01:37:48.785] [debug] [task] [app] event=did.open status=success reason=electron_window_local_webview_monitor url=http://127.0.0.1:8080/did/index.html?clientId=00%3AD8%3A61%3A38%3A09%3A29
[2026-08-16 01:37:48.800] [debug] [api] [HASTE Theme Sync] Applied local UI theme: isDark=false
[2026-08-16 01:37:48.814] [info]  [HASTE DB Save] Settings category "information" has been updated and saved to SQLite successfully.
[2026-08-16 01:37:48.866] [debug] [api] [HASTE DevTools Sync] Current window DevTools opened state: false, Target state: false
[2026-08-16 01:37:50.275] [info]  [HASTE DB Save] Settings category "information" has been updated and saved to SQLite successfully.
[2026-08-16 01:37:52.304] [debug] [task] [app] event=did.open status=success reason=electron_window_local_webview_monitor url=http://127.0.0.1:8080/did/index.html?clientId=00%3AD8%3A61%3A38%3A09%3A29
[2026-08-16 01:37:52.313] [info]  [HASTE DB Save] Settings category "information" has been updated and saved to SQLite successfully.
[2026-08-16 01:37:53.054] [debug] [task] [app] event=did.open status=success reason=electron_window_local_webview_monitor url=http://127.0.0.1:8080/did/index.html?clientId=00%3AD8%3A61%3A38%3A09%3A29
[2026-08-16 01:37:53.067] [info]  [HASTE DB Save] Settings category "information" has been updated and saved to SQLite successfully.
[2026-08-16 01:37:54.133] [debug] [task] [app] event=did.open status=success reason=electron_window_local_webview_monitor url=http://127.0.0.1:8080/did/index.html?clientId=00%3AD8%3A61%3A38%3A09%3A29
[2026-08-16 01:37:54.148] [info]  [HASTE DB Save] Settings category "information" has been updated and saved to SQLite successfully.
[2026-08-16 01:37:54.808] [info]  [HASTE DB Save] Settings category "information" has been updated and saved to SQLite successfully.
[2026-08-16 01:54:58.237] [info]  [HASTE DB Load] Loaded settings from SQLite database successfully. StoreName: "김포운양역점", StoreNo: "075575", ThemeMode: "Light", KioskType: "SAMSUNG", isKioskDryRun: "false"
[2026-08-16 01:54:58.711] [info]  [app] event=app.startup status=started appVersion=3.1.0-t45 packaged=false
[2026-08-16 01:54:58.820] [info]  [app] event=app.window status=success
[2026-08-16 01:54:58.894] [info]  [app] event=app.tray status=success
[2026-08-16 01:54:58.895] [info]  [app] event=updater.check status=ignored reason=store_managed_distribution
[2026-08-16 01:54:58.900] [info]  [app] event=app.ipc status=success
[2026-08-16 01:54:58.902] [info]  [app] event=task.start status=success
[2026-08-16 01:54:58.905] [debug] [api] [api] event=settings.change status=success port=8080 posStoreNo=075575 deviceModelId=D0000
[2026-08-16 01:54:58.910] [info]  [api] [HASTE] Found SSL Certificates at: C:\Users\김성규\Desktop\HASTE-AI\src\cafehaste-client\src\lilly-electron\resources
[2026-08-16 01:54:58.939] [info]  [api] [HASTE] Started HTTP Hono Server on port 8080 (Samsung Kiosk Mode).
[2026-08-16 01:54:58.944] [info]  [api] [HASTE] Started HTTPS Hono Server on port 8443 (Toss Kiosk Mode).
[2026-08-16 01:54:58.946] [debug] [api] [api] event=api.server status=success port=8080 host=0.0.0.0
[2026-08-16 01:54:58.948] [info]  [serialport] [serialport] event=serialport.connect status=started scope=all
[2026-08-16 01:54:58.951] [debug] [coffee] [coffee] event=settings.change status=success field=thirdpartyType value=Lilly_(WMF)
[2026-08-16 01:54:58.955] [debug] [coffee] [coffee] event=coffee.socket status=started transport=ws machineName=WMF model=Lilly_(WMF) ip=192.168.10.99 port=25000
[2026-08-16 01:54:58.966] [debug] [coffee] [coffee] event=temperature.change status=success
[2026-08-16 01:54:58.968] [debug] [api] [api] event=did.callback status=ignored reason=local_did_not_open screen=temperature
[2026-08-16 01:54:58.973] [info]  [HASTE DB Save] Settings category "inventory" has been updated and saved to SQLite successfully.
[2026-08-16 01:54:58.976] [info]  [HASTE DB Save] Settings category "inventory" has been updated and saved to SQLite successfully.
[2026-08-16 01:54:58.978] [info]  [serialport] [serialport] event=serialport.connect status=started scope=all
[2026-08-16 01:54:58.981] [info]  [HASTE DB Save] Settings category "inventory" has been updated and saved to SQLite successfully.
[2026-08-16 01:54:58.983] [info]  [HASTE DB Save] Settings category "inventory" has been updated and saved to SQLite successfully.
[2026-08-16 01:54:58.985] [debug] [api] [HASTE Theme Sync] Applied local UI theme: isDark=false
[2026-08-16 01:54:58.988] [debug] [api] [api] event=did.callback status=started target=local screen=/ reason=local_api_down
[2026-08-16 01:54:58.993] [info]  [app] event=app.startup status=success message="subscriptions registered"
[2026-08-16 01:54:58.994] [debug] [task] [task] event=scheduler.change status=success routine=FOAMER_RINSING intervalSec=6000 normalizedIntervalSec=6000
[2026-08-16 01:54:58.998] [debug] [task] [task] event=scheduler.change status=success routine=WARM_RINSING intervalSec=0 normalizedIntervalSec=0
[2026-08-16 01:54:59.000] [debug] [task] [task] event=scheduler.change status=success routine=MIXER_RINSING intervalSec=0 normalizedIntervalSec=0
[2026-08-16 01:54:59.007] [debug] [task] [task] event=scheduler.change status=success routine=ERROR_CHECK intervalSec=1800 normalizedIntervalSec=1800
[2026-08-16 01:54:59.010] [debug] [task] [task] event=scheduler.change status=success routine=ICE_MAKER intervalSec=1800 normalizedIntervalSec=1800
[2026-08-16 01:54:59.012] [debug] [task] [task] event=scheduler.change status=success routine=TEMP_CHECK intervalSec=600 normalizedIntervalSec=600
[2026-08-16 01:54:59.015] [debug] [app] event=scheduler.change status=success routine=license.verify intervalSec=86400
[2026-08-16 01:54:59.016] [info]  [app] event=app.startup status=success message="schedulers registered"
[2026-08-16 01:54:59.017] [info]  [app] event=license.verify status=success state=approved storeId=075575
[2026-08-16 01:54:59.049] [error] [serialport] [serialport] event=serialport.error status=failed reason=port_error boardName=board1 port=COM6 message="Opening COM6: File not found"
[2026-08-16 01:54:59.055] [error] [serialport] [serialport] event=serialport.error status=failed reason=port_error boardName=board2 port=COM7 message="Opening COM7: File not found"
[2026-08-16 01:54:59.057] [error] [serialport] [serialport] event=serialport.error status=failed reason=port_error boardName=board1 port=COM6 message="Opening COM6: File not found"
[2026-08-16 01:54:59.060] [error] [serialport] [serialport] event=serialport.error status=failed reason=port_error boardName=board2 port=COM7 message="Opening COM7: File not found"
[2026-08-16 01:54:59.063] [debug] [api] [HASTE DevTools Sync] Current window DevTools opened state: false, Target state: false
[2026-08-16 01:55:03.962] [error] [coffee] [coffee] event=coffee.socket status=failed reason=open_timeout transport=ws machineName=WMF model=Lilly_(WMF) ip=192.168.10.99 port=25000
[2026-08-16 01:55:03.965] [error] [coffee] [coffee] event=coffee.socket status=failed reason=connect_failed transport=ws machineName=WMF model=Lilly_(WMF) ip=192.168.10.99 port=25000
[2026-08-16 01:55:15.291] [debug] [task] [app] event=did.open status=success reason=electron_window_local_webview_monitor url=http://127.0.0.1:8080/did/index.html?clientId=00%3AD8%3A61%3A38%3A09%3A29
[2026-08-16 01:55:15.301] [info]  [HASTE DB Save] Settings category "information" has been updated and saved to SQLite successfully.
[2026-08-16 01:55:16.800] [info]  [HASTE DB Save] Settings category "information" has been updated and saved to SQLite successfully.
[2026-08-16 01:55:17.415] [debug] [task] [app] event=did.open status=success reason=electron_window_local_webview_monitor url=http://127.0.0.1:8080/did/index.html?clientId=00%3AD8%3A61%3A38%3A09%3A29
[2026-08-16 01:55:17.424] [info]  [HASTE DB Save] Settings category "information" has been updated and saved to SQLite successfully.
[2026-08-16 01:55:18.619] [debug] [task] [app] event=did.open status=success reason=electron_window_local_webview_monitor url=http://127.0.0.1:8080/did/index.html?clientId=00%3AD8%3A61%3A38%3A09%3A29
[2026-08-16 01:55:18.633] [info]  [HASTE DB Save] Settings category "information" has been updated and saved to SQLite successfully.
[2026-08-16 01:55:20.070] [error] [coffee] [coffee] event=coffee.socket status=failed reason=ws_error machineName=WMF model=Lilly_(WMF) ip=192.168.10.99 port=25000 message="connect ETIMEDOUT 192.168.10.99:25000"
[2026-08-16 01:55:21.145] [info]  [HASTE DB Save] Settings category "information" has been updated and saved to SQLite successfully.
[2026-08-16 01:56:02.556] [info]  [HASTE Install-loader] Found target CONFIG directory sorted by highest version at: "C:\Users\김성규\Desktop\릴리\CONFIG"
[2026-08-16 01:56:02.557] [info]  [task] [HASTE Autoload Manual] Auto-detected CONFIG folder at: "C:\Users\김성규\Desktop\릴리\CONFIG"
[2026-08-16 01:56:02.563] [info]  [HASTE Install-loader] Starting automatic configuration scanner...
[2026-08-16 01:56:02.564] [info]  [HASTE Install-loader] Importing configurations from folder: C:\Users\김성규\Desktop\릴리\CONFIG
[2026-08-16 01:56:02.568] [info]  [HASTE Install-loader] Configuration import triggered. Importing configurations...
[2026-08-16 01:56:02.588] [info]  [HASTE DB Save] Settings category "water" has been updated and saved to SQLite successfully.
[2026-08-16 01:56:02.589] [info]  [HASTE Install-loader] Imported 물.json to WATER settings.
[2026-08-16 01:56:02.592] [info]  [HASTE Double-Check] WATER settings DB validation passed successfully.
[2026-08-16 01:56:02.614] [info]  [HASTE DB Save] Settings category "inventory" has been updated and saved to SQLite successfully.
[2026-08-16 01:56:02.617] [info]  [HASTE DB Save] Settings category "sirubs" has been updated and saved to SQLite successfully.
[2026-08-16 01:56:02.618] [info]  [HASTE Install-loader] Imported 시럽.json to SIRUBS settings.
[2026-08-16 01:56:02.620] [info]  [HASTE Double-Check] SIRUBS settings DB validation passed successfully.
[2026-08-16 01:56:02.635] [info]  [HASTE DB Save] Settings category "serialport" has been updated and saved to SQLite successfully.
[2026-08-16 01:56:02.636] [info]  [HASTE Install-loader] Imported 시리얼포트.json to SERIALPORT settings.
[2026-08-16 01:56:02.638] [info]  [HASTE Double-Check] SERIALPORT settings DB validation passed successfully.
[2026-08-16 01:56:02.655] [info]  [HASTE Install-loader] Detected 제티노.json config.
[2026-08-16 01:56:02.656] [info]  [HASTE Double-Check] JETINNO configuration file integrity check passed.
[2026-08-16 01:56:02.674] [info]  [HASTE DB Save] Settings category "unexpected" has been updated and saved to SQLite successfully.
[2026-08-16 01:56:02.675] [info]  [HASTE Install-loader] Imported 진행과예외.json to UNEXPECTED settings.
[2026-08-16 01:56:02.677] [info]  [HASTE Double-Check] UNEXPECTED settings DB validation passed successfully.
[2026-08-16 01:56:02.693] [info]  [HASTE Install-loader] Detected 출력과로그.json config.
[2026-08-16 01:56:02.694] [info]  [HASTE Double-Check] PRINTNLOG configuration file integrity check passed.
[2026-08-16 01:56:02.729] [info]  [HASTE DB Save] Settings category "inventory" has been updated and saved to SQLite successfully.
[2026-08-16 01:56:02.732] [info]  [HASTE DB Save] Settings category "coffee" has been updated and saved to SQLite successfully.
[2026-08-16 01:56:02.733] [info]  [HASTE Install-loader] Imported 커피.json to COFFEE settings.
[2026-08-16 01:56:02.737] [info]  [HASTE Double-Check] COFFEE settings DB validation passed successfully.
[2026-08-16 01:56:02.759] [info]  [HASTE DB Save] Settings category "inventory" has been updated and saved to SQLite successfully.
[2026-08-16 01:56:02.762] [info]  [HASTE DB Save] Settings category "cup" has been updated and saved to SQLite successfully.
[2026-08-16 01:56:02.763] [info]  [HASTE Install-loader] Imported 컵.json to CUP settings.
[2026-08-16 01:56:02.765] [info]  [HASTE Double-Check] CUP settings DB validation passed successfully.
[2026-08-16 01:56:02.783] [debug] [api] [api] event=settings.change status=success port=8080 posStoreNo=075575 deviceModelId=D0000
[2026-08-16 01:56:02.785] [debug] [api] [HASTE Theme Sync] Applied local UI theme: isDark=false
[2026-08-16 01:56:02.790] [info]  [HASTE DB Save] Settings category "information" has been updated and saved to SQLite successfully.
[2026-08-16 01:56:02.792] [info]  [HASTE Install-loader] Imported 통신.json to INFORMATION settings.
[2026-08-16 01:56:02.794] [info]  [HASTE Double-Check] INFORMATION settings DB validation passed successfully.
[2026-08-16 01:56:02.814] [info]  [HASTE DB Save] Settings category "parts" has been updated and saved to SQLite successfully.
[2026-08-16 01:56:02.815] [info]  [HASTE Install-loader] Imported 파츠.json to PARTS settings.
[2026-08-16 01:56:02.818] [info]  [HASTE Double-Check] PARTS settings DB validation passed successfully.
[2026-08-16 01:56:02.819] [info]  ==================================================
[2026-08-16 01:56:02.820] [info]  [HASTE INTEGRITY CHECK] Running Config-to-DB 1:1 Verification Matrix...
[2026-08-16 01:56:02.824] [info]  Target CONFIG Dir: C:\Users\김성규\Desktop\릴리\CONFIG
[2026-08-16 01:56:02.825] [info]  ==================================================
[2026-08-16 01:56:02.831] [info]  ==================================================
[2026-08-16 01:56:02.832] [info]  [HASTE INTEGRITY SUCCESS] verification results:
[2026-08-16 01:56:02.833] [info]  - Total Checked: 169
[2026-08-16 01:56:02.833] [info]  - Passed Matches: 169
[2026-08-16 01:56:02.834] [info]  - Mismatches: 0
[2026-08-16 01:56:02.835] [info]  ==================================================
[2026-08-16 01:56:02.836] [info]  [HASTE INTEGRITY SUCCESS] Configuration is 100% matched to SQLite settings!
[2026-08-16 01:56:02.843] [info]   [HASTE Guard] Backup JSON successfully saved under SQLite DB folder: C:\Users\김성규\AppData\Roaming\haste3.0\haste_injected_config_raw.json
[2026-08-16 01:56:02.844] [debug] [api] [HASTE Theme Sync] Applied local UI theme: isDark=false
[2026-08-16 01:56:02.849] [info]  [HASTE DB Save] Settings category "information" has been updated and saved to SQLite successfully.
[2026-08-16 01:56:02.851] [info]  [HASTE Install-loader] isConfigImported flag successfully persisted in SQLite DB.
[2026-08-16 01:56:02.855] [info]  [HASTE Install-loader] Configurations successfully imported to SQLite settings table.
[2026-08-16 01:56:02.862] [info]  [task] [HASTE Autoload Manual] Local license auto-activated for store: 075575
[2026-08-16 01:56:02.881] [debug] [api] [HASTE DevTools Sync] Current window DevTools opened state: false, Target state: false
[2026-08-16 01:56:02.911] [debug] [api] [HASTE DevTools Sync] Current window DevTools opened state: false, Target state: false
[2026-08-16 01:56:04.128] [info]  [task] [HASTE Auto-Backup] Settings auto-backup slot rotation completed successfully.
[2026-08-16 01:56:04.129] [info]  [task] [HASTE Autoload Manual] Manual configs loaded and backed up to cloud slot 0 successfully.
[2026-08-16 01:56:04.149] [info]  [HASTE DB Save] Settings category "information" has been updated and saved to SQLite successfully.
[2026-08-16 01:56:04.151] [info]  [HASTE DB Save] Settings category "information" has been updated and saved to SQLite successfully.
[2026-08-16 01:56:04.156] [info]  [HASTE DB Save] Settings category "information" has been updated and saved to SQLite successfully.
[2026-08-16 01:56:04.229] [warn]  [task] [HASTE] menu_item table update warning: NOT NULL constraint failed: menu_item.created_at
[2026-08-16 01:56:04.231] [info]  [task] [HASTE Standard Import] Successfully imported 656 Google Sheets standard recipes.
[2026-08-16 01:56:04.236] [error] [task] [HASTE Single Correct Error] 해당 상품 번호의 메뉴를 찾을 수 없습니다.
[2026-08-16 01:56:04.240] [error] [Client] [POS_SYNC] [IMPORT_FAIL] : 가져올 키오스크 상품 번호가 전달되지 않았습니다.
[2026-08-16 01:56:04.383] [info]  [HASTE DB Save] Settings category "information" has been updated and saved to SQLite successfully.
[2026-08-16 01:57:08.624] [warn]  [task] [HASTE] menu_item table update warning: NOT NULL constraint failed: menu_item.created_at
[2026-08-16 01:57:08.626] [info]  [task] [HASTE Standard Import] Successfully imported 656 Google Sheets standard recipes.
[2026-08-16 01:57:08.692] [info]  [HASTE DB Save] Settings category "information" has been updated and saved to SQLite successfully.
[2026-08-16 01:57:08.695] [info]  [HASTE DB Save] Settings category "information" has been updated and saved to SQLite successfully.
[2026-08-16 01:57:08.698] [info]  [HASTE DB Save] Settings category "information" has been updated and saved to SQLite successfully.
[2026-08-16 01:57:08.761] [warn]  [task] [HASTE] menu_item table update warning: NOT NULL constraint failed: menu_item.created_at
[2026-08-16 01:57:08.763] [info]  [task] [HASTE Standard Import] Successfully imported 656 Google Sheets standard recipes.
[2026-08-16 01:57:08.768] [error] [task] [HASTE Single Correct Error] 해당 상품 번호의 메뉴를 찾을 수 없습니다.
[2026-08-16 01:57:08.772] [error] [Client] [POS_SYNC] [IMPORT_FAIL] : 가져올 키오스크 상품 번호가 전달되지 않았습니다.
[2026-08-16 01:57:08.998] [info]  [HASTE DB Save] Settings category "information" has been updated and saved to SQLite successfully.
[2026-08-16 02:00:04.435] [warn]  [HASTE DB Reset] Settings initialization triggered. Dropping settings table...
[2026-08-16 02:00:04.437] [info]  [HASTE DB Reset] Creating fresh settings table...
[2026-08-16 02:00:04.438] [info]  [HASTE DB Reset] Inserting defaults settings values...
[2026-08-16 02:00:04.457] [info]  [HASTE DB Load] Loaded settings from SQLite database successfully. StoreName: "미인증", StoreNo: "미인증", ThemeMode: "Light", KioskType: "SAMSUNG", isKioskDryRun: "false"
[2026-08-16 02:00:04.459] [debug] [api] [api] event=settings.change status=success port=8080 deviceModelId=D0000
[2026-08-16 02:00:04.461] [debug] [api] [HASTE Theme Sync] Applied local UI theme: isDark=false
[2026-08-16 02:00:04.463] [info]  [serialport] [serialport] event=settings.change status=success scope=all
[2026-08-16 02:00:04.467] [info]  [serialport] [serialport] event=serialport.connect status=started scope=all
[2026-08-16 02:00:04.469] [info]  [serialport] [serialport] event=serialport.connect status=started scope=all
[2026-08-16 02:00:04.470] [debug] [coffee] [coffee] event=settings.change status=success machineName=WMF ip=192.168.10.138 port=25000
[2026-08-16 02:00:04.476] [debug] [coffee] [coffee] event=coffee.socket status=started transport=ws machineName=WMF model=Lilly_(WMF) ip=192.168.10.138 port=25000
[2026-08-16 02:00:04.484] [debug] [task] [task] event=scheduler.change status=success routine=FOAMER_RINSING intervalSec=1800 normalizedIntervalSec=1800
[2026-08-16 02:00:04.488] [debug] [task] [task] event=scheduler.change status=success routine=ERROR_CHECK intervalSec=600 normalizedIntervalSec=600
[2026-08-16 02:00:04.494] [debug] [task] [task] event=scheduler.change status=success routine=TEMP_CHECK intervalSec=60 normalizedIntervalSec=60
[2026-08-16 02:00:04.503] [info]  [HASTE DB Save] Settings category "inventory" has been updated and saved to SQLite successfully.
[2026-08-16 02:00:04.505] [info]  [HASTE DB Save] Settings category "inventory" has been updated and saved to SQLite successfully.
[2026-08-16 02:00:04.508] [info]  [HASTE DB Save] Settings category "inventory" has been updated and saved to SQLite successfully.
[2026-08-16 02:00:04.511] [info]  [HASTE DB Save] Settings category "inventory" has been updated and saved to SQLite successfully.
[2026-08-16 02:00:04.513] [info]  [HASTE DB Reset] Settings store reset completed successfully.
[2026-08-16 02:00:04.514] [info]  [HASTE DB Sync] Reloading memory settingsStore from SQLite database...
[2026-08-16 02:00:04.519] [info]  [HASTE DB Load] Loaded settings from SQLite database successfully. StoreName: "미인증", StoreNo: "미인증", ThemeMode: "Light", KioskType: "SAMSUNG", isKioskDryRun: "false"
[2026-08-16 02:00:04.521] [debug] [api] [HASTE Theme Sync] Applied local UI theme: isDark=false
[2026-08-16 02:00:04.525] [info]  [task] [HASTE DB Reset] Settings store reset completed successfully.
[2026-08-16 02:00:04.531] [error] [serialport] [serialport] event=serialport.error status=failed reason=port_error boardName=board1 port=COM3 message="Opening COM3: File not found"
[2026-08-16 02:00:04.534] [error] [serialport] [serialport] event=serialport.error status=failed reason=port_error boardName=board1 port=COM3 message="Opening COM3: File not found"
[2026-08-16 02:00:04.537] [debug] [api] [HASTE DevTools Sync] Current window DevTools opened state: false, Target state: false
[2026-08-16 02:00:04.584] [debug] [api] [HASTE DevTools Sync] Current window DevTools opened state: false, Target state: false
[2026-08-16 02:00:09.489] [error] [coffee] [coffee] event=coffee.socket status=failed reason=open_timeout transport=ws machineName=WMF model=Lilly_(WMF) ip=192.168.10.138 port=25000
[2026-08-16 02:00:09.497] [error] [coffee] [coffee] event=coffee.socket status=failed reason=connect_failed transport=ws machineName=WMF model=Lilly_(WMF) ip=192.168.10.138 port=25000
[2026-08-16 02:00:24.307] [info]  [HASTE Shutdown] Releasing all serial ports...
[2026-08-16 02:00:24.308] [info]  [app] event=app.shutdown status=started
[2026-08-16 02:01:37.135] [info]  [HASTE DB Load] Loaded settings from SQLite database successfully. StoreName: "미인증", StoreNo: "미인증", ThemeMode: "Light", KioskType: "SAMSUNG", isKioskDryRun: "false"
[2026-08-16 02:01:37.552] [info]  [app] event=app.startup status=started appVersion=3.1.0-t49 packaged=false
[2026-08-16 02:01:37.628] [info]  [app] event=app.window status=success
[2026-08-16 02:01:37.697] [info]  [app] event=app.tray status=success
[2026-08-16 02:01:37.698] [info]  [app] event=updater.check status=ignored reason=store_managed_distribution
[2026-08-16 02:01:37.702] [info]  [app] event=app.ipc status=success
[2026-08-16 02:01:37.704] [info]  [app] event=task.start status=success
[2026-08-16 02:01:37.707] [debug] [api] [api] event=settings.change status=success port=8080 deviceModelId=D0000
[2026-08-16 02:01:37.711] [info]  [api] [HASTE] Found SSL Certificates at: C:\Users\김성규\Desktop\HASTE-AI\src\cafehaste-client\src\lilly-electron\resources
[2026-08-16 02:01:37.723] [info]  [api] [HASTE] Started HTTP Hono Server on port 8080 (Samsung Kiosk Mode).
[2026-08-16 02:01:37.729] [info]  [api] [HASTE] Started HTTPS Hono Server on port 8443 (Toss Kiosk Mode).
[2026-08-16 02:01:37.731] [debug] [api] [api] event=api.server status=success port=8080 host=0.0.0.0
[2026-08-16 02:01:37.733] [info]  [serialport] [serialport] event=serialport.connect status=started scope=all
[2026-08-16 02:01:37.737] [debug] [coffee] [coffee] event=settings.change status=success field=thirdpartyType value=Lilly_(WMF)
[2026-08-16 02:01:37.741] [debug] [coffee] [coffee] event=coffee.socket status=started transport=ws machineName=WMF model=Lilly_(WMF) ip=192.168.10.138 port=25000
[2026-08-16 02:01:37.754] [debug] [coffee] [coffee] event=temperature.change status=success
[2026-08-16 02:01:37.756] [debug] [api] [api] event=did.callback status=ignored reason=local_did_not_open screen=temperature
[2026-08-16 02:01:37.761] [info]  [HASTE DB Save] Settings category "inventory" has been updated and saved to SQLite successfully.
[2026-08-16 02:01:37.765] [info]  [HASTE DB Save] Settings category "inventory" has been updated and saved to SQLite successfully.
[2026-08-16 02:01:37.767] [info]  [serialport] [serialport] event=serialport.connect status=started scope=all
[2026-08-16 02:01:37.770] [info]  [HASTE DB Save] Settings category "inventory" has been updated and saved to SQLite successfully.
[2026-08-16 02:01:37.773] [info]  [HASTE DB Save] Settings category "inventory" has been updated and saved to SQLite successfully.
[2026-08-16 02:01:37.776] [debug] [api] [HASTE Theme Sync] Applied local UI theme: isDark=false
[2026-08-16 02:01:37.778] [debug] [api] [api] event=did.callback status=started target=local screen=/ reason=local_api_down
[2026-08-16 02:01:37.781] [info]  [app] event=app.startup status=success message="subscriptions registered"
[2026-08-16 02:01:37.783] [debug] [task] [task] event=scheduler.change status=success routine=FOAMER_RINSING intervalSec=1800 normalizedIntervalSec=1800
[2026-08-16 02:01:37.786] [debug] [task] [task] event=scheduler.change status=success routine=WARM_RINSING intervalSec=0 normalizedIntervalSec=0
[2026-08-16 02:01:37.787] [debug] [task] [task] event=scheduler.change status=success routine=MIXER_RINSING intervalSec=0 normalizedIntervalSec=0
[2026-08-16 02:01:37.789] [debug] [task] [task] event=scheduler.change status=success routine=ERROR_CHECK intervalSec=600 normalizedIntervalSec=600
[2026-08-16 02:01:37.791] [debug] [task] [task] event=scheduler.change status=success routine=ICE_MAKER intervalSec=1800 normalizedIntervalSec=1800
[2026-08-16 02:01:37.794] [debug] [task] [task] event=scheduler.change status=success routine=TEMP_CHECK intervalSec=60 normalizedIntervalSec=60
[2026-08-16 02:01:37.798] [debug] [app] event=scheduler.change status=success routine=license.verify intervalSec=86400
[2026-08-16 02:01:37.799] [info]  [app] event=app.startup status=success message="schedulers registered"
[2026-08-16 02:01:37.800] [info]  [app] event=license.verify status=success state=approved storeId=075575
[2026-08-16 02:01:37.827] [error] [serialport] [serialport] event=serialport.error status=failed reason=port_error boardName=board1 port=COM3 message="Opening COM3: File not found"
[2026-08-16 02:01:37.832] [error] [serialport] [serialport] event=serialport.error status=failed reason=port_error boardName=board1 port=COM3 message="Opening COM3: File not found"
[2026-08-16 02:01:37.834] [debug] [api] [HASTE DevTools Sync] Current window DevTools opened state: false, Target state: false
[2026-08-16 02:01:42.760] [error] [coffee] [coffee] event=coffee.socket status=failed reason=open_timeout transport=ws machineName=WMF model=Lilly_(WMF) ip=192.168.10.138 port=25000
[2026-08-16 02:01:42.762] [error] [coffee] [coffee] event=coffee.socket status=failed reason=connect_failed transport=ws machineName=WMF model=Lilly_(WMF) ip=192.168.10.138 port=25000
[2026-08-16 02:01:58.859] [error] [coffee] [coffee] event=coffee.socket status=failed reason=ws_error machineName=WMF model=Lilly_(WMF) ip=192.168.10.138 port=25000 message="connect ETIMEDOUT 192.168.10.138:25000"
[2026-08-16 02:03:30.618] [info]  [HASTE Shutdown] Releasing all serial ports...
[2026-08-16 02:03:30.619] [info]  [app] event=app.shutdown status=started
[2026-08-16 02:04:22.366] [info]  [HASTE DB Load] Loaded settings from SQLite database successfully. StoreName: "미인증", StoreNo: "미인증", ThemeMode: "Light", KioskType: "SAMSUNG", isKioskDryRun: "false"
[2026-08-16 02:04:22.786] [info]  [app] event=app.startup status=started appVersion=3.1.0-t50 packaged=false
[2026-08-16 02:04:22.866] [info]  [app] event=app.window status=success
[2026-08-16 02:04:22.903] [info]  [app] event=app.tray status=success
[2026-08-16 02:04:22.904] [info]  [app] event=updater.check status=ignored reason=store_managed_distribution
[2026-08-16 02:04:22.909] [info]  [app] event=app.ipc status=success
[2026-08-16 02:04:22.911] [info]  [app] event=task.start status=success
[2026-08-16 02:04:22.914] [debug] [api] [api] event=settings.change status=success port=8080 deviceModelId=D0000
[2026-08-16 02:04:22.919] [info]  [api] [HASTE] Found SSL Certificates at: C:\Users\김성규\Desktop\HASTE-AI\src\cafehaste-client\src\lilly-electron\resources
[2026-08-16 02:04:22.934] [info]  [api] [HASTE] Started HTTP Hono Server on port 8080 (Samsung Kiosk Mode).
[2026-08-16 02:04:22.939] [info]  [api] [HASTE] Started HTTPS Hono Server on port 8443 (Toss Kiosk Mode).
[2026-08-16 02:04:22.942] [debug] [api] [api] event=api.server status=success port=8080 host=0.0.0.0
[2026-08-16 02:04:22.946] [info]  [serialport] [serialport] event=serialport.connect status=started scope=all
[2026-08-16 02:04:22.950] [debug] [coffee] [coffee] event=settings.change status=success field=thirdpartyType value=Lilly_(WMF)
[2026-08-16 02:04:22.953] [debug] [coffee] [coffee] event=coffee.socket status=started transport=ws machineName=WMF model=Lilly_(WMF) ip=192.168.10.138 port=25000
[2026-08-16 02:04:22.964] [debug] [coffee] [coffee] event=temperature.change status=success
[2026-08-16 02:04:22.967] [debug] [api] [api] event=did.callback status=ignored reason=local_did_not_open screen=temperature
[2026-08-16 02:04:22.973] [info]  [HASTE DB Save] Settings category "inventory" has been updated and saved to SQLite successfully.
[2026-08-16 02:04:22.979] [info]  [HASTE DB Save] Settings category "inventory" has been updated and saved to SQLite successfully.
[2026-08-16 02:04:22.981] [info]  [serialport] [serialport] event=serialport.connect status=started scope=all
[2026-08-16 02:04:22.983] [info]  [HASTE DB Save] Settings category "inventory" has been updated and saved to SQLite successfully.
[2026-08-16 02:04:22.986] [info]  [HASTE DB Save] Settings category "inventory" has been updated and saved to SQLite successfully.
[2026-08-16 02:04:22.987] [debug] [api] [HASTE Theme Sync] Applied local UI theme: isDark=false
[2026-08-16 02:04:22.989] [debug] [api] [api] event=did.callback status=started target=local screen=/ reason=local_api_down
[2026-08-16 02:04:22.994] [info]  [app] event=app.startup status=success message="subscriptions registered"
[2026-08-16 02:04:22.995] [debug] [task] [task] event=scheduler.change status=success routine=FOAMER_RINSING intervalSec=1800 normalizedIntervalSec=1800
[2026-08-16 02:04:22.999] [debug] [task] [task] event=scheduler.change status=success routine=WARM_RINSING intervalSec=0 normalizedIntervalSec=0
[2026-08-16 02:04:23.001] [debug] [task] [task] event=scheduler.change status=success routine=MIXER_RINSING intervalSec=0 normalizedIntervalSec=0
[2026-08-16 02:04:23.002] [debug] [task] [task] event=scheduler.change status=success routine=ERROR_CHECK intervalSec=600 normalizedIntervalSec=600
[2026-08-16 02:04:23.006] [debug] [task] [task] event=scheduler.change status=success routine=ICE_MAKER intervalSec=1800 normalizedIntervalSec=1800
[2026-08-16 02:04:23.010] [debug] [task] [task] event=scheduler.change status=success routine=TEMP_CHECK intervalSec=60 normalizedIntervalSec=60
[2026-08-16 02:04:23.012] [debug] [app] event=scheduler.change status=success routine=license.verify intervalSec=86400
[2026-08-16 02:04:23.013] [info]  [app] event=app.startup status=success message="schedulers registered"
[2026-08-16 02:04:23.015] [info]  [app] event=license.verify status=success state=approved storeId=075575
[2026-08-16 02:04:23.041] [error] [serialport] [serialport] event=serialport.error status=failed reason=port_error boardName=board1 port=COM3 message="Opening COM3: File not found"
[2026-08-16 02:04:23.046] [error] [serialport] [serialport] event=serialport.error status=failed reason=port_error boardName=board1 port=COM3 message="Opening COM3: File not found"
[2026-08-16 02:04:23.049] [debug] [api] [HASTE DevTools Sync] Current window DevTools opened state: false, Target state: false
[2026-08-16 02:04:27.969] [error] [coffee] [coffee] event=coffee.socket status=failed reason=open_timeout transport=ws machineName=WMF model=Lilly_(WMF) ip=192.168.10.138 port=25000
[2026-08-16 02:04:27.972] [error] [coffee] [coffee] event=coffee.socket status=failed reason=connect_failed transport=ws machineName=WMF model=Lilly_(WMF) ip=192.168.10.138 port=25000
[2026-08-16 02:04:44.070] [error] [coffee] [coffee] event=coffee.socket status=failed reason=ws_error machineName=WMF model=Lilly_(WMF) ip=192.168.10.138 port=25000 message="connect ETIMEDOUT 192.168.10.138:25000"
[2026-08-16 02:07:25.597] [debug] [api] [HASTE Theme Sync] Applied local UI theme: isDark=true
[2026-08-16 02:07:25.605] [info]  [HASTE DB Save] Settings category "information" has been updated and saved to SQLite successfully.
[2026-08-16 02:07:25.652] [debug] [api] [HASTE DevTools Sync] Current window DevTools opened state: false, Target state: false
[2026-08-16 02:07:26.049] [debug] [api] [HASTE Theme Sync] Applied local UI theme: isDark=false
[2026-08-16 02:07:26.053] [info]  [HASTE DB Save] Settings category "information" has been updated and saved to SQLite successfully.
[2026-08-16 02:07:26.104] [debug] [api] [HASTE DevTools Sync] Current window DevTools opened state: false, Target state: false
[2026-08-16 02:08:05.453] [info]  [HASTE Shutdown] Releasing all serial ports...
[2026-08-16 02:08:05.455] [info]  [app] event=app.shutdown status=started
[2026-08-16 02:08:12.973] [info]  [HASTE DB Load] Loaded settings from SQLite database successfully. StoreName: "미인증", StoreNo: "미인증", ThemeMode: "Light", KioskType: "SAMSUNG", isKioskDryRun: "false"
[2026-08-16 02:08:13.384] [info]  [app] event=app.startup status=started appVersion=3.1.0-t52 packaged=false
[2026-08-16 02:08:13.460] [info]  [app] event=app.window status=success
[2026-08-16 02:08:13.529] [info]  [app] event=app.tray status=success
[2026-08-16 02:08:13.530] [info]  [app] event=updater.check status=ignored reason=store_managed_distribution
[2026-08-16 02:08:13.534] [info]  [app] event=app.ipc status=success
[2026-08-16 02:08:13.536] [info]  [app] event=task.start status=success
[2026-08-16 02:08:13.538] [debug] [api] [api] event=settings.change status=success port=8080 deviceModelId=D0000
[2026-08-16 02:08:13.543] [info]  [api] [HASTE] Found SSL Certificates at: C:\Users\김성규\Desktop\HASTE-AI\src\cafehaste-client\src\lilly-electron\resources
[2026-08-16 02:08:13.556] [info]  [api] [HASTE] Started HTTP Hono Server on port 8080 (Samsung Kiosk Mode).
[2026-08-16 02:08:13.561] [info]  [api] [HASTE] Started HTTPS Hono Server on port 8443 (Toss Kiosk Mode).
[2026-08-16 02:08:13.564] [debug] [api] [api] event=api.server status=success port=8080 host=0.0.0.0
[2026-08-16 02:08:13.566] [info]  [serialport] [serialport] event=serialport.connect status=started scope=all
[2026-08-16 02:08:13.568] [debug] [coffee] [coffee] event=settings.change status=success field=thirdpartyType value=Lilly_(WMF)
[2026-08-16 02:08:13.573] [debug] [coffee] [coffee] event=coffee.socket status=started transport=ws machineName=WMF model=Lilly_(WMF) ip=192.168.10.138 port=25000
[2026-08-16 02:08:13.584] [debug] [coffee] [coffee] event=temperature.change status=success
[2026-08-16 02:08:13.588] [debug] [api] [api] event=did.callback status=ignored reason=local_did_not_open screen=temperature
[2026-08-16 02:08:13.592] [info]  [HASTE DB Save] Settings category "inventory" has been updated and saved to SQLite successfully.
[2026-08-16 02:08:13.596] [info]  [HASTE DB Save] Settings category "inventory" has been updated and saved to SQLite successfully.
[2026-08-16 02:08:13.597] [info]  [serialport] [serialport] event=serialport.connect status=started scope=all
[2026-08-16 02:08:13.601] [info]  [HASTE DB Save] Settings category "inventory" has been updated and saved to SQLite successfully.
[2026-08-16 02:08:13.603] [info]  [HASTE DB Save] Settings category "inventory" has been updated and saved to SQLite successfully.
[2026-08-16 02:08:13.605] [debug] [api] [HASTE Theme Sync] Applied local UI theme: isDark=false
[2026-08-16 02:08:13.606] [debug] [api] [api] event=did.callback status=started target=local screen=/ reason=local_api_down
[2026-08-16 02:08:13.609] [info]  [app] event=app.startup status=success message="subscriptions registered"
[2026-08-16 02:08:13.610] [debug] [task] [task] event=scheduler.change status=success routine=FOAMER_RINSING intervalSec=1800 normalizedIntervalSec=1800
[2026-08-16 02:08:13.614] [debug] [task] [task] event=scheduler.change status=success routine=WARM_RINSING intervalSec=0 normalizedIntervalSec=0
[2026-08-16 02:08:13.618] [debug] [task] [task] event=scheduler.change status=success routine=MIXER_RINSING intervalSec=0 normalizedIntervalSec=0
[2026-08-16 02:08:13.620] [debug] [task] [task] event=scheduler.change status=success routine=ERROR_CHECK intervalSec=600 normalizedIntervalSec=600
[2026-08-16 02:08:13.622] [debug] [task] [task] event=scheduler.change status=success routine=ICE_MAKER intervalSec=1800 normalizedIntervalSec=1800
[2026-08-16 02:08:13.624] [debug] [task] [task] event=scheduler.change status=success routine=TEMP_CHECK intervalSec=60 normalizedIntervalSec=60
[2026-08-16 02:08:13.625] [debug] [app] event=scheduler.change status=success routine=license.verify intervalSec=86400
[2026-08-16 02:08:13.626] [info]  [app] event=app.startup status=success message="schedulers registered"
[2026-08-16 02:08:13.627] [info]  [app] event=license.verify status=success state=approved storeId=075575
[2026-08-16 02:08:13.654] [error] [serialport] [serialport] event=serialport.error status=failed reason=port_error boardName=board1 port=COM3 message="Opening COM3: File not found"
[2026-08-16 02:08:13.658] [error] [serialport] [serialport] event=serialport.error status=failed reason=port_error boardName=board1 port=COM3 message="Opening COM3: File not found"
[2026-08-16 02:08:13.660] [debug] [api] [HASTE DevTools Sync] Current window DevTools opened state: false, Target state: false
[2026-08-16 02:08:18.577] [error] [coffee] [coffee] event=coffee.socket status=failed reason=open_timeout transport=ws machineName=WMF model=Lilly_(WMF) ip=192.168.10.138 port=25000
[2026-08-16 02:08:18.581] [error] [coffee] [coffee] event=coffee.socket status=failed reason=connect_failed transport=ws machineName=WMF model=Lilly_(WMF) ip=192.168.10.138 port=25000
[2026-08-16 02:08:20.705] [debug] [api] [HASTE Theme Sync] Applied local UI theme: isDark=false
[2026-08-16 02:08:20.715] [info]  [HASTE DB Save] Settings category "information" has been updated and saved to SQLite successfully.
[2026-08-16 02:08:20.761] [info]  [HASTE DB Save] Settings category "information" has been updated and saved to SQLite successfully.
[2026-08-16 02:08:20.763] [info]  [HASTE DB Save] Settings category "information" has been updated and saved to SQLite successfully.
[2026-08-16 02:08:20.765] [info]  [HASTE DB Save] Settings category "information" has been updated and saved to SQLite successfully.
[2026-08-16 02:08:20.833] [info]  [task] [HASTE Standard Import] Successfully imported 656 Google Sheets standard recipes.
[2026-08-16 02:08:20.837] [error] [task] [HASTE Single Correct Error] 해당 상품 번호의 메뉴를 찾을 수 없습니다.
[2026-08-16 02:08:20.838] [error] [Client] [POS_SYNC] [IMPORT_FAIL] : 가져올 키오스크 상품 번호가 전달되지 않았습니다.
[2026-08-16 02:08:20.853] [debug] [api] [HASTE DevTools Sync] Current window DevTools opened state: false, Target state: false
[2026-08-16 02:08:21.145] [debug] [api] [api] event=settings.change status=success port=8080 posStoreNo=075575 deviceModelId=D0000
[2026-08-16 02:08:21.150] [debug] [api] [HASTE Theme Sync] Applied local UI theme: isDark=false
[2026-08-16 02:08:21.155] [info]  [HASTE DB Save] Settings category "information" has been updated and saved to SQLite successfully.
[2026-08-16 02:08:21.205] [debug] [api] [HASTE DevTools Sync] Current window DevTools opened state: false, Target state: false
[2026-08-16 02:08:21.253] [debug] [api] [HASTE Theme Sync] Applied local UI theme: isDark=false
[2026-08-16 02:08:21.259] [info]  [HASTE DB Save] Settings category "information" has been updated and saved to SQLite successfully.
[2026-08-16 02:08:21.299] [info]  [HASTE DB Save] Settings category "information" has been updated and saved to SQLite successfully.
[2026-08-16 02:08:21.303] [info]  [HASTE DB Save] Settings category "information" has been updated and saved to SQLite successfully.
[2026-08-16 02:08:21.305] [info]  [HASTE DB Save] Settings category "information" has been updated and saved to SQLite successfully.
[2026-08-16 02:08:21.358] [info]  [task] [HASTE Standard Import] Successfully imported 656 Google Sheets standard recipes.
[2026-08-16 02:08:21.364] [error] [task] [HASTE Single Correct Error] 해당 상품 번호의 메뉴를 찾을 수 없습니다.
[2026-08-16 02:08:21.367] [error] [Client] [POS_SYNC] [IMPORT_FAIL] : 가져올 키오스크 상품 번호가 전달되지 않았습니다.
[2026-08-16 02:08:21.387] [debug] [api] [HASTE DevTools Sync] Current window DevTools opened state: false, Target state: false
[2026-08-16 02:08:21.502] [info]  [HASTE DB Save] Settings category "information" has been updated and saved to SQLite successfully.
[2026-08-16 02:08:34.692] [error] [coffee] [coffee] event=coffee.socket status=failed reason=ws_error machineName=WMF model=Lilly_(WMF) ip=192.168.10.138 port=25000 message="connect ETIMEDOUT 192.168.10.138:25000"
[2026-08-16 02:10:23.928] [debug] [api] [HASTE Theme Sync] Applied local UI theme: isDark=false
[2026-08-16 02:10:23.933] [info]  [HASTE DB Save] Settings category "information" has been updated and saved to SQLite successfully.
[2026-08-16 02:10:23.980] [debug] [api] [HASTE DevTools Sync] Current window DevTools opened state: false, Target state: false
[2026-08-16 02:10:24.351] [info]  [HASTE DB Save] Settings category "information" has been updated and saved to SQLite successfully.
[2026-08-16 02:10:24.353] [info]  [HASTE DB Save] Settings category "information" has been updated and saved to SQLite successfully.
[2026-08-16 02:10:24.355] [info]  [HASTE DB Save] Settings category "information" has been updated and saved to SQLite successfully.
[2026-08-16 02:10:24.410] [info]  [task] [HASTE Standard Import] Successfully imported 656 Google Sheets standard recipes.
[2026-08-16 02:10:24.416] [error] [task] [HASTE Single Correct Error] 해당 상품 번호의 메뉴를 찾을 수 없습니다.
[2026-08-16 02:10:24.419] [error] [Client] [POS_SYNC] [IMPORT_FAIL] : 가져올 키오스크 상품 번호가 전달되지 않았습니다.
[2026-08-16 02:10:24.635] [info]  [HASTE DB Save] Settings category "information" has been updated and saved to SQLite successfully.
[2026-08-16 02:10:31.088] [debug] [api] [api] event=order.create status=started version=v1 orderId=TEST-1786813830771 productNo=GSH1005
[2026-08-16 02:10:31.090] [warn]  [api] [api] event=api.auth status=failed version=v1 command=ORDER orderId=TEST-1786813830771 reason=invalid_token_bypassed receivedToken=TEST_BREW_TOKEN
[2026-08-16 02:10:31.093] [info]  [kiosk] [app] event=order.received status=success kioskCode=GSH1005 recipeCode=GSH1005 matchedMenuName=HOT아메리카노(스탠다드)(샷추가) actualSteps=["NONE:HOT","COFFEE:90","NONE:260","NONE:NONE","NONE:NONE","NONE:NONE","NONE:NONE","NONE:NONE","NONE:NONE","NONE:NONE"] orderId=TEST-1786813830771 bill=0000 isTestBrew=true
[2026-08-16 02:10:31.097] [debug] [task] [task] event=task.enqueue status=accepted orderId=TEST-1786813830771 priority=99 description=음료_제조_(TEST-1786813830771)
[2026-08-16 02:10:31.099] [debug] [task] [task] event=task.start status=started orderId=TEST-1786813830771 menuCount=1
[2026-08-16 02:10:31.102] [debug] [api] [api] event=order.create status=accepted version=v1 orderId=TEST-1786813830771 productNo=GSH1005 bill=0000
[2026-08-16 02:10:31.107] [debug] [task] [task] event=brew.menu status=started orderId=TEST-1786813830771 menuName=HOT아메리카노(스탠다드)(샷추가) stepCount=10
[2026-08-16 02:10:32.134] [debug] [task] [task] event=brew.step status=ignored reason=test_menu orderId=TEST-1786813830771 menuName=HOT아메리카노(스탠다드)(샷추가) step=주문스텝2
[2026-08-16 02:10:32.137] [debug] [api] [api] event=did.callback status=started orderId=TEST-1786813830771 menuName=HOT아메리카노(스탠다드)(샷추가) state=2 target=local url=http://127.0.0.1:8080/sse/did
[2026-08-16 02:10:32.140] [debug] [api] [api] event=did.callback status=started orderId=TEST-1786813830771 menuName=HOT아메리카노(스탠다드)(샷추가) state=2 target=remote url=http://127.0.0.1:8080/sse/did
[2026-08-16 02:10:32.150] [debug] [api] [api] event=did.callback status=success attempt=1 httpStatus=202 url=http://127.0.0.1:8080/sse/did
[2026-08-16 02:10:32.153] [debug] [api] [api] event=did.callback status=success attempt=1 httpStatus=202 url=http://127.0.0.1:8080/sse/did
[2026-08-16 02:10:33.189] [debug] [task] [task] event=brew.step status=ignored reason=test_menu orderId=TEST-1786813830771 menuName=HOT아메리카노(스탠다드)(샷추가) step=주문스텝3
[2026-08-16 02:10:33.192] [debug] [api] [api] event=did.callback status=started orderId=TEST-1786813830771 menuName=HOT아메리카노(스탠다드)(샷추가) state=3 target=local url=http://127.0.0.1:8080/sse/did
[2026-08-16 02:10:33.194] [debug] [api] [api] event=did.callback status=started orderId=TEST-1786813830771 menuName=HOT아메리카노(스탠다드)(샷추가) state=3 target=remote url=http://127.0.0.1:8080/sse/did
[2026-08-16 02:10:33.205] [debug] [api] [api] event=did.callback status=success attempt=1 httpStatus=202 url=http://127.0.0.1:8080/sse/did
[2026-08-16 02:10:33.208] [debug] [api] [api] event=did.callback status=success attempt=1 httpStatus=202 url=http://127.0.0.1:8080/sse/did
[2026-08-16 02:10:34.728] [debug] [task] [task] event=brew.step status=ignored reason=test_menu orderId=TEST-1786813830771 menuName=HOT아메리카노(스탠다드)(샷추가) step=주문스텝4
[2026-08-16 02:10:34.731] [debug] [api] [api] event=did.callback status=started orderId=TEST-1786813830771 menuName=HOT아메리카노(스탠다드)(샷추가) state=4 target=local url=http://127.0.0.1:8080/sse/did
[2026-08-16 02:10:34.734] [debug] [api] [api] event=did.callback status=started orderId=TEST-1786813830771 menuName=HOT아메리카노(스탠다드)(샷추가) state=4 target=remote url=http://127.0.0.1:8080/sse/did
[2026-08-16 02:10:34.739] [debug] [api] [api] event=did.callback status=success attempt=1 httpStatus=202 url=http://127.0.0.1:8080/sse/did
[2026-08-16 02:10:34.741] [debug] [api] [api] event=did.callback status=success attempt=1 httpStatus=202 url=http://127.0.0.1:8080/sse/did
[2026-08-16 02:10:35.784] [debug] [task] [task] event=brew.step status=ignored reason=test_menu orderId=TEST-1786813830771 menuName=HOT아메리카노(스탠다드)(샷추가) step=주문스텝5
[2026-08-16 02:10:35.787] [debug] [api] [api] event=did.callback status=started orderId=TEST-1786813830771 menuName=HOT아메리카노(스탠다드)(샷추가) state=5 target=local url=http://127.0.0.1:8080/sse/did
[2026-08-16 02:10:35.789] [debug] [api] [api] event=did.callback status=started orderId=TEST-1786813830771 menuName=HOT아메리카노(스탠다드)(샷추가) state=5 target=remote url=http://127.0.0.1:8080/sse/did
[2026-08-16 02:10:35.794] [debug] [api] [api] event=did.callback status=success attempt=1 httpStatus=202 url=http://127.0.0.1:8080/sse/did
[2026-08-16 02:10:35.798] [debug] [api] [api] event=did.callback status=success attempt=1 httpStatus=202 url=http://127.0.0.1:8080/sse/did
[2026-08-16 02:10:35.814] [debug] [task] [task] event=task.complete status=success orderId=TEST-1786813830771
[2026-08-16 02:10:45.713] [info]  [HASTE Shutdown] Releasing all serial ports...
[2026-08-16 02:10:45.714] [info]  [app] event=app.shutdown status=started
[2026-08-16 02:10:51.899] [info]  [HASTE DB Load] Loaded settings from SQLite database successfully. StoreName: "김포운양역점", StoreNo: "075575", ThemeMode: "Light", KioskType: "SAMSUNG", isKioskDryRun: "false"
[2026-08-16 02:10:52.307] [info]  [app] event=app.startup status=started appVersion=3.1.0-t53 packaged=false
[2026-08-16 02:10:52.387] [info]  [app] event=app.window status=success
[2026-08-16 02:10:52.418] [info]  [app] event=app.tray status=success
[2026-08-16 02:10:52.420] [info]  [app] event=updater.check status=ignored reason=store_managed_distribution
[2026-08-16 02:10:52.424] [info]  [app] event=app.ipc status=success
[2026-08-16 02:10:52.426] [info]  [app] event=task.start status=success
[2026-08-16 02:10:52.428] [debug] [api] [api] event=settings.change status=success port=8080 posStoreNo=075575 deviceModelId=D0000
[2026-08-16 02:10:52.433] [info]  [api] [HASTE] Found SSL Certificates at: C:\Users\김성규\Desktop\HASTE-AI\src\cafehaste-client\src\lilly-electron\resources
[2026-08-16 02:10:52.448] [info]  [api] [HASTE] Started HTTP Hono Server on port 8080 (Samsung Kiosk Mode).
[2026-08-16 02:10:52.455] [info]  [api] [HASTE] Started HTTPS Hono Server on port 8443 (Toss Kiosk Mode).
[2026-08-16 02:10:52.457] [debug] [api] [api] event=api.server status=success port=8080 host=0.0.0.0
[2026-08-16 02:10:52.459] [info]  [serialport] [serialport] event=serialport.connect status=started scope=all
[2026-08-16 02:10:52.462] [debug] [coffee] [coffee] event=settings.change status=success field=thirdpartyType value=Lilly_(WMF)
[2026-08-16 02:10:52.468] [debug] [coffee] [coffee] event=coffee.socket status=started transport=ws machineName=WMF model=Lilly_(WMF) ip=192.168.10.138 port=25000
[2026-08-16 02:10:52.476] [debug] [coffee] [coffee] event=temperature.change status=success
[2026-08-16 02:10:52.478] [debug] [api] [api] event=did.callback status=ignored reason=local_did_not_open screen=temperature
[2026-08-16 02:10:52.487] [info]  [HASTE DB Save] Settings category "inventory" has been updated and saved to SQLite successfully.
[2026-08-16 02:10:52.490] [info]  [HASTE DB Save] Settings category "inventory" has been updated and saved to SQLite successfully.
[2026-08-16 02:10:52.492] [info]  [serialport] [serialport] event=serialport.connect status=started scope=all
[2026-08-16 02:10:52.496] [info]  [HASTE DB Save] Settings category "inventory" has been updated and saved to SQLite successfully.
[2026-08-16 02:10:52.499] [info]  [HASTE DB Save] Settings category "inventory" has been updated and saved to SQLite successfully.
[2026-08-16 02:10:52.501] [debug] [api] [HASTE Theme Sync] Applied local UI theme: isDark=false
[2026-08-16 02:10:52.503] [debug] [api] [api] event=did.callback status=started target=local screen=/ reason=local_api_down
[2026-08-16 02:10:52.506] [info]  [app] event=app.startup status=success message="subscriptions registered"
[2026-08-16 02:10:52.507] [debug] [task] [task] event=scheduler.change status=success routine=FOAMER_RINSING intervalSec=1800 normalizedIntervalSec=1800
[2026-08-16 02:10:52.512] [debug] [task] [task] event=scheduler.change status=success routine=WARM_RINSING intervalSec=0 normalizedIntervalSec=0
[2026-08-16 02:10:52.514] [debug] [task] [task] event=scheduler.change status=success routine=MIXER_RINSING intervalSec=0 normalizedIntervalSec=0
[2026-08-16 02:10:52.516] [debug] [task] [task] event=scheduler.change status=success routine=ERROR_CHECK intervalSec=600 normalizedIntervalSec=600
[2026-08-16 02:10:52.518] [debug] [task] [task] event=scheduler.change status=success routine=ICE_MAKER intervalSec=1800 normalizedIntervalSec=1800
[2026-08-16 02:10:52.519] [debug] [task] [task] event=scheduler.change status=success routine=TEMP_CHECK intervalSec=60 normalizedIntervalSec=60
[2026-08-16 02:10:52.521] [debug] [app] event=scheduler.change status=success routine=license.verify intervalSec=86400
[2026-08-16 02:10:52.522] [info]  [app] event=app.startup status=success message="schedulers registered"
[2026-08-16 02:10:52.523] [info]  [app] event=license.verify status=success state=approved storeId=075575
[2026-08-16 02:10:52.549] [error] [serialport] [serialport] event=serialport.error status=failed reason=port_error boardName=board1 port=COM3 message="Opening COM3: File not found"
[2026-08-16 02:10:52.553] [error] [serialport] [serialport] event=serialport.error status=failed reason=port_error boardName=board1 port=COM3 message="Opening COM3: File not found"
[2026-08-16 02:10:52.556] [debug] [api] [HASTE DevTools Sync] Current window DevTools opened state: false, Target state: false
[2026-08-16 02:10:57.471] [error] [coffee] [coffee] event=coffee.socket status=failed reason=open_timeout transport=ws machineName=WMF model=Lilly_(WMF) ip=192.168.10.138 port=25000
[2026-08-16 02:10:57.475] [error] [coffee] [coffee] event=coffee.socket status=failed reason=connect_failed transport=ws machineName=WMF model=Lilly_(WMF) ip=192.168.10.138 port=25000
[2026-08-16 02:11:12.801] [debug] [coffee] [coffee] event=settings.change status=success machineName=WMF_1 ip=192.168.10.99 port=25000
[2026-08-16 02:11:12.804] [debug] [coffee] [coffee] event=coffee.socket status=started transport=ws machineName=WMF_1 model=Lilly_(WMF) ip=192.168.10.99 port=25000
[2026-08-16 02:11:12.807] [debug] [task] [task] event=scheduler.change status=success routine=FOAMER_RINSING intervalSec=6000 normalizedIntervalSec=6000
[2026-08-16 02:11:12.810] [debug] [task] [task] event=scheduler.change status=success routine=ERROR_CHECK intervalSec=1800 normalizedIntervalSec=1800
[2026-08-16 02:11:12.818] [debug] [task] [task] event=scheduler.change status=success routine=TEMP_CHECK intervalSec=600 normalizedIntervalSec=600
[2026-08-16 02:11:12.824] [info]  [HASTE DB Save] Settings category "inventory" has been updated and saved to SQLite successfully.
[2026-08-16 02:11:12.832] [info]  [HASTE DB Save] Settings category "coffee" has been updated and saved to SQLite successfully.
[2026-08-16 02:11:12.837] [info]  [HASTE DB Save] Settings category "inventory" has been updated and saved to SQLite successfully.
[2026-08-16 02:11:12.841] [info]  [HASTE DB Save] Settings category "cup" has been updated and saved to SQLite successfully.
[2026-08-16 02:11:12.844] [info]  [HASTE DB Save] Settings category "parts" has been updated and saved to SQLite successfully.
[2026-08-16 02:11:12.845] [info]  [serialport] [serialport] event=settings.change status=success scope=all
[2026-08-16 02:11:12.848] [info]  [serialport] [serialport] event=serialport.connect status=started scope=all
[2026-08-16 02:11:12.849] [info]  [serialport] [serialport] event=serialport.connect status=started scope=all
[2026-08-16 02:11:12.854] [info]  [HASTE DB Save] Settings category "serialport" has been updated and saved to SQLite successfully.
[2026-08-16 02:11:12.859] [info]  [HASTE DB Save] Settings category "inventory" has been updated and saved to SQLite successfully.
[2026-08-16 02:11:12.864] [info]  [HASTE DB Save] Settings category "sirubs" has been updated and saved to SQLite successfully.
[2026-08-16 02:11:12.867] [info]  [HASTE DB Save] Settings category "inventory" has been updated and saved to SQLite successfully.
[2026-08-16 02:11:12.871] [info]  [HASTE DB Save] Settings category "water" has been updated and saved to SQLite successfully.
[2026-08-16 02:11:12.873] [info]  [HASTE DB Save] Settings category "unexpected" has been updated and saved to SQLite successfully.
[2026-08-16 02:11:12.874] [debug] [api] [api] event=settings.change status=success port=8080 posStoreNo=075575 deviceModelId=D0000
[2026-08-16 02:11:12.876] [debug] [api] [HASTE Theme Sync] Applied local UI theme: isDark=false
[2026-08-16 02:11:12.881] [info]  [HASTE DB Save] Settings category "information" has been updated and saved to SQLite successfully.
[2026-08-16 02:11:12.886] [info]  [HASTE DB Save] Settings category "inventory" has been updated and saved to SQLite successfully.
[2026-08-16 02:11:12.888] [info]  [HASTE DB Sync] Reloading memory settingsStore from SQLite database...
[2026-08-16 02:11:12.898] [info]  [HASTE DB Load] Loaded settings from SQLite database successfully. StoreName: "김포운양역점", StoreNo: "075575", ThemeMode: "Light", KioskType: "SAMSUNG", isKioskDryRun: "false"
[2026-08-16 02:11:12.899] [debug] [coffee] [coffee] event=settings.change status=success machineName=WMF ip=192.168.10.99 port=25000
[2026-08-16 02:11:12.901] [debug] [coffee] [coffee] event=coffee.socket status=started transport=ws machineName=WMF model=Lilly_(WMF) ip=192.168.10.99 port=25000
[2026-08-16 02:11:12.917] [info]  [HASTE DB Save] Settings category "inventory" has been updated and saved to SQLite successfully.
[2026-08-16 02:11:12.923] [info]  [task] [HASTE Autoload Commit] License auto-activated for: 075575
[2026-08-16 02:11:12.929] [info]   [HASTE Guard] Backup JSON successfully saved under SQLite DB folder: C:\Users\김성규\AppData\Roaming\haste3.0\haste_injected_config_raw.json
[2026-08-16 02:11:12.950] [error] [serialport] [serialport] event=serialport.error status=failed reason=port_error boardName=board1 port=COM6 message="Opening COM6: File not found"
[2026-08-16 02:11:12.954] [error] [serialport] [serialport] event=serialport.error status=failed reason=port_error boardName=board2 port=COM7 message="Opening COM7: File not found"
[2026-08-16 02:11:12.956] [error] [serialport] [serialport] event=serialport.error status=failed reason=port_error boardName=board1 port=COM6 message="Opening COM6: File not found"
[2026-08-16 02:11:12.959] [error] [serialport] [serialport] event=serialport.error status=failed reason=port_error boardName=board2 port=COM7 message="Opening COM7: File not found"
[2026-08-16 02:11:12.961] [debug] [api] [HASTE DevTools Sync] Current window DevTools opened state: false, Target state: false
[2026-08-16 02:11:13.593] [error] [coffee] [coffee] event=coffee.socket status=failed reason=ws_error machineName=WMF model=Lilly_(WMF) ip=192.168.10.138 port=25000 message="connect ETIMEDOUT 192.168.10.138:25000"
[2026-08-16 02:11:13.734] [info]  [task] [HASTE Auto-Backup] Settings auto-backup slot rotation completed successfully.
[2026-08-16 02:11:13.736] [info]  [task] [HASTE Autoload Commit] Successfully committed categories: coffee, cup, parts, serialport, sirubs, water, unexpected, information, inventory
[2026-08-16 02:11:13.752] [info]  [HASTE DB Save] Settings category "information" has been updated and saved to SQLite successfully.
[2026-08-16 02:11:13.755] [info]  [HASTE DB Save] Settings category "information" has been updated and saved to SQLite successfully.
[2026-08-16 02:11:13.758] [info]  [HASTE DB Save] Settings category "information" has been updated and saved to SQLite successfully.