[2026-08-18 13:47:48.440] [info]  ==================================================
[2026-08-18 13:47:48.450] [info]  [HQ Origin] HASTE Cloud designated via --prod launch argument.
[2026-08-18 13:47:48.452] [info]  Targeting endpoint: https://cloud.cafehaste.com
[2026-08-18 13:47:48.454] [info]  ==================================================
[2026-08-18 13:47:48.457] [info]  [2026-08-18 13:47:48.445] [info] [HASTE Agent] [HEALTH] [RUN] () : Checking Lilly Engine API (Attempt: 1/5)
[2026-08-18 13:47:48.460] [info]  [HASTE] [Step 0: HEALTH] [INFO] Starting diagnostics for local hardware and internet connectivity...
[2026-08-18 13:47:48.746] [info]  [2026-08-18 13:47:48.744] [info] [HASTE Agent] [GATEWAY] [RUN] () : Waiting for Client API (Port 8080)
[2026-08-18 13:47:48.756] [info]  [2026-08-18 13:47:48.754] [info] [HASTE Agent] [GATEWAY] [OK] () : Token Synchronized
[2026-08-18 13:47:48.760] [info]  [2026-08-18 13:47:48.755] [info] [HASTE Agent] [GATEWAY] [FAIL] : Tunnel Session Missing (Status Blocked)
[2026-08-18 13:47:48.766] [info]  [2026-08-18 13:47:48.757] [info] [HASTE Agent] [Client -> Cloud] [GATEWAY] [RUN] () : Connecting to Signal Broker (Primary)
[2026-08-18 13:47:49.610] [info]  ==================================================
[2026-08-18 13:47:49.614] [info]  [2026-08-18 13:47:49.609] [info] [HASTE Agent] Security server connection initialized successfully!
[2026-08-18 13:47:49.616] [info]  Bot Tag Name: cafehaste_gateway#1981
[2026-08-18 13:47:49.618] [info]  HASTE Client API Address: http://127.0.0.1:8080
[2026-08-18 13:47:49.620] [info]  ==================================================
[2026-08-18 13:47:49.622] [info]  Listening for remote dashboard control commands...
[2026-08-18 13:47:49.625] [info]  ==================================================
[2026-08-18 13:52:02.130] [info]  ==================================================
[2026-08-18 13:52:02.136] [info]  [HQ Origin] HASTE Cloud designated via --prod launch argument.
[2026-08-18 13:52:02.138] [info]  Targeting endpoint: https://cloud.cafehaste.com
[2026-08-18 13:52:02.141] [info]  ==================================================
[2026-08-18 13:52:02.146] [info]  [2026-08-18 13:52:02.134] [info] [HASTE Agent] [HEALTH] [RUN] () : Checking Lilly Engine API (Attempt: 1/5)
[2026-08-18 13:52:02.150] [info]  [HASTE] [Step 0: HEALTH] [INFO] Starting diagnostics for local hardware and internet connectivity...
[2026-08-18 13:52:02.423] [info]  [2026-08-18 13:52:02.421] [info] [HASTE Agent] [GATEWAY] [RUN] () : Waiting for Client API (Port 8080)
[2026-08-18 13:52:02.437] [info]  [2026-08-18 13:52:02.435] [info] [HASTE Agent] [GATEWAY] [OK] () : Token Synchronized
[2026-08-18 13:52:02.440] [info]  [2026-08-18 13:52:02.437] [info] [HASTE Agent] [GATEWAY] [FAIL] : Tunnel Session Missing (Status Blocked)
[2026-08-18 13:52:02.446] [info]  [2026-08-18 13:52:02.438] [info] [HASTE Agent] [Client -> Cloud] [GATEWAY] [RUN] () : Connecting to Signal Broker (Primary)
[2026-08-18 13:52:03.769] [info]  ==================================================
[2026-08-18 13:52:03.775] [info]  [2026-08-18 13:52:03.768] [info] [HASTE Agent] Security server connection initialized successfully!
[2026-08-18 13:52:03.778] [info]  Bot Tag Name: cafehaste_gateway#1981
[2026-08-18 13:52:03.780] [info]  HASTE Client API Address: http://127.0.0.1:8080
[2026-08-18 13:52:03.782] [info]  ==================================================
[2026-08-18 13:52:03.785] [info]  Listening for remote dashboard control commands...
[2026-08-18 13:52:03.789] [info]  ==================================================