[2026-08-24 19:40:49.124] [info]  [toss] event=catalog.validate status=success total=67 matched=237 unmatched=0
[2026-08-24 20:31:54.087] [info]  [manual] event=order.received status=success source=manual virtual=on mode=test orderId=INSTANT-1787571113752 bill=0000 menuCount=1 mappings=[{"baseCode":"GPH1002","recipeCode":"GPH1002","matchedMenuName":"HOT아메리카노(스페셜)","stepsSummary":"CUP:HOT,_COFFEE:61,_COLD:61,_HOT:280,_NONE:NONE,_NONE:NONE,_NONE:NONE,_NONE:NONE,_NONE:NONE,_NONE:NONE"}] isTestBrew=true
[2026-08-24 20:31:56.214] [info]  [manual] event=order.completed status=success source=manual virtual=on mode=test orderId=INSTANT-1787571113752 bill=0000 menuCount=1
[2026-08-24 20:32:04.425] [info]  [manual] event=order.received status=success source=manual virtual=on mode=test orderId=INSTANT-1787571124417 bill=0000 menuCount=1 mappings=[{"baseCode":"GSH2004","recipeCode":"GSH2004","matchedMenuName":"HOT헤이즐넛라떼(스탠다드)","stepsSummary":"CUP:HOT,_COFFEE:60,_HOT_MILK:240,_SIRUP7:35,_NONE:NONE,_NONE:NONE,_NONE:NONE,_NONE:NONE,_NONE:NONE,_NONE:NONE"}] isTestBrew=true
[2026-08-24 20:32:06.603] [info]  [manual] event=order.completed status=success source=manual virtual=on mode=test orderId=INSTANT-1787571124417 bill=0000 menuCount=1
[2026-08-24 20:32:13.801] [info]  [manual] event=order.received status=success source=manual virtual=on mode=test orderId=INSTANT-1787571133493 bill=0000 menuCount=1 mappings=[{"baseCode":"GSH2004","recipeCode":"GSH2004","matchedMenuName":"HOT헤이즐넛라떼(스탠다드)","stepsSummary":"CUP:HOT,_COFFEE:60,_HOT_MILK:240,_SIRUP7:35,_NONE:NONE,_NONE:NONE,_NONE:NONE,_NONE:NONE,_NONE:NONE,_NONE:NONE"}] isTestBrew=true
[2026-08-24 20:32:15.974] [info]  [manual] event=order.completed status=success source=manual virtual=on mode=test orderId=INSTANT-1787571133493 bill=0000 menuCount=1
[2026-08-24 20:32:50.071] [info]  [manual] event=order.received status=success source=manual virtual=on mode=test orderId=INSTANT-1787571170058 bill=0000 menuCount=1 mappings=[{"baseCode":"GSH2004","recipeCode":"GSH2004","matchedMenuName":"HOT헤이즐넛라떼(스탠다드)","stepsSummary":"CUP:HOT,_COFFEE:60,_HOT_MILK:240,_SIRUP7:35,_NONE:NONE,_NONE:NONE,_NONE:NONE,_NONE:NONE,_NONE:NONE,_NONE:NONE"}] isTestBrew=true
[2026-08-24 20:32:52.290] [info]  [manual] event=order.completed status=success source=manual virtual=on mode=test orderId=INSTANT-1787571170058 bill=0000 menuCount=1
[2026-08-24 20:32:59.509] [info]  [manual] event=order.received status=success source=manual virtual=on mode=test orderId=INSTANT-1787571179190 bill=0000 menuCount=1 mappings=[{"baseCode":"GMI3031","recipeCode":"GMI3031","matchedMenuName":"ICED초코라떼(헤이즐넛)","stepsSummary":"CUP:ICE,_ICE:4000,_COLD_MILK:180,_SIRUP1:60,_SIRUP7:15,_NONE:NONE,_NONE:NONE,_NONE:NONE,_NONE:NONE,_NONE:NONE"}] isTestBrew=true
[2026-08-24 20:33:02.043] [info]  [manual] event=order.completed status=success source=manual virtual=on mode=test orderId=INSTANT-1787571179190 bill=0000 menuCount=1
[2026-08-24 21:44:11.205] [info]  [manual] event=order.received status=success source=manual virtual=on mode=test orderId=INSTANT-1787575450864 bill=0000 menuCount=1 mappings=[{"baseCode":"GSI2004","recipeCode":"GSI2004","matchedMenuName":"ICED헤이즐넛라떼(스탠다드)","stepsSummary":"CUP:ICE,_COFFEE:60,_ICE:4000,_COLD_MILK:140,_SIRUP7:35,_NONE:NONE,_NONE:NONE,_NONE:NONE,_NONE:NONE,_NONE:NONE"}] isTestBrew=true
[2026-08-24 21:44:13.710] [info]  [manual] event=order.completed status=success source=manual virtual=on mode=test orderId=INSTANT-1787575450864 bill=0000 menuCount=1
[2026-08-24 21:44:40.592] [info]  [manual] event=order.received status=success source=manual virtual=on mode=test orderId=INSTANT-1787575480585 bill=0000 menuCount=1 mappings=[{"baseCode":"GSI1001","recipeCode":"GSI1001","matchedMenuName":"ICED아메리카노(스탠다드)(연하게)","stepsSummary":"CUP:ICE,_COFFEE:30,_ICE:4000,_COLD:175,_NONE:NONE,_NONE:NONE,_NONE:NONE,_NONE:NONE,_NONE:NONE,_NONE:NONE"}] isTestBrew=true
[2026-08-24 21:44:42.814] [info]  [manual] event=order.completed status=success source=manual virtual=on mode=test orderId=INSTANT-1787575480585 bill=0000 menuCount=1
[2026-08-24 21:44:57.115] [info]  [manual] event=order.received status=success source=manual virtual=on mode=test orderId=INSTANT-1787575496796 bill=0000 menuCount=1 mappings=[{"baseCode":"GPH1005","recipeCode":"GPH1005","matchedMenuName":"HOT아메리카노(스페셜)(샷추가)","stepsSummary":"CUP:HOT,_COFFEE:91,_COLD:91,_HOT:250,_NONE:NONE,_NONE:NONE,_NONE:NONE,_NONE:NONE,_NONE:NONE,_NONE:NONE"}] isTestBrew=true
[2026-08-24 21:44:59.277] [info]  [manual] event=order.completed status=success source=manual virtual=on mode=test orderId=INSTANT-1787575496796 bill=0000 menuCount=1
[2026-08-24 21:45:12.168] [info]  [manual] event=order.received status=success source=manual virtual=on mode=test orderId=INSTANT-1787575512163 bill=0000 menuCount=1 mappings=[{"baseCode":"GPI1005","recipeCode":"GPI1005","matchedMenuName":"ICED아메리카노(스페셜)(샷추가)","stepsSummary":"CUP:ICE,_COFFEE:91,_ICE:4000,_COLD:91,_NONE:NONE,_NONE:NONE,_NONE:NONE,_NONE:NONE,_NONE:NONE,_NONE:NONE"}] isTestBrew=true
[2026-08-24 21:45:14.347] [info]  [manual] event=order.completed status=success source=manual virtual=on mode=test orderId=INSTANT-1787575512163 bill=0000 menuCount=1
[2026-08-24 21:45:27.724] [info]  [manual] event=order.received status=success source=manual virtual=on mode=test orderId=INSTANT-1787575527410 bill=0000 menuCount=1 mappings=[{"baseCode":"GSH1005","recipeCode":"GSH1005","matchedMenuName":"HOT아메리카노(스탠다드)(샷추가)","stepsSummary":"CUP:HOT,_COFFEE:90,_HOT:250,_NONE:NONE,_NONE:NONE,_NONE:NONE,_NONE:NONE,_NONE:NONE,_NONE:NONE,_NONE:NONE"}] isTestBrew=true
[2026-08-24 21:45:29.521] [info]  [manual] event=order.completed status=success source=manual virtual=on mode=test orderId=INSTANT-1787575527410 bill=0000 menuCount=1
[2026-08-24 21:45:40.988] [info]  [manual] event=order.received status=success source=manual virtual=on mode=test orderId=INSTANT-1787575540979 bill=0000 menuCount=1 mappings=[{"baseCode":"GSI2001","recipeCode":"GSI2001","matchedMenuName":"ICED카페라떼(스탠다드)","stepsSummary":"CUP:ICE,_COFFEE:60,_ICE:4000,_COLD_MILK:160,_NONE:NONE,_NONE:NONE,_NONE:NONE,_NONE:NONE,_NONE:NONE,_NONE:NONE"}] isTestBrew=true
[2026-08-24 21:45:43.181] [info]  [manual] event=order.completed status=success source=manual virtual=on mode=test orderId=INSTANT-1787575540979 bill=0000 menuCount=1
[2026-08-24 21:45:53.022] [info]  [manual] event=order.received status=success source=manual virtual=on mode=test orderId=INSTANT-1787575552701 bill=0000 menuCount=1 mappings=[{"baseCode":"GSI2003","recipeCode":"GSI2003","matchedMenuName":"ICED바닐라라떼(스탠다드)","stepsSummary":"CUP:ICE,_COFFEE:60,_ICE:4000,_COLD_MILK:140,_SIRUP8:35,_NONE:NONE,_NONE:NONE,_NONE:NONE,_NONE:NONE,_NONE:NONE"}] isTestBrew=true
[2026-08-24 21:45:55.587] [info]  [manual] event=order.completed status=success source=manual virtual=on mode=test orderId=INSTANT-1787575552701 bill=0000 menuCount=1
[2026-08-24 21:46:11.336] [info]  [manual] event=order.received status=success source=manual virtual=on mode=test orderId=INSTANT-1787575571331 bill=0000 menuCount=1 mappings=[{"baseCode":"GMI3006","recipeCode":"GMI3006","matchedMenuName":"ICED초코라떼","stepsSummary":"CUP:ICE,_ICE:4000,_COLD_MILK:180,_SIRUP1:60,_NONE:NONE,_NONE:NONE,_NONE:NONE,_NONE:NONE,_NONE:NONE,_NONE:NONE"}] isTestBrew=true
[2026-08-24 21:46:13.508] [info]  [manual] event=order.completed status=success source=manual virtual=on mode=test orderId=INSTANT-1787575571331 bill=0000 menuCount=1
[2026-08-24 21:46:19.120] [info]  [manual] event=order.received status=success source=manual virtual=on mode=test orderId=INSTANT-1787575578797 bill=0000 menuCount=1 mappings=[{"baseCode":"GMI3009","recipeCode":"GMI3009","matchedMenuName":"ICED딸기라떼","stepsSummary":"CUP:ICE,_ICE:4000,_COLD_MILK:180,_SIRUP5:50,_NONE:NONE,_NONE:NONE,_NONE:NONE,_NONE:NONE,_NONE:NONE,_NONE:NONE"}] isTestBrew=true
[2026-08-24 21:46:21.271] [info]  [manual] event=order.completed status=success source=manual virtual=on mode=test orderId=INSTANT-1787575578797 bill=0000 menuCount=1
[2026-08-24 21:46:29.073] [info]  [manual] event=order.received status=success source=manual virtual=on mode=test orderId=INSTANT-1787575589063 bill=0000 menuCount=1 mappings=[{"baseCode":"GSI1003","recipeCode":"GSI1003","matchedMenuName":"ICED아샷추(스탠다드)","stepsSummary":"CUP:ICE,_COFFEE:60,_ICE:4000,_COLD:140,_SIRUP11:50,_SIRUP12:5,_NONE:NONE,_NONE:NONE,_NONE:NONE,_NONE:NONE"}] isTestBrew=true
[2026-08-24 21:46:31.920] [info]  [manual] event=order.completed status=success source=manual virtual=on mode=test orderId=INSTANT-1787575589063 bill=0000 menuCount=1
[2026-08-24 21:46:52.322] [info]  [manual] event=order.received status=success source=manual virtual=on mode=test orderId=INSTANT-1787575612000 bill=0000 menuCount=1 mappings=[{"baseCode":"GSI1001","recipeCode":"GSI1001","matchedMenuName":"ICED아메리카노(스탠다드)(연하게)","stepsSummary":"CUP:ICE,_COFFEE:30,_ICE:4000,_COLD:175,_NONE:NONE,_NONE:NONE,_NONE:NONE,_NONE:NONE,_NONE:NONE,_NONE:NONE"}] isTestBrew=true
[2026-08-24 21:46:54.434] [info]  [manual] event=order.completed status=success source=manual virtual=on mode=test orderId=INSTANT-1787575612000 bill=0000 menuCount=1
[2026-08-24 21:47:04.163] [info]  [manual] event=order.received status=success source=manual virtual=on mode=test orderId=INSTANT-1787575624151 bill=0000 menuCount=1 mappings=[{"baseCode":"GPI2006","recipeCode":"GPI2006","matchedMenuName":"ICED카페모카(스페셜)","stepsSummary":"CUP:ICE,_COFFEE:61,_ICE:4000,_COLD:61,_COLD_MILK:140,_SIRUP1:30,_NONE:NONE,_NONE:NONE,_NONE:NONE,_NONE:NONE"}] isTestBrew=true
[2026-08-24 21:47:07.114] [info]  [manual] event=order.completed status=success source=manual virtual=on mode=test orderId=INSTANT-1787575624151 bill=0000 menuCount=1
[2026-08-24 21:47:15.783] [info]  [manual] event=order.received status=success source=manual virtual=on mode=test orderId=INSTANT-1787575635457 bill=0000 menuCount=1 mappings=[{"baseCode":"GAI4013","recipeCode":"GAI4013","matchedMenuName":"ICED복숭아에이드","stepsSummary":"CUP:ICE,_ICE:4400,_SPARKLE:180,_SIRUP11:50,_NONE:NONE,_NONE:NONE,_NONE:NONE,_NONE:NONE,_NONE:NONE,_NONE:NONE"}] isTestBrew=true
[2026-08-24 21:47:17.949] [info]  [manual] event=order.completed status=success source=manual virtual=on mode=test orderId=INSTANT-1787575635457 bill=0000 menuCount=1
[2026-08-24 21:47:26.379] [info]  [manual] event=order.received status=success source=manual virtual=on mode=test orderId=INSTANT-1787575646371 bill=0000 menuCount=1 mappings=[{"baseCode":"GAI4005","recipeCode":"GAI4005","matchedMenuName":"ICED오미자에이드","stepsSummary":"CUP:ICE,_ICE:4400,_SPARKLE:180,_SIRUP4:60,_NONE:NONE,_NONE:NONE,_NONE:NONE,_NONE:NONE,_NONE:NONE,_NONE:NONE"}] isTestBrew=true
[2026-08-24 21:47:28.591] [info]  [manual] event=order.completed status=success source=manual virtual=on mode=test orderId=INSTANT-1787575646371 bill=0000 menuCount=1
[2026-08-24 21:47:36.587] [info]  [manual] event=order.received status=success source=manual virtual=on mode=test orderId=INSTANT-1787575656239 bill=0000 menuCount=1 mappings=[{"baseCode":"GTI5002","recipeCode":"GTI5002","matchedMenuName":"ICED레몬차","stepsSummary":"CUP:ICE,_ICE:4000,_COLD:160,_SIRUP9:50,_SIRUP8:45,_SIRUP6:10,_NONE:NONE,_NONE:NONE,_NONE:NONE,_NONE:NONE"}] isTestBrew=true
[2026-08-24 21:47:39.466] [info]  [manual] event=order.completed status=success source=manual virtual=on mode=test orderId=INSTANT-1787575656239 bill=0000 menuCount=1
[2026-08-24 21:47:50.969] [info]  [manual] event=order.received status=success source=manual virtual=on mode=test orderId=INSTANT-1787575670963 bill=0000 menuCount=1 mappings=[{"baseCode":"GTI5002","recipeCode":"GTI5002","matchedMenuName":"ICED레몬차","stepsSummary":"CUP:ICE,_ICE:4000,_COLD:160,_SIRUP9:50,_SIRUP8:45,_SIRUP6:10,_NONE:NONE,_NONE:NONE,_NONE:NONE,_NONE:NONE"}] isTestBrew=true
[2026-08-24 21:47:53.818] [info]  [manual] event=order.completed status=success source=manual virtual=on mode=test orderId=INSTANT-1787575670963 bill=0000 menuCount=1
[2026-08-24 21:48:12.066] [info]  [manual] event=order.received status=success source=manual virtual=on mode=test orderId=INSTANT-1787575691744 bill=0000 menuCount=1 mappings=[{"baseCode":"GTI5019","recipeCode":"GTI5019","matchedMenuName":"ICED청포도티","stepsSummary":"CUP:ICE,_ICE:4000,_COLD:160,_SIRUP10:50,_NONE:NONE,_NONE:NONE,_NONE:NONE,_NONE:NONE,_NONE:NONE,_NONE:NONE"}] isTestBrew=true
[2026-08-24 21:48:14.270] [info]  [manual] event=order.completed status=success source=manual virtual=on mode=test orderId=INSTANT-1787575691744 bill=0000 menuCount=1
[2026-08-24 21:48:28.636] [info]  [manual] event=order.received status=success source=manual virtual=on mode=test orderId=INSTANT-1787575708630 bill=0000 menuCount=1 mappings=[{"baseCode":"GTI5002","recipeCode":"GTI5002","matchedMenuName":"ICED레몬차","stepsSummary":"CUP:ICE,_ICE:4000,_COLD:160,_SIRUP9:50,_SIRUP8:45,_SIRUP6:10,_NONE:NONE,_NONE:NONE,_NONE:NONE,_NONE:NONE"}] isTestBrew=true
[2026-08-24 21:48:31.558] [info]  [manual] event=order.completed status=success source=manual virtual=on mode=test orderId=INSTANT-1787575708630 bill=0000 menuCount=1
[2026-08-24 21:50:40.285] [info]  [manual] event=order.received status=success source=manual virtual=on mode=test orderId=INSTANT-1787575839959 bill=0000 menuCount=1 mappings=[{"baseCode":"GTI5002","recipeCode":"GTI5002","matchedMenuName":"ICED레몬차","stepsSummary":"CUP:ICE,_ICE:4000,_COLD:160,_SIRUP9:50,_SIRUP8:45,_SIRUP6:10,_NONE:NONE,_NONE:NONE,_NONE:NONE,_NONE:NONE"}] isTestBrew=true
[2026-08-24 21:50:43.147] [info]  [manual] event=order.completed status=success source=manual virtual=on mode=test orderId=INSTANT-1787575839959 bill=0000 menuCount=1
[2026-08-24 21:50:51.219] [info]  [manual] event=order.received status=success source=manual virtual=on mode=test orderId=INSTANT-1787575851216 bill=0000 menuCount=1 mappings=[{"baseCode":"GTI5003","recipeCode":"GTI5003","matchedMenuName":"ICED자몽차","stepsSummary":"CUP:ICE,_ICE:4000,_COLD:160,_SIRUP6:10,_SIRUP3:50,_NONE:NONE,_NONE:NONE,_NONE:NONE,_NONE:NONE,_NONE:NONE"}] isTestBrew=true
[2026-08-24 21:50:53.689] [info]  [manual] event=order.completed status=success source=manual virtual=on mode=test orderId=INSTANT-1787575851216 bill=0000 menuCount=1
[2026-08-24 21:51:01.066] [info]  [manual] event=order.received status=success source=manual virtual=on mode=test orderId=INSTANT-1787575860742 bill=0000 menuCount=1 mappings=[{"baseCode":"GTI5000","recipeCode":"GTI5000","matchedMenuName":"ICED복숭아티","stepsSummary":"CUP:ICE,_ICE:4000,_COLD:160,_SIRUP11:50,_SIRUP12:10,_NONE:NONE,_NONE:NONE,_NONE:NONE,_NONE:NONE,_NONE:NONE"}] isTestBrew=true
[2026-08-24 21:51:03.567] [info]  [manual] event=order.completed status=success source=manual virtual=on mode=test orderId=INSTANT-1787575860742 bill=0000 menuCount=1
[2026-08-24 21:51:10.069] [info]  [manual] event=order.received status=success source=manual virtual=on mode=test orderId=INSTANT-1787575870063 bill=0000 menuCount=1 mappings=[{"baseCode":"GTI5001","recipeCode":"GTI5001","matchedMenuName":"ICED오미자차","stepsSummary":"CUP:ICE,_ICE:4000,_COLD:160,_SIRUP4:60,_NONE:NONE,_NONE:NONE,_NONE:NONE,_NONE:NONE,_NONE:NONE,_NONE:NONE"}] isTestBrew=true
[2026-08-24 21:51:12.174] [info]  [manual] event=order.completed status=success source=manual virtual=on mode=test orderId=INSTANT-1787575870063 bill=0000 menuCount=1
[2026-08-24 21:51:23.997] [info]  [manual] event=order.received status=success source=manual virtual=on mode=test orderId=INSTANT-1787575883679 bill=0000 menuCount=1 mappings=[{"baseCode":"GTI5019","recipeCode":"GTI5019","matchedMenuName":"ICED청포도티","stepsSummary":"CUP:ICE,_ICE:4000,_COLD:160,_SIRUP10:50,_NONE:NONE,_NONE:NONE,_NONE:NONE,_NONE:NONE,_NONE:NONE,_NONE:NONE"}] isTestBrew=true
[2026-08-24 21:51:26.188] [info]  [manual] event=order.completed status=success source=manual virtual=on mode=test orderId=INSTANT-1787575883679 bill=0000 menuCount=1
[2026-08-24 21:51:32.336] [info]  [manual] event=order.received status=success source=manual virtual=on mode=test orderId=INSTANT-1787575892331 bill=0000 menuCount=1 mappings=[{"baseCode":"GTI5009","recipeCode":"GTI5009","matchedMenuName":"ICED얼그레이티","stepsSummary":"CUP:ICE,_ICE:4000,_COLD:160,_SIRUP12:30,_NONE:NONE,_NONE:NONE,_NONE:NONE,_NONE:NONE,_NONE:NONE,_NONE:NONE"}] isTestBrew=true
[2026-08-24 21:51:34.556] [info]  [manual] event=order.completed status=success source=manual virtual=on mode=test orderId=INSTANT-1787575892331 bill=0000 menuCount=1
[2026-08-24 21:51:44.460] [info]  [manual] event=order.received status=success source=manual virtual=on mode=test orderId=INSTANT-1787575904134 bill=0000 menuCount=1 mappings=[{"baseCode":"GPI1002","recipeCode":"GPI1002","matchedMenuName":"ICED아메리카노(스페셜)","stepsSummary":"CUP:ICE,_COFFEE:61,_ICE:4000,_COLD:61,_NONE:NONE,_NONE:NONE,_NONE:NONE,_NONE:NONE,_NONE:NONE,_NONE:NONE"}] isTestBrew=true
[2026-08-24 21:51:46.604] [info]  [manual] event=order.completed status=success source=manual virtual=on mode=test orderId=INSTANT-1787575904134 bill=0000 menuCount=1
[2026-08-24 21:51:53.621] [info]  [manual] event=order.received status=success source=manual virtual=on mode=test orderId=INSTANT-1787575913616 bill=0000 menuCount=1 mappings=[{"baseCode":"GPI2001","recipeCode":"GPI2001","matchedMenuName":"ICED카페라떼(스페셜)","stepsSummary":"CUP:ICE,_COFFEE:61,_ICE:4000,_COLD:61,_COLD_MILK:180,_NONE:NONE,_NONE:NONE,_NONE:NONE,_NONE:NONE,_NONE:NONE"}] isTestBrew=true
[2026-08-24 21:51:56.060] [info]  [manual] event=order.completed status=success source=manual virtual=on mode=test orderId=INSTANT-1787575913616 bill=0000 menuCount=1
[2026-08-24 21:52:24.490] [info]  [manual] event=order.received status=success source=manual virtual=on mode=test orderId=INSTANT-1787575944176 bill=0000 menuCount=1 mappings=[{"baseCode":"GSI2001","recipeCode":"GSI2001","matchedMenuName":"ICED카페라떼(스탠다드)","stepsSummary":"CUP:ICE,_COFFEE:60,_ICE:4000,_COLD_MILK:160,_NONE:NONE,_NONE:NONE,_NONE:NONE,_NONE:NONE,_NONE:NONE,_NONE:NONE"}] isTestBrew=true
[2026-08-24 21:52:26.752] [info]  [manual] event=order.completed status=success source=manual virtual=on mode=test orderId=INSTANT-1787575944176 bill=0000 menuCount=1
[2026-08-24 21:53:14.721] [info]  [manual] event=order.received status=success source=manual virtual=on mode=test orderId=INSTANT-1787575994712 bill=0000 menuCount=1 mappings=[{"baseCode":"GSH2001","recipeCode":"GSH2001","matchedMenuName":"HOT카페라떼(스탠다드)","stepsSummary":"CUP:HOT,_COFFEE:60,_HOT_MILK:260,_NONE:NONE,_NONE:NONE,_NONE:NONE,_NONE:NONE,_NONE:NONE,_NONE:NONE,_NONE:NONE"}] isTestBrew=true
[2026-08-24 21:53:16.537] [info]  [manual] event=order.completed status=success source=manual virtual=on mode=test orderId=INSTANT-1787575994712 bill=0000 menuCount=1
[2026-08-24 21:53:25.357] [info]  [manual] event=order.received status=success source=manual virtual=on mode=test orderId=INSTANT-1787576005038 bill=0000 menuCount=1 mappings=[{"baseCode":"GSI2001","recipeCode":"GSI2001","matchedMenuName":"ICED카페라떼(스탠다드)","stepsSummary":"CUP:ICE,_COFFEE:60,_ICE:4000,_COLD_MILK:160,_NONE:NONE,_NONE:NONE,_NONE:NONE,_NONE:NONE,_NONE:NONE,_NONE:NONE"}] isTestBrew=true
[2026-08-24 21:53:27.446] [info]  [manual] event=order.completed status=success source=manual virtual=on mode=test orderId=INSTANT-1787576005038 bill=0000 menuCount=1
[2026-08-24 21:54:10.775] [info]  [manual] event=order.received status=success source=manual virtual=on mode=test orderId=INSTANT-1787576050766 bill=0000 menuCount=1 mappings=[{"baseCode":"GSI2003","recipeCode":"GSI2003","matchedMenuName":"ICED바닐라라떼(스탠다드)","stepsSummary":"CUP:ICE,_COFFEE:60,_ICE:4000,_COLD_MILK:140,_SIRUP8:35,_NONE:NONE,_NONE:NONE,_NONE:NONE,_NONE:NONE,_NONE:NONE"}] isTestBrew=true
[2026-08-24 21:54:13.320] [info]  [manual] event=order.completed status=success source=manual virtual=on mode=test orderId=INSTANT-1787576050766 bill=0000 menuCount=1
[2026-08-24 21:54:24.512] [info]  [manual] event=order.received status=success source=manual virtual=on mode=test orderId=INSTANT-1787576064183 bill=0000 menuCount=1 mappings=[{"baseCode":"GSI2004","recipeCode":"GSI2004","matchedMenuName":"ICED헤이즐넛라떼(스탠다드)","stepsSummary":"CUP:ICE,_COFFEE:60,_ICE:4000,_COLD_MILK:140,_SIRUP7:35,_NONE:NONE,_NONE:NONE,_NONE:NONE,_NONE:NONE,_NONE:NONE"}] isTestBrew=true
[2026-08-24 21:54:27.044] [info]  [manual] event=order.completed status=success source=manual virtual=on mode=test orderId=INSTANT-1787576064183 bill=0000 menuCount=1
[2026-08-24 21:54:40.023] [info]  [manual] event=order.received status=success source=manual virtual=on mode=test orderId=INSTANT-1787576080016 bill=0000 menuCount=1 mappings=[{"baseCode":"GSI2000","recipeCode":"GSI2000","matchedMenuName":"ICED카페라떼(스탠다드)(연하게)","stepsSummary":"CUP:ICE,_COFFEE:30,_ICE:4000,_COLD_MILK:160,_NONE:NONE,_NONE:NONE,_NONE:NONE,_NONE:NONE,_NONE:NONE,_NONE:NONE"}] isTestBrew=true
[2026-08-24 21:54:42.195] [info]  [manual] event=order.completed status=success source=manual virtual=on mode=test orderId=INSTANT-1787576080016 bill=0000 menuCount=1
[2026-08-24 21:54:49.717] [info]  [manual] event=order.received status=success source=manual virtual=on mode=test orderId=INSTANT-1787576089392 bill=0000 menuCount=1 mappings=[{"baseCode":"GSI2006","recipeCode":"GSI2006","matchedMenuName":"ICED카페모카(스탠다드)","stepsSummary":"CUP:ICE,_COFFEE:60,_ICE:4000,_COLD_MILK:140,_SIRUP1:30,_NONE:NONE,_NONE:NONE,_NONE:NONE,_NONE:NONE,_NONE:NONE"}] isTestBrew=true
[2026-08-24 21:54:52.222] [info]  [manual] event=order.completed status=success source=manual virtual=on mode=test orderId=INSTANT-1787576089392 bill=0000 menuCount=1
[2026-08-24 21:55:02.303] [info]  [manual] event=order.received status=success source=manual virtual=on mode=test orderId=INSTANT-1787576102294 bill=0000 menuCount=1 mappings=[{"baseCode":"GSI1003","recipeCode":"GSI1003","matchedMenuName":"ICED아샷추(스탠다드)","stepsSummary":"CUP:ICE,_COFFEE:60,_ICE:4000,_COLD:140,_SIRUP11:50,_SIRUP12:5,_NONE:NONE,_NONE:NONE,_NONE:NONE,_NONE:NONE"}] isTestBrew=true
[2026-08-24 21:55:05.203] [info]  [manual] event=order.completed status=success source=manual virtual=on mode=test orderId=INSTANT-1787576102294 bill=0000 menuCount=1
[2026-08-24 21:55:16.802] [info]  [manual] event=order.received status=success source=manual virtual=on mode=test orderId=INSTANT-1787576116486 bill=0000 menuCount=1 mappings=[{"baseCode":"GSI1002","recipeCode":"GSI1002","matchedMenuName":"ICED아메리카노(스탠다드)","stepsSummary":"CUP:ICE,_COFFEE:60,_ICE:4000,_COLD:145,_NONE:NONE,_NONE:NONE,_NONE:NONE,_NONE:NONE,_NONE:NONE,_NONE:NONE"}] isTestBrew=true
[2026-08-24 21:55:18.997] [info]  [manual] event=order.completed status=success source=manual virtual=on mode=test orderId=INSTANT-1787576116486 bill=0000 menuCount=1
[2026-08-24 21:58:02.912] [info]  [manual] event=order.received status=success source=manual virtual=on mode=test orderId=INSTANT-1787576282595 bill=0000 menuCount=1 mappings=[{"baseCode":"GSI1001","recipeCode":"GSI1001","matchedMenuName":"ICED아메리카노(스탠다드)(연하게)","stepsSummary":"CUP:ICE,_COFFEE:30,_ICE:4000,_COLD:175,_NONE:NONE,_NONE:NONE,_NONE:NONE,_NONE:NONE,_NONE:NONE,_NONE:NONE"}] isTestBrew=true
[2026-08-24 21:58:05.069] [info]  [manual] event=order.completed status=success source=manual virtual=on mode=test orderId=INSTANT-1787576282595 bill=0000 menuCount=1
[2026-08-24 22:00:34.472] [info]  [manual] event=order.received status=success source=manual virtual=on mode=test orderId=INSTANT-1787576434118 bill=0000 menuCount=1 mappings=[{"baseCode":"GSI2001","recipeCode":"GSI2001","matchedMenuName":"ICED카페라떼(스탠다드)","stepsSummary":"CUP:ICE,_COFFEE:60,_ICE:4000,_COLD_MILK:160,_NONE:NONE,_NONE:NONE,_NONE:NONE,_NONE:NONE,_NONE:NONE,_NONE:NONE"}] isTestBrew=true
[2026-08-24 22:00:36.896] [info]  [manual] event=order.completed status=success source=manual virtual=on mode=test orderId=INSTANT-1787576434118 bill=0000 menuCount=1