[2026-08-16 11:08:27.525] [info]  [HASTE DB Load] Loaded settings from SQLite database successfully. StoreName: "미인증", StoreNo: "미인증", ThemeMode: "Light", KioskType: "SAMSUNG", isKioskDryRun: "false"
[2026-08-16 11:08:28.475] [info]  [app] event=app.startup status=started appVersion=3.1.1-t1 packaged=true
[2026-08-16 11:08:28.482] [info]  [HASTE Setup] Unactivated device detected. Launching Setup Wizard Window only (skipping main subscriptions and schedulers).
[2026-08-16 11:08:47.708] [info]  [HASTE DB Save] Settings category "information" has been updated and saved to SQLite successfully.
[2026-08-16 11:08:47.734] [info]  [HASTE DB Save] Settings category "information" has been updated and saved to SQLite successfully.
[2026-08-16 11:08:47.739] [info]  [HASTE DB Save] Settings category "information" has been updated and saved to SQLite successfully.
[2026-08-16 11:08:47.741] [info]  [HASTE DB Save] Settings category "information" has been updated and saved to SQLite successfully.
[2026-08-16 11:08:47.825] [info]  [HASTE Toss Sync] Manual Toss menu & recipe sync triggered via GUI.
[2026-08-16 11:08:47.826] [error] [HASTE Toss Sync] Standard map JSON not found at: C:\Users\CoffeeVanada\AppData\Roaming\Lilly\haste_toss_code_map.json
[2026-08-16 11:08:47.827] [info]  [task] [HASTE Standard Import] Successfully imported 656 Google Sheets standard recipes.
[2026-08-16 11:08:47.833] [error] [task] [HASTE Single Correct Error] 해당 상품 번호의 메뉴를 찾을 수 없습니다.
[2026-08-16 11:08:47.835] [error] [Client] [POS_SYNC] [IMPORT_FAIL] : 가져올 키오스크 상품 번호가 전달되지 않았습니다.
[2026-08-16 11:08:47.869] [info]  [HASTE DB Save] Settings category "information" has been updated and saved to SQLite successfully.
[2026-08-16 11:10:04.678] [info]  [HASTE DB Save] Settings category "coffee" has been updated and saved to SQLite successfully.
[2026-08-16 11:10:04.682] [info]  [HASTE DB Save] Settings category "cup" has been updated and saved to SQLite successfully.
[2026-08-16 11:10:04.684] [info]  [HASTE DB Save] Settings category "parts" has been updated and saved to SQLite successfully.
[2026-08-16 11:10:04.687] [info]  [HASTE DB Save] Settings category "serialport" has been updated and saved to SQLite successfully.
[2026-08-16 11:10:04.689] [info]  [HASTE DB Save] Settings category "sirubs" has been updated and saved to SQLite successfully.
[2026-08-16 11:10:04.692] [info]  [HASTE DB Save] Settings category "water" has been updated and saved to SQLite successfully.
[2026-08-16 11:10:04.694] [info]  [HASTE DB Save] Settings category "unexpected" has been updated and saved to SQLite successfully.
[2026-08-16 11:10:04.697] [info]  [HASTE DB Save] Settings category "information" has been updated and saved to SQLite successfully.
[2026-08-16 11:10:04.699] [info]  [HASTE DB Save] Settings category "inventory" has been updated and saved to SQLite successfully.
[2026-08-16 11:10:04.701] [info]  [HASTE DB Sync] Reloading memory settingsStore from SQLite database...
[2026-08-16 11:10:04.710] [info]  [HASTE DB Load] Loaded settings from SQLite database successfully. StoreName: "김포운양역점", StoreNo: "075575", ThemeMode: "Light", KioskType: "SAMSUNG", isKioskDryRun: "false"
[2026-08-16 11:10:04.718] [info]  [task] [HASTE Autoload Commit] License auto-activated for: 075575
[2026-08-16 11:10:04.727] [info]   [HASTE Guard] Backup JSON successfully saved under SQLite DB folder: C:\Users\CoffeeVanada\AppData\Roaming\haste3.0\haste_injected_config_raw.json
[2026-08-16 11:10:05.898] [info]  [task] [HASTE Auto-Backup] Settings auto-backup slot rotation completed successfully.
[2026-08-16 11:10:05.900] [info]  [task] [HASTE Autoload Commit] Successfully committed categories: coffee, cup, parts, serialport, sirubs, water, unexpected, information, inventory
[2026-08-16 11:10:05.941] [info]  [HASTE DB Save] Settings category "information" has been updated and saved to SQLite successfully.
[2026-08-16 11:10:05.945] [info]  [HASTE DB Save] Settings category "information" has been updated and saved to SQLite successfully.
[2026-08-16 11:10:05.949] [info]  [HASTE DB Save] Settings category "information" has been updated and saved to SQLite successfully.
[2026-08-16 11:10:05.998] [info]  [HASTE Toss Sync] Manual Toss menu & recipe sync triggered via GUI.
[2026-08-16 11:10:05.999] [error] [HASTE Toss Sync] Standard map JSON not found at: C:\Users\CoffeeVanada\AppData\Roaming\Lilly\haste_toss_code_map.json
[2026-08-16 11:10:06.000] [info]  [task] [HASTE Standard Import] Successfully imported 656 Google Sheets standard recipes.
[2026-08-16 11:10:06.002] [error] [task] [HASTE Single Correct Error] 해당 상품 번호의 메뉴를 찾을 수 없습니다.
[2026-08-16 11:10:06.004] [error] [Client] [POS_SYNC] [IMPORT_FAIL] : 가져올 키오스크 상품 번호가 전달되지 않았습니다.
[2026-08-16 11:10:06.051] [info]  [HASTE DB Save] Settings category "information" has been updated and saved to SQLite successfully.
[2026-08-16 11:10:41.081] [info]  [HASTE Shutdown] Releasing all serial ports...
[2026-08-16 11:10:41.082] [info]  [app] event=app.shutdown status=started
[2026-08-16 11:10:45.958] [info]  [HASTE DB Load] Loaded settings from SQLite database successfully. StoreName: "김포운양역점", StoreNo: "075575", ThemeMode: "Light", KioskType: "SAMSUNG", isKioskDryRun: "false"
[2026-08-16 11:10:46.373] [info]  [app] event=app.startup status=started appVersion=3.1.1-t1 packaged=true
[2026-08-16 11:10:46.476] [info]  [app] event=app.window status=success
[2026-08-16 11:10:46.502] [info]  [app] event=app.tray status=success
[2026-08-16 11:10:46.503] [info]  [app] event=updater.check status=ignored reason=store_managed_distribution
[2026-08-16 11:10:46.506] [info]  [app] event=app.ipc status=success
[2026-08-16 11:10:46.508] [info]  [app] event=task.start status=success
[2026-08-16 11:10:46.510] [debug] [api] [api] event=settings.change status=success port=8080 posStoreNo=075575 deviceModelId=D0000
[2026-08-16 11:10:46.514] [info]  [api] [HASTE] Found SSL Certificates at: C:\Users\CoffeeVanada\AppData\Local\Programs\cafehaste-client\resources\resources
[2026-08-16 11:10:46.540] [info]  [api] [HASTE] Started HTTP Hono Server on port 8080 (Samsung Kiosk Mode).
[2026-08-16 11:10:46.546] [info]  [api] [HASTE] Started HTTPS Hono Server on port 8443 (Toss Kiosk Mode).
[2026-08-16 11:10:46.547] [debug] [api] [api] event=api.server status=success port=8080 host=0.0.0.0
[2026-08-16 11:10:46.548] [info]  [serialport] [serialport] event=serialport.connect status=started scope=all
[2026-08-16 11:10:46.550] [debug] [coffee] [coffee] event=settings.change status=success field=thirdpartyType value=Lilly_(WMF)
[2026-08-16 11:10:46.553] [debug] [coffee] [coffee] event=coffee.socket status=started transport=ws machineName=WMF model=Lilly_(WMF) ip=192.168.10.99 port=25000
[2026-08-16 11:10:46.561] [debug] [coffee] [coffee] event=temperature.change status=success
[2026-08-16 11:10:46.562] [debug] [api] [api] event=did.callback status=ignored reason=local_did_not_open screen=temperature
[2026-08-16 11:10:46.570] [info]  [HASTE DB Save] Settings category "inventory" has been updated and saved to SQLite successfully.
[2026-08-16 11:10:46.572] [info]  [HASTE DB Save] Settings category "inventory" has been updated and saved to SQLite successfully.
[2026-08-16 11:10:46.573] [info]  [serialport] [serialport] event=serialport.connect status=started scope=all
[2026-08-16 11:10:46.578] [info]  [HASTE DB Save] Settings category "inventory" has been updated and saved to SQLite successfully.
[2026-08-16 11:10:46.580] [info]  [HASTE DB Save] Settings category "inventory" has been updated and saved to SQLite successfully.
[2026-08-16 11:10:46.581] [debug] [api] [HASTE Theme Sync] Applied local UI theme: isDark=false
[2026-08-16 11:10:46.582] [debug] [api] [api] event=did.callback status=started target=local screen=/ reason=local_api_down
[2026-08-16 11:10:46.585] [info]  [app] event=app.startup status=success message="subscriptions registered"
[2026-08-16 11:10:46.585] [debug] [task] [task] event=scheduler.change status=success routine=FOAMER_RINSING intervalSec=6000 normalizedIntervalSec=6000
[2026-08-16 11:10:46.588] [debug] [task] [task] event=scheduler.change status=success routine=WARM_RINSING intervalSec=0 normalizedIntervalSec=0
[2026-08-16 11:10:46.589] [debug] [task] [task] event=scheduler.change status=success routine=MIXER_RINSING intervalSec=0 normalizedIntervalSec=0
[2026-08-16 11:10:46.590] [debug] [task] [task] event=scheduler.change status=success routine=ERROR_CHECK intervalSec=1800 normalizedIntervalSec=1800
[2026-08-16 11:10:46.591] [debug] [task] [task] event=scheduler.change status=success routine=ICE_MAKER intervalSec=1800 normalizedIntervalSec=1800
[2026-08-16 11:10:46.592] [debug] [task] [task] event=scheduler.change status=success routine=TEMP_CHECK intervalSec=600 normalizedIntervalSec=600
[2026-08-16 11:10:46.593] [debug] [app] event=scheduler.change status=success routine=license.verify intervalSec=86400
[2026-08-16 11:10:46.594] [info]  [app] event=app.startup status=success message="schedulers registered"
[2026-08-16 11:10:46.595] [info]  [app] event=license.verify status=success state=approved storeId=075575
[2026-08-16 11:10:46.700] [debug] [api] [HASTE DevTools Sync] Current window DevTools opened state: false, Target state: false
[2026-08-16 11:10:46.749] [debug] [coffee] [coffee] event=coffee.socket status=success transport=ws machineName=WMF action=connected
[2026-08-16 11:10:46.753] [error] [serialport] [serialport] event=serialport.error status=failed reason=port_error boardName=board1 port=COM6 message="Opening COM6: Access denied"
[2026-08-16 11:10:46.754] [error] [serialport] [serialport] event=serialport.error status=failed reason=port_error boardName=board2 port=COM7 message="Opening COM7: Access denied"
[2026-08-16 11:10:46.766] [debug] [coffee] [coffee] event=hardware.response status=success machineName=Lilly_(WMF) command=getApiVersion returnvalue=40501
[2026-08-16 11:10:47.131] [debug] [serialport] [serialport] event=serialport.connect status=success boardName=board1 port=COM6
[2026-08-16 11:10:47.222] [debug] [api] [api] event=did.callback status=started target=local screen=main
[2026-08-16 11:10:47.223] [debug] [serialport] [serialport] event=serialport.connect status=success boardName=board2 port=COM7
[2026-08-16 11:10:47.270] [debug] [coffee] [coffee] event=hardware.response status=success machineName=Lilly_(WMF) command=getDiagnosticData returnvalue=0
[2026-08-16 11:10:47.271] [debug] [coffee] [coffee] event=temperature.change status=success value=96
[2026-08-16 11:10:47.272] [debug] [api] [api] event=did.callback status=ignored reason=local_did_not_open screen=temperature
[2026-08-16 11:10:47.302] [debug] [serialport] [serialport] event=serialport.packet status=success boardName=board1 length=24 message="bytearray(b'\\x020A1DCP0201A00101A10344\\x03')"
[2026-08-16 11:10:48.514] [debug] [coffee] [coffee] event=hardware.response status=success machineName=Lilly_(WMF) command=getMachineInfo returnvalue=0
[2026-08-16 11:11:08.886] [info]  [HASTE Toss Sync] Manual Toss menu & recipe sync triggered via GUI.
[2026-08-16 11:11:08.887] [error] [HASTE Toss Sync] Standard map JSON not found at: C:\Users\CoffeeVanada\AppData\Roaming\Lilly\haste_toss_code_map.json
[2026-08-16 11:11:08.891] [info]  [task] [HASTE Standard Import] Successfully imported 656 Google Sheets standard recipes.
[2026-08-16 11:11:09.116] [info]  [HASTE DB Save] Settings category "information" has been updated and saved to SQLite successfully.
[2026-08-16 11:11:09.119] [info]  [HASTE DB Save] Settings category "information" has been updated and saved to SQLite successfully.
[2026-08-16 11:11:09.121] [info]  [HASTE DB Save] Settings category "information" has been updated and saved to SQLite successfully.
[2026-08-16 11:11:09.216] [info]  [HASTE Toss Sync] Manual Toss menu & recipe sync triggered via GUI.
[2026-08-16 11:11:09.217] [error] [HASTE Toss Sync] Standard map JSON not found at: C:\Users\CoffeeVanada\AppData\Roaming\Lilly\haste_toss_code_map.json
[2026-08-16 11:11:09.218] [info]  [task] [HASTE Standard Import] Successfully imported 656 Google Sheets standard recipes.
[2026-08-16 11:11:09.220] [error] [task] [HASTE Single Correct Error] 해당 상품 번호의 메뉴를 찾을 수 없습니다.
[2026-08-16 11:11:09.221] [error] [Client] [POS_SYNC] [IMPORT_FAIL] : 가져올 키오스크 상품 번호가 전달되지 않았습니다.
[2026-08-16 11:11:09.476] [info]  [HASTE DB Save] Settings category "information" has been updated and saved to SQLite successfully.
[2026-08-16 11:16:55.915] [info]  [HASTE Shutdown] Releasing all serial ports...
[2026-08-16 11:16:55.916] [info]  [app] event=app.shutdown status=started
[2026-08-16 11:17:03.037] [info]  [HASTE DB Load] Loaded settings from SQLite database successfully. StoreName: "김포운양역점", StoreNo: "075575", ThemeMode: "Light", KioskType: "SAMSUNG", isKioskDryRun: "false"
[2026-08-16 11:17:03.420] [info]  [app] event=app.startup status=started appVersion=3.1.1-t1 packaged=true
[2026-08-16 11:17:03.485] [info]  [app] event=app.window status=success
[2026-08-16 11:17:03.511] [info]  [app] event=app.tray status=success
[2026-08-16 11:17:03.511] [info]  [app] event=updater.check status=ignored reason=store_managed_distribution
[2026-08-16 11:17:03.515] [info]  [app] event=app.ipc status=success
[2026-08-16 11:17:03.517] [info]  [app] event=task.start status=success
[2026-08-16 11:17:03.519] [debug] [api] [api] event=settings.change status=success port=8080 posStoreNo=075575 deviceModelId=D0000
[2026-08-16 11:17:03.522] [info]  [api] [HASTE] Found SSL Certificates at: C:\Users\CoffeeVanada\AppData\Local\Programs\cafehaste-client\resources\resources
[2026-08-16 11:17:03.604] [info]  [api] [HASTE] Started HTTP Hono Server on port 8080 (Samsung Kiosk Mode).
[2026-08-16 11:17:03.609] [info]  [api] [HASTE] Started HTTPS Hono Server on port 8443 (Toss Kiosk Mode).
[2026-08-16 11:17:03.611] [debug] [api] [api] event=api.server status=success port=8080 host=0.0.0.0
[2026-08-16 11:17:03.612] [info]  [serialport] [serialport] event=serialport.connect status=started scope=all
[2026-08-16 11:17:03.614] [debug] [coffee] [coffee] event=settings.change status=success field=thirdpartyType value=Lilly_(WMF)
[2026-08-16 11:17:03.616] [debug] [coffee] [coffee] event=coffee.socket status=started transport=ws machineName=WMF model=Lilly_(WMF) ip=192.168.10.99 port=25000
[2026-08-16 11:17:03.623] [debug] [coffee] [coffee] event=temperature.change status=success
[2026-08-16 11:17:03.624] [debug] [api] [api] event=did.callback status=ignored reason=local_did_not_open screen=temperature
[2026-08-16 11:17:03.628] [info]  [HASTE DB Save] Settings category "inventory" has been updated and saved to SQLite successfully.
[2026-08-16 11:17:03.631] [info]  [HASTE DB Save] Settings category "inventory" has been updated and saved to SQLite successfully.
[2026-08-16 11:17:03.632] [info]  [serialport] [serialport] event=serialport.connect status=started scope=all
[2026-08-16 11:17:03.634] [info]  [HASTE DB Save] Settings category "inventory" has been updated and saved to SQLite successfully.
[2026-08-16 11:17:03.638] [info]  [HASTE DB Save] Settings category "inventory" has been updated and saved to SQLite successfully.
[2026-08-16 11:17:03.639] [debug] [api] [HASTE Theme Sync] Applied local UI theme: isDark=false
[2026-08-16 11:17:03.641] [debug] [api] [api] event=did.callback status=started target=local screen=/ reason=local_api_down
[2026-08-16 11:17:03.643] [info]  [app] event=app.startup status=success message="subscriptions registered"
[2026-08-16 11:17:03.644] [debug] [task] [task] event=scheduler.change status=success routine=FOAMER_RINSING intervalSec=6000 normalizedIntervalSec=6000
[2026-08-16 11:17:03.646] [debug] [task] [task] event=scheduler.change status=success routine=WARM_RINSING intervalSec=0 normalizedIntervalSec=0
[2026-08-16 11:17:03.647] [debug] [task] [task] event=scheduler.change status=success routine=MIXER_RINSING intervalSec=0 normalizedIntervalSec=0
[2026-08-16 11:17:03.648] [debug] [task] [task] event=scheduler.change status=success routine=ERROR_CHECK intervalSec=1800 normalizedIntervalSec=1800
[2026-08-16 11:17:03.649] [debug] [task] [task] event=scheduler.change status=success routine=ICE_MAKER intervalSec=1800 normalizedIntervalSec=1800
[2026-08-16 11:17:03.651] [debug] [task] [task] event=scheduler.change status=success routine=TEMP_CHECK intervalSec=600 normalizedIntervalSec=600
[2026-08-16 11:17:03.652] [debug] [app] event=scheduler.change status=success routine=license.verify intervalSec=86400
[2026-08-16 11:17:03.652] [info]  [app] event=app.startup status=success message="schedulers registered"
[2026-08-16 11:17:03.653] [info]  [app] event=license.verify status=success state=approved storeId=075575
[2026-08-16 11:17:03.714] [error] [serialport] [serialport] event=serialport.error status=failed reason=port_error boardName=board1 port=COM6 message="Opening COM6: Access denied"
[2026-08-16 11:17:03.716] [error] [serialport] [serialport] event=serialport.error status=failed reason=port_error boardName=board2 port=COM7 message="Opening COM7: Access denied"
[2026-08-16 11:17:03.717] [debug] [api] [HASTE DevTools Sync] Current window DevTools opened state: false, Target state: false
[2026-08-16 11:17:03.724] [debug] [coffee] [coffee] event=coffee.socket status=success transport=ws machineName=WMF action=connected
[2026-08-16 11:17:03.737] [debug] [coffee] [coffee] event=hardware.response status=success machineName=Lilly_(WMF) command=getApiVersion returnvalue=40501
[2026-08-16 11:17:04.238] [debug] [serialport] [serialport] event=serialport.connect status=success boardName=board1 port=COM6
[2026-08-16 11:17:04.240] [debug] [api] [api] event=did.callback status=started target=local screen=main
[2026-08-16 11:17:04.241] [debug] [serialport] [serialport] event=serialport.connect status=success boardName=board2 port=COM7
[2026-08-16 11:17:04.278] [debug] [coffee] [coffee] event=hardware.response status=success machineName=Lilly_(WMF) command=getDiagnosticData returnvalue=0
[2026-08-16 11:17:04.278] [debug] [coffee] [coffee] event=temperature.change status=success value=96
[2026-08-16 11:17:04.279] [debug] [api] [api] event=did.callback status=ignored reason=local_did_not_open screen=temperature
[2026-08-16 11:17:04.325] [debug] [serialport] [serialport] event=serialport.packet status=success boardName=board1 length=24 message="bytearray(b'\\x020A1DCP0201A00101A10344\\x03')"
[2026-08-16 11:17:04.626] [debug] [serialport] [serialport] event=serialport.packet status=success boardName=board1 length=24 message="bytearray(b'\\x020A1DPC0200A00101A00342\\x03')"
[2026-08-16 11:17:04.628] [debug] [serialport] [serialport] event=serialport.packet.parse status=success boardName=board1 message="{\"isValidStx\":true,\"isValidEtx\":true,\"isValidDst\":true,\"isValidSrc\":true,\"isValidLength\":true,\"fnc\":\"1\",\"act\":\"D\",\"data\":{\"0\":48,\"1\":50,\"2\":48,\"3\":48,\"4\":65,\"5\":48,\"6\":48,\"7\":49,\"8\":48,\"9\":49,\"10\":65,\"11\":48,\"12\":48,\"13\":51,\"14\":52},\"values\":[\"02\",\"00\",\"A0\",\"01\",\"01\",\"A0\",\"03\"],\"part\":{},\"isValidChecksum\":true}"
[2026-08-16 11:17:05.450] [debug] [coffee] [coffee] event=hardware.response status=success machineName=Lilly_(WMF) command=getMachineInfo returnvalue=0
[2026-08-16 11:17:16.212] [warn]  [HASTE DB Reset] Settings initialization triggered. Dropping settings table...
[2026-08-16 11:17:16.215] [info]  [HASTE DB Reset] Creating fresh settings table...
[2026-08-16 11:17:16.217] [info]  [HASTE DB Reset] Inserting defaults settings values...
[2026-08-16 11:17:16.279] [info]  [HASTE DB Load] Loaded settings from SQLite database successfully. StoreName: "미인증", StoreNo: "미인증", ThemeMode: "Light", KioskType: "SAMSUNG", isKioskDryRun: "false"
[2026-08-16 11:17:16.279] [debug] [api] [api] event=settings.change status=success port=8080 deviceModelId=D0000
[2026-08-16 11:17:16.283] [debug] [api] [HASTE Theme Sync] Applied local UI theme: isDark=false
[2026-08-16 11:17:16.284] [info]  [serialport] [serialport] event=settings.change status=success scope=all
[2026-08-16 11:17:16.284] [info]  [serialport] [serialport] event=serialport.connect status=started scope=all
[2026-08-16 11:17:16.286] [info]  [serialport] [serialport] event=serialport.connect status=started scope=all
[2026-08-16 11:17:16.287] [debug] [coffee] [coffee] event=settings.change status=success machineName=WMF ip=192.168.10.138 port=25000
[2026-08-16 11:17:16.290] [debug] [api] [api] event=did.callback status=started target=local screen=/ reason=coffee_machine_down
[2026-08-16 11:17:16.291] [debug] [coffee] [coffee] event=coffee.socket status=started transport=ws machineName=WMF model=Lilly_(WMF) ip=192.168.10.138 port=25000
[2026-08-16 11:17:16.293] [debug] [task] [task] event=scheduler.change status=success routine=FOAMER_RINSING intervalSec=1800 normalizedIntervalSec=1800
[2026-08-16 11:17:16.295] [debug] [task] [task] event=scheduler.change status=success routine=ERROR_CHECK intervalSec=600 normalizedIntervalSec=600
[2026-08-16 11:17:16.296] [debug] [task] [task] event=scheduler.change status=success routine=TEMP_CHECK intervalSec=60 normalizedIntervalSec=60
[2026-08-16 11:17:16.302] [info]  [HASTE DB Save] Settings category "inventory" has been updated and saved to SQLite successfully.
[2026-08-16 11:17:16.304] [info]  [HASTE DB Save] Settings category "inventory" has been updated and saved to SQLite successfully.
[2026-08-16 11:17:16.306] [info]  [HASTE DB Save] Settings category "inventory" has been updated and saved to SQLite successfully.
[2026-08-16 11:17:16.307] [info]  [HASTE DB Save] Settings category "inventory" has been updated and saved to SQLite successfully.
[2026-08-16 11:17:16.308] [info]  [HASTE DB Reset] Settings store reset completed successfully.
[2026-08-16 11:17:16.309] [info]  [HASTE DB Sync] Reloading memory settingsStore from SQLite database...
[2026-08-16 11:17:16.313] [info]  [HASTE DB Load] Loaded settings from SQLite database successfully. StoreName: "미인증", StoreNo: "미인증", ThemeMode: "Light", KioskType: "SAMSUNG", isKioskDryRun: "false"
[2026-08-16 11:17:16.314] [debug] [api] [HASTE Theme Sync] Applied local UI theme: isDark=false
[2026-08-16 11:17:16.316] [info]  [task] [HASTE DB Reset] Settings store reset completed successfully.
[2026-08-16 11:17:16.323] [debug] [coffee] [coffee] event=coffee.socket status=success transport=ws machineName=WMF action=closed
[2026-08-16 11:17:16.338] [debug] [api] [HASTE DevTools Sync] Current window DevTools opened state: false, Target state: false
[2026-08-16 11:17:16.370] [debug] [api] [HASTE DevTools Sync] Current window DevTools opened state: false, Target state: false
[2026-08-16 11:17:16.553] [debug] [serialport] [serialport] event=serialport.connect status=success boardName=board1 port=COM3
[2026-08-16 11:17:16.574] [debug] [serialport] [serialport] event=serialport.packet status=success boardName=board1 length=24 message="bytearray(b'\\x020A1DCP0201A00101A10344\\x03')"
[2026-08-16 11:17:16.673] [debug] [serialport] [serialport] event=serialport.close status=success boardName=board1 port=COM6
[2026-08-16 11:17:16.677] [error] [serialport] [serialport] event=serialport.error status=failed reason=port_error boardName=board1 port=COM3 message="Opening COM3: Access denied"
[2026-08-16 11:17:21.298] [error] [coffee] [coffee] event=coffee.socket status=failed reason=open_timeout transport=ws machineName=WMF model=Lilly_(WMF) ip=192.168.10.138 port=25000
[2026-08-16 11:17:21.301] [error] [coffee] [coffee] event=coffee.socket status=failed reason=connect_failed transport=ws machineName=WMF model=Lilly_(WMF) ip=192.168.10.138 port=25000
[2026-08-16 11:17:31.804] [debug] [api] [HASTE Theme Sync] Applied local UI theme: isDark=false
[2026-08-16 11:17:31.814] [info]  [HASTE DB Save] Settings category "information" has been updated and saved to SQLite successfully.
[2026-08-16 11:17:31.903] [info]  [HASTE DB Save] Settings category "information" has been updated and saved to SQLite successfully.
[2026-08-16 11:17:31.905] [info]  [HASTE DB Save] Settings category "information" has been updated and saved to SQLite successfully.
[2026-08-16 11:17:31.908] [info]  [HASTE DB Save] Settings category "information" has been updated and saved to SQLite successfully.