[2026-08-18 13:47:48.440] [info]  ==================================================
[2026-08-18 13:47:48.450] [info]  [HQ Origin] HASTE Cloud designated via --prod launch argument.
[2026-08-18 13:47:48.452] [info]  Targeting endpoint: https://cloud.cafehaste.com
[2026-08-18 13:47:48.454] [info]  ==================================================
[2026-08-18 13:47:48.457] [info]  [2026-08-18 13:47:48.445] [info] [HASTE Agent] [HEALTH] [RUN] () : Checking Lilly Engine API (Attempt: 1/5)
[2026-08-18 13:47:48.460] [info]  [HASTE] [Step 0: HEALTH] [INFO] Starting diagnostics for local hardware and internet connectivity...
[2026-08-18 13:47:48.746] [info]  [2026-08-18 13:47:48.744] [info] [HASTE Agent] [GATEWAY] [RUN] () : Waiting for Client API (Port 8080)
[2026-08-18 13:47:48.756] [info]  [2026-08-18 13:47:48.754] [info] [HASTE Agent] [GATEWAY] [OK] () : Token Synchronized
[2026-08-18 13:47:48.760] [info]  [2026-08-18 13:47:48.755] [info] [HASTE Agent] [GATEWAY] [FAIL] : Tunnel Session Missing (Status Blocked)
[2026-08-18 13:47:48.766] [info]  [2026-08-18 13:47:48.757] [info] [HASTE Agent] [Client -> Cloud] [GATEWAY] [RUN] () : Connecting to Signal Broker (Primary)
[2026-08-18 13:47:49.610] [info]  ==================================================
[2026-08-18 13:47:49.614] [info]  [2026-08-18 13:47:49.609] [info] [HASTE Agent] Security server connection initialized successfully!
[2026-08-18 13:47:49.616] [info]  Bot Tag Name: cafehaste_gateway#1981
[2026-08-18 13:47:49.618] [info]  HASTE Client API Address: http://127.0.0.1:8080
[2026-08-18 13:47:49.620] [info]  ==================================================
[2026-08-18 13:47:49.622] [info]  Listening for remote dashboard control commands...
[2026-08-18 13:47:49.625] [info]  ==================================================
[2026-08-18 13:52:02.130] [info]  ==================================================
[2026-08-18 13:52:02.136] [info]  [HQ Origin] HASTE Cloud designated via --prod launch argument.
[2026-08-18 13:52:02.138] [info]  Targeting endpoint: https://cloud.cafehaste.com
[2026-08-18 13:52:02.141] [info]  ==================================================
[2026-08-18 13:52:02.146] [info]  [2026-08-18 13:52:02.134] [info] [HASTE Agent] [HEALTH] [RUN] () : Checking Lilly Engine API (Attempt: 1/5)
[2026-08-18 13:52:02.150] [info]  [HASTE] [Step 0: HEALTH] [INFO] Starting diagnostics for local hardware and internet connectivity...
[2026-08-18 13:52:02.423] [info]  [2026-08-18 13:52:02.421] [info] [HASTE Agent] [GATEWAY] [RUN] () : Waiting for Client API (Port 8080)
[2026-08-18 13:52:02.437] [info]  [2026-08-18 13:52:02.435] [info] [HASTE Agent] [GATEWAY] [OK] () : Token Synchronized
[2026-08-18 13:52:02.440] [info]  [2026-08-18 13:52:02.437] [info] [HASTE Agent] [GATEWAY] [FAIL] : Tunnel Session Missing (Status Blocked)
[2026-08-18 13:52:02.446] [info]  [2026-08-18 13:52:02.438] [info] [HASTE Agent] [Client -> Cloud] [GATEWAY] [RUN] () : Connecting to Signal Broker (Primary)
[2026-08-18 13:52:03.769] [info]  ==================================================
[2026-08-18 13:52:03.775] [info]  [2026-08-18 13:52:03.768] [info] [HASTE Agent] Security server connection initialized successfully!
[2026-08-18 13:52:03.778] [info]  Bot Tag Name: cafehaste_gateway#1981
[2026-08-18 13:52:03.780] [info]  HASTE Client API Address: http://127.0.0.1:8080
[2026-08-18 13:52:03.782] [info]  ==================================================
[2026-08-18 13:52:03.785] [info]  Listening for remote dashboard control commands...
[2026-08-18 13:52:03.789] [info]  ==================================================
[2026-08-18 13:53:52.890] [info]  ==================================================
[2026-08-18 13:53:52.896] [info]  [HQ Origin] HASTE Cloud designated via --prod launch argument.
[2026-08-18 13:53:52.900] [info]  Targeting endpoint: https://cloud.cafehaste.com
[2026-08-18 13:53:52.903] [info]  ==================================================
[2026-08-18 13:53:52.910] [info]  [2026-08-18 13:53:52.894] [info] [HASTE Agent] [HEALTH] [RUN] () : Checking Lilly Engine API (Attempt: 1/5)
[2026-08-18 13:53:52.913] [info]  [HASTE] [Step 0: HEALTH] [INFO] Starting diagnostics for local hardware and internet connectivity...
[2026-08-18 13:53:53.185] [info]  [2026-08-18 13:53:53.183] [info] [HASTE Agent] [GATEWAY] [RUN] () : Waiting for Client API (Port 8080)
[2026-08-18 13:53:53.199] [info]  [2026-08-18 13:53:53.197] [info] [HASTE Agent] [GATEWAY] [OK] () : Token Synchronized
[2026-08-18 13:53:53.205] [info]  [2026-08-18 13:53:53.198] [info] [HASTE Agent] [GATEWAY] [FAIL] : Tunnel Session Missing (Status Blocked)
[2026-08-18 13:53:53.214] [info]  [2026-08-18 13:53:53.199] [info] [HASTE Agent] [Client -> Cloud] [GATEWAY] [RUN] () : Connecting to Signal Broker (Primary)
[2026-08-18 13:53:54.710] [info]  ==================================================
[2026-08-18 13:53:54.718] [info]  [2026-08-18 13:53:54.709] [info] [HASTE Agent] Security server connection initialized successfully!
[2026-08-18 13:53:54.721] [info]  Bot Tag Name: cafehaste_gateway#1981
[2026-08-18 13:53:54.725] [info]  HASTE Client API Address: http://127.0.0.1:8080
[2026-08-18 13:53:54.729] [info]  ==================================================
[2026-08-18 13:53:54.730] [info]  Listening for remote dashboard control commands...
[2026-08-18 13:53:54.733] [info]  ==================================================
[2026-08-18 13:55:06.213] [info]  ==================================================
[2026-08-18 13:55:06.218] [info]  [HQ Origin] HASTE Cloud designated via --prod launch argument.
[2026-08-18 13:55:06.221] [info]  Targeting endpoint: https://cloud.cafehaste.com
[2026-08-18 13:55:06.222] [info]  ==================================================
[2026-08-18 13:55:06.224] [info]  [2026-08-18 13:55:06.215] [info] [HASTE Agent] [HEALTH] [RUN] () : Checking Lilly Engine API (Attempt: 1/5)
[2026-08-18 13:55:06.228] [info]  [HASTE] [Step 0: HEALTH] [INFO] Starting diagnostics for local hardware and internet connectivity...
[2026-08-18 13:55:06.489] [info]  [2026-08-18 13:55:06.487] [info] [HASTE Agent] [GATEWAY] [RUN] () : Waiting for Client API (Port 8080)
[2026-08-18 13:55:06.500] [info]  [2026-08-18 13:55:06.499] [info] [HASTE Agent] [GATEWAY] [OK] () : Token Synchronized
[2026-08-18 13:55:06.503] [info]  [2026-08-18 13:55:06.500] [info] [HASTE Agent] [GATEWAY] [FAIL] : Tunnel Session Missing (Status Blocked)
[2026-08-18 13:55:06.508] [info]  [2026-08-18 13:55:06.501] [info] [HASTE Agent] [Client -> Cloud] [GATEWAY] [RUN] () : Connecting to Signal Broker (Primary)
[2026-08-18 13:55:07.569] [info]  ==================================================
[2026-08-18 13:55:07.575] [info]  [2026-08-18 13:55:07.569] [info] [HASTE Agent] Security server connection initialized successfully!
[2026-08-18 13:55:07.579] [info]  Bot Tag Name: cafehaste_gateway#1981
[2026-08-18 13:55:07.582] [info]  HASTE Client API Address: http://127.0.0.1:8080
[2026-08-18 13:55:07.587] [info]  ==================================================
[2026-08-18 13:55:07.590] [info]  Listening for remote dashboard control commands...
[2026-08-18 13:55:07.593] [info]  ==================================================
[2026-08-18 14:56:57.660] [info]  ==================================================
[2026-08-18 14:56:57.665] [info]  [HQ Origin] HASTE Cloud designated via --prod launch argument.
[2026-08-18 14:56:57.668] [info]  Targeting endpoint: https://cloud.cafehaste.com
[2026-08-18 14:56:57.670] [info]  ==================================================
[2026-08-18 14:56:57.673] [info]  [2026-08-18 14:56:57.663] [info] [HASTE Agent] [HEALTH] [RUN] () : Checking Lilly Engine API (Attempt: 1/5)
[2026-08-18 14:56:57.679] [info]  [HASTE] [Step 0: HEALTH] [INFO] Starting diagnostics for local hardware and internet connectivity...
[2026-08-18 14:56:57.958] [info]  [2026-08-18 14:56:57.957] [info] [HASTE Agent] [GATEWAY] [RUN] () : Waiting for Client API (Port 8080)
[2026-08-18 14:56:57.968] [info]  [2026-08-18 14:56:57.967] [info] [HASTE Agent] [GATEWAY] [OK] () : Token Synchronized
[2026-08-18 14:56:57.970] [info]  [2026-08-18 14:56:57.968] [info] [HASTE Agent] [GATEWAY] [FAIL] : Tunnel Session Missing (Status Blocked)
[2026-08-18 14:56:57.975] [info]  [2026-08-18 14:56:57.969] [info] [HASTE Agent] [Client -> Cloud] [GATEWAY] [RUN] () : Connecting to Signal Broker (Primary)
[2026-08-18 14:56:58.860] [info]  ==================================================
[2026-08-18 14:56:58.864] [info]  [2026-08-18 14:56:58.860] [info] [HASTE Agent] Security server connection initialized successfully!
[2026-08-18 14:56:58.865] [info]  Bot Tag Name: cafehaste_gateway#1981
[2026-08-18 14:56:58.867] [info]  HASTE Client API Address: http://127.0.0.1:8080
[2026-08-18 14:56:58.869] [info]  ==================================================
[2026-08-18 14:56:58.870] [info]  Listening for remote dashboard control commands...
[2026-08-18 14:56:58.873] [info]  ==================================================
[2026-08-18 15:06:16.643] [info]  ==================================================
[2026-08-18 15:06:16.649] [info]  [HQ Origin] HASTE Cloud designated via --prod launch argument.
[2026-08-18 15:06:16.651] [info]  Targeting endpoint: https://cloud.cafehaste.com
[2026-08-18 15:06:16.653] [info]  ==================================================
[2026-08-18 15:06:16.656] [info]  [2026-08-18 15:06:16.647] [info] [HASTE Agent] [HEALTH] [RUN] () : Checking Lilly Engine API (Attempt: 1/5)
[2026-08-18 15:06:16.659] [info]  [HASTE] [Step 0: HEALTH] [INFO] Starting diagnostics for local hardware and internet connectivity...
[2026-08-18 15:06:16.906] [info]  [2026-08-18 15:06:16.905] [info] [HASTE Agent] [GATEWAY] [RUN] () : Waiting for Client API (Port 8080)
[2026-08-18 15:06:16.928] [info]  [2026-08-18 15:06:16.926] [info] [HASTE Agent] [GATEWAY] [OK] () : Token Synchronized
[2026-08-18 15:06:16.931] [info]  [2026-08-18 15:06:16.929] [info] [HASTE Agent] [GATEWAY] [FAIL] : Tunnel Session Missing (Status Blocked)
[2026-08-18 15:06:16.936] [info]  [2026-08-18 15:06:16.930] [info] [HASTE Agent] [Client -> Cloud] [GATEWAY] [RUN] () : Connecting to Signal Broker (Primary)
[2026-08-18 15:06:17.787] [info]  ==================================================
[2026-08-18 15:06:17.791] [info]  [2026-08-18 15:06:17.787] [info] [HASTE Agent] Security server connection initialized successfully!
[2026-08-18 15:06:17.794] [info]  Bot Tag Name: cafehaste_gateway#1981
[2026-08-18 15:06:17.796] [info]  HASTE Client API Address: http://127.0.0.1:8080
[2026-08-18 15:06:17.799] [info]  ==================================================
[2026-08-18 15:06:17.801] [info]  Listening for remote dashboard control commands...
[2026-08-18 15:06:17.802] [info]  ==================================================
[2026-08-18 16:54:43.423] [info]  ==================================================
[2026-08-18 16:54:43.430] [info]  [HQ Origin] HASTE Cloud designated via --prod launch argument.
[2026-08-18 16:54:43.433] [info]  Targeting endpoint: https://cloud.cafehaste.com
[2026-08-18 16:54:43.435] [info]  ==================================================
[2026-08-18 16:54:43.437] [info]  [2026-08-18 16:54:43.427] [info] [HASTE Agent] [HEALTH] [RUN] () : Checking Lilly Engine API (Attempt: 1/5)
[2026-08-18 16:54:43.439] [info]  [HASTE] [Step 0: HEALTH] [INFO] Starting diagnostics for local hardware and internet connectivity...
[2026-08-18 16:54:43.740] [info]  [2026-08-18 16:54:43.738] [info] [HASTE Agent] [GATEWAY] [RUN] () : Waiting for Client API (Port 8080)
[2026-08-18 16:54:43.751] [info]  [2026-08-18 16:54:43.748] [info] [HASTE Agent] [GATEWAY] [OK] () : Token Synchronized
[2026-08-18 16:54:43.754] [info]  [2026-08-18 16:54:43.750] [info] [HASTE Agent] [GATEWAY] [FAIL] : Tunnel Session Missing (Status Blocked)
[2026-08-18 16:54:43.756] [info]  [2026-08-18 16:54:43.751] [info] [HASTE Agent] [Client -> Cloud] [GATEWAY] [RUN] () : Connecting to Signal Broker (Primary)
[2026-08-18 16:54:44.634] [info]  ==================================================
[2026-08-18 16:54:44.637] [info]  [2026-08-18 16:54:44.633] [info] [HASTE Agent] Security server connection initialized successfully!
[2026-08-18 16:54:44.639] [info]  Bot Tag Name: cafehaste_gateway#1981
[2026-08-18 16:54:44.641] [info]  HASTE Client API Address: http://127.0.0.1:8080
[2026-08-18 16:54:44.644] [info]  ==================================================
[2026-08-18 16:54:44.647] [info]  Listening for remote dashboard control commands...
[2026-08-18 16:54:44.648] [info]  ==================================================
[2026-08-18 16:59:00.206] [info]  ==================================================
[2026-08-18 16:59:00.212] [info]  [HQ Origin] HASTE Cloud designated via --prod launch argument.
[2026-08-18 16:59:00.215] [info]  Targeting endpoint: https://cloud.cafehaste.com
[2026-08-18 16:59:00.220] [info]  ==================================================
[2026-08-18 16:59:00.223] [info]  [2026-08-18 16:59:00.209] [info] [HASTE Agent] [HEALTH] [RUN] () : Checking Lilly Engine API (Attempt: 1/5)
[2026-08-18 16:59:00.225] [info]  [HASTE] [Step 0: HEALTH] [INFO] Starting diagnostics for local hardware and internet connectivity...
[2026-08-18 16:59:00.493] [info]  [2026-08-18 16:59:00.490] [info] [HASTE Agent] [GATEWAY] [RUN] () : Waiting for Client API (Port 8080)
[2026-08-18 16:59:00.504] [info]  [2026-08-18 16:59:00.503] [info] [HASTE Agent] [GATEWAY] [OK] () : Token Synchronized
[2026-08-18 16:59:00.507] [info]  [2026-08-18 16:59:00.505] [info] [HASTE Agent] [GATEWAY] [FAIL] : Tunnel Session Missing (Status Blocked)
[2026-08-18 16:59:00.514] [info]  [2026-08-18 16:59:00.505] [info] [HASTE Agent] [Client -> Cloud] [GATEWAY] [RUN] () : Connecting to Signal Broker (Primary)
[2026-08-18 16:59:01.435] [info]  ==================================================
[2026-08-18 16:59:01.437] [info]  [2026-08-18 16:59:01.434] [info] [HASTE Agent] Security server connection initialized successfully!
[2026-08-18 16:59:01.440] [info]  Bot Tag Name: cafehaste_gateway#1981
[2026-08-18 16:59:01.442] [info]  HASTE Client API Address: http://127.0.0.1:8080
[2026-08-18 16:59:01.444] [info]  ==================================================
[2026-08-18 16:59:01.446] [info]  Listening for remote dashboard control commands...
[2026-08-18 16:59:01.451] [info]  ==================================================
[2026-08-18 17:02:27.435] [info]  ==================================================
[2026-08-18 17:02:27.440] [info]  [HQ Origin] HASTE Cloud designated via --prod launch argument.
[2026-08-18 17:02:27.443] [info]  Targeting endpoint: https://cloud.cafehaste.com
[2026-08-18 17:02:27.447] [info]  ==================================================
[2026-08-18 17:02:27.449] [info]  [2026-08-18 17:02:27.438] [info] [HASTE Agent] [HEALTH] [RUN] () : Checking Lilly Engine API (Attempt: 1/5)
[2026-08-18 17:02:27.451] [info]  [HASTE] [Step 0: HEALTH] [INFO] Starting diagnostics for local hardware and internet connectivity...
[2026-08-18 17:02:27.702] [info]  [2026-08-18 17:02:27.700] [info] [HASTE Agent] [GATEWAY] [RUN] () : Waiting for Client API (Port 8080)
[2026-08-18 17:02:27.714] [info]  [2026-08-18 17:02:27.711] [info] [HASTE Agent] [GATEWAY] [OK] () : Token Synchronized
[2026-08-18 17:02:27.719] [info]  [2026-08-18 17:02:27.714] [info] [HASTE Agent] [GATEWAY] [FAIL] : Tunnel Session Missing (Status Blocked)
[2026-08-18 17:02:27.722] [info]  [2026-08-18 17:02:27.716] [info] [HASTE Agent] [Client -> Cloud] [GATEWAY] [RUN] () : Connecting to Signal Broker (Primary)
[2026-08-18 17:02:28.717] [info]  ==================================================
[2026-08-18 17:02:28.730] [info]  [2026-08-18 17:02:28.714] [info] [HASTE Agent] Security server connection initialized successfully!
[2026-08-18 17:02:28.735] [info]  Bot Tag Name: cafehaste_gateway#1981
[2026-08-18 17:02:28.741] [info]  HASTE Client API Address: http://127.0.0.1:8080
[2026-08-18 17:02:28.744] [info]  ==================================================
[2026-08-18 17:02:28.748] [info]  Listening for remote dashboard control commands...
[2026-08-18 17:02:28.752] [info]  ==================================================