[2026-08-23 00:00:45.053] [info]  [manual] event=order.received status=success source=manual virtual=on mode=test orderId=INSTANT-1787410844714 bill=0000 menuCount=1 mappings=[{"baseCode":"MDI1001","recipeCode":"MDI1001","matchedMenuName":"ICED아메리카노(다크시그니처)(연하게)_MV","stepsSummary":"CUP:ICE,_ICE:5600,_COLD:155,_COFFEE:45,_NONE:NONE,_NONE:NONE,_NONE:NONE,_NONE:NONE,_NONE:NONE,_NONE:NONE"}] isTestBrew=true
[2026-08-23 00:01:19.222] [info]  [manual] event=order.completed status=success source=manual virtual=on mode=test orderId=INSTANT-1787410844714 bill=0000 menuCount=1
[2026-08-23 00:33:13.432] [info]  [toss] event=order.received status=success source=toss virtual=off mode=order orderId=746391480207170733 menuCount=1 mappings=[{"baseCode":"MDI2001","recipeCode":"MDI2001","matchedMenuName":"ICED카페라떼(다크시그니처)_MV","stepsSummary":"CUP:1,_ICE:5600,_COLD_MILK:180,_COFFEE:62"}]
[2026-08-23 00:34:57.251] [info]  [toss] event=order.received status=success source=toss virtual=off mode=order orderId=746391916108581146 menuCount=1 mappings=[{"baseCode":"MDI1005","recipeCode":"MDI1005","matchedMenuName":"ICED아메리카노(다크시그니처)(샷추가)_MV","stepsSummary":"CUP:1,_ICE:5600,_COLD:140,_COFFEE:90"}]
[2026-08-23 01:22:02.357] [info]  [toss] event=order.received status=success source=toss virtual=off mode=order orderId=746403762702143824 menuCount=1 mappings=[{"baseCode":"MDI1002","recipeCode":"MDI1002","matchedMenuName":"ICED아메리카노(다크시그니처)_MV","stepsSummary":"CUP:1,_ICE:5600,_COLD:155,_COFFEE:62"}]
[2026-08-23 01:22:51.317] [info]  [toss] event=order.completed status=success source=toss virtual=off mode=order orderId=746403762702143824 bill=746403762702143824 menuCount=1
[2026-08-23 04:51:34.266] [info]  [toss] event=order.received status=success source=toss virtual=off mode=order orderId=746456488442084220 menuCount=1 mappings=[{"baseCode":"MDI2000","recipeCode":"MDI2000","matchedMenuName":"ICED카페라떼(다크시그니처)(연하게)_MV","stepsSummary":"CUP:1,_ICE:5600,_COLD_MILK:200,_COFFEE:45"}]
[2026-08-23 04:56:43.269] [info]  [toss] event=order.received status=success source=toss virtual=off mode=order orderId=746457787032166274 menuCount=1 mappings=[{"baseCode":"MNI2004","recipeCode":"MNI2004","matchedMenuName":"ICED헤이즐넛라떼(디카페인)_MV","stepsSummary":"CUP:1,_ICE:5600,_COLD_MILK:160,_SIRUP7:40,_COFFEE:61"}]
[2026-08-23 05:19:24.724] [info]  [toss] event=order.received status=success source=toss virtual=off mode=order orderId=746463501305786784 menuCount=1 mappings=[{"baseCode":"MDI1002","recipeCode":"MDI1002","matchedMenuName":"ICED아메리카노(다크시그니처)_MV","stepsSummary":"CUP:1,_ICE:5600,_COLD:155,_COFFEE:62"}]
[2026-08-23 05:20:11.424] [info]  [toss] event=order.completed status=success source=toss virtual=off mode=order orderId=746463501305786784 bill=746463501305786784 menuCount=1
[2026-08-23 07:28:40.720] [info]  [toss] event=order.received status=success source=toss virtual=off mode=order orderId=746496033728498316 menuCount=1 mappings=[{"baseCode":"MDI1005","recipeCode":"MDI1005","matchedMenuName":"ICED아메리카노(다크시그니처)(샷추가)_MV","stepsSummary":"CUP:1,_ICE:5600,_COLD:140,_COFFEE:90"}]
[2026-08-23 07:29:55.733] [info]  [toss] event=order.completed status=success source=toss virtual=off mode=order orderId=746496033728498316 bill=746496033728498316 menuCount=1
[2026-08-23 07:43:31.136] [info]  [toss] event=order.received status=success source=toss virtual=off mode=order orderId=746499770186469630 menuCount=1 mappings=[{"baseCode":"MDI1002","recipeCode":"MDI1002","matchedMenuName":"ICED아메리카노(다크시그니처)_MV","stepsSummary":"CUP:1,_ICE:5600,_COLD:155,_COFFEE:62"}]
[2026-08-23 07:44:20.548] [info]  [toss] event=order.completed status=success source=toss virtual=off mode=order orderId=746499770186469630 bill=746499770186469630 menuCount=1
[2026-08-23 09:39:06.725] [info]  [toss] event=order.received status=success source=toss virtual=off mode=order orderId=746528857168809844 menuCount=2 mappings=[{"baseCode":"MDH2005","recipeCode":"MDH2005","matchedMenuName":"HOT카라멜마끼아또(다크시그니처)_MV","stepsSummary":"CUP:,_HOT_MILK:300,_SIRUP17:70,_COFFEE:62"},{"baseCode":"MNH1002","recipeCode":"MNH1002","matchedMenuName":"HOT아메리카노(디카페인)_MV","stepsSummary":"CUP:,_HOT:300,_COFFEE:61"}]
[2026-08-23 09:39:11.044] [error] [toss] event=order.failed status=failed stage=HARDWARE source=toss virtual=off mode=order orderId=746528857168809844 bill=746528857168809844 menuCount=2 error=HW물리검증_실패:_[746528857168809844]_[HOT카라멜마끼아또(다크시그니처)_MV]_컵_추출_실패:_컵4
[2026-08-23 09:42:26.515] [info]  [manual] event=order.received status=success source=manual virtual=on mode=test orderId=INSTANT-1787445746095 bill=0000 menuCount=1 mappings=[{"baseCode":"MNH1002","recipeCode":"MNH1002","matchedMenuName":"HOT아메리카노(디카페인)_MV","stepsSummary":"CUP:HOT,_HOT:300,_COFFEE:61,_NONE:NONE,_NONE:NONE,_NONE:NONE,_NONE:NONE,_NONE:NONE,_NONE:NONE,_NONE:NONE"}] isTestBrew=true
[2026-08-23 09:42:32.175] [error] [manual] event=order.failed status=failed stage=HARDWARE source=manual virtual=on mode=test orderId=INSTANT-1787445746095 bill=0000 menuCount=1 error=HW물리검증_실패:_[INSTANT-1787445746095]_[HOT아메리카노(디카페인)_MV]_컵_추출_실패:_컵4
[2026-08-23 09:43:10.333] [info]  [manual] event=order.received status=success source=manual virtual=on mode=test orderId=INSTANT-1787445790319 bill=0000 menuCount=1 mappings=[{"baseCode":"MDH2005","recipeCode":"MDH2005","matchedMenuName":"HOT카라멜마끼아또(다크시그니처)_MV","stepsSummary":"CUP:HOT,_HOT_MILK:300,_SIRUP17:70,_COFFEE:62,_NONE:NONE,_NONE:NONE,_NONE:NONE,_NONE:NONE,_NONE:NONE,_NONE:NONE"}] isTestBrew=true
[2026-08-23 09:43:15.452] [error] [manual] event=order.failed status=failed stage=HARDWARE source=manual virtual=on mode=test orderId=INSTANT-1787445790319 bill=0000 menuCount=1 error=HW물리검증_실패:_[INSTANT-1787445790319]_[HOT카라멜마끼아또(다크시그니처)_MV]_컵_추출_실패:_컵4
[2026-08-23 10:39:10.624] [info]  [toss] event=order.received status=success source=toss virtual=off mode=order orderId=746543973734026142 menuCount=1 mappings=[{"baseCode":"MNI1001","recipeCode":"MNI1001","matchedMenuName":"ICED아메리카노(디카페인)(연하게)","stepsSummary":"CUP:1,_COFFEE:45,_ICE:5100,_COLD:210"}]
[2026-08-23 10:39:46.584] [info]  [toss] event=order.completed status=success source=toss virtual=off mode=order orderId=746543973734026142 bill=746543973734026142 menuCount=1
[2026-08-23 11:02:10.283] [info]  [toss] event=order.received status=success source=toss virtual=off mode=order orderId=746549760543955378 menuCount=2 mappings=[{"baseCode":"MDI2004","recipeCode":"MDI2004","matchedMenuName":"ICED헤이즐넛라떼(다크시그니처)","stepsSummary":"CUP:1,_COFFEE:62,_ICE:5100,_COLD_MILK:160,_SIRUP7:40"},{"baseCode":"MDI2004","recipeCode":"MDI2004","matchedMenuName":"ICED헤이즐넛라떼(다크시그니처)","stepsSummary":"CUP:1,_COFFEE:62,_ICE:5100,_COLD_MILK:160,_SIRUP7:40"}]
[2026-08-23 11:04:12.113] [info]  [toss] event=order.completed status=success source=toss virtual=off mode=order orderId=746549760543955378 bill=746549760543955378 menuCount=2
[2026-08-23 12:18:28.166] [info]  [toss] event=order.received status=success source=toss virtual=off mode=order orderId=746568961321078001 menuCount=4 mappings=[{"baseCode":"MDI1005","recipeCode":"MDI1005","matchedMenuName":"ICED아메리카노(다크시그니처)(샷추가)","stepsSummary":"CUP:1,_COFFEE:90,_ICE:5100,_COLD:140"},{"baseCode":"MDI1002","recipeCode":"MDI1002","matchedMenuName":"ICED아메리카노(다크시그니처)","stepsSummary":"CUP:1,_COFFEE:62,_ICE:5100,_COLD:155"},{"baseCode":"MDI1002","recipeCode":"MDI1002","matchedMenuName":"ICED아메리카노(다크시그니처)","stepsSummary":"CUP:1,_COFFEE:62,_ICE:5100,_COLD:155"},{"baseCode":"MAI4006","recipeCode":"MAI4006","matchedMenuName":"ICED청포도에이드","stepsSummary":"CUP:1,_ICE:5100,_SPARKLE:200,_SIRUP14:70"}]
[2026-08-23 12:21:28.910] [info]  [toss] event=order.completed status=success source=toss virtual=off mode=order orderId=746568961321078001 bill=746568961321078001 menuCount=4
[2026-08-23 14:06:31.831] [info]  [toss] event=order.received status=success source=toss virtual=off mode=order orderId=746596159956473201 menuCount=1 mappings=[{"baseCode":"DESSERT_16322298","recipeCode":"DESSERT_16322298","matchedMenuName":"뽀로로음료","stepsSummary":""}]
[2026-08-23 14:06:32.752] [info]  [toss] event=order.completed status=success source=toss virtual=off mode=order orderId=746596159956473201 bill=746596159956473201 menuCount=1
[2026-08-23 14:07:40.768] [info]  [toss] event=order.received status=success source=toss virtual=off mode=order orderId=746596448264649590 menuCount=2 mappings=[{"baseCode":"DESSERT_16322245","recipeCode":"DESSERT_16322245","matchedMenuName":"쵸코무스_케익","stepsSummary":""},{"baseCode":"MMI3009","recipeCode":"MMI3009","matchedMenuName":"ICED딸기라떼","stepsSummary":"CUP:1,_ICE:5100,_COLD_MILK:220,_SIRUP3:70"}]
[2026-08-23 14:08:17.079] [info]  [toss] event=order.completed status=success source=toss virtual=off mode=order orderId=746596448264649590 bill=746596448264649590 menuCount=2
[2026-08-23 15:43:09.302] [info]  [manual] event=order.received status=success source=manual virtual=off mode=test orderId=INSTANT-1787467388964 bill=0000 menuCount=1 mappings=[{"baseCode":"MDI1002","recipeCode":"MDI1002","matchedMenuName":"ICED아메리카노(다크시그니처)","stepsSummary":"CUP:ICE,_COFFEE:62,_ICE:5100,_COLD:155,_NONE:NONE,_NONE:NONE,_NONE:NONE,_NONE:NONE,_NONE:NONE,_NONE:NONE"}] isTestBrew=true
[2026-08-23 15:43:56.573] [info]  [manual] event=order.completed status=success source=manual virtual=off mode=test orderId=INSTANT-1787467388964 bill=0000 menuCount=1
[2026-08-23 15:55:53.779] [info]  [manual] event=order.received status=success source=manual virtual=off mode=test orderId=INSTANT-1787468153101 bill=0000 menuCount=1 mappings=[{"baseCode":"MAI4000","recipeCode":"MAI4000","matchedMenuName":"ICED레몬에이드","stepsSummary":"CUP:ICE,_ICE:5400,_SPARKLE:240,_SIRUP9:70,_NONE:NONE,_NONE:NONE,_NONE:NONE,_NONE:NONE,_NONE:NONE,_NONE:NONE"}] isTestBrew=true
[2026-08-23 15:56:18.277] [info]  [manual] event=order.completed status=success source=manual virtual=off mode=test orderId=INSTANT-1787468153101 bill=0000 menuCount=1
[2026-08-23 16:12:48.155] [info]  [manual] event=order.received status=success source=manual virtual=off mode=test orderId=INSTANT-1787469167815 bill=0000 menuCount=1 mappings=[{"baseCode":"MDI1002","recipeCode":"MDI1002","matchedMenuName":"ICED아메리카노(다크시그니처)","stepsSummary":"CUP:ICE,_COFFEE:62,_ICE:5200,_COLD:155,_NONE:NONE,_NONE:NONE,_NONE:NONE,_NONE:NONE,_NONE:NONE,_NONE:NONE"}] isTestBrew=true
[2026-08-23 16:13:29.955] [info]  [manual] event=order.completed status=success source=manual virtual=off mode=test orderId=INSTANT-1787469167815 bill=0000 menuCount=1
[2026-08-23 16:13:56.137] [info]  [manual] event=order.received status=success source=manual virtual=off mode=test orderId=INSTANT-1787469235822 bill=0000 menuCount=1 mappings=[{"baseCode":"MDI1002","recipeCode":"MDI1002","matchedMenuName":"ICED아메리카노(다크시그니처)","stepsSummary":"CUP:ICE,_COFFEE:62,_ICE:5200,_COLD:155,_NONE:NONE,_NONE:NONE,_NONE:NONE,_NONE:NONE,_NONE:NONE,_NONE:NONE"}] isTestBrew=true
[2026-08-23 16:14:38.259] [info]  [manual] event=order.completed status=success source=manual virtual=off mode=test orderId=INSTANT-1787469235822 bill=0000 menuCount=1
[2026-08-23 16:15:13.403] [info]  [manual] event=order.received status=success source=manual virtual=off mode=test orderId=INSTANT-1787469313070 bill=0000 menuCount=1 mappings=[{"baseCode":"MDI1002","recipeCode":"MDI1002","matchedMenuName":"ICED아메리카노(다크시그니처)","stepsSummary":"CUP:ICE,_COFFEE:62,_ICE:5200,_COLD:155,_NONE:NONE,_NONE:NONE,_NONE:NONE,_NONE:NONE,_NONE:NONE,_NONE:NONE"}] isTestBrew=true
[2026-08-23 16:15:49.110] [info]  [manual] event=order.completed status=success source=manual virtual=off mode=test orderId=INSTANT-1787469313070 bill=0000 menuCount=1