[2026-08-18 12:02:36.710] [info]  [serialport] event=serialport.connect status=started scope=all
[2026-08-18 12:02:36.756] [info]  [serialport] event=serialport.connect status=started scope=all
[2026-08-18 12:02:37.123] [error] [SerialPort Error] board1 (COM6): Opening COM6: File not found
[2026-08-18 12:02:37.128] [error] [serialport] event=serialport.error status=failed reason=port_error boardName=board1 port=COM6 message="Opening COM6: File not found"
[2026-08-18 12:02:37.130] [error] [SerialPort Error] board2 (COM7): Opening COM7: File not found
[2026-08-18 12:02:37.133] [error] [serialport] event=serialport.error status=failed reason=port_error boardName=board2 port=COM7 message="Opening COM7: File not found"
[2026-08-18 12:02:37.136] [error] [SerialPort Error] board1 (COM6): Opening COM6: File not found
[2026-08-18 12:02:37.139] [error] [serialport] event=serialport.error status=failed reason=port_error boardName=board1 port=COM6 message="Opening COM6: File not found"
[2026-08-18 12:02:37.142] [error] [SerialPort Error] board2 (COM7): Opening COM7: File not found
[2026-08-18 12:02:37.148] [error] [serialport] event=serialport.error status=failed reason=port_error boardName=board2 port=COM7 message="Opening COM7: File not found"
[2026-08-18 13:47:47.213] [info]  [serialport] event=serialport.connect status=started scope=all
[2026-08-18 13:47:47.253] [info]  [serialport] event=serialport.connect status=started scope=all
[2026-08-18 13:47:47.408] [error] [serialport] event=serialport.error status=failed reason=port_error boardName=board1 port=COM3 message="Opening COM3: File not found"
[2026-08-18 13:47:47.411] [error] [serialport] event=serialport.error status=failed reason=port_error boardName=board1 port=COM3 message="Opening COM3: File not found"
[2026-08-18 13:49:46.184] [error] [serialport] event=serialport.send status=failed reason=not_connected boardName=board1
[2026-08-18 13:49:46.844] [error] [serialport] event=serialport.send status=failed reason=not_connected boardName=board1
[2026-08-18 13:49:49.033] [error] [serialport] event=serialport.send status=failed reason=not_connected boardName=board1
[2026-08-18 13:49:49.464] [error] [serialport] event=serialport.send status=failed reason=not_connected boardName=board1
[2026-08-18 13:52:00.940] [info]  [serialport] event=serialport.connect status=started scope=all
[2026-08-18 13:52:00.972] [info]  [serialport] event=serialport.connect status=started scope=all
[2026-08-18 13:52:01.057] [error] [serialport] event=serialport.error status=failed reason=port_error boardName=board1 port=COM3 message="Opening COM3: File not found"
[2026-08-18 13:52:01.063] [error] [serialport] event=serialport.error status=failed reason=port_error boardName=board1 port=COM3 message="Opening COM3: File not found"
[2026-08-18 13:53:51.834] [info]  [serialport] event=serialport.connect status=started scope=all
[2026-08-18 13:53:51.866] [info]  [serialport] event=serialport.connect status=started scope=all
[2026-08-18 13:53:51.950] [error] [serialport] event=serialport.error status=failed reason=port_error boardName=board1 port=COM3 message="Opening COM3: File not found"
[2026-08-18 13:53:51.953] [error] [serialport] event=serialport.error status=failed reason=port_error boardName=board1 port=COM3 message="Opening COM3: File not found"
[2026-08-18 13:55:05.166] [info]  [serialport] event=serialport.connect status=started scope=all
[2026-08-18 13:55:05.201] [info]  [serialport] event=serialport.connect status=started scope=all
[2026-08-18 13:55:05.274] [error] [serialport] event=serialport.error status=failed reason=port_error boardName=board1 port=COM3 message="Opening COM3: File not found"
[2026-08-18 13:55:05.280] [error] [serialport] event=serialport.error status=failed reason=port_error boardName=board1 port=COM3 message="Opening COM3: File not found"
[2026-08-18 14:56:56.593] [info]  [serialport] event=serialport.connect status=started scope=all
[2026-08-18 14:56:56.622] [info]  [serialport] event=serialport.connect status=started scope=all
[2026-08-18 14:56:56.699] [error] [serialport] event=serialport.error status=failed reason=port_error boardName=board1 port=COM3 message="Opening COM3: File not found"
[2026-08-18 14:56:56.703] [error] [serialport] event=serialport.error status=failed reason=port_error boardName=board1 port=COM3 message="Opening COM3: File not found"
[2026-08-18 15:06:15.587] [info]  [serialport] event=serialport.connect status=started scope=all
[2026-08-18 15:06:15.618] [info]  [serialport] event=serialport.connect status=started scope=all
[2026-08-18 15:06:15.707] [error] [serialport] event=serialport.error status=failed reason=port_error boardName=board1 port=COM3 message="Opening COM3: File not found"
[2026-08-18 15:06:15.712] [error] [serialport] event=serialport.error status=failed reason=port_error boardName=board1 port=COM3 message="Opening COM3: File not found"
[2026-08-18 16:54:42.371] [info]  [serialport] event=serialport.connect status=started scope=all
[2026-08-18 16:54:42.402] [info]  [serialport] event=serialport.connect status=started scope=all
[2026-08-18 16:54:42.487] [error] [serialport] event=serialport.error status=failed reason=port_error boardName=board1 port=COM3 message="Opening COM3: File not found"
[2026-08-18 16:54:42.493] [error] [serialport] event=serialport.error status=failed reason=port_error boardName=board1 port=COM3 message="Opening COM3: File not found"
[2026-08-18 16:58:59.116] [info]  [serialport] event=serialport.connect status=started scope=all
[2026-08-18 16:58:59.148] [info]  [serialport] event=serialport.connect status=started scope=all
[2026-08-18 16:58:59.246] [error] [serialport] event=serialport.error status=failed reason=port_error boardName=board1 port=COM3 message="Opening COM3: File not found"
[2026-08-18 16:58:59.253] [error] [serialport] event=serialport.error status=failed reason=port_error boardName=board1 port=COM3 message="Opening COM3: File not found"
[2026-08-18 17:02:26.391] [info]  [serialport] event=serialport.connect status=started scope=all
[2026-08-18 17:02:26.420] [info]  [serialport] event=serialport.connect status=started scope=all
[2026-08-18 17:02:26.497] [error] [serialport] event=serialport.error status=failed reason=port_error boardName=board1 port=COM3 message="Opening COM3: File not found"
[2026-08-18 17:02:26.501] [error] [serialport] event=serialport.error status=failed reason=port_error boardName=board1 port=COM3 message="Opening COM3: File not found"
[2026-08-18 17:16:49.665] [info]  [serialport] event=serialport.connect status=started scope=all
[2026-08-18 17:16:49.697] [info]  [serialport] event=serialport.connect status=started scope=all
[2026-08-18 17:16:49.776] [error] [serialport] event=serialport.error status=failed reason=port_error boardName=board1 port=COM3 message="Opening COM3: File not found"
[2026-08-18 17:16:49.780] [error] [serialport] event=serialport.error status=failed reason=port_error boardName=board1 port=COM3 message="Opening COM3: File not found"
[2026-08-18 17:30:39.454] [info]  [serialport] event=serialport.connect status=started scope=all
[2026-08-18 17:30:39.481] [info]  [serialport] event=serialport.connect status=started scope=all
[2026-08-18 17:30:39.561] [error] [serialport] event=serialport.error status=failed reason=port_error boardName=board1 port=COM3 message="Opening COM3: File not found"
[2026-08-18 17:30:39.565] [error] [serialport] event=serialport.error status=failed reason=port_error boardName=board1 port=COM3 message="Opening COM3: File not found"
[2026-08-18 17:32:48.102] [info]  [serialport] event=serialport.connect status=started scope=all
[2026-08-18 17:32:48.132] [info]  [serialport] event=serialport.connect status=started scope=all
[2026-08-18 17:32:48.208] [error] [serialport] event=serialport.error status=failed reason=port_error boardName=board1 port=COM3 message="Opening COM3: File not found"
[2026-08-18 17:32:48.213] [error] [serialport] event=serialport.error status=failed reason=port_error boardName=board1 port=COM3 message="Opening COM3: File not found"
[2026-08-18 17:33:52.964] [info]  [serialport] event=serialport.connect status=started scope=all
[2026-08-18 17:33:52.998] [info]  [serialport] event=serialport.connect status=started scope=all
[2026-08-18 17:33:53.085] [error] [serialport] event=serialport.error status=failed reason=port_error boardName=board1 port=COM3 message="Opening COM3: File not found"
[2026-08-18 17:33:53.092] [error] [serialport] event=serialport.error status=failed reason=port_error boardName=board1 port=COM3 message="Opening COM3: File not found"
[2026-08-18 18:01:41.680] [info]  [serialport] event=serialport.connect status=started scope=all
[2026-08-18 18:01:41.727] [info]  [serialport] event=serialport.connect status=started scope=all
[2026-08-18 18:01:41.836] [error] [serialport] event=serialport.error status=failed reason=port_error boardName=board1 port=COM3 message="Opening COM3: File not found"
[2026-08-18 18:01:41.846] [error] [serialport] event=serialport.error status=failed reason=port_error boardName=board1 port=COM3 message="Opening COM3: File not found"
[2026-08-18 18:15:48.737] [info]  [serialport] event=serialport.connect status=started scope=all
[2026-08-18 18:15:48.769] [info]  [serialport] event=serialport.connect status=started scope=all
[2026-08-18 18:15:48.851] [error] [serialport] event=serialport.error status=failed reason=port_error boardName=board1 port=COM3 message="Opening COM3: File not found"
[2026-08-18 18:15:48.855] [error] [serialport] event=serialport.error status=failed reason=port_error boardName=board1 port=COM3 message="Opening COM3: File not found"
[2026-08-18 18:29:03.907] [info]  [serialport] event=serialport.connect status=started scope=all
[2026-08-18 18:29:03.933] [info]  [serialport] event=serialport.connect status=started scope=all
[2026-08-18 18:29:04.007] [error] [serialport] event=serialport.error status=failed reason=port_error boardName=board1 port=COM3 message="Opening COM3: File not found"
[2026-08-18 18:29:04.011] [error] [serialport] event=serialport.error status=failed reason=port_error boardName=board1 port=COM3 message="Opening COM3: File not found"
[2026-08-18 18:32:21.023] [info]  [serialport] event=serialport.connect status=started scope=all
[2026-08-18 18:32:21.053] [info]  [serialport] event=serialport.connect status=started scope=all
[2026-08-18 18:32:21.131] [error] [serialport] event=serialport.error status=failed reason=port_error boardName=board1 port=COM3 message="Opening COM3: File not found"
[2026-08-18 18:32:21.138] [error] [serialport] event=serialport.error status=failed reason=port_error boardName=board1 port=COM3 message="Opening COM3: File not found"
[2026-08-18 18:41:18.653] [info]  [serialport] event=serialport.connect status=started scope=all
[2026-08-18 18:41:18.684] [info]  [serialport] event=serialport.connect status=started scope=all
[2026-08-18 18:41:18.771] [error] [serialport] event=serialport.error status=failed reason=port_error boardName=board1 port=COM3 message="Opening COM3: File not found"
[2026-08-18 18:41:18.775] [error] [serialport] event=serialport.error status=failed reason=port_error boardName=board1 port=COM3 message="Opening COM3: File not found"
[2026-08-18 18:55:57.718] [info]  [serialport] event=serialport.connect status=started scope=all
[2026-08-18 18:55:57.744] [info]  [serialport] event=serialport.connect status=started scope=all
[2026-08-18 18:55:57.817] [error] [serialport] event=serialport.error status=failed reason=port_error boardName=board1 port=COM3 message="Opening COM3: File not found"
[2026-08-18 18:55:57.822] [error] [serialport] event=serialport.error status=failed reason=port_error boardName=board1 port=COM3 message="Opening COM3: File not found"
[2026-08-18 18:57:04.068] [info]  [serialport] event=settings.change status=success scope=all
[2026-08-18 18:57:04.070] [info]  [serialport] event=serialport.connect status=started scope=all
[2026-08-18 18:57:04.072] [info]  [serialport] event=serialport.connect status=started scope=all
[2026-08-18 18:57:04.104] [info]  [serialport] event=serialport.connect status=started scope=all
[2026-08-18 18:57:04.157] [error] [serialport] event=serialport.error status=failed reason=port_error boardName=board1 port=COM6 message="Opening COM6: File not found"
[2026-08-18 18:57:04.159] [error] [serialport] event=serialport.error status=failed reason=port_error boardName=board2 port=COM7 message="Opening COM7: File not found"
[2026-08-18 18:57:04.161] [error] [serialport] event=serialport.error status=failed reason=port_error boardName=board1 port=COM6 message="Opening COM6: File not found"
[2026-08-18 18:57:04.163] [error] [serialport] event=serialport.error status=failed reason=port_error boardName=board2 port=COM7 message="Opening COM7: File not found"
[2026-08-18 18:57:04.166] [error] [serialport] event=serialport.error status=failed reason=port_error boardName=board1 port=COM6 message="Opening COM6: File not found"
[2026-08-18 18:57:04.169] [error] [serialport] event=serialport.error status=failed reason=port_error boardName=board2 port=COM7 message="Opening COM7: File not found"
[2026-08-18 19:05:07.607] [info]  [serialport] event=serialport.connect status=started scope=all
[2026-08-18 19:05:07.641] [info]  [serialport] event=serialport.connect status=started scope=all
[2026-08-18 19:05:07.728] [error] [serialport] event=serialport.error status=failed reason=port_error boardName=board1 port=COM6 message="Opening COM6: File not found"
[2026-08-18 19:05:07.732] [error] [serialport] event=serialport.error status=failed reason=port_error boardName=board2 port=COM7 message="Opening COM7: File not found"
[2026-08-18 19:05:07.735] [error] [serialport] event=serialport.error status=failed reason=port_error boardName=board1 port=COM6 message="Opening COM6: File not found"
[2026-08-18 19:05:07.738] [error] [serialport] event=serialport.error status=failed reason=port_error boardName=board2 port=COM7 message="Opening COM7: File not found"
[2026-08-18 19:09:24.488] [info]  [serialport] event=serialport.connect status=started scope=all
[2026-08-18 19:09:24.535] [info]  [serialport] event=serialport.connect status=started scope=all
[2026-08-18 19:09:24.650] [error] [serialport] event=serialport.error status=failed reason=port_error boardName=board1 port=COM6 message="Opening COM6: File not found"
[2026-08-18 19:09:24.656] [error] [serialport] event=serialport.error status=failed reason=port_error boardName=board2 port=COM7 message="Opening COM7: File not found"
[2026-08-18 19:09:24.661] [error] [serialport] event=serialport.error status=failed reason=port_error boardName=board1 port=COM6 message="Opening COM6: File not found"
[2026-08-18 19:09:24.669] [error] [serialport] event=serialport.error status=failed reason=port_error boardName=board2 port=COM7 message="Opening COM7: File not found"
[2026-08-18 19:11:20.704] [info]  [serialport] event=serialport.connect status=started scope=all
[2026-08-18 19:11:20.737] [info]  [serialport] event=serialport.connect status=started scope=all
[2026-08-18 19:11:20.825] [error] [serialport] event=serialport.error status=failed reason=port_error boardName=board1 port=COM6 message="Opening COM6: File not found"
[2026-08-18 19:11:20.829] [error] [serialport] event=serialport.error status=failed reason=port_error boardName=board2 port=COM7 message="Opening COM7: File not found"
[2026-08-18 19:11:20.831] [error] [serialport] event=serialport.error status=failed reason=port_error boardName=board1 port=COM6 message="Opening COM6: File not found"
[2026-08-18 19:11:20.833] [error] [serialport] event=serialport.error status=failed reason=port_error boardName=board2 port=COM7 message="Opening COM7: File not found"
[2026-08-18 19:12:36.205] [info]  [serialport] event=serialport.connect status=started scope=all
[2026-08-18 19:12:36.243] [info]  [serialport] event=serialport.connect status=started scope=all
[2026-08-18 19:12:36.338] [error] [serialport] event=serialport.error status=failed reason=port_error boardName=board1 port=COM6 message="Opening COM6: File not found"
[2026-08-18 19:12:36.342] [error] [serialport] event=serialport.error status=failed reason=port_error boardName=board2 port=COM7 message="Opening COM7: File not found"
[2026-08-18 19:12:36.347] [error] [serialport] event=serialport.error status=failed reason=port_error boardName=board1 port=COM6 message="Opening COM6: File not found"
[2026-08-18 19:12:36.349] [error] [serialport] event=serialport.error status=failed reason=port_error boardName=board2 port=COM7 message="Opening COM7: File not found"
[2026-08-18 19:20:20.871] [info]  [serialport] event=serialport.connect status=started scope=all
[2026-08-18 19:20:20.901] [info]  [serialport] event=serialport.connect status=started scope=all
[2026-08-18 19:20:20.975] [error] [serialport] event=serialport.error status=failed reason=port_error boardName=board1 port=COM6 message="Opening COM6: File not found"
[2026-08-18 19:20:20.981] [error] [serialport] event=serialport.error status=failed reason=port_error boardName=board2 port=COM7 message="Opening COM7: File not found"
[2026-08-18 19:20:20.984] [error] [serialport] event=serialport.error status=failed reason=port_error boardName=board1 port=COM6 message="Opening COM6: File not found"
[2026-08-18 19:20:20.986] [error] [serialport] event=serialport.error status=failed reason=port_error boardName=board2 port=COM7 message="Opening COM7: File not found"
[2026-08-18 19:25:38.908] [info]  [serialport] event=serialport.connect status=started scope=all
[2026-08-18 19:25:38.940] [info]  [serialport] event=serialport.connect status=started scope=all
[2026-08-18 19:25:39.019] [error] [serialport] event=serialport.error status=failed reason=port_error boardName=board1 port=COM6 message="Opening COM6: File not found"
[2026-08-18 19:25:39.023] [error] [serialport] event=serialport.error status=failed reason=port_error boardName=board2 port=COM7 message="Opening COM7: File not found"
[2026-08-18 19:25:39.025] [error] [serialport] event=serialport.error status=failed reason=port_error boardName=board1 port=COM6 message="Opening COM6: File not found"
[2026-08-18 19:25:39.027] [error] [serialport] event=serialport.error status=failed reason=port_error boardName=board2 port=COM7 message="Opening COM7: File not found"
[2026-08-18 19:36:34.816] [info]  [serialport] event=serialport.connect status=started scope=all
[2026-08-18 19:36:34.855] [info]  [serialport] event=serialport.connect status=started scope=all
[2026-08-18 19:36:34.935] [error] [serialport] event=serialport.error status=failed reason=port_error boardName=board1 port=COM6 message="Opening COM6: File not found"
[2026-08-18 19:36:34.941] [error] [serialport] event=serialport.error status=failed reason=port_error boardName=board2 port=COM7 message="Opening COM7: File not found"
[2026-08-18 19:36:34.944] [error] [serialport] event=serialport.error status=failed reason=port_error boardName=board1 port=COM6 message="Opening COM6: File not found"
[2026-08-18 19:36:34.947] [error] [serialport] event=serialport.error status=failed reason=port_error boardName=board2 port=COM7 message="Opening COM7: File not found"
[2026-08-18 19:40:57.596] [info]  [serialport] event=serialport.connect status=started scope=all
[2026-08-18 19:40:57.632] [info]  [serialport] event=serialport.connect status=started scope=all
[2026-08-18 19:40:57.716] [error] [serialport] event=serialport.error status=failed reason=port_error boardName=board1 port=COM6 message="Opening COM6: File not found"
[2026-08-18 19:40:57.721] [error] [serialport] event=serialport.error status=failed reason=port_error boardName=board2 port=COM7 message="Opening COM7: File not found"
[2026-08-18 19:40:57.724] [error] [serialport] event=serialport.error status=failed reason=port_error boardName=board1 port=COM6 message="Opening COM6: File not found"
[2026-08-18 19:40:57.727] [error] [serialport] event=serialport.error status=failed reason=port_error boardName=board2 port=COM7 message="Opening COM7: File not found"
[2026-08-18 19:44:52.718] [info]  [serialport] event=serialport.connect status=started scope=all
[2026-08-18 19:44:52.749] [info]  [serialport] event=serialport.connect status=started scope=all
[2026-08-18 19:44:52.829] [error] [serialport] event=serialport.error status=failed reason=port_error boardName=board1 port=COM6 message="Opening COM6: File not found"
[2026-08-18 19:44:52.834] [error] [serialport] event=serialport.error status=failed reason=port_error boardName=board2 port=COM7 message="Opening COM7: File not found"
[2026-08-18 19:44:52.837] [error] [serialport] event=serialport.error status=failed reason=port_error boardName=board1 port=COM6 message="Opening COM6: File not found"
[2026-08-18 19:44:52.841] [error] [serialport] event=serialport.error status=failed reason=port_error boardName=board2 port=COM7 message="Opening COM7: File not found"
[2026-08-18 19:46:56.481] [info]  [serialport] event=serialport.connect status=started scope=all
[2026-08-18 19:46:56.515] [info]  [serialport] event=serialport.connect status=started scope=all
[2026-08-18 19:46:56.595] [error] [serialport] event=serialport.error status=failed reason=port_error boardName=board1 port=COM6 message="Opening COM6: File not found"
[2026-08-18 19:46:56.599] [error] [serialport] event=serialport.error status=failed reason=port_error boardName=board2 port=COM7 message="Opening COM7: File not found"
[2026-08-18 19:46:56.602] [error] [serialport] event=serialport.error status=failed reason=port_error boardName=board1 port=COM6 message="Opening COM6: File not found"
[2026-08-18 19:46:56.604] [error] [serialport] event=serialport.error status=failed reason=port_error boardName=board2 port=COM7 message="Opening COM7: File not found"
[2026-08-18 19:49:41.995] [info]  [serialport] event=serialport.connect status=started scope=all
[2026-08-18 19:49:42.027] [info]  [serialport] event=serialport.connect status=started scope=all
[2026-08-18 19:49:42.117] [error] [serialport] event=serialport.error status=failed reason=port_error boardName=board1 port=COM6 message="Opening COM6: File not found"
[2026-08-18 19:49:42.123] [error] [serialport] event=serialport.error status=failed reason=port_error boardName=board2 port=COM7 message="Opening COM7: File not found"
[2026-08-18 19:49:42.127] [error] [serialport] event=serialport.error status=failed reason=port_error boardName=board1 port=COM6 message="Opening COM6: File not found"
[2026-08-18 19:49:42.129] [error] [serialport] event=serialport.error status=failed reason=port_error boardName=board2 port=COM7 message="Opening COM7: File not found"
[2026-08-18 19:50:37.904] [info]  [serialport] event=settings.change status=success scope=all
[2026-08-18 19:50:37.905] [info]  [serialport] event=serialport.connect status=started scope=all
[2026-08-18 19:50:37.909] [info]  [serialport] event=serialport.connect status=started scope=all
[2026-08-18 19:50:37.960] [error] [serialport] event=serialport.error status=failed reason=port_error boardName=board1 port=COM3 message="Opening COM3: File not found"
[2026-08-18 19:50:37.962] [error] [serialport] event=serialport.error status=failed reason=port_error boardName=board1 port=COM3 message="Opening COM3: File not found"
[2026-08-18 19:52:35.065] [info]  [serialport] event=serialport.connect status=started scope=all
[2026-08-18 19:52:35.098] [info]  [serialport] event=serialport.connect status=started scope=all
[2026-08-18 19:52:35.178] [error] [serialport] event=serialport.error status=failed reason=port_error boardName=board1 port=COM3 message="Opening COM3: File not found"
[2026-08-18 19:52:35.182] [error] [serialport] event=serialport.error status=failed reason=port_error boardName=board1 port=COM3 message="Opening COM3: File not found"
[2026-08-18 19:55:48.066] [info]  [serialport] event=serialport.connect status=started scope=all
[2026-08-18 19:55:48.096] [info]  [serialport] event=serialport.connect status=started scope=all
[2026-08-18 19:55:48.189] [error] [serialport] event=serialport.error status=failed reason=port_error boardName=board1 port=COM3 message="Opening COM3: File not found"
[2026-08-18 19:55:48.196] [error] [serialport] event=serialport.error status=failed reason=port_error boardName=board1 port=COM3 message="Opening COM3: File not found"
[2026-08-18 19:57:54.167] [info]  [serialport] event=serialport.connect status=started scope=all
[2026-08-18 19:57:54.204] [info]  [serialport] event=serialport.connect status=started scope=all
[2026-08-18 19:57:54.294] [error] [serialport] event=serialport.error status=failed reason=port_error boardName=board1 port=COM3 message="Opening COM3: File not found"
[2026-08-18 19:57:54.300] [error] [serialport] event=serialport.error status=failed reason=port_error boardName=board1 port=COM3 message="Opening COM3: File not found"
[2026-08-18 20:03:42.109] [info]  [serialport] event=serialport.connect status=started scope=all
[2026-08-18 20:03:42.143] [info]  [serialport] event=serialport.connect status=started scope=all
[2026-08-18 20:03:42.226] [error] [serialport] event=serialport.error status=failed reason=port_error boardName=board1 port=COM3 message="Opening COM3: File not found"
[2026-08-18 20:03:42.232] [error] [serialport] event=serialport.error status=failed reason=port_error boardName=board1 port=COM3 message="Opening COM3: File not found"
[2026-08-18 20:09:01.160] [info]  [serialport] event=serialport.connect status=started scope=all
[2026-08-18 20:09:01.191] [info]  [serialport] event=serialport.connect status=started scope=all
[2026-08-18 20:09:01.268] [error] [serialport] event=serialport.error status=failed reason=port_error boardName=board1 port=COM3 message="Opening COM3: File not found"
[2026-08-18 20:09:01.274] [error] [serialport] event=serialport.error status=failed reason=port_error boardName=board1 port=COM3 message="Opening COM3: File not found"
[2026-08-18 20:21:39.348] [info]  [serialport] event=serialport.connect status=started scope=all
[2026-08-18 20:21:39.385] [info]  [serialport] event=serialport.connect status=started scope=all
[2026-08-18 20:21:39.483] [error] [serialport] event=serialport.error status=failed reason=port_error boardName=board1 port=COM3 message="Opening COM3: File not found"
[2026-08-18 20:21:39.493] [error] [serialport] event=serialport.error status=failed reason=port_error boardName=board1 port=COM3 message="Opening COM3: File not found"
[2026-08-18 20:22:30.907] [info]  [serialport] event=serialport.connect status=started scope=all
[2026-08-18 20:22:30.962] [info]  [serialport] event=serialport.connect status=started scope=all
[2026-08-18 20:22:31.469] [error] [serialport] event=serialport.error status=failed reason=port_error boardName=board1 port=COM3 message="Opening COM3: File not found"
[2026-08-18 20:22:31.477] [error] [serialport] event=serialport.error status=failed reason=port_error boardName=board1 port=COM3 message="Opening COM3: File not found"
[2026-08-18 20:27:37.054] [info]  [serialport] event=serialport.connect status=started scope=all
[2026-08-18 20:27:37.093] [info]  [serialport] event=serialport.connect status=started scope=all
[2026-08-18 20:27:37.193] [error] [serialport] event=serialport.error status=failed reason=port_error boardName=board1 port=COM3 message="Opening COM3: File not found"
[2026-08-18 20:27:37.197] [error] [serialport] event=serialport.error status=failed reason=port_error boardName=board1 port=COM3 message="Opening COM3: File not found"
[2026-08-18 20:29:07.532] [info]  [serialport] event=serialport.connect status=started scope=all
[2026-08-18 20:29:07.570] [info]  [serialport] event=serialport.connect status=started scope=all
[2026-08-18 20:29:07.633] [error] [serialport] event=serialport.error status=failed reason=port_error boardName=board1 port=COM3 message="Opening COM3: File not found"
[2026-08-18 20:29:07.636] [error] [serialport] event=serialport.error status=failed reason=port_error boardName=board1 port=COM3 message="Opening COM3: File not found"
[2026-08-18 20:31:40.475] [info]  [serialport] event=serialport.connect status=started scope=all
[2026-08-18 20:31:40.505] [info]  [serialport] event=serialport.connect status=started scope=all
[2026-08-18 20:31:40.565] [error] [serialport] event=serialport.error status=failed reason=port_error boardName=board1 port=COM3 message="Opening COM3: File not found"
[2026-08-18 20:31:40.570] [error] [serialport] event=serialport.error status=failed reason=port_error boardName=board1 port=COM3 message="Opening COM3: File not found"
[2026-08-18 20:32:12.032] [info]  [serialport] event=serialport.connect status=started scope=all
[2026-08-18 20:32:12.067] [info]  [serialport] event=serialport.connect status=started scope=all
[2026-08-18 20:32:12.138] [error] [serialport] event=serialport.error status=failed reason=port_error boardName=board1 port=COM3 message="Opening COM3: File not found"
[2026-08-18 20:32:12.143] [error] [serialport] event=serialport.error status=failed reason=port_error boardName=board1 port=COM3 message="Opening COM3: File not found"
[2026-08-18 20:33:05.667] [info]  [serialport] event=settings.change status=success scope=all
[2026-08-18 20:33:05.669] [info]  [serialport] event=serialport.connect status=started scope=all
[2026-08-18 20:33:05.670] [info]  [serialport] event=serialport.connect status=started scope=all
[2026-08-18 20:33:05.747] [info]  [serialport] event=serialport.connect status=started scope=all
[2026-08-18 20:33:05.808] [error] [serialport] event=serialport.error status=failed reason=port_error boardName=board1 port=COM6 message="Opening COM6: File not found"
[2026-08-18 20:33:05.812] [error] [serialport] event=serialport.error status=failed reason=port_error boardName=board2 port=COM7 message="Opening COM7: File not found"
[2026-08-18 20:33:05.814] [error] [serialport] event=serialport.error status=failed reason=port_error boardName=board1 port=COM6 message="Opening COM6: File not found"
[2026-08-18 20:33:05.816] [error] [serialport] event=serialport.error status=failed reason=port_error boardName=board2 port=COM7 message="Opening COM7: File not found"
[2026-08-18 20:33:05.819] [error] [serialport] event=serialport.error status=failed reason=port_error boardName=board1 port=COM6 message="Opening COM6: File not found"
[2026-08-18 20:33:05.821] [error] [serialport] event=serialport.error status=failed reason=port_error boardName=board2 port=COM7 message="Opening COM7: File not found"
[2026-08-18 20:39:56.110] [info]  [serialport] event=serialport.connect status=started scope=all
[2026-08-18 20:39:56.145] [info]  [serialport] event=serialport.connect status=started scope=all
[2026-08-18 20:39:56.243] [error] [serialport] event=serialport.error status=failed reason=port_error boardName=board1 port=COM6 message="Opening COM6: File not found"
[2026-08-18 20:39:56.248] [error] [serialport] event=serialport.error status=failed reason=port_error boardName=board2 port=COM7 message="Opening COM7: File not found"
[2026-08-18 20:39:56.251] [error] [serialport] event=serialport.error status=failed reason=port_error boardName=board1 port=COM6 message="Opening COM6: File not found"
[2026-08-18 20:39:56.257] [error] [serialport] event=serialport.error status=failed reason=port_error boardName=board2 port=COM7 message="Opening COM7: File not found"
[2026-08-18 20:42:14.743] [info]  [serialport] event=serialport.connect status=started scope=all
[2026-08-18 20:42:14.776] [info]  [serialport] event=serialport.connect status=started scope=all
[2026-08-18 20:42:14.835] [error] [serialport] event=serialport.error status=failed reason=port_error boardName=board1 port=COM6 message="Opening COM6: File not found"
[2026-08-18 20:42:14.838] [error] [serialport] event=serialport.error status=failed reason=port_error boardName=board2 port=COM7 message="Opening COM7: File not found"
[2026-08-18 20:42:14.840] [error] [serialport] event=serialport.error status=failed reason=port_error boardName=board1 port=COM6 message="Opening COM6: File not found"
[2026-08-18 20:42:14.842] [error] [serialport] event=serialport.error status=failed reason=port_error boardName=board2 port=COM7 message="Opening COM7: File not found"
[2026-08-18 20:43:37.850] [info]  [serialport] event=serialport.connect status=started scope=all
[2026-08-18 20:43:37.901] [info]  [serialport] event=serialport.connect status=started scope=all
[2026-08-18 20:43:38.012] [error] [serialport] event=serialport.error status=failed reason=port_error boardName=board1 port=COM6 message="Opening COM6: File not found"
[2026-08-18 20:43:38.018] [error] [serialport] event=serialport.error status=failed reason=port_error boardName=board2 port=COM7 message="Opening COM7: File not found"
[2026-08-18 20:43:38.022] [error] [serialport] event=serialport.error status=failed reason=port_error boardName=board1 port=COM6 message="Opening COM6: File not found"
[2026-08-18 20:43:38.027] [error] [serialport] event=serialport.error status=failed reason=port_error boardName=board2 port=COM7 message="Opening COM7: File not found"
[2026-08-18 20:44:42.693] [info]  [serialport] event=serialport.connect status=started scope=all
[2026-08-18 20:44:42.728] [info]  [serialport] event=serialport.connect status=started scope=all
[2026-08-18 20:44:42.787] [error] [serialport] event=serialport.error status=failed reason=port_error boardName=board1 port=COM6 message="Opening COM6: File not found"
[2026-08-18 20:44:42.790] [error] [serialport] event=serialport.error status=failed reason=port_error boardName=board2 port=COM7 message="Opening COM7: File not found"
[2026-08-18 20:44:42.792] [error] [serialport] event=serialport.error status=failed reason=port_error boardName=board1 port=COM6 message="Opening COM6: File not found"
[2026-08-18 20:44:42.795] [error] [serialport] event=serialport.error status=failed reason=port_error boardName=board2 port=COM7 message="Opening COM7: File not found"