[2026-08-10 23:03:38.648] [error] at wrapResolveFilename (node:internal/modules/cjs/loader:1078:27)
[2026-08-10 23:03:38.649] [error] at defaultResolveImplForCJSLoading (node:internal/modules/cjs/loader:1102:10)
[2026-08-10 23:03:38.649] [error] at resolveForCJSWithHooks (node:internal/modules/cjs/loader:1129:12)
[2026-08-10 23:03:38.650] [error] at Module._load (node:internal/modules/cjs/loader:1301:5)
[2026-08-10 23:03:38.652] [error] at c._load (node:electron/js2c/node_init:2:18060)
[2026-08-10 23:03:38.653] [error] at wrapModuleLoad (node:internal/modules/cjs/loader:262:19)
[2026-08-10 23:03:38.653] [error] at Module.require (node:internal/modules/cjs/loader:1624:12)
[2026-08-10 23:03:38.654] [error] at require (node:internal/modules/helpers:153:16)
[2026-08-10 23:03:38.654] [error] at Object.<anonymous> (C:\Users\커피에반하다\AppData\Local\Programs\haste-client\resources\app.asar\node_modules\discord.js\src\index.js:3:29) {
[2026-08-10 23:03:38.655] [error] code: 'MODULE_NOT_FOUND',
[2026-08-10 23:03:38.655] [error] requireStack: [
[2026-08-10 23:03:38.656] [error] 'C:\\Users\\커피에반하다\\AppData\\Local\\Programs\\haste-client\\resources\\app.asar\\node_modules\\discord.js\\src\\index.js',
[2026-08-10 23:03:38.656] [error] 'C:\\Users\\커피에반하다\\AppData\\Local\\Programs\\haste-client\\resources\\app.asar\\haste_agent_bridge.js'
[2026-08-10 23:03:38.657] [error] ]
[2026-08-10 23:03:38.658] [error] }
[2026-08-10 23:03:38.658] [error] Node.js v24.18.0
[2026-08-10 23:03:44.076] [error] node:internal/modules/cjs/loader:1527
[2026-08-10 23:03:44.076] [error] throw err;
[2026-08-10 23:03:44.078] [error] ^
[2026-08-10 23:03:44.078] [error] Error: Cannot find module '@discordjs/util'
[2026-08-10 23:03:44.079] [error] Require stack:
[2026-08-10 23:03:44.080] [error] - C:\Users\커피에반하다\AppData\Local\Programs\haste-client\resources\app.asar\node_modules\discord.js\src\index.js
[2026-08-10 23:03:44.081] [error] - C:\Users\커피에반하다\AppData\Local\Programs\haste-client\resources\app.asar\haste_agent_bridge.js
[2026-08-10 23:03:44.083] [error] at Module._resolveFilename (node:internal/modules/cjs/loader:1524:15)
[2026-08-10 23:03:44.084] [error] at wrapResolveFilename (node:internal/modules/cjs/loader:1078:27)
[2026-08-10 23:03:44.084] [error] at defaultResolveImplForCJSLoading (node:internal/modules/cjs/loader:1102:10)
[2026-08-10 23:03:44.086] [error] at resolveForCJSWithHooks (node:internal/modules/cjs/loader:1129:12)
[2026-08-10 23:03:44.087] [error] at Module._load (node:internal/modules/cjs/loader:1301:5)
[2026-08-10 23:03:44.088] [error] at c._load (node:electron/js2c/node_init:2:18060)
[2026-08-10 23:03:44.089] [error] at wrapModuleLoad (node:internal/modules/cjs/loader:262:19)
[2026-08-10 23:03:44.090] [error] at Module.require (node:internal/modules/cjs/loader:1624:12)
[2026-08-10 23:03:44.091] [error] at require (node:internal/modules/helpers:153:16)
[2026-08-10 23:03:44.092] [error] at Object.<anonymous> (C:\Users\커피에반하다\AppData\Local\Programs\haste-client\resources\app.asar\node_modules\discord.js\src\index.js:3:29) {
[2026-08-10 23:03:44.092] [error] code: 'MODULE_NOT_FOUND',
[2026-08-10 23:03:44.093] [error] requireStack: [
[2026-08-10 23:03:44.094] [error] 'C:\\Users\\커피에반하다\\AppData\\Local\\Programs\\haste-client\\resources\\app.asar\\node_modules\\discord.js\\src\\index.js',
[2026-08-10 23:03:44.094] [error] 'C:\\Users\\커피에반하다\\AppData\\Local\\Programs\\haste-client\\resources\\app.asar\\haste_agent_bridge.js'
[2026-08-10 23:03:44.095] [error] ]
[2026-08-10 23:03:44.096] [error] }
[2026-08-10 23:03:44.096] [error] Node.js v24.18.0
[2026-08-10 23:03:49.522] [error] node:internal/modules/cjs/loader:1527
[2026-08-10 23:03:49.523] [error] throw err;
[2026-08-10 23:03:49.524] [error] ^
[2026-08-10 23:03:49.525] [error] Error: Cannot find module '@discordjs/util'
[2026-08-10 23:03:49.526] [error] Require stack:
[2026-08-10 23:03:49.527] [error] - C:\Users\커피에반하다\AppData\Local\Programs\haste-client\resources\app.asar\node_modules\discord.js\src\index.js
[2026-08-10 23:03:49.528] [error] - C:\Users\커피에반하다\AppData\Local\Programs\haste-client\resources\app.asar\haste_agent_bridge.js
[2026-08-10 23:03:49.529] [error] at Module._resolveFilename (node:internal/modules/cjs/loader:1524:15)
[2026-08-10 23:03:49.529] [error] at wrapResolveFilename (node:internal/modules/cjs/loader:1078:27)
[2026-08-10 23:03:49.530] [error] at defaultResolveImplForCJSLoading (node:internal/modules/cjs/loader:1102:10)
[2026-08-10 23:03:49.530] [error] at resolveForCJSWithHooks (node:internal/modules/cjs/loader:1129:12)
[2026-08-10 23:03:49.531] [error] at Module._load (node:internal/modules/cjs/loader:1301:5)
[2026-08-10 23:03:49.531] [error] at c._load (node:electron/js2c/node_init:2:18060)
[2026-08-10 23:03:49.532] [error] at wrapModuleLoad (node:internal/modules/cjs/loader:262:19)
[2026-08-10 23:03:49.532] [error] at Module.require (node:internal/modules/cjs/loader:1624:12)
[2026-08-10 23:03:49.533] [error] at require (node:internal/modules/helpers:153:16)
[2026-08-10 23:03:49.534] [error] at Object.<anonymous> (C:\Users\커피에반하다\AppData\Local\Programs\haste-client\resources\app.asar\node_modules\discord.js\src\index.js:3:29) {
[2026-08-10 23:03:49.536] [error] code: 'MODULE_NOT_FOUND',
[2026-08-10 23:03:49.536] [error] requireStack: [
[2026-08-10 23:03:49.537] [error] 'C:\\Users\\커피에반하다\\AppData\\Local\\Programs\\haste-client\\resources\\app.asar\\node_modules\\discord.js\\src\\index.js',
[2026-08-10 23:03:49.537] [error] 'C:\\Users\\커피에반하다\\AppData\\Local\\Programs\\haste-client\\resources\\app.asar\\haste_agent_bridge.js'
[2026-08-10 23:03:49.538] [error] ]
[2026-08-10 23:03:49.538] [error] }
[2026-08-10 23:03:49.539] [error] Node.js v24.18.0
[2026-08-10 23:03:54.914] [error] node:internal/modules/cjs/loader:1527
[2026-08-10 23:03:54.915] [error] throw err;
[2026-08-10 23:03:54.916] [error] ^
[2026-08-10 23:03:54.917] [error] Error: Cannot find module '@discordjs/util'
[2026-08-10 23:03:54.919] [error] Require stack:
[2026-08-10 23:03:54.920] [error] - C:\Users\커피에반하다\AppData\Local\Programs\haste-client\resources\app.asar\node_modules\discord.js\src\index.js
[2026-08-10 23:03:54.920] [error] - C:\Users\커피에반하다\AppData\Local\Programs\haste-client\resources\app.asar\haste_agent_bridge.js
[2026-08-10 23:03:54.921] [error] at Module._resolveFilename (node:internal/modules/cjs/loader:1524:15)
[2026-08-10 23:03:54.922] [error] at wrapResolveFilename (node:internal/modules/cjs/loader:1078:27)
[2026-08-10 23:03:54.922] [error] at defaultResolveImplForCJSLoading (node:internal/modules/cjs/loader:1102:10)
[2026-08-10 23:03:54.923] [error] at resolveForCJSWithHooks (node:internal/modules/cjs/loader:1129:12)
[2026-08-10 23:03:54.923] [error] at Module._load (node:internal/modules/cjs/loader:1301:5)
[2026-08-10 23:03:54.924] [error] at c._load (node:electron/js2c/node_init:2:18060)
[2026-08-10 23:03:54.924] [error] at wrapModuleLoad (node:internal/modules/cjs/loader:262:19)
[2026-08-10 23:03:54.925] [error] at Module.require (node:internal/modules/cjs/loader:1624:12)
[2026-08-10 23:03:54.925] [error] at require (node:internal/modules/helpers:153:16)
[2026-08-10 23:03:54.926] [error] at Object.<anonymous> (C:\Users\커피에반하다\AppData\Local\Programs\haste-client\resources\app.asar\node_modules\discord.js\src\index.js:3:29) {
[2026-08-10 23:03:54.926] [error] code: 'MODULE_NOT_FOUND',
[2026-08-10 23:03:54.927] [error] requireStack: [
[2026-08-10 23:03:54.928] [error] 'C:\\Users\\커피에반하다\\AppData\\Local\\Programs\\haste-client\\resources\\app.asar\\node_modules\\discord.js\\src\\index.js',
[2026-08-10 23:03:54.928] [error] 'C:\\Users\\커피에반하다\\AppData\\Local\\Programs\\haste-client\\resources\\app.asar\\haste_agent_bridge.js'
[2026-08-10 23:03:54.929] [error] ]
[2026-08-10 23:03:54.929] [error] }
[2026-08-10 23:03:54.930] [error] Node.js v24.18.0
[2026-08-10 23:04:00.350] [error] node:internal/modules/cjs/loader:1527
[2026-08-10 23:04:00.351] [error] throw err;
[2026-08-10 23:04:00.353] [error] ^
[2026-08-10 23:04:00.353] [error] Error: Cannot find module '@discordjs/util'
[2026-08-10 23:04:00.355] [error] Require stack:
[2026-08-10 23:04:00.356] [error] - C:\Users\커피에반하다\AppData\Local\Programs\haste-client\resources\app.asar\node_modules\discord.js\src\index.js
[2026-08-10 23:04:00.357] [error] - C:\Users\커피에반하다\AppData\Local\Programs\haste-client\resources\app.asar\haste_agent_bridge.js
[2026-08-10 23:04:00.360] [error] at Module._resolveFilename (node:internal/modules/cjs/loader:1524:15)
[2026-08-10 23:04:00.361] [error] at wrapResolveFilename (node:internal/modules/cjs/loader:1078:27)
[2026-08-10 23:04:00.362] [error] at defaultResolveImplForCJSLoading (node:internal/modules/cjs/loader:1102:10)
[2026-08-10 23:04:00.363] [error] at resolveForCJSWithHooks (node:internal/modules/cjs/loader:1129:12)
[2026-08-10 23:04:00.363] [error] at Module._load (node:internal/modules/cjs/loader:1301:5)
[2026-08-10 23:04:00.364] [error] at c._load (node:electron/js2c/node_init:2:18060)
[2026-08-10 23:04:00.365] [error] at wrapModuleLoad (node:internal/modules/cjs/loader:262:19)
[2026-08-10 23:04:00.365] [error] at Module.require (node:internal/modules/cjs/loader:1624:12)
[2026-08-10 23:04:00.366] [error] at require (node:internal/modules/helpers:153:16)
[2026-08-10 23:04:00.367] [error] at Object.<anonymous> (C:\Users\커피에반하다\AppData\Local\Programs\haste-client\resources\app.asar\node_modules\discord.js\src\index.js:3:29) {
[2026-08-10 23:04:00.368] [error] code: 'MODULE_NOT_FOUND',
[2026-08-10 23:04:00.368] [error] requireStack: [
[2026-08-10 23:04:00.369] [error] 'C:\\Users\\커피에반하다\\AppData\\Local\\Programs\\haste-client\\resources\\app.asar\\node_modules\\discord.js\\src\\index.js',
[2026-08-10 23:04:00.369] [error] 'C:\\Users\\커피에반하다\\AppData\\Local\\Programs\\haste-client\\resources\\app.asar\\haste_agent_bridge.js'
[2026-08-10 23:04:00.370] [error] ]
[2026-08-10 23:04:00.371] [error] }
[2026-08-10 23:04:00.371] [error] Node.js v24.18.0
[2026-08-10 23:04:05.796] [error] node:internal/modules/cjs/loader:1527
[2026-08-10 23:04:05.798] [error] throw err;
[2026-08-10 23:04:05.799] [error] ^
[2026-08-10 23:04:05.800] [error] Error: Cannot find module '@discordjs/util'
[2026-08-10 23:04:05.801] [error] Require stack:
[2026-08-10 23:04:05.801] [error] - C:\Users\커피에반하다\AppData\Local\Programs\haste-client\resources\app.asar\node_modules\discord.js\src\index.js
[2026-08-10 23:04:05.802] [error] - C:\Users\커피에반하다\AppData\Local\Programs\haste-client\resources\app.asar\haste_agent_bridge.js
[2026-08-10 23:04:05.802] [error] at Module._resolveFilename (node:internal/modules/cjs/loader:1524:15)
[2026-08-10 23:04:05.803] [error] at wrapResolveFilename (node:internal/modules/cjs/loader:1078:27)
[2026-08-10 23:04:05.803] [error] at defaultResolveImplForCJSLoading (node:internal/modules/cjs/loader:1102:10)
[2026-08-10 23:04:05.804] [error] at resolveForCJSWithHooks (node:internal/modules/cjs/loader:1129:12)
[2026-08-10 23:04:05.804] [error] at Module._load (node:internal/modules/cjs/loader:1301:5)
[2026-08-10 23:04:05.805] [error] at c._load (node:electron/js2c/node_init:2:18060)
[2026-08-10 23:04:05.805] [error] at wrapModuleLoad (node:internal/modules/cjs/loader:262:19)
[2026-08-10 23:04:05.806] [error] at Module.require (node:internal/modules/cjs/loader:1624:12)
[2026-08-10 23:04:05.806] [error] at require (node:internal/modules/helpers:153:16)
[2026-08-10 23:04:05.807] [error] at Object.<anonymous> (C:\Users\커피에반하다\AppData\Local\Programs\haste-client\resources\app.asar\node_modules\discord.js\src\index.js:3:29) {
[2026-08-10 23:04:05.808] [error] code: 'MODULE_NOT_FOUND',
[2026-08-10 23:04:05.808] [error] requireStack: [
[2026-08-10 23:04:05.809] [error] 'C:\\Users\\커피에반하다\\AppData\\Local\\Programs\\haste-client\\resources\\app.asar\\node_modules\\discord.js\\src\\index.js',
[2026-08-10 23:04:05.810] [error] 'C:\\Users\\커피에반하다\\AppData\\Local\\Programs\\haste-client\\resources\\app.asar\\haste_agent_bridge.js'
[2026-08-10 23:04:05.810] [error] ]
[2026-08-10 23:04:05.811] [error] }
[2026-08-10 23:04:05.811] [error] Node.js v24.18.0
[2026-08-10 23:04:11.200] [error] node:internal/modules/cjs/loader:1527
[2026-08-10 23:04:11.201] [error] throw err;
[2026-08-10 23:04:11.203] [error] ^
[2026-08-10 23:04:11.204] [error] Error: Cannot find module '@discordjs/util'
[2026-08-10 23:04:11.204] [error] Require stack:
[2026-08-10 23:04:11.206] [error] - C:\Users\커피에반하다\AppData\Local\Programs\haste-client\resources\app.asar\node_modules\discord.js\src\index.js
[2026-08-10 23:04:11.206] [error] - C:\Users\커피에반하다\AppData\Local\Programs\haste-client\resources\app.asar\haste_agent_bridge.js
[2026-08-10 23:04:11.207] [error] at Module._resolveFilename (node:internal/modules/cjs/loader:1524:15)
[2026-08-10 23:04:11.208] [error] at wrapResolveFilename (node:internal/modules/cjs/loader:1078:27)
[2026-08-10 23:04:11.209] [error] at defaultResolveImplForCJSLoading (node:internal/modules/cjs/loader:1102:10)
[2026-08-10 23:04:11.210] [error] at resolveForCJSWithHooks (node:internal/modules/cjs/loader:1129:12)
[2026-08-10 23:04:11.211] [error] at Module._load (node:internal/modules/cjs/loader:1301:5)
[2026-08-10 23:04:11.211] [error] at c._load (node:electron/js2c/node_init:2:18060)
[2026-08-10 23:04:11.212] [error] at wrapModuleLoad (node:internal/modules/cjs/loader:262:19)
[2026-08-10 23:04:11.212] [error] at Module.require (node:internal/modules/cjs/loader:1624:12)
[2026-08-10 23:04:11.213] [error] at require (node:internal/modules/helpers:153:16)
[2026-08-10 23:04:11.213] [error] at Object.<anonymous> (C:\Users\커피에반하다\AppData\Local\Programs\haste-client\resources\app.asar\node_modules\discord.js\src\index.js:3:29) {
[2026-08-10 23:04:11.214] [error] code: 'MODULE_NOT_FOUND',
[2026-08-10 23:04:11.214] [error] requireStack: [
[2026-08-10 23:04:11.215] [error] 'C:\\Users\\커피에반하다\\AppData\\Local\\Programs\\haste-client\\resources\\app.asar\\node_modules\\discord.js\\src\\index.js',
[2026-08-10 23:04:11.215] [error] 'C:\\Users\\커피에반하다\\AppData\\Local\\Programs\\haste-client\\resources\\app.asar\\haste_agent_bridge.js'
[2026-08-10 23:04:11.216] [error] ]
[2026-08-10 23:04:11.217] [error] }
[2026-08-10 23:04:11.218] [error] Node.js v24.18.0
[2026-08-10 23:04:16.648] [error] node:internal/modules/cjs/loader:1527
[2026-08-10 23:04:16.649] [error] throw err;
[2026-08-10 23:04:16.649] [error] ^
[2026-08-10 23:04:16.650] [error] Error: Cannot find module '@discordjs/util'
[2026-08-10 23:04:16.651] [error] Require stack:
[2026-08-10 23:04:16.652] [error] - C:\Users\커피에반하다\AppData\Local\Programs\haste-client\resources\app.asar\node_modules\discord.js\src\index.js
[2026-08-10 23:04:16.653] [error] - C:\Users\커피에반하다\AppData\Local\Programs\haste-client\resources\app.asar\haste_agent_bridge.js
[2026-08-10 23:04:16.654] [error] at Module._resolveFilename (node:internal/modules/cjs/loader:1524:15)
[2026-08-10 23:04:16.655] [error] at wrapResolveFilename (node:internal/modules/cjs/loader:1078:27)
[2026-08-10 23:04:16.656] [error] at defaultResolveImplForCJSLoading (node:internal/modules/cjs/loader:1102:10)
[2026-08-10 23:04:16.657] [error] at resolveForCJSWithHooks (node:internal/modules/cjs/loader:1129:12)
[2026-08-10 23:04:16.657] [error] at Module._load (node:internal/modules/cjs/loader:1301:5)
[2026-08-10 23:04:16.658] [error] at c._load (node:electron/js2c/node_init:2:18060)
[2026-08-10 23:04:16.659] [error] at wrapModuleLoad (node:internal/modules/cjs/loader:262:19)
[2026-08-10 23:04:16.659] [error] at Module.require (node:internal/modules/cjs/loader:1624:12)
[2026-08-10 23:04:16.660] [error] at require (node:internal/modules/helpers:153:16)
[2026-08-10 23:04:16.660] [error] at Object.<anonymous> (C:\Users\커피에반하다\AppData\Local\Programs\haste-client\resources\app.asar\node_modules\discord.js\src\index.js:3:29) {
[2026-08-10 23:04:16.661] [error] code: 'MODULE_NOT_FOUND',
[2026-08-10 23:04:16.661] [error] requireStack: [
[2026-08-10 23:04:16.662] [error] 'C:\\Users\\커피에반하다\\AppData\\Local\\Programs\\haste-client\\resources\\app.asar\\node_modules\\discord.js\\src\\index.js',
[2026-08-10 23:04:16.662] [error] 'C:\\Users\\커피에반하다\\AppData\\Local\\Programs\\haste-client\\resources\\app.asar\\haste_agent_bridge.js'
[2026-08-10 23:04:16.663] [error] ]
[2026-08-10 23:04:16.663] [error] }
[2026-08-10 23:04:16.676] [error] Node.js v24.18.0
[2026-08-10 23:04:22.089] [error] node:internal/modules/cjs/loader:1527
[2026-08-10 23:04:22.090] [error] throw err;
[2026-08-10 23:04:22.091] [error] ^
[2026-08-10 23:04:22.092] [error] Error: Cannot find module '@discordjs/util'
[2026-08-10 23:04:22.093] [error] Require stack:
[2026-08-10 23:04:22.094] [error] - C:\Users\커피에반하다\AppData\Local\Programs\haste-client\resources\app.asar\node_modules\discord.js\src\index.js
[2026-08-10 23:04:22.095] [error] - C:\Users\커피에반하다\AppData\Local\Programs\haste-client\resources\app.asar\haste_agent_bridge.js
[2026-08-10 23:04:22.096] [error] at Module._resolveFilename (node:internal/modules/cjs/loader:1524:15)
[2026-08-10 23:04:22.096] [error] at wrapResolveFilename (node:internal/modules/cjs/loader:1078:27)
[2026-08-10 23:04:22.097] [error] at defaultResolveImplForCJSLoading (node:internal/modules/cjs/loader:1102:10)
[2026-08-10 23:04:22.097] [error] at resolveForCJSWithHooks (node:internal/modules/cjs/loader:1129:12)
[2026-08-10 23:04:22.098] [error] at Module._load (node:internal/modules/cjs/loader:1301:5)
[2026-08-10 23:04:22.098] [error] at c._load (node:electron/js2c/node_init:2:18060)
[2026-08-10 23:04:22.099] [error] at wrapModuleLoad (node:internal/modules/cjs/loader:262:19)
[2026-08-10 23:04:22.099] [error] at Module.require (node:internal/modules/cjs/loader:1624:12)
[2026-08-10 23:04:22.100] [error] at require (node:internal/modules/helpers:153:16)
[2026-08-10 23:04:22.102] [error] at Object.<anonymous> (C:\Users\커피에반하다\AppData\Local\Programs\haste-client\resources\app.asar\node_modules\discord.js\src\index.js:3:29) {
[2026-08-10 23:04:22.103] [error] code: 'MODULE_NOT_FOUND',
[2026-08-10 23:04:22.104] [error] requireStack: [
[2026-08-10 23:04:22.104] [error] 'C:\\Users\\커피에반하다\\AppData\\Local\\Programs\\haste-client\\resources\\app.asar\\node_modules\\discord.js\\src\\index.js',
[2026-08-10 23:04:22.105] [error] 'C:\\Users\\커피에반하다\\AppData\\Local\\Programs\\haste-client\\resources\\app.asar\\haste_agent_bridge.js'
[2026-08-10 23:04:22.105] [error] ]
[2026-08-10 23:04:22.106] [error] }
[2026-08-10 23:04:22.106] [error] Node.js v24.18.0
[2026-08-10 23:04:27.515] [error] node:internal/modules/cjs/loader:1527
[2026-08-10 23:04:27.516] [error] throw err;
[2026-08-10 23:04:27.517] [error] ^
[2026-08-10 23:04:27.518] [error] Error: Cannot find module '@discordjs/util'
[2026-08-10 23:04:27.519] [error] Require stack:
[2026-08-10 23:04:27.519] [error] - C:\Users\커피에반하다\AppData\Local\Programs\haste-client\resources\app.asar\node_modules\discord.js\src\index.js
[2026-08-10 23:04:27.520] [error] - C:\Users\커피에반하다\AppData\Local\Programs\haste-client\resources\app.asar\haste_agent_bridge.js
[2026-08-10 23:04:27.520] [error] at Module._resolveFilename (node:internal/modules/cjs/loader:1524:15)
[2026-08-10 23:04:27.521] [error] at wrapResolveFilename (node:internal/modules/cjs/loader:1078:27)
[2026-08-10 23:04:27.522] [error] at defaultResolveImplForCJSLoading (node:internal/modules/cjs/loader:1102:10)
[2026-08-10 23:04:27.522] [error] at resolveForCJSWithHooks (node:internal/modules/cjs/loader:1129:12)
[2026-08-10 23:04:27.523] [error] at Module._load (node:internal/modules/cjs/loader:1301:5)
[2026-08-10 23:04:27.523] [error] at c._load (node:electron/js2c/node_init:2:18060)
[2026-08-10 23:04:27.524] [error] at wrapModuleLoad (node:internal/modules/cjs/loader:262:19)
[2026-08-10 23:04:27.524] [error] at Module.require (node:internal/modules/cjs/loader:1624:12)
[2026-08-10 23:04:27.525] [error] at require (node:internal/modules/helpers:153:16)
[2026-08-10 23:04:27.525] [error] at Object.<anonymous> (C:\Users\커피에반하다\AppData\Local\Programs\haste-client\resources\app.asar\node_modules\discord.js\src\index.js:3:29) {
[2026-08-10 23:04:27.526] [error] code: 'MODULE_NOT_FOUND',
[2026-08-10 23:04:27.526] [error] requireStack: [
[2026-08-10 23:04:27.527] [error] 'C:\\Users\\커피에반하다\\AppData\\Local\\Programs\\haste-client\\resources\\app.asar\\node_modules\\discord.js\\src\\index.js',
[2026-08-10 23:04:27.527] [error] 'C:\\Users\\커피에반하다\\AppData\\Local\\Programs\\haste-client\\resources\\app.asar\\haste_agent_bridge.js'
[2026-08-10 23:04:27.528] [error] ]
[2026-08-10 23:04:27.528] [error] }
[2026-08-10 23:04:27.529] [error] Node.js v24.18.0
[2026-08-10 23:04:32.939] [error] node:internal/modules/cjs/loader:1527
[2026-08-10 23:04:32.940] [error] throw err;
[2026-08-10 23:04:32.940] [error] ^
[2026-08-10 23:04:32.941] [error] Error: Cannot find module '@discordjs/util'
[2026-08-10 23:04:32.942] [error] Require stack:
[2026-08-10 23:04:32.943] [error] - C:\Users\커피에반하다\AppData\Local\Programs\haste-client\resources\app.asar\node_modules\discord.js\src\index.js
[2026-08-10 23:04:32.944] [error] - C:\Users\커피에반하다\AppData\Local\Programs\haste-client\resources\app.asar\haste_agent_bridge.js
[2026-08-10 23:04:32.944] [error] at Module._resolveFilename (node:internal/modules/cjs/loader:1524:15)
[2026-08-10 23:04:32.945] [error] at wrapResolveFilename (node:internal/modules/cjs/loader:1078:27)
[2026-08-10 23:04:32.945] [error] at defaultResolveImplForCJSLoading (node:internal/modules/cjs/loader:1102:10)
[2026-08-10 23:04:32.946] [error] at resolveForCJSWithHooks (node:internal/modules/cjs/loader:1129:12)
[2026-08-10 23:04:32.946] [error] at Module._load (node:internal/modules/cjs/loader:1301:5)
[2026-08-10 23:04:32.947] [error] at c._load (node:electron/js2c/node_init:2:18060)
[2026-08-10 23:04:32.947] [error] at wrapModuleLoad (node:internal/modules/cjs/loader:262:19)
[2026-08-10 23:04:32.948] [error] at Module.require (node:internal/modules/cjs/loader:1624:12)
[2026-08-10 23:04:32.948] [error] at require (node:internal/modules/helpers:153:16)
[2026-08-10 23:04:32.949] [error] at Object.<anonymous> (C:\Users\커피에반하다\AppData\Local\Programs\haste-client\resources\app.asar\node_modules\discord.js\src\index.js:3:29) {
[2026-08-10 23:04:32.949] [error] code: 'MODULE_NOT_FOUND',
[2026-08-10 23:04:32.950] [error] requireStack: [
[2026-08-10 23:04:32.951] [error] 'C:\\Users\\커피에반하다\\AppData\\Local\\Programs\\haste-client\\resources\\app.asar\\node_modules\\discord.js\\src\\index.js',
[2026-08-10 23:04:32.952] [error] 'C:\\Users\\커피에반하다\\AppData\\Local\\Programs\\haste-client\\resources\\app.asar\\haste_agent_bridge.js'
[2026-08-10 23:04:32.952] [error] ]
[2026-08-10 23:04:32.953] [error] }
[2026-08-10 23:04:32.959] [error] Node.js v24.18.0
[2026-08-10 23:04:38.358] [error] node:internal/modules/cjs/loader:1527
[2026-08-10 23:04:38.358] [error] throw err;
[2026-08-10 23:04:38.359] [error] ^
[2026-08-10 23:04:38.360] [error] Error: Cannot find module '@discordjs/util'
[2026-08-10 23:04:38.361] [error] Require stack:
[2026-08-10 23:04:38.362] [error] - C:\Users\커피에반하다\AppData\Local\Programs\haste-client\resources\app.asar\node_modules\discord.js\src\index.js
[2026-08-10 23:04:38.362] [error] - C:\Users\커피에반하다\AppData\Local\Programs\haste-client\resources\app.asar\haste_agent_bridge.js
[2026-08-10 23:04:38.363] [error] at Module._resolveFilename (node:internal/modules/cjs/loader:1524:15)
[2026-08-10 23:04:38.363] [error] at wrapResolveFilename (node:internal/modules/cjs/loader:1078:27)
[2026-08-10 23:04:38.364] [error] at defaultResolveImplForCJSLoading (node:internal/modules/cjs/loader:1102:10)
[2026-08-10 23:04:38.365] [error] at resolveForCJSWithHooks (node:internal/modules/cjs/loader:1129:12)
[2026-08-10 23:04:38.365] [error] at Module._load (node:internal/modules/cjs/loader:1301:5)
[2026-08-10 23:04:38.366] [error] at c._load (node:electron/js2c/node_init:2:18060)
[2026-08-10 23:04:38.366] [error] at wrapModuleLoad (node:internal/modules/cjs/loader:262:19)
[2026-08-10 23:04:38.367] [error] at Module.require (node:internal/modules/cjs/loader:1624:12)
[2026-08-10 23:04:38.368] [error] at require (node:internal/modules/helpers:153:16)
[2026-08-10 23:04:38.369] [error] at Object.<anonymous> (C:\Users\커피에반하다\AppData\Local\Programs\haste-client\resources\app.asar\node_modules\discord.js\src\index.js:3:29) {
[2026-08-10 23:04:38.369] [error] code: 'MODULE_NOT_FOUND',
[2026-08-10 23:04:38.370] [error] requireStack: [
[2026-08-10 23:04:38.371] [error] 'C:\\Users\\커피에반하다\\AppData\\Local\\Programs\\haste-client\\resources\\app.asar\\node_modules\\discord.js\\src\\index.js',
[2026-08-10 23:04:38.371] [error] 'C:\\Users\\커피에반하다\\AppData\\Local\\Programs\\haste-client\\resources\\app.asar\\haste_agent_bridge.js'
[2026-08-10 23:04:38.372] [error] ]
[2026-08-10 23:04:38.372] [error] }
[2026-08-10 23:04:38.373] [error] Node.js v24.18.0
[2026-08-10 23:04:43.782] [error] node:internal/modules/cjs/loader:1527
[2026-08-10 23:04:43.783] [error] throw err;
[2026-08-10 23:04:43.784] [error] ^
[2026-08-10 23:04:43.785] [error] Error: Cannot find module '@discordjs/util'
[2026-08-10 23:04:43.785] [error] Require stack:
[2026-08-10 23:04:43.786] [error] - C:\Users\커피에반하다\AppData\Local\Programs\haste-client\resources\app.asar\node_modules\discord.js\src\index.js
[2026-08-10 23:04:43.786] [error] - C:\Users\커피에반하다\AppData\Local\Programs\haste-client\resources\app.asar\haste_agent_bridge.js
[2026-08-10 23:04:43.787] [error] at Module._resolveFilename (node:internal/modules/cjs/loader:1524:15)
[2026-08-10 23:04:43.788] [error] at wrapResolveFilename (node:internal/modules/cjs/loader:1078:27)
[2026-08-10 23:04:43.788] [error] at defaultResolveImplForCJSLoading (node:internal/modules/cjs/loader:1102:10)
[2026-08-10 23:04:43.789] [error] at resolveForCJSWithHooks (node:internal/modules/cjs/loader:1129:12)
[2026-08-10 23:04:43.789] [error] at Module._load (node:internal/modules/cjs/loader:1301:5)
[2026-08-10 23:04:43.790] [error] at c._load (node:electron/js2c/node_init:2:18060)
[2026-08-10 23:04:43.790] [error] at wrapModuleLoad (node:internal/modules/cjs/loader:262:19)
[2026-08-10 23:04:43.791] [error] at Module.require (node:internal/modules/cjs/loader:1624:12)
[2026-08-10 23:04:43.792] [error] at require (node:internal/modules/helpers:153:16)
[2026-08-10 23:04:43.792] [error] at Object.<anonymous> (C:\Users\커피에반하다\AppData\Local\Programs\haste-client\resources\app.asar\node_modules\discord.js\src\index.js:3:29) {
[2026-08-10 23:04:43.793] [error] code: 'MODULE_NOT_FOUND',
[2026-08-10 23:04:43.794] [error] requireStack: [
[2026-08-10 23:04:43.794] [error] 'C:\\Users\\커피에반하다\\AppData\\Local\\Programs\\haste-client\\resources\\app.asar\\node_modules\\discord.js\\src\\index.js',
[2026-08-10 23:04:43.795] [error] 'C:\\Users\\커피에반하다\\AppData\\Local\\Programs\\haste-client\\resources\\app.asar\\haste_agent_bridge.js'
[2026-08-10 23:04:43.795] [error] ]
[2026-08-10 23:04:43.796] [error] }
[2026-08-10 23:04:43.796] [error] Node.js v24.18.0
[2026-08-10 23:04:49.211] [error] node:internal/modules/cjs/loader:1527
[2026-08-10 23:04:49.213] [error] throw err;
[2026-08-10 23:04:49.215] [error] ^
[2026-08-10 23:04:49.216] [error] Error: Cannot find module '@discordjs/util'
[2026-08-10 23:04:49.216] [error] Require stack:
[2026-08-10 23:04:49.217] [error] - C:\Users\커피에반하다\AppData\Local\Programs\haste-client\resources\app.asar\node_modules\discord.js\src\index.js
[2026-08-10 23:04:49.218] [error] - C:\Users\커피에반하다\AppData\Local\Programs\haste-client\resources\app.asar\haste_agent_bridge.js
[2026-08-10 23:04:49.218] [error] at Module._resolveFilename (node:internal/modules/cjs/loader:1524:15)
[2026-08-10 23:04:49.219] [error] at wrapResolveFilename (node:internal/modules/cjs/loader:1078:27)
[2026-08-10 23:04:49.219] [error] at defaultResolveImplForCJSLoading (node:internal/modules/cjs/loader:1102:10)
[2026-08-10 23:04:49.220] [error] at resolveForCJSWithHooks (node:internal/modules/cjs/loader:1129:12)
[2026-08-10 23:04:49.221] [error] at Module._load (node:internal/modules/cjs/loader:1301:5)
[2026-08-10 23:04:49.221] [error] at c._load (node:electron/js2c/node_init:2:18060)
[2026-08-10 23:04:49.222] [error] at wrapModuleLoad (node:internal/modules/cjs/loader:262:19)
[2026-08-10 23:04:49.222] [error] at Module.require (node:internal/modules/cjs/loader:1624:12)
[2026-08-10 23:04:49.223] [error] at require (node:internal/modules/helpers:153:16)
[2026-08-10 23:04:49.223] [error] at Object.<anonymous> (C:\Users\커피에반하다\AppData\Local\Programs\haste-client\resources\app.asar\node_modules\discord.js\src\index.js:3:29) {
[2026-08-10 23:04:49.224] [error] code: 'MODULE_NOT_FOUND',
[2026-08-10 23:04:49.224] [error] requireStack: [
[2026-08-10 23:04:49.225] [error] 'C:\\Users\\커피에반하다\\AppData\\Local\\Programs\\haste-client\\resources\\app.asar\\node_modules\\discord.js\\src\\index.js',
[2026-08-10 23:04:49.225] [error] 'C:\\Users\\커피에반하다\\AppData\\Local\\Programs\\haste-client\\resources\\app.asar\\haste_agent_bridge.js'
[2026-08-10 23:04:49.226] [error] ]
[2026-08-10 23:04:49.227] [error] }
[2026-08-10 23:04:49.229] [error] Node.js v24.18.0
[2026-08-10 23:04:54.631] [error] node:internal/modules/cjs/loader:1527
[2026-08-10 23:04:54.632] [error] throw err;
[2026-08-10 23:04:54.633] [error] ^
[2026-08-10 23:04:54.634] [error] Error: Cannot find module '@discordjs/util'
[2026-08-10 23:04:54.635] [error] Require stack:
[2026-08-10 23:04:54.635] [error] - C:\Users\커피에반하다\AppData\Local\Programs\haste-client\resources\app.asar\node_modules\discord.js\src\index.js
[2026-08-10 23:04:54.636] [error] - C:\Users\커피에반하다\AppData\Local\Programs\haste-client\resources\app.asar\haste_agent_bridge.js
[2026-08-10 23:04:54.636] [error] at Module._resolveFilename (node:internal/modules/cjs/loader:1524:15)
[2026-08-10 23:04:54.637] [error] at wrapResolveFilename (node:internal/modules/cjs/loader:1078:27)
[2026-08-10 23:04:54.638] [error] at defaultResolveImplForCJSLoading (node:internal/modules/cjs/loader:1102:10)
[2026-08-10 23:04:54.638] [error] at resolveForCJSWithHooks (node:internal/modules/cjs/loader:1129:12)
[2026-08-10 23:04:54.639] [error] at Module._load (node:internal/modules/cjs/loader:1301:5)
[2026-08-10 23:04:54.640] [error] at c._load (node:electron/js2c/node_init:2:18060)
[2026-08-10 23:04:54.640] [error] at wrapModuleLoad (node:internal/modules/cjs/loader:262:19)
[2026-08-10 23:04:54.641] [error] at Module.require (node:internal/modules/cjs/loader:1624:12)
[2026-08-10 23:04:54.642] [error] at require (node:internal/modules/helpers:153:16)
[2026-08-10 23:04:54.643] [error] at Object.<anonymous> (C:\Users\커피에반하다\AppData\Local\Programs\haste-client\resources\app.asar\node_modules\discord.js\src\index.js:3:29) {
[2026-08-10 23:04:54.644] [error] code: 'MODULE_NOT_FOUND',
[2026-08-10 23:04:54.644] [error] requireStack: [
[2026-08-10 23:04:54.645] [error] 'C:\\Users\\커피에반하다\\AppData\\Local\\Programs\\haste-client\\resources\\app.asar\\node_modules\\discord.js\\src\\index.js',
[2026-08-10 23:04:54.646] [error] 'C:\\Users\\커피에반하다\\AppData\\Local\\Programs\\haste-client\\resources\\app.asar\\haste_agent_bridge.js'
[2026-08-10 23:04:54.646] [error] ]
[2026-08-10 23:04:54.647] [error] }
[2026-08-10 23:04:54.647] [error] Node.js v24.18.0
[2026-08-10 23:05:00.043] [error] node:internal/modules/cjs/loader:1527
[2026-08-10 23:05:00.044] [error] throw err;
[2026-08-10 23:05:00.045] [error] ^
[2026-08-10 23:05:00.046] [error] Error: Cannot find module '@discordjs/util'
[2026-08-10 23:05:00.046] [error] Require stack:
[2026-08-10 23:05:00.046] [error] - C:\Users\커피에반하다\AppData\Local\Programs\haste-client\resources\app.asar\node_modules\discord.js\src\index.js
[2026-08-10 23:05:00.047] [error] - C:\Users\커피에반하다\AppData\Local\Programs\haste-client\resources\app.asar\haste_agent_bridge.js
[2026-08-10 23:05:00.047] [error] at Module._resolveFilename (node:internal/modules/cjs/loader:1524:15)
[2026-08-10 23:05:00.048] [error] at wrapResolveFilename (node:internal/modules/cjs/loader:1078:27)
[2026-08-10 23:05:00.048] [error] at defaultResolveImplForCJSLoading (node:internal/modules/cjs/loader:1102:10)
[2026-08-10 23:05:00.049] [error] at resolveForCJSWithHooks (node:internal/modules/cjs/loader:1129:12)
[2026-08-10 23:05:00.050] [error] at Module._load (node:internal/modules/cjs/loader:1301:5)
[2026-08-10 23:05:00.050] [error] at c._load (node:electron/js2c/node_init:2:18060)
[2026-08-10 23:05:00.051] [error] at wrapModuleLoad (node:internal/modules/cjs/loader:262:19)
[2026-08-10 23:05:00.052] [error] at Module.require (node:internal/modules/cjs/loader:1624:12)
[2026-08-10 23:05:00.052] [error] at require (node:internal/modules/helpers:153:16)
[2026-08-10 23:05:00.053] [error] at Object.<anonymous> (C:\Users\커피에반하다\AppData\Local\Programs\haste-client\resources\app.asar\node_modules\discord.js\src\index.js:3:29) {
[2026-08-10 23:05:00.053] [error] code: 'MODULE_NOT_FOUND',
[2026-08-10 23:05:00.054] [error] requireStack: [
[2026-08-10 23:05:00.055] [error] 'C:\\Users\\커피에반하다\\AppData\\Local\\Programs\\haste-client\\resources\\app.asar\\node_modules\\discord.js\\src\\index.js',
[2026-08-10 23:05:00.055] [error] 'C:\\Users\\커피에반하다\\AppData\\Local\\Programs\\haste-client\\resources\\app.asar\\haste_agent_bridge.js'
[2026-08-10 23:05:00.056] [error] ]
[2026-08-10 23:05:00.056] [error] }
[2026-08-10 23:05:00.057] [error] Node.js v24.18.0
[2026-08-10 23:05:05.463] [error] node:internal/modules/cjs/loader:1527
[2026-08-10 23:05:05.464] [error] throw err;
[2026-08-10 23:05:05.464] [error] ^
[2026-08-10 23:05:05.465] [error] Error: Cannot find module '@discordjs/util'
[2026-08-10 23:05:05.466] [error] Require stack:
[2026-08-10 23:05:05.467] [error] - C:\Users\커피에반하다\AppData\Local\Programs\haste-client\resources\app.asar\node_modules\discord.js\src\index.js
[2026-08-10 23:05:05.468] [error] - C:\Users\커피에반하다\AppData\Local\Programs\haste-client\resources\app.asar\haste_agent_bridge.js
[2026-08-10 23:05:05.469] [error] at Module._resolveFilename (node:internal/modules/cjs/loader:1524:15)
[2026-08-10 23:05:05.470] [error] at wrapResolveFilename (node:internal/modules/cjs/loader:1078:27)
[2026-08-10 23:05:05.471] [error] at defaultResolveImplForCJSLoading (node:internal/modules/cjs/loader:1102:10)
[2026-08-10 23:05:05.472] [error] at resolveForCJSWithHooks (node:internal/modules/cjs/loader:1129:12)
[2026-08-10 23:05:05.473] [error] at Module._load (node:internal/modules/cjs/loader:1301:5)
[2026-08-10 23:05:05.474] [error] at c._load (node:electron/js2c/node_init:2:18060)
[2026-08-10 23:05:05.475] [error] at wrapModuleLoad (node:internal/modules/cjs/loader:262:19)
[2026-08-10 23:05:05.476] [error] at Module.require (node:internal/modules/cjs/loader:1624:12)
[2026-08-10 23:05:05.477] [error] at require (node:internal/modules/helpers:153:16)
[2026-08-10 23:05:05.479] [error] at Object.<anonymous> (C:\Users\커피에반하다\AppData\Local\Programs\haste-client\resources\app.asar\node_modules\discord.js\src\index.js:3:29) {
[2026-08-10 23:05:05.479] [error] code: 'MODULE_NOT_FOUND',
[2026-08-10 23:05:05.480] [error] requireStack: [
[2026-08-10 23:05:05.481] [error] 'C:\\Users\\커피에반하다\\AppData\\Local\\Programs\\haste-client\\resources\\app.asar\\node_modules\\discord.js\\src\\index.js',
[2026-08-10 23:05:05.481] [error] 'C:\\Users\\커피에반하다\\AppData\\Local\\Programs\\haste-client\\resources\\app.asar\\haste_agent_bridge.js'
[2026-08-10 23:05:05.482] [error] ]
[2026-08-10 23:05:05.482] [error] }
[2026-08-10 23:05:05.484] [error] Node.js v24.18.0
[2026-08-10 23:05:10.930] [error] node:internal/modules/cjs/loader:1527
[2026-08-10 23:05:10.931] [error] throw err;
[2026-08-10 23:05:10.932] [error] ^
[2026-08-10 23:05:10.932] [error] Error: Cannot find module '@discordjs/util'
[2026-08-10 23:05:10.934] [error] Require stack:
[2026-08-10 23:05:10.935] [error] - C:\Users\커피에반하다\AppData\Local\Programs\haste-client\resources\app.asar\node_modules\discord.js\src\index.js
[2026-08-10 23:05:10.936] [error] - C:\Users\커피에반하다\AppData\Local\Programs\haste-client\resources\app.asar\haste_agent_bridge.js
[2026-08-10 23:05:10.937] [error] at Module._resolveFilename (node:internal/modules/cjs/loader:1524:15)
[2026-08-10 23:05:10.937] [error] at wrapResolveFilename (node:internal/modules/cjs/loader:1078:27)
[2026-08-10 23:05:10.938] [error] at defaultResolveImplForCJSLoading (node:internal/modules/cjs/loader:1102:10)
[2026-08-10 23:05:10.939] [error] at resolveForCJSWithHooks (node:internal/modules/cjs/loader:1129:12)
[2026-08-10 23:05:10.939] [error] at Module._load (node:internal/modules/cjs/loader:1301:5)
[2026-08-10 23:05:10.940] [error] at c._load (node:electron/js2c/node_init:2:18060)
[2026-08-10 23:05:10.941] [error] at wrapModuleLoad (node:internal/modules/cjs/loader:262:19)
[2026-08-10 23:05:10.942] [error] at Module.require (node:internal/modules/cjs/loader:1624:12)
[2026-08-10 23:05:10.943] [error] at require (node:internal/modules/helpers:153:16)
[2026-08-10 23:05:10.944] [error] at Object.<anonymous> (C:\Users\커피에반하다\AppData\Local\Programs\haste-client\resources\app.asar\node_modules\discord.js\src\index.js:3:29) {
[2026-08-10 23:05:10.945] [error] code: 'MODULE_NOT_FOUND',
[2026-08-10 23:05:10.945] [error] requireStack: [
[2026-08-10 23:05:10.946] [error] 'C:\\Users\\커피에반하다\\AppData\\Local\\Programs\\haste-client\\resources\\app.asar\\node_modules\\discord.js\\src\\index.js',
[2026-08-10 23:05:10.946] [error] 'C:\\Users\\커피에반하다\\AppData\\Local\\Programs\\haste-client\\resources\\app.asar\\haste_agent_bridge.js'
[2026-08-10 23:05:10.947] [error] ]
[2026-08-10 23:05:10.947] [error] }
[2026-08-10 23:05:10.956] [error] Node.js v24.18.0
[2026-08-10 23:05:16.360] [error] node:internal/modules/cjs/loader:1527
[2026-08-10 23:05:16.361] [error] throw err;
[2026-08-10 23:05:16.362] [error] ^
[2026-08-10 23:05:16.362] [error] Error: Cannot find module '@discordjs/util'
[2026-08-10 23:05:16.363] [error] Require stack:
[2026-08-10 23:05:16.364] [error] - C:\Users\커피에반하다\AppData\Local\Programs\haste-client\resources\app.asar\node_modules\discord.js\src\index.js
[2026-08-10 23:05:16.364] [error] - C:\Users\커피에반하다\AppData\Local\Programs\haste-client\resources\app.asar\haste_agent_bridge.js
[2026-08-10 23:05:16.365] [error] at Module._resolveFilename (node:internal/modules/cjs/loader:1524:15)
[2026-08-10 23:05:16.365] [error] at wrapResolveFilename (node:internal/modules/cjs/loader:1078:27)
[2026-08-10 23:05:16.366] [error] at defaultResolveImplForCJSLoading (node:internal/modules/cjs/loader:1102:10)
[2026-08-10 23:05:16.367] [error] at resolveForCJSWithHooks (node:internal/modules/cjs/loader:1129:12)
[2026-08-10 23:05:16.369] [error] at Module._load (node:internal/modules/cjs/loader:1301:5)
[2026-08-10 23:05:16.370] [error] at c._load (node:electron/js2c/node_init:2:18060)
[2026-08-10 23:05:16.370] [error] at wrapModuleLoad (node:internal/modules/cjs/loader:262:19)
[2026-08-10 23:05:16.371] [error] at Module.require (node:internal/modules/cjs/loader:1624:12)
[2026-08-10 23:05:16.371] [error] at require (node:internal/modules/helpers:153:16)
[2026-08-10 23:05:16.372] [error] at Object.<anonymous> (C:\Users\커피에반하다\AppData\Local\Programs\haste-client\resources\app.asar\node_modules\discord.js\src\index.js:3:29) {
[2026-08-10 23:05:16.372] [error] code: 'MODULE_NOT_FOUND',
[2026-08-10 23:05:16.373] [error] requireStack: [
[2026-08-10 23:05:16.373] [error] 'C:\\Users\\커피에반하다\\AppData\\Local\\Programs\\haste-client\\resources\\app.asar\\node_modules\\discord.js\\src\\index.js',
[2026-08-10 23:05:16.374] [error] 'C:\\Users\\커피에반하다\\AppData\\Local\\Programs\\haste-client\\resources\\app.asar\\haste_agent_bridge.js'
[2026-08-10 23:05:16.375] [error] ]
[2026-08-10 23:05:16.375] [error] }
[2026-08-10 23:05:16.378] [error] Node.js v24.18.0
[2026-08-10 23:05:21.783] [error] node:internal/modules/cjs/loader:1527
[2026-08-10 23:05:21.785] [error] throw err;
[2026-08-10 23:05:21.786] [error] ^
[2026-08-10 23:05:21.787] [error] Error: Cannot find module '@discordjs/util'
[2026-08-10 23:05:21.788] [error] Require stack:
[2026-08-10 23:05:21.789] [error] - C:\Users\커피에반하다\AppData\Local\Programs\haste-client\resources\app.asar\node_modules\discord.js\src\index.js
[2026-08-10 23:05:21.790] [error] - C:\Users\커피에반하다\AppData\Local\Programs\haste-client\resources\app.asar\haste_agent_bridge.js
[2026-08-10 23:05:21.791] [error] at Module._resolveFilename (node:internal/modules/cjs/loader:1524:15)
[2026-08-10 23:05:21.791] [error] at wrapResolveFilename (node:internal/modules/cjs/loader:1078:27)
[2026-08-10 23:05:21.792] [error] at defaultResolveImplForCJSLoading (node:internal/modules/cjs/loader:1102:10)
[2026-08-10 23:05:21.793] [error] at resolveForCJSWithHooks (node:internal/modules/cjs/loader:1129:12)
[2026-08-10 23:05:21.793] [error] at Module._load (node:internal/modules/cjs/loader:1301:5)
[2026-08-10 23:05:21.794] [error] at c._load (node:electron/js2c/node_init:2:18060)
[2026-08-10 23:05:21.795] [error] at wrapModuleLoad (node:internal/modules/cjs/loader:262:19)
[2026-08-10 23:05:21.795] [error] at Module.require (node:internal/modules/cjs/loader:1624:12)
[2026-08-10 23:05:21.796] [error] at require (node:internal/modules/helpers:153:16)
[2026-08-10 23:05:21.796] [error] at Object.<anonymous> (C:\Users\커피에반하다\AppData\Local\Programs\haste-client\resources\app.asar\node_modules\discord.js\src\index.js:3:29) {
[2026-08-10 23:05:21.797] [error] code: 'MODULE_NOT_FOUND',
[2026-08-10 23:05:21.798] [error] requireStack: [
[2026-08-10 23:05:21.798] [error] 'C:\\Users\\커피에반하다\\AppData\\Local\\Programs\\haste-client\\resources\\app.asar\\node_modules\\discord.js\\src\\index.js',
[2026-08-10 23:05:21.799] [error] 'C:\\Users\\커피에반하다\\AppData\\Local\\Programs\\haste-client\\resources\\app.asar\\haste_agent_bridge.js'
[2026-08-10 23:05:21.799] [error] ]
[2026-08-10 23:05:21.800] [error] }
[2026-08-10 23:05:21.802] [error] Node.js v24.18.0
[2026-08-10 23:05:27.189] [error] node:internal/modules/cjs/loader:1527
[2026-08-10 23:05:27.190] [error] throw err;
[2026-08-10 23:05:27.192] [error] ^
[2026-08-10 23:05:27.195] [error] Error: Cannot find module '@discordjs/util'
[2026-08-10 23:05:27.196] [error] Require stack:
[2026-08-10 23:05:27.198] [error] - C:\Users\커피에반하다\AppData\Local\Programs\haste-client\resources\app.asar\node_modules\discord.js\src\index.js
[2026-08-10 23:05:27.199] [error] - C:\Users\커피에반하다\AppData\Local\Programs\haste-client\resources\app.asar\haste_agent_bridge.js
[2026-08-10 23:05:27.199] [error] at Module._resolveFilename (node:internal/modules/cjs/loader:1524:15)
[2026-08-10 23:05:27.200] [error] at wrapResolveFilename (node:internal/modules/cjs/loader:1078:27)
[2026-08-10 23:05:27.201] [error] at defaultResolveImplForCJSLoading (node:internal/modules/cjs/loader:1102:10)
[2026-08-10 23:05:27.201] [error] at resolveForCJSWithHooks (node:internal/modules/cjs/loader:1129:12)
[2026-08-10 23:05:27.202] [error] at Module._load (node:internal/modules/cjs/loader:1301:5)
[2026-08-10 23:05:27.203] [error] at c._load (node:electron/js2c/node_init:2:18060)
[2026-08-10 23:05:27.203] [error] at wrapModuleLoad (node:internal/modules/cjs/loader:262:19)
[2026-08-10 23:05:27.204] [error] at Module.require (node:internal/modules/cjs/loader:1624:12)
[2026-08-10 23:05:27.204] [error] at require (node:internal/modules/helpers:153:16)
[2026-08-10 23:05:27.205] [error] at Object.<anonymous> (C:\Users\커피에반하다\AppData\Local\Programs\haste-client\resources\app.asar\node_modules\discord.js\src\index.js:3:29) {
[2026-08-10 23:05:27.205] [error] code: 'MODULE_NOT_FOUND',
[2026-08-10 23:05:27.206] [error] requireStack: [
[2026-08-10 23:05:27.206] [error] 'C:\\Users\\커피에반하다\\AppData\\Local\\Programs\\haste-client\\resources\\app.asar\\node_modules\\discord.js\\src\\index.js',
[2026-08-10 23:05:27.207] [error] 'C:\\Users\\커피에반하다\\AppData\\Local\\Programs\\haste-client\\resources\\app.asar\\haste_agent_bridge.js'
[2026-08-10 23:05:27.208] [error] ]
[2026-08-10 23:05:27.209] [error] }
[2026-08-10 23:05:27.210] [error] Node.js v24.18.0
[2026-08-10 23:05:32.665] [error] node:internal/modules/cjs/loader:1527
[2026-08-10 23:05:32.666] [error] throw err;
[2026-08-10 23:05:32.666] [error] ^
[2026-08-10 23:05:32.668] [error] Error: Cannot find module '@discordjs/util'
[2026-08-10 23:05:32.669] [error] Require stack:
[2026-08-10 23:05:32.670] [error] - C:\Users\커피에반하다\AppData\Local\Programs\haste-client\resources\app.asar\node_modules\discord.js\src\index.js
[2026-08-10 23:05:32.670] [error] - C:\Users\커피에반하다\AppData\Local\Programs\haste-client\resources\app.asar\haste_agent_bridge.js
[2026-08-10 23:05:32.671] [error] at Module._resolveFilename (node:internal/modules/cjs/loader:1524:15)
[2026-08-10 23:05:32.671] [error] at wrapResolveFilename (node:internal/modules/cjs/loader:1078:27)
[2026-08-10 23:05:32.672] [error] at defaultResolveImplForCJSLoading (node:internal/modules/cjs/loader:1102:10)
[2026-08-10 23:05:32.672] [error] at resolveForCJSWithHooks (node:internal/modules/cjs/loader:1129:12)
[2026-08-10 23:05:32.673] [error] at Module._load (node:internal/modules/cjs/loader:1301:5)
[2026-08-10 23:05:32.673] [error] at c._load (node:electron/js2c/node_init:2:18060)
[2026-08-10 23:05:32.674] [error] at wrapModuleLoad (node:internal/modules/cjs/loader:262:19)
[2026-08-10 23:05:32.675] [error] at Module.require (node:internal/modules/cjs/loader:1624:12)
[2026-08-10 23:05:32.675] [error] at require (node:internal/modules/helpers:153:16)
[2026-08-10 23:05:32.676] [error] at Object.<anonymous> (C:\Users\커피에반하다\AppData\Local\Programs\haste-client\resources\app.asar\node_modules\discord.js\src\index.js:3:29) {
[2026-08-10 23:05:32.676] [error] code: 'MODULE_NOT_FOUND',
[2026-08-10 23:05:32.677] [error] requireStack: [
[2026-08-10 23:05:32.677] [error] 'C:\\Users\\커피에반하다\\AppData\\Local\\Programs\\haste-client\\resources\\app.asar\\node_modules\\discord.js\\src\\index.js',
[2026-08-10 23:05:32.678] [error] 'C:\\Users\\커피에반하다\\AppData\\Local\\Programs\\haste-client\\resources\\app.asar\\haste_agent_bridge.js'
[2026-08-10 23:05:32.678] [error] ]
[2026-08-10 23:05:32.679] [error] }
[2026-08-10 23:05:32.679] [error] Node.js v24.18.0
[2026-08-10 23:05:38.081] [error] node:internal/modules/cjs/loader:1527
[2026-08-10 23:05:38.082] [error] throw err;
[2026-08-10 23:05:38.083] [error] ^
[2026-08-10 23:05:38.084] [error] Error: Cannot find module '@discordjs/util'
[2026-08-10 23:05:38.085] [error] Require stack:
[2026-08-10 23:05:38.085] [error] - C:\Users\커피에반하다\AppData\Local\Programs\haste-client\resources\app.asar\node_modules\discord.js\src\index.js
[2026-08-10 23:05:38.086] [error] - C:\Users\커피에반하다\AppData\Local\Programs\haste-client\resources\app.asar\haste_agent_bridge.js
[2026-08-10 23:05:38.087] [error] at Module._resolveFilename (node:internal/modules/cjs/loader:1524:15)
[2026-08-10 23:05:38.087] [error] at wrapResolveFilename (node:internal/modules/cjs/loader:1078:27)
[2026-08-10 23:05:38.088] [error] at defaultResolveImplForCJSLoading (node:internal/modules/cjs/loader:1102:10)
[2026-08-10 23:05:38.088] [error] at resolveForCJSWithHooks (node:internal/modules/cjs/loader:1129:12)
[2026-08-10 23:05:38.089] [error] at Module._load (node:internal/modules/cjs/loader:1301:5)
[2026-08-10 23:05:38.089] [error] at c._load (node:electron/js2c/node_init:2:18060)
[2026-08-10 23:05:38.090] [error] at wrapModuleLoad (node:internal/modules/cjs/loader:262:19)
[2026-08-10 23:05:38.090] [error] at Module.require (node:internal/modules/cjs/loader:1624:12)
[2026-08-10 23:05:38.091] [error] at require (node:internal/modules/helpers:153:16)
[2026-08-10 23:05:38.091] [error] at Object.<anonymous> (C:\Users\커피에반하다\AppData\Local\Programs\haste-client\resources\app.asar\node_modules\discord.js\src\index.js:3:29) {
[2026-08-10 23:05:38.092] [error] code: 'MODULE_NOT_FOUND',
[2026-08-10 23:05:38.092] [error] requireStack: [
[2026-08-10 23:05:38.093] [error] 'C:\\Users\\커피에반하다\\AppData\\Local\\Programs\\haste-client\\resources\\app.asar\\node_modules\\discord.js\\src\\index.js',
[2026-08-10 23:05:38.093] [error] 'C:\\Users\\커피에반하다\\AppData\\Local\\Programs\\haste-client\\resources\\app.asar\\haste_agent_bridge.js'
[2026-08-10 23:05:38.094] [error] ]
[2026-08-10 23:05:38.094] [error] }
[2026-08-10 23:05:38.095] [error] Node.js v24.18.0
[2026-08-10 23:05:43.505] [error] node:internal/modules/cjs/loader:1527
[2026-08-10 23:05:43.506] [error] throw err;
[2026-08-10 23:05:43.506] [error] ^
[2026-08-10 23:05:43.507] [error] Error: Cannot find module '@discordjs/util'
[2026-08-10 23:05:43.508] [error] Require stack:
[2026-08-10 23:05:43.509] [error] - C:\Users\커피에반하다\AppData\Local\Programs\haste-client\resources\app.asar\node_modules\discord.js\src\index.js
[2026-08-10 23:05:43.510] [error] - C:\Users\커피에반하다\AppData\Local\Programs\haste-client\resources\app.asar\haste_agent_bridge.js
[2026-08-10 23:05:43.511] [error] at Module._resolveFilename (node:internal/modules/cjs/loader:1524:15)
[2026-08-10 23:05:43.511] [error] at wrapResolveFilename (node:internal/modules/cjs/loader:1078:27)
[2026-08-10 23:05:43.512] [error] at defaultResolveImplForCJSLoading (node:internal/modules/cjs/loader:1102:10)
[2026-08-10 23:05:43.513] [error] at resolveForCJSWithHooks (node:internal/modules/cjs/loader:1129:12)
[2026-08-10 23:05:43.514] [error] at Module._load (node:internal/modules/cjs/loader:1301:5)
[2026-08-10 23:05:43.514] [error] at c._load (node:electron/js2c/node_init:2:18060)
[2026-08-10 23:05:43.515] [error] at wrapModuleLoad (node:internal/modules/cjs/loader:262:19)
[2026-08-10 23:05:43.515] [error] at Module.require (node:internal/modules/cjs/loader:1624:12)
[2026-08-10 23:05:43.516] [error] at require (node:internal/modules/helpers:153:16)
[2026-08-10 23:05:43.518] [error] at Object.<anonymous> (C:\Users\커피에반하다\AppData\Local\Programs\haste-client\resources\app.asar\node_modules\discord.js\src\index.js:3:29) {
[2026-08-10 23:05:43.518] [error] code: 'MODULE_NOT_FOUND',
[2026-08-10 23:05:43.519] [error] requireStack: [
[2026-08-10 23:05:43.520] [error] 'C:\\Users\\커피에반하다\\AppData\\Local\\Programs\\haste-client\\resources\\app.asar\\node_modules\\discord.js\\src\\index.js',
[2026-08-10 23:05:43.520] [error] 'C:\\Users\\커피에반하다\\AppData\\Local\\Programs\\haste-client\\resources\\app.asar\\haste_agent_bridge.js'
[2026-08-10 23:05:43.521] [error] ]
[2026-08-10 23:05:43.522] [error] }
[2026-08-10 23:05:43.524] [error] Node.js v24.18.0
[2026-08-10 23:05:48.922] [error] node:internal/modules/cjs/loader:1527
[2026-08-10 23:05:48.924] [error] throw err;
[2026-08-10 23:05:48.926] [error] ^
[2026-08-10 23:05:48.927] [error] Error: Cannot find module '@discordjs/util'
[2026-08-10 23:05:48.928] [error] Require stack:
[2026-08-10 23:05:48.929] [error] - C:\Users\커피에반하다\AppData\Local\Programs\haste-client\resources\app.asar\node_modules\discord.js\src\index.js
[2026-08-10 23:05:48.930] [error] - C:\Users\커피에반하다\AppData\Local\Programs\haste-client\resources\app.asar\haste_agent_bridge.js
[2026-08-10 23:05:48.931] [error] at Module._resolveFilename (node:internal/modules/cjs/loader:1524:15)
[2026-08-10 23:05:48.932] [error] at wrapResolveFilename (node:internal/modules/cjs/loader:1078:27)
[2026-08-10 23:05:48.933] [error] at defaultResolveImplForCJSLoading (node:internal/modules/cjs/loader:1102:10)
[2026-08-10 23:05:48.934] [error] at resolveForCJSWithHooks (node:internal/modules/cjs/loader:1129:12)
[2026-08-10 23:05:48.935] [error] at Module._load (node:internal/modules/cjs/loader:1301:5)
[2026-08-10 23:05:48.936] [error] at c._load (node:electron/js2c/node_init:2:18060)
[2026-08-10 23:05:48.937] [error] at wrapModuleLoad (node:internal/modules/cjs/loader:262:19)
[2026-08-10 23:05:48.939] [error] at Module.require (node:internal/modules/cjs/loader:1624:12)
[2026-08-10 23:05:48.940] [error] at require (node:internal/modules/helpers:153:16)
[2026-08-10 23:05:48.941] [error] at Object.<anonymous> (C:\Users\커피에반하다\AppData\Local\Programs\haste-client\resources\app.asar\node_modules\discord.js\src\index.js:3:29) {
[2026-08-10 23:05:48.944] [error] code: 'MODULE_NOT_FOUND',
[2026-08-10 23:05:48.945] [error] requireStack: [
[2026-08-10 23:05:48.945] [error] 'C:\\Users\\커피에반하다\\AppData\\Local\\Programs\\haste-client\\resources\\app.asar\\node_modules\\discord.js\\src\\index.js',
[2026-08-10 23:05:48.946] [error] 'C:\\Users\\커피에반하다\\AppData\\Local\\Programs\\haste-client\\resources\\app.asar\\haste_agent_bridge.js'
[2026-08-10 23:05:48.946] [error] ]
[2026-08-10 23:05:48.947] [error] }
[2026-08-10 23:05:48.947] [error] Node.js v24.18.0
[2026-08-10 23:05:54.356] [error] node:internal/modules/cjs/loader:1527
[2026-08-10 23:05:54.358] [error] throw err;
[2026-08-10 23:05:54.359] [error] ^
[2026-08-10 23:05:54.360] [error] Error: Cannot find module '@discordjs/util'
[2026-08-10 23:05:54.361] [error] Require stack:
[2026-08-10 23:05:54.362] [error] - C:\Users\커피에반하다\AppData\Local\Programs\haste-client\resources\app.asar\node_modules\discord.js\src\index.js
[2026-08-10 23:05:54.362] [error] - C:\Users\커피에반하다\AppData\Local\Programs\haste-client\resources\app.asar\haste_agent_bridge.js
[2026-08-10 23:05:54.363] [error] at Module._resolveFilename (node:internal/modules/cjs/loader:1524:15)
[2026-08-10 23:05:54.363] [error] at wrapResolveFilename (node:internal/modules/cjs/loader:1078:27)
[2026-08-10 23:05:54.364] [error] at defaultResolveImplForCJSLoading (node:internal/modules/cjs/loader:1102:10)
[2026-08-10 23:05:54.364] [error] at resolveForCJSWithHooks (node:internal/modules/cjs/loader:1129:12)
[2026-08-10 23:05:54.365] [error] at Module._load (node:internal/modules/cjs/loader:1301:5)
[2026-08-10 23:05:54.365] [error] at c._load (node:electron/js2c/node_init:2:18060)
[2026-08-10 23:05:54.366] [error] at wrapModuleLoad (node:internal/modules/cjs/loader:262:19)
[2026-08-10 23:05:54.366] [error] at Module.require (node:internal/modules/cjs/loader:1624:12)
[2026-08-10 23:05:54.367] [error] at require (node:internal/modules/helpers:153:16)
[2026-08-10 23:05:54.367] [error] at Object.<anonymous> (C:\Users\커피에반하다\AppData\Local\Programs\haste-client\resources\app.asar\node_modules\discord.js\src\index.js:3:29) {
[2026-08-10 23:05:54.368] [error] code: 'MODULE_NOT_FOUND',
[2026-08-10 23:05:54.368] [error] requireStack: [
[2026-08-10 23:05:54.369] [error] 'C:\\Users\\커피에반하다\\AppData\\Local\\Programs\\haste-client\\resources\\app.asar\\node_modules\\discord.js\\src\\index.js',
[2026-08-10 23:05:54.369] [error] 'C:\\Users\\커피에반하다\\AppData\\Local\\Programs\\haste-client\\resources\\app.asar\\haste_agent_bridge.js'
[2026-08-10 23:05:54.370] [error] ]
[2026-08-10 23:05:54.370] [error] }
[2026-08-10 23:05:54.371] [error] Node.js v24.18.0
[2026-08-10 23:05:59.758] [error] node:internal/modules/cjs/loader:1527
[2026-08-10 23:05:59.759] [error] throw err;
[2026-08-10 23:05:59.760] [error] ^
[2026-08-10 23:05:59.760] [error] Error: Cannot find module '@discordjs/util'
[2026-08-10 23:05:59.761] [error] Require stack:
[2026-08-10 23:05:59.761] [error] - C:\Users\커피에반하다\AppData\Local\Programs\haste-client\resources\app.asar\node_modules\discord.js\src\index.js
[2026-08-10 23:05:59.762] [error] - C:\Users\커피에반하다\AppData\Local\Programs\haste-client\resources\app.asar\haste_agent_bridge.js
[2026-08-10 23:05:59.763] [error] at Module._resolveFilename (node:internal/modules/cjs/loader:1524:15)
[2026-08-10 23:05:59.763] [error] at wrapResolveFilename (node:internal/modules/cjs/loader:1078:27)
[2026-08-10 23:05:59.764] [error] at defaultResolveImplForCJSLoading (node:internal/modules/cjs/loader:1102:10)
[2026-08-10 23:05:59.764] [error] at resolveForCJSWithHooks (node:internal/modules/cjs/loader:1129:12)
[2026-08-10 23:05:59.765] [error] at Module._load (node:internal/modules/cjs/loader:1301:5)
[2026-08-10 23:05:59.765] [error] at c._load (node:electron/js2c/node_init:2:18060)
[2026-08-10 23:05:59.766] [error] at wrapModuleLoad (node:internal/modules/cjs/loader:262:19)
[2026-08-10 23:05:59.766] [error] at Module.require (node:internal/modules/cjs/loader:1624:12)
[2026-08-10 23:05:59.767] [error] at require (node:internal/modules/helpers:153:16)
[2026-08-10 23:05:59.769] [error] at Object.<anonymous> (C:\Users\커피에반하다\AppData\Local\Programs\haste-client\resources\app.asar\node_modules\discord.js\src\index.js:3:29) {
[2026-08-10 23:05:59.769] [error] code: 'MODULE_NOT_FOUND',
[2026-08-10 23:05:59.770] [error] requireStack: [
[2026-08-10 23:05:59.770] [error] 'C:\\Users\\커피에반하다\\AppData\\Local\\Programs\\haste-client\\resources\\app.asar\\node_modules\\discord.js\\src\\index.js',
[2026-08-10 23:05:59.771] [error] 'C:\\Users\\커피에반하다\\AppData\\Local\\Programs\\haste-client\\resources\\app.asar\\haste_agent_bridge.js'
[2026-08-10 23:05:59.771] [error] ]
[2026-08-10 23:05:59.772] [error] }
[2026-08-10 23:05:59.772] [error] Node.js v24.18.0
[2026-08-10 23:06:05.177] [error] node:internal/modules/cjs/loader:1527
[2026-08-10 23:06:05.178] [error] throw err;
[2026-08-10 23:06:05.178] [error] ^
[2026-08-10 23:06:05.179] [error] Error: Cannot find module '@discordjs/util'
[2026-08-10 23:06:05.180] [error] Require stack:
[2026-08-10 23:06:05.180] [error] - C:\Users\커피에반하다\AppData\Local\Programs\haste-client\resources\app.asar\node_modules\discord.js\src\index.js
[2026-08-10 23:06:05.181] [error] - C:\Users\커피에반하다\AppData\Local\Programs\haste-client\resources\app.asar\haste_agent_bridge.js
[2026-08-10 23:06:05.181] [error] at Module._resolveFilename (node:internal/modules/cjs/loader:1524:15)
[2026-08-10 23:06:05.182] [error] at wrapResolveFilename (node:internal/modules/cjs/loader:1078:27)
[2026-08-10 23:06:05.182] [error] at defaultResolveImplForCJSLoading (node:internal/modules/cjs/loader:1102:10)
[2026-08-10 23:06:05.183] [error] at resolveForCJSWithHooks (node:internal/modules/cjs/loader:1129:12)
[2026-08-10 23:06:05.186] [error] at Module._load (node:internal/modules/cjs/loader:1301:5)
[2026-08-10 23:06:05.186] [error] at c._load (node:electron/js2c/node_init:2:18060)
[2026-08-10 23:06:05.187] [error] at wrapModuleLoad (node:internal/modules/cjs/loader:262:19)
[2026-08-10 23:06:05.188] [error] at Module.require (node:internal/modules/cjs/loader:1624:12)
[2026-08-10 23:06:05.188] [error] at require (node:internal/modules/helpers:153:16)
[2026-08-10 23:06:05.189] [error] at Object.<anonymous> (C:\Users\커피에반하다\AppData\Local\Programs\haste-client\resources\app.asar\node_modules\discord.js\src\index.js:3:29) {
[2026-08-10 23:06:05.189] [error] code: 'MODULE_NOT_FOUND',
[2026-08-10 23:06:05.190] [error] requireStack: [
[2026-08-10 23:06:05.190] [error] 'C:\\Users\\커피에반하다\\AppData\\Local\\Programs\\haste-client\\resources\\app.asar\\node_modules\\discord.js\\src\\index.js',
[2026-08-10 23:06:05.191] [error] 'C:\\Users\\커피에반하다\\AppData\\Local\\Programs\\haste-client\\resources\\app.asar\\haste_agent_bridge.js'
[2026-08-10 23:06:05.192] [error] ]
[2026-08-10 23:06:05.192] [error] }
[2026-08-10 23:06:05.193] [error] Node.js v24.18.0
[2026-08-10 23:06:10.605] [error] node:internal/modules/cjs/loader:1527
[2026-08-10 23:06:10.605] [error] throw err;
[2026-08-10 23:06:10.606] [error] ^
[2026-08-10 23:06:10.606] [error] Error: Cannot find module '@discordjs/util'
[2026-08-10 23:06:10.607] [error] Require stack:
[2026-08-10 23:06:10.608] [error] - C:\Users\커피에반하다\AppData\Local\Programs\haste-client\resources\app.asar\node_modules\discord.js\src\index.js
[2026-08-10 23:06:10.608] [error] - C:\Users\커피에반하다\AppData\Local\Programs\haste-client\resources\app.asar\haste_agent_bridge.js
[2026-08-10 23:06:10.609] [error] at Module._resolveFilename (node:internal/modules/cjs/loader:1524:15)
[2026-08-10 23:06:10.609] [error] at wrapResolveFilename (node:internal/modules/cjs/loader:1078:27)
[2026-08-10 23:06:10.610] [error] at defaultResolveImplForCJSLoading (node:internal/modules/cjs/loader:1102:10)
[2026-08-10 23:06:10.610] [error] at resolveForCJSWithHooks (node:internal/modules/cjs/loader:1129:12)
[2026-08-10 23:06:10.611] [error] at Module._load (node:internal/modules/cjs/loader:1301:5)
[2026-08-10 23:06:10.612] [error] at c._load (node:electron/js2c/node_init:2:18060)
[2026-08-10 23:06:10.612] [error] at wrapModuleLoad (node:internal/modules/cjs/loader:262:19)
[2026-08-10 23:06:10.613] [error] at Module.require (node:internal/modules/cjs/loader:1624:12)
[2026-08-10 23:06:10.613] [error] at require (node:internal/modules/helpers:153:16)
[2026-08-10 23:06:10.614] [error] at Object.<anonymous> (C:\Users\커피에반하다\AppData\Local\Programs\haste-client\resources\app.asar\node_modules\discord.js\src\index.js:3:29) {
[2026-08-10 23:06:10.615] [error] code: 'MODULE_NOT_FOUND',
[2026-08-10 23:06:10.615] [error] requireStack: [
[2026-08-10 23:06:10.616] [error] 'C:\\Users\\커피에반하다\\AppData\\Local\\Programs\\haste-client\\resources\\app.asar\\node_modules\\discord.js\\src\\index.js',
[2026-08-10 23:06:10.616] [error] 'C:\\Users\\커피에반하다\\AppData\\Local\\Programs\\haste-client\\resources\\app.asar\\haste_agent_bridge.js'
[2026-08-10 23:06:10.617] [error] ]
[2026-08-10 23:06:10.617] [error] }
[2026-08-10 23:06:10.618] [error] Node.js v24.18.0
[2026-08-10 23:06:16.042] [error] node:internal/modules/cjs/loader:1527
[2026-08-10 23:06:16.043] [error] throw err;
[2026-08-10 23:06:16.044] [error] ^
[2026-08-10 23:06:16.044] [error] Error: Cannot find module '@discordjs/util'
[2026-08-10 23:06:16.045] [error] Require stack:
[2026-08-10 23:06:16.047] [error] - C:\Users\커피에반하다\AppData\Local\Programs\haste-client\resources\app.asar\node_modules\discord.js\src\index.js
[2026-08-10 23:06:16.048] [error] - C:\Users\커피에반하다\AppData\Local\Programs\haste-client\resources\app.asar\haste_agent_bridge.js
[2026-08-10 23:06:16.049] [error] at Module._resolveFilename (node:internal/modules/cjs/loader:1524:15)
[2026-08-10 23:06:16.050] [error] at wrapResolveFilename (node:internal/modules/cjs/loader:1078:27)
[2026-08-10 23:06:16.051] [error] at defaultResolveImplForCJSLoading (node:internal/modules/cjs/loader:1102:10)
[2026-08-10 23:06:16.051] [error] at resolveForCJSWithHooks (node:internal/modules/cjs/loader:1129:12)
[2026-08-10 23:06:16.053] [error] at Module._load (node:internal/modules/cjs/loader:1301:5)
[2026-08-10 23:06:16.054] [error] at c._load (node:electron/js2c/node_init:2:18060)
[2026-08-10 23:06:16.055] [error] at wrapModuleLoad (node:internal/modules/cjs/loader:262:19)
[2026-08-10 23:06:16.056] [error] at Module.require (node:internal/modules/cjs/loader:1624:12)
[2026-08-10 23:06:16.057] [error] at require (node:internal/modules/helpers:153:16)
[2026-08-10 23:06:16.058] [error] at Object.<anonymous> (C:\Users\커피에반하다\AppData\Local\Programs\haste-client\resources\app.asar\node_modules\discord.js\src\index.js:3:29) {
[2026-08-10 23:06:16.059] [error] code: 'MODULE_NOT_FOUND',
[2026-08-10 23:06:16.059] [error] requireStack: [
[2026-08-10 23:06:16.060] [error] 'C:\\Users\\커피에반하다\\AppData\\Local\\Programs\\haste-client\\resources\\app.asar\\node_modules\\discord.js\\src\\index.js',
[2026-08-10 23:06:16.060] [error] 'C:\\Users\\커피에반하다\\AppData\\Local\\Programs\\haste-client\\resources\\app.asar\\haste_agent_bridge.js'
[2026-08-10 23:06:16.061] [error] ]
[2026-08-10 23:06:16.061] [error] }
[2026-08-10 23:06:16.062] [error] Node.js v24.18.0
[2026-08-10 23:06:21.459] [error] node:internal/modules/cjs/loader:1527
[2026-08-10 23:06:21.460] [error] throw err;
[2026-08-10 23:06:21.460] [error] ^
[2026-08-10 23:06:21.461] [error] Error: Cannot find module '@discordjs/util'
[2026-08-10 23:06:21.462] [error] Require stack:
[2026-08-10 23:06:21.462] [error] - C:\Users\커피에반하다\AppData\Local\Programs\haste-client\resources\app.asar\node_modules\discord.js\src\index.js
[2026-08-10 23:06:21.463] [error] - C:\Users\커피에반하다\AppData\Local\Programs\haste-client\resources\app.asar\haste_agent_bridge.js
[2026-08-10 23:06:21.463] [error] at Module._resolveFilename (node:internal/modules/cjs/loader:1524:15)
[2026-08-10 23:06:21.464] [error] at wrapResolveFilename (node:internal/modules/cjs/loader:1078:27)
[2026-08-10 23:06:21.464] [error] at defaultResolveImplForCJSLoading (node:internal/modules/cjs/loader:1102:10)
[2026-08-10 23:06:21.465] [error] at resolveForCJSWithHooks (node:internal/modules/cjs/loader:1129:12)
[2026-08-10 23:06:21.465] [error] at Module._load (node:internal/modules/cjs/loader:1301:5)
[2026-08-10 23:06:21.466] [error] at c._load (node:electron/js2c/node_init:2:18060)
[2026-08-10 23:06:21.467] [error] at wrapModuleLoad (node:internal/modules/cjs/loader:262:19)
[2026-08-10 23:06:21.469] [error] at Module.require (node:internal/modules/cjs/loader:1624:12)
[2026-08-10 23:06:21.470] [error] at require (node:internal/modules/helpers:153:16)
[2026-08-10 23:06:21.470] [error] at Object.<anonymous> (C:\Users\커피에반하다\AppData\Local\Programs\haste-client\resources\app.asar\node_modules\discord.js\src\index.js:3:29) {
[2026-08-10 23:06:21.471] [error] code: 'MODULE_NOT_FOUND',
[2026-08-10 23:06:21.471] [error] requireStack: [
[2026-08-10 23:06:21.472] [error] 'C:\\Users\\커피에반하다\\AppData\\Local\\Programs\\haste-client\\resources\\app.asar\\node_modules\\discord.js\\src\\index.js',
[2026-08-10 23:06:21.472] [error] 'C:\\Users\\커피에반하다\\AppData\\Local\\Programs\\haste-client\\resources\\app.asar\\haste_agent_bridge.js'
[2026-08-10 23:06:21.473] [error] ]
[2026-08-10 23:06:21.473] [error] }
[2026-08-10 23:06:21.474] [error] Node.js v24.18.0
[2026-08-10 23:06:26.878] [error] node:internal/modules/cjs/loader:1527
[2026-08-10 23:06:26.879] [error] throw err;
[2026-08-10 23:06:26.881] [error] ^
[2026-08-10 23:06:26.881] [error] Error: Cannot find module '@discordjs/util'
[2026-08-10 23:06:26.882] [error] Require stack:
[2026-08-10 23:06:26.883] [error] - C:\Users\커피에반하다\AppData\Local\Programs\haste-client\resources\app.asar\node_modules\discord.js\src\index.js
[2026-08-10 23:06:26.883] [error] - C:\Users\커피에반하다\AppData\Local\Programs\haste-client\resources\app.asar\haste_agent_bridge.js
[2026-08-10 23:06:26.884] [error] at Module._resolveFilename (node:internal/modules/cjs/loader:1524:15)
[2026-08-10 23:06:26.886] [error] at wrapResolveFilename (node:internal/modules/cjs/loader:1078:27)
[2026-08-10 23:06:26.886] [error] at defaultResolveImplForCJSLoading (node:internal/modules/cjs/loader:1102:10)
[2026-08-10 23:06:26.887] [error] at resolveForCJSWithHooks (node:internal/modules/cjs/loader:1129:12)
[2026-08-10 23:06:26.888] [error] at Module._load (node:internal/modules/cjs/loader:1301:5)
[2026-08-10 23:06:26.889] [error] at c._load (node:electron/js2c/node_init:2:18060)
[2026-08-10 23:06:26.889] [error] at wrapModuleLoad (node:internal/modules/cjs/loader:262:19)
[2026-08-10 23:06:26.890] [error] at Module.require (node:internal/modules/cjs/loader:1624:12)
[2026-08-10 23:06:26.891] [error] at require (node:internal/modules/helpers:153:16)
[2026-08-10 23:06:26.892] [error] at Object.<anonymous> (C:\Users\커피에반하다\AppData\Local\Programs\haste-client\resources\app.asar\node_modules\discord.js\src\index.js:3:29) {
[2026-08-10 23:06:26.892] [error] code: 'MODULE_NOT_FOUND',
[2026-08-10 23:06:26.893] [error] requireStack: [
[2026-08-10 23:06:26.894] [error] 'C:\\Users\\커피에반하다\\AppData\\Local\\Programs\\haste-client\\resources\\app.asar\\node_modules\\discord.js\\src\\index.js',
[2026-08-10 23:06:26.894] [error] 'C:\\Users\\커피에반하다\\AppData\\Local\\Programs\\haste-client\\resources\\app.asar\\haste_agent_bridge.js'
[2026-08-10 23:06:26.895] [error] ]
[2026-08-10 23:06:26.895] [error] }
[2026-08-10 23:06:26.896] [error] Node.js v24.18.0
[2026-08-10 23:06:32.363] [error] node:internal/modules/cjs/loader:1527
[2026-08-10 23:06:32.364] [error] throw err;
[2026-08-10 23:06:32.365] [error] ^
[2026-08-10 23:06:32.365] [error] Error: Cannot find module '@discordjs/util'
[2026-08-10 23:06:32.366] [error] Require stack:
[2026-08-10 23:06:32.367] [error] - C:\Users\커피에반하다\AppData\Local\Programs\haste-client\resources\app.asar\node_modules\discord.js\src\index.js
[2026-08-10 23:06:32.367] [error] - C:\Users\커피에반하다\AppData\Local\Programs\haste-client\resources\app.asar\haste_agent_bridge.js
[2026-08-10 23:06:32.368] [error] at Module._resolveFilename (node:internal/modules/cjs/loader:1524:15)
[2026-08-10 23:06:32.368] [error] at wrapResolveFilename (node:internal/modules/cjs/loader:1078:27)
[2026-08-10 23:06:32.369] [error] at defaultResolveImplForCJSLoading (node:internal/modules/cjs/loader:1102:10)
[2026-08-10 23:06:32.370] [error] at resolveForCJSWithHooks (node:internal/modules/cjs/loader:1129:12)
[2026-08-10 23:06:32.370] [error] at Module._load (node:internal/modules/cjs/loader:1301:5)
[2026-08-10 23:06:32.371] [error] at c._load (node:electron/js2c/node_init:2:18060)
[2026-08-10 23:06:32.371] [error] at wrapModuleLoad (node:internal/modules/cjs/loader:262:19)
[2026-08-10 23:06:32.372] [error] at Module.require (node:internal/modules/cjs/loader:1624:12)
[2026-08-10 23:06:32.373] [error] at require (node:internal/modules/helpers:153:16)
[2026-08-10 23:06:32.373] [error] at Object.<anonymous> (C:\Users\커피에반하다\AppData\Local\Programs\haste-client\resources\app.asar\node_modules\discord.js\src\index.js:3:29) {
[2026-08-10 23:06:32.374] [error] code: 'MODULE_NOT_FOUND',
[2026-08-10 23:06:32.374] [error] requireStack: [
[2026-08-10 23:06:32.375] [error] 'C:\\Users\\커피에반하다\\AppData\\Local\\Programs\\haste-client\\resources\\app.asar\\node_modules\\discord.js\\src\\index.js',
[2026-08-10 23:06:32.375] [error] 'C:\\Users\\커피에반하다\\AppData\\Local\\Programs\\haste-client\\resources\\app.asar\\haste_agent_bridge.js'
[2026-08-10 23:06:32.376] [error] ]
[2026-08-10 23:06:32.376] [error] }
[2026-08-10 23:06:32.377] [error] Node.js v24.18.0
[2026-08-10 23:06:37.792] [error] node:internal/modules/cjs/loader:1527
[2026-08-10 23:06:37.793] [error] throw err;
[2026-08-10 23:06:37.794] [error] ^
[2026-08-10 23:06:37.796] [error] Error: Cannot find module '@discordjs/util'
[2026-08-10 23:06:37.797] [error] Require stack:
[2026-08-10 23:06:37.798] [error] - C:\Users\커피에반하다\AppData\Local\Programs\haste-client\resources\app.asar\node_modules\discord.js\src\index.js
[2026-08-10 23:06:37.799] [error] - C:\Users\커피에반하다\AppData\Local\Programs\haste-client\resources\app.asar\haste_agent_bridge.js
[2026-08-10 23:06:37.800] [error] at Module._resolveFilename (node:internal/modules/cjs/loader:1524:15)
[2026-08-10 23:06:37.800] [error] at wrapResolveFilename (node:internal/modules/cjs/loader:1078:27)
[2026-08-10 23:06:37.801] [error] at defaultResolveImplForCJSLoading (node:internal/modules/cjs/loader:1102:10)
[2026-08-10 23:06:37.802] [error] at resolveForCJSWithHooks (node:internal/modules/cjs/loader:1129:12)
[2026-08-10 23:06:37.803] [error] at Module._load (node:internal/modules/cjs/loader:1301:5)
[2026-08-10 23:06:37.804] [error] at c._load (node:electron/js2c/node_init:2:18060)
[2026-08-10 23:06:37.805] [error] at wrapModuleLoad (node:internal/modules/cjs/loader:262:19)
[2026-08-10 23:06:37.806] [error] at Module.require (node:internal/modules/cjs/loader:1624:12)
[2026-08-10 23:06:37.807] [error] at require (node:internal/modules/helpers:153:16)
[2026-08-10 23:06:37.808] [error] at Object.<anonymous> (C:\Users\커피에반하다\AppData\Local\Programs\haste-client\resources\app.asar\node_modules\discord.js\src\index.js:3:29) {
[2026-08-10 23:06:37.808] [error] code: 'MODULE_NOT_FOUND',
[2026-08-10 23:06:37.809] [error] requireStack: [
[2026-08-10 23:06:37.810] [error] 'C:\\Users\\커피에반하다\\AppData\\Local\\Programs\\haste-client\\resources\\app.asar\\node_modules\\discord.js\\src\\index.js',
[2026-08-10 23:06:37.810] [error] 'C:\\Users\\커피에반하다\\AppData\\Local\\Programs\\haste-client\\resources\\app.asar\\haste_agent_bridge.js'
[2026-08-10 23:06:37.811] [error] ]
[2026-08-10 23:06:37.811] [error] }
[2026-08-10 23:06:37.812] [error] Node.js v24.18.0
[2026-08-10 23:06:43.381] [error] node:internal/modules/cjs/loader:1527
[2026-08-10 23:06:43.382] [error] throw err;
[2026-08-10 23:06:43.383] [error] ^
[2026-08-10 23:06:43.383] [error] Error: Cannot find module '@discordjs/util'
[2026-08-10 23:06:43.384] [error] Require stack:
[2026-08-10 23:06:43.385] [error] - C:\Users\커피에반하다\AppData\Local\Programs\haste-client\resources\app.asar\node_modules\discord.js\src\index.js
[2026-08-10 23:06:43.386] [error] - C:\Users\커피에반하다\AppData\Local\Programs\haste-client\resources\app.asar\haste_agent_bridge.js
[2026-08-10 23:06:43.387] [error] at Module._resolveFilename (node:internal/modules/cjs/loader:1524:15)
[2026-08-10 23:06:43.388] [error] at wrapResolveFilename (node:internal/modules/cjs/loader:1078:27)
[2026-08-10 23:06:43.389] [error] at defaultResolveImplForCJSLoading (node:internal/modules/cjs/loader:1102:10)
[2026-08-10 23:06:43.390] [error] at resolveForCJSWithHooks (node:internal/modules/cjs/loader:1129:12)
[2026-08-10 23:06:43.391] [error] at Module._load (node:internal/modules/cjs/loader:1301:5)
[2026-08-10 23:06:43.391] [error] at c._load (node:electron/js2c/node_init:2:18060)
[2026-08-10 23:06:43.392] [error] at wrapModuleLoad (node:internal/modules/cjs/loader:262:19)
[2026-08-10 23:06:43.393] [error] at Module.require (node:internal/modules/cjs/loader:1624:12)
[2026-08-10 23:06:43.393] [error] at require (node:internal/modules/helpers:153:16)
[2026-08-10 23:06:43.394] [error] at Object.<anonymous> (C:\Users\커피에반하다\AppData\Local\Programs\haste-client\resources\app.asar\node_modules\discord.js\src\index.js:3:29) {
[2026-08-10 23:06:43.394] [error] code: 'MODULE_NOT_FOUND',
[2026-08-10 23:06:43.395] [error] requireStack: [
[2026-08-10 23:06:43.395] [error] 'C:\\Users\\커피에반하다\\AppData\\Local\\Programs\\haste-client\\resources\\app.asar\\node_modules\\discord.js\\src\\index.js',
[2026-08-10 23:06:43.396] [error] 'C:\\Users\\커피에반하다\\AppData\\Local\\Programs\\haste-client\\resources\\app.asar\\haste_agent_bridge.js'
[2026-08-10 23:06:43.396] [error] ]
[2026-08-10 23:06:43.397] [error] }
[2026-08-10 23:06:43.397] [error] Node.js v24.18.0
[2026-08-10 23:06:49.039] [error] node:internal/modules/cjs/loader:1527
[2026-08-10 23:06:49.040] [error] throw err;
[2026-08-10 23:06:49.042] [error] ^
[2026-08-10 23:06:49.044] [error] Error: Cannot find module '@discordjs/util'
[2026-08-10 23:06:49.045] [error] Require stack:
[2026-08-10 23:06:49.046] [error] - C:\Users\커피에반하다\AppData\Local\Programs\haste-client\resources\app.asar\node_modules\discord.js\src\index.js
[2026-08-10 23:06:49.047] [error] - C:\Users\커피에반하다\AppData\Local\Programs\haste-client\resources\app.asar\haste_agent_bridge.js
[2026-08-10 23:06:49.049] [error] at Module._resolveFilename (node:internal/modules/cjs/loader:1524:15)
[2026-08-10 23:06:49.051] [error] at wrapResolveFilename (node:internal/modules/cjs/loader:1078:27)
[2026-08-10 23:06:49.052] [error] at defaultResolveImplForCJSLoading (node:internal/modules/cjs/loader:1102:10)
[2026-08-10 23:06:49.053] [error] at resolveForCJSWithHooks (node:internal/modules/cjs/loader:1129:12)
[2026-08-10 23:06:49.054] [error] at Module._load (node:internal/modules/cjs/loader:1301:5)
[2026-08-10 23:06:49.055] [error] at c._load (node:electron/js2c/node_init:2:18060)
[2026-08-10 23:06:49.056] [error] at wrapModuleLoad (node:internal/modules/cjs/loader:262:19)
[2026-08-10 23:06:49.056] [error] at Module.require (node:internal/modules/cjs/loader:1624:12)
[2026-08-10 23:06:49.057] [error] at require (node:internal/modules/helpers:153:16)
[2026-08-10 23:06:49.058] [error] at Object.<anonymous> (C:\Users\커피에반하다\AppData\Local\Programs\haste-client\resources\app.asar\node_modules\discord.js\src\index.js:3:29) {
[2026-08-10 23:06:49.058] [error] code: 'MODULE_NOT_FOUND',
[2026-08-10 23:06:49.059] [error] requireStack: [
[2026-08-10 23:06:49.060] [error] 'C:\\Users\\커피에반하다\\AppData\\Local\\Programs\\haste-client\\resources\\app.asar\\node_modules\\discord.js\\src\\index.js',
[2026-08-10 23:06:49.060] [error] 'C:\\Users\\커피에반하다\\AppData\\Local\\Programs\\haste-client\\resources\\app.asar\\haste_agent_bridge.js'
[2026-08-10 23:06:49.061] [error] ]
[2026-08-10 23:06:49.061] [error] }
[2026-08-10 23:06:49.062] [error] Node.js v24.18.0
[2026-08-10 23:06:54.456] [error] node:internal/modules/cjs/loader:1527
[2026-08-10 23:06:54.457] [error] throw err;
[2026-08-10 23:06:54.458] [error] ^
[2026-08-10 23:06:54.461] [error] Error: Cannot find module '@discordjs/util'
[2026-08-10 23:06:54.463] [error] Require stack:
[2026-08-10 23:06:54.465] [error] - C:\Users\커피에반하다\AppData\Local\Programs\haste-client\resources\app.asar\node_modules\discord.js\src\index.js
[2026-08-10 23:06:54.465] [error] - C:\Users\커피에반하다\AppData\Local\Programs\haste-client\resources\app.asar\haste_agent_bridge.js
[2026-08-10 23:06:54.466] [error] at Module._resolveFilename (node:internal/modules/cjs/loader:1524:15)
[2026-08-10 23:06:54.466] [error] at wrapResolveFilename (node:internal/modules/cjs/loader:1078:27)
[2026-08-10 23:06:54.467] [error] at defaultResolveImplForCJSLoading (node:internal/modules/cjs/loader:1102:10)
[2026-08-10 23:06:54.468] [error] at resolveForCJSWithHooks (node:internal/modules/cjs/loader:1129:12)
[2026-08-10 23:06:54.468] [error] at Module._load (node:internal/modules/cjs/loader:1301:5)
[2026-08-10 23:06:54.469] [error] at c._load (node:electron/js2c/node_init:2:18060)
[2026-08-10 23:06:54.469] [error] at wrapModuleLoad (node:internal/modules/cjs/loader:262:19)
[2026-08-10 23:06:54.470] [error] at Module.require (node:internal/modules/cjs/loader:1624:12)
[2026-08-10 23:06:54.470] [error] at require (node:internal/modules/helpers:153:16)
[2026-08-10 23:06:54.471] [error] at Object.<anonymous> (C:\Users\커피에반하다\AppData\Local\Programs\haste-client\resources\app.asar\node_modules\discord.js\src\index.js:3:29) {
[2026-08-10 23:06:54.471] [error] code: 'MODULE_NOT_FOUND',
[2026-08-10 23:06:54.471] [error] requireStack: [
[2026-08-10 23:06:54.472] [error] 'C:\\Users\\커피에반하다\\AppData\\Local\\Programs\\haste-client\\resources\\app.asar\\node_modules\\discord.js\\src\\index.js',
[2026-08-10 23:06:54.473] [error] 'C:\\Users\\커피에반하다\\AppData\\Local\\Programs\\haste-client\\resources\\app.asar\\haste_agent_bridge.js'
[2026-08-10 23:06:54.474] [error] ]
[2026-08-10 23:06:54.475] [error] }
[2026-08-10 23:06:54.476] [error] Node.js v24.18.0
[2026-08-10 23:06:59.904] [error] node:internal/modules/cjs/loader:1527
[2026-08-10 23:06:59.905] [error] throw err;
[2026-08-10 23:06:59.907] [error] ^
[2026-08-10 23:06:59.908] [error] Error: Cannot find module '@discordjs/util'
[2026-08-10 23:06:59.910] [error] Require stack:
[2026-08-10 23:06:59.911] [error] - C:\Users\커피에반하다\AppData\Local\Programs\haste-client\resources\app.asar\node_modules\discord.js\src\index.js
[2026-08-10 23:06:59.911] [error] - C:\Users\커피에반하다\AppData\Local\Programs\haste-client\resources\app.asar\haste_agent_bridge.js
[2026-08-10 23:06:59.912] [error] at Module._resolveFilename (node:internal/modules/cjs/loader:1524:15)
[2026-08-10 23:06:59.913] [error] at wrapResolveFilename (node:internal/modules/cjs/loader:1078:27)
[2026-08-10 23:06:59.913] [error] at defaultResolveImplForCJSLoading (node:internal/modules/cjs/loader:1102:10)
[2026-08-10 23:06:59.914] [error] at resolveForCJSWithHooks (node:internal/modules/cjs/loader:1129:12)
[2026-08-10 23:06:59.914] [error] at Module._load (node:internal/modules/cjs/loader:1301:5)
[2026-08-10 23:06:59.915] [error] at c._load (node:electron/js2c/node_init:2:18060)
[2026-08-10 23:06:59.915] [error] at wrapModuleLoad (node:internal/modules/cjs/loader:262:19)
[2026-08-10 23:06:59.916] [error] at Module.require (node:internal/modules/cjs/loader:1624:12)
[2026-08-10 23:06:59.917] [error] at require (node:internal/modules/helpers:153:16)
[2026-08-10 23:06:59.917] [error] at Object.<anonymous> (C:\Users\커피에반하다\AppData\Local\Programs\haste-client\resources\app.asar\node_modules\discord.js\src\index.js:3:29) {
[2026-08-10 23:06:59.918] [error] code: 'MODULE_NOT_FOUND',
[2026-08-10 23:06:59.918] [error] requireStack: [
[2026-08-10 23:06:59.919] [error] 'C:\\Users\\커피에반하다\\AppData\\Local\\Programs\\haste-client\\resources\\app.asar\\node_modules\\discord.js\\src\\index.js',
[2026-08-10 23:06:59.920] [error] 'C:\\Users\\커피에반하다\\AppData\\Local\\Programs\\haste-client\\resources\\app.asar\\haste_agent_bridge.js'
[2026-08-10 23:06:59.920] [error] ]
[2026-08-10 23:06:59.921] [error] }
[2026-08-10 23:06:59.922] [error] Node.js v24.18.0
[2026-08-10 23:07:05.331] [error] node:internal/modules/cjs/loader:1527
[2026-08-10 23:07:05.332] [error] throw err;
[2026-08-10 23:07:05.332] [error] ^
[2026-08-10 23:07:05.334] [error] Error: Cannot find module '@discordjs/util'
[2026-08-10 23:07:05.334] [error] Require stack:
[2026-08-10 23:07:05.335] [error] - C:\Users\커피에반하다\AppData\Local\Programs\haste-client\resources\app.asar\node_modules\discord.js\src\index.js
[2026-08-10 23:07:05.336] [error] - C:\Users\커피에반하다\AppData\Local\Programs\haste-client\resources\app.asar\haste_agent_bridge.js
[2026-08-10 23:07:05.336] [error] at Module._resolveFilename (node:internal/modules/cjs/loader:1524:15)
[2026-08-10 23:07:05.337] [error] at wrapResolveFilename (node:internal/modules/cjs/loader:1078:27)
[2026-08-10 23:07:05.337] [error] at defaultResolveImplForCJSLoading (node:internal/modules/cjs/loader:1102:10)
[2026-08-10 23:07:05.338] [error] at resolveForCJSWithHooks (node:internal/modules/cjs/loader:1129:12)
[2026-08-10 23:07:05.339] [error] at Module._load (node:internal/modules/cjs/loader:1301:5)
[2026-08-10 23:07:05.339] [error] at c._load (node:electron/js2c/node_init:2:18060)
[2026-08-10 23:07:05.340] [error] at wrapModuleLoad (node:internal/modules/cjs/loader:262:19)
[2026-08-10 23:07:05.340] [error] at Module.require (node:internal/modules/cjs/loader:1624:12)
[2026-08-10 23:07:05.341] [error] at require (node:internal/modules/helpers:153:16)
[2026-08-10 23:07:05.341] [error] at Object.<anonymous> (C:\Users\커피에반하다\AppData\Local\Programs\haste-client\resources\app.asar\node_modules\discord.js\src\index.js:3:29) {
[2026-08-10 23:07:05.342] [error] code: 'MODULE_NOT_FOUND',
[2026-08-10 23:07:05.342] [error] requireStack: [
[2026-08-10 23:07:05.343] [error] 'C:\\Users\\커피에반하다\\AppData\\Local\\Programs\\haste-client\\resources\\app.asar\\node_modules\\discord.js\\src\\index.js',
[2026-08-10 23:07:05.344] [error] 'C:\\Users\\커피에반하다\\AppData\\Local\\Programs\\haste-client\\resources\\app.asar\\haste_agent_bridge.js'
[2026-08-10 23:07:05.344] [error] ]
[2026-08-10 23:07:05.345] [error] }
[2026-08-10 23:07:05.345] [error] Node.js v24.18.0
[2026-08-10 23:07:11.497] [error] node:internal/modules/cjs/loader:1527
[2026-08-10 23:07:11.499] [error] throw err;
[2026-08-10 23:07:11.502] [error] ^
[2026-08-10 23:07:11.503] [error] Error: Cannot find module '@discordjs/util'
[2026-08-10 23:07:11.506] [error] Require stack:
[2026-08-10 23:07:11.507] [error] - C:\Users\커피에반하다\AppData\Local\Programs\haste-client\resources\app.asar\node_modules\discord.js\src\index.js
[2026-08-10 23:07:11.510] [error] - C:\Users\커피에반하다\AppData\Local\Programs\haste-client\resources\app.asar\haste_agent_bridge.js
[2026-08-10 23:07:11.511] [error] at Module._resolveFilename (node:internal/modules/cjs/loader:1524:15)
[2026-08-10 23:07:11.512] [error] at wrapResolveFilename (node:internal/modules/cjs/loader:1078:27)
[2026-08-10 23:07:11.514] [error] at defaultResolveImplForCJSLoading (node:internal/modules/cjs/loader:1102:10)
[2026-08-10 23:07:11.515] [error] at resolveForCJSWithHooks (node:internal/modules/cjs/loader:1129:12)
[2026-08-10 23:07:11.518] [error] at Module._load (node:internal/modules/cjs/loader:1301:5)
[2026-08-10 23:07:11.520] [error] at c._load (node:electron/js2c/node_init:2:18060)
[2026-08-10 23:07:11.521] [error] at wrapModuleLoad (node:internal/modules/cjs/loader:262:19)
[2026-08-10 23:07:11.523] [error] at Module.require (node:internal/modules/cjs/loader:1624:12)
[2026-08-10 23:07:11.524] [error] at require (node:internal/modules/helpers:153:16)
[2026-08-10 23:07:11.525] [error] at Object.<anonymous> (C:\Users\커피에반하다\AppData\Local\Programs\haste-client\resources\app.asar\node_modules\discord.js\src\index.js:3:29) {
[2026-08-10 23:07:11.528] [error] code: 'MODULE_NOT_FOUND',
[2026-08-10 23:07:11.529] [error] requireStack: [
[2026-08-10 23:07:11.545] [error] 'C:\\Users\\커피에반하다\\AppData\\Local\\Programs\\haste-client\\resources\\app.asar\\node_modules\\discord.js\\src\\index.js',
[2026-08-10 23:07:11.547] [error] 'C:\\Users\\커피에반하다\\AppData\\Local\\Programs\\haste-client\\resources\\app.asar\\haste_agent_bridge.js'
[2026-08-10 23:07:11.549] [error] ]
[2026-08-10 23:07:11.551] [error] }
[2026-08-10 23:07:11.553] [error] Node.js v24.18.0
[2026-08-10 23:07:18.079] [error] node:internal/modules/cjs/loader:1527
[2026-08-10 23:07:18.081] [error] throw err;
[2026-08-10 23:07:18.082] [error] ^
[2026-08-10 23:07:18.084] [error] Error: Cannot find module '@discordjs/util'
[2026-08-10 23:07:18.085] [error] Require stack:
[2026-08-10 23:07:18.087] [error] - C:\Users\커피에반하다\AppData\Local\Programs\haste-client\resources\app.asar\node_modules\discord.js\src\index.js
[2026-08-10 23:07:18.089] [error] - C:\Users\커피에반하다\AppData\Local\Programs\haste-client\resources\app.asar\haste_agent_bridge.js
[2026-08-10 23:07:18.090] [error] at Module._resolveFilename (node:internal/modules/cjs/loader:1524:15)
[2026-08-10 23:07:18.093] [error] at wrapResolveFilename (node:internal/modules/cjs/loader:1078:27)
[2026-08-10 23:07:18.095] [error] at defaultResolveImplForCJSLoading (node:internal/modules/cjs/loader:1102:10)
[2026-08-10 23:07:18.097] [error] at resolveForCJSWithHooks (node:internal/modules/cjs/loader:1129:12)
[2026-08-10 23:07:18.099] [error] at Module._load (node:internal/modules/cjs/loader:1301:5)
[2026-08-10 23:07:18.102] [error] at c._load (node:electron/js2c/node_init:2:18060)
[2026-08-10 23:07:18.103] [error] at wrapModuleLoad (node:internal/modules/cjs/loader:262:19)
[2026-08-10 23:07:18.105] [error] at Module.require (node:internal/modules/cjs/loader:1624:12)
[2026-08-10 23:07:18.107] [error] at require (node:internal/modules/helpers:153:16)
[2026-08-10 23:07:18.113] [error] at Object.<anonymous> (C:\Users\커피에반하다\AppData\Local\Programs\haste-client\resources\app.asar\node_modules\discord.js\src\index.js:3:29) {
[2026-08-10 23:07:18.116] [error] code: 'MODULE_NOT_FOUND',
[2026-08-10 23:07:18.122] [error] requireStack: [
[2026-08-10 23:07:18.124] [error] 'C:\\Users\\커피에반하다\\AppData\\Local\\Programs\\haste-client\\resources\\app.asar\\node_modules\\discord.js\\src\\index.js',
[2026-08-10 23:07:18.125] [error] 'C:\\Users\\커피에반하다\\AppData\\Local\\Programs\\haste-client\\resources\\app.asar\\haste_agent_bridge.js'
[2026-08-10 23:07:18.128] [error] ]
[2026-08-10 23:07:18.130] [error] }
[2026-08-10 23:07:18.137] [error] Node.js v24.18.0
[2026-08-10 23:07:24.046] [error] node:internal/modules/cjs/loader:1527
[2026-08-10 23:07:24.050] [error] throw err;
[2026-08-10 23:07:24.051] [error] ^
[2026-08-10 23:07:24.055] [error] Error: Cannot find module '@discordjs/util'
[2026-08-10 23:07:24.058] [error] Require stack:
[2026-08-10 23:07:24.062] [error] - C:\Users\커피에반하다\AppData\Local\Programs\haste-client\resources\app.asar\node_modules\discord.js\src\index.js
[2026-08-10 23:07:24.064] [error] - C:\Users\커피에반하다\AppData\Local\Programs\haste-client\resources\app.asar\haste_agent_bridge.js
[2026-08-10 23:07:24.065] [error] at Module._resolveFilename (node:internal/modules/cjs/loader:1524:15)
[2026-08-10 23:07:24.067] [error] at wrapResolveFilename (node:internal/modules/cjs/loader:1078:27)
[2026-08-10 23:07:24.069] [error] at defaultResolveImplForCJSLoading (node:internal/modules/cjs/loader:1102:10)
[2026-08-10 23:07:24.070] [error] at resolveForCJSWithHooks (node:internal/modules/cjs/loader:1129:12)
[2026-08-10 23:07:24.072] [error] at Module._load (node:internal/modules/cjs/loader:1301:5)
[2026-08-10 23:07:24.074] [error] at c._load (node:electron/js2c/node_init:2:18060)
[2026-08-10 23:07:24.077] [error] at wrapModuleLoad (node:internal/modules/cjs/loader:262:19)
[2026-08-10 23:07:24.079] [error] at Module.require (node:internal/modules/cjs/loader:1624:12)
[2026-08-10 23:07:24.081] [error] at require (node:internal/modules/helpers:153:16)
[2026-08-10 23:07:24.086] [error] at Object.<anonymous> (C:\Users\커피에반하다\AppData\Local\Programs\haste-client\resources\app.asar\node_modules\discord.js\src\index.js:3:29) {
[2026-08-10 23:07:24.088] [error] code: 'MODULE_NOT_FOUND',
[2026-08-10 23:07:24.091] [error] requireStack: [
[2026-08-10 23:07:24.092] [error] 'C:\\Users\\커피에반하다\\AppData\\Local\\Programs\\haste-client\\resources\\app.asar\\node_modules\\discord.js\\src\\index.js',
[2026-08-10 23:07:24.094] [error] 'C:\\Users\\커피에반하다\\AppData\\Local\\Programs\\haste-client\\resources\\app.asar\\haste_agent_bridge.js'
[2026-08-10 23:07:24.095] [error] ]
[2026-08-10 23:07:24.097] [error] }
[2026-08-10 23:07:24.105] [error] Node.js v24.18.0