[2026-08-20 00:39:47.212] [debug] [sirub] [sirub] event=sirub.out status=success sirubName=찬우유 amount=150 goal=150 current=0
[2026-08-20 00:39:47.233] [debug] [serialport] [serialport] event=serialport.packet status=success boardName=board1 length=10 message="bytearray(b'\\x02033QCP7A\\x03')"
[2026-08-20 00:39:47.259] [debug] [serialport] [serialport] event=serialport.packet status=success boardName=board1 length=90 message="bytearray(b'\\x022B3DPC100020003000400050006000700080009000:000;000<000=000>000?000@000A000B000C000D00050\\x03')"
[2026-08-20 00:39:47.260] [debug] [serialport] [serialport] event=serialport.packet.parse status=success boardName=board1 message="{\"isValidStx\":true,\"isValidEtx\":true,\"isValidDst\":true,\"isValidSrc\":true,\"isValidLength\":true,\"fnc\":\"3\",\"act\":\"D\",\"data\":{\"0\":49,\"1\":48,\"2\":48,\"3\":48,\"4\":50,\"5\":48,\"6\":48,\"7\":48,\"8\":51,\"9\":48,\"10\":48,\"11\":48,\"12\":52,\"13\":48,\"14\":48,\"15\":48,\"16\":53,\"17\":48,\"18\":48,\"19\":48,\"20\":54,\"21\":48,\"22\":48,\"23\":48,\"24\":55,\"25\":48,\"26\":48,\"27\":48,\"28\":56,\"29\":48,\"30\":48,\"31\":48,\"32\":57,\"33\":48,\"34\":48,\"35\":48,\"36\":58,\"37\":48,\"38\":48,\"39\":48,\"40\":59,\"41\":48,\"42\":48,\"43\":48,\"44\":60,\"45\":48,\"46\":48,\"47\":48,\"48\":61,\"49\":48,\"50\":48,\"51\":48,\"52\":62,\"53\":48,\"54\":48,\"55\":48,\"56\":63,\"57\":48,\"58\":48,\"59\":48,\"60\":64,..."
[2026-08-20 00:39:47.319] [debug] [sirub] [sirub] event=sirub.out status=success sirubName=찬우유 amount=150 goal=150 current=0
[2026-08-20 00:39:47.333] [debug] [serialport] [serialport] event=serialport.packet status=success boardName=board1 length=10 message="bytearray(b'\\x02033QCP7A\\x03')"
[2026-08-20 00:39:47.364] [debug] [serialport] [serialport] event=serialport.packet status=success boardName=board1 length=90 message="bytearray(b'\\x022B3DPC100020003000400050006000700080009000:000;000<000=000>000?000@000A000B000C000D00050\\x03')"
[2026-08-20 00:39:47.365] [debug] [serialport] [serialport] event=serialport.packet.parse status=success boardName=board1 message="{\"isValidStx\":true,\"isValidEtx\":true,\"isValidDst\":true,\"isValidSrc\":true,\"isValidLength\":true,\"fnc\":\"3\",\"act\":\"D\",\"data\":{\"0\":49,\"1\":48,\"2\":48,\"3\":48,\"4\":50,\"5\":48,\"6\":48,\"7\":48,\"8\":51,\"9\":48,\"10\":48,\"11\":48,\"12\":52,\"13\":48,\"14\":48,\"15\":48,\"16\":53,\"17\":48,\"18\":48,\"19\":48,\"20\":54,\"21\":48,\"22\":48,\"23\":48,\"24\":55,\"25\":48,\"26\":48,\"27\":48,\"28\":56,\"29\":48,\"30\":48,\"31\":48,\"32\":57,\"33\":48,\"34\":48,\"35\":48,\"36\":58,\"37\":48,\"38\":48,\"39\":48,\"40\":59,\"41\":48,\"42\":48,\"43\":48,\"44\":60,\"45\":48,\"46\":48,\"47\":48,\"48\":61,\"49\":48,\"50\":48,\"51\":48,\"52\":62,\"53\":48,\"54\":48,\"55\":48,\"56\":63,\"57\":48,\"58\":48,\"59\":48,\"60\":64,..."
[2026-08-20 00:39:47.428] [debug] [sirub] [sirub] event=sirub.out status=success sirubName=찬우유 amount=150 goal=150 current=0
[2026-08-20 00:39:47.451] [debug] [serialport] [serialport] event=serialport.packet status=success boardName=board1 length=10 message="bytearray(b'\\x02033QCP7A\\x03')"
[2026-08-20 00:39:47.486] [debug] [serialport] [serialport] event=serialport.packet status=success boardName=board1 length=90 message="bytearray(b'\\x022B3DPC100020003000400050006000700080009000:000;000<000=000>000?000@000A000B000C000D00050\\x03')"
[2026-08-20 00:39:47.487] [debug] [serialport] [serialport] event=serialport.packet.parse status=success boardName=board1 message="{\"isValidStx\":true,\"isValidEtx\":true,\"isValidDst\":true,\"isValidSrc\":true,\"isValidLength\":true,\"fnc\":\"3\",\"act\":\"D\",\"data\":{\"0\":49,\"1\":48,\"2\":48,\"3\":48,\"4\":50,\"5\":48,\"6\":48,\"7\":48,\"8\":51,\"9\":48,\"10\":48,\"11\":48,\"12\":52,\"13\":48,\"14\":48,\"15\":48,\"16\":53,\"17\":48,\"18\":48,\"19\":48,\"20\":54,\"21\":48,\"22\":48,\"23\":48,\"24\":55,\"25\":48,\"26\":48,\"27\":48,\"28\":56,\"29\":48,\"30\":48,\"31\":48,\"32\":57,\"33\":48,\"34\":48,\"35\":48,\"36\":58,\"37\":48,\"38\":48,\"39\":48,\"40\":59,\"41\":48,\"42\":48,\"43\":48,\"44\":60,\"45\":48,\"46\":48,\"47\":48,\"48\":61,\"49\":48,\"50\":48,\"51\":48,\"52\":62,\"53\":48,\"54\":48,\"55\":48,\"56\":63,\"57\":48,\"58\":48,\"59\":48,\"60\":64,..."
[2026-08-20 00:39:47.539] [debug] [sirub] [sirub] event=sirub.out status=success sirubName=찬우유 amount=150 goal=150 current=0
[2026-08-20 00:39:47.563] [debug] [serialport] [serialport] event=serialport.packet status=success boardName=board1 length=10 message="bytearray(b'\\x02033QCP7A\\x03')"
[2026-08-20 00:39:47.602] [debug] [serialport] [serialport] event=serialport.packet status=success boardName=board1 length=90 message="bytearray(b'\\x022B3DPC100020003000400050006000700080009000:000;000<000=000>000?000@000A000B000C000D00050\\x03')"
[2026-08-20 00:39:47.603] [debug] [serialport] [serialport] event=serialport.packet.parse status=success boardName=board1 message="{\"isValidStx\":true,\"isValidEtx\":true,\"isValidDst\":true,\"isValidSrc\":true,\"isValidLength\":true,\"fnc\":\"3\",\"act\":\"D\",\"data\":{\"0\":49,\"1\":48,\"2\":48,\"3\":48,\"4\":50,\"5\":48,\"6\":48,\"7\":48,\"8\":51,\"9\":48,\"10\":48,\"11\":48,\"12\":52,\"13\":48,\"14\":48,\"15\":48,\"16\":53,\"17\":48,\"18\":48,\"19\":48,\"20\":54,\"21\":48,\"22\":48,\"23\":48,\"24\":55,\"25\":48,\"26\":48,\"27\":48,\"28\":56,\"29\":48,\"30\":48,\"31\":48,\"32\":57,\"33\":48,\"34\":48,\"35\":48,\"36\":58,\"37\":48,\"38\":48,\"39\":48,\"40\":59,\"41\":48,\"42\":48,\"43\":48,\"44\":60,\"45\":48,\"46\":48,\"47\":48,\"48\":61,\"49\":48,\"50\":48,\"51\":48,\"52\":62,\"53\":48,\"54\":48,\"55\":48,\"56\":63,\"57\":48,\"58\":48,\"59\":48,\"60\":64,..."
[2026-08-20 00:39:47.648] [debug] [sirub] [sirub] event=sirub.out status=success sirubName=찬우유 amount=150 goal=150 current=0
[2026-08-20 00:39:47.674] [debug] [serialport] [serialport] event=serialport.packet status=success boardName=board1 length=10 message="bytearray(b'\\x02033QCP7A\\x03')"
[2026-08-20 00:39:47.704] [debug] [serialport] [serialport] event=serialport.packet status=success boardName=board1 length=14 message="bytearray(b'\\x02056DCP500037\\x03')"
[2026-08-20 00:39:47.705] [error] [sirub] [sirub] event=sirub.out status=failed reason=timeout sirubName=찬우유 amount=150 goal=150 current=0 lastValue=0 sensor=purifiedWaterFlowSensor
[2026-08-20 00:39:47.706] [warn]  [sirub] [sirub] event=test.sirub status=failed reason=controller_rejected sirubName=찬우유 amount=150
[2026-08-20 00:39:47.757] [debug] [serialport] [serialport] event=serialport.packet status=success boardName=board1 length=69 message="bytearray(b'\\x022B3DPC100020003000400050006000700080009000:000;000<000=000\\x02036APC6D\\x03')"
[2026-08-20 00:39:47.759] [debug] [serialport] [serialport] event=serialport.packet.parse status=success boardName=board1 message="{\"isValidStx\":true,\"isValidEtx\":true,\"isValidDst\":true,\"isValidSrc\":true,\"isValidLength\":false,\"fnc\":\"3\",\"act\":\"D\",\"data\":{\"0\":49,\"1\":48,\"2\":48,\"3\":48,\"4\":50,\"5\":48,\"6\":48,\"7\":48,\"8\":51,\"9\":48,\"10\":48,\"11\":48,\"12\":52,\"13\":48,\"14\":48,\"15\":48,\"16\":53,\"17\":48,\"18\":48,\"19\":48,\"20\":54,\"21\":48,\"22\":48,\"23\":48,\"24\":55,\"25\":48,\"26\":48,\"27\":48,\"28\":56,\"29\":48,\"30\":48,\"31\":48,\"32\":57,\"33\":48,\"34\":48,\"35\":48,\"36\":58,\"37\":48,\"38\":48,\"39\":48,\"40\":59,\"41\":48,\"42\":48,\"43\":48,\"44\":60,\"45\":48,\"46\":48,\"47\":48,\"48\":61,\"49\":48,\"50\":48,\"51\":48,\"52\":2,\"53\":48,\"54\":51,\"55\":54,\"56\":65,\"57\":80,\"58\":67,\"59\":54},\"values..."
[2026-08-20 00:39:47.760] [debug] [serialport] [serialport] event=serialport.packet.parse status=ignored reason=invalid_packet boardName=board1
[2026-08-20 00:40:32.198] [debug] [api] [HASTE Theme Sync] Applied local UI theme: isDark=false
[2026-08-20 00:40:32.201] [info]  [HASTE DB Save] Settings category "information" has been updated and saved to SQLite successfully.
[2026-08-20 00:40:32.251] [debug] [api] [HASTE DevTools Sync] Current window DevTools opened state: false, Target state: false
[2026-08-20 00:40:32.410] [info]  [HASTE DB Save] Settings category "information" has been updated and saved to SQLite successfully.
[2026-08-20 00:40:32.412] [info]  [HASTE DB Save] Settings category "information" has been updated and saved to SQLite successfully.
[2026-08-20 00:40:32.413] [info]  [HASTE DB Save] Settings category "information" has been updated and saved to SQLite successfully.
[2026-08-20 00:40:32.484] [info]  [task] [HASTE Single Correct] Corrected productNo=undefined (type=name_only) to match Google standard
[2026-08-20 00:40:32.485] [error] [Client] [POS_SYNC] [IMPORT_FAIL] : 가져올 키오스크 상품 번호가 전달되지 않았습니다.
[2026-08-20 00:40:32.491] [info]  [HASTE DB Save] Settings category "menu" has been updated and saved to SQLite successfully.
[2026-08-20 00:40:32.492] [info]  [HASTE DB Save] Settings category "product" has been updated and saved to SQLite successfully.
[2026-08-20 00:40:32.494] [info]  [HASTE DB Sync] Reloading memory settingsStore from SQLite database...
[2026-08-20 00:40:32.496] [info]  [HASTE DB Load] Loaded settings from SQLite database successfully. StoreName: "수원금곡삼익점", StoreNo: "store105041", ThemeMode: "Light", isKioskDryRun: "true"
[2026-08-20 00:40:32.497] [info]  [HASTE] Successfully cloned 67 kiosk items to local SQLite DB & store!
[2026-08-20 00:40:32.503] [info]  [HASTE DB Save] Settings category "menu" has been updated and saved to SQLite successfully.
[2026-08-20 00:40:32.505] [info]  [HASTE DB Save] Settings category "product" has been updated and saved to SQLite successfully.
[2026-08-20 00:40:32.505] [info]  [HASTE DB Sync] Reloading memory settingsStore from SQLite database...
[2026-08-20 00:40:32.510] [info]  [HASTE DB Load] Loaded settings from SQLite database successfully. StoreName: "수원금곡삼익점", StoreNo: "store105041", ThemeMode: "Light", isKioskDryRun: "true"
[2026-08-20 00:40:32.558] [info]  [HASTE Standard Recipe Apply] Successfully synced 67 Toss Kiosk products from Google Sheet SOT! (Tier: G_LOW)
[2026-08-20 00:40:32.559] [info]  [HASTE Standard Recipe Apply] Successfully generated and injected 232 store-matched physical recipes & Toss Kiosk menu from Google Sheet SOT! (Hopper1: S, Hopper2: P)
[2026-08-20 00:40:32.575] [info]  [HASTE DB Save] Settings category "information" has been updated and saved to SQLite successfully.
[2026-08-20 00:40:32.575] [info]  [task] [HASTE Pricing] Successfully applied pricing tier 'G_LOW' to 0 kiosk menu items.
[2026-08-20 00:40:33.065] [info]  [HASTE DB Save] Settings category "information" has been updated and saved to SQLite successfully.
[2026-08-20 00:41:59.848] [debug] [task] [task] event=maintenance.enqueue status=ignored reason=sales_open routine=wmf_error trigger=scheduled
[2026-08-20 00:41:59.850] [debug] [task] [task] event=maintenance.routine status=ignored reason=sales_open routine=wmf_error trigger=scheduled
[2026-08-20 00:41:59.852] [debug] [task] [task] event=maintenance.enqueue status=ignored reason=sales_open routine=temperature trigger=scheduled
[2026-08-20 00:41:59.853] [debug] [task] [task] event=maintenance.routine status=ignored reason=sales_open routine=temperature trigger=scheduled
[2026-08-20 00:43:03.597] [debug] [api] [api] event=api.request status=started version=v1 route=POST_/v1/order
[2026-08-20 00:43:03.601] [info]  [api] [HASTE INCOMING ORDER BODY] {"orderId":"745306731669518763","items":[{"itemId":"16375378","productNo":"GSPHT1002","name":"아메리카노","count":1,"options":[{"optionCode":"1729279","optionName":"ICE","price":0,"quantity":1},{"optionCode":"1729289","optionName":"스탠다드","price":0,"quantity":1}]}],"productNo":"GSPHT1002","options":[{"optionCode":"1729279","optionName":"ICE","price":0,"quantity":1},{"optionCode":"1729289","optionName":"스탠다드","price":0,"quantity":1}],"tossStoreId":"593056","storeNo":"593056"}
[2026-08-20 00:43:03.602] [info]  [api] [HASTE INCOMING ORDER HEADERS] {"accept-encoding":"gzip, deflate, br","connection":"close","content-length":"499","content-type":"application/json","host":"local.cafehaste.com:8443","user-agent":"got (https://github.com/sindresorhus/got)"}
[2026-08-20 00:43:03.604] [info]  [api] [HASTE INCOMING ORDER QUERY] {}
[2026-08-20 00:43:03.607] [info]  [api] [RESOLVE DEBUG] input productNo=GSPHT1002 name=아메리카노 options=[{"optionCode":"1729279","optionName":"ICE","price":0,"quantity":1},{"optionCode":"1729289","optionName":"스탠다드","price":0,"quantity":1}] combinedPoolLength=656
[2026-08-20 00:43:03.611] [debug] [task] [task] event=task.enqueue status=accepted orderId=745306731669518763 priority=99 description=음료_제조_(745306731669518763)
[2026-08-20 00:43:03.614] [debug] [task] [task] event=task.start status=started source=toss mode=dry_run orderId=745306731669518763 menuCount=1
[2026-08-20 00:43:03.616] [info]  [kiosk] [toss] event=order.received status=success source=toss virtual=on mode=order orderId=745306731669518763 menuCount=1 mappings=[{"baseCode":"MSI1002","recipeCode":"MSI1002","matchedMenuName":"ICED아메리카노(스탠다드)_MV","stepsSummary":"CUP:1,_ICE:5600,_COLD:155,_COFFEE:90"}]
[2026-08-20 00:43:03.618] [info]  [api] ☕ [HASTE Order Enqueued] orderId=745306731669518763 source=toss 총 1잔 순차 제조 큐 적재 완료!
[2026-08-20 00:43:03.621] [debug] [task] [task] event=brew.menu status=started orderId=745306731669518763 menuName=ICED아메리카노(스탠다드)_MV stepCount=4
[2026-08-20 00:43:03.881] [debug] [task] [task] event=brew.step status=ignored reason=test_menu orderId=745306731669518763 menuName=ICED아메리카노(스탠다드)_MV step=주문스텝2
[2026-08-20 00:43:04.214] [debug] [task] [task] event=brew.step status=ignored reason=test_menu orderId=745306731669518763 menuName=ICED아메리카노(스탠다드)_MV step=주문스텝3
[2026-08-20 00:43:05.328] [debug] [task] [task] event=brew.step status=ignored reason=test_menu orderId=745306731669518763 menuName=ICED아메리카노(스탠다드)_MV step=주문스텝4
[2026-08-20 00:43:05.612] [debug] [task] [task] event=brew.step status=ignored reason=test_menu orderId=745306731669518763 menuName=ICED아메리카노(스탠다드)_MV step=주문스텝5
[2026-08-20 00:43:05.643] [debug] [task] [task] event=task.complete status=success orderId=745306731669518763
[2026-08-20 00:43:05.644] [info]  [kiosk] [toss] event=order.completed status=success source=toss virtual=on mode=order orderId=745306731669518763 bill=745306731669518763 menuCount=1
[2026-08-20 00:43:51.609] [debug] [api] [api] event=api.request status=started version=v1 route=POST_/v1/order
[2026-08-20 00:43:51.612] [info]  [api] [HASTE INCOMING ORDER BODY] {"orderId":"745306964000415541","items":[{"itemId":"16375425","productNo":"GSPHT1003","name":"아샷추","count":1,"options":[{"optionCode":"1729289","optionName":"스탠다드","price":0,"quantity":1}]}],"productNo":"GSPHT1003","options":[{"optionCode":"1729289","optionName":"스탠다드","price":0,"quantity":1}],"tossStoreId":"593056","storeNo":"593056"}
[2026-08-20 00:43:51.614] [info]  [api] [HASTE INCOMING ORDER HEADERS] {"accept-encoding":"gzip, deflate, br","connection":"close","content-length":"359","content-type":"application/json","host":"local.cafehaste.com:8443","user-agent":"got (https://github.com/sindresorhus/got)"}
[2026-08-20 00:43:51.616] [info]  [api] [HASTE INCOMING ORDER QUERY] {}
[2026-08-20 00:43:51.618] [info]  [api] [RESOLVE DEBUG] input productNo=GSPHT1003 name=아샷추 options=[{"optionCode":"1729289","optionName":"스탠다드","price":0,"quantity":1}] combinedPoolLength=656
[2026-08-20 00:43:51.620] [debug] [task] [task] event=task.enqueue status=accepted orderId=745306964000415541 priority=99 description=음료_제조_(745306964000415541)
[2026-08-20 00:43:51.622] [debug] [task] [task] event=task.start status=started source=toss mode=dry_run orderId=745306964000415541 menuCount=1
[2026-08-20 00:43:51.628] [info]  [kiosk] [toss] event=order.received status=success source=toss virtual=on mode=order orderId=745306964000415541 menuCount=1 mappings=[{"baseCode":"MSI1003","recipeCode":"MSI1003","matchedMenuName":"ICED아샷추(스탠다드)_MV","stepsSummary":"CUP:1,_ICE:5600,_COLD:160,_SIRUP12:10,_SIRUP22:60,_COFFEE:45"}]
[2026-08-20 00:43:51.633] [info]  [api] ☕ [HASTE Order Enqueued] orderId=745306964000415541 source=toss 총 1잔 순차 제조 큐 적재 완료!
[2026-08-20 00:43:51.648] [debug] [task] [task] event=brew.menu status=started orderId=745306964000415541 menuName=ICED아샷추(스탠다드)_MV stepCount=6
[2026-08-20 00:43:52.094] [debug] [task] [task] event=brew.step status=ignored reason=test_menu orderId=745306964000415541 menuName=ICED아샷추(스탠다드)_MV step=주문스텝2
[2026-08-20 00:43:52.417] [debug] [task] [task] event=brew.step status=ignored reason=test_menu orderId=745306964000415541 menuName=ICED아샷추(스탠다드)_MV step=주문스텝3
[2026-08-20 00:43:54.440] [debug] [task] [task] event=brew.step status=ignored reason=test_menu orderId=745306964000415541 menuName=ICED아샷추(스탠다드)_MV step=주문스텝4
[2026-08-20 00:43:54.794] [debug] [task] [task] event=brew.step status=ignored reason=test_menu orderId=745306964000415541 menuName=ICED아샷추(스탠다드)_MV step=주문스텝5
[2026-08-20 00:43:54.818] [debug] [task] [task] event=task.complete status=success orderId=745306964000415541
[2026-08-20 00:43:54.820] [info]  [kiosk] [toss] event=order.completed status=success source=toss virtual=on mode=order orderId=745306964000415541 bill=745306964000415541 menuCount=1
[2026-08-20 00:44:29.664] [debug] [api] [api] event=api.request status=started version=v1 route=POST_/v1/order
[2026-08-20 00:44:29.667] [info]  [api] [HASTE INCOMING ORDER BODY] {"orderId":"745307127129481615","items":[{"itemId":"16375378","productNo":"GSPHT1002","name":"아메리카노","count":1,"options":[{"optionCode":"1729278","optionName":"HOT","price":0,"quantity":1},{"optionCode":"1729290","optionName":"스페셜티","price":500,"quantity":1},{"optionCode":"1729293","optionName":"연하게","price":0,"quantity":1},{"optionCode":"1729323","optionName":"설탕","price":300,"quantity":1}]}],"productNo":"GSPHT1002","options":[{"optionCode":"1729278","optionName":"HOT","price":0,"quantity":1},{"optionCode":"1729290","optionName":"스페셜티","price":500,"quantity":1},{"optionCode":"1729293","optionName":"연하게","price":0,"quantity":1},{"optionCode":"1729323","optionName":"설탕","price":300,"quantity":1}],"tossStoreId":"593056","storeNo":"593056"}
[2026-08-20 00:44:29.669] [info]  [api] [HASTE INCOMING ORDER HEADERS] {"accept-encoding":"gzip, deflate, br","connection":"close","content-length":"793","content-type":"application/json","host":"local.cafehaste.com:8443","user-agent":"got (https://github.com/sindresorhus/got)"}
[2026-08-20 00:44:29.671] [info]  [api] [HASTE INCOMING ORDER QUERY] {}
[2026-08-20 00:44:29.673] [info]  [api] [RESOLVE DEBUG] input productNo=GSPHT1002 name=아메리카노 options=[{"optionCode":"1729278","optionName":"HOT","price":0,"quantity":1},{"optionCode":"1729290","optionName":"스페셜티","price":500,"quantity":1},{"optionCode":"1729293","optionName":"연하게","price":0,"quantity":1},{"optionCode":"1729323","optionName":"설탕","price":300,"quantity":1}] combinedPoolLength=656
[2026-08-20 00:44:29.676] [debug] [task] [task] event=task.enqueue status=accepted orderId=745307127129481615 priority=99 description=음료_제조_(745307127129481615)
[2026-08-20 00:44:29.679] [debug] [task] [task] event=task.start status=started source=toss mode=dry_run orderId=745307127129481615 menuCount=1
[2026-08-20 00:44:29.682] [info]  [kiosk] [toss] event=order.received status=success source=toss virtual=on mode=order orderId=745307127129481615 menuCount=1 mappings=[{"baseCode":"MPH1006","recipeCode":"MPH1006","matchedMenuName":"HOT아메리카노(스페셜)(설탕)(연하게)_MV","stepsSummary":"CUP:,_HOT:300,_SIRUP6:35,_COFFEE:45"}]
[2026-08-20 00:44:29.684] [info]  [api] ☕ [HASTE Order Enqueued] orderId=745307127129481615 source=toss 총 1잔 순차 제조 큐 적재 완료!
[2026-08-20 00:44:29.700] [debug] [task] [task] event=brew.menu status=started orderId=745307127129481615 menuName=HOT아메리카노(스페셜)(설탕)(연하게)_MV stepCount=4
[2026-08-20 00:44:30.004] [debug] [task] [task] event=brew.step status=ignored reason=test_menu orderId=745307127129481615 menuName=HOT아메리카노(스페셜)(설탕)(연하게)_MV step=주문스텝2
[2026-08-20 00:44:30.468] [debug] [task] [task] event=brew.step status=ignored reason=test_menu orderId=745307127129481615 menuName=HOT아메리카노(스페셜)(설탕)(연하게)_MV step=주문스텝3
[2026-08-20 00:44:31.581] [debug] [task] [task] event=brew.step status=ignored reason=test_menu orderId=745307127129481615 menuName=HOT아메리카노(스페셜)(설탕)(연하게)_MV step=주문스텝4
[2026-08-20 00:44:31.859] [debug] [task] [task] event=brew.step status=ignored reason=test_menu orderId=745307127129481615 menuName=HOT아메리카노(스페셜)(설탕)(연하게)_MV step=주문스텝5
[2026-08-20 00:44:31.878] [debug] [task] [task] event=task.complete status=success orderId=745307127129481615
[2026-08-20 00:44:31.880] [info]  [kiosk] [toss] event=order.completed status=success source=toss virtual=on mode=order orderId=745307127129481615 bill=745307127129481615 menuCount=1
[2026-08-20 00:45:51.768] [debug] [api] [api] event=api.request status=started version=v1 route=POST_/v1/order
[2026-08-20 00:45:51.771] [info]  [api] [HASTE INCOMING ORDER BODY] {"orderId":"745307469921562276","items":[{"itemId":"16375416","productNo":"GSPHT4021","name":"허니자몽블랙에이드","count":1,"options":[]}],"productNo":"GSPHT4021","options":[],"tossStoreId":"593056","storeNo":"593056"}
[2026-08-20 00:45:51.775] [info]  [api] [HASTE INCOMING ORDER HEADERS] {"accept-encoding":"gzip, deflate, br","connection":"close","content-length":"227","content-type":"application/json","host":"local.cafehaste.com:8443","user-agent":"got (https://github.com/sindresorhus/got)"}
[2026-08-20 00:45:51.777] [info]  [api] [HASTE INCOMING ORDER QUERY] {}
[2026-08-20 00:45:51.779] [info]  [api] [RESOLVE DEBUG] input productNo=GSPHT4021 name=허니자몽블랙에이드 options=[] combinedPoolLength=656
[2026-08-20 00:45:51.782] [debug] [task] [task] event=task.enqueue status=accepted orderId=745307469921562276 priority=99 description=음료_제조_(745307469921562276)
[2026-08-20 00:45:51.784] [debug] [task] [task] event=task.start status=started source=toss mode=dry_run orderId=745307469921562276 menuCount=1
[2026-08-20 00:45:51.787] [info]  [kiosk] [toss] event=order.received status=success source=toss virtual=on mode=order orderId=745307469921562276 menuCount=1 mappings=[{"baseCode":"MAI4021","recipeCode":"MAI4021","matchedMenuName":"ICED허니자몽블랙에이드_MV","stepsSummary":"CUP:1,_ICE:5600,_SPARKLE:200,_SIRUP5:30,_SIRUP12:30,_SIRUP15:20"}]
[2026-08-20 00:45:51.789] [info]  [api] ☕ [HASTE Order Enqueued] orderId=745307469921562276 source=toss 총 1잔 순차 제조 큐 적재 완료!
[2026-08-20 00:45:51.795] [debug] [task] [task] event=brew.menu status=started orderId=745307469921562276 menuName=ICED허니자몽블랙에이드_MV stepCount=6
[2026-08-20 00:45:52.230] [debug] [task] [task] event=brew.step status=ignored reason=test_menu orderId=745307469921562276 menuName=ICED허니자몽블랙에이드_MV step=주문스텝2
[2026-08-20 00:45:52.552] [debug] [task] [task] event=brew.step status=ignored reason=test_menu orderId=745307469921562276 menuName=ICED허니자몽블랙에이드_MV step=주문스텝3
[2026-08-20 00:45:54.721] [debug] [task] [task] event=brew.step status=ignored reason=test_menu orderId=745307469921562276 menuName=ICED허니자몽블랙에이드_MV step=주문스텝4
[2026-08-20 00:45:55.071] [debug] [task] [task] event=brew.step status=ignored reason=test_menu orderId=745307469921562276 menuName=ICED허니자몽블랙에이드_MV step=주문스텝5
[2026-08-20 00:45:55.082] [debug] [task] [task] event=task.complete status=success orderId=745307469921562276
[2026-08-20 00:45:55.083] [info]  [kiosk] [toss] event=order.completed status=success source=toss virtual=on mode=order orderId=745307469921562276 bill=745307469921562276 menuCount=1
[2026-08-20 00:46:25.697] [debug] [api] [api] event=api.request status=started version=v1 route=POST_/v1/order
[2026-08-20 00:46:25.701] [info]  [api] [HASTE INCOMING ORDER BODY] {"orderId":"745307616042722271","items":[{"itemId":"16375381","productNo":"GSPHT2006","name":"카페모카","count":1,"options":[{"optionCode":"1729278","optionName":"HOT","price":0,"quantity":1},{"optionCode":"1729290","optionName":"스페셜티","price":500,"quantity":1}]}],"productNo":"GSPHT2006","options":[{"optionCode":"1729278","optionName":"HOT","price":0,"quantity":1},{"optionCode":"1729290","optionName":"스페셜티","price":500,"quantity":1}],"tossStoreId":"593056","storeNo":"593056"}
[2026-08-20 00:46:25.704] [info]  [api] [HASTE INCOMING ORDER HEADERS] {"accept-encoding":"gzip, deflate, br","connection":"close","content-length":"500","content-type":"application/json","host":"local.cafehaste.com:8443","user-agent":"got (https://github.com/sindresorhus/got)"}
[2026-08-20 00:46:25.707] [info]  [api] [HASTE INCOMING ORDER QUERY] {}
[2026-08-20 00:46:25.711] [info]  [api] [RESOLVE DEBUG] input productNo=GSPHT2006 name=카페모카 options=[{"optionCode":"1729278","optionName":"HOT","price":0,"quantity":1},{"optionCode":"1729290","optionName":"스페셜티","price":500,"quantity":1}] combinedPoolLength=656
[2026-08-20 00:46:25.716] [debug] [task] [task] event=task.enqueue status=accepted orderId=745307616042722271 priority=99 description=음료_제조_(745307616042722271)
[2026-08-20 00:46:25.719] [debug] [task] [task] event=task.start status=started source=toss mode=dry_run orderId=745307616042722271 menuCount=1
[2026-08-20 00:46:25.721] [info]  [kiosk] [toss] event=order.received status=success source=toss virtual=on mode=order orderId=745307616042722271 menuCount=1 mappings=[{"baseCode":"MPH2006","recipeCode":"MPH2006","matchedMenuName":"HOT카페모카(스페셜)_MV","stepsSummary":"CUP:,_HOT_MILK:300,_SIRUP1:70,_COFFEE:90"}]
[2026-08-20 00:46:25.723] [info]  [api] ☕ [HASTE Order Enqueued] orderId=745307616042722271 source=toss 총 1잔 순차 제조 큐 적재 완료!
[2026-08-20 00:46:25.731] [debug] [task] [task] event=brew.menu status=started orderId=745307616042722271 menuName=HOT카페모카(스페셜)_MV stepCount=4
[2026-08-20 00:46:26.098] [debug] [task] [task] event=brew.step status=ignored reason=test_menu orderId=745307616042722271 menuName=HOT카페모카(스페셜)_MV step=주문스텝2
[2026-08-20 00:46:26.458] [debug] [task] [task] event=brew.step status=ignored reason=test_menu orderId=745307616042722271 menuName=HOT카페모카(스페셜)_MV step=주문스텝3
[2026-08-20 00:46:27.663] [debug] [task] [task] event=brew.step status=ignored reason=test_menu orderId=745307616042722271 menuName=HOT카페모카(스페셜)_MV step=주문스텝4
[2026-08-20 00:46:27.996] [debug] [task] [task] event=brew.step status=ignored reason=test_menu orderId=745307616042722271 menuName=HOT카페모카(스페셜)_MV step=주문스텝5
[2026-08-20 00:46:28.000] [debug] [task] [task] event=task.complete status=success orderId=745307616042722271
[2026-08-20 00:46:28.002] [info]  [kiosk] [toss] event=order.completed status=success source=toss virtual=on mode=order orderId=745307616042722271 bill=745307616042722271 menuCount=1
[2026-08-20 00:47:13.695] [debug] [api] [api] event=api.request status=started version=v1 route=POST_/v1/order
[2026-08-20 00:47:13.697] [info]  [api] [HASTE INCOMING ORDER BODY] {"orderId":"745307818514354378","items":[{"itemId":"16375389","productNo":"GSPHT3009","name":"딸기라떼","count":1,"options":[{"optionCode":"1729279","optionName":"ICE","price":0,"quantity":1},{"optionCode":"1729327","optionName":"초코","price":500,"quantity":1}]}],"productNo":"GSPHT3009","options":[{"optionCode":"1729279","optionName":"ICE","price":0,"quantity":1},{"optionCode":"1729327","optionName":"초코","price":500,"quantity":1}],"tossStoreId":"593056","storeNo":"593056"}
[2026-08-20 00:47:13.698] [info]  [api] [HASTE INCOMING ORDER HEADERS] {"accept-encoding":"gzip, deflate, br","connection":"close","content-length":"488","content-type":"application/json","host":"local.cafehaste.com:8443","user-agent":"got (https://github.com/sindresorhus/got)"}
[2026-08-20 00:47:13.700] [info]  [api] [HASTE INCOMING ORDER QUERY] {}
[2026-08-20 00:47:13.702] [info]  [api] [RESOLVE DEBUG] input productNo=GSPHT3009 name=딸기라떼 options=[{"optionCode":"1729279","optionName":"ICE","price":0,"quantity":1},{"optionCode":"1729327","optionName":"초코","price":500,"quantity":1}] combinedPoolLength=656
[2026-08-20 00:47:13.703] [debug] [task] [task] event=task.enqueue status=accepted orderId=745307818514354378 priority=99 description=음료_제조_(745307818514354378)
[2026-08-20 00:47:13.705] [debug] [task] [task] event=task.start status=started source=toss mode=dry_run orderId=745307818514354378 menuCount=1
[2026-08-20 00:47:13.706] [info]  [kiosk] [toss] event=order.received status=success source=toss virtual=on mode=order orderId=745307818514354378 menuCount=1 mappings=[{"baseCode":"MMI3002","recipeCode":"MMI3002","matchedMenuName":"ICED딸기라떼(초코)_MV","stepsSummary":"CUP:1,_ICE:5600,_COLD_MILK:220,_SIRUP1:30,_SIRUP3:30"}]
[2026-08-20 00:47:13.707] [info]  [api] ☕ [HASTE Order Enqueued] orderId=745307818514354378 source=toss 총 1잔 순차 제조 큐 적재 완료!
[2026-08-20 00:47:13.711] [debug] [task] [task] event=brew.menu status=started orderId=745307818514354378 menuName=ICED딸기라떼(초코)_MV stepCount=5
[2026-08-20 00:47:14.015] [debug] [task] [task] event=brew.step status=ignored reason=test_menu orderId=745307818514354378 menuName=ICED딸기라떼(초코)_MV step=주문스텝2
[2026-08-20 00:47:14.296] [debug] [task] [task] event=brew.step status=ignored reason=test_menu orderId=745307818514354378 menuName=ICED딸기라떼(초코)_MV step=주문스텝3
[2026-08-20 00:47:15.790] [debug] [task] [task] event=brew.step status=ignored reason=test_menu orderId=745307818514354378 menuName=ICED딸기라떼(초코)_MV step=주문스텝4
[2026-08-20 00:47:16.102] [debug] [task] [task] event=brew.step status=ignored reason=test_menu orderId=745307818514354378 menuName=ICED딸기라떼(초코)_MV step=주문스텝5
[2026-08-20 00:47:16.141] [debug] [task] [task] event=task.complete status=success orderId=745307818514354378
[2026-08-20 00:47:16.145] [info]  [kiosk] [toss] event=order.completed status=success source=toss virtual=on mode=order orderId=745307818514354378 bill=745307818514354378 menuCount=1
[2026-08-20 00:48:17.961] [debug] [api] [api] event=api.request status=started version=v1 route=POST_/v1/order
[2026-08-20 00:48:17.964] [info]  [api] [HASTE INCOMING ORDER BODY] {"orderId":"745308087797058168","items":[{"itemId":"16375377","productNo":"GSPHT2003","name":"바닐라라떼","count":1,"options":[{"optionCode":"1729278","optionName":"HOT","price":0,"quantity":1},{"optionCode":"1729289","optionName":"스탠다드","price":0,"quantity":1},{"optionCode":"1729322","optionName":"샷추가","price":500,"quantity":1}]}],"productNo":"GSPHT2003","options":[{"optionCode":"1729278","optionName":"HOT","price":0,"quantity":1},{"optionCode":"1729289","optionName":"스탠다드","price":0,"quantity":1},{"optionCode":"1729322","optionName":"샷추가","price":500,"quantity":1}],"tossStoreId":"593056","storeNo":"593056"}
[2026-08-20 00:48:17.967] [info]  [api] [HASTE INCOMING ORDER HEADERS] {"accept-encoding":"gzip, deflate, br","connection":"close","content-length":"649","content-type":"application/json","host":"local.cafehaste.com:8443","user-agent":"got (https://github.com/sindresorhus/got)"}
[2026-08-20 00:48:17.969] [info]  [api] [HASTE INCOMING ORDER QUERY] {}
[2026-08-20 00:48:17.971] [info]  [api] [RESOLVE DEBUG] input productNo=GSPHT2003 name=바닐라라떼 options=[{"optionCode":"1729278","optionName":"HOT","price":0,"quantity":1},{"optionCode":"1729289","optionName":"스탠다드","price":0,"quantity":1},{"optionCode":"1729322","optionName":"샷추가","price":500,"quantity":1}] combinedPoolLength=656
[2026-08-20 00:48:17.973] [debug] [task] [task] event=task.enqueue status=accepted orderId=745308087797058168 priority=99 description=음료_제조_(745308087797058168)
[2026-08-20 00:48:17.975] [debug] [task] [task] event=task.start status=started source=toss mode=dry_run orderId=745308087797058168 menuCount=1
[2026-08-20 00:48:17.978] [info]  [kiosk] [toss] event=order.received status=success source=toss virtual=on mode=order orderId=745308087797058168 menuCount=1 mappings=[{"baseCode":"MSH2003","recipeCode":"MSH2003","matchedMenuName":"HOT바닐라라떼(스탠다드)_MV","stepsSummary":"CUP:,_HOT_MILK:300,_SIRUP15:50,_COFFEE:90"}]
[2026-08-20 00:48:17.980] [info]  [api] ☕ [HASTE Order Enqueued] orderId=745308087797058168 source=toss 총 1잔 순차 제조 큐 적재 완료!
[2026-08-20 00:48:17.985] [debug] [task] [task] event=brew.menu status=started orderId=745308087797058168 menuName=HOT바닐라라떼(스탠다드)_MV stepCount=4
[2026-08-20 00:48:18.342] [debug] [task] [task] event=brew.step status=ignored reason=test_menu orderId=745308087797058168 menuName=HOT바닐라라떼(스탠다드)_MV step=주문스텝2
[2026-08-20 00:48:18.709] [debug] [task] [task] event=brew.step status=ignored reason=test_menu orderId=745308087797058168 menuName=HOT바닐라라떼(스탠다드)_MV step=주문스텝3
[2026-08-20 00:48:19.902] [debug] [task] [task] event=brew.step status=ignored reason=test_menu orderId=745308087797058168 menuName=HOT바닐라라떼(스탠다드)_MV step=주문스텝4
[2026-08-20 00:48:20.189] [debug] [task] [task] event=brew.step status=ignored reason=test_menu orderId=745308087797058168 menuName=HOT바닐라라떼(스탠다드)_MV step=주문스텝5
[2026-08-20 00:48:20.194] [debug] [task] [task] event=task.complete status=success orderId=745308087797058168
[2026-08-20 00:48:20.196] [info]  [kiosk] [toss] event=order.completed status=success source=toss virtual=on mode=order orderId=745308087797058168 bill=745308087797058168 menuCount=1
[2026-08-20 00:51:59.852] [debug] [task] [task] event=maintenance.enqueue status=ignored reason=sales_open routine=wmf_error trigger=scheduled
[2026-08-20 00:51:59.855] [debug] [task] [task] event=maintenance.routine status=ignored reason=sales_open routine=wmf_error trigger=scheduled
[2026-08-20 00:51:59.858] [debug] [task] [task] event=maintenance.enqueue status=ignored reason=sales_open routine=temperature trigger=scheduled
[2026-08-20 00:51:59.860] [debug] [task] [task] event=maintenance.routine status=ignored reason=sales_open routine=temperature trigger=scheduled
[2026-08-20 00:52:06.995] [info]  [HASTE DB Save] Settings category "menu" has been updated and saved to SQLite successfully.
[2026-08-20 00:52:06.998] [info]  [HASTE DB Save] Settings category "product" has been updated and saved to SQLite successfully.
[2026-08-20 00:52:06.999] [info]  [HASTE DB Sync] Reloading memory settingsStore from SQLite database...
[2026-08-20 00:52:07.003] [info]  [HASTE DB Load] Loaded settings from SQLite database successfully. StoreName: "수원금곡삼익점", StoreNo: "store105041", ThemeMode: "Light", isKioskDryRun: "true"
[2026-08-20 00:52:07.058] [info]  [HASTE Standard Recipe Apply] Successfully synced 67 Toss Kiosk products from Google Sheet SOT! (Tier: G_LOW)
[2026-08-20 00:52:07.058] [info]  [HASTE Standard Recipe Apply] Successfully generated and injected 232 store-matched physical recipes & Toss Kiosk menu from Google Sheet SOT! (Hopper1: S, Hopper2: P)
[2026-08-20 00:52:07.130] [info]  [HASTE DB Save] Settings category "information" has been updated and saved to SQLite successfully.
[2026-08-20 00:52:07.134] [info]  [HASTE DB Save] Settings category "information" has been updated and saved to SQLite successfully.
[2026-08-20 00:52:07.137] [info]  [HASTE DB Save] Settings category "information" has been updated and saved to SQLite successfully.
[2026-08-20 00:52:07.247] [info]  [task] [HASTE Single Correct] Corrected productNo=undefined (type=name_only) to match Google standard
[2026-08-20 00:52:07.249] [error] [Client] [POS_SYNC] [IMPORT_FAIL] : 가져올 키오스크 상품 번호가 전달되지 않았습니다.
[2026-08-20 00:52:07.255] [info]  [HASTE DB Save] Settings category "menu" has been updated and saved to SQLite successfully.
[2026-08-20 00:52:07.256] [info]  [HASTE DB Save] Settings category "product" has been updated and saved to SQLite successfully.
[2026-08-20 00:52:07.258] [info]  [HASTE DB Sync] Reloading memory settingsStore from SQLite database...
[2026-08-20 00:52:07.260] [info]  [HASTE DB Load] Loaded settings from SQLite database successfully. StoreName: "수원금곡삼익점", StoreNo: "store105041", ThemeMode: "Light", isKioskDryRun: "true"
[2026-08-20 00:52:07.262] [info]  [HASTE] Successfully cloned 67 kiosk items to local SQLite DB & store!
[2026-08-20 00:52:07.268] [info]  [HASTE DB Save] Settings category "menu" has been updated and saved to SQLite successfully.
[2026-08-20 00:52:07.270] [info]  [HASTE DB Save] Settings category "product" has been updated and saved to SQLite successfully.
[2026-08-20 00:52:07.271] [info]  [HASTE DB Sync] Reloading memory settingsStore from SQLite database...
[2026-08-20 00:52:07.274] [info]  [HASTE DB Load] Loaded settings from SQLite database successfully. StoreName: "수원금곡삼익점", StoreNo: "store105041", ThemeMode: "Light", isKioskDryRun: "true"
[2026-08-20 00:52:07.344] [info]  [HASTE Standard Recipe Apply] Successfully synced 67 Toss Kiosk products from Google Sheet SOT! (Tier: G_LOW)
[2026-08-20 00:52:07.345] [info]  [HASTE Standard Recipe Apply] Successfully generated and injected 232 store-matched physical recipes & Toss Kiosk menu from Google Sheet SOT! (Hopper1: S, Hopper2: P)
[2026-08-20 00:52:07.360] [info]  [HASTE DB Save] Settings category "information" has been updated and saved to SQLite successfully.
[2026-08-20 00:52:07.360] [info]  [task] [HASTE Pricing] Successfully applied pricing tier 'G_LOW' to 0 kiosk menu items.
[2026-08-20 00:52:07.735] [info]  [HASTE DB Save] Settings category "information" has been updated and saved to SQLite successfully.
[2026-08-20 00:56:59.842] [debug] [task] [task] event=maintenance.enqueue status=ignored reason=sales_open routine=foamer trigger=scheduled
[2026-08-20 00:56:59.845] [debug] [task] [task] event=maintenance.routine status=ignored reason=sales_open routine=foamer trigger=scheduled
[2026-08-20 01:01:59.848] [debug] [task] [task] event=maintenance.enqueue status=ignored reason=sales_open routine=ice_maker trigger=scheduled
[2026-08-20 01:01:59.850] [debug] [task] [task] event=maintenance.routine status=ignored reason=sales_open routine=ice_maker trigger=scheduled
[2026-08-20 01:01:59.853] [debug] [task] [task] event=maintenance.enqueue status=ignored reason=sales_open routine=wmf_error trigger=scheduled
[2026-08-20 01:01:59.855] [debug] [task] [task] event=maintenance.routine status=ignored reason=sales_open routine=wmf_error trigger=scheduled
[2026-08-20 01:01:59.857] [debug] [task] [task] event=maintenance.enqueue status=ignored reason=sales_open routine=temperature trigger=scheduled
[2026-08-20 01:01:59.859] [debug] [task] [task] event=maintenance.routine status=ignored reason=sales_open routine=temperature trigger=scheduled
[2026-08-20 01:11:59.854] [debug] [task] [task] event=maintenance.enqueue status=ignored reason=sales_open routine=wmf_error trigger=scheduled
[2026-08-20 01:11:59.857] [debug] [task] [task] event=maintenance.routine status=ignored reason=sales_open routine=wmf_error trigger=scheduled
[2026-08-20 01:11:59.860] [debug] [task] [task] event=maintenance.enqueue status=ignored reason=sales_open routine=temperature trigger=scheduled
[2026-08-20 01:11:59.863] [debug] [task] [task] event=maintenance.routine status=ignored reason=sales_open routine=temperature trigger=scheduled
[2026-08-20 01:13:46.505] [info]  [task] [HASTE Remote Hotpatch] Downloading ASAR from: https://github.com/rst9374-tech/haste_client_version/releases/download/v3.1.0t35/hasteai_client_v3.1.0t35.asar
[2026-08-20 01:13:59.578] [info]  [HASTE Shutdown] Releasing all serial ports...
[2026-08-20 01:13:59.579] [info]  [app] event=app.shutdown status=started
[2026-08-20 01:14:07.264] [info]  [HASTE DB Load] Loaded settings from SQLite database successfully. StoreName: "수원금곡삼익점", StoreNo: "store105041", ThemeMode: "Light", isKioskDryRun: "false"
[2026-08-20 01:14:07.621] [info]  [app] event=app.startup status=started appVersion=3.1.0t35 packaged=true
[2026-08-20 01:14:07.724] [info]  [app] event=app.window status=success
[2026-08-20 01:14:07.781] [info]  [app] event=app.tray status=success
[2026-08-20 01:14:07.782] [info]  [app] event=updater.check status=ignored reason=store_managed_distribution
[2026-08-20 01:14:07.786] [info]  [app] event=app.ipc status=success
[2026-08-20 01:14:07.788] [info]  [app] event=task.start status=success
[2026-08-20 01:14:07.790] [debug] [api] [api] event=settings.change status=success port=8080 posStoreNo=store105041 deviceModelId=D0000
[2026-08-20 01:14:07.793] [info]  [api] [HASTE] Found SSL Certificates at: C:\Users\커피에반하다\AppData\Local\Programs\haste_client3.1\resources\resources
[2026-08-20 01:14:07.873] [info]  [api] [HASTE] Started HTTP Hono Server on port 8080 (Toss Place HTTP Mode).
[2026-08-20 01:14:07.878] [info]  [api] [HASTE] Started HTTPS Hono Server on port 8443 (Toss Kiosk Mode).
[2026-08-20 01:14:07.880] [debug] [api] [api] event=api.server status=success port=8080 host=0.0.0.0
[2026-08-20 01:14:07.881] [info]  [serialport] [serialport] event=serialport.connect status=started scope=all
[2026-08-20 01:14:07.883] [debug] [coffee] [coffee] event=settings.change status=success field=thirdpartyType value=Lilly_(WMF)
[2026-08-20 01:14:07.885] [debug] [coffee] [coffee] event=coffee.socket status=started transport=ws machineName=WMF model=Lilly_(WMF) ip=192.168.10.99 port=25000
[2026-08-20 01:14:07.892] [debug] [coffee] [coffee] event=temperature.change status=success
[2026-08-20 01:14:07.894] [debug] [api] [api] event=did.callback status=ignored reason=local_did_not_open screen=temperature
[2026-08-20 01:14:07.900] [info]  [HASTE DB Save] Settings category "inventory" has been updated and saved to SQLite successfully.
[2026-08-20 01:14:07.902] [info]  [HASTE DB Save] Settings category "inventory" has been updated and saved to SQLite successfully.
[2026-08-20 01:14:07.903] [info]  [serialport] [serialport] event=serialport.connect status=started scope=all
[2026-08-20 01:14:07.905] [info]  [HASTE DB Save] Settings category "inventory" has been updated and saved to SQLite successfully.
[2026-08-20 01:14:07.907] [info]  [HASTE DB Save] Settings category "inventory" has been updated and saved to SQLite successfully.
[2026-08-20 01:14:07.908] [debug] [api] [HASTE Theme Sync] Applied local UI theme: isDark=false
[2026-08-20 01:14:07.909] [debug] [api] [api] event=did.callback status=started target=local screen=/ reason=local_api_down
[2026-08-20 01:14:07.912] [info]  [app] event=app.startup status=success message="subscriptions registered"
[2026-08-20 01:14:07.913] [debug] [task] [task] event=scheduler.change status=success routine=FOAMER_RINSING intervalSec=1500 normalizedIntervalSec=1500
[2026-08-20 01:14:07.915] [debug] [task] [task] event=scheduler.change status=success routine=WARM_RINSING intervalSec=0 normalizedIntervalSec=0
[2026-08-20 01:14:07.916] [debug] [task] [task] event=scheduler.change status=success routine=MIXER_RINSING intervalSec=0 normalizedIntervalSec=0
[2026-08-20 01:14:07.917] [debug] [task] [task] event=scheduler.change status=success routine=ERROR_CHECK intervalSec=600 normalizedIntervalSec=600
[2026-08-20 01:14:07.919] [debug] [task] [task] event=scheduler.change status=success routine=ICE_MAKER intervalSec=1800 normalizedIntervalSec=1800
[2026-08-20 01:14:07.920] [debug] [task] [task] event=scheduler.change status=success routine=TEMP_CHECK intervalSec=600 normalizedIntervalSec=600
[2026-08-20 01:14:07.921] [debug] [app] event=scheduler.change status=success routine=license.verify intervalSec=86400
[2026-08-20 01:14:07.922] [info]  [app] event=app.startup status=success message="schedulers registered"
[2026-08-20 01:14:07.923] [info]  [HASTE Guard] enableHasteAgent is false (OFF). Skipping agent bot launch.
[2026-08-20 01:14:07.924] [info]  [app] event=license.verify status=success state=approved storeId=store105041
[2026-08-20 01:14:07.985] [error] [serialport] [serialport] event=serialport.error status=failed reason=port_error boardName=board1 port=COM5 message="Opening COM5: Access denied"
[2026-08-20 01:14:07.987] [debug] [api] [HASTE DevTools Sync] Current window DevTools opened state: false, Target state: false
[2026-08-20 01:14:08.018] [debug] [coffee] [coffee] event=coffee.socket status=success transport=ws machineName=WMF action=connected
[2026-08-20 01:14:08.033] [debug] [coffee] [coffee] event=hardware.response status=success machineName=Lilly_(WMF) command=getApiVersion returnvalue=40401
[2026-08-20 01:14:08.513] [debug] [api] [api] event=did.callback status=started target=local screen=main
[2026-08-20 01:14:08.515] [debug] [serialport] [serialport] event=serialport.connect status=success boardName=board1 port=COM5
[2026-08-20 01:14:08.543] [debug] [coffee] [coffee] event=hardware.response status=success machineName=Lilly_(WMF) command=getDiagnosticData returnvalue=0
[2026-08-20 01:14:08.544] [debug] [coffee] [coffee] event=temperature.change status=success value=96
[2026-08-20 01:14:08.546] [debug] [api] [api] event=did.callback status=ignored reason=local_did_not_open screen=temperature
[2026-08-20 01:14:08.888] [debug] [serialport] [serialport] event=serialport.packet status=success boardName=board1 length=24 message="bytearray(b'\\x020A1DCP0201A00101A10344\\x03')"
[2026-08-20 01:14:09.466] [debug] [serialport] [serialport] event=serialport.packet status=success boardName=board1 length=24 message="bytearray(b'\\x020A1DPC0200A00101A00342\\x03')"
[2026-08-20 01:14:09.468] [debug] [serialport] [serialport] event=serialport.packet.parse status=success boardName=board1 message="{\"isValidStx\":true,\"isValidEtx\":true,\"isValidDst\":true,\"isValidSrc\":true,\"isValidLength\":true,\"fnc\":\"1\",\"act\":\"D\",\"data\":{\"0\":48,\"1\":50,\"2\":48,\"3\":48,\"4\":65,\"5\":48,\"6\":48,\"7\":49,\"8\":48,\"9\":49,\"10\":65,\"11\":48,\"12\":48,\"13\":51,\"14\":52},\"values\":[\"02\",\"00\",\"A0\",\"01\",\"01\",\"A0\",\"03\"],\"part\":{},\"isValidChecksum\":true}"
[2026-08-20 01:14:09.719] [debug] [coffee] [coffee] event=hardware.response status=success machineName=Lilly_(WMF) command=getMachineInfo returnvalue=0
[2026-08-20 01:17:02.439] [info]  [task] [HASTE Remote Hotpatch] Downloading ASAR from: https://github.com/rst9374-tech/haste_client_version/releases/download/v3.1.0t36/hasteai_client_v3.1.0t36.asar
[2026-08-20 01:17:16.853] [info]  [HASTE Shutdown] Releasing all serial ports...
[2026-08-20 01:17:16.854] [info]  [app] event=app.shutdown status=started
[2026-08-20 01:17:24.211] [info]  [HASTE DB Load] Loaded settings from SQLite database successfully. StoreName: "수원금곡삼익점", StoreNo: "store105041", ThemeMode: "Light", isKioskDryRun: "false"
[2026-08-20 01:17:24.590] [info]  [app] event=app.startup status=started appVersion=3.1.0t36 packaged=true
[2026-08-20 01:17:24.680] [info]  [app] event=app.window status=success
[2026-08-20 01:17:24.699] [info]  [app] event=app.tray status=success
[2026-08-20 01:17:24.700] [info]  [app] event=updater.check status=ignored reason=store_managed_distribution
[2026-08-20 01:17:24.704] [info]  [app] event=app.ipc status=success
[2026-08-20 01:17:24.713] [info]  [app] event=task.start status=success
[2026-08-20 01:17:24.715] [debug] [api] [api] event=settings.change status=success port=8080 posStoreNo=store105041 deviceModelId=D0000
[2026-08-20 01:17:24.718] [info]  [api] [HASTE] Found SSL Certificates at: C:\Users\커피에반하다\AppData\Local\Programs\haste_client3.1\resources\resources
[2026-08-20 01:17:24.725] [info]  [api] [HASTE] Started HTTP Hono Server on port 8080 (Toss Place HTTP Mode).
[2026-08-20 01:17:24.731] [info]  [api] [HASTE] Started HTTPS Hono Server on port 8443 (Toss Kiosk Mode).
[2026-08-20 01:17:24.732] [debug] [api] [api] event=api.server status=success port=8080 host=0.0.0.0
[2026-08-20 01:17:24.733] [info]  [serialport] [serialport] event=serialport.connect status=started scope=all
[2026-08-20 01:17:24.735] [debug] [coffee] [coffee] event=settings.change status=success field=thirdpartyType value=Lilly_(WMF)
[2026-08-20 01:17:24.737] [debug] [coffee] [coffee] event=coffee.socket status=started transport=ws machineName=WMF model=Lilly_(WMF) ip=192.168.10.99 port=25000
[2026-08-20 01:17:24.744] [debug] [coffee] [coffee] event=temperature.change status=success
[2026-08-20 01:17:24.746] [debug] [api] [api] event=did.callback status=ignored reason=local_did_not_open screen=temperature
[2026-08-20 01:17:24.750] [info]  [HASTE DB Save] Settings category "inventory" has been updated and saved to SQLite successfully.
[2026-08-20 01:17:24.752] [info]  [HASTE DB Save] Settings category "inventory" has been updated and saved to SQLite successfully.
[2026-08-20 01:17:24.753] [info]  [serialport] [serialport] event=serialport.connect status=started scope=all
[2026-08-20 01:17:24.756] [info]  [HASTE DB Save] Settings category "inventory" has been updated and saved to SQLite successfully.
[2026-08-20 01:17:24.757] [info]  [HASTE DB Save] Settings category "inventory" has been updated and saved to SQLite successfully.
[2026-08-20 01:17:24.758] [debug] [api] [HASTE Theme Sync] Applied local UI theme: isDark=false
[2026-08-20 01:17:24.760] [debug] [api] [api] event=did.callback status=started target=local screen=/ reason=local_api_down
[2026-08-20 01:17:24.762] [info]  [app] event=app.startup status=success message="subscriptions registered"
[2026-08-20 01:17:24.763] [debug] [task] [task] event=scheduler.change status=success routine=FOAMER_RINSING intervalSec=1500 normalizedIntervalSec=1500
[2026-08-20 01:17:24.765] [debug] [task] [task] event=scheduler.change status=success routine=WARM_RINSING intervalSec=0 normalizedIntervalSec=0
[2026-08-20 01:17:24.766] [debug] [task] [task] event=scheduler.change status=success routine=MIXER_RINSING intervalSec=0 normalizedIntervalSec=0
[2026-08-20 01:17:24.767] [debug] [task] [task] event=scheduler.change status=success routine=ERROR_CHECK intervalSec=600 normalizedIntervalSec=600
[2026-08-20 01:17:24.769] [debug] [task] [task] event=scheduler.change status=success routine=ICE_MAKER intervalSec=1800 normalizedIntervalSec=1800
[2026-08-20 01:17:24.770] [debug] [task] [task] event=scheduler.change status=success routine=TEMP_CHECK intervalSec=600 normalizedIntervalSec=600
[2026-08-20 01:17:24.771] [debug] [app] event=scheduler.change status=success routine=license.verify intervalSec=86400
[2026-08-20 01:17:24.771] [info]  [app] event=app.startup status=success message="schedulers registered"
[2026-08-20 01:17:24.773] [info]  [HASTE Guard] enableHasteAgent is false (OFF). Skipping agent bot launch.
[2026-08-20 01:17:24.774] [info]  [app] event=license.verify status=success state=approved storeId=store105041
[2026-08-20 01:17:24.840] [error] [serialport] [serialport] event=serialport.error status=failed reason=port_error boardName=board1 port=COM5 message="Opening COM5: Access denied"
[2026-08-20 01:17:24.842] [debug] [api] [HASTE DevTools Sync] Current window DevTools opened state: false, Target state: false
[2026-08-20 01:17:24.855] [debug] [coffee] [coffee] event=coffee.socket status=success transport=ws machineName=WMF action=connected
[2026-08-20 01:17:24.881] [debug] [coffee] [coffee] event=hardware.response status=success machineName=Lilly_(WMF) command=getApiVersion returnvalue=40401
[2026-08-20 01:17:24.883] [debug] [coffee] [coffee] event=hardware.response status=success machineName=Lilly_(WMF) command=getDiagnosticData returnvalue=0
[2026-08-20 01:17:24.884] [debug] [coffee] [coffee] event=temperature.change status=success value=96
[2026-08-20 01:17:24.884] [debug] [api] [api] event=did.callback status=ignored reason=local_did_not_open screen=temperature
[2026-08-20 01:17:25.092] [debug] [api] [api] event=did.callback status=started target=local screen=main
[2026-08-20 01:17:25.093] [debug] [serialport] [serialport] event=serialport.connect status=success boardName=board1 port=COM5
[2026-08-20 01:17:25.234] [debug] [serialport] [serialport] event=serialport.packet status=success boardName=board1 length=24 message="bytearray(b'\\x020A1DCP0201A00101A10344\\x03')"
[2026-08-20 01:17:25.288] [debug] [serialport] [serialport] event=serialport.packet status=success boardName=board1 length=24 message="bytearray(b'\\x020A1DPC0200A00101A00342\\x03')"
[2026-08-20 01:17:25.290] [debug] [serialport] [serialport] event=serialport.packet.parse status=success boardName=board1 message="{\"isValidStx\":true,\"isValidEtx\":true,\"isValidDst\":true,\"isValidSrc\":true,\"isValidLength\":true,\"fnc\":\"1\",\"act\":\"D\",\"data\":{\"0\":48,\"1\":50,\"2\":48,\"3\":48,\"4\":65,\"5\":48,\"6\":48,\"7\":49,\"8\":48,\"9\":49,\"10\":65,\"11\":48,\"12\":48,\"13\":51,\"14\":52},\"values\":[\"02\",\"00\",\"A0\",\"01\",\"01\",\"A0\",\"03\"],\"part\":{},\"isValidChecksum\":true}"
[2026-08-20 01:17:26.364] [debug] [coffee] [coffee] event=hardware.response status=success machineName=Lilly_(WMF) command=getMachineInfo returnvalue=0
[2026-08-20 01:17:37.636] [info]  [task] [HASTE Remote Hotpatch] Downloading ASAR from: https://github.com/rst9374-tech/haste_client_version/releases/download/v3.1.0t37/hasteai_client_v3.1.0t37.asar
[2026-08-20 01:17:52.176] [info]  [HASTE Shutdown] Releasing all serial ports...
[2026-08-20 01:17:52.177] [info]  [app] event=app.shutdown status=started
[2026-08-20 01:17:57.866] [info]  [HASTE DB Load] Loaded settings from SQLite database successfully. StoreName: "수원금곡삼익점", StoreNo: "store105041", ThemeMode: "Light", isKioskDryRun: "false"
[2026-08-20 01:17:58.201] [info]  [app] event=app.startup status=started appVersion=3.1.0t37 packaged=true
[2026-08-20 01:17:58.299] [info]  [app] event=app.window status=success
[2026-08-20 01:17:58.317] [info]  [app] event=app.tray status=success
[2026-08-20 01:17:58.318] [info]  [app] event=updater.check status=ignored reason=store_managed_distribution
[2026-08-20 01:17:58.322] [info]  [app] event=app.ipc status=success
[2026-08-20 01:17:58.329] [info]  [app] event=task.start status=success
[2026-08-20 01:17:58.331] [debug] [api] [api] event=settings.change status=success port=8080 posStoreNo=store105041 deviceModelId=D0000
[2026-08-20 01:17:58.334] [info]  [api] [HASTE] Found SSL Certificates at: C:\Users\커피에반하다\AppData\Local\Programs\haste_client3.1\resources\resources
[2026-08-20 01:17:58.373] [info]  [api] [HASTE] Started HTTP Hono Server on port 8080 (Toss Place HTTP Mode).
[2026-08-20 01:17:58.378] [info]  [api] [HASTE] Started HTTPS Hono Server on port 8443 (Toss Kiosk Mode).
[2026-08-20 01:17:58.380] [debug] [api] [api] event=api.server status=success port=8080 host=0.0.0.0
[2026-08-20 01:17:58.381] [info]  [serialport] [serialport] event=serialport.connect status=started scope=all
[2026-08-20 01:17:58.383] [debug] [coffee] [coffee] event=settings.change status=success field=thirdpartyType value=Lilly_(WMF)
[2026-08-20 01:17:58.385] [debug] [coffee] [coffee] event=coffee.socket status=started transport=ws machineName=WMF model=Lilly_(WMF) ip=192.168.10.99 port=25000
[2026-08-20 01:17:58.392] [debug] [coffee] [coffee] event=temperature.change status=success
[2026-08-20 01:17:58.393] [debug] [api] [api] event=did.callback status=ignored reason=local_did_not_open screen=temperature
[2026-08-20 01:17:58.397] [info]  [HASTE DB Save] Settings category "inventory" has been updated and saved to SQLite successfully.
[2026-08-20 01:17:58.399] [info]  [HASTE DB Save] Settings category "inventory" has been updated and saved to SQLite successfully.
[2026-08-20 01:17:58.400] [info]  [serialport] [serialport] event=serialport.connect status=started scope=all
[2026-08-20 01:17:58.402] [info]  [HASTE DB Save] Settings category "inventory" has been updated and saved to SQLite successfully.
[2026-08-20 01:17:58.405] [info]  [HASTE DB Save] Settings category "inventory" has been updated and saved to SQLite successfully.
[2026-08-20 01:17:58.406] [debug] [api] [HASTE Theme Sync] Applied local UI theme: isDark=false
[2026-08-20 01:17:58.407] [debug] [api] [api] event=did.callback status=started target=local screen=/ reason=local_api_down
[2026-08-20 01:17:58.409] [info]  [app] event=app.startup status=success message="subscriptions registered"
[2026-08-20 01:17:58.410] [debug] [task] [task] event=scheduler.change status=success routine=FOAMER_RINSING intervalSec=1500 normalizedIntervalSec=1500
[2026-08-20 01:17:58.412] [debug] [task] [task] event=scheduler.change status=success routine=WARM_RINSING intervalSec=0 normalizedIntervalSec=0
[2026-08-20 01:17:58.413] [debug] [task] [task] event=scheduler.change status=success routine=MIXER_RINSING intervalSec=0 normalizedIntervalSec=0
[2026-08-20 01:17:58.414] [debug] [task] [task] event=scheduler.change status=success routine=ERROR_CHECK intervalSec=600 normalizedIntervalSec=600
[2026-08-20 01:17:58.415] [debug] [task] [task] event=scheduler.change status=success routine=ICE_MAKER intervalSec=1800 normalizedIntervalSec=1800
[2026-08-20 01:17:58.416] [debug] [task] [task] event=scheduler.change status=success routine=TEMP_CHECK intervalSec=600 normalizedIntervalSec=600
[2026-08-20 01:17:58.417] [debug] [app] event=scheduler.change status=success routine=license.verify intervalSec=86400
[2026-08-20 01:17:58.418] [info]  [app] event=app.startup status=success message="schedulers registered"
[2026-08-20 01:17:58.421] [info]  [HASTE Guard] enableHasteAgent is false (OFF). Skipping agent bot launch.
[2026-08-20 01:17:58.421] [info]  [app] event=license.verify status=success state=approved storeId=store105041
[2026-08-20 01:17:58.524] [debug] [api] [HASTE DevTools Sync] Current window DevTools opened state: false, Target state: false
[2026-08-20 01:17:58.549] [debug] [coffee] [coffee] event=coffee.socket status=success transport=ws machineName=WMF action=connected
[2026-08-20 01:17:58.552] [error] [serialport] [serialport] event=serialport.error status=failed reason=port_error boardName=board1 port=COM5 message="Opening COM5: Access denied"
[2026-08-20 01:17:58.583] [debug] [coffee] [coffee] event=hardware.response status=success machineName=Lilly_(WMF) command=getApiVersion returnvalue=40401
[2026-08-20 01:17:58.881] [debug] [api] [api] event=did.callback status=started target=local screen=main
[2026-08-20 01:17:58.883] [debug] [serialport] [serialport] event=serialport.connect status=success boardName=board1 port=COM5
[2026-08-20 01:17:59.092] [debug] [serialport] [serialport] event=serialport.packet status=success boardName=board1 length=24 message="bytearray(b'\\x020A1DCP0201A00101A10344\\x03')"
[2026-08-20 01:17:59.134] [debug] [coffee] [coffee] event=hardware.response status=success machineName=Lilly_(WMF) command=getDiagnosticData returnvalue=0
[2026-08-20 01:17:59.135] [debug] [coffee] [coffee] event=temperature.change status=success value=96
[2026-08-20 01:17:59.136] [debug] [api] [api] event=did.callback status=ignored reason=local_did_not_open screen=temperature
[2026-08-20 01:17:59.415] [debug] [serialport] [serialport] event=serialport.packet status=success boardName=board1 length=24 message="bytearray(b'\\x020A1DPC0200A00101A00342\\x03')"
[2026-08-20 01:17:59.417] [debug] [serialport] [serialport] event=serialport.packet.parse status=success boardName=board1 message="{\"isValidStx\":true,\"isValidEtx\":true,\"isValidDst\":true,\"isValidSrc\":true,\"isValidLength\":true,\"fnc\":\"1\",\"act\":\"D\",\"data\":{\"0\":48,\"1\":50,\"2\":48,\"3\":48,\"4\":65,\"5\":48,\"6\":48,\"7\":49,\"8\":48,\"9\":49,\"10\":65,\"11\":48,\"12\":48,\"13\":51,\"14\":52},\"values\":[\"02\",\"00\",\"A0\",\"01\",\"01\",\"A0\",\"03\"],\"part\":{},\"isValidChecksum\":true}"
[2026-08-20 01:18:00.222] [debug] [coffee] [coffee] event=hardware.response status=success machineName=Lilly_(WMF) command=getMachineInfo returnvalue=0
[2026-08-20 01:18:32.060] [warn]  [HASTE DB Reset] Settings initialization triggered. Backing up store environment & hardware parts...
[2026-08-20 01:18:32.061] [warn]  [HASTE DB Reset] Dropping settings table...
[2026-08-20 01:18:32.063] [info]  [HASTE DB Reset] Creating fresh settings table...
[2026-08-20 01:18:32.064] [info]  [HASTE DB Reset] Inserting defaults settings values...
[2026-08-20 01:18:32.092] [info]  [HASTE DB Load] Loaded settings from SQLite database successfully. StoreName: "수원금곡삼익점", StoreNo: "store105041", ThemeMode: "Light", isKioskDryRun: "false"
[2026-08-20 01:18:32.094] [info]  [HASTE DB Save] Settings category "menu" has been updated and saved to SQLite successfully.
[2026-08-20 01:18:32.096] [info]  [HASTE DB Save] Settings category "menu" has been updated and saved to SQLite successfully.
[2026-08-20 01:18:32.098] [info]  [HASTE DB Save] Settings category "menu" has been updated and saved to SQLite successfully.
[2026-08-20 01:18:32.100] [info]  [HASTE DB Save] Settings category "menu" has been updated and saved to SQLite successfully.
[2026-08-20 01:18:32.101] [info]  [HASTE DB Save] Settings category "menu" has been updated and saved to SQLite successfully.
[2026-08-20 01:18:32.103] [info]  [HASTE DB Save] Settings category "menu" has been updated and saved to SQLite successfully.
[2026-08-20 01:18:32.104] [info]  [HASTE DB Save] Settings category "menu" has been updated and saved to SQLite successfully.
[2026-08-20 01:18:32.106] [info]  [HASTE DB Save] Settings category "menu" has been updated and saved to SQLite successfully.
[2026-08-20 01:18:32.107] [info]  [HASTE DB Save] Settings category "menu" has been updated and saved to SQLite successfully.
[2026-08-20 01:18:32.108] [info]  [HASTE DB Save] Settings category "menu" has been updated and saved to SQLite successfully.
[2026-08-20 01:18:32.110] [info]  [HASTE DB Save] Settings category "menu" has been updated and saved to SQLite successfully.
[2026-08-20 01:18:32.112] [info]  [HASTE DB Save] Settings category "menu" has been updated and saved to SQLite successfully.
[2026-08-20 01:18:32.113] [info]  [HASTE DB Save] Settings category "menu" has been updated and saved to SQLite successfully.
[2026-08-20 01:18:32.114] [info]  [HASTE DB Save] Settings category "menu" has been updated and saved to SQLite successfully.
[2026-08-20 01:18:32.116] [info]  [HASTE DB Save] Settings category "menu" has been updated and saved to SQLite successfully.
[2026-08-20 01:18:32.117] [info]  [HASTE DB Reset] Settings store reset completed with store environment & hardware calibrations 100% preserved.
[2026-08-20 01:18:32.118] [info]  [task] [HASTE DB Reset] Cleaned menu_item and store_agent tables successfully.
[2026-08-20 01:18:32.119] [info]  [HASTE DB Sync] Reloading memory settingsStore from SQLite database...
[2026-08-20 01:18:32.123] [info]  [HASTE DB Load] Loaded settings from SQLite database successfully. StoreName: "수원금곡삼익점", StoreNo: "store105041", ThemeMode: "Light", isKioskDryRun: "false"
[2026-08-20 01:18:32.124] [info]  [task] [HASTE DB Reset] Settings store reset completed successfully.
[2026-08-20 01:20:08.366] [debug] [api] [api] event=settings.change status=success port=8080 posStoreNo=105041 deviceModelId=D0000
[2026-08-20 01:20:08.371] [debug] [api] [HASTE Theme Sync] Applied local UI theme: isDark=false
[2026-08-20 01:20:08.377] [info]  [HASTE DB Save] Settings category "information" has been updated and saved to SQLite successfully.
[2026-08-20 01:20:08.400] [info]  [HASTE DB Save] Settings category "information" has been updated and saved to SQLite successfully.
[2026-08-20 01:20:08.403] [info]  [HASTE DB Save] Settings category "information" has been updated and saved to SQLite successfully.
[2026-08-20 01:20:08.422] [info]  [HASTE DB Save] Settings category "information" has been updated and saved to SQLite successfully.
[2026-08-20 01:20:08.424] [info]  [task] [HASTE Hard-Relaunch] App exit triggered from Renderer safely. Executing OS-Level Hard Relaunch...
[2026-08-20 01:20:08.429] [info]  [task] [HASTE Hard-Relaunch] Gracefully releasing all serial ports before OS-level exit...
[2026-08-20 01:20:08.431] [debug] [api] [HASTE DevTools Sync] Current window DevTools opened state: false, Target state: false
[2026-08-20 01:20:08.565] [debug] [api] [api] event=did.callback status=started target=local screen=/ reason=serialport_down
[2026-08-20 01:20:08.569] [debug] [serialport] [serialport] event=serialport.close status=success boardName=board1 port=COM5
[2026-08-20 01:20:08.572] [info]  [task] [HASTE Hard-Relaunch] [Prod Mode] Spawning next Lilly process with 2s delay to allow port release: C:\Users\커피에반하다\AppData\Local\Programs\haste_client3.1\haste_client3.1.exe with args []
[2026-08-20 01:20:08.721] [info]  [task] [HASTE Hard-Relaunch] Current process exiting via app.exit(0) safely.
[2026-08-20 01:20:47.765] [info]  [HASTE DB Load] Loaded settings from SQLite database successfully. StoreName: "수원금곡삼익점", StoreNo: "105041", ThemeMode: "Light", isKioskDryRun: "false"
[2026-08-20 01:20:48.154] [info]  [app] event=app.startup status=started appVersion=3.1.0t37 packaged=true
[2026-08-20 01:20:48.240] [info]  [app] event=app.window status=success
[2026-08-20 01:20:48.283] [info]  [app] event=app.tray status=success
[2026-08-20 01:20:48.284] [info]  [app] event=updater.check status=ignored reason=store_managed_distribution
[2026-08-20 01:20:48.288] [info]  [app] event=app.ipc status=success
[2026-08-20 01:20:48.290] [info]  [app] event=task.start status=success
[2026-08-20 01:20:48.292] [debug] [api] [api] event=settings.change status=success port=8080 posStoreNo=105041 deviceModelId=D0000
[2026-08-20 01:20:48.297] [info]  [api] [HASTE] Found SSL Certificates at: C:\Users\커피에반하다\AppData\Local\Programs\haste_client3.1\resources\resources
[2026-08-20 01:20:48.341] [info]  [api] [HASTE] Started HTTP Hono Server on port 8080 (Toss Place HTTP Mode).
[2026-08-20 01:20:48.347] [info]  [api] [HASTE] Started HTTPS Hono Server on port 8443 (Toss Kiosk Mode).
[2026-08-20 01:20:48.348] [debug] [api] [api] event=api.server status=success port=8080 host=0.0.0.0
[2026-08-20 01:20:48.349] [info]  [serialport] [serialport] event=serialport.connect status=started scope=all
[2026-08-20 01:20:48.351] [debug] [coffee] [coffee] event=settings.change status=success field=thirdpartyType value=Lilly_(WMF)
[2026-08-20 01:20:48.354] [debug] [coffee] [coffee] event=coffee.socket status=started transport=ws machineName=WMF model=Lilly_(WMF) ip=192.168.10.99 port=25000
[2026-08-20 01:20:48.361] [debug] [coffee] [coffee] event=temperature.change status=success
[2026-08-20 01:20:48.362] [debug] [api] [api] event=did.callback status=ignored reason=local_did_not_open screen=temperature
[2026-08-20 01:20:48.367] [info]  [HASTE DB Save] Settings category "inventory" has been updated and saved to SQLite successfully.
[2026-08-20 01:20:48.369] [info]  [HASTE DB Save] Settings category "inventory" has been updated and saved to SQLite successfully.
[2026-08-20 01:20:48.370] [info]  [serialport] [serialport] event=serialport.connect status=started scope=all
[2026-08-20 01:20:48.375] [info]  [HASTE DB Save] Settings category "inventory" has been updated and saved to SQLite successfully.
[2026-08-20 01:20:48.377] [info]  [HASTE DB Save] Settings category "inventory" has been updated and saved to SQLite successfully.
[2026-08-20 01:20:48.378] [debug] [api] [HASTE Theme Sync] Applied local UI theme: isDark=false
[2026-08-20 01:20:48.380] [debug] [api] [api] event=did.callback status=started target=local screen=/ reason=local_api_down
[2026-08-20 01:20:48.382] [info]  [app] event=app.startup status=success message="subscriptions registered"
[2026-08-20 01:20:48.383] [debug] [task] [task] event=scheduler.change status=success routine=FOAMER_RINSING intervalSec=1500 normalizedIntervalSec=1500
[2026-08-20 01:20:48.385] [debug] [task] [task] event=scheduler.change status=success routine=WARM_RINSING intervalSec=0 normalizedIntervalSec=0
[2026-08-20 01:20:48.387] [debug] [task] [task] event=scheduler.change status=success routine=MIXER_RINSING intervalSec=0 normalizedIntervalSec=0
[2026-08-20 01:20:48.387] [debug] [task] [task] event=scheduler.change status=success routine=ERROR_CHECK intervalSec=600 normalizedIntervalSec=600
[2026-08-20 01:20:48.389] [debug] [task] [task] event=scheduler.change status=success routine=ICE_MAKER intervalSec=1800 normalizedIntervalSec=1800
[2026-08-20 01:20:48.390] [debug] [task] [task] event=scheduler.change status=success routine=TEMP_CHECK intervalSec=600 normalizedIntervalSec=600
[2026-08-20 01:20:48.391] [debug] [app] event=scheduler.change status=success routine=license.verify intervalSec=86400
[2026-08-20 01:20:48.392] [info]  [app] event=app.startup status=success message="schedulers registered"
[2026-08-20 01:20:48.393] [info]  [HASTE Guard] enableHasteAgent is false (OFF). Skipping agent bot launch.
[2026-08-20 01:20:48.394] [info]  [app] event=license.verify status=success state=approved storeId=105041
[2026-08-20 01:20:48.496] [error] [serialport] [serialport] event=serialport.error status=failed reason=port_error boardName=board1 port=COM5 message="Opening COM5: Access denied"
[2026-08-20 01:20:48.498] [debug] [api] [HASTE DevTools Sync] Current window DevTools opened state: false, Target state: false
[2026-08-20 01:20:48.556] [debug] [coffee] [coffee] event=coffee.socket status=success transport=ws machineName=WMF action=connected
[2026-08-20 01:20:48.571] [debug] [coffee] [coffee] event=hardware.response status=success machineName=Lilly_(WMF) command=getApiVersion returnvalue=40401
[2026-08-20 01:20:49.052] [debug] [api] [api] event=did.callback status=started target=local screen=main
[2026-08-20 01:20:49.054] [debug] [serialport] [serialport] event=serialport.connect status=success boardName=board1 port=COM5
[2026-08-20 01:20:49.086] [debug] [coffee] [coffee] event=hardware.response status=success machineName=Lilly_(WMF) command=getDiagnosticData returnvalue=0
[2026-08-20 01:20:49.087] [debug] [coffee] [coffee] event=temperature.change status=success value=96
[2026-08-20 01:20:49.088] [debug] [api] [api] event=did.callback status=ignored reason=local_did_not_open screen=temperature
[2026-08-20 01:20:49.442] [debug] [serialport] [serialport] event=serialport.packet status=success boardName=board1 length=24 message="bytearray(b'\\x020A1DCP0201A00101A10344\\x03')"
[2026-08-20 01:20:50.023] [debug] [serialport] [serialport] event=serialport.packet status=success boardName=board1 length=24 message="bytearray(b'\\x020A1DPC0200A00101A00342\\x03')"
[2026-08-20 01:20:50.024] [debug] [serialport] [serialport] event=serialport.packet.parse status=success boardName=board1 message="{\"isValidStx\":true,\"isValidEtx\":true,\"isValidDst\":true,\"isValidSrc\":true,\"isValidLength\":true,\"fnc\":\"1\",\"act\":\"D\",\"data\":{\"0\":48,\"1\":50,\"2\":48,\"3\":48,\"4\":65,\"5\":48,\"6\":48,\"7\":49,\"8\":48,\"9\":49,\"10\":65,\"11\":48,\"12\":48,\"13\":51,\"14\":52},\"values\":[\"02\",\"00\",\"A0\",\"01\",\"01\",\"A0\",\"03\"],\"part\":{},\"isValidChecksum\":true}"
[2026-08-20 01:20:50.226] [debug] [coffee] [coffee] event=hardware.response status=success machineName=Lilly_(WMF) command=getMachineInfo returnvalue=0
[2026-08-20 01:21:04.839] [debug] [api] [HASTE Theme Sync] Applied local UI theme: isDark=false
[2026-08-20 01:21:04.847] [info]  [HASTE DB Save] Settings category "information" has been updated and saved to SQLite successfully.
[2026-08-20 01:21:04.897] [info]  [HASTE DB Save] Settings category "information" has been updated and saved to SQLite successfully.
[2026-08-20 01:21:04.898] [debug] [api] [HASTE DevTools Sync] Current window DevTools opened state: false, Target state: false
[2026-08-20 01:21:04.970] [info]  [HASTE DB Save] Settings category "information" has been updated and saved to SQLite successfully.
[2026-08-20 01:21:04.972] [info]  [HASTE DB Save] Settings category "information" has been updated and saved to SQLite successfully.
[2026-08-20 01:21:04.973] [info]  [HASTE DB Save] Settings category "information" has been updated and saved to SQLite successfully.