[2026-09-02 00:03:40.761] [info]  [serialport] event=serialport.connect status=started scope=all
[2026-09-02 00:03:40.784] [debug] [serialport] event=serialport.connect status=success boardName=board1 port=COM3
[2026-09-02 00:03:40.800] [debug] [serialport] event=serialport.packet status=success boardName=board1 length=24 message="bytearray(b'\\x020A1DCP0201A00101A10344\\x03')"
[2026-09-02 00:09:54.739] [debug] [serialport] event=serialport.close status=success boardName=board1 port=COM3
[2026-09-02 00:13:03.293] [info]  [serialport] event=serialport.connect status=started scope=all
[2026-09-02 00:13:03.299] [debug] [serialport] event=serialport.connect status=success boardName=board1 port=COM3
[2026-09-02 00:13:03.317] [debug] [serialport] event=serialport.packet status=success boardName=board1 length=24 message="bytearray(b'\\x020A1DCP0201A00101A10344\\x03')"
[2026-09-02 00:15:03.954] [debug] [serialport] event=serialport.close status=success boardName=board1 port=COM3
[2026-09-02 00:15:12.319] [info]  [serialport] event=serialport.connect status=started scope=all
[2026-09-02 00:15:12.365] [debug] [serialport] event=serialport.connect status=success boardName=board1 port=COM3
[2026-09-02 00:15:12.416] [debug] [serialport] event=serialport.packet status=success boardName=board1 length=24 message="bytearray(b'\\x020A1DCP0201A00101A10344\\x03')"
[2026-09-02 00:16:46.002] [info]  [serialport] event=settings.change status=success scope=all
[2026-09-02 00:16:46.010] [info]  [serialport] event=serialport.connect status=started scope=all
[2026-09-02 00:16:46.214] [info]  [serialport] event=serialport.connect status=started scope=all
[2026-09-02 00:16:46.497] [debug] [serialport] event=serialport.close status=success boardName=board1 port=COM3
[2026-09-02 00:16:46.699] [error] [serialport] event=serialport.error status=failed reason=port_error boardName=board1 port=COM6 message="Opening COM6: Access denied"
[2026-09-02 00:16:46.734] [error] [serialport] event=serialport.error status=failed reason=port_error boardName=board2 port=COM7 message="Opening COM7: Access denied"
[2026-09-02 00:16:46.762] [debug] [serialport] event=serialport.connect status=success boardName=board2 port=COM7
[2026-09-02 00:16:46.783] [debug] [serialport] event=serialport.connect status=success boardName=board1 port=COM6
[2026-09-02 00:16:46.863] [debug] [serialport] event=serialport.packet status=success boardName=board1 length=24 message="bytearray(b'\\x020A1DCP0201A00101A10344\\x03')"
[2026-09-02 00:16:46.958] [debug] [serialport] event=serialport.packet status=success boardName=board1 length=24 message="bytearray(b'\\x020A1DPC0200A00101A00342\\x03')"
[2026-09-02 00:16:46.996] [debug] [serialport] event=serialport.packet.parse status=success boardName=board1 message="{\"isValidStx\":true,\"isValidEtx\":true,\"isValidDst\":true,\"isValidSrc\":true,\"isValidLength\":true,\"fnc\":\"1\",\"act\":\"D\",\"data\":{\"0\":48,\"1\":50,\"2\":48,\"3\":48,\"4\":65,\"5\":48,\"6\":48,\"7\":49,\"8\":48,\"9\":49,\"10\":65,\"11\":48,\"12\":48,\"13\":51,\"14\":52},\"values\":[\"02\",\"00\",\"A0\",\"01\",\"01\",\"A0\",\"03\"],\"part\":{},\"isValidChecksum\":true}"
[2026-09-02 00:17:08.826] [info]  [serialport] event=serialport.connect status=started scope=all
[2026-09-02 00:17:08.857] [debug] [serialport] event=serialport.connect status=success boardName=board1 port=COM6
[2026-09-02 00:17:08.860] [debug] [serialport] event=serialport.connect status=success boardName=board2 port=COM7
[2026-09-02 00:17:08.914] [debug] [serialport] event=serialport.packet status=success boardName=board1 length=24 message="bytearray(b'\\x020A1DCP0201A00101A10344\\x03')"
[2026-09-02 00:17:08.976] [debug] [serialport] event=serialport.packet status=success boardName=board1 length=24 message="bytearray(b'\\x020A1DPC0200A00101A00342\\x03')"
[2026-09-02 00:17:08.977] [debug] [serialport] event=serialport.packet.parse status=success boardName=board1 message="{\"isValidStx\":true,\"isValidEtx\":true,\"isValidDst\":true,\"isValidSrc\":true,\"isValidLength\":true,\"fnc\":\"1\",\"act\":\"D\",\"data\":{\"0\":48,\"1\":50,\"2\":48,\"3\":48,\"4\":65,\"5\":48,\"6\":48,\"7\":49,\"8\":48,\"9\":49,\"10\":65,\"11\":48,\"12\":48,\"13\":51,\"14\":52},\"values\":[\"02\",\"00\",\"A0\",\"01\",\"01\",\"A0\",\"03\"],\"part\":{},\"isValidChecksum\":true}"
[2026-09-02 00:42:20.942] [info]  [serialport] event=serialport.connect status=started scope=all
[2026-09-02 00:42:20.982] [debug] [serialport] event=serialport.connect status=success boardName=board1 port=COM6
[2026-09-02 00:42:20.985] [debug] [serialport] event=serialport.connect status=success boardName=board2 port=COM7
[2026-09-02 00:42:21.076] [debug] [serialport] event=serialport.packet status=success boardName=board1 length=24 message="bytearray(b'\\x020A1DCP0201A00101A10344\\x03')"
[2026-09-02 00:42:21.162] [debug] [serialport] event=serialport.packet status=success boardName=board1 length=24 message="bytearray(b'\\x020A1DPC0200A00101A00342\\x03')"
[2026-09-02 00:42:21.164] [debug] [serialport] event=serialport.packet.parse status=success boardName=board1 message="{\"isValidStx\":true,\"isValidEtx\":true,\"isValidDst\":true,\"isValidSrc\":true,\"isValidLength\":true,\"fnc\":\"1\",\"act\":\"D\",\"data\":{\"0\":48,\"1\":50,\"2\":48,\"3\":48,\"4\":65,\"5\":48,\"6\":48,\"7\":49,\"8\":48,\"9\":49,\"10\":65,\"11\":48,\"12\":48,\"13\":51,\"14\":52},\"values\":[\"02\",\"00\",\"A0\",\"01\",\"01\",\"A0\",\"03\"],\"part\":{},\"isValidChecksum\":true}"
[2026-09-02 00:48:02.229] [info]  [serialport] event=serialport.connect status=started scope=all
[2026-09-02 00:48:02.272] [debug] [serialport] event=serialport.connect status=success boardName=board1 port=COM6
[2026-09-02 00:48:02.315] [debug] [serialport] event=serialport.connect status=success boardName=board2 port=COM7
[2026-09-02 00:48:02.352] [debug] [serialport] event=serialport.packet status=success boardName=board1 length=24 message="bytearray(b'\\x020A1DCP0201A00101A10344\\x03')"
[2026-09-02 00:48:02.387] [debug] [serialport] event=serialport.packet status=success boardName=board1 length=24 message="bytearray(b'\\x020A1DPC0200A00101A00342\\x03')"
[2026-09-02 00:48:02.390] [debug] [serialport] event=serialport.packet.parse status=success boardName=board1 message="{\"isValidStx\":true,\"isValidEtx\":true,\"isValidDst\":true,\"isValidSrc\":true,\"isValidLength\":true,\"fnc\":\"1\",\"act\":\"D\",\"data\":{\"0\":48,\"1\":50,\"2\":48,\"3\":48,\"4\":65,\"5\":48,\"6\":48,\"7\":49,\"8\":48,\"9\":49,\"10\":65,\"11\":48,\"12\":48,\"13\":51,\"14\":52},\"values\":[\"02\",\"00\",\"A0\",\"01\",\"01\",\"A0\",\"03\"],\"part\":{},\"isValidChecksum\":true}"
[2026-09-02 01:00:09.631] [info]  [serialport] event=serialport.connect status=started scope=all
[2026-09-02 01:00:09.659] [debug] [serialport] event=serialport.connect status=success boardName=board1 port=COM6
[2026-09-02 01:00:09.663] [debug] [serialport] event=serialport.connect status=success boardName=board2 port=COM7
[2026-09-02 01:00:09.722] [debug] [serialport] event=serialport.packet status=success boardName=board1 length=24 message="bytearray(b'\\x020A1DCP0201A00101A10344\\x03')"
[2026-09-02 01:00:09.749] [debug] [serialport] event=serialport.packet status=success boardName=board1 length=24 message="bytearray(b'\\x020A1DPC0200A00101A00342\\x03')"
[2026-09-02 01:00:09.750] [debug] [serialport] event=serialport.packet.parse status=success boardName=board1 message="{\"isValidStx\":true,\"isValidEtx\":true,\"isValidDst\":true,\"isValidSrc\":true,\"isValidLength\":true,\"fnc\":\"1\",\"act\":\"D\",\"data\":{\"0\":48,\"1\":50,\"2\":48,\"3\":48,\"4\":65,\"5\":48,\"6\":48,\"7\":49,\"8\":48,\"9\":49,\"10\":65,\"11\":48,\"12\":48,\"13\":51,\"14\":52},\"values\":[\"02\",\"00\",\"A0\",\"01\",\"01\",\"A0\",\"03\"],\"part\":{},\"isValidChecksum\":true}"
[2026-09-02 01:04:47.290] [info]  [serialport] event=serialport.connect status=started scope=all
[2026-09-02 01:04:47.372] [debug] [serialport] event=serialport.connect status=success boardName=board2 port=COM7
[2026-09-02 01:04:47.376] [debug] [serialport] event=serialport.connect status=success boardName=board1 port=COM6
[2026-09-02 01:04:47.443] [debug] [serialport] event=serialport.packet status=success boardName=board1 length=24 message="bytearray(b'\\x020A1DCP0201A00101A10344\\x03')"
[2026-09-02 01:04:47.492] [debug] [serialport] event=serialport.packet status=success boardName=board1 length=24 message="bytearray(b'\\x020A1DPC0200A00101A00342\\x03')"
[2026-09-02 01:04:47.493] [debug] [serialport] event=serialport.packet.parse status=success boardName=board1 message="{\"isValidStx\":true,\"isValidEtx\":true,\"isValidDst\":true,\"isValidSrc\":true,\"isValidLength\":true,\"fnc\":\"1\",\"act\":\"D\",\"data\":{\"0\":48,\"1\":50,\"2\":48,\"3\":48,\"4\":65,\"5\":48,\"6\":48,\"7\":49,\"8\":48,\"9\":49,\"10\":65,\"11\":48,\"12\":48,\"13\":51,\"14\":52},\"values\":[\"02\",\"00\",\"A0\",\"01\",\"01\",\"A0\",\"03\"],\"part\":{},\"isValidChecksum\":true}"
[2026-09-02 01:05:32.568] [info]  [serialport] event=serialport.connect status=started scope=all
[2026-09-02 01:05:32.802] [debug] [serialport] event=serialport.close status=success boardName=board1 port=COM6
[2026-09-02 01:05:32.803] [debug] [serialport] event=serialport.close status=success boardName=board2 port=COM7
[2026-09-02 01:05:33.095] [debug] [serialport] event=serialport.connect status=success boardName=board2 port=COM7
[2026-09-02 01:05:33.097] [debug] [serialport] event=serialport.connect status=success boardName=board1 port=COM6
[2026-09-02 01:05:33.715] [debug] [serialport] event=serialport.packet status=success boardName=board1 length=24 message="bytearray(b'\\x020A1DCP0201A00101A10344\\x03')"
[2026-09-02 01:05:33.718] [debug] [serialport] event=serialport.packet status=success boardName=board1 length=24 message="bytearray(b'\\x020A1DPC0200A00101A00342\\x03')"
[2026-09-02 01:05:33.719] [debug] [serialport] event=serialport.packet.parse status=success boardName=board1 message="{\"isValidStx\":true,\"isValidEtx\":true,\"isValidDst\":true,\"isValidSrc\":true,\"isValidLength\":true,\"fnc\":\"1\",\"act\":\"D\",\"data\":{\"0\":48,\"1\":50,\"2\":48,\"3\":48,\"4\":65,\"5\":48,\"6\":48,\"7\":49,\"8\":48,\"9\":49,\"10\":65,\"11\":48,\"12\":48,\"13\":51,\"14\":52},\"values\":[\"02\",\"00\",\"A0\",\"01\",\"01\",\"A0\",\"03\"],\"part\":{},\"isValidChecksum\":true}"
[2026-09-02 01:05:46.354] [info]  [HASTE Serial Reconnect] Executing clean disconnect before reconnection (target: all)...
[2026-09-02 01:05:46.522] [debug] [serialport] event=serialport.close status=success boardName=board1 port=COM6
[2026-09-02 01:05:46.524] [debug] [serialport] event=serialport.close status=success boardName=board2 port=COM7
[2026-09-02 01:05:47.039] [info]  [serialport] event=serialport.connect status=started scope=all
[2026-09-02 01:05:47.134] [debug] [serialport] event=serialport.connect status=success boardName=board1 port=COM6
[2026-09-02 01:05:47.138] [debug] [serialport] event=serialport.connect status=success boardName=board2 port=COM7
[2026-09-02 01:05:47.371] [debug] [serialport] event=serialport.packet status=success boardName=board1 length=24 message="bytearray(b'\\x020A1DCP0201A00101A10344\\x03')"
[2026-09-02 01:05:47.393] [debug] [serialport] event=serialport.packet status=success boardName=board1 length=24 message="bytearray(b'\\x020A1DPC0200A00101A00342\\x03')"
[2026-09-02 01:05:47.396] [debug] [serialport] event=serialport.packet.parse status=success boardName=board1 message="{\"isValidStx\":true,\"isValidEtx\":true,\"isValidDst\":true,\"isValidSrc\":true,\"isValidLength\":true,\"fnc\":\"1\",\"act\":\"D\",\"data\":{\"0\":48,\"1\":50,\"2\":48,\"3\":48,\"4\":65,\"5\":48,\"6\":48,\"7\":49,\"8\":48,\"9\":49,\"10\":65,\"11\":48,\"12\":48,\"13\":51,\"14\":52},\"values\":[\"02\",\"00\",\"A0\",\"01\",\"01\",\"A0\",\"03\"],\"part\":{},\"isValidChecksum\":true}"
[2026-09-02 01:08:47.888] [info]  [serialport] event=serialport.connect status=started scope=all
[2026-09-02 01:08:48.274] [debug] [serialport] event=serialport.connect status=success boardName=board1 port=COM6
[2026-09-02 01:08:48.321] [debug] [serialport] event=serialport.connect status=success boardName=board2 port=COM7
[2026-09-02 01:08:48.468] [debug] [serialport] event=serialport.packet status=success boardName=board1 length=24 message="bytearray(b'\\x020A1DCP0201A00101A10344\\x03')"
[2026-09-02 01:08:48.518] [debug] [serialport] event=serialport.packet status=success boardName=board1 length=24 message="bytearray(b'\\x020A1DPC0200A00101A00342\\x03')"
[2026-09-02 01:08:48.581] [debug] [serialport] event=serialport.packet.parse status=success boardName=board1 message="{\"isValidStx\":true,\"isValidEtx\":true,\"isValidDst\":true,\"isValidSrc\":true,\"isValidLength\":true,\"fnc\":\"1\",\"act\":\"D\",\"data\":{\"0\":48,\"1\":50,\"2\":48,\"3\":48,\"4\":65,\"5\":48,\"6\":48,\"7\":49,\"8\":48,\"9\":49,\"10\":65,\"11\":48,\"12\":48,\"13\":51,\"14\":52},\"values\":[\"02\",\"00\",\"A0\",\"01\",\"01\",\"A0\",\"03\"],\"part\":{},\"isValidChecksum\":true}"