[2026-08-19 21:38:00.251] [info]  [HASTE DB Single SOT] Migrated legacy Haste DB to haste_client.db!
[2026-08-19 21:38:00.396] [info]  [HASTE DB Load] Loaded settings from SQLite database successfully. StoreName: "미인증", StoreNo: "미인증", ThemeMode: "Light", isKioskDryRun: "false"
[2026-08-19 21:38:01.214] [info]  [app] event=app.startup status=started appVersion=3.1.0t19 packaged=true
[2026-08-19 21:38:01.408] [info]  [app] event=app.window status=success
[2026-08-19 21:38:01.449] [info]  [app] event=app.tray status=success
[2026-08-19 21:38:01.450] [info]  [app] event=updater.check status=ignored reason=store_managed_distribution
[2026-08-19 21:38:01.453] [info]  [app] event=app.ipc status=success
[2026-08-19 21:38:01.479] [info]  [app] event=task.start status=success
[2026-08-19 21:38:01.481] [debug] [api] [api] event=settings.change status=success port=8080 deviceModelId=D0000
[2026-08-19 21:38:01.486] [info]  [api] [HASTE] Found SSL Certificates at: C:\Users\커피에반하다\AppData\Local\Programs\haste_client3.1\resources\resources
[2026-08-19 21:38:01.558] [info]  [api] [HASTE] Started HTTP Hono Server on port 8080 (Toss Place HTTP Mode).
[2026-08-19 21:38:01.564] [info]  [api] [HASTE] Started HTTPS Hono Server on port 8443 (Toss Kiosk Mode).
[2026-08-19 21:38:01.565] [debug] [api] [api] event=api.server status=success port=8080 host=0.0.0.0
[2026-08-19 21:38:01.566] [info]  [serialport] [serialport] event=serialport.connect status=started scope=all
[2026-08-19 21:38:01.569] [debug] [coffee] [coffee] event=settings.change status=success field=thirdpartyType value=Lilly_(WMF)
[2026-08-19 21:38:01.571] [debug] [coffee] [coffee] event=coffee.socket status=started transport=ws machineName=WMF model=Lilly_(WMF) ip=192.168.10.138 port=25000
[2026-08-19 21:38:01.579] [debug] [coffee] [coffee] event=temperature.change status=success
[2026-08-19 21:38:01.580] [debug] [api] [api] event=did.callback status=ignored reason=local_did_not_open screen=temperature
[2026-08-19 21:38:01.585] [info]  [HASTE DB Save] Settings category "inventory" has been updated and saved to SQLite successfully.
[2026-08-19 21:38:01.587] [info]  [HASTE DB Save] Settings category "inventory" has been updated and saved to SQLite successfully.
[2026-08-19 21:38:01.588] [info]  [serialport] [serialport] event=serialport.connect status=started scope=all
[2026-08-19 21:38:01.590] [info]  [HASTE DB Save] Settings category "inventory" has been updated and saved to SQLite successfully.
[2026-08-19 21:38:01.594] [info]  [HASTE DB Save] Settings category "inventory" has been updated and saved to SQLite successfully.
[2026-08-19 21:38:01.595] [debug] [api] [HASTE Theme Sync] Applied local UI theme: isDark=false
[2026-08-19 21:38:01.597] [debug] [api] [api] event=did.callback status=started target=local screen=/ reason=local_api_down
[2026-08-19 21:38:01.599] [info]  [app] event=app.startup status=success message="subscriptions registered"
[2026-08-19 21:38:01.600] [debug] [task] [task] event=scheduler.change status=success routine=FOAMER_RINSING intervalSec=1800 normalizedIntervalSec=1800
[2026-08-19 21:38:01.602] [debug] [task] [task] event=scheduler.change status=success routine=WARM_RINSING intervalSec=0 normalizedIntervalSec=0
[2026-08-19 21:38:01.603] [debug] [task] [task] event=scheduler.change status=success routine=MIXER_RINSING intervalSec=0 normalizedIntervalSec=0
[2026-08-19 21:38:01.603] [debug] [task] [task] event=scheduler.change status=success routine=ERROR_CHECK intervalSec=600 normalizedIntervalSec=600
[2026-08-19 21:38:01.605] [debug] [task] [task] event=scheduler.change status=success routine=ICE_MAKER intervalSec=1800 normalizedIntervalSec=1800
[2026-08-19 21:38:01.606] [debug] [task] [task] event=scheduler.change status=success routine=TEMP_CHECK intervalSec=60 normalizedIntervalSec=60
[2026-08-19 21:38:01.607] [debug] [app] event=scheduler.change status=success routine=license.verify intervalSec=86400
[2026-08-19 21:38:01.607] [info]  [app] event=app.startup status=success message="schedulers registered"
[2026-08-19 21:38:01.609] [info]  [HASTE Guard] enableHasteAgent is false (OFF). Skipping agent bot launch.
[2026-08-19 21:38:01.685] [error] [serialport] [serialport] event=serialport.error status=failed reason=port_error boardName=board1 port=COM3 message="Opening COM3: Access denied"
[2026-08-19 21:38:01.687] [debug] [api] [HASTE DevTools Sync] Current window DevTools opened state: false, Target state: false
[2026-08-19 21:38:01.935] [debug] [serialport] [serialport] event=serialport.connect status=success boardName=board1 port=COM3
[2026-08-19 21:38:02.272] [debug] [serialport] [serialport] event=serialport.packet status=success boardName=board1 length=24 message="bytearray(b'\\x020A1DCP0201A00101A10344\\x03')"
[2026-08-19 21:38:02.518] [debug] [api] [api] event=settings.change status=success port=8080 posStoreNo=store105041 deviceModelId=D0000
[2026-08-19 21:38:02.519] [debug] [api] [HASTE Theme Sync] Applied local UI theme: isDark=false
[2026-08-19 21:38:02.521] [info]  [HASTE DB Save] Settings category "information" has been updated and saved to SQLite successfully.
[2026-08-19 21:38:02.522] [info]  [app] event=license.verify status=success state=approved storeId=store105041
[2026-08-19 21:38:02.595] [debug] [api] [HASTE DevTools Sync] Current window DevTools opened state: false, Target state: false
[2026-08-19 21:38:06.577] [error] [coffee] [coffee] event=coffee.socket status=failed reason=open_timeout transport=ws machineName=WMF model=Lilly_(WMF) ip=192.168.10.138 port=25000
[2026-08-19 21:38:06.988] [error] [coffee] [coffee] event=coffee.socket status=failed reason=connect_failed transport=ws machineName=WMF model=Lilly_(WMF) ip=192.168.10.138 port=25000
[2026-08-19 21:38:20.538] [info]  [task] [HASTE Remote Hotpatch] Downloading ASAR from: https://github.com/rst9374-tech/haste_client_version/releases/download/v3.1.0t20/hasteai_client_v3.1.0t20.asar
[2026-08-19 21:38:25.373] [error] [coffee] [coffee] event=coffee.socket status=failed reason=ws_error machineName=WMF model=Lilly_(WMF) ip=192.168.10.138 port=25000 message="connect ETIMEDOUT 192.168.10.138:25000"
[2026-08-19 21:38:26.386] [info]  [HASTE Shutdown] Releasing all serial ports...
[2026-08-19 21:38:26.387] [info]  [app] event=app.shutdown status=started
[2026-08-19 21:38:35.366] [info]  [HASTE DB Load] Loaded settings from SQLite database successfully. StoreName: "수원금곡삼익점", StoreNo: "store105041", ThemeMode: "Light", isKioskDryRun: "false"
[2026-08-19 21:39:20.251] [info]  [HASTE DB Load] Loaded settings from SQLite database successfully. StoreName: "수원금곡삼익점", StoreNo: "store105041", ThemeMode: "Light", isKioskDryRun: "false"
[2026-08-19 21:39:20.604] [info]  [app] event=app.startup status=started appVersion=3.1.0t20 packaged=true
[2026-08-19 21:39:20.695] [info]  [app] event=app.window status=success
[2026-08-19 21:39:20.714] [info]  [app] event=app.tray status=success
[2026-08-19 21:39:20.714] [info]  [app] event=updater.check status=ignored reason=store_managed_distribution
[2026-08-19 21:39:20.718] [info]  [app] event=app.ipc status=success
[2026-08-19 21:39:20.720] [info]  [app] event=task.start status=success
[2026-08-19 21:39:20.722] [debug] [api] [api] event=settings.change status=success port=8080 posStoreNo=store105041 deviceModelId=D0000
[2026-08-19 21:39:20.725] [info]  [api] [HASTE] Found SSL Certificates at: C:\Users\커피에반하다\AppData\Local\Programs\haste_client3.1\resources\resources
[2026-08-19 21:39:20.792] [info]  [api] [HASTE] Started HTTP Hono Server on port 8080 (Toss Place HTTP Mode).
[2026-08-19 21:39:20.797] [info]  [api] [HASTE] Started HTTPS Hono Server on port 8443 (Toss Kiosk Mode).
[2026-08-19 21:39:20.798] [debug] [api] [api] event=api.server status=success port=8080 host=0.0.0.0
[2026-08-19 21:39:20.799] [info]  [serialport] [serialport] event=serialport.connect status=started scope=all
[2026-08-19 21:39:20.801] [debug] [coffee] [coffee] event=settings.change status=success field=thirdpartyType value=Lilly_(WMF)
[2026-08-19 21:39:20.803] [debug] [coffee] [coffee] event=coffee.socket status=started transport=ws machineName=WMF model=Lilly_(WMF) ip=192.168.10.138 port=25000
[2026-08-19 21:39:20.809] [debug] [coffee] [coffee] event=temperature.change status=success
[2026-08-19 21:39:20.811] [debug] [api] [api] event=did.callback status=ignored reason=local_did_not_open screen=temperature
[2026-08-19 21:39:20.814] [info]  [HASTE DB Save] Settings category "inventory" has been updated and saved to SQLite successfully.
[2026-08-19 21:39:20.816] [info]  [HASTE DB Save] Settings category "inventory" has been updated and saved to SQLite successfully.
[2026-08-19 21:39:20.817] [info]  [serialport] [serialport] event=serialport.connect status=started scope=all
[2026-08-19 21:39:20.822] [info]  [HASTE DB Save] Settings category "inventory" has been updated and saved to SQLite successfully.
[2026-08-19 21:39:20.824] [info]  [HASTE DB Save] Settings category "inventory" has been updated and saved to SQLite successfully.
[2026-08-19 21:39:20.825] [debug] [api] [HASTE Theme Sync] Applied local UI theme: isDark=false
[2026-08-19 21:39:20.826] [debug] [api] [api] event=did.callback status=started target=local screen=/ reason=local_api_down
[2026-08-19 21:39:20.828] [info]  [app] event=app.startup status=success message="subscriptions registered"
[2026-08-19 21:39:20.829] [debug] [task] [task] event=scheduler.change status=success routine=FOAMER_RINSING intervalSec=1800 normalizedIntervalSec=1800
[2026-08-19 21:39:20.831] [debug] [task] [task] event=scheduler.change status=success routine=WARM_RINSING intervalSec=0 normalizedIntervalSec=0
[2026-08-19 21:39:20.832] [debug] [task] [task] event=scheduler.change status=success routine=MIXER_RINSING intervalSec=0 normalizedIntervalSec=0
[2026-08-19 21:39:20.833] [debug] [task] [task] event=scheduler.change status=success routine=ERROR_CHECK intervalSec=600 normalizedIntervalSec=600
[2026-08-19 21:39:20.834] [debug] [task] [task] event=scheduler.change status=success routine=ICE_MAKER intervalSec=1800 normalizedIntervalSec=1800
[2026-08-19 21:39:20.835] [debug] [task] [task] event=scheduler.change status=success routine=TEMP_CHECK intervalSec=60 normalizedIntervalSec=60
[2026-08-19 21:39:20.837] [debug] [app] event=scheduler.change status=success routine=license.verify intervalSec=86400
[2026-08-19 21:39:20.837] [info]  [app] event=app.startup status=success message="schedulers registered"
[2026-08-19 21:39:20.839] [info]  [HASTE Guard] enableHasteAgent is false (OFF). Skipping agent bot launch.
[2026-08-19 21:39:20.839] [info]  [app] event=license.verify status=success state=approved storeId=store105041
[2026-08-19 21:39:20.947] [error] [serialport] [serialport] event=serialport.error status=failed reason=port_error boardName=board1 port=COM3 message="Opening COM3: Access denied"
[2026-08-19 21:39:20.948] [debug] [api] [HASTE DevTools Sync] Current window DevTools opened state: false, Target state: false
[2026-08-19 21:39:21.083] [debug] [serialport] [serialport] event=serialport.connect status=success boardName=board1 port=COM3
[2026-08-19 21:39:21.130] [debug] [serialport] [serialport] event=serialport.packet status=success boardName=board1 length=24 message="bytearray(b'\\x020A1DCP0201A00101A10344\\x03')"
[2026-08-19 21:39:25.810] [error] [coffee] [coffee] event=coffee.socket status=failed reason=open_timeout transport=ws machineName=WMF model=Lilly_(WMF) ip=192.168.10.138 port=25000
[2026-08-19 21:39:25.811] [error] [coffee] [coffee] event=coffee.socket status=failed reason=connect_failed transport=ws machineName=WMF model=Lilly_(WMF) ip=192.168.10.138 port=25000
[2026-08-19 21:39:41.989] [error] [coffee] [coffee] event=coffee.socket status=failed reason=ws_error machineName=WMF model=Lilly_(WMF) ip=192.168.10.138 port=25000 message="connect ETIMEDOUT 192.168.10.138:25000"
[2026-08-19 21:39:48.098] [error] [task] [HASTE Simulate] Recipe validation failed: Cannot find module '../../shared/wmf_coffee_standard'
Require stack:
- C:\Users\커피에반하다\AppData\Local\Programs\haste_client3.1\resources\app.asar\out\main\index.js
- 
[2026-08-19 21:39:52.633] [warn]  [api] [api] event=api.request status=ignored version=v1 reason=unsupported_command
[2026-08-19 21:39:58.290] [info]  [HASTE Restore] Triggering partial overwrite for HARDWARE CONFIG settings only...
[2026-08-19 21:39:58.291] [debug] [coffee] [coffee] event=settings.change status=success machineName=WMF_1 ip=192.168.10.99 port=25000
[2026-08-19 21:39:58.293] [debug] [coffee] [coffee] event=coffee.socket status=started transport=ws machineName=WMF_1 model=Lilly_(WMF) ip=192.168.10.99 port=25000
[2026-08-19 21:39:58.302] [debug] [task] [task] event=scheduler.change status=success routine=FOAMER_RINSING intervalSec=1500 normalizedIntervalSec=1500
[2026-08-19 21:39:58.304] [debug] [task] [task] event=scheduler.change status=success routine=TEMP_CHECK intervalSec=600 normalizedIntervalSec=600
[2026-08-19 21:39:58.308] [info]  [HASTE DB Save] Settings category "inventory" has been updated and saved to SQLite successfully.
[2026-08-19 21:39:58.311] [info]  [HASTE DB Save] Settings category "coffee" has been updated and saved to SQLite successfully.
[2026-08-19 21:39:58.315] [info]  [HASTE DB Save] Settings category "inventory" has been updated and saved to SQLite successfully.
[2026-08-19 21:39:58.318] [info]  [HASTE DB Save] Settings category "cup" has been updated and saved to SQLite successfully.
[2026-08-19 21:39:58.321] [info]  [HASTE DB Save] Settings category "parts" has been updated and saved to SQLite successfully.
[2026-08-19 21:39:58.322] [info]  [serialport] [serialport] event=settings.change status=success scope=all
[2026-08-19 21:39:58.324] [info]  [serialport] [serialport] event=serialport.connect status=started scope=all
[2026-08-19 21:39:58.326] [info]  [serialport] [serialport] event=serialport.connect status=started scope=all
[2026-08-19 21:39:58.331] [info]  [HASTE DB Save] Settings category "serialport" has been updated and saved to SQLite successfully.
[2026-08-19 21:39:58.334] [info]  [HASTE DB Save] Settings category "inventory" has been updated and saved to SQLite successfully.
[2026-08-19 21:39:58.337] [info]  [HASTE DB Save] Settings category "sirubs" has been updated and saved to SQLite successfully.
[2026-08-19 21:39:58.339] [info]  [HASTE DB Save] Settings category "inventory" has been updated and saved to SQLite successfully.
[2026-08-19 21:39:58.341] [info]  [HASTE DB Save] Settings category "water" has been updated and saved to SQLite successfully.
[2026-08-19 21:39:58.343] [info]  [HASTE DB Save] Settings category "unexpected" has been updated and saved to SQLite successfully.
[2026-08-19 21:39:58.346] [info]  [HASTE DB Save] Settings category "information" has been updated and saved to SQLite successfully.
[2026-08-19 21:39:58.350] [info]  [HASTE DB Save] Settings category "inventory" has been updated and saved to SQLite successfully.
[2026-08-19 21:39:58.353] [info]  [HASTE DB Save] Settings category "coffee" has been updated and saved to SQLite successfully.
[2026-08-19 21:39:58.357] [info]  [HASTE DB Save] Settings category "cup" has been updated and saved to SQLite successfully.
[2026-08-19 21:39:58.360] [info]  [HASTE DB Save] Settings category "sirubs" has been updated and saved to SQLite successfully.
[2026-08-19 21:39:58.361] [info]  [HASTE Restore Success] Forcing physical serial port reconnection...
[2026-08-19 21:39:58.362] [info]  [serialport] [serialport] event=serialport.connect status=started scope=all
[2026-08-19 21:39:58.365] [info]  [HASTE DB Restore] Settings backup restored and applied successfully. Path: "unknown_stream", AppliedCategories: [all_settings]
[2026-08-19 21:39:58.366] [info]  [HASTE DB Sync] Reloading memory settingsStore from SQLite database...
[2026-08-19 21:39:58.374] [info]  [HASTE DB Load] Loaded settings from SQLite database successfully. StoreName: "수원금곡삼익점", StoreNo: "store105041", ThemeMode: "Light", isKioskDryRun: "false"
[2026-08-19 21:39:58.375] [debug] [coffee] [coffee] event=settings.change status=success machineName=WMF ip=192.168.10.99 port=25000
[2026-08-19 21:39:58.377] [debug] [coffee] [coffee] event=coffee.socket status=started transport=ws machineName=WMF model=Lilly_(WMF) ip=192.168.10.99 port=25000
[2026-08-19 21:39:58.382] [info]  [HASTE DB Save] Settings category "inventory" has been updated and saved to SQLite successfully.
[2026-08-19 21:39:58.392] [info]  [task] [HASTE Autoload Commit] License auto-activated for: store105041
[2026-08-19 21:39:58.414] [info]   [HASTE Guard] Backup JSON successfully saved under SQLite DB folder: C:\Users\커피에반하다\AppData\Roaming\haste_client3.1\haste_injected_config_raw.json
[2026-08-19 21:39:58.449] [error] [serialport] [serialport] event=serialport.error status=failed reason=port_error boardName=board1 port=COM5 message="Opening COM5: Access denied"
[2026-08-19 21:39:58.454] [debug] [coffee] [coffee] event=coffee.socket status=success transport=ws machineName=WMF_1 action=connected
[2026-08-19 21:39:58.458] [error] [coffee] [coffee] event=hardware.command status=failed reason=not_connected machineName=WMF command=getApiVersion
[2026-08-19 21:39:58.459] [error] [coffee] [coffee] event=hardware.command status=failed reason=not_connected machineName=WMF command=getDiagnosticData
[2026-08-19 21:39:58.461] [error] [coffee] [coffee] event=hardware.command status=failed reason=not_connected machineName=WMF command=getMachineInfo
[2026-08-19 21:39:58.463] [debug] [coffee] [coffee] event=coffee.socket status=success transport=ws machineName=WMF action=connected
[2026-08-19 21:39:58.492] [debug] [coffee] [coffee] event=hardware.response status=success machineName=Lilly_(WMF) command=getApiVersion returnvalue=40401
[2026-08-19 21:39:58.584] [debug] [serialport] [serialport] event=serialport.close status=success boardName=board1 port=COM3
[2026-08-19 21:39:58.586] [error] [serialport] [serialport] event=serialport.error status=failed reason=port_error boardName=board1 port=COM5 message="Opening COM5: Access denied"
[2026-08-19 21:39:58.614] [debug] [api] [api] event=did.callback status=started target=local screen=main
[2026-08-19 21:39:58.616] [debug] [serialport] [serialport] event=serialport.connect status=success boardName=board1 port=COM5
[2026-08-19 21:39:58.671] [debug] [serialport] [serialport] event=serialport.packet status=success boardName=board1 length=24 message="bytearray(b'\\x020A1DCP0201A00101A10344\\x03')"
[2026-08-19 21:39:58.707] [debug] [serialport] [serialport] event=serialport.packet status=success boardName=board1 length=24 message="bytearray(b'\\x020A1DPC0200A00101A00342\\x03')"
[2026-08-19 21:39:58.708] [debug] [serialport] [serialport] event=serialport.packet.parse status=success boardName=board1 message="{\"isValidStx\":true,\"isValidEtx\":true,\"isValidDst\":true,\"isValidSrc\":true,\"isValidLength\":true,\"fnc\":\"1\",\"act\":\"D\",\"data\":{\"0\":48,\"1\":50,\"2\":48,\"3\":48,\"4\":65,\"5\":48,\"6\":48,\"7\":49,\"8\":48,\"9\":49,\"10\":65,\"11\":48,\"12\":48,\"13\":51,\"14\":52},\"values\":[\"02\",\"00\",\"A0\",\"01\",\"01\",\"A0\",\"03\"],\"part\":{},\"isValidChecksum\":true}"
[2026-08-19 21:39:59.023] [debug] [coffee] [coffee] event=hardware.response status=success machineName=Lilly_(WMF) command=getDiagnosticData returnvalue=0
[2026-08-19 21:39:59.024] [debug] [coffee] [coffee] event=temperature.change status=success value=96
[2026-08-19 21:39:59.025] [debug] [api] [api] event=did.callback status=ignored reason=local_did_not_open screen=temperature
[2026-08-19 21:39:59.964] [info]  [task] [HASTE Auto-Backup] Settings auto-backup slot rotation completed successfully.
[2026-08-19 21:39:59.981] [info]  [HASTE DB Save] Settings category "information" has been updated and saved to SQLite successfully.
[2026-08-19 21:39:59.983] [info]  [HASTE DB Save] Settings category "information" has been updated and saved to SQLite successfully.
[2026-08-19 21:39:59.984] [info]  [HASTE DB Save] Settings category "information" has been updated and saved to SQLite successfully.
[2026-08-19 21:40:00.031] [info]  [task] [HASTE Single Correct] Corrected productNo=undefined (type=name_only) to match Google standard
[2026-08-19 21:40:00.033] [error] [Client] [POS_SYNC] [IMPORT_FAIL] : 가져올 키오스크 상품 번호가 전달되지 않았습니다.
[2026-08-19 21:40:00.043] [info]  [HASTE DB Save] Settings category "menu" has been updated and saved to SQLite successfully.
[2026-08-19 21:40:00.047] [info]  [HASTE DB Save] Settings category "product" has been updated and saved to SQLite successfully.
[2026-08-19 21:40:00.047] [info]  [HASTE DB Sync] Reloading memory settingsStore from SQLite database...
[2026-08-19 21:40:00.051] [info]  [HASTE DB Load] Loaded settings from SQLite database successfully. StoreName: "수원금곡삼익점", StoreNo: "store105041", ThemeMode: "Light", isKioskDryRun: "false"
[2026-08-19 21:40:00.109] [info]  [HASTE Standard Recipe Apply] Successfully synced 61 Toss Kiosk products from Google Sheet SOT! (Tier: MV_STANDARD)
[2026-08-19 21:40:00.110] [info]  [HASTE Standard Recipe Apply] Successfully generated and injected 218 store-matched physical recipes & Toss Kiosk menu from Google Sheet SOT! (Hopper1: D, Hopper2: N)
[2026-08-19 21:40:00.126] [info]  [HASTE DB Save] Settings category "information" has been updated and saved to SQLite successfully.
[2026-08-19 21:40:00.128] [info]  [task] [HASTE Pricing] Successfully applied pricing tier 'MV_STANDARD' to 61 kiosk menu items.
[2026-08-19 21:40:00.130] [debug] [coffee] [coffee] event=hardware.response status=success machineName=Lilly_(WMF) command=getMachineInfo returnvalue=0
[2026-08-19 21:40:00.248] [info]  [HASTE DB Save] Settings category "information" has been updated and saved to SQLite successfully.
[2026-08-19 21:40:52.632] [warn]  [api] [api] event=api.request status=ignored version=v1 reason=unsupported_command
[2026-08-19 21:41:16.125] [debug] [api] [HASTE Theme Sync] Applied local UI theme: isDark=false
[2026-08-19 21:41:16.127] [info]  [HASTE DB Save] Settings category "information" has been updated and saved to SQLite successfully.
[2026-08-19 21:41:16.189] [info]  [HASTE DB Save] Settings category "information" has been updated and saved to SQLite successfully.
[2026-08-19 21:41:16.190] [info]  [HASTE DB Save] Settings category "information" has been updated and saved to SQLite successfully.
[2026-08-19 21:41:16.192] [info]  [HASTE DB Save] Settings category "information" has been updated and saved to SQLite successfully.
[2026-08-19 21:41:16.235] [info]  [task] [HASTE Single Correct] Corrected productNo=undefined (type=name_only) to match Google standard
[2026-08-19 21:41:16.237] [error] [Client] [POS_SYNC] [IMPORT_FAIL] : 가져올 키오스크 상품 번호가 전달되지 않았습니다.
[2026-08-19 21:41:16.242] [info]  [HASTE DB Save] Settings category "menu" has been updated and saved to SQLite successfully.
[2026-08-19 21:41:16.245] [info]  [HASTE DB Save] Settings category "product" has been updated and saved to SQLite successfully.
[2026-08-19 21:41:16.246] [info]  [HASTE DB Sync] Reloading memory settingsStore from SQLite database...
[2026-08-19 21:41:16.248] [info]  [HASTE DB Load] Loaded settings from SQLite database successfully. StoreName: "수원금곡삼익점", StoreNo: "store105041", ThemeMode: "Light", isKioskDryRun: "false"
[2026-08-19 21:41:16.249] [info]  [HASTE] Successfully cloned 61 kiosk items to local SQLite DB & store!
[2026-08-19 21:41:16.253] [info]  [HASTE DB Save] Settings category "menu" has been updated and saved to SQLite successfully.
[2026-08-19 21:41:16.255] [info]  [HASTE DB Save] Settings category "product" has been updated and saved to SQLite successfully.
[2026-08-19 21:41:16.255] [info]  [HASTE DB Sync] Reloading memory settingsStore from SQLite database...
[2026-08-19 21:41:16.259] [info]  [HASTE DB Load] Loaded settings from SQLite database successfully. StoreName: "수원금곡삼익점", StoreNo: "store105041", ThemeMode: "Light", isKioskDryRun: "false"
[2026-08-19 21:41:16.348] [info]  [HASTE Standard Recipe Apply] Successfully synced 61 Toss Kiosk products from Google Sheet SOT! (Tier: G_STANDARD)
[2026-08-19 21:41:16.348] [info]  [HASTE Standard Recipe Apply] Successfully generated and injected 218 store-matched physical recipes & Toss Kiosk menu from Google Sheet SOT! (Hopper1: D, Hopper2: N)
[2026-08-19 21:41:16.366] [info]  [HASTE DB Save] Settings category "information" has been updated and saved to SQLite successfully.
[2026-08-19 21:41:16.366] [info]  [task] [HASTE Pricing] Successfully applied pricing tier 'MV_STANDARD' to 0 kiosk menu items.
[2026-08-19 21:41:16.368] [debug] [api] [HASTE DevTools Sync] Current window DevTools opened state: false, Target state: false
[2026-08-19 21:41:16.624] [info]  [HASTE DB Save] Settings category "information" has been updated and saved to SQLite successfully.
[2026-08-19 21:41:25.644] [debug] [api] [HASTE Theme Sync] Applied local UI theme: isDark=false
[2026-08-19 21:41:25.646] [info]  [HASTE DB Save] Settings category "information" has been updated and saved to SQLite successfully.
[2026-08-19 21:41:25.709] [info]  [HASTE DB Save] Settings category "information" has been updated and saved to SQLite successfully.
[2026-08-19 21:41:25.712] [info]  [HASTE DB Save] Settings category "information" has been updated and saved to SQLite successfully.
[2026-08-19 21:41:25.713] [info]  [HASTE DB Save] Settings category "information" has been updated and saved to SQLite successfully.
[2026-08-19 21:41:25.804] [info]  [task] [HASTE Single Correct] Corrected productNo=undefined (type=name_only) to match Google standard
[2026-08-19 21:41:25.805] [error] [Client] [POS_SYNC] [IMPORT_FAIL] : 가져올 키오스크 상품 번호가 전달되지 않았습니다.
[2026-08-19 21:41:25.811] [info]  [HASTE DB Save] Settings category "menu" has been updated and saved to SQLite successfully.
[2026-08-19 21:41:25.814] [info]  [HASTE DB Save] Settings category "product" has been updated and saved to SQLite successfully.
[2026-08-19 21:41:25.815] [info]  [HASTE DB Sync] Reloading memory settingsStore from SQLite database...
[2026-08-19 21:41:25.817] [info]  [HASTE DB Load] Loaded settings from SQLite database successfully. StoreName: "수원금곡삼익점", StoreNo: "store105041", ThemeMode: "Light", isKioskDryRun: "false"
[2026-08-19 21:41:25.819] [info]  [HASTE] Successfully cloned 61 kiosk items to local SQLite DB & store!
[2026-08-19 21:41:25.823] [info]  [HASTE DB Save] Settings category "menu" has been updated and saved to SQLite successfully.
[2026-08-19 21:41:25.824] [info]  [HASTE DB Save] Settings category "product" has been updated and saved to SQLite successfully.
[2026-08-19 21:41:25.825] [info]  [HASTE DB Sync] Reloading memory settingsStore from SQLite database...
[2026-08-19 21:41:25.828] [info]  [HASTE DB Load] Loaded settings from SQLite database successfully. StoreName: "수원금곡삼익점", StoreNo: "store105041", ThemeMode: "Light", isKioskDryRun: "false"
[2026-08-19 21:41:25.870] [info]  [HASTE Standard Recipe Apply] Successfully synced 61 Toss Kiosk products from Google Sheet SOT! (Tier: G_STANDARD)
[2026-08-19 21:41:25.871] [info]  [HASTE Standard Recipe Apply] Successfully generated and injected 218 store-matched physical recipes & Toss Kiosk menu from Google Sheet SOT! (Hopper1: S, Hopper2: N)
[2026-08-19 21:41:25.885] [info]  [HASTE DB Save] Settings category "information" has been updated and saved to SQLite successfully.
[2026-08-19 21:41:25.885] [info]  [task] [HASTE Pricing] Successfully applied pricing tier 'MV_STANDARD' to 0 kiosk menu items.
[2026-08-19 21:41:25.888] [debug] [api] [HASTE DevTools Sync] Current window DevTools opened state: false, Target state: false
[2026-08-19 21:41:26.122] [info]  [HASTE DB Save] Settings category "information" has been updated and saved to SQLite successfully.
[2026-08-19 21:41:28.572] [debug] [api] [HASTE Theme Sync] Applied local UI theme: isDark=false
[2026-08-19 21:41:28.574] [info]  [HASTE DB Save] Settings category "information" has been updated and saved to SQLite successfully.
[2026-08-19 21:41:28.657] [info]  [HASTE DB Save] Settings category "information" has been updated and saved to SQLite successfully.
[2026-08-19 21:41:28.662] [info]  [HASTE DB Save] Settings category "information" has been updated and saved to SQLite successfully.
[2026-08-19 21:41:28.665] [info]  [HASTE DB Save] Settings category "information" has been updated and saved to SQLite successfully.
[2026-08-19 21:41:28.706] [info]  [task] [HASTE Single Correct] Corrected productNo=undefined (type=name_only) to match Google standard
[2026-08-19 21:41:28.707] [error] [Client] [POS_SYNC] [IMPORT_FAIL] : 가져올 키오스크 상품 번호가 전달되지 않았습니다.
[2026-08-19 21:41:28.715] [info]  [HASTE DB Save] Settings category "menu" has been updated and saved to SQLite successfully.
[2026-08-19 21:41:28.717] [info]  [HASTE DB Save] Settings category "product" has been updated and saved to SQLite successfully.
[2026-08-19 21:41:28.718] [info]  [HASTE DB Sync] Reloading memory settingsStore from SQLite database...
[2026-08-19 21:41:28.720] [info]  [HASTE DB Load] Loaded settings from SQLite database successfully. StoreName: "수원금곡삼익점", StoreNo: "store105041", ThemeMode: "Light", isKioskDryRun: "false"
[2026-08-19 21:41:28.722] [info]  [HASTE] Successfully cloned 61 kiosk items to local SQLite DB & store!
[2026-08-19 21:41:28.728] [info]  [HASTE DB Save] Settings category "menu" has been updated and saved to SQLite successfully.
[2026-08-19 21:41:28.729] [info]  [HASTE DB Save] Settings category "product" has been updated and saved to SQLite successfully.
[2026-08-19 21:41:28.730] [info]  [HASTE DB Sync] Reloading memory settingsStore from SQLite database...
[2026-08-19 21:41:28.734] [info]  [HASTE DB Load] Loaded settings from SQLite database successfully. StoreName: "수원금곡삼익점", StoreNo: "store105041", ThemeMode: "Light", isKioskDryRun: "false"
[2026-08-19 21:41:28.805] [info]  [HASTE Standard Recipe Apply] Successfully synced 61 Toss Kiosk products from Google Sheet SOT! (Tier: G_STANDARD)
[2026-08-19 21:41:28.806] [info]  [HASTE Standard Recipe Apply] Successfully generated and injected 232 store-matched physical recipes & Toss Kiosk menu from Google Sheet SOT! (Hopper1: S, Hopper2: P)
[2026-08-19 21:41:28.819] [info]  [HASTE DB Save] Settings category "information" has been updated and saved to SQLite successfully.
[2026-08-19 21:41:28.819] [info]  [task] [HASTE Pricing] Successfully applied pricing tier 'MV_STANDARD' to 0 kiosk menu items.
[2026-08-19 21:41:28.825] [debug] [api] [HASTE DevTools Sync] Current window DevTools opened state: false, Target state: false
[2026-08-19 21:41:28.947] [info]  [HASTE DB Save] Settings category "information" has been updated and saved to SQLite successfully.
[2026-08-19 21:41:34.785] [debug] [api] [HASTE Theme Sync] Applied local UI theme: isDark=false
[2026-08-19 21:41:34.792] [info]  [HASTE DB Save] Settings category "information" has been updated and saved to SQLite successfully.
[2026-08-19 21:41:34.839] [debug] [api] [HASTE DevTools Sync] Current window DevTools opened state: false, Target state: false
[2026-08-19 21:41:34.914] [info]  [HASTE DB Save] Settings category "information" has been updated and saved to SQLite successfully.
[2026-08-19 21:41:34.916] [info]  [HASTE DB Save] Settings category "information" has been updated and saved to SQLite successfully.
[2026-08-19 21:41:34.917] [info]  [HASTE DB Save] Settings category "information" has been updated and saved to SQLite successfully.
[2026-08-19 21:41:34.947] [info]  [task] [HASTE Single Correct] Corrected productNo=undefined (type=name_only) to match Google standard
[2026-08-19 21:41:34.948] [error] [Client] [POS_SYNC] [IMPORT_FAIL] : 가져올 키오스크 상품 번호가 전달되지 않았습니다.
[2026-08-19 21:41:34.954] [info]  [HASTE DB Save] Settings category "menu" has been updated and saved to SQLite successfully.
[2026-08-19 21:41:34.955] [info]  [HASTE DB Save] Settings category "product" has been updated and saved to SQLite successfully.
[2026-08-19 21:41:34.956] [info]  [HASTE DB Sync] Reloading memory settingsStore from SQLite database...
[2026-08-19 21:41:34.961] [info]  [HASTE DB Load] Loaded settings from SQLite database successfully. StoreName: "수원금곡삼익점", StoreNo: "store105041", ThemeMode: "Light", isKioskDryRun: "false"
[2026-08-19 21:41:34.963] [info]  [HASTE] Successfully cloned 61 kiosk items to local SQLite DB & store!
[2026-08-19 21:41:34.968] [info]  [HASTE DB Save] Settings category "menu" has been updated and saved to SQLite successfully.
[2026-08-19 21:41:34.969] [info]  [HASTE DB Save] Settings category "product" has been updated and saved to SQLite successfully.
[2026-08-19 21:41:34.970] [info]  [HASTE DB Sync] Reloading memory settingsStore from SQLite database...
[2026-08-19 21:41:34.973] [info]  [HASTE DB Load] Loaded settings from SQLite database successfully. StoreName: "수원금곡삼익점", StoreNo: "store105041", ThemeMode: "Light", isKioskDryRun: "false"
[2026-08-19 21:41:35.030] [info]  [HASTE Standard Recipe Apply] Successfully synced 61 Toss Kiosk products from Google Sheet SOT! (Tier: G_LOW)
[2026-08-19 21:41:35.031] [info]  [HASTE Standard Recipe Apply] Successfully generated and injected 232 store-matched physical recipes & Toss Kiosk menu from Google Sheet SOT! (Hopper1: S, Hopper2: P)
[2026-08-19 21:41:35.046] [debug] [api] [HASTE Theme Sync] Applied local UI theme: isDark=false
[2026-08-19 21:41:35.049] [info]  [HASTE DB Save] Settings category "information" has been updated and saved to SQLite successfully.
[2026-08-19 21:41:35.049] [info]  [task] [HASTE Pricing] Successfully applied pricing tier 'MV_STANDARD' to 0 kiosk menu items.
[2026-08-19 21:41:35.098] [debug] [api] [HASTE DevTools Sync] Current window DevTools opened state: false, Target state: false
[2026-08-19 21:41:35.310] [info]  [HASTE DB Save] Settings category "information" has been updated and saved to SQLite successfully.
[2026-08-19 21:41:37.670] [debug] [api] [HASTE Theme Sync] Applied local UI theme: isDark=false
[2026-08-19 21:41:37.677] [info]  [HASTE DB Save] Settings category "information" has been updated and saved to SQLite successfully.
[2026-08-19 21:41:37.751] [info]  [HASTE DB Save] Settings category "information" has been updated and saved to SQLite successfully.
[2026-08-19 21:41:37.753] [info]  [HASTE DB Save] Settings category "information" has been updated and saved to SQLite successfully.
[2026-08-19 21:41:37.755] [debug] [api] [HASTE DevTools Sync] Current window DevTools opened state: false, Target state: false
[2026-08-19 21:41:37.756] [info]  [HASTE DB Save] Settings category "information" has been updated and saved to SQLite successfully.