[2026-08-10 00:08:59.129] [info] [HASTE Agent] [HASTE Agent Bot] Successfully initialized using injected env variables. StoreCode: 075575
[2026-08-10 00:08:59.130] [info]  [HASTE Agent Bot] Successfully initialized using injected env variables. StoreCode: 075575
[2026-08-10 00:08:59.215] [info] [HASTE Agent] [HQ Origin] HASTE Cloud designated via --prod launch argument.
[2026-08-10 00:08:59.216] [info] [HASTE Agent] Targeting endpoint: https://cloud.cafehaste.com
[2026-08-10 00:08:59.216] [info]  [HQ Origin] HASTE Cloud designated via --prod launch argument.
[2026-08-10 00:08:59.224] [info]  Targeting endpoint: https://cloud.cafehaste.com
[2026-08-10 00:08:59.274] [info] [HASTE Agent] [HASTE Agent Server] Hono Gateway running on Port 8082 (Relaying to Port 8080)
[2026-08-10 00:08:59.276] [info] [HASTE Agent] Stealth Standby mode active. Waiting for remote connection requests...
[2026-08-10 00:08:59.278] [info] [HASTE Agent] [HEALTH] [RUN] (075575) : Checking Lilly Engine API (Attempt: 1/5)
[2026-08-10 00:08:59.275] [info]  [HASTE Agent Server] Hono Gateway running on Port 8082 (Relaying to Port 8080)
[2026-08-10 00:08:59.279] [info] [HASTE Agent] [HASTE] [Step 0: HEALTH] [INFO] Starting diagnostics for local hardware and internet connectivity...
[2026-08-10 00:08:59.283] [info]  [2026-08-10 00:08:59.276] [info] [HASTE Agent] Stealth Standby mode active. Waiting for remote connection requests...
[2026-08-10 00:08:59.291] [info]  [2026-08-10 00:08:59.278] [info] [HASTE Agent] [HEALTH] [RUN] (075575) : Checking Lilly Engine API (Attempt: 1/5)
[2026-08-10 00:08:59.295] [info]  [HASTE] [Step 0: HEALTH] [INFO] Starting diagnostics for local hardware and internet connectivity...
[2026-08-10 00:08:59.582] [info] [HASTE Agent] [GATEWAY] [RUN] (075575) : Waiting for Client API (Port 8080)
[2026-08-10 00:08:59.585] [info]  [2026-08-10 00:08:59.582] [info] [HASTE Agent] [GATEWAY] [RUN] (075575) : Waiting for Client API (Port 8080)
[2026-08-10 00:08:59.599] [info] [HASTE Agent] [GATEWAY] [OK] (075575) : Token Synchronized
[2026-08-10 00:08:59.601] [info] [HASTE Agent] [GATEWAY] [FAIL] : Tunnel Session Missing (Status Blocked)
[2026-08-10 00:08:59.600] [info]  [2026-08-10 00:08:59.599] [info] [HASTE Agent] [GATEWAY] [OK] (075575) : Token Synchronized
[2026-08-10 00:08:59.602] [info] [HASTE Agent] [Client -> Cloud] [GATEWAY] [RUN] (075575) : Connecting to Signal Broker (Primary)
[2026-08-10 00:08:59.603] [info]  [2026-08-10 00:08:59.601] [info] [HASTE Agent] [GATEWAY] [FAIL] : Tunnel Session Missing (Status Blocked)
[2026-08-10 00:08:59.606] [info]  [2026-08-10 00:08:59.602] [info] [HASTE Agent] [Client -> Cloud] [GATEWAY] [RUN] (075575) : Connecting to Signal Broker (Primary)
[2026-08-10 00:09:00.621] [info] [HASTE Agent] Security server connection initialized successfully!
[2026-08-10 00:09:00.623] [info] [HASTE Agent] Bot Tag Name: cafehaste_gateway#1981
[2026-08-10 00:09:00.624] [info] [HASTE Agent] HASTE Client API Address: http://127.0.0.1:8080
[2026-08-10 00:09:00.625] [info] [HASTE Agent] Listening for remote dashboard control commands...
[2026-08-10 00:09:00.622] [info]  [2026-08-10 00:09:00.621] [info] [HASTE Agent] Security server connection initialized successfully!
[2026-08-10 00:09:00.629] [info]  Bot Tag Name: cafehaste_gateway#1981
[2026-08-10 00:09:00.633] [info]  HASTE Client API Address: http://127.0.0.1:8080
[2026-08-10 00:09:00.636] [info]  Listening for remote dashboard control commands...
[2026-08-10 00:18:48.376] [info] [HASTE Agent] [HASTE Agent Bot] Successfully initialized using injected env variables. StoreCode: 075575
[2026-08-10 00:18:48.379] [info]  [HASTE Agent Bot] Successfully initialized using injected env variables. StoreCode: 075575
[2026-08-10 00:18:48.437] [info] [HASTE Agent] [HQ Origin] HASTE Cloud designated via --prod launch argument.
[2026-08-10 00:18:48.438] [info] [HASTE Agent] Targeting endpoint: https://cloud.cafehaste.com
[2026-08-10 00:18:48.439] [info]  [HQ Origin] HASTE Cloud designated via --prod launch argument.
[2026-08-10 00:18:48.443] [info]  Targeting endpoint: https://cloud.cafehaste.com
[2026-08-10 00:18:48.490] [info] [HASTE Agent] [HASTE Agent Server] Hono Gateway running on Port 8082 (Relaying to Port 8080)
[2026-08-10 00:18:48.491] [info] [HASTE Agent] Stealth Standby mode active. Waiting for remote connection requests...
[2026-08-10 00:18:48.492] [info] [HASTE Agent] [HEALTH] [RUN] (075575) : Checking Lilly Engine API (Attempt: 1/5)
[2026-08-10 00:18:48.494] [info] [HASTE Agent] [HASTE] [Step 0: HEALTH] [INFO] Starting diagnostics for local hardware and internet connectivity...
[2026-08-10 00:18:48.492] [info]  [HASTE Agent Server] Hono Gateway running on Port 8082 (Relaying to Port 8080)
[2026-08-10 00:18:48.499] [info]  [2026-08-10 00:18:48.491] [info] [HASTE Agent] Stealth Standby mode active. Waiting for remote connection requests...
[2026-08-10 00:18:48.502] [info]  [2026-08-10 00:18:48.492] [info] [HASTE Agent] [HEALTH] [RUN] (075575) : Checking Lilly Engine API (Attempt: 1/5)
[2026-08-10 00:18:48.508] [info]  [HASTE] [Step 0: HEALTH] [INFO] Starting diagnostics for local hardware and internet connectivity...
[2026-08-10 00:18:48.783] [info] [HASTE Agent] [GATEWAY] [RUN] (075575) : Waiting for Client API (Port 8080)
[2026-08-10 00:18:48.785] [info]  [2026-08-10 00:18:48.783] [info] [HASTE Agent] [GATEWAY] [RUN] (075575) : Waiting for Client API (Port 8080)
[2026-08-10 00:18:48.796] [info] [HASTE Agent] [GATEWAY] [OK] (075575) : Token Synchronized
[2026-08-10 00:18:48.798] [info] [HASTE Agent] [GATEWAY] [FAIL] : Tunnel Session Missing (Status Blocked)
[2026-08-10 00:18:48.799] [info]  [2026-08-10 00:18:48.796] [info] [HASTE Agent] [GATEWAY] [OK] (075575) : Token Synchronized
[2026-08-10 00:18:48.800] [info] [HASTE Agent] [Client -> Cloud] [GATEWAY] [RUN] (075575) : Connecting to Signal Broker (Primary)
[2026-08-10 00:18:48.803] [info]  [2026-08-10 00:18:48.797] [info] [HASTE Agent] [GATEWAY] [FAIL] : Tunnel Session Missing (Status Blocked)
[2026-08-10 00:18:48.805] [info]  [2026-08-10 00:18:48.799] [info] [HASTE Agent] [Client -> Cloud] [GATEWAY] [RUN] (075575) : Connecting to Signal Broker (Primary)
[2026-08-10 00:18:49.788] [info] [HASTE Agent] Security server connection initialized successfully!
[2026-08-10 00:18:49.789] [info] [HASTE Agent] Bot Tag Name: cafehaste_gateway#1981
[2026-08-10 00:18:49.789] [info] [HASTE Agent] HASTE Client API Address: http://127.0.0.1:8080
[2026-08-10 00:18:49.790] [info] [HASTE Agent] Listening for remote dashboard control commands...
[2026-08-10 00:18:49.790] [info]  [2026-08-10 00:18:49.788] [info] [HASTE Agent] Security server connection initialized successfully!
[2026-08-10 00:18:49.794] [info]  Bot Tag Name: cafehaste_gateway#1981
[2026-08-10 00:18:49.796] [info]  HASTE Client API Address: http://127.0.0.1:8080
[2026-08-10 00:18:49.797] [info]  Listening for remote dashboard control commands...
[2026-08-10 00:25:28.834] [info] [HASTE Agent] [HASTE Agent Bot] Successfully initialized using injected env variables. StoreCode: 075575
[2026-08-10 00:25:28.835] [info]  [HASTE Agent Bot] Successfully initialized using injected env variables. StoreCode: 075575
[2026-08-10 00:25:28.893] [info] [HASTE Agent] [HQ Origin] HASTE Cloud designated via --prod launch argument.
[2026-08-10 00:25:28.894] [info] [HASTE Agent] Targeting endpoint: https://cloud.cafehaste.com
[2026-08-10 00:25:28.894] [info]  [HQ Origin] HASTE Cloud designated via --prod launch argument.
[2026-08-10 00:25:28.899] [info]  Targeting endpoint: https://cloud.cafehaste.com
[2026-08-10 00:25:28.931] [info] [HASTE Agent] [HASTE Agent Server] Hono Gateway running on Port 8082 (Relaying to Port 8080)
[2026-08-10 00:25:28.931] [info] [HASTE Agent] Stealth Standby mode active. Waiting for remote connection requests...
[2026-08-10 00:25:28.932] [info] [HASTE Agent] [HEALTH] [RUN] (075575) : Checking Lilly Engine API (Attempt: 1/5)
[2026-08-10 00:25:28.933] [info] [HASTE Agent] [HASTE] [Step 0: HEALTH] [INFO] Starting diagnostics for local hardware and internet connectivity...
[2026-08-10 00:25:28.931] [info]  [HASTE Agent Server] Hono Gateway running on Port 8082 (Relaying to Port 8080)
[2026-08-10 00:25:28.935] [info]  [2026-08-10 00:25:28.931] [info] [HASTE Agent] Stealth Standby mode active. Waiting for remote connection requests...
[2026-08-10 00:25:28.937] [info]  [2026-08-10 00:25:28.932] [info] [HASTE Agent] [HEALTH] [RUN] (075575) : Checking Lilly Engine API (Attempt: 1/5)
[2026-08-10 00:25:28.940] [info]  [HASTE] [Step 0: HEALTH] [INFO] Starting diagnostics for local hardware and internet connectivity...
[2026-08-10 00:25:29.199] [info] [HASTE Agent] [GATEWAY] [RUN] (075575) : Waiting for Client API (Port 8080)
[2026-08-10 00:25:29.201] [info]  [2026-08-10 00:25:29.199] [info] [HASTE Agent] [GATEWAY] [RUN] (075575) : Waiting for Client API (Port 8080)
[2026-08-10 00:25:29.214] [info] [HASTE Agent] [GATEWAY] [OK] (075575) : Token Synchronized
[2026-08-10 00:25:29.216] [info] [HASTE Agent] [GATEWAY] [FAIL] : Tunnel Session Missing (Status Blocked)
[2026-08-10 00:25:29.217] [info] [HASTE Agent] [Client -> Cloud] [GATEWAY] [RUN] (075575) : Connecting to Signal Broker (Primary)
[2026-08-10 00:25:29.217] [info]  [2026-08-10 00:25:29.214] [info] [HASTE Agent] [GATEWAY] [OK] (075575) : Token Synchronized
[2026-08-10 00:25:29.221] [info]  [2026-08-10 00:25:29.216] [info] [HASTE Agent] [GATEWAY] [FAIL] : Tunnel Session Missing (Status Blocked)
[2026-08-10 00:25:29.224] [info]  [2026-08-10 00:25:29.217] [info] [HASTE Agent] [Client -> Cloud] [GATEWAY] [RUN] (075575) : Connecting to Signal Broker (Primary)
[2026-08-10 00:25:30.469] [info] [HASTE Agent] Security server connection initialized successfully!
[2026-08-10 00:25:30.470] [info] [HASTE Agent] Bot Tag Name: cafehaste_gateway#1981
[2026-08-10 00:25:30.471] [info] [HASTE Agent] HASTE Client API Address: http://127.0.0.1:8080
[2026-08-10 00:25:30.471] [info] [HASTE Agent] Listening for remote dashboard control commands...
[2026-08-10 00:25:30.470] [info]  [2026-08-10 00:25:30.469] [info] [HASTE Agent] Security server connection initialized successfully!
[2026-08-10 00:25:30.474] [info]  Bot Tag Name: cafehaste_gateway#1981
[2026-08-10 00:25:30.476] [info]  HASTE Client API Address: http://127.0.0.1:8080
[2026-08-10 00:25:30.477] [info]  Listening for remote dashboard control commands...
[2026-08-10 00:25:53.933] [info] [HASTE Agent] [HASTE Agent Bot] Successfully initialized using injected env variables. StoreCode: 075575
[2026-08-10 00:25:53.934] [info]  [HASTE Agent Bot] Successfully initialized using injected env variables. StoreCode: 075575
[2026-08-10 00:25:53.987] [info] [HASTE Agent] [HQ Origin] HASTE Cloud designated via --prod launch argument.
[2026-08-10 00:25:53.988] [info] [HASTE Agent] Targeting endpoint: https://cloud.cafehaste.com
[2026-08-10 00:25:53.988] [info]  [HQ Origin] HASTE Cloud designated via --prod launch argument.
[2026-08-10 00:25:53.993] [info]  Targeting endpoint: https://cloud.cafehaste.com
[2026-08-10 00:25:54.030] [info] [HASTE Agent] [HASTE Agent Server] Hono Gateway running on Port 8082 (Relaying to Port 8080)
[2026-08-10 00:25:54.031] [info] [HASTE Agent] Stealth Standby mode active. Waiting for remote connection requests...
[2026-08-10 00:25:54.032] [info] [HASTE Agent] [HEALTH] [RUN] (075575) : Checking Lilly Engine API (Attempt: 1/5)
[2026-08-10 00:25:54.033] [info] [HASTE Agent] [HASTE] [Step 0: HEALTH] [INFO] Starting diagnostics for local hardware and internet connectivity...
[2026-08-10 00:25:54.031] [info]  [HASTE Agent Server] Hono Gateway running on Port 8082 (Relaying to Port 8080)
[2026-08-10 00:25:54.035] [info]  [2026-08-10 00:25:54.031] [info] [HASTE Agent] Stealth Standby mode active. Waiting for remote connection requests...
[2026-08-10 00:25:54.037] [info]  [2026-08-10 00:25:54.032] [info] [HASTE Agent] [HEALTH] [RUN] (075575) : Checking Lilly Engine API (Attempt: 1/5)
[2026-08-10 00:25:54.041] [info]  [HASTE] [Step 0: HEALTH] [INFO] Starting diagnostics for local hardware and internet connectivity...
[2026-08-10 00:25:54.304] [info] [HASTE Agent] [GATEWAY] [RUN] (075575) : Waiting for Client API (Port 8080)
[2026-08-10 00:25:54.305] [info]  [2026-08-10 00:25:54.304] [info] [HASTE Agent] [GATEWAY] [RUN] (075575) : Waiting for Client API (Port 8080)
[2026-08-10 00:25:54.332] [info] [HASTE Agent] [GATEWAY] [OK] (075575) : Token Synchronized
[2026-08-10 00:25:54.333] [info] [HASTE Agent] [GATEWAY] [FAIL] : Tunnel Session Missing (Status Blocked)
[2026-08-10 00:25:54.334] [info] [HASTE Agent] [Client -> Cloud] [GATEWAY] [RUN] (075575) : Connecting to Signal Broker (Primary)
[2026-08-10 00:25:54.333] [info]  [2026-08-10 00:25:54.332] [info] [HASTE Agent] [GATEWAY] [OK] (075575) : Token Synchronized
[2026-08-10 00:25:54.346] [info]  [2026-08-10 00:25:54.333] [info] [HASTE Agent] [GATEWAY] [FAIL] : Tunnel Session Missing (Status Blocked)
[2026-08-10 00:25:54.350] [info]  [2026-08-10 00:25:54.334] [info] [HASTE Agent] [Client -> Cloud] [GATEWAY] [RUN] (075575) : Connecting to Signal Broker (Primary)
[2026-08-10 00:25:55.718] [info] [HASTE Agent] Security server connection initialized successfully!
[2026-08-10 00:25:55.719] [info] [HASTE Agent] Bot Tag Name: cafehaste_gateway#1981
[2026-08-10 00:25:55.719] [info] [HASTE Agent] HASTE Client API Address: http://127.0.0.1:8080
[2026-08-10 00:25:55.720] [info] [HASTE Agent] Listening for remote dashboard control commands...
[2026-08-10 00:25:55.719] [info]  [2026-08-10 00:25:55.718] [info] [HASTE Agent] Security server connection initialized successfully!
[2026-08-10 00:25:55.723] [info]  Bot Tag Name: cafehaste_gateway#1981
[2026-08-10 00:25:55.726] [info]  HASTE Client API Address: http://127.0.0.1:8080
[2026-08-10 00:25:55.728] [info]  Listening for remote dashboard control commands...
[2026-08-10 00:28:16.937] [info] [HASTE Agent] [HASTE Agent Bot] Successfully initialized using injected env variables. StoreCode: 075575
[2026-08-10 00:28:16.939] [info]  [HASTE Agent Bot] Successfully initialized using injected env variables. StoreCode: 075575
[2026-08-10 00:28:16.994] [info] [HASTE Agent] [HQ Origin] HASTE Cloud designated via --prod launch argument.
[2026-08-10 00:28:16.995] [info] [HASTE Agent] Targeting endpoint: https://cloud.cafehaste.com
[2026-08-10 00:28:16.997] [info]  [HQ Origin] HASTE Cloud designated via --prod launch argument.
[2026-08-10 00:28:17.001] [info]  Targeting endpoint: https://cloud.cafehaste.com
[2026-08-10 00:28:17.037] [info] [HASTE Agent] [HASTE Agent Server] Hono Gateway running on Port 8082 (Relaying to Port 8080)
[2026-08-10 00:28:17.038] [info] [HASTE Agent] Stealth Standby mode active. Waiting for remote connection requests...
[2026-08-10 00:28:17.039] [info] [HASTE Agent] [HEALTH] [RUN] (075575) : Checking Lilly Engine API (Attempt: 1/5)
[2026-08-10 00:28:17.040] [info] [HASTE Agent] [HASTE] [Step 0: HEALTH] [INFO] Starting diagnostics for local hardware and internet connectivity...
[2026-08-10 00:28:17.039] [info]  [HASTE Agent Server] Hono Gateway running on Port 8082 (Relaying to Port 8080)
[2026-08-10 00:28:17.045] [info]  [2026-08-10 00:28:17.038] [info] [HASTE Agent] Stealth Standby mode active. Waiting for remote connection requests...
[2026-08-10 00:28:17.047] [info]  [2026-08-10 00:28:17.039] [info] [HASTE Agent] [HEALTH] [RUN] (075575) : Checking Lilly Engine API (Attempt: 1/5)
[2026-08-10 00:28:17.050] [info]  [HASTE] [Step 0: HEALTH] [INFO] Starting diagnostics for local hardware and internet connectivity...
[2026-08-10 00:28:17.318] [info] [HASTE Agent] [GATEWAY] [RUN] (075575) : Waiting for Client API (Port 8080)
[2026-08-10 00:28:17.320] [info]  [2026-08-10 00:28:17.318] [info] [HASTE Agent] [GATEWAY] [RUN] (075575) : Waiting for Client API (Port 8080)
[2026-08-10 00:28:17.331] [info] [HASTE Agent] [GATEWAY] [OK] (075575) : Token Synchronized
[2026-08-10 00:28:17.333] [info]  [2026-08-10 00:28:17.331] [info] [HASTE Agent] [GATEWAY] [OK] (075575) : Token Synchronized
[2026-08-10 00:28:17.333] [info] [HASTE Agent] [GATEWAY] [FAIL] : Tunnel Session Missing (Status Blocked)
[2026-08-10 00:28:17.334] [info] [HASTE Agent] [Client -> Cloud] [GATEWAY] [RUN] (075575) : Connecting to Signal Broker (Primary)
[2026-08-10 00:28:17.336] [info]  [2026-08-10 00:28:17.333] [info] [HASTE Agent] [GATEWAY] [FAIL] : Tunnel Session Missing (Status Blocked)
[2026-08-10 00:28:17.344] [info]  [2026-08-10 00:28:17.334] [info] [HASTE Agent] [Client -> Cloud] [GATEWAY] [RUN] (075575) : Connecting to Signal Broker (Primary)
[2026-08-10 00:28:18.448] [info] [HASTE Agent] Security server connection initialized successfully!
[2026-08-10 00:28:18.449] [info] [HASTE Agent] Bot Tag Name: cafehaste_gateway#1981
[2026-08-10 00:28:18.450] [info] [HASTE Agent] HASTE Client API Address: http://127.0.0.1:8080
[2026-08-10 00:28:18.450] [info] [HASTE Agent] Listening for remote dashboard control commands...
[2026-08-10 00:28:18.450] [info]  [2026-08-10 00:28:18.448] [info] [HASTE Agent] Security server connection initialized successfully!
[2026-08-10 00:28:18.455] [info]  Bot Tag Name: cafehaste_gateway#1981
[2026-08-10 00:28:18.456] [info]  HASTE Client API Address: http://127.0.0.1:8080
[2026-08-10 00:28:18.458] [info]  Listening for remote dashboard control commands...
[2026-08-10 00:29:36.711] [info] [HASTE Agent] [HASTE Agent Bot] Successfully initialized using injected env variables. StoreCode: 075575
[2026-08-10 00:29:36.712] [info]  [HASTE Agent Bot] Successfully initialized using injected env variables. StoreCode: 075575
[2026-08-10 00:29:36.762] [info] [HASTE Agent] [HQ Origin] HASTE Cloud designated via --prod launch argument.
[2026-08-10 00:29:36.763] [info] [HASTE Agent] Targeting endpoint: https://cloud.cafehaste.com
[2026-08-10 00:29:36.764] [info]  [HQ Origin] HASTE Cloud designated via --prod launch argument.
[2026-08-10 00:29:36.769] [info]  Targeting endpoint: https://cloud.cafehaste.com
[2026-08-10 00:29:36.802] [info] [HASTE Agent] [HASTE Agent Server] Hono Gateway running on Port 8082 (Relaying to Port 8080)
[2026-08-10 00:29:36.803] [info] [HASTE Agent] Stealth Standby mode active. Waiting for remote connection requests...
[2026-08-10 00:29:36.803] [info] [HASTE Agent] [HEALTH] [RUN] (075575) : Checking Lilly Engine API (Attempt: 1/5)
[2026-08-10 00:29:36.804] [info] [HASTE Agent] [HASTE] [Step 0: HEALTH] [INFO] Starting diagnostics for local hardware and internet connectivity...
[2026-08-10 00:29:36.803] [info]  [HASTE Agent Server] Hono Gateway running on Port 8082 (Relaying to Port 8080)
[2026-08-10 00:29:36.807] [info]  [2026-08-10 00:29:36.803] [info] [HASTE Agent] Stealth Standby mode active. Waiting for remote connection requests...
[2026-08-10 00:29:36.810] [info]  [2026-08-10 00:29:36.803] [info] [HASTE Agent] [HEALTH] [RUN] (075575) : Checking Lilly Engine API (Attempt: 1/5)
[2026-08-10 00:29:36.814] [info]  [HASTE] [Step 0: HEALTH] [INFO] Starting diagnostics for local hardware and internet connectivity...
[2026-08-10 00:29:37.060] [info] [HASTE Agent] [GATEWAY] [RUN] (075575) : Waiting for Client API (Port 8080)
[2026-08-10 00:29:37.062] [info]  [2026-08-10 00:29:37.060] [info] [HASTE Agent] [GATEWAY] [RUN] (075575) : Waiting for Client API (Port 8080)
[2026-08-10 00:29:37.077] [info] [HASTE Agent] [GATEWAY] [OK] (075575) : Token Synchronized
[2026-08-10 00:29:37.078] [info] [HASTE Agent] [GATEWAY] [FAIL] : Tunnel Session Missing (Status Blocked)
[2026-08-10 00:29:37.079] [info]  [2026-08-10 00:29:37.077] [info] [HASTE Agent] [GATEWAY] [OK] (075575) : Token Synchronized
[2026-08-10 00:29:37.080] [info] [HASTE Agent] [Client -> Cloud] [GATEWAY] [RUN] (075575) : Connecting to Signal Broker (Primary)
[2026-08-10 00:29:37.082] [info]  [2026-08-10 00:29:37.078] [info] [HASTE Agent] [GATEWAY] [FAIL] : Tunnel Session Missing (Status Blocked)
[2026-08-10 00:29:37.087] [info]  [2026-08-10 00:29:37.080] [info] [HASTE Agent] [Client -> Cloud] [GATEWAY] [RUN] (075575) : Connecting to Signal Broker (Primary)
[2026-08-10 00:29:38.061] [info] [HASTE Agent] Security server connection initialized successfully!
[2026-08-10 00:29:38.062] [info] [HASTE Agent] Bot Tag Name: cafehaste_gateway#1981
[2026-08-10 00:29:38.063] [info] [HASTE Agent] HASTE Client API Address: http://127.0.0.1:8080
[2026-08-10 00:29:38.062] [info]  [2026-08-10 00:29:38.061] [info] [HASTE Agent] Security server connection initialized successfully!
[2026-08-10 00:29:38.063] [info] [HASTE Agent] Listening for remote dashboard control commands...
[2026-08-10 00:29:38.065] [info]  Bot Tag Name: cafehaste_gateway#1981
[2026-08-10 00:29:38.067] [info]  HASTE Client API Address: http://127.0.0.1:8080
[2026-08-10 00:29:38.071] [info]  Listening for remote dashboard control commands...
[2026-08-10 01:29:05.614] [info] [HASTE Agent] [HASTE Agent Bot] Successfully initialized using injected env variables. StoreCode: 075575
[2026-08-10 01:29:05.615] [info]  [HASTE Agent Bot] Successfully initialized using injected env variables. StoreCode: 075575
[2026-08-10 01:29:06.735] [info] [HASTE Agent] [HQ Origin] HASTE Cloud designated via --prod launch argument.
[2026-08-10 01:29:06.736] [info] [HASTE Agent] Targeting endpoint: https://cloud.cafehaste.com
[2026-08-10 01:29:06.736] [info]  [HQ Origin] HASTE Cloud designated via --prod launch argument.
[2026-08-10 01:29:06.740] [info]  Targeting endpoint: https://cloud.cafehaste.com
[2026-08-10 01:29:06.766] [info] [HASTE Agent] [HASTE Agent Server] Hono Gateway running on Port 8082 (Relaying to Port 8080)
[2026-08-10 01:29:06.767] [info] [HASTE Agent] Stealth Standby mode active. Waiting for remote connection requests...
[2026-08-10 01:29:06.768] [info]  [HASTE Agent Server] Hono Gateway running on Port 8082 (Relaying to Port 8080)
[2026-08-10 01:29:06.768] [info] [HASTE Agent] [HEALTH] [RUN] (075575) : Checking Lilly Engine API (Attempt: 1/5)
[2026-08-10 01:29:06.769] [info] [HASTE Agent] [HASTE] [Step 0: HEALTH] [INFO] Starting diagnostics for local hardware and internet connectivity...
[2026-08-10 01:29:06.770] [info]  [2026-08-10 01:29:06.767] [info] [HASTE Agent] Stealth Standby mode active. Waiting for remote connection requests...
[2026-08-10 01:29:06.772] [info]  [2026-08-10 01:29:06.768] [info] [HASTE Agent] [HEALTH] [RUN] (075575) : Checking Lilly Engine API (Attempt: 1/5)
[2026-08-10 01:29:06.774] [info]  [HASTE] [Step 0: HEALTH] [INFO] Starting diagnostics for local hardware and internet connectivity...
[2026-08-10 01:29:08.013] [info] [HASTE Agent] [GATEWAY] [RUN] (075575) : Waiting for Client API (Port 8080)
[2026-08-10 01:29:08.014] [info]  [2026-08-10 01:29:08.013] [info] [HASTE Agent] [GATEWAY] [RUN] (075575) : Waiting for Client API (Port 8080)
[2026-08-10 01:29:08.027] [info] [HASTE Agent] [GATEWAY] [OK] (075575) : Token Synchronized
[2026-08-10 01:29:08.028] [info] [HASTE Agent] [GATEWAY] [FAIL] : Tunnel Session Missing (Status Blocked)
[2026-08-10 01:29:08.029] [info]  [2026-08-10 01:29:08.027] [info] [HASTE Agent] [GATEWAY] [OK] (075575) : Token Synchronized
[2026-08-10 01:29:08.029] [info] [HASTE Agent] [Client -> Cloud] [GATEWAY] [RUN] (075575) : Connecting to Signal Broker (Primary)
[2026-08-10 01:29:08.032] [info]  [2026-08-10 01:29:08.028] [info] [HASTE Agent] [GATEWAY] [FAIL] : Tunnel Session Missing (Status Blocked)
[2026-08-10 01:29:08.033] [info]  [2026-08-10 01:29:08.029] [info] [HASTE Agent] [Client -> Cloud] [GATEWAY] [RUN] (075575) : Connecting to Signal Broker (Primary)
[2026-08-10 01:29:09.131] [info] [HASTE Agent] Security server connection initialized successfully!
[2026-08-10 01:29:09.132] [info] [HASTE Agent] Bot Tag Name: cafehaste_gateway#1981
[2026-08-10 01:29:09.132] [info] [HASTE Agent] HASTE Client API Address: http://127.0.0.1:8080
[2026-08-10 01:29:09.133] [info] [HASTE Agent] Listening for remote dashboard control commands...
[2026-08-10 01:29:09.133] [info]  [2026-08-10 01:29:09.131] [info] [HASTE Agent] Security server connection initialized successfully!
[2026-08-10 01:29:09.138] [info]  Bot Tag Name: cafehaste_gateway#1981
[2026-08-10 01:29:09.140] [info]  HASTE Client API Address: http://127.0.0.1:8080
[2026-08-10 01:29:09.142] [info]  Listening for remote dashboard control commands...
[2026-08-10 01:30:40.208] [info] [HASTE Agent] [HASTE Agent Bot] Successfully initialized using injected env variables. StoreCode: 075575
[2026-08-10 01:30:40.210] [info]  [HASTE Agent Bot] Successfully initialized using injected env variables. StoreCode: 075575
[2026-08-10 01:30:40.255] [info] [HASTE Agent] [HQ Origin] HASTE Cloud designated via --prod launch argument.
[2026-08-10 01:30:40.257] [info] [HASTE Agent] Targeting endpoint: https://cloud.cafehaste.com
[2026-08-10 01:30:40.259] [info]  [HQ Origin] HASTE Cloud designated via --prod launch argument.
[2026-08-10 01:30:40.267] [info]  Targeting endpoint: https://cloud.cafehaste.com
[2026-08-10 01:30:40.306] [info] [HASTE Agent] [HASTE Agent Server] Hono Gateway running on Port 8082 (Relaying to Port 8080)
[2026-08-10 01:30:40.307] [info] [HASTE Agent] Stealth Standby mode active. Waiting for remote connection requests...
[2026-08-10 01:30:40.309] [info] [HASTE Agent] [HEALTH] [RUN] (075575) : Checking Lilly Engine API (Attempt: 1/5)
[2026-08-10 01:30:40.308] [info]  [HASTE Agent Server] Hono Gateway running on Port 8082 (Relaying to Port 8080)
[2026-08-10 01:30:40.310] [info] [HASTE Agent] [HASTE] [Step 0: HEALTH] [INFO] Starting diagnostics for local hardware and internet connectivity...
[2026-08-10 01:30:40.313] [info]  [2026-08-10 01:30:40.307] [info] [HASTE Agent] Stealth Standby mode active. Waiting for remote connection requests...
[2026-08-10 01:30:40.316] [info]  [2026-08-10 01:30:40.308] [info] [HASTE Agent] [HEALTH] [RUN] (075575) : Checking Lilly Engine API (Attempt: 1/5)
[2026-08-10 01:30:40.319] [info]  [HASTE] [Step 0: HEALTH] [INFO] Starting diagnostics for local hardware and internet connectivity...
[2026-08-10 01:30:40.597] [info] [HASTE Agent] [GATEWAY] [RUN] (075575) : Waiting for Client API (Port 8080)
[2026-08-10 01:30:40.600] [info]  [2026-08-10 01:30:40.597] [info] [HASTE Agent] [GATEWAY] [RUN] (075575) : Waiting for Client API (Port 8080)
[2026-08-10 01:30:40.615] [info] [HASTE Agent] [GATEWAY] [OK] (075575) : Token Synchronized
[2026-08-10 01:30:40.617] [info] [HASTE Agent] [GATEWAY] [FAIL] : Tunnel Session Missing (Status Blocked)
[2026-08-10 01:30:40.618] [info]  [2026-08-10 01:30:40.615] [info] [HASTE Agent] [GATEWAY] [OK] (075575) : Token Synchronized
[2026-08-10 01:30:40.619] [info] [HASTE Agent] [Client -> Cloud] [GATEWAY] [RUN] (075575) : Connecting to Signal Broker (Primary)
[2026-08-10 01:30:40.627] [info]  [2026-08-10 01:30:40.617] [info] [HASTE Agent] [GATEWAY] [FAIL] : Tunnel Session Missing (Status Blocked)
[2026-08-10 01:30:40.630] [info]  [2026-08-10 01:30:40.619] [info] [HASTE Agent] [Client -> Cloud] [GATEWAY] [RUN] (075575) : Connecting to Signal Broker (Primary)
[2026-08-10 01:30:43.682] [info] [HASTE Agent] Security server connection initialized successfully!
[2026-08-10 01:30:43.682] [info] [HASTE Agent] Bot Tag Name: cafehaste_gateway#1981
[2026-08-10 01:30:43.683] [info] [HASTE Agent] HASTE Client API Address: http://127.0.0.1:8080
[2026-08-10 01:30:43.683] [info] [HASTE Agent] Listening for remote dashboard control commands...
[2026-08-10 01:30:43.683] [info]  [2026-08-10 01:30:43.681] [info] [HASTE Agent] Security server connection initialized successfully!
[2026-08-10 01:30:43.689] [info]  Bot Tag Name: cafehaste_gateway#1981
[2026-08-10 01:30:43.691] [info]  HASTE Client API Address: http://127.0.0.1:8080
[2026-08-10 01:30:43.693] [info]  Listening for remote dashboard control commands...
[2026-08-10 01:32:26.353] [info] [HASTE Agent] [HASTE Agent Bot] Successfully initialized using injected env variables. StoreCode: 075575
[2026-08-10 01:32:26.355] [info]  [HASTE Agent Bot] Successfully initialized using injected env variables. StoreCode: 075575
[2026-08-10 01:32:26.413] [info] [HASTE Agent] [HQ Origin] HASTE Cloud designated via --prod launch argument.
[2026-08-10 01:32:26.414] [info] [HASTE Agent] Targeting endpoint: https://cloud.cafehaste.com
[2026-08-10 01:32:26.415] [info]  [HQ Origin] HASTE Cloud designated via --prod launch argument.
[2026-08-10 01:32:26.420] [info]  Targeting endpoint: https://cloud.cafehaste.com
[2026-08-10 01:32:26.452] [info] [HASTE Agent] [HASTE Agent Server] Hono Gateway running on Port 8082 (Relaying to Port 8080)
[2026-08-10 01:32:26.453] [info] [HASTE Agent] Stealth Standby mode active. Waiting for remote connection requests...
[2026-08-10 01:32:26.455] [info] [HASTE Agent] [HEALTH] [RUN] (075575) : Checking Lilly Engine API (Attempt: 1/5)
[2026-08-10 01:32:26.456] [info] [HASTE Agent] [HASTE] [Step 0: HEALTH] [INFO] Starting diagnostics for local hardware and internet connectivity...
[2026-08-10 01:32:26.454] [info]  [HASTE Agent Server] Hono Gateway running on Port 8082 (Relaying to Port 8080)
[2026-08-10 01:32:26.460] [info]  [2026-08-10 01:32:26.453] [info] [HASTE Agent] Stealth Standby mode active. Waiting for remote connection requests...
[2026-08-10 01:32:26.462] [info]  [2026-08-10 01:32:26.454] [info] [HASTE Agent] [HEALTH] [RUN] (075575) : Checking Lilly Engine API (Attempt: 1/5)
[2026-08-10 01:32:26.463] [info]  [HASTE] [Step 0: HEALTH] [INFO] Starting diagnostics for local hardware and internet connectivity...
[2026-08-10 01:32:26.738] [info] [HASTE Agent] [GATEWAY] [RUN] (075575) : Waiting for Client API (Port 8080)
[2026-08-10 01:32:26.740] [info]  [2026-08-10 01:32:26.738] [info] [HASTE Agent] [GATEWAY] [RUN] (075575) : Waiting for Client API (Port 8080)
[2026-08-10 01:32:26.764] [info] [HASTE Agent] [GATEWAY] [OK] (075575) : Token Synchronized
[2026-08-10 01:32:26.765] [info] [HASTE Agent] [GATEWAY] [FAIL] : Tunnel Session Missing (Status Blocked)
[2026-08-10 01:32:26.766] [info] [HASTE Agent] [Client -> Cloud] [GATEWAY] [RUN] (075575) : Connecting to Signal Broker (Primary)
[2026-08-10 01:32:26.766] [info]  [2026-08-10 01:32:26.764] [info] [HASTE Agent] [GATEWAY] [OK] (075575) : Token Synchronized
[2026-08-10 01:32:26.770] [info]  [2026-08-10 01:32:26.765] [info] [HASTE Agent] [GATEWAY] [FAIL] : Tunnel Session Missing (Status Blocked)
[2026-08-10 01:32:26.774] [info]  [2026-08-10 01:32:26.766] [info] [HASTE Agent] [Client -> Cloud] [GATEWAY] [RUN] (075575) : Connecting to Signal Broker (Primary)
[2026-08-10 01:32:27.857] [info] [HASTE Agent] Security server connection initialized successfully!
[2026-08-10 01:32:27.859] [info] [HASTE Agent] Bot Tag Name: cafehaste_gateway#1981
[2026-08-10 01:32:27.861] [info] [HASTE Agent] HASTE Client API Address: http://127.0.0.1:8080
[2026-08-10 01:32:27.862] [info] [HASTE Agent] Listening for remote dashboard control commands...
[2026-08-10 01:32:27.860] [info]  [2026-08-10 01:32:27.857] [info] [HASTE Agent] Security server connection initialized successfully!
[2026-08-10 01:32:27.868] [info]  Bot Tag Name: cafehaste_gateway#1981
[2026-08-10 01:32:27.869] [info]  HASTE Client API Address: http://127.0.0.1:8080
[2026-08-10 01:32:27.871] [info]  Listening for remote dashboard control commands...