[2026-08-26 01:03:01.718] [info]  [manual] event=order.received status=success source=manual virtual=on mode=test orderId=INSTANT-1787673781407 bill=0000 menuCount=1 mappings=[{"baseCode":"MDI1002","recipeCode":"MDI1002","matchedMenuName":"ICED_아메리카노(다크시그니처)","stepsSummary":"CUP:ICE,_COFFEE:62,_ICE:5600,_COLD:165,_NONE:NONE,_NONE:NONE,_NONE:NONE,_NONE:NONE,_NONE:NONE,_NONE:NONE"}] isTestBrew=true
[2026-08-26 01:03:03.753] [info]  [manual] event=order.completed status=success source=manual virtual=on mode=test orderId=INSTANT-1787673781407 bill=0000 menuCount=1
[2026-08-26 01:03:21.022] [info]  [manual] event=order.received status=success source=manual virtual=on mode=test orderId=INSTANT-1787673801017 bill=0000 menuCount=1 mappings=[{"baseCode":"MDI1002","recipeCode":"MDI1002","matchedMenuName":"ICED_아메리카노(다크시그니처)","stepsSummary":"CUP:ICE,_COFFEE:62,_ICE:5600,_COLD:165,_NONE:NONE,_NONE:NONE,_NONE:NONE,_NONE:NONE,_NONE:NONE,_NONE:NONE"}] isTestBrew=true
[2026-08-26 01:03:23.069] [info]  [manual] event=order.completed status=success source=manual virtual=on mode=test orderId=INSTANT-1787673801017 bill=0000 menuCount=1
[2026-08-26 01:04:08.533] [info]  [manual] event=order.received status=success source=manual virtual=on mode=test orderId=INSTANT-1787673848216 bill=0000 menuCount=1 mappings=[{"baseCode":"MDI1002","recipeCode":"MDI1002","matchedMenuName":"ICED_아메리카노(다크시그니처)","stepsSummary":"CUP:ICE,_COFFEE:62,_ICE:5600,_COLD:165,_NONE:NONE,_NONE:NONE,_NONE:NONE,_NONE:NONE,_NONE:NONE,_NONE:NONE"}] isTestBrew=true
[2026-08-26 01:04:10.583] [info]  [manual] event=order.completed status=success source=manual virtual=on mode=test orderId=INSTANT-1787673848216 bill=0000 menuCount=1
[2026-08-26 01:08:49.390] [info]  [manual] event=order.received status=success source=manual virtual=on mode=test orderId=INSTANT-1787674129072 bill=0000 menuCount=1 mappings=[{"baseCode":"MDI1002","recipeCode":"MDI1002","matchedMenuName":"ICED_아메리카노(다크시그니처)","stepsSummary":"CUP:ICE,_COFFEE:62,_ICE:5600,_COLD:165,_NONE:NONE,_NONE:NONE,_NONE:NONE,_NONE:NONE,_NONE:NONE,_NONE:NONE"}] isTestBrew=true
[2026-08-26 01:08:51.425] [info]  [manual] event=order.completed status=success source=manual virtual=on mode=test orderId=INSTANT-1787674129072 bill=0000 menuCount=1
[2026-08-26 01:09:16.620] [info]  [manual] event=order.received status=success source=manual virtual=on mode=test orderId=INSTANT-1787674156615 bill=0000 menuCount=1 mappings=[{"baseCode":"MDI1002","recipeCode":"MDI1002","matchedMenuName":"ICED_아메리카노(다크시그니처)","stepsSummary":"CUP:ICE,_COFFEE:62,_ICE:5600,_COLD:165,_NONE:NONE,_NONE:NONE,_NONE:NONE,_NONE:NONE,_NONE:NONE,_NONE:NONE"}] isTestBrew=true
[2026-08-26 01:09:18.665] [info]  [manual] event=order.completed status=success source=manual virtual=on mode=test orderId=INSTANT-1787674156615 bill=0000 menuCount=1
[2026-08-26 01:10:07.866] [info]  [manual] event=order.received status=success source=manual virtual=on mode=test orderId=INSTANT-1787674207548 bill=0000 menuCount=1 mappings=[{"baseCode":"MDI1002","recipeCode":"MDI1002","matchedMenuName":"ICED_아메리카노(다크시그니처)","stepsSummary":"CUP:ICE,_COFFEE:62,_ICE:5600,_COLD:165,_NONE:NONE,_NONE:NONE,_NONE:NONE,_NONE:NONE,_NONE:NONE,_NONE:NONE"}] isTestBrew=true
[2026-08-26 01:10:09.903] [info]  [manual] event=order.completed status=success source=manual virtual=on mode=test orderId=INSTANT-1787674207548 bill=0000 menuCount=1
[2026-08-26 01:10:30.673] [info]  [manual] event=order.received status=success source=manual virtual=on mode=test orderId=INSTANT-1787674230670 bill=0000 menuCount=1 mappings=[{"baseCode":"MNI2011","recipeCode":"MNI2011","matchedMenuName":"ICED_군고구마샷라떼(디카페인)","stepsSummary":"CUP:ICE,_COFFEE:46,_ICE:5600,_COLD_MILK:200,_SIRUP19:55,_NONE:NONE,_NONE:NONE,_NONE:NONE,_NONE:NONE,_NONE:NONE"}] isTestBrew=true
[2026-08-26 01:10:33.108] [info]  [manual] event=order.completed status=success source=manual virtual=on mode=test orderId=INSTANT-1787674230670 bill=0000 menuCount=1
[2026-08-26 01:10:38.445] [info]  [manual] event=order.received status=success source=manual virtual=on mode=test orderId=INSTANT-1787674238128 bill=0000 menuCount=1 mappings=[{"baseCode":"MMI3000","recipeCode":"MMI3000","matchedMenuName":"ICED_군고구마라떼","stepsSummary":"CUP:ICE,_ICE:5600,_COLD_MILK:200,_SIRUP19:40,_SIRUP1:25,_NONE:NONE,_NONE:NONE,_NONE:NONE,_NONE:NONE,_NONE:NONE"}] isTestBrew=true
[2026-08-26 01:10:40.823] [info]  [manual] event=order.completed status=success source=manual virtual=on mode=test orderId=INSTANT-1787674238128 bill=0000 menuCount=1
[2026-08-26 01:11:17.172] [info]  [manual] event=order.received status=success source=manual virtual=on mode=test orderId=INSTANT-1787674276853 bill=0000 menuCount=1 mappings=[{"baseCode":"MDI1002","recipeCode":"MDI1002","matchedMenuName":"ICED_아메리카노(다크시그니처)","stepsSummary":"CUP:ICE,_COFFEE:62,_ICE:5600,_COLD:165,_NONE:NONE,_NONE:NONE,_NONE:NONE,_NONE:NONE,_NONE:NONE,_NONE:NONE"}] isTestBrew=true
[2026-08-26 01:11:19.262] [info]  [manual] event=order.completed status=success source=manual virtual=on mode=test orderId=INSTANT-1787674276853 bill=0000 menuCount=1
[2026-08-26 01:11:22.839] [info]  [manual] event=order.received status=success source=manual virtual=on mode=test orderId=INSTANT-1787674282835 bill=0000 menuCount=1 mappings=[{"baseCode":"MDI1002","recipeCode":"MDI1002","matchedMenuName":"ICED_아메리카노(다크시그니처)","stepsSummary":"CUP:ICE,_COFFEE:62,_ICE:5600,_COLD:165,_NONE:NONE,_NONE:NONE,_NONE:NONE,_NONE:NONE,_NONE:NONE,_NONE:NONE"}] isTestBrew=true
[2026-08-26 01:11:24.849] [info]  [manual] event=order.completed status=success source=manual virtual=on mode=test orderId=INSTANT-1787674282835 bill=0000 menuCount=1
[2026-08-26 01:12:20.108] [info]  [manual] event=order.received status=success source=manual virtual=on mode=test orderId=INSTANT-1787674339792 bill=0000 menuCount=1 mappings=[{"baseCode":"MNI2014","recipeCode":"MNI2014","matchedMenuName":"ICED_민트샷라떼(디카페인)","stepsSummary":"CUP:ICE,_COFFEE:46,_ICE:5600,_COLD_MILK:200,_SIRUP23:50,_NONE:NONE,_NONE:NONE,_NONE:NONE,_NONE:NONE,_NONE:NONE"}] isTestBrew=true
[2026-08-26 01:12:22.496] [info]  [manual] event=order.completed status=success source=manual virtual=on mode=test orderId=INSTANT-1787674339792 bill=0000 menuCount=1
[2026-08-26 01:14:50.358] [info]  [manual] event=order.received status=success source=manual virtual=on mode=test orderId=INSTANT-1787674490041 bill=0000 menuCount=1 mappings=[{"baseCode":"MNI2001","recipeCode":"MNI2001","matchedMenuName":"ICED_카페라떼(디카페인)","stepsSummary":"CUP:ICE,_COFFEE:61,_ICE:5600,_COLD_MILK:200,_NONE:NONE,_NONE:NONE,_NONE:NONE,_NONE:NONE,_NONE:NONE,_NONE:NONE"}] isTestBrew=true
[2026-08-26 01:14:52.378] [info]  [manual] event=order.completed status=success source=manual virtual=on mode=test orderId=INSTANT-1787674490041 bill=0000 menuCount=1
[2026-08-26 01:15:02.603] [info]  [manual] event=order.received status=success source=manual virtual=on mode=test orderId=INSTANT-1787674502597 bill=0000 menuCount=1 mappings=[{"baseCode":"MNI2016","recipeCode":"MNI2016","matchedMenuName":"ICED_슈크림샷라떼(디카페인)","stepsSummary":"CUP:ICE,_COFFEE:61,_ICE:5600,_COLD_MILK:200,_SIRUP11:60,_NONE:NONE,_NONE:NONE,_NONE:NONE,_NONE:NONE,_NONE:NONE"}] isTestBrew=true
[2026-08-26 01:15:04.999] [info]  [manual] event=order.completed status=success source=manual virtual=on mode=test orderId=INSTANT-1787674502597 bill=0000 menuCount=1
[2026-08-26 01:19:12.489] [info]  [manual] event=order.received status=success source=manual virtual=on mode=test orderId=INSTANT-1787674752173 bill=0000 menuCount=1 mappings=[{"baseCode":"MDI1002","recipeCode":"MDI1002","matchedMenuName":"ICED_아메리카노(다크시그니처)","stepsSummary":"CUP:ICE,_COFFEE:62,_ICE:5600,_COLD:165,_NONE:NONE,_NONE:NONE,_NONE:NONE,_NONE:NONE,_NONE:NONE,_NONE:NONE"}] isTestBrew=true
[2026-08-26 01:19:17.955] [info]  [manual] event=order.received status=success source=manual virtual=on mode=test orderId=INSTANT-1787674757951 bill=0000 menuCount=1 mappings=[{"baseCode":"MDI1002","recipeCode":"MDI1002","matchedMenuName":"ICED_아메리카노(다크시그니처)","stepsSummary":"CUP:ICE,_COFFEE:62,_ICE:5600,_COLD:165,_NONE:NONE,_NONE:NONE,_NONE:NONE,_NONE:NONE,_NONE:NONE,_NONE:NONE"}] isTestBrew=true
[2026-08-26 01:19:18.713] [info]  [manual] event=order.completed status=success source=manual virtual=on mode=test orderId=INSTANT-1787674752173 bill=0000 menuCount=1
[2026-08-26 01:19:24.900] [info]  [manual] event=order.completed status=success source=manual virtual=on mode=test orderId=INSTANT-1787674757951 bill=0000 menuCount=1
[2026-08-26 01:19:29.695] [info]  [manual] event=order.received status=success source=manual virtual=on mode=test orderId=INSTANT-1787674769691 bill=0000 menuCount=1 mappings=[{"baseCode":"MDI1002","recipeCode":"MDI1002","matchedMenuName":"ICED_아메리카노(다크시그니처)","stepsSummary":"CUP:ICE,_COFFEE:62,_ICE:5600,_COLD:165,_NONE:NONE,_NONE:NONE,_NONE:NONE,_NONE:NONE,_NONE:NONE,_NONE:NONE"}] isTestBrew=true
[2026-08-26 01:19:35.855] [info]  [manual] event=order.completed status=success source=manual virtual=on mode=test orderId=INSTANT-1787674769691 bill=0000 menuCount=1
[2026-08-26 01:22:32.119] [info]  [manual] event=order.received status=success source=manual virtual=on mode=test orderId=INSTANT-1787674951795 bill=0000 menuCount=1 mappings=[{"baseCode":"MDI1002","recipeCode":"MDI1002","matchedMenuName":"ICED_아메리카노(다크시그니처)","stepsSummary":"CUP:ICE,_COFFEE:62,_ICE:5600,_COLD:165,_NONE:NONE,_NONE:NONE,_NONE:NONE,_NONE:NONE,_NONE:NONE,_NONE:NONE"}] isTestBrew=true
[2026-08-26 01:22:38.346] [info]  [manual] event=order.completed status=success source=manual virtual=on mode=test orderId=INSTANT-1787674951795 bill=0000 menuCount=1
[2026-08-26 01:23:33.550] [info]  [manual] event=order.received status=success source=manual virtual=on mode=test orderId=INSTANT-1787675013231 bill=0000 menuCount=1 mappings=[{"baseCode":"MDI1002","recipeCode":"MDI1002","matchedMenuName":"ICED_아메리카노(다크시그니처)","stepsSummary":"CUP:ICE,_COFFEE:62,_ICE:5600,_COLD:165,_NONE:NONE,_NONE:NONE,_NONE:NONE,_NONE:NONE,_NONE:NONE,_NONE:NONE"}] isTestBrew=true
[2026-08-26 01:23:39.833] [info]  [manual] event=order.completed status=success source=manual virtual=on mode=test orderId=INSTANT-1787675013231 bill=0000 menuCount=1
[2026-08-26 01:29:20.592] [info]  [manual] event=order.received status=success source=manual virtual=on mode=test orderId=INSTANT-1787675360274 bill=0000 menuCount=1 mappings=[{"baseCode":"MDI1002","recipeCode":"MDI1002","matchedMenuName":"ICED_아메리카노(다크시그니처)","stepsSummary":"CUP:ICE,_COFFEE:62,_ICE:5600,_COLD:165,_NONE:NONE,_NONE:NONE,_NONE:NONE,_NONE:NONE,_NONE:NONE,_NONE:NONE"}] isTestBrew=true
[2026-08-26 01:29:26.819] [info]  [manual] event=order.completed status=success source=manual virtual=on mode=test orderId=INSTANT-1787675360274 bill=0000 menuCount=1
[2026-08-26 01:29:28.516] [info]  [manual] event=order.received status=success source=manual virtual=on mode=test orderId=INSTANT-1787675368512 bill=0000 menuCount=1 mappings=[{"baseCode":"MDI1002","recipeCode":"MDI1002","matchedMenuName":"ICED_아메리카노(다크시그니처)","stepsSummary":"CUP:ICE,_COFFEE:62,_ICE:5600,_COLD:165,_NONE:NONE,_NONE:NONE,_NONE:NONE,_NONE:NONE,_NONE:NONE,_NONE:NONE"}] isTestBrew=true
[2026-08-26 01:29:34.733] [info]  [manual] event=order.completed status=success source=manual virtual=on mode=test orderId=INSTANT-1787675368512 bill=0000 menuCount=1
[2026-08-26 01:33:46.994] [info]  [manual] event=order.received status=success source=manual virtual=on mode=test orderId=INSTANT-1787675626678 bill=0000 menuCount=1 mappings=[{"baseCode":"MDI1002","recipeCode":"MDI1002","matchedMenuName":"ICED_아메리카노(다크시그니처)","stepsSummary":"CUP:ICE,_COFFEE:62,_ICE:5600,_COLD:165,_NONE:NONE,_NONE:NONE,_NONE:NONE,_NONE:NONE,_NONE:NONE,_NONE:NONE"}] isTestBrew=true
[2026-08-26 01:33:53.163] [info]  [manual] event=order.completed status=success source=manual virtual=on mode=test orderId=INSTANT-1787675626678 bill=0000 menuCount=1
[2026-08-26 01:36:45.509] [info]  [manual] event=order.received status=success source=manual virtual=on mode=test orderId=INSTANT-1787675805195 bill=0000 menuCount=1 mappings=[{"baseCode":"MDI1002","recipeCode":"MDI1002","matchedMenuName":"ICED_아메리카노(다크시그니처)","stepsSummary":"CUP:ICE,_COFFEE:62,_ICE:5600,_COLD:165,_NONE:NONE,_NONE:NONE,_NONE:NONE,_NONE:NONE,_NONE:NONE,_NONE:NONE"}] isTestBrew=true
[2026-08-26 01:36:51.702] [info]  [manual] event=order.completed status=success source=manual virtual=on mode=test orderId=INSTANT-1787675805195 bill=0000 menuCount=1
[2026-08-26 01:39:29.651] [info]  [manual] event=order.received status=success source=manual virtual=on mode=test orderId=INSTANT-1787675969337 bill=0000 menuCount=1 mappings=[{"baseCode":"MDI1002","recipeCode":"MDI1002","matchedMenuName":"ICED_아메리카노(다크시그니처)","stepsSummary":"CUP:ICE,_COFFEE:62,_ICE:5600,_COLD:165,_NONE:NONE,_NONE:NONE,_NONE:NONE,_NONE:NONE,_NONE:NONE,_NONE:NONE"}] isTestBrew=true
[2026-08-26 01:39:35.650] [info]  [manual] event=order.received status=success source=manual virtual=on mode=test orderId=INSTANT-1787675975646 bill=0000 menuCount=1 mappings=[{"baseCode":"MDI1002","recipeCode":"MDI1002","matchedMenuName":"ICED_아메리카노(다크시그니처)","stepsSummary":"CUP:ICE,_COFFEE:62,_ICE:5600,_COLD:165,_NONE:NONE,_NONE:NONE,_NONE:NONE,_NONE:NONE,_NONE:NONE,_NONE:NONE"}] isTestBrew=true
[2026-08-26 01:39:35.895] [info]  [manual] event=order.completed status=success source=manual virtual=on mode=test orderId=INSTANT-1787675969337 bill=0000 menuCount=1
[2026-08-26 01:39:42.088] [info]  [manual] event=order.completed status=success source=manual virtual=on mode=test orderId=INSTANT-1787675975646 bill=0000 menuCount=1
[2026-08-26 01:40:24.328] [info]  [manual] event=order.received status=success source=manual virtual=on mode=test orderId=INSTANT-1787676024322 bill=0000 menuCount=1 mappings=[{"baseCode":"MNI2011","recipeCode":"MNI2011","matchedMenuName":"ICED_군고구마샷라떼(디카페인)","stepsSummary":"CUP:ICE,_COFFEE:46,_ICE:5600,_COLD_MILK:200,_SIRUP19:55,_NONE:NONE,_NONE:NONE,_NONE:NONE,_NONE:NONE,_NONE:NONE"}] isTestBrew=true
[2026-08-26 01:40:31.559] [info]  [manual] event=order.completed status=success source=manual virtual=on mode=test orderId=INSTANT-1787676024322 bill=0000 menuCount=1