[2026-09-09 12:34:55.414] [error] [serialport] [serialport] event=serialport.error status=failed reason=port_error boardName=board1 port=COM6 message="Opening COM6: File not found"
[2026-09-09 12:34:55.418] [error] [serialport] [serialport] event=serialport.error status=failed reason=port_error boardName=board2 port=COM7 message="Opening COM7: File not found"
[2026-09-09 12:34:56.900] [info]  [HASTE Auto-DID] Skipping DID auto-launch: Store license state is "locked" (requires "approved").
[2026-09-09 12:34:58.230] [info]  [coffee] [SYS:OP_402] STAT:200 [H:HASTE_ENC:7b5e6990a0ef468a988300dc:06a86717a86863641baa2dd9457780ef:b6ee67fc5f8f4dc4292d5910d93be113c7ba57c32b33339cb972464e9750c888e71c8f323690b32d3ee21a2d8cda31aec38b148b7e1aa3b2ee67a65bde373713e30675bdbc7a72d17e46f7bb6244b0f53d86980641565a3171e1d5d9461f2e]
[2026-09-09 12:34:58.236] [error] [coffee] [SYS:OP_402] STAT:200 [H:HASTE_ENC:71bf1389afbaaccfb2d179c7:1aa396f690e67f13d87783ba1c73bd8c:01a6526bf3533a0807f3353b9199ef8d37f831f3715dfb209921fe551d51b219913dc2c95673d46d94aab79c0415c75e74a4e1b18aac0e35e4c462ba96224bffc397b82f4fec51d91fde3d78723b2a5178c1f419bcbe6cc95aa4d67e46ed411954b3f9441f2e53b57e7e65d2e15083406f1b557b66eac68b382fae2b2795c365295b85dde19e3f83e3cc404a124f9c12f16b1c65d47a54f6433749f16f416b509dda59e104f5fd04366511a722972a8426e45fba5b8d90a672fb60543d]
[2026-09-09 12:34:58.240] [error] [coffee] [SYS:OP_402] STAT:200 [H:HASTE_ENC:afd3a2bb71272a4208da5d3a:a39a7f7977054b62a3d7e7cb69048fec:127474f1b1f54a09bab759225f1f38751c6ec84dbbe78dc0eaea1cb18d4cff81e3537de707cb58716cd775d81bb7860a397bbf2e32a9d8bd29201359c02f681b2e3e7c1b26ef4bd2fa39ae56e350a5ca0e4fcfcbf0194b1a38b4156ab0f26640e74a4728ee3f7303bbaa2abce33beb37f0daf515ab09f5243826f61a92bd230aedffbf542411f1229acb60]
[2026-09-09 12:34:58.396] [debug] [coffee] [SYS:OP_402] STAT:200 [H:HASTE_ENC:77d9ed5bdfe12d938c2c6dbf:45d390f18aea7fe59729b5020168f8d0:0fd6c01e181aaed86455d11c85a05228dfbaa564c4ceb2339d0c64519aa046722d1d78e4af128ca2894d7c2d7e7e90c55250333ac25e4653048f6df384a6e2ba5a9a9f6338fb0d13cdf35e8cb0ea312515f86b4c36a167c3aa5e9c90d0d3786a417991dc4d72702d9fea17ec7494df18f5451c7ee3bc]
[2026-09-09 12:35:03.450] [error] [coffee] [SYS:OP_402] STAT:200 [H:HASTE_ENC:41140a03946fa249733ba69b:1ee2eb4555ff16c295b8b850dbaa768c:8afa3d9472ec9b878db2ca70dc5a4e41d42e9c96a0862d74b36c158cf40d7a2bd4b9b8d2210624c24f798795d6a40201b55174fa12c32ccba6cd6ce190a75f311854d282d1ba938e9f24d3f7f9fb7f21a7cdf72d16335bd2971304919fdb3be9694bce78b006280c4e4d4896092e48e8be416b5b88a48c99f05909ca31bfe19e579d1dc750a3928a33]
[2026-09-09 12:35:03.454] [error] [coffee] [SYS:OP_402] STAT:200 [H:HASTE_ENC:b743c33736e87e0c6160b198:f55db09d60bb9ce88449cc7e5614ee88:d57f4441371687d24c9c4e7b44e2d930554de04eac3e15f6dc5f76a9c83237de8f64eb7db6fe7c755d116538cde6b690ae4dcfd1e8787368f97abd0ff90a1625748b3ed7495dc1b741a0aca25e7a8a63280e4bd36fddc2466e309ab2b44290fbb8f090f1fde784a485ddf58e953ff6a00ee6f7d032188c4e5e5b3d53c371091cceecfd8287adfc031b1ddb]
[2026-09-09 12:35:03.457] [error] [coffee] [SYS:OP_402] STAT:200 [H:HASTE_ENC:8885343f66cf2ee4bb58a7f2:63802cbc886f8569ab6dbce246bd1758:a08470502034e76410f7f68df59794561793c59c704501cbbe2085c2da1a0f35f341455d5b0351c3f003115526b1483572400eb82192e8ac0d748784cf3bcc2d01ad25b7100e9a90496ceb4d2ebc0c688169419decfadeac8d0c83924d9aa2b588796664a80d418392b120aa5c4033f7f34fd6fc113e5e90820d2828a9aec175d811b908dde69ddb9cdfbc1c76bcacbaaa488ed5152e8e4e7fdcb801e1db5a7151df07f17ab329be4c8a18f4034e469061f7520d8c68e2fca369d858b1]
[2026-09-09 12:35:08.248] [info]  [coffee] [SYS:OP_402] STAT:200 [H:HASTE_ENC:54b762644aad033f4c61711d:4206107992d873da5181431d3a33714a:94550c4d6aacdce7860f209992462b649ce7d687464c41100b14500f4b3f8f239c2e74eb17b25745b32f98494225ee582817c003d0b0e0d99869577fb901260014b9cc62172678d5b192b73364c161a3de9a163a9bc7009c5384ec7a58f5d4]
[2026-09-09 12:35:08.414] [debug] [coffee] [SYS:OP_402] STAT:200 [H:HASTE_ENC:6079f316dc1507cfecddd09d:730bffc26f5777dc9a733e95208f6cd5:51e5611db01bb501dffdbf7b45f00fd392b8f727316589b263722d62c4cb9a237262b85e56d5410f5a60e6a302eee37936a18f344be4d591b7a4068bbe5331d442d06f82769bb5f5c7f9ba7d1fe279f4998fc5c8179885d1ec9d8a5f67a45ff33a8351a0e92747b794bc5093ef132db305137be78b87]
[2026-09-09 12:35:13.439] [error] [coffee] [SYS:OP_402] STAT:200 [H:HASTE_ENC:f74f9b6b5aff98fe26cdf0d4:afcc809d9d53f220ad87fa752a00f376:5cff269cbfd04744b524a425ae7aa1be9fac87a610dd9265bf3a77070533890102efe1f165f080b046be30ccf7124ecf7ee897b616bf33130397f49415628abea700bf2f5f483474f4540bc7eac86534b9d4f23a8309f8827253461e352eb5a46d72191ae396a680ff48c723363a20a57bf60d328fc0837d6735559d4b048732cf3b259c25ce0efcae]
[2026-09-09 12:35:13.443] [error] [coffee] [SYS:OP_402] STAT:200 [H:HASTE_ENC:733ae68e4dfee31efa8d4221:8615b6fe931d37c58a5e3b7219bde2c5:fc0d6bb3e3facaf4c3ac3a3e40a70e12d26350576305d6dc48e4b68017bb09dd9bb0e7ace11c9d63a8c9e21ccc5ac5f6062da7e0fe07cc13c427a464cac9ac4b0a131aabd69b964f4db737e30b355cc4f95d7693181a2edc5c90d86359e1fc06fdb0bb176e45e276ac397842e2255460caeb4dbda3b16e887384b53e9760a5f2086f0fb60c3e7fcb0afe8c]
[2026-09-09 12:35:13.447] [error] [coffee] [SYS:OP_402] STAT:200 [H:HASTE_ENC:00421281cb48ee96760a996f:e15625743f15ab07615f086ceaa631f6:9e8f1ea53b1c564cc7b11745a60d71d3bcb72f83b9878cac34842cc950fb37bb7c91a047473379ecf4ea5a05b04a3d18ac65b10a2ce7208cb73c69b8d23ec422cf6519fc592f63d01766a9d0339f25c1475c4f355ed73013e454db69b1d841f7f5f6ed485faf4884a6d5b14dc962164fcb27e6f74b5bfa98a013f8a4d1ba6d1ec5fc507c1011e2c51b459bd595de7d59969f705d812760216f4fd5080eafc81e296c5594390871d5aeffc82da87be5008ab724a3fe2519d2dc4953b5b4]
[2026-09-09 12:35:18.262] [info]  [coffee] [SYS:OP_402] STAT:200 [H:HASTE_ENC:eb086fd8a6e5385a0fd5c92d:c02bad02e77bbd2ec8de30869d4c7d10:039e0c290b4637230443d297505d3d0b805907eeb008b0f990d4d2dd6c95f6531c50290b074e037124d43386e0a70f52025a7434f461c1541da7ec7f639f3f7e89d21e9f24a215c5fb23b425e23c89845b58b6598123170d073f597cc94f6b]
[2026-09-09 12:35:18.427] [debug] [coffee] [SYS:OP_402] STAT:200 [H:HASTE_ENC:d644f8d3dede113055223f46:e55b6d4a3a536b7d1a4504364c1d272c:6a4b2d95790ae623cfeceb007bb5ae0267c8986b7e9a098b719775b4484fe9380c39eb23015b9101c897086002e5df7316ad36625f8bcaedcd554b878a8d4a77d92c8e4c1500ed9f094212344575fdfa717ecf036674ea9ec29e8102614adfa851c18e91c0a82edaf75cb752e99c974a16d55ddd51e4]
[2026-09-09 12:35:23.435] [error] [coffee] [SYS:OP_402] STAT:200 [H:HASTE_ENC:f9ea8ce4b9522ad9c7236407:d08d1cc8e72a38748ec5255e70346696:105144970d0b8ac2b194dd457e9cf0e08264892157539923fb35a48b3c449526f23ab723dc7b021616c4fcb3a81e2251e92f677079a07b8445ed6487bd93adce9be648eb8fdb1eea90a29fcaa2167d10c159c47ef3d613f8e098e259398bab5f5aabf2c2176e729c51a396f211be1f03166f4fb8c415138a588b1ae633d7917fde4d217fe93c8f41be]
[2026-09-09 12:35:23.440] [error] [coffee] [SYS:OP_402] STAT:200 [H:HASTE_ENC:c364d610dc31519fd194c5e3:89ca41f229ebbb85d491209e1a94acd0:8470ec197a64c53e502259150be8e4541715d32ba22b402440d9609b289630ddd54ab1e16292d38f987bd895b0efb8ab0826f1a710897e417896940926f4c97c9120dcc40b3b0a668ecda6efe128b1175897c360df3fa86ae65bd741870a7020350ce8266a6a471fb789d07cd525dacbc22efe047257d189356e9f666ad52a3ef7744b97174e83edba5114]
[2026-09-09 12:35:23.443] [error] [coffee] [SYS:OP_402] STAT:200 [H:HASTE_ENC:977726491ede27bc4df772a1:575b556f8d77aa0f1c989e31225de7d0:5736e5430ee87e9101d3f660347f92a1571c6a77635b09b9bebaf83361b6fb5feaaf901b93d11398b965b0a3278a105bd08fbc99a330e0f52e135a0f3914cbdec8de40ab6dc5faf1874fc12bf556fc64fba51143250649d2c85891e41a5501a73e06e75b59ab8627c7828b671f7281d24f02488eb0ac6c116ec088dd9cbbe2ed10ade1a0d8a0fe5156692378d47ae6b0a14106ce5fc9a284a100a4a3fcb81df66596b3b565a5a8810d602b942f98f1c21cc677fff5758000baedaf8ad3]
[2026-09-09 12:35:28.280] [info]  [coffee] [SYS:OP_402] STAT:200 [H:HASTE_ENC:ebd4f327d0dc8d7724a6534c:d84e784c77663b68f68adcd9f7dec418:6a5fab8b2d5cad9ef3a0f0b8046a6294e86bdfca0d0b6068c0e25798277452b656569739bdcc56656535eb4fd7d6af7f88be5f653b613547562f0b4ea8648536d2b78260c6d695eebdd38465d20f82e1f7786eb21e1ef64a6789f366bd42c0]
[2026-09-09 12:35:28.446] [debug] [coffee] [SYS:OP_402] STAT:200 [H:HASTE_ENC:87be69efd0ebb63a946452a2:7b27a3fbd3547566340b613075adaf66:94b00b8aab89da698670778f25f4394b2f6051492b5a9daf4a40b6ed9cd7b983a0cfce3fd065e69729a32072d936a17e595218bf3a1172523bbe6b1e519127903029091744d52c6904376cb7ea2cbc8981b4852131335693d2e52c86746bf79ef2750a3883a42ab84249abffed45dd783fc602d91218]
[2026-09-09 12:35:33.464] [error] [coffee] [SYS:OP_402] STAT:200 [H:HASTE_ENC:ef8d1d02c0957972d91c986c:e5a99d6f4cadaaaebab4460b6e800a50:a1e974800534329a985cc1b61f632b9b1945106452b8755a59044b77a8f49b7dcdefc959883de85143d6cf758fc46a7c273c6fa52dd8b64808875619708cedfe288ce434cb75a38b5b32da1525e7887ed244241c918cdc8117bfe6ab75ef696b96183dd4fc48652edc50a0e475b5ea7b016ecf9c3194b6b0d878428e6be0baa2e3cea9bfd625a2409b]
[2026-09-09 12:35:33.468] [error] [coffee] [SYS:OP_402] STAT:200 [H:HASTE_ENC:e26a15a1eaafe0b80771cf23:64aa7820c7aed5a78da38088c29810c8:93f0ff9d968444b0f6b083486915ed479c2e4cb1b278a491d3429701d732028762752a51d0bb8500de7d3bad70e533e2092f1bb6334082edd784e7645059a784b794f6b61076d6a7eaee5629d5290bd754395bea1d63df814d2a150cf28fbf322b2b20d9e5c66b70ad958259c5f47bfe7c24231178fa982cea572649705f4f8957f4bae03bd3b5a5dce7b3]
[2026-09-09 12:35:33.471] [error] [coffee] [SYS:OP_402] STAT:200 [H:HASTE_ENC:34d1f3b2b16455fe44e444aa:aaf6acbab57751a1b1fc9ff50356b75b:daac8a83f64a6bcbbe8d75846cf3330a97d13927806c4b02959c9d01383abe0ce8351f74c935f2f72a4fb9e1d144a99fd6ba301e358ffbaaa29b507320b14c7fe601b5037335278c66a3b32a18af49a534b6dce3218618b86cf0700733d5ae2fce388f6797027b55a9dcdfd4268f60dca2d3a23eacc12faeb64411d5994566645fad0c744672d1edccc97d84953eb5a537bd28b5cb3bd002b1423f9a590ba4b573e3c4e125b3d8ad57f1b49ca3da2fc28728306f1e25aed6c52a786a07]
[2026-09-09 12:35:38.292] [info]  [coffee] [SYS:OP_402] STAT:200 [H:HASTE_ENC:82097d905ce704b487360271:36c605e095ae47836226b686bf55e19e:ab7e9933b62d0af43da2ee969146223888847b2ae3208406289f8ce1fb18eba4851f1855acea88d28c18c7732f4c3af10d180afdaf93df56c127ff12804bff4999eb8ca459a8a4fad2ee58cb459f784016f7aa028bb08aff6f966e044bf15d]
[2026-09-09 12:35:38.457] [debug] [coffee] [SYS:OP_402] STAT:200 [H:HASTE_ENC:3250facbb5c164ef09dfb3fb:a4de18ced24128fec9d6e6559b50840f:9dde6dff24d01ab85fa2bf6552e1968e5eca4d557b4f2ad03788b057ae5aba98428e6370b08260f983bcbf00fc84c26a012104d067017db4b7067b15ffbb322f4d00bc7c10c49fe77ba82cd759b293c3cc45394cdfe9055bc987d8442cacb07906b6bbc850e790ed6375f8a95ba69895c00f26d1551d]
[2026-09-09 12:35:43.466] [error] [coffee] [SYS:OP_402] STAT:200 [H:HASTE_ENC:6cc51c9d692274972f7ed519:ac809a7f9e6ff755a811bb6b79c4702d:87f0c9e1d4a600fa5aed92397e29a2a6c83930d115ecf46a9b006b655068505fbc2081ac0f55548f36887485a7eb962e3245b27a0f25c4b9ee75afc2dfec942bcc193e18c0fa8de610fc410a5fc8abe77771476e2e17f9e0505a5957cca2d8bd3035ca1a9805eecbb5799bf1ce96b05124a23b5602f8f8070ec6ff26632cca742ab924d189b0aab314]
[2026-09-09 12:35:43.470] [error] [coffee] [SYS:OP_402] STAT:200 [H:HASTE_ENC:7a5b05f7970a6ee1961ca121:d184cf7fe22ddc2c40a17b6eb009f44c:7afb055c6c9af4e11a1187e996ae9f8fab2314747fde9b6e0f2bb352c49d0d8738c00b447c2bc7bcf8a7b841e84201806b1381b61eea447ebb4f90e1a83c6d60709704a9dbfaa973973c6b1a3d8ea896c0535a86908a5c07c2705b31b3feade55fa1b0c095d67300e8e49b5d9ee8bd38390181e1b55262e2c9f14b42e7066baa46fcdcda5f3d936bb266bf]
[2026-09-09 12:35:43.472] [error] [coffee] [SYS:OP_402] STAT:200 [H:HASTE_ENC:6f44178f5bd231897f6dad48:1445ded4c29078a1cd84ec1045ce7d7d:9118371fb1ca411a01b01277d650fa02cd54dc20ff3de43025cd20b93cc32540abfaabb92ad488ac9f60a5cf115771f4584a06b1a4862a9c306cc1c4f90ca7193cc18af4ba3df3675759852774b6f36b25289ce7f9dbefdf1eb964eb1b32838bbaf95204c74eb57e2647341c199356b0e52ab4675db1f8956093a951f861a5f4987ff35c1d661c25d5c9f90f1eba88e10cfc5948d4fddc2bf2d8cdb3fd09141472577bf60a9f2ddc14d19a13d1f1c4b9f529489e2a07f88e06aa2d02ab]
[2026-09-09 12:35:48.304] [info]  [coffee] [SYS:OP_402] STAT:200 [H:HASTE_ENC:29169f57fe67ceaf96a1b170:ed1b3208622384f3e14db351b275f2f6:f7d21b2695b2b78a60c82162ad65946fbfc18bdfa17730e1394c9a3f2b94faabf206ba9092612a854a6598812bb1547904f81a0da3e8450dd8fde8dc0ffcd9a0d1e4677eb63e44c69bb0c5535106ebbd908a93eb398b5914ae2cae7b328f83]
[2026-09-09 12:35:48.470] [debug] [coffee] [SYS:OP_402] STAT:200 [H:HASTE_ENC:fbf2a58ef9c38b4abf09a051:09e1086e50db1d19fe846d9e516cf04a:2e21aaa80a3c3711fae331688368febe9142cdbbdfe886d311c9457ac5b56efa83196469d1e26b094db71b07ff2112ccb8918cc586ea746fe1df30c4437a37e85aff7d72b8f974910ff869894b7930752a9fcc457de0d9135e3565b26c1a49d930a4f62d189f182d7960d4b1bec5ed3399d2ffad625a]
[2026-09-09 12:35:53.477] [error] [coffee] [SYS:OP_402] STAT:200 [H:HASTE_ENC:2bb919479c9f8002bb37a174:55cf6e41459226fe803fc70fb8705fb8:321f8a894b507587193240ddaed81a38311c334227c6425489c6e7839683517eb691791d044e5840f1222809bfdb8203ab2c86cf40eba6e6fba0f0ba7de5b8f9a7c72ddfeec14e23d95a1c132306a649cd374c735883d1ba25697045e376496e07622a0397119cd4dc1e5368e2f0c197ec5494aaeb096621ba7248cdb2f63d7dc25aea617f52c1616d]
[2026-09-09 12:35:53.482] [error] [coffee] [SYS:OP_402] STAT:200 [H:HASTE_ENC:e2cef99647d31499dd6dfad0:f10ce5172079ab1caf5f0691feac23c5:2468742e92bbada30dbcef76afdb8d5ea7c89d082168ee8d6222fc4eecba2936868e652e812405343fc5e7c50b359707229b7ef42b03e5a9034fe353e049492c2fa7eb66b763834c9e787d2eb349de07b222bc309bec51284f55b4acd3c38f7320f7a798f8aaf6d72cd9a97ee71a37642648c0290e1adefdbfa9303713e50893459ef9014caa52df208c08]
[2026-09-09 12:35:53.486] [error] [coffee] [SYS:OP_402] STAT:200 [H:HASTE_ENC:1650f097d378ba0364006c98:701f6fe62787e7b2f34e2dfdba83f802:1a999b4558c7a43f8b884c4c47e2ce93a01d1970a5bec800f58e39d21d8aaa0c42dafb3de072f51289ca41ae8594dcbfbdfa0e6ae7aec2997eeddb0fefbaa7ea23cdd21b18c5a98a2fcab001dd5b632e445d64cb22e8429a0959680849ec1169f6faae2aee65bb90c6cb56cb366e3cfc383d98a25a6b3c137349af9579cf10f62ba44c1a1a93e2838e1103a790a7ecf99c4d68067881eaad0e6aba81d0d47c4f75ef051b88281e2740534f8c938365a7509eec86069913fc692ab5877f]
[2026-09-09 12:35:58.317] [info]  [coffee] [SYS:OP_402] STAT:200 [H:HASTE_ENC:08b2953dd78f544e0d6ca0ba:6f3beb341a3cdb7420e458944c9aa676:beec27e7cc0138005c410a51653bc4d5ae6e6037fc8c260bbc2ac754da0504e8ce3193f92acef8b56d76fb4f78cfe8928076532862f0b2af6aecdf0b3587f7852d51a2b20b12ba2f0586eb0d85a157e27aa0fb668b8a205530bba4f0bd70ec]
[2026-09-09 12:35:58.483] [debug] [coffee] [SYS:OP_402] STAT:200 [H:HASTE_ENC:fa0fcf0fc94cf48a2f9da585:b01c3694ab6d3d654bc57f0631c48112:60e432a5b9e3e17b50ba3d3a88ecabb13a937e88b1d6f8e820604ad69a88eaea0b02d113283808f2568d1c6cc11eeec3f393e09ba5af1c7a304724cb22e0a4cc84205eee9c366d861323aca39cb751e0c671fe59b3158123493d8c0f20e956cc32f68751aa499a379b89b936a518ce0cb007fd461b17]
[2026-09-09 12:36:03.503] [error] [coffee] [SYS:OP_402] STAT:200 [H:HASTE_ENC:7826c4cf3d805ae996997709:f97f6e6e87d1befa4b24442b88c9d1d6:1546ec64c51fb4bc1a4e7a2e6035805501f7f9a1cf670d56f8235c37fe8c09419f66e38cb71bb078ae31eea07d23adf57c30f6f39156bc758ffadcb7b10b6b489a7f56cadb51b08984188ce8aedb35e8dd739ad2d2169cb555c5de391b05a129eef9a943cc451f01aca98f567d4d07c65e527808919ca918a7fb2c19bf0aba776f130a5db8ea84081d]
[2026-09-09 12:36:03.510] [error] [coffee] [SYS:OP_402] STAT:200 [H:HASTE_ENC:6b44c25c374af23828bf522c:509022217b003b19cc3ef9734adfc135:7c26dc54f9e0bd7170de2d236ac85497f825fd8d3bc89cd364c3f003a80c24d43412796c86adea4d7b2343002bbf19c04a0dbe265403dc613449f45878ed5f4845ba59b6e7cfc2a881f64ed9a82129b379954fa15fe16ee1d94002807c04e4cd2a8ffb88721417f3a2c2d4264517b97e0459310e040ccf8b36f7daf31a4daa734e18db9fd99b6660a4ebfe]
[2026-09-09 12:36:03.515] [error] [coffee] [SYS:OP_402] STAT:200 [H:HASTE_ENC:8c3a6f1a8b919c630e1df0fd:c7ea3fe063d33ad0074a4d17c82557c9:5974874d2ea79b1d7d0b4240086ff373abb38d361184ae21543d632cd5402abfd3d463fd921194301874a2572693fd75e026c6c64663d2c7cd278468e027041b652d8536cb9c53f271c76a4f4117b1c87a468ac4d638e6dda36a0486cff79fca9ec6b663bbcdd58c0deea687048a835395c1bbc20fc945b2607395117d324f9611dc428784fb43f4567b44a146cb6b7f4f289c0418dd9560c86bfa5d266732430cd100752ac179bb482d9d2b669294aa3450b01860e314dddbb3e12f1a]
[2026-09-09 12:36:08.332] [info]  [coffee] [SYS:OP_402] STAT:200 [H:HASTE_ENC:d58d614e47ff1743b8fc9695:5e406d26e610ba85232172943d8dfd5a:2c4759f8d99ce80a6bb38b0ea17ec1846e91c18fecb02740cbc0c3cf9396a003d6e972f97bd080d40e4df705ae60310fd88b23985a01e1ea3e98fb7e9b4bd4f2bd5c767a52b922f356c8942d82f7d6ce4d13171a302a38c3cdd5ce0d3aad10]
[2026-09-09 12:36:08.498] [debug] [coffee] [SYS:OP_402] STAT:200 [H:HASTE_ENC:b262ea2a018d23abc85505ef:7dc5e6f6b7fd3e660225f22866aa651c:388063875e7237a7c2992426352521b22d18509d8e645ceb789fac85577f7c66b0363a607b09ef69606dccfee3d8eef65e2b328114b5ed536b34732f21ec2971af7e9424062b32b72e9ac5667a0c3821bf68b4a8e7068a7dc08c069be8aa9cc2dde14ebca8fcbf9bfa45e9253808909a69790e680881]
[2026-09-09 12:36:13.512] [error] [coffee] [SYS:OP_402] STAT:200 [H:HASTE_ENC:de5f26cf40a95c8895e26cf1:10059d1f6a7019a1bcbbbe861881f154:b5ad3194f4fe1f5f1b11d47d7e5acf97b4aab9a748fad500016f368b29b389d41c2a9b21bc3fb6426df62658f7181ce41e04a68782aa188e288957cd25c83e6109f4884a49881e9dbeee7c7fb7ae7485d9889f3558250606e77add083239c19751f91e7cce0c7841fe9eb0581b7b344fe17ce39e007ecbe717187e587ba6835356037f4fa6df3ad717]
[2026-09-09 12:36:13.518] [error] [coffee] [SYS:OP_402] STAT:200 [H:HASTE_ENC:f9886dda41cae5b023357445:6c8b924f450a899d4ff793a39598d1df:587cb3cfa878c6588037a97dac4a7a7c0e4681feaa457ec5a69c62f59adb0b0c6ba48cfe9c6607aa70335fd297ce9b8469112c2f34fbe431fea58867b1e580ac2478e17873d60d3aceea016fffc4e5aafef1c08a31d3f715daf45df4501403781d962e0065c35ce5875bbdd1cdc0dc9c3f904402bbc3cf8275588bc9b36a6d5a4850930905e0eaa02a148c]
[2026-09-09 12:36:13.522] [error] [coffee] [SYS:OP_402] STAT:200 [H:HASTE_ENC:a6fe9c4f5b85cade4ba747af:d6337fce5458d6140ee55493320fbb2a:d15e4941f766658d9ce2d4bdbf7798c72db83e96ec206fcf9192eadb78459dff8fc6de77ec6450cdb3761886a8d224b63327bb86d1e391cb1023865dc72bd0839b25c8418c445501d665717b0bcaa9522b497d6e74d5728d08dd78d7d32eeefcce828a510e63f38e4e25aa9851b8aeecb0fc9863956b2cc9073ce7f6a4bd2f674eb2db9185255b216da144a1fda7f50f59b88db62ac03d573f94ac93d68128cc69e61d173e145de5c6cb2357cc0c8fcda4b94254e232a1426662b2db17]
[2026-09-09 12:36:18.355] [info]  [coffee] [SYS:OP_402] STAT:200 [H:HASTE_ENC:13f6422b01c04b8095512a3b:63f2f949facd2275588a7dbf2c60ad60:d1c33f7a0f657113479a63a3cd3224b1c0348c2b8035ddc8545aee3d3457bf896a2749496808d1bc422353ed5d4340ee4de32c11d27959179578c8b97f34da96a063ed0d9e3a3ac58daefbc0e2511ff500da9a1673352a8f91ad2b115867a8]
[2026-09-09 12:39:51.011] [info]  [HASTE DB Load] Loaded settings from SQLite database successfully. StoreName: "헤이스트 김포운양역점", StoreNo: "010-7477-9363", ThemeMode: "Light", isKioskDryRun: "false"
[2026-09-09 12:39:51.694] [info]  [app] event=app.startup status=started appVersion=3.3.1r247 packaged=false
[2026-09-09 12:39:51.779] [info]  [app] event=app.window status=success
[2026-09-09 12:39:51.866] [info]  [app] event=app.tray status=success
[2026-09-09 12:39:51.867] [info]  [app] event=updater.check status=ignored reason=store_managed_distribution
[2026-09-09 12:39:51.875] [info]  [app] event=app.ipc status=success
[2026-09-09 12:39:51.914] [info]  [app] event=task.start status=success
[2026-09-09 12:39:51.916] [debug] [api] [api] event=settings.change status=success port=8080 posStoreNo=010-7477-9363 deviceModelId=D0000
[2026-09-09 12:39:51.920] [info]  [api] [HASTE] Found SSL Certificates at: C:\Users\김성규\Desktop\HASTE-AI\src\cafehaste-client\src\lilly-electron\resources
[2026-09-09 12:39:51.923] [info]  [api] [HASTE] Started HTTP Hono Server on port 8080 (Toss Place HTTP Mode).
[2026-09-09 12:39:51.926] [info]  [api] [HASTE] Started HTTPS Hono Server on port 8443 (Toss Kiosk Mode).
[2026-09-09 12:39:51.927] [debug] [api] [api] event=api.server status=success port=8080 host=0.0.0.0
[2026-09-09 12:39:51.930] [debug] [coffee] [SYS:OP_402] STAT:200 [H:HASTE_ENC:6aff34706d10253029fef188:6a16e72c13e0463f4df6284bd3dcf9a5:44dc6571738d9e27716f4ec513b1cc5a4a6ca2c3c3a461e6fc3ada523fb1532e8705c5d4bf67b84c6e50ffbeef8d79a64f7c77f2eb6fe5892814351dbc5d94c459eda31bcb8a2c7f08d00402d3a7a4c80d8afb1f]
[2026-09-09 12:39:51.942] [debug] [coffee] [SYS:OP_402] STAT:200 [H:HASTE_ENC:9458d1e59026c0a6cdfbb12f:dbcfa70ace4fe937a7ccd658cc237dfb:4a11bc5e51f52d29f9a62ea0006f6ef4e4921a363e446388829d022e22f344507884a76cbae44df77821845a889903df]
[2026-09-09 12:39:51.944] [debug] [api] [api] event=did.callback status=ignored reason=local_did_not_open screen=temperature
[2026-09-09 12:39:51.960] [info]  [HASTE DB Save] Settings category "inventory" has been updated and saved to SQLite successfully.
[2026-09-09 12:39:51.963] [info]  [HASTE DB Save] Settings category "inventory" has been updated and saved to SQLite successfully.
[2026-09-09 12:39:51.966] [info]  [HASTE DB Save] Settings category "inventory" has been updated and saved to SQLite successfully.
[2026-09-09 12:39:51.968] [info]  [HASTE DB Save] Settings category "inventory" has been updated and saved to SQLite successfully.
[2026-09-09 12:39:51.972] [debug] [api] [HASTE Theme Sync] Applied local UI theme: isDark=false
[2026-09-09 12:39:51.975] [debug] [api] [api] event=did.callback status=started target=local screen=main
[2026-09-09 12:39:51.978] [info]  [app] event=app.startup status=success message="subscriptions registered"
[2026-09-09 12:39:51.979] [debug] [task] [SYS:OP_601] STAT:200 [H:HASTE_ENC:b89bdc6724573bf18c6e2003:e1718db93609a9fcac893b1445bdd908:0fa74c87ac01faae7078983008ee2383cdc73e88b245e007c32f1c02d14ba270cdcde4beb8e8a0f293ce3008d93a27bfafcbca7cc8756fbd98c183ad50d6e12955fd8fac3548677563603e298254a362e1d4b88c1584865c31b6d35799ba43d3f3ee22d628213bfaf8846061c2b47e]
[2026-09-09 12:39:51.984] [info]  [HASTE Foamer Schedule] No foamer history today (fresh install / daily first boot). Triggering initial rinse in 5s!
[2026-09-09 12:39:51.988] [debug] [task] [SYS:OP_601] STAT:200 [H:HASTE_ENC:9ba9b820bce2dc810dbcc251:e778c0498abe0f7a6843cb72f6b080d8:a13d16fa96e2b491ae0403b68e24b2bc8608757fb3a911c7bca747a6a139388e4d32bb8576f8e29b1536860e0c00387690d766ee1c0fe28e9c737e3c99caecc1930605100890b3489284d44226e6adc95ed8a05ca3397eaa86918f39b0d220e01ef427566ade89]
[2026-09-09 12:39:51.992] [debug] [task] [SYS:OP_601] STAT:200 [H:HASTE_ENC:255266f400483d9de4c35cc4:b1cd0ef0bb1ef175549d318f4b1013cd:42d10306579e033e7da1060fdcf85348e270da4ad2fdf1eeb4cf56f9fba1a2758b8ae257bf819331ebc033cb79988d9981592baa76433c55928dbf17adc9b73c1f73f0df3a0f56ca2fe919bbba59c5066a7432f87c24af9d739bf25141634ccd1b7bde38c0b99f44]
[2026-09-09 12:39:51.995] [debug] [task] [SYS:OP_601] STAT:200 [H:HASTE_ENC:bcece7122a11eef1fa95e03f:05d7e20f3a3805b9b9cf4aced0959f15:9bdc0e6ba64c4ea01289e5f78562e04388970103273599b6a156803679f169487d9c6a3ef873a140b1d0151aa875e62df80711ee7f85601d12fe75634365ed12e1b3547d9d6225d86b1e49dac820357611122dfa85a194d5a84afaf5dc4b279122880d63976a6170db320eeb]
[2026-09-09 12:39:51.999] [debug] [task] [SYS:OP_601] STAT:200 [H:HASTE_ENC:8cb6cffc68252e3249caaabc:972e3a8971cf243b8cf93732fa8a0dbf:655e258ec309beff0eff8f1db5151ca0aec442e7ea36660b5e28126919bec279abbe60139e44dac071ee04d0c28296c29f37b27163f03bd3a447bbe7b12faa8e59bb6ecba6eea9789e46a0d8c3aebc74c5a6ccc1d514d558c02f7d771cf284579c546fbc27e9123275ff]
[2026-09-09 12:39:52.004] [debug] [task] [SYS:OP_601] STAT:200 [H:HASTE_ENC:c0ef8364e1542b1a01a1251c:173dcf2edc5d82c4865d247728d4baac:acfe5d712d5f132015835a03f299869a7caa1cdd77517add06bf0e68c141bb74ce4276f54b2a936ba6a82dd8acd092a1112ea6ca16a0135f11ad9a10a7bef9a2a8e5b7734a67004ff518514977d40a7ed30961a71f01ff3fa974fd16c6c8d71823aa23cf6ccb589008]
[2026-09-09 12:39:52.007] [debug] [app] event=scheduler.change status=success routine=license.verify intervalSec=86400
[2026-09-09 12:39:52.008] [info]  [app] event=app.startup status=success message="schedulers registered"
[2026-09-09 12:39:52.010] [info]  [HASTE Guard] enableHasteAgent is false (OFF). Skipping agent bot launch.
[2026-09-09 12:39:52.011] [info]  [HASTE Official Auto-Updater] Initialized background auto-updater (Target hotpatches & Official releases).
[2026-09-09 12:39:52.032] [debug] [api] [HASTE DevTools Sync] Current window DevTools opened state: false, Target state: false
[2026-09-09 12:39:52.088] [debug] [coffee] [SYS:OP_402] STAT:200 [H:HASTE_ENC:8737e57d989fc62f1d86b5cc:2dc24deaae578e90d1cc2703d9665883:fa28b980728c50640302186fa51edea4c000db46ea20965e7efbc55d70b5397e0cd0f3735532aa6ebda15e7f1b94459fe7326225dc51ea3b2667cba35f4ae91a0a6dbbabe4af27bad99c1d59819ec1ac7f794c5995af8c588c2f9f31380d6157e424355610e25bf03275c52f621c5c03b37fa7f5d309]
[2026-09-09 12:39:52.422] [info]  [HASTE DB Save] Settings category "information" has been updated and saved to SQLite successfully.
[2026-09-09 12:39:52.432] [debug] [api] [HASTE Theme Sync] Applied local UI theme: isDark=false
[2026-09-09 12:39:52.446] [info]  [HASTE DB Save] Settings category "information" has been updated and saved to SQLite successfully.
[2026-09-09 12:39:52.459] [info]  [app] event=license.verify status=success state=approved storeId=010-7477-9363
[2026-09-09 12:39:52.462] [error] [task] [SYS:OP_601] STAT:200 [H:HASTE_ENC:3d687e12d381545c6a4c693f:80697250631ed8e74875770204c6700f:8116a35a65164ef33231c456d2601e131756f5939940fc66c9a68a2764f66c89a621235b50d3ef5933df323f25d1439b9987dacabd0bbeae0eab07dd43fec11468bdd7d52abbdb961a0a1bbc16f84fcb3a7a17d3f0fe0c335b3495f6021666ab]
[2026-09-09 12:39:52.495] [debug] [api] [HASTE DevTools Sync] Current window DevTools opened state: false, Target state: false
[2026-09-09 12:39:52.754] [info]  [task] [SYS:OP_601] STAT:200 [H:HASTE_ENC:5fea8b3dc9dfd49d32372a07:30dedaa2e7ae3c0438867e42092955cb:ca4c75e6aba4a0136216449c66b7c7020763ac2c6575680429eb55fcba7cfef13fd5d74e38fde44d0eb9eac66319a5cc37144d4a0bada2769afb89248617626adc87ba23f184438fdd91cc5f17ac94282b24f050368d54524179fe87cf67a0049dd46f9eb817356c69b1c40b4715]
[2026-09-09 12:39:54.014] [info]  [HASTE Startup Auto-Rescue] Serialport incomplete after boot. Executing 1-shot automatic refresh reconnection...
[2026-09-09 12:39:54.016] [info]  [serialport] [serialport] event=serialport.connect status=started scope=all
[2026-09-09 12:39:54.025] [error] [serialport] [serialport] event=serialport.error status=failed reason=port_error boardName=board1 port=COM6 message="Opening COM6: File not found"
[2026-09-09 12:39:54.028] [error] [serialport] [serialport] event=serialport.error status=failed reason=port_error boardName=board2 port=COM7 message="Opening COM7: File not found"
[2026-09-09 12:39:55.641] [debug] [task] [SYS:OP_601] STAT:200 [H:HASTE_ENC:5905fab11f13f5b797f22322:67bbd4858c3da3416a919bddf2588d00:66c36b2212d4c10d1488d65a69bee8ac3e779842c860a4eb6de1c78f2a536c582a4a3bd8a7093c8439b5df6f144f10b37da37dde172f2f2c0d04bae272c9f5cdf062d036b172cb3bc9f69c99049aebad78f16182d7fbd8f4bc6e3a336b98760d94828e34640b871bd5ff08f78d9beed687626776855ea738a2a42ec6f1f9f488d4deaed73b3ee1259cd5b891ed874476c147d0dc4deb206bf0f556a03d58]
[2026-09-09 12:39:55.724] [debug] [task] [SYS:OP_601] STAT:200 [H:HASTE_ENC:c9df2dd9949a308212895a62:62bdff26426337da08f9a082cb091e6a:0c3c960a1605ff911338543847eb605379f98313fbeb36954799a5e54e97461cd0a420abf6518210631a42ea8ff6a0ccf8f907b6244364105b911184245bc5f55202efde11b05b08672f16176d894ff412eef5f744ced9fb57ef918e3807c72f0ff327528611db8084542614ca4b59cf03]
[2026-09-09 12:39:55.731] [info]  [HASTE Auto-DID] Successfully auto-launched dual DIDs for approved store "010-7477-9363"!
[2026-09-09 12:39:56.943] [info]  [coffee] [SYS:OP_402] STAT:200 [H:HASTE_ENC:40a3d77fdcea5cd71c186147:ae9b8a05343a6743fc4478312556fb91:23e1a551a1433747293431df9c03787d81c12f8bf69b698214a9fbaf5134103eb5230c11b65e52cb85fd0330a38c7b755ac2cc28256291327191177122b4d18a81a8cc551905cbf8a1b08787df616227fe17c2861eb24afcf3fbbde58d365f]
[2026-09-09 12:39:56.954] [error] [coffee] [SYS:OP_402] STAT:200 [H:HASTE_ENC:44a3d961f5fa0abb82048d50:9e8835c90f9fb48a04aafb518c41b0d7:5f303c65da69cb38d136fc3b87982fc27759207355b9c061483417457d1ce84a476f92471618cdf88736b91de086fceed2242a1fb8de21e1e1d47880c60acedac074db10891d066842f912aed374a7efc5ffcd88ccad7ad247d4e5ce142ec01f9bc46747085919dd2c3a48fdeb8fa752dbd7bc878e7697eb9231e90a192033a59500a4d21d25fd453e8850c18925f55d1bbd07916e71dce7e4686d58f9a4ef4c4cba2fd7da34860c460953aec064e5fb94b18fee14b88d4c87269d049b]
[2026-09-09 12:39:56.962] [error] [coffee] [SYS:OP_402] STAT:200 [H:HASTE_ENC:fa94cf4982c829ffbef527e4:695cc1831eec1deccee7c12ff6bc3aae:45d795e89fb506b2fa60b04d51e467463e6011dd1e557acb8ae41290e94eb44067df1319b13660253b4fac73be2a5eef0ac97bd54a9ec7b10a0ed0002fccb8485ca454cbd785b91ff6fe8e5f00646480dcfb33611a534ea98a8126ae6b6c79219c371cf971d0e80aa46959edaccdf083132de59efa640b6cdc98a0d70f18a34b75b918a4d92d4b825652bb]
[2026-09-09 12:39:57.110] [debug] [coffee] [SYS:OP_402] STAT:200 [H:HASTE_ENC:d4d67e5544f040630cb95354:2d36f6f915fedfd8716ad51012f93521:773b3483f7dadd666a2f9eee08078f5bd972a3a0ac3afd9e5f42b584632238a1a0712961405799cc50922f56580142093b1c6f053ac720792f5d76b8c768dcbd3995be2c91578185f6d32d89f4c9d86d59a89b269bcc125c711241d63acb3ec59bbea17b9bcb617bd778df03e90247750bd140bb6b3a]
[2026-09-09 12:40:02.123] [error] [coffee] [SYS:OP_402] STAT:200 [H:HASTE_ENC:f212e1e95fe263019ea52f7b:d721007c02763328cba71a98ba51f81f:eb7daf8d3bcb821155ee0662571bd0e59d60187a196ff60c8f4c384dfb82495f8f448fe83d2b5934c04e41cb1462b1d4c85b5ca17d56ceac45fec8769888ff16d14626fcd7a74922a0cd5ae2773884f5de928ff3b2ea2dce917649fba872b968641b06e1c2daa6608962b576a844d2ba75e78f6bd82a04890a1682b278c61f1f1b05439ad9375c2d45]
[2026-09-09 12:40:02.130] [error] [coffee] [SYS:OP_402] STAT:200 [H:HASTE_ENC:c335cf0690ea0506f0c480e8:fc36b48f1186b27ad3724523cc8518dd:a4365f34ac7cecd0bf184f909f708cf83906ceb5bda1c5ddd14d3fb7a3a9561f263ca50a704870ecc047720a0bc25759c5fbe4f982e41f634d74988e8bd57b4845410149441e3884d6ab116eff081ba74ed71be8ccdacfd6811d516b86a4f1a888a7150602872a14a2c28f7bbd4b380b42b646e0fc22862a58ea081c0bf25c9a3e1dffa15ef19e2feba956]
[2026-09-09 12:40:02.134] [error] [coffee] [SYS:OP_402] STAT:200 [H:HASTE_ENC:fc53fe3f856593235027d4b8:0d1448078dbe19388c84fd0eee98a1af:12408ca1233a6df54a8ccf62729b424a5f1bfa4fed7191a767803b7350b2e073ef3c57852de12b3f52ddd83f11415ff8170cf38c21c1d0ff6f3f48d5c7b49cbef38314ee95e53ea9915d5611d6ee7b0f6e069d6ec02baed4aeffca91ca290fe86a789f48331f2d672fd408f146d56283515a3a589b70e65bb80551b4c3e5435c46f5a03c3ad31dd66a4d2a81a287c165aaacb9a0a20f244e423e136efdc49a5704c376a1ad884909459fde676788b5a833fa6a1f8d1396b0a569660f43]
[2026-09-09 12:40:06.956] [info]  [coffee] [SYS:OP_402] STAT:200 [H:HASTE_ENC:cc05837a3708b66a910f43f8:71b1c5f4b8286c9b4ca684fb1b4c0359:19b3f9a4cb6612c386596b86511551134009de148fd136f3753c2eab69274c6339b05d71fb92e59f50f4a636af60c34629b74ea3e1a5b4402fd11818a54dd3239aa07f00d01868e080e0436e1d054da50311a4e6cb816010198cadad73cb53]
[2026-09-09 12:40:07.122] [debug] [coffee] [SYS:OP_402] STAT:200 [H:HASTE_ENC:54de997382ed3ba9ca0cc6a5:d8c55663a595ec85d4c47f9cee326aad:7cb24a922157e4cc923715dbd1d8ca9b6307857cdc47cb58fcbcf38598a8f2eeab84b50ffc21f9084ddb35345e9ee984f55a2b4b19dfba2e0736a6d4f114b922c06844586b7f7980032d0c663b9f7f332dbe1944f3c3ee854bc26b49ba5c671b0e72055ec5b7c6bb66e70d2a15542d4586a9b6a41e09]
[2026-09-09 12:40:10.051] [info]  [HASTE DB Save] Settings category "information" has been updated and saved to SQLite successfully.
[2026-09-09 12:40:10.053] [error] [task] [SYS:OP_601] STAT:200 [H:HASTE_ENC:b67d94281ab8bca80b98a802:c090eb7448b9eaae8c38544fb615e77b:3ece38e25f33bb64aeab95d3466569735bb8988e49efdbb03b20865a5429b0f44737b4a26fb7a3ecacbd635fc32a1c1be63c43a9fce26ac5fcc0edd09681d081f04e62dc0d52edad411fbe4cca6c466fc306d537eea19a503ac6d1c98c3f671c]
[2026-09-09 12:40:10.059] [info]  [HASTE DB Save] Settings category "information" has been updated and saved to SQLite successfully.
[2026-09-09 12:40:10.062] [debug] [api] [api] event=settings.change status=success port=8080 posStoreNo=010-1234-5678 deviceModelId=D0000
[2026-09-09 12:40:10.070] [debug] [api] [HASTE Theme Sync] Applied local UI theme: isDark=false
[2026-09-09 12:40:10.074] [info]  [HASTE DB Save] Settings category "information" has been updated and saved to SQLite successfully.
[2026-09-09 12:40:10.081] [debug] [api] [HASTE Theme Sync] Applied local UI theme: isDark=false
[2026-09-09 12:40:10.095] [info]  [HASTE DB Save] Settings category "information" has been updated and saved to SQLite successfully.
[2026-09-09 12:40:10.101] [info]  [task] [SYS:OP_601] STAT:200 [H:HASTE_ENC:f36575be153aee772e4c4b20:6912e842fc85063ac1ba74c3bc86dff6:f01ba281287b30d6823bdca5f131c3c1ac10dc9a4c314e07b40b803b45f5906ebd55ba9fa76c5337214a12304dbde52f3721fd647a028146d62e9236626321b335783252dc6d526d3fca035744374e51bd4a3f5ed07f6204f2f34b404d413d980711]
[2026-09-09 12:40:10.155] [info]  [task] [SYS:OP_601] STAT:200 [H:HASTE_ENC:480ed3fc74249e9cf7045631:97911fbdf0d79de5b398f118dc0f5c13:58c93c7adf1ce836829ac8925f3966523cc025c1297a278c925a0c5aced69b7c53f05c3de545029ab310805999bb3ef8b4a45d77c69d25f7744c0088e36dcdfe30941704cee40a9c108b49ddba07987b98f934]
[2026-09-09 12:40:10.159] [info]  [task] [SYS:OP_601] STAT:200 [H:HASTE_ENC:0624822b1f62021f9d440ad4:aa00610060f23b72fd1ecf750ebf4496:dd43006478eb6490cc19be174527e51d8606b4f2140d6fc70348e3fd9f4d3981a80aa496c418753220a49e880530e3fec4161a50ec126300797a879823303544ea76cdf225e5152a75c844f39bd3ce9ecf154a28792c0fd82c378e0c06e38f513aaa68e482646b98bd6658245760943f11591d8ef548f57bb2]
[2026-09-09 12:40:10.178] [debug] [api] [HASTE DevTools Sync] Current window DevTools opened state: false, Target state: false
[2026-09-09 12:40:10.182] [debug] [api] [HASTE DevTools Sync] Current window DevTools opened state: false, Target state: false
[2026-09-09 12:40:10.290] [info]  [task] [SYS:OP_601] STAT:200 [H:HASTE_ENC:d4ce9e6c8c5d38162ee83601:d9caa28032f1a89365853ed19999c898:71a57b4f74824bb006659a205b3aeaa157daff01666698a4d6fcfabe77de1800e2632752047621be4aa90df4e9b1b24094225f0ed95a86cf1c32e046816578adc1ecdd4b3f]
[2026-09-09 12:40:19.700] [info]  [HASTE DB Load] Loaded settings from SQLite database successfully. StoreName: "김포집", StoreNo: "010-1234-5678", ThemeMode: "Light", isKioskDryRun: "false"
[2026-09-09 12:40:46.892] [info]  [HASTE DB Load] Loaded settings from SQLite database successfully. StoreName: "김포집", StoreNo: "010-1234-5678", ThemeMode: "Light", isKioskDryRun: "false"
[2026-09-09 12:40:47.947] [info]  [app] event=app.startup status=started appVersion=3.3.1r247 packaged=false
[2026-09-09 12:40:48.059] [info]  [app] event=app.window status=success
[2026-09-09 12:40:48.175] [info]  [app] event=app.tray status=success
[2026-09-09 12:40:48.176] [info]  [app] event=updater.check status=ignored reason=store_managed_distribution
[2026-09-09 12:40:48.183] [info]  [app] event=app.ipc status=success
[2026-09-09 12:40:48.225] [info]  [app] event=task.start status=success
[2026-09-09 12:40:48.228] [debug] [api] [api] event=settings.change status=success port=8080 posStoreNo=010-1234-5678 deviceModelId=D0000
[2026-09-09 12:40:48.233] [info]  [api] [HASTE] Found SSL Certificates at: C:\Users\김성규\Desktop\HASTE-AI\src\cafehaste-client\src\lilly-electron\resources
[2026-09-09 12:40:48.237] [info]  [api] [HASTE] Started HTTP Hono Server on port 8080 (Toss Place HTTP Mode).
[2026-09-09 12:40:48.240] [info]  [api] [HASTE] Started HTTPS Hono Server on port 8443 (Toss Kiosk Mode).
[2026-09-09 12:40:48.242] [debug] [api] [api] event=api.server status=success port=8080 host=0.0.0.0
[2026-09-09 12:40:48.245] [debug] [coffee] [SYS:OP_402] STAT:200 [H:HASTE_ENC:723abce9984593b4caa63250:28cafd19908dd526d83b621992902189:d8b51c2959ca34fa04ddbc1203b638a91592ee77978244aeadba8f13c94ed16881b7918c279c180d911e4d91c8d62621b687b2fca87a7ad0648339d6797308c0d2b15fed285858a44947d9954ccb48d78addbb6e]
[2026-09-09 12:40:48.264] [debug] [coffee] [SYS:OP_402] STAT:200 [H:HASTE_ENC:042114d3b466af40d0e8493f:e03d83267e326b648be7a258356e2958:b5d979ee05cf65606d316918cad5be344a31b13e99184112a6eeabd3b8fb3d41d85edb88279fb124c0c9cbc55bad360d]
[2026-09-09 12:40:48.271] [debug] [api] [api] event=did.callback status=ignored reason=local_did_not_open screen=temperature
[2026-09-09 12:40:48.284] [info]  [HASTE DB Save] Settings category "inventory" has been updated and saved to SQLite successfully.
[2026-09-09 12:40:48.293] [info]  [HASTE DB Save] Settings category "inventory" has been updated and saved to SQLite successfully.
[2026-09-09 12:40:48.300] [info]  [HASTE DB Save] Settings category "inventory" has been updated and saved to SQLite successfully.
[2026-09-09 12:40:48.308] [info]  [HASTE DB Save] Settings category "inventory" has been updated and saved to SQLite successfully.
[2026-09-09 12:40:48.313] [debug] [api] [HASTE Theme Sync] Applied local UI theme: isDark=false
[2026-09-09 12:40:48.317] [debug] [api] [api] event=did.callback status=started target=local screen=main
[2026-09-09 12:40:48.324] [info]  [app] event=app.startup status=success message="subscriptions registered"
[2026-09-09 12:40:48.327] [debug] [task] [SYS:OP_601] STAT:200 [H:HASTE_ENC:9b632a24afb84206736c0f31:c8f3fd44271b559d2a02ff055e594acd:fa0ae1eae4adbc6872149829ccdcfcbae140e1a9c86cae9a3892de6c519656ba7e7f3512e56cc91e01445d49ee7a3dee53eb1563f3ee050943f5ad3a9e1161ff13102c2028d188f3984314dc01bf649f663f79f031e9a6e51e4e01ff055d08387fccc8edd97864fdaaed254e4a5798]
[2026-09-09 12:40:48.338] [info]  [HASTE Foamer Schedule] No foamer history today (fresh install / daily first boot). Triggering initial rinse in 5s!
[2026-09-09 12:40:48.345] [debug] [task] [SYS:OP_601] STAT:200 [H:HASTE_ENC:06036b8fbe8506a2713772cd:2a4bd91cbbdb48780723bb53c492f265:6387bb00624f162effcd54296f4829fcac0add8c6a27c4c9edf611be0e2988e698ef3498ec3ca46e56c163358031742dcf108b15874c736698c0c611c19878b619bcbe609ad96b87aef053188b3d52745aaa0aadb3f96a24c61baffc53979645ff86b5ea432a0d]
[2026-09-09 12:40:48.349] [debug] [task] [SYS:OP_601] STAT:200 [H:HASTE_ENC:3fa1b6585e8dcf16069ca103:94241b3e76182552d97466cca49a2f51:70bf589fbcd7c704fc62257e885fe42064da7a326f398153996672f07f57931c6ba437dbcff8aa46f391dfb72699c71e7f430a5d2cde6893567ef39c4c61f8b7c5059edfb28665fd1f1ee3dfd2601eb9bb8e3de894e5f39b955b8cd0ccdb6ec52615c310d2d25785]
[2026-09-09 12:40:48.363] [debug] [task] [SYS:OP_601] STAT:200 [H:HASTE_ENC:d99d18bcd6baa291d69de380:6e0be2854d3fb5efcd58dd05d562a28c:60f4c35fb7a610192b988f5ce68d261069992a2a4322388d367dbfc789d0643d5a59d4791ac4908dcddebb2f4a786f22164d7bfe0fa35ee345a95a471b022f102a2117eab76c320ed51c3af50e9e6da4a5e454a9bdbe1a1838c9df68b635438ea7822c2119c296290f6dfe27]
[2026-09-09 12:40:48.368] [debug] [task] [SYS:OP_601] STAT:200 [H:HASTE_ENC:c6e6a9ea7a48139f9b8d0dc5:1e0acde4f3d710ebc0f7937eaa694a03:dc7d6c0544437a83731f1595532dfd3b1c3fa2943179c2342f99d137d9982d646082276d1a376278e4c583fff259e5eaeeeda9f452dddc7d7fc660fdec4202d981aafd0f09e148ed8f036ffd8bce670d8c3ec988d3f8a14740f4f4f6460b221ba414ae5c9d35354949c6]
[2026-09-09 12:40:48.373] [debug] [task] [SYS:OP_601] STAT:200 [H:HASTE_ENC:50843282ff267432aabf4611:84d0d3d99bf157267faeadc1dc77d98a:9566869b499d66bab2e1c79ed95bb156851b77211fa23d1e60af38f6c6b4b0db76fba05ed82da40897dc80da1bb6104a0df0b70563455fa555d181e333665a563027e4145f8602a2720f5f5a87550ab84baa66fa9ec7233b90539af8696a18356e3f45a199688486f5]
[2026-09-09 12:40:48.378] [debug] [app] event=scheduler.change status=success routine=license.verify intervalSec=86400
[2026-09-09 12:40:48.380] [info]  [app] event=app.startup status=success message="schedulers registered"
[2026-09-09 12:40:48.394] [info]  [HASTE Guard] enableHasteAgent is false (OFF). Skipping agent bot launch.
[2026-09-09 12:40:48.396] [info]  [HASTE Official Auto-Updater] Initialized background auto-updater (Target hotpatches & Official releases).
[2026-09-09 12:40:48.424] [debug] [api] [HASTE DevTools Sync] Current window DevTools opened state: false, Target state: false
[2026-09-09 12:40:48.428] [debug] [coffee] [SYS:OP_402] STAT:200 [H:HASTE_ENC:1b0d83b2b63b1d81442579d8:e541f094968222ff1973750326a52d89:4c24c20cc746feed309d45ea8ab23b6030bf0f09ee8d7301945c2975199b7dc8e8512d34e58218f5ddba0fb9dfd1a107c581470b7224ae3213499f6d49f8c07ebe91423e66b3bbfb6384f46fee222f53fecb467084526881e80e975004d2f489a97c24129c80d52adf1ce585e534b2031e5aedd49653]
[2026-09-09 12:40:48.741] [debug] [api] [api] event=settings.change status=success port=8080 posStoreNo=010-7477-9363 deviceModelId=D0000
[2026-09-09 12:40:48.747] [debug] [api] [HASTE Theme Sync] Applied local UI theme: isDark=false
[2026-09-09 12:40:48.759] [info]  [HASTE DB Save] Settings category "information" has been updated and saved to SQLite successfully.
[2026-09-09 12:40:48.766] [info]  [app] event=license.verify status=success state=approved storeId=010-7477-9363
[2026-09-09 12:40:48.768] [error] [task] [SYS:OP_601] STAT:200 [H:HASTE_ENC:65635390264c9118fc6644f2:50e5b2711aa1ddfd8922cea39f8dd31e:e08c671d6c86d6f19a89817b13b0bd662d5d1561ff3348995e37c4c76fe36f9bb767a620d3b6c689032a5c3a141b1fae06b7f08a9da4e2bf32c61a894b2303b7a3eac54264448823f81bb094d49605aba39eddfbb069032e15f2eee96f275d34]
[2026-09-09 12:40:48.778] [info]  [HASTE DB Save] Settings category "information" has been updated and saved to SQLite successfully.
[2026-09-09 12:40:48.807] [debug] [api] [HASTE DevTools Sync] Current window DevTools opened state: false, Target state: false
[2026-09-09 12:40:49.240] [info]  [task] [SYS:OP_601] STAT:200 [H:HASTE_ENC:d257a4cf378e44f0d96d44a6:24576fca46b68e7fc9ce738d805f1890:d3f2f57032f4a49690acf6c622c5a7f9f966b3918e2727847aabe9a6992c66588385f62133f3a5844fac6790b5157ebff0bfd6a6b7cdb3aae6d33f9abf093c99d7b43c607c71e4c450fb59e2f0c1c17e6302df3493336872eeed551a48158a6fe535a7d25f5a5ff38b2bfbb53c03]
[2026-09-09 12:40:50.407] [info]  [HASTE Startup Auto-Rescue] Serialport incomplete after boot. Executing 1-shot automatic refresh reconnection...
[2026-09-09 12:40:50.409] [info]  [serialport] [serialport] event=serialport.connect status=started scope=all
[2026-09-09 12:40:50.417] [error] [serialport] [serialport] event=serialport.error status=failed reason=port_error boardName=board1 port=COM6 message="Opening COM6: File not found"
[2026-09-09 12:40:50.419] [error] [serialport] [serialport] event=serialport.error status=failed reason=port_error boardName=board2 port=COM7 message="Opening COM7: File not found"
[2026-09-09 12:40:52.031] [debug] [task] [SYS:OP_601] STAT:200 [H:HASTE_ENC:e2e77f50a6d6e97ae04161f4:2c85c296ddf3b9c16b9af2fa852b831d:d0185f9d4d386753c2b85249f94dd21a9bec473d6f98f2802cdd9aee2c6fe25cac0ba3dd26c6e625009121629233108bd839b16550b413ceb8c895c98a8f965056cfd7d2b2445ea5e7ac52145e393debd5a315a73b6882593e853791dab7412caa20d4fb9570597e137b30e104c472819968e062dc61e14b72167cf880f504fa1bc8ed6655181bc14cb61659eef2413d3866439034a0d513230e90ef7943]
[2026-09-09 12:40:52.164] [debug] [task] [SYS:OP_601] STAT:200 [H:HASTE_ENC:f00fc0be476523470b1ec166:08be81b220dc6c681341f3b96f05c5f2:b9fb7d01d8635d1eb970183d83e69416d07a43c9c8c991721aa7a80bbf366be222f0e7649949f180a40a23317ce6b4a3df2e2a515ace98ce77f66923d6a37d9b266e07515a6121e09fbe4e52370b177698cadcd1778466b9111279876cdcb310773856f058195f37d9bcdf949f4cdf862e]
[2026-09-09 12:40:52.177] [info]  [HASTE Auto-DID] Successfully auto-launched dual DIDs for approved store "010-7477-9363"!
[2026-09-09 12:40:53.266] [info]  [coffee] [SYS:OP_402] STAT:200 [H:HASTE_ENC:d6fe836d916708162620bd1e:b9998869a13fa87982ae547e4fc5fe7a:423b52331357b053927352698799e6cd97b0795117064969892ddfd5ea2c9e74f8932a67cf14deee96770b04844e4a6928a0128a0a1c0e5033de5a36274546f916f377f945523ca94c11fa8700b53756c4570d043ab3521a22397afe2f8105]
[2026-09-09 12:40:53.281] [error] [coffee] [SYS:OP_402] STAT:200 [H:HASTE_ENC:43fd297d141014fc59f084cc:f6757d6fed69dcb70ec9405d3df204bb:4aba4dfb2e05c42cbb56f8cce62407a939c231b8f0a3220659251740802c400681572df7f8912dcb15a7b746c36bebca86a934d0f7e3c3d495ffb47fa086667c61cdee6b4f3b8036911a6c66c0be13dcf5dd1badb1b073a40522df22e3bcffb524e685aeddf67816a96180dbf56d3cd35dfadfe92914132b8de95d1eb0ff7714958cea22381b4c00e0ac21ea927e015e300a51b2cdd7224b6fde0c7f75ecd8806af405f4835310dc93a888a060577010a47a7a5cc422c87403ee0e3a84]
[2026-09-09 12:40:53.294] [error] [coffee] [SYS:OP_402] STAT:200 [H:HASTE_ENC:3f1f501e926865de496bb1f9:5f161e38f80d0a30f62e1fda58ed7ff6:84299e7a71244ef18fb92386c72c8896bd646d51dca8c6fea902b12b55d276aa1d611aece2a3d322162ef7d37f0fb92642a9ac53ab8bd26bf37e718d61a3fcc59cdecde4775916d7e866009e99b611d4626ab251e281aed41c368373d0659344cc04488c7a595a8902e94dea5c4c1c9fb4897bd208e2580e832ddc8c699916f947d79b219af8308e680dcb]
[2026-09-09 12:40:53.433] [debug] [coffee] [SYS:OP_402] STAT:200 [H:HASTE_ENC:7244e1e2306b44419aa7c651:46c145cee5cabb1f698e1078764f14d6:ca7fde736d5d6edc76d6baaf39e3335b7043fa636b63d527a1f9c0c5e12b8005f19808e7d82198b89daabfb32cf201d12339ae532fe53f385383f8cc063a209cb9f35a39914f78c03490c7f830864209af3719d326333cd5fc65adec4815f1131746953736c087a372d75e59765d5a2277de9022a90a]
[2026-09-09 12:40:58.450] [error] [coffee] [SYS:OP_402] STAT:200 [H:HASTE_ENC:80ddd24d3e59fbb906ffb6fe:57f8f83bea25392cc5b244101fbf5d5d:e425704ef7c63bbca12fa442fa265569d25ce316ff7839ec706e60badd20255ec4767592811422b8cc16182b89b375ddd114a12f33f102ef9cac1add4a468425c0211b29ad307b6385b55fb3f378ae0213b8c7206e89bea7e3ec7fd233817ca47a70327770a255c54571b60e6ac02529bd82d063c300307f7c2aa9ff90299e18389dbc58de49cfda2b]
[2026-09-09 12:40:58.462] [error] [coffee] [SYS:OP_402] STAT:200 [H:HASTE_ENC:a5c9a8f9cefba3e47a6b67e6:103eb70bdcfb08c0831205401411d5bd:29404af91e235e526c441e00d0844e2b573df1f13031f9981737049ceb50532b245e553d5f3c7f4d1651c22362498d783970a25fc633fc97e10055cf5442e2c0836e75985fe611ab69933ca5386160e0532345f4f47f6c765f14358fe04e7f7b5d6144329a5f6ecfe27826f46ad13d84e2a2d4555269b6505fc05a7c72f2cfa6a7fac18cf360784c173070]
[2026-09-09 12:40:58.474] [error] [coffee] [SYS:OP_402] STAT:200 [H:HASTE_ENC:2985072150447dd152f14b44:6fe4079462ef3272f9435a970a0e2c4b:552884e85aaecb370d70c4f3c57f642b23fa95fa72dd4b2211a14ddfb948110d2e6ce13879fec90e3d8e1339b3b99161bf6ea2f120f4b20729b3d3206defccde25dc31cdc42c0a1f249dbbeab5bcbf25d5967384c32109e36d12ee795861c43310dae756ef15f770b59e308b9210b4e8921ed5d3747304ce9d42d3f77cd1fad60d174d591ad736eb46d3ac4085e80b0f38781f2765600aa5a57f75fdec7e6774b502244e6bead77046ad158736d05d441837ab71e756c99460712102ad]
[2026-09-09 12:41:03.274] [info]  [coffee] [SYS:OP_402] STAT:200 [H:HASTE_ENC:1c6a7753144984d8ecd36fe6:ef18955632a4f5f88c6cdaf4b36eb1e4:209f9c3bf16251a6f7ea848a5c38be2bfcf87a62bb167e2148fd7a4354950fbcfd19f2841fd0274459b2dae8f889eb73aad0469cb6e0554a8c756ec5904682f8a1d3da38c38d9f088319c94de01da74f07c0d0e638be49d0288d6c341dc3c7]
[2026-09-09 12:41:03.803] [debug] [coffee] [SYS:OP_402] STAT:200 [H:HASTE_ENC:217b903212f30acbbcdfc902:1558dffa62989dc2b02473cffd0220a9:50f6b490646915c6212df02beb82cc191e74e1be6478aa0fa301d5ce1e74dd119d32572101446adc7c42c2cc43c9f87be652bbc9bb72e6dba3bb19284bfe0f95f9b361e81f9b5dfed650ef651c028efeafc7593ac571bdcc14447e1b4c32e2fd94f41202efeb92e8998dbc992a2adb46e80ed2e0c5e2]
[2026-09-09 12:41:08.819] [error] [coffee] [SYS:OP_402] STAT:200 [H:HASTE_ENC:09c173862dec7115ca2121da:fd7826ad788a0dbc8fe63d69085acef0:ba8666f6ce426e5ef987751f42edafbdab2a9b6abb32ee9fe2290d11cd09ae91839c912c8507905c0077688c377795b1848a484b91a85be5ba3491a3abcebd88ca18d799f0f668986a84b260967b891e87fbfbfd504d0cd27fbcbfdfb1ddabcfd396022aca6d49f01b32482c4fb861934d2d161c9cbe6e39a16346e06edd037aed59c402cce889fb5d]
[2026-09-09 12:41:08.825] [error] [coffee] [SYS:OP_402] STAT:200 [H:HASTE_ENC:d4a3ecf04f22b8154daac4eb:6a5c6155b95539794d672de349cb0062:7990f8107bd43d8e643f856e4cdb557faa2fc30f88d94ace6927f5af7eaa6527a5cc3a062c1d48f0f7fced63fc2f8162652406f584b927e684f2260e2c3430d47f69bf77b72d00ebb9fdffb6292a43a282437b3507973de602c9d28c3e6cdd71a73daa0c86dd3f9bcd72b564f4230961f1a49b6b9a550d3da0296adc54f1693e3b1665931380690b7163a4]
[2026-09-09 12:41:08.828] [error] [coffee] [SYS:OP_402] STAT:200 [H:HASTE_ENC:0166c3bdf862f160d6ad9074:87cf68921a213ce95017c56f0c0855e8:9479aa4656d90d27663b150a3a061b7dfe6bb2307363ba3fad4238cf5eb3fca2da9dd4a7199d2fe27c96b7f6b4c82fe9e543cb4a797ca110d2639c6a8034db921dedadba54f7d2cc32c61c1721f4c05c6f175d5c707ee029ae81e1dab462f46f51da71c2b89e585efac6b9ae0b49737ec606f471a385fd69ce8f64beae0fd9a1d7eb6e14d8388af84fc41c530d88c9a5b03bc745d7056f753702553453c4b6c53a0a3fe03cbbe4f5c679475dc868290ab8445641cc1d06e20c314073a4]
[2026-09-09 12:41:13.284] [info]  [coffee] [SYS:OP_402] STAT:200 [H:HASTE_ENC:28798a3cadf0a4988b6e7a6f:d5b9eb442931adfe1bf62e4e5483be7a:8f787a04ca1192118b117f245aa07915ad415477aee2fef615f91e6f7fab92dac57de96bf1f57d08eaba2af2662235b2ab57020eede32917788e1542830de9953969700f0d2db07428575a3e5c7e91fc51d54a298be39256787836b2c33b9b]
[2026-09-09 12:41:13.449] [debug] [coffee] [SYS:OP_402] STAT:200 [H:HASTE_ENC:8f8a0b03cbcc9a4216f9b141:d0b25265492f92e61c0b02dafb0f4d41:d35acaf6e240aed58f54a5cf5fb3991cc9d1431d0657bd4df5302d9788a3c3bfdf8909137ae4ec8805ab0a86408443558d2b27de6f88595830724c8368d9392e7a23817300ddb3da9f3a2c1f86cb329989daaaf9d0e40520abd8241137f8efa68b4255b4b30c943708a4cd9ef225d7c4d3a540aba66c]
[2026-09-09 12:41:18.470] [error] [coffee] [SYS:OP_402] STAT:200 [H:HASTE_ENC:873ef3f0f58bf18a5d308e4e:5223f476356aa48fa28761b3017ba5e0:68abc511841a6365b05d29ff708cd7ff7d78f0a6ee426ccce81af1a5df259c960ab9ea14f214c7b883997933815a33d5d800b5bf4b82976aa82935ea0cff0b39059c720a95dc30c5626c4a3dcdd3f9d40dec746d2882e6c97f8b9014297b1559091d0dd00698a841d38b17e18cb7c1d535d06a1876b473d86408621e12036427f3d62910167a8df347]
[2026-09-09 12:41:18.474] [error] [coffee] [SYS:OP_402] STAT:200 [H:HASTE_ENC:6646d45f1fc45cd55231da8f:9d9110899ea4ec5da80f9c1b02f13994:ee0a7f45f054caae64664d9caa9ba7f36ac9f50f32b8903555a15e6fe1b576c53a4c64fe53c9975ed37550ce85c607b600ee8c2d8399195227fdc4b0a19dc0cfdd38e54c25909bd84d21e1a30ab8a48bbbbd1169a00846c0ff0b427b07abc2bb9266a146c82b1ac2504640b659dba783c9817b68ba14bc3267219a1ba2323dfc487761754cd629bfcbfb9f]
[2026-09-09 12:41:18.477] [error] [coffee] [SYS:OP_402] STAT:200 [H:HASTE_ENC:edd4eb324474adbf1496069c:0ce5d99f714f4f8060c9c8aff524f6fa:32451228e8ec87d951dc419b9f83a41c9bdc01ebd7056be3d2c6d0b1f096cc39baff6530d054a5cc58c61690e9a10bedb67c01a29bb578bcfa4fb4a7725d4ad95f54a12669689e2d0e00c42a8aaf3ecc52e7a9633685aec54d101c6d5c62ed07fb3f9e98c5c81bd2b4f3ab11782f7f042b3fa38c6ea7729c33e6374ec161b2c258071518211b19c29228a4b7b1c70af999cef16c7ea473a0cf31c76f237164e52c0663676edf56605623d77b177568d10bbefe6043f7411ea227284c39]
[2026-09-09 12:41:23.303] [info]  [coffee] [SYS:OP_402] STAT:200 [H:HASTE_ENC:f9a8f7c9be13e698c3589468:83d920350926f73e5812c8bf8e4c75b0:b5c2919614f1a190fe2343788a961c702a3a2db7b24551931cd7c2632ad0afadd9dd5b3be2359a1fd47d9aa113d9a6dc401ea4c52f72e756c5a8f2820693546a8e0c2807dbe72310c9b764f14139cd0885c9add21f1a424dcffe0bc7b6db43]
[2026-09-09 12:41:23.470] [debug] [coffee] [SYS:OP_402] STAT:200 [H:HASTE_ENC:baf19708a2238018d11be750:89d31d9e896c76dd6dc47b833ba4d2e8:a91769d0be28b3a5669b4bd96164ef60d1463e7930a3998f5c37877c62ef72eb13e85c21f86b424446308687e7bb934c374fac9897896acf978b5ef645e03de9dd043c438096020dcf6d236deb056acf459be6114fdfbfbc1bb6a54fd55a3e190c4e8eec3b7000500accdc2fd69d5b7bd8ad834398d2]
[2026-09-09 12:41:28.484] [error] [coffee] [SYS:OP_402] STAT:200 [H:HASTE_ENC:2953f4133000801254fd5e71:7104dd21f392773e5e461da294c8b603:bdaa73110e5c2ff2746d781ae48a9a02f8c5081e0eb657f65e55036e88102cae0e248e56cfad9c1541d8641f567f228d96daaf4ba0a75f4e9c28045a82ec519a2ab70b484984890745bf6262c0c0109d4701d38b5ca560e31048c6500467a7e2c6658dc134c7c45f73feec91209609b8f1a73a726a72df771040a6e2f7e04559a6ee57851d9afca9a0]
[2026-09-09 12:41:28.490] [error] [coffee] [SYS:OP_402] STAT:200 [H:HASTE_ENC:6e7b01f8d61c7f199768437d:435ae85cdf2f920e7b872ab95c745272:c626893e7a98c257617a9f0a0bc66204a57e67c4826c2873af2db3146520b47846e6825cfcfc6497ee54ca434273ac4901c6ffe3e24c63720d51f497184cda0a6475ca5b4d8e778d91b854c5cc38e5d1e34d291e8415e2609ed6ff4e4be6663e029e978f3c59550de31561a72165dd694098fa7d91972fe7b8025ab65c3c536fc498e78ad993a4da03c66c]
[2026-09-09 12:41:28.493] [error] [coffee] [SYS:OP_402] STAT:200 [H:HASTE_ENC:a0372bcd148899480d94f611:5eed95458c68d459f1edc40968363b96:5f0d68dac1f66e60e41c7f11135797d184c61b2726086ce3d8ec4fa44433a5544a427ee7d562e21ffd02e6fcd3322dc556596ab1b35f998950b6338730fed76ce9c09d150e59a1ca0b7f92ad8a5b308bcf7e2b4d04f83597587fb2b2f66c6675a463b45e181af745b094a72b85ae87841faf724a81e572a71cc67057a17a5932c0684058488aa795477074e9861357f24f1fa7bdcab8bb09a0d6310c42503d64bed89bb673b7cd127f90c437e1072f2e27ce591afdc41e9125e66f8b75]
[2026-09-09 12:41:33.305] [info]  [coffee] [SYS:OP_402] STAT:200 [H:HASTE_ENC:11187bc0d5ce9d2fe2c6dba2:cf9a3ab9405e4215424725140ccac58c:fb983720b04f9965a286eed696e19d71e5b95454cc41254f91a183a554b875832960cf95390d57d3f347bfbdea1fa128c2184b7d25cf5b4431a7c0697ccf9ecb6dec6594b82492d778f9f59af07df6498ae1c9aafa9452a2a14138e6d5e37c]
[2026-09-09 12:41:33.471] [debug] [coffee] [SYS:OP_402] STAT:200 [H:HASTE_ENC:08f9b9f9f1622b0d22fe48b6:a38afb2bd84fda71fe35918d6e818088:a96e719b9f04f2b091b142c3c7ccae986602402ace3c57062066682e2416559134b813250491468edc7e6c2a977ec5f2d2ebbd8c13d1df15119536ee349fd8e71a2a40c7f054eec4d8bba7b3caccf9650f0739af4506b767df657ec96ac0967354feb5c58666b6f279404ac642cd48fd8039537dec78]
[2026-09-09 12:41:38.477] [error] [coffee] [SYS:OP_402] STAT:200 [H:HASTE_ENC:bc381a8e673283a93cdb57ce:dab229b3a8c15f2aa1c43dd55087beab:52ab47e86e0d24f6ae39a1e6698d55155ff712ca9200f7985bf213ae029985a70dc83e58b5e0992d3606348e540c0a73ffa7a1a90d10ea2e4c45a41d193adc21b206f1655e846a3ab1274824224ebbb26a09c7c4db57a64774f6505a8efae37fd081247524be285a4a55a7d22ccd92f7c355f683731eed178ee83603ed5ec84e629470f1a902e10c99]
[2026-09-09 12:41:38.482] [error] [coffee] [SYS:OP_402] STAT:200 [H:HASTE_ENC:c3c75264d53d23b5c044dd65:9c7b2bb9bd5500d11502485d00c4987d:9235a7df06cd633becd7b948dc2fe8aea02de1728259a098308f26072ccd0ff45668a4976875f8db2efd1c2439d3d5fed76cfa6ff0212b1e0b574fc7f18f196f5428866b22546fb5d4e33d31263a1b47bb5ebb488702a89141f26bbc5c6d6c47a84bfdb279049654084fbf914b6973949748e5fae68bc7f13c0e16166a253fe5837757239a59d2440f9321]
[2026-09-09 12:41:38.485] [error] [coffee] [SYS:OP_402] STAT:200 [H:HASTE_ENC:03df653c014d26d7df30a750:3fa7e75595afe39ecc4b0a8b952cb538:094769fd6757e13ce7e980b6a58e5cf80f6994e050300b49fbe734c60cf47731cfafc0a3c762e79dfe996dd58f0451e3c0119ade73970f3b0c29e25683a8011a28d892673ee8a0e194d9311a8043a79442262e45f3911ffdb5f1e5e234ed9dfd973305098edda5ec3fee3fba1c71a658afe39225a604b7159db69cacb56a170af4f1bad19daeb5a14ae9b74d51e5877bcff9918982d76d08af9f25536df3f30a3792c097048d1520fa1686eca0234008594ebcbb07b56e0aa44a1475e9]
[2026-09-09 12:41:43.321] [info]  [coffee] [SYS:OP_402] STAT:200 [H:HASTE_ENC:1fa56c1642af84803b2a7399:cf7274b148f0453d2cfc9faf0454586f:329f0e1f29521c0fa6b04aa1aaf293c32e0fec9fbd5a7b34216db0c7ed96081871e528e39976e8edf90cfce39e7aeb1fc0bbcb1fba2f54127a6f40c410103616050fc15876ad67a254a3dc3bbd70118bf95c41537ff251f282e9e87df2385c]
[2026-09-09 12:41:43.487] [debug] [coffee] [SYS:OP_402] STAT:200 [H:HASTE_ENC:e12e3556b2c7bb8a75122721:730c471248064709e7639f65db23af84:2a1f361bbfea397484fe9092b1c306bc058ae12e33202d044f518517d355116ad8ac55980ce79b70a54b5b645dc33b746db033f37453a639f34ee4be2972ac8284f024a2f7ceb68bcef2ef6bf8f88a2fdaa055de4b91d130178302d238f75bc73d57aa8e15e090ff396b457f86c1b58884f0100c313b]
[2026-09-09 12:41:48.495] [error] [coffee] [SYS:OP_402] STAT:200 [H:HASTE_ENC:228fc4edb0a4d6916c5d1607:101f6f3eee6e2323197465142293315d:88e60cb1a57ca1c157e71ca6cd02395a125c7c2e01a48a2638881524f8ca4e44ecfaa4d8795397a44f7e34474f813167b89e8480a3f2272fd59a891a42cd942465711ae19a05840ca842a2da5969b4f648208fd8ac24b94fd1127245d64d42515d6193a375a524f5e746d416133a403eef3c120b74175f1869c8e852b09f0425fc9aae9c3cc74bd197]
[2026-09-09 12:41:48.501] [error] [coffee] [SYS:OP_402] STAT:200 [H:HASTE_ENC:314036c940c81e284ca2d924:f4d78bdcb9c3805b3bd8c43ea9658fd9:df1e07c1aac776810802869a20782e0d7265430b56a99368ab19a534a902582fb799c39cb4c649c711fdc1f1cc1a2ccb00ae92bc9908cf9b21816e2cdb7812d0fb67ff7c31fa20e5ac8fff14964f5eadf100211e522f78a6e3403d30f9076a920352d49a689026d97f4f99fd37381b603c2dfae6a3529b558dacaa558a7443b069598ed86a6acaff212148]
[2026-09-09 12:41:48.506] [error] [coffee] [SYS:OP_402] STAT:200 [H:HASTE_ENC:b551cd2e6e70620f77b3b1f2:69378a3e66a5f92abf159252304a20f3:bfe33eb89cdc882dcf9f254f89ede732b0b81115d5ea236703c3071ef8d87501015468478e8a512ca5d9d57619732d466afddb731b279e1de4ec764335740988df011b704e4209abce574e57a45fb3bf45c5b60201bd35c5c5f91ef8144c34e4c0c416af35ec2f7bc5d326b3f1871f9fdc43fabc705032e87c9b650cf48209d90848473908c82677c7c8689fdfce5415c2afa76f00b4f7cf5de4e3d7b8d1eaf19a49f975048e62daf32b6027a394693aa834f497308081aa756a01c325]
[2026-09-09 12:41:53.340] [info]  [coffee] [SYS:OP_402] STAT:200 [H:HASTE_ENC:b1208d75c0d401bfc805e4fc:d43f8df8aa0792fd06f9025537f5ed94:311816bc4a18be08b68aa2f5be7604bf591fc56ab6fb34c7e5440abed50af0c939c57c6ea0389193ea3ff9bf261a35360a3f37ac47c17f6601972e8eaacea5187d3a69d85556e960b92c5c057613cb088664290feaecbcc03fd041b05d8851]
[2026-09-09 12:41:53.504] [debug] [coffee] [SYS:OP_402] STAT:200 [H:HASTE_ENC:4632c5380253cb936e21d66a:2e6c888e4775e29aa8131af622fa9c74:b2f6e4fe34a9a9df2c1ee532037a3be89dc7cfb60c47f830a0c37f3dbc7e307c4beb29f96fdc52ee75c226f5f2380eb1358afbd534f8db47e2d924844c29e9490d964f0b4232a3ec94300e9dfc1b60c81257d24c7761be9cf080fa991109eceaaddd14e923d8c2d15cf343ce6b6345b151b6ce92f5eb]
[2026-09-09 12:41:58.513] [error] [coffee] [SYS:OP_402] STAT:200 [H:HASTE_ENC:5ddfaf09db2982ae6ac95fe1:acb5b7cadb19f9832d929aadef8ab244:7cdc8f11d90744815bafafce2f3c61652b0d2a5e5dc43dc2e923a9303c40bb24b865793c8edac129c7a2f6ad671f06bb38066d968be23de15713c1e4c53790c71554ce20d3e8846bcfd10148579d06b9a0651e45dab96d0521b6a911f352045eb61b124bd02b9c75eb9a81cf783c97afe910aa60329c6443ac7fc6a072397fcd6189e97095f878b83e]
[2026-09-09 12:41:58.527] [error] [coffee] [SYS:OP_402] STAT:200 [H:HASTE_ENC:0f4d7c6db65ab580bdf0884e:9473396114e07da908407a2656c58da8:8b8018554e70d01f3d5ba4d8fed14acde686167346e54bc352c65d7b5654e6a3ac5a54d3b2c1a9aff7cc626cb63c3836248deef629fa61a0bb10298a8559acf3f84f5afa2c43c178ea7c4ee1a14a15e618fdf43f9b1ddfbcbdb81782b2743b30d4477853186b7f72fb73eb0fb3a5d058227e8f153672f480a6e1c6896a0d62e9751c9f1d9c9b1096826214]
[2026-09-09 12:41:58.533] [error] [coffee] [SYS:OP_402] STAT:200 [H:HASTE_ENC:8fe4c746707332f2f8b11482:b37a57157f225a62cbf17aa1fef3a6fb:112747951907d077c0fe665716f40db77ecb2c6aa95a9deb80a8c93b795a7e3f48afdd2567575b1190b16ec1e3bfc159d502bea50b77649d07254a949ad3537ea3f7f88bf75013082e94b186c6679956d1a60d7e28dac8f0724f635427ecdd84f0e6f098f54d04446e7f433006db11eca7c6d09011a24f015bfca6331338ab90d3be623856bde1e2a3e141af11ea8b1318c076128b998758e1e961bc419a2ad556631460b6e843c037767d91dcc7e4911f9c76344c2651168d659a0d3b]
[2026-09-09 12:42:03.353] [info]  [coffee] [SYS:OP_402] STAT:200 [H:HASTE_ENC:d9e7d3713da42107e4ccc19d:fdf7e87cfc26a28c8b383e92467bd999:a1aea50bd0958e94b4e50d3a06b28aee019d651742897719105b2d28f8b7d400a8be41777d0655733e762a732a41f5813a49d6acbd097adc838e1c007d44f453480adb9b50c724a8420bc41db0e019f27fbff41015ecdf97a17ab475ec774b]
[2026-09-09 12:42:03.518] [debug] [coffee] [SYS:OP_402] STAT:200 [H:HASTE_ENC:615e71b5c32f9fbe460bf5f1:7159b97dadeee0c5d9a009549ff6d15c:adf27df9bee06226fab23b9ed2678701f6737f77630cb404e098f890c3b433fbf374fadc6d95775dd1b3c9a12096ddc27b6ee6cb7b4d0dd532a9f43c6400b8a24c03a6660016354facb06ea0207ed068ef003d2f31dd0cb592aec5ce5bfca23b10229f46ac04bf8b313fcedeef21552774cf441ac209]
[2026-09-09 12:42:08.541] [error] [coffee] [SYS:OP_402] STAT:200 [H:HASTE_ENC:d739cb348d43e6c58ba91fab:24c753410e66856f846fe62f7ef02a3c:5e26aa6fb32dffaf45e16db0024d24bf795b4f00d71176a050e87090a5854f518514718bbe05ef54cf4ac30db75a96aa2da4c366965ac7d5c6bdec34aa7c467973c797c6f916f46f3d6f66b2f410ef5d2aec93748c360277c8a086c1baf9e12e0140a1482df60b7d3376117832264a00d06e51a995527235f6e98c48c23e5310252748312f764890f2]
[2026-09-09 12:42:08.546] [error] [coffee] [SYS:OP_402] STAT:200 [H:HASTE_ENC:0be30bc35c226d2f8a62f3db:d07f931bd19bf71f108ebebd521419ab:c5f481ca9fb7f8aa53c2727a5dbf2a77280bc06e9712194ca49993a2d2bb614e67d783308a24091bad64ce9fad4dd955b19c3e78f06dd3db2f86dc8425b770cd7a2974515751aa8ad5f9c2d4531c74c6db09cc2460cd56dcda69c82999b31b488eb62808e30cc48f5c6cc5ce9d268a721016ce274355df8660a65e2dff43e13e88b83e03562589017d75bc]
[2026-09-09 12:42:08.550] [error] [coffee] [SYS:OP_402] STAT:200 [H:HASTE_ENC:b151ee8695f98f7babeccd5e:3a23009186cdad0c1a793d1a1bd0e961:a46a2c81649b75e79ec55f980e4266574a951414adcadbdb0e489bfb186731cc9ca900bdd32953f23294c2505f06febba0b350706b6796430a53985148364b9997b984b058bfe86bc041e217a2c7cc2eb3c0a4f4ac15b56f33e223559f059b8eda47e1508a9f695fbc477fd4c47e66afc6a185689cc2aa59526b87cbdd5826dbb09158e2616fc878e8724ec1140e38f14a10bc42267ceda0250c1b30d3fc78e7bbf266b82229f75e2ec5974342d3b84f41146187297daf33c9babda622]
[2026-09-09 12:42:57.692] [info]  [HASTE DB Load] Loaded settings from SQLite database successfully. StoreName: "헤이스트 운양역점 (개발 모드)", StoreNo: "010-7477-9363", ThemeMode: "Light", isKioskDryRun: "false"
[2026-09-09 12:42:58.378] [info]  [app] event=app.startup status=started appVersion=3.3.1r247 packaged=false
[2026-09-09 12:42:58.461] [info]  [app] event=app.window status=success
[2026-09-09 12:42:58.543] [info]  [app] event=app.tray status=success
[2026-09-09 12:42:58.544] [info]  [app] event=updater.check status=ignored reason=store_managed_distribution
[2026-09-09 12:42:58.551] [info]  [app] event=app.ipc status=success
[2026-09-09 12:42:58.585] [info]  [app] event=task.start status=success
[2026-09-09 12:42:58.588] [debug] [api] [api] event=settings.change status=success port=8080 posStoreNo=010-7477-9363 deviceModelId=D0000
[2026-09-09 12:42:58.592] [info]  [api] [HASTE] Found SSL Certificates at: C:\Users\김성규\Desktop\HASTE-AI\src\cafehaste-client\src\lilly-electron\resources
[2026-09-09 12:42:58.595] [info]  [api] [HASTE] Started HTTP Hono Server on port 8080 (Toss Place HTTP Mode).
[2026-09-09 12:42:58.596] [info]  [api] [HASTE] Started HTTPS Hono Server on port 8443 (Toss Kiosk Mode).
[2026-09-09 12:42:58.598] [debug] [api] [api] event=api.server status=success port=8080 host=0.0.0.0
[2026-09-09 12:42:58.601] [debug] [coffee] [SYS:OP_402] STAT:200 [H:HASTE_ENC:fecffb9733ff137ec3e3c0cf:b939726e7db1ce8c405e78a89bcd4ff0:f572dfc2f7ce2dd6a36e60ce7268ea94457689f0f6f8dd5e10a6517d0e5070d50911d5d55bf939e54b673ec4f17356d124428a18b3659d8ffdce67cbc9e16f498f4fc1065700c3f24af09f01558f6df11f27e191]
[2026-09-09 12:42:58.608] [debug] [coffee] [SYS:OP_402] STAT:200 [H:HASTE_ENC:970e969d7b31797e8b1932ad:ad6603631be1fa81fe1a74fd1eae6fbb:4da7981c49321e57a89f1556c79d07837528da700c51bed32fdc7e56a8a10e59c1e87a1f91e48f6ac85947a9aa91a127]
[2026-09-09 12:42:58.610] [debug] [api] [api] event=did.callback status=ignored reason=local_did_not_open screen=temperature
[2026-09-09 12:42:58.616] [info]  [HASTE DB Save] Settings category "inventory" has been updated and saved to SQLite successfully.
[2026-09-09 12:42:58.619] [info]  [HASTE DB Save] Settings category "inventory" has been updated and saved to SQLite successfully.
[2026-09-09 12:42:58.623] [info]  [HASTE DB Save] Settings category "inventory" has been updated and saved to SQLite successfully.
[2026-09-09 12:42:58.627] [info]  [HASTE DB Save] Settings category "inventory" has been updated and saved to SQLite successfully.
[2026-09-09 12:42:58.630] [debug] [api] [HASTE Theme Sync] Applied local UI theme: isDark=false
[2026-09-09 12:42:58.632] [debug] [api] [api] event=did.callback status=started target=local screen=main
[2026-09-09 12:42:58.634] [info]  [app] event=app.startup status=success message="subscriptions registered"
[2026-09-09 12:42:58.636] [debug] [task] [SYS:OP_601] STAT:200 [H:HASTE_ENC:112f40c1964b24b4453a5601:36c8430893232e6ee9f8ccee0f2c69c1:4d8b354c7dd92cf5e68f01a37b5140e7c82d67cfdef0d202cf7b02ac932c389a93d1dce4284bc879fec6f76e16f2bc7cdf13710328ed8cfb379ea6c308b4f06e5c6895bbcaafb3d7544f91a1687fd7455d44a9ba21ec0b9d2a7482f752b3f0a02129fd7a14fa46430bdc65c8e88195]
[2026-09-09 12:42:58.641] [info]  [HASTE Foamer Schedule] No foamer history today (fresh install / daily first boot). Triggering initial rinse in 5s!
[2026-09-09 12:42:58.643] [debug] [task] [SYS:OP_601] STAT:200 [H:HASTE_ENC:e738db7f9843fa66a506e7b1:f5f36ae11a1c63b71dba5252e274b8d0:04d535dce12dea7e46560f0b66bc475fce89bdc74a65f876ef8bdc98010570904e40ada9e8a0aff48bde9d43dada668c73695eb7194ae7d5c048c16390c961db9f1b9eb1b983a7d4e394ee81ef5fd36924358875e55f01fb07f3c705799b133452bea26550077f]
[2026-09-09 12:42:58.646] [debug] [task] [SYS:OP_601] STAT:200 [H:HASTE_ENC:2da9494f54b8bf91fe2074ba:058e84a09893f229f2e28e7765904bf9:32979a0a4994004c8e28bf50ed25c5cad380bca2115772849514a0dde2744b18f049d6d871509a745e14c3b09defc1a0ed9da98a25d25495b466714d8e59cb5ed7c9e8485ef704192329d8565d8dd171e536e51a4bb289582531d5db39568e8600fba088015dc5e5]
[2026-09-09 12:42:58.648] [debug] [task] [SYS:OP_601] STAT:200 [H:HASTE_ENC:d5151f7d3094f6deec363507:977d29aefd03cff4a27b58597d4ddd07:9d3ef005b515961f6db91a213e6728ca5b3a3dbbb7fd6f0a54e604068582a80693c085f834c4795178668cd13b1022e46bd583929754dcabbab06785b9c31c34244abd5b247649e5579e68b2d3b41eb5a62e4a542faf3267bfc00b50bc0f9cb75d91abd2a7e1f34461e4834d]
[2026-09-09 12:42:58.651] [debug] [task] [SYS:OP_601] STAT:200 [H:HASTE_ENC:d69815c78bc55deea9807cd5:1f2f37d3350ddf479cd954300864fceb:0387c5780c518a96d18f46fcdb1680610894cee4530bd441dbb7805da027f81cbda7d5f0076527026bbc9d3b552f8e19f20754c1bf7a90f01cdb579fc271726f57171f738095f738edb3aedfa9cba30f82769c7633d46f0aa916aaf32751fca4b11607fabf9234bf87d0]
[2026-09-09 12:42:58.655] [debug] [task] [SYS:OP_601] STAT:200 [H:HASTE_ENC:34d539787ffa1c78c9f07712:806e156a3a2bbf789c09b1ac39bbe12a:2fcb3988988180a890d69699fcf069973be0f613de3988a1dfd97eff7fcfd0d1c065bdb0d94de9381abd99be7b1de4241ef4a0cc843186f2f9391c22b33d5bc4b60d02feb1a955f3f9b071f196f33ea054bd68093e0682f97cc317509529815692a68417bd3605c4c1]
[2026-09-09 12:42:58.658] [debug] [app] event=scheduler.change status=success routine=license.verify intervalSec=86400
[2026-09-09 12:42:58.661] [info]  [app] event=app.startup status=success message="schedulers registered"
[2026-09-09 12:42:58.663] [info]  [HASTE Guard] enableHasteAgent is false (OFF). Skipping agent bot launch.
[2026-09-09 12:42:58.664] [info]  [HASTE Official Auto-Updater] Initialized background auto-updater (Target hotpatches & Official releases).
[2026-09-09 12:42:58.681] [debug] [api] [HASTE DevTools Sync] Current window DevTools opened state: false, Target state: false
[2026-09-09 12:42:58.763] [debug] [coffee] [SYS:OP_402] STAT:200 [H:HASTE_ENC:eafa1d01b76e24df9e5b06bc:55ff4764bea80a720067547ec6a0ae14:88630881406ac3e78e2a9aa3c847f0f2a5f042ac841743919abfacceaa4e365482099df0b10f67b143d2add44b93d9e515bf7662b0f60de60b5d770e3d709eb75298b7df335e7443f3b1c09ee554f273ad2c64730c33c364996e83c982d4620c1ada175b0be1d8f1e3e8275fd8212ad66c4d19c3dc7b]
[2026-09-09 12:42:58.992] [info]  [HASTE DB Save] Settings category "information" has been updated and saved to SQLite successfully.
[2026-09-09 12:42:59.002] [info]  [HASTE DB Save] Settings category "information" has been updated and saved to SQLite successfully.
[2026-09-09 12:42:59.012] [info]  [app] event=license.verify status=success state=approved storeId=010-7477-9363
[2026-09-09 12:42:59.015] [error] [task] [SYS:OP_601] STAT:200 [H:HASTE_ENC:4af1504281c20c33ec9d3ba3:a386ef3d01715b3687cc0e60a4f37f54:ff70285ef31d402e5e28953e9dc2123d2ce5a4ff351472efcab94ca74f647eca2273b11f01049ad7239ad0906ea2036fc5fc6f7927e06ab71d03f88ec12ee5c9486ba64175c9b62936270be31a7cb872abbda548e22518d4b05e72f7ca5fa126]
[2026-09-09 12:42:59.329] [info]  [task] [SYS:OP_601] STAT:200 [H:HASTE_ENC:292ca76c07f6c0ca77787903:a2f1eeb772b8824c1c6010bb3dd83d2d:f2176e4ccf9ff7c615628226417e7c621ebba2c870894c0bca1cbe26bc168cef218823bd17444427251be49779b9d2e845157751c055efa703b27d8d493109e5aa3c23f0160f89d82f5718fc1b955417ac2ca5860aa4cc9f3dcc6623a2d3e45993070761e2a875900b7e921d4bdb]
[2026-09-09 12:43:00.679] [info]  [HASTE Startup Auto-Rescue] Serialport incomplete after boot. Executing 1-shot automatic refresh reconnection...
[2026-09-09 12:43:00.681] [info]  [serialport] [serialport] event=serialport.connect status=started scope=all
[2026-09-09 12:43:00.686] [error] [serialport] [serialport] event=serialport.error status=failed reason=port_error boardName=board1 port=COM6 message="Opening COM6: File not found"
[2026-09-09 12:43:00.690] [error] [serialport] [serialport] event=serialport.error status=failed reason=port_error boardName=board2 port=COM7 message="Opening COM7: File not found"
[2026-09-09 12:43:02.295] [debug] [task] [SYS:OP_601] STAT:200 [H:HASTE_ENC:962e2e54030e68d3d64f0a3f:3b33bfd9e41eceaf80236b2a61b4c657:f866a8d2f84223f7f74a313cf50263b356eb2693598339977b1bea78c7393e282df4a8e0c0a33fb946e4d5453244b6a35fb2d0d6448b6c186733ea32d4af51cb06d5b64abe96d9589971de2c7e063fe472311fdaa91a97641b6be0e7f46fa7e27e53779906b170afa0e8bf2d835b0dd8c19d328c9f31fe7f6aa730f09fc863218251e0b3da567af410a9fc9cd12df982c0bbf89ba90c9a6da2e8360ca391]
[2026-09-09 12:43:02.455] [debug] [task] [SYS:OP_601] STAT:200 [H:HASTE_ENC:132d2746265f3b651fc7753d:c96f57008845567f7e9e9b8f37538c09:11b280f88c0b2a948b1b4f6c041474fb36cd4538ced9057b40d14137fbc396b5b60ccd2fdac25cc93488a5f005bef8b27133c171d4db940280f086db4cf17803f53f253c4153f79790872b23116a86b949e4bea80ec77ffb2422dfa9c45eb5e5cd7c3e406b3d0898a41c19344624ffdaef]
[2026-09-09 12:43:02.465] [info]  [HASTE Auto-DID] Successfully auto-launched dual DIDs for approved store "010-7477-9363"!
[2026-09-09 12:43:03.326] [error] [app] event=main_process.error status=failed reason=uncaught_exception stack=TypeError_[ERR_INVALID_STATE]:_Invalid_state:_ReadableStream_is_already_closed_at_ReadableByteStreamController.close_(node:internal/webstreams/readablestream:1190:13)_at_node:internal/deps/undici/undici:1583:30_at_process.processTicksAndRejections_(node:internal/process/task_queues:104:5) message="Invalid state: ReadableStream is already closed"
[2026-09-09 12:43:03.613] [info]  [coffee] [SYS:OP_402] STAT:200 [H:HASTE_ENC:c298ee2cc1012918d7d27ac0:de9f0152184012bbd90fcf8e6d7565f5:f06a83b9cc9608ad777e549b2e66ed7c0121a3fd6e597053e45cea96aea35b7f000ad5164bebaf916b0b09719bca3cdce53d3b14c34ff2511f9644183e426d2cc6fcd87412a85b00ec112d81e32e723c2c2ae22dfafe7c7940840910cc97dd]
[2026-09-09 12:43:03.631] [error] [coffee] [SYS:OP_402] STAT:200 [H:HASTE_ENC:2656a2a52de473901c1fe709:11659420de533c0a632ea8a7173fcc88:39b0ac295237f8d7273c2a5075663d695b5b5445f9ac7b8764316c71d41e132c09ca1dc2ada2e7b135245b36b54c23fef59d793c7eafb24fb111fd68fee71408665b76a767199d776da1bb4cbfc63f9b46fecb3fd9c4d3eb698c46cb80f50b1d4fdb388b28c01cc1bcd4e32111d642416eb918f260ed22a8cfdb8e4c536a765630c18718960525a502cac4eb1f18ec1a9d5b42d9284a337d7494a11118cd6eb288433a45c989cfcccccd9afef04ccb69a4a11f86dd6e4ca16e0bdc6110]
[2026-09-09 12:43:03.647] [error] [coffee] [SYS:OP_402] STAT:200 [H:HASTE_ENC:8e7b648543e7b242b9b22170:1031614c77ab3bf2d92b8255dbbf4648:ec66490e00321feff6135b3b64301bc8dbc12cbe1f99841a1a1e8691c64baebefd4fbd15435f32a7e409efb690d645b0933f4336014e988fedfc3002ffdf2ef624014bdba44d03c9ad98577bd8735c9497c1214bc6bdd869e241829b414d6bf3624e3b841283fda197b798a9e313a28e2422fa8c9464b6a098611babcf22e5bc848201bfb8f72775930db7]
[2026-09-09 12:43:03.779] [debug] [coffee] [SYS:OP_402] STAT:200 [H:HASTE_ENC:0b382cb00f17f0e5dbc6ea0a:668dee0e9b0ab13eae9d28ec7e7cf8cc:dcb2c6e2cba3ff6f3db4f63c3e6cb2002479c8aa7bd0ebd82554714f99a554b200359018e3aead7b336deb718f036b90005b4cf30a61c4c1926c4279f1dad34f2dbfa14a3c0be7670d408b90c7219961d5acd7494753da0a754ca154bcded4a8b05cd4b4cf55cc74c9a60cafffcbf0d2dc579d222874]
[2026-09-09 12:43:08.801] [error] [coffee] [SYS:OP_402] STAT:200 [H:HASTE_ENC:2af27f8c8ac140a62ddb1dca:213d3c5ba12812290a70963056f1a5fc:6f00bb2834b0cb3e4ee276d7ee966550b3f17d4822523c84286412df7a1550870b6e6dcc4ada3f0410c5709bee16562ae3daddbe48fc8952b1f8ab80c2e3c56285d324f2d99e9ecddebbda1b077bcc90a8ff0d91a53d4e61c52093354ae90f68d8864f737de4e0d1c1425219d8036b86e9e4580617375f162f22fcf89f271a540e1f68033339ee3721]
[2026-09-09 12:43:08.811] [error] [coffee] [SYS:OP_402] STAT:200 [H:HASTE_ENC:fe80c01f71861e9fb863cb75:842c05fb0439deda4ca3d15967b5698a:2e76d4f0caee6fcb32786384e42d55410feb7a4cbb05442a384a9b5aca32c41febd4a265d1da3646c732e145bf43d6379521cdf44dc64c594a155704b13dadedafd4c43d20fe5e3cde1f009686f66e50554890870d259023afa9a852be6d8505458c9de1f67aee4e6d457e3e8eda7302f60322bbfa70355125b651cd493a46856001d34927a26aa70166fc]
[2026-09-09 12:43:08.816] [error] [coffee] [SYS:OP_402] STAT:200 [H:HASTE_ENC:74505c05666a527155ae6dea:914acdcf251f3621bc17d1be7bcb4716:b8a0a5507dd5fdc5584e0825b0a336a2ff67f4914efbe6a25525aafb18e6ad7b847f7635fb058e1083e5ff0cc95b7212bd97c970076010b5a72f862ee04a223cec1a71424457741bbfd179faa3ecd86f0d37a7d79a4dcc2d9a99a3f082090ba8640b6ca8fa5df76f40c9496464b58b659ab61e3b816e64a042877a9fe0599b6a693df055dfa0011986f595fb9facb9444911a0b96010e92c61293c6faee8f081341fea5d320ab2496e691f24effd312fa44c01c1456da4d2f2ec6c79ad]
[2026-09-09 12:43:13.625] [info]  [coffee] [SYS:OP_402] STAT:200 [H:HASTE_ENC:3305db8f66ae25ff0b875f6d:68d6c7b627117c3c106c608edc3e44ea:301f878d8a4b555e95429b7433391c002e3611d54cde85d5821fbb87f7d9092ebd8b0e662cbd363a1c7f81aa7d774cd8ce3c03406da20493679c432fc4f90f6d032fcc9a48fbba81d32f333e460f515fa0a850cd4567347350dee782731743]
[2026-09-09 12:43:13.790] [debug] [coffee] [SYS:OP_402] STAT:200 [H:HASTE_ENC:5560d494c59df970e88fe595:1b38387f8b2d4a30602721a224af09ac:4df27bc1b2794599f7e7d2d1d10a4b0a9b3e11746ae41a807167ccda15acbce8ada353f4a5f35d4b58da811954f8d4411d42ba488f5fb4b97bde4d4c03a4586bed9a7f1c9d85616b0b54b01341867624058959f3b3398f3e40f9ee8e2c94e5eb2a0b52d4a0bbd2b716540abf5a717482ce5af407dc95]
[2026-09-09 12:43:18.798] [error] [coffee] [SYS:OP_402] STAT:200 [H:HASTE_ENC:0d48768b3b9aa53ae55b12a9:57fc4f4a1251743a87ae6d1890f87bba:79375c09ce04ffcd36755861623e39dc5d0adb55e07ec1db2abd36b144608a3259322a2090d6da0fa7fa36f913e28af51af5c3d2196607e8d46f32619d80d33c21d62f871a780960848fa7ee4c3975ea32fc750031b198ce1bc720eda3975e44509eda88d9530ec4d764aac95d7971a36045983f2fca5f47f32b0f187889f0959168c2af0d18ca9d02]
[2026-09-09 12:43:18.803] [error] [coffee] [SYS:OP_402] STAT:200 [H:HASTE_ENC:fcf10436085f8947365d83d9:0120a8e2c9d8ccf1e7bdadedb29e145b:0288ac25b3dacc4865cc0987e025c99ab271a1b5fa349ddeee465a27eef894c9b1b4e907582bad550975ce2234400eb74246aeb781151ce25459a21f7c768bb942324814112a4228b03e22258eed5bfb2cd8a35ffb51427d964f1c4ed1edc1a2662363c8f0752b624c40aca0813b782151edd87c75816768d673dfbf64b4f798fd78ea48e86347055d7cae]
[2026-09-09 12:43:18.810] [error] [coffee] [SYS:OP_402] STAT:200 [H:HASTE_ENC:e8a081a75b2bf9acce0e8d88:7f4f45ae5d743b9c02c154d49cdb44e3:dce50a3e43b82d26b7ebe7d81ead0ba14dffce7c7a721250a7502b59966267313c47598c257a7772457b78a3e9c563f84b4ae6613031ea890f6d00ad8b2cf6654af5089fe7bed8bb4d6360173f162b1957de190d5dac9607b298476a6ebfde60a5319888d58906a5cdf82f26041521af9304ff68c798f5225ae490111caec7c61c9bcb32722da6822239a2d70e7c7f468ba2ea0845e0e09e6eb9c6f9626a405461145f66895c9560e286a0f0ad6e6a742dc9a8f2d536e882376e4768e9]
[2026-09-09 12:43:19.907] [error] [app] event=main_process.error status=failed reason=uncaught_exception stack=TypeError_[ERR_INVALID_STATE]:_Invalid_state:_ReadableStream_is_already_closed_at_ReadableByteStreamController.close_(node:internal/webstreams/readablestream:1190:13)_at_node:internal/deps/undici/undici:1583:30_at_process.processTicksAndRejections_(node:internal/process/task_queues:104:5) message="Invalid state: ReadableStream is already closed"
[2026-09-09 12:43:21.126] [debug] [api] [HASTE Theme Sync] Applied local UI theme: isDark=false
[2026-09-09 12:43:21.133] [info]  [HASTE DB Save] Settings category "information" has been updated and saved to SQLite successfully.
[2026-09-09 12:43:21.193] [debug] [api] [HASTE DevTools Sync] Current window DevTools opened state: false, Target state: false
[2026-09-09 12:43:21.213] [info]  [HASTE DB Save] Settings category "information" has been updated and saved to SQLite successfully.
[2026-09-09 12:43:21.216] [info]  [HASTE DB Save] Settings category "coffee" has been updated and saved to SQLite successfully.
[2026-09-09 12:43:21.300] [info]  [HASTE DB Save] Settings category "information" has been updated and saved to SQLite successfully.
[2026-09-09 12:43:21.304] [info]  [HASTE DB Save] Settings category "information" has been updated and saved to SQLite successfully.
[2026-09-09 12:43:21.309] [info]  [HASTE DB Save] Settings category "information" has been updated and saved to SQLite successfully.
[2026-09-09 12:43:21.662] [info]  [HASTE DB Save] Settings category "information" has been updated and saved to SQLite successfully.
[2026-09-09 12:43:21.909] [info]  [HASTE DB Save] Settings category "information" has been updated and saved to SQLite successfully.
[2026-09-09 12:43:21.913] [info]  [task] [SYS:OP_601] STAT:200 [H:HASTE_ENC:4f4f4e074d0dcea6c31fa1e8:7dc8f99ffa30fb4de76c2f51c0a6ee51:934cb7c9d90d12d011d07824cb38f980ed6bcba630efbc1af359311d66ae27c731cac2083acbfddea14fe57a65aba2dbcbd8209a74f24af61e9833a49cec720fa448330f4463ef3bef0d5546673178212109b1f9d5a1174f129fbbb195e25fef2a11d85b608de934b543cb17bb7c]
[2026-09-09 12:43:23.635] [info]  [coffee] [SYS:OP_402] STAT:200 [H:HASTE_ENC:639bd6e45cf9d2f091f64a2c:8158a0d10b7e8e090caccb5bc845aee7:d7c7e1e86eb714e863ff247571fbdec64c3a7dc0e37a9c5ab4db83bf572f207717fed1090659e50ba0f957987de99aa61024183c985f5b9e2d3d9e4ac91032e8cd95ea36a2819bf2348e0b1cef6252e0d8532212c8db5730835ea634248ef9]
[2026-09-09 12:43:23.801] [debug] [coffee] [SYS:OP_402] STAT:200 [H:HASTE_ENC:6ec94823357ccdcfaf10516d:f30f223bf2a76af474f64011ac9fdb9e:c3d0209f7653db78e90d7fd1f663d02bbd26dc1028cc359c464c69c43c7d3c42dc7fe87a8acd25d94229475c91d4e55386e6f72424916600db951238ce27cb60ae78f7e2d4d06707eab9d6fb03f2ba5fa529dc55022737ca2051d002eb6fb5188c00fae3d43dcd30992beaca4ae328f51d26c3d07873]
[2026-09-09 12:43:28.254] [info]  [HASTE DB Save] Settings category "information" has been updated and saved to SQLite successfully.
[2026-09-09 12:43:28.261] [info]  [HASTE DB Save] Settings category "information" has been updated and saved to SQLite successfully.
[2026-09-09 12:43:28.264] [info]  [HASTE DB Save] Settings category "information" has been updated and saved to SQLite successfully.