[2026-09-20 00:03:05.733] [info]  [TOSS RAW ORDER] orderId=756530866472661664, items=[{"name":"바닐라라떼(디카페인)","productNo":"16711183","options":[{"optionCode":"1756058","optionName":"ICE","price":0,"quantity":1}]},{"name":"자몽에이드","productNo":"16642223","options":[]},{"name":"까망베르치즈무스","productNo":"16642242","options":[]}]
[2026-09-20 00:03:05.739] [info]  [TOSS ITEM RESOLVED] orderId=756530866472661664, item="바닐라라떼(디카페인)" (16711183) | rawOptions=[{"optionCode":"1756058","optionName":"ICE","price":0,"quantity":1}] ➔ resolved="ICE 바닐라라떼 (디카페인)" (MNI2003) steps={"step1":["CUP","ICE"],"step2":["COFFEE","61"],"step3":["ICE","6000"],"step4":["COLD_MILK","140"],"step5":["바닐라","35"]}
[2026-09-20 00:03:05.745] [info]  [TOSS ITEM RESOLVED] orderId=756530866472661664, item="자몽에이드" (16642223) | rawOptions=[] ➔ resolved="ICE 자몽에이드" (MAI4004) steps={"step1":["CUP","ICE"],"step2":["ICE",6000],"step3":["SPARKLE",240],"step4":["자몽","70"]}
[2026-09-20 00:03:05.750] [info]  [TOSS ITEM RESOLVED] orderId=756530866472661664, item="까망베르치즈무스" (16642242) | rawOptions=[] ➔ resolved="undefined" (undefined) steps=undefined
[2026-09-20 00:05:46.863] [info]  [toss] event=order.completed status=success source=toss virtual=off mode=order orderId=756530866472661664 bill=756530866472661664 menuCount=2
[2026-09-20 00:53:59.348] [info]  [TOSS RAW ORDER] orderId=756543667765297210, items=[{"name":"더블아샷추","productNo":"16642170","options":[]},{"name":"바닐라라떼","productNo":"16642172","options":[{"optionCode":"1756058","optionName":"ICE","price":0,"quantity":1}]}]
[2026-09-20 00:53:59.352] [info]  [TOSS ITEM RESOLVED] orderId=756543667765297210, item="더블아샷추" (16642170) | rawOptions=[] ➔ resolved="ICE 더블아샷추 (시그니처)" (MSI1004) steps={"step1":["CUP","ICE"],"step2":["COFFEE","45"],"step3":["ICE",6000],"step4":["COLD",115],"step5":["복숭아","55"]}
[2026-09-20 00:53:59.357] [info]  [TOSS ITEM RESOLVED] orderId=756543667765297210, item="바닐라라떼" (16642172) | rawOptions=[{"optionCode":"1756058","optionName":"ICE","price":0,"quantity":1}] ➔ resolved="ICE 바닐라라떼 (시그니처)" (MSI2003) steps={"step1":["CUP","ICE"],"step2":["COFFEE","60"],"step3":["ICE","6000"],"step4":["COLD_MILK","140"],"step5":["바닐라","35"]}
[2026-09-20 00:55:35.783] [info]  [toss] event=order.completed status=success source=toss virtual=off mode=order orderId=756543667765297210 bill=756543667765297210 menuCount=2
[2026-09-20 02:00:51.817] [info]  [TOSS RAW ORDER] orderId=756560496269245596, items=[{"name":"아메리카노","productNo":"16642168","options":[{"optionCode":"1756058","optionName":"ICE","price":0,"quantity":1}]}]
[2026-09-20 02:00:51.822] [info]  [TOSS ITEM RESOLVED] orderId=756560496269245596, item="아메리카노" (16642168) | rawOptions=[{"optionCode":"1756058","optionName":"ICE","price":0,"quantity":1}] ➔ resolved="ICE 아메리카노 (시그니처)" (MSI1002) steps={"step1":["CUP","ICE"],"step2":["COFFEE","60"],"step3":["ICE",6000],"step4":["COLD",155]}
[2026-09-20 02:02:28.317] [info]  [toss] event=order.completed status=success source=toss virtual=off mode=order orderId=756560496269245596 bill=756560496269245596 menuCount=2
[2026-09-20 02:16:25.742] [info]  [TOSS RAW ORDER] orderId=756564451200126079, items=[{"name":"자두에이드","productNo":"16642226","options":[]}]
[2026-09-20 02:16:25.747] [info]  [TOSS ITEM RESOLVED] orderId=756564451200126079, item="자두에이드" (16642226) | rawOptions=[] ➔ resolved="ICE 자두에이드" (MAI4007) steps={"step1":["CUP","ICE"],"step2":["ICE",6000],"step3":["SPARKLE",240],"step4":["자두","65"]}
[2026-09-20 02:16:51.175] [info]  [toss] event=order.completed status=success source=toss virtual=off mode=order orderId=756564451200126079 bill=756564451200126079 menuCount=1
[2026-09-20 02:17:10.244] [info]  [TOSS RAW ORDER] orderId=756564571849271160, items=[{"name":"오렌지에이드","productNo":"16642231","options":[]}]
[2026-09-20 02:17:10.249] [info]  [TOSS ITEM RESOLVED] orderId=756564571849271160, item="오렌지에이드" (16642231) | rawOptions=[] ➔ resolved="ICE 오렌지에이드" (MAI4014) steps={"step1":["CUP","ICE"],"step2":["ICE",6000],"step3":["SPARKLE",240],"step4":["오렌지","70"]}
[2026-09-20 02:17:28.300] [info]  [toss] event=order.completed status=success source=toss virtual=off mode=order orderId=756564571849271160 bill=756564571849271160 menuCount=1
[2026-09-20 02:22:00.452] [info]  [TOSS RAW ORDER] orderId=756565836285126949, items=[{"name":"오미자차","productNo":"16642201","options":[{"optionCode":"1756058","optionName":"ICE","price":0,"quantity":1}]},{"name":"복숭아티","productNo":"16642200","options":[{"optionCode":"1756058","optionName":"ICE","price":0,"quantity":1}]}]
[2026-09-20 02:22:00.455] [info]  [TOSS ITEM RESOLVED] orderId=756565836285126949, item="오미자차" (16642201) | rawOptions=[{"optionCode":"1756058","optionName":"ICE","price":0,"quantity":1}] ➔ resolved="ICE 오미자차" (MTI5001) steps={"step1":["CUP","ICE"],"step2":["ICE","6000"],"step3":["COLD","145"],"step4":["오미자","70"]}
[2026-09-20 02:22:00.461] [info]  [TOSS ITEM RESOLVED] orderId=756565836285126949, item="복숭아티" (16642200) | rawOptions=[{"optionCode":"1756058","optionName":"ICE","price":0,"quantity":1}] ➔ resolved="ICE 복숭아티" (MTI5000) steps={"step1":["CUP","ICE"],"step2":["ICE","6000"],"step3":["COLD","145"],"step4":["복숭아","60"],"step5":["얼그레이","10"]}
[2026-09-20 02:22:33.891] [info]  [toss] event=order.completed status=success source=toss virtual=off mode=order orderId=756565836285126949 bill=756565836285126949 menuCount=2
[2026-09-20 08:28:45.386] [info]  [TOSS RAW ORDER] orderId=756658095848488617, items=[{"name":"아샷추","productNo":"16642169","options":[]},{"name":"아메리카노","productNo":"16642168","options":[{"optionCode":"1756058","optionName":"ICE","price":0,"quantity":1}]}]
[2026-09-20 08:28:45.390] [info]  [TOSS ITEM RESOLVED] orderId=756658095848488617, item="아샷추" (16642169) | rawOptions=[] ➔ resolved="ICE 아샷추 (시그니처)" (MSI1003) steps={"step1":["CUP","ICE"],"step2":["COFFEE","45"],"step3":["ICE",6000],"step4":["COLD",115],"step5":["복숭아","55"]}
[2026-09-20 08:28:45.395] [info]  [TOSS ITEM RESOLVED] orderId=756658095848488617, item="아메리카노" (16642168) | rawOptions=[{"optionCode":"1756058","optionName":"ICE","price":0,"quantity":1}] ➔ resolved="ICE 아메리카노 (시그니처)" (MSI1002) steps={"step1":["CUP","ICE"],"step2":["COFFEE","60"],"step3":["ICE",6000],"step4":["COLD",155]}
[2026-09-20 08:30:09.281] [info]  [toss] event=order.completed status=success source=toss virtual=off mode=order orderId=756658095848488617 bill=756658095848488617 menuCount=2
[2026-09-20 08:54:47.694] [info]  [TOSS RAW ORDER] orderId=756664697699761177, items=[{"name":"슈크림샷라떼","productNo":"16642182","options":[{"optionCode":"1756058","optionName":"ICE","price":0,"quantity":1}]}]
[2026-09-20 08:54:47.699] [info]  [TOSS ITEM RESOLVED] orderId=756664697699761177, item="슈크림샷라떼" (16642182) | rawOptions=[{"optionCode":"1756058","optionName":"ICE","price":0,"quantity":1}] ➔ resolved="ICE 슈크림샷라떼 (시그니처)" (MSI2016) steps={"step1":["CUP","ICE"],"step2":["COFFEE","45"],"step3":["ICE","6000"],"step4":["COLD_MILK","160"],"step5":["슈크림","60"]}
[2026-09-20 08:55:40.524] [info]  [toss] event=order.completed status=success source=toss virtual=off mode=order orderId=756664697699761177 bill=756664697699761177 menuCount=1
[2026-09-20 08:58:43.367] [info]  [TOSS RAW ORDER] orderId=756665691598812116, items=[{"name":"아메리카노(연하게)","productNo":"17283380","options":[{"optionCode":"1756058","optionName":"ICE","price":0,"quantity":1}]}]
[2026-09-20 08:58:43.372] [info]  [TOSS ITEM RESOLVED] orderId=756665691598812116, item="아메리카노(연하게)" (17283380) | rawOptions=[{"optionCode":"1756058","optionName":"ICE","price":0,"quantity":1}] ➔ resolved="ICE 아메리카노 (시그니처) (연하게)" (MSI1001) steps={"step1":["CUP","ICE"],"step2":["COFFEE","45"],"step3":["ICE",6000],"step4":["COLD",170]}
[2026-09-20 08:59:19.115] [info]  [toss] event=order.completed status=success source=toss virtual=off mode=order orderId=756665691598812116 bill=756665691598812116 menuCount=1
[2026-09-20 09:27:02.231] [info]  [TOSS RAW ORDER] orderId=756672780589136807, items=[{"name":"모카번","productNo":"16642253","options":[]},{"name":"마카롱","productNo":"16642251","options":[]},{"name":"아메리카노","productNo":"16642168","options":[{"optionCode":"1756057","optionName":"HOT","price":0,"quantity":1}]},{"name":"아메리카노","productNo":"16642168","options":[{"optionCode":"1756058","optionName":"ICE","price":0,"quantity":1}]}]
[2026-09-20 09:27:02.235] [info]  [TOSS ITEM RESOLVED] orderId=756672780589136807, item="모카번" (16642253) | rawOptions=[] ➔ resolved="undefined" (undefined) steps=undefined
[2026-09-20 09:27:02.238] [info]  [TOSS ITEM RESOLVED] orderId=756672780589136807, item="마카롱" (16642251) | rawOptions=[] ➔ resolved="마카롱" (16642251) steps={}
[2026-09-20 09:27:02.246] [info]  [TOSS ITEM RESOLVED] orderId=756672780589136807, item="아메리카노" (16642168) | rawOptions=[{"optionCode":"1756057","optionName":"HOT","price":0,"quantity":1}] ➔ resolved="HOT 아메리카노 (시그니처)" (GSH1002) steps={"step1":["CUP","HOT"],"step2":["COFFEE","60"],"step3":["HOT",280]}
[2026-09-20 09:27:02.250] [info]  [TOSS ITEM RESOLVED] orderId=756672780589136807, item="아메리카노" (16642168) | rawOptions=[{"optionCode":"1756058","optionName":"ICE","price":0,"quantity":1}] ➔ resolved="ICE 아메리카노 (시그니처)" (MSI1002) steps={"step1":["CUP","ICE"],"step2":["COFFEE","60"],"step3":["ICE",6000],"step4":["COLD",155]}
[2026-09-20 09:28:47.048] [info]  [toss] event=order.completed status=success source=toss virtual=off mode=order orderId=756672780589136807 bill=756672780589136807 menuCount=2
[2026-09-20 10:15:42.276] [info]  [TOSS RAW ORDER] orderId=756685058323561267, items=[{"name":"아메리카노","productNo":"16642168","options":[{"optionCode":"1756058","optionName":"ICE","price":0,"quantity":1}]}]
[2026-09-20 10:15:42.282] [info]  [TOSS ITEM RESOLVED] orderId=756685058323561267, item="아메리카노" (16642168) | rawOptions=[{"optionCode":"1756058","optionName":"ICE","price":0,"quantity":1}] ➔ resolved="ICE 아메리카노 (시그니처)" (MSI1002) steps={"step1":["CUP","ICE"],"step2":["COFFEE","60"],"step3":["ICE",6000],"step4":["COLD",155]}
[2026-09-20 10:17:01.356] [info]  [toss] event=order.completed status=success source=toss virtual=off mode=order orderId=756685058323561267 bill=756685058323561267 menuCount=1
[2026-09-20 11:11:59.833] [info]  [TOSS RAW ORDER] orderId=756699230570607043, items=[{"name":"아메리카노(연하게)","productNo":"17283380","options":[{"optionCode":"1756058","optionName":"ICE","price":0,"quantity":1}]}]
[2026-09-20 11:11:59.845] [info]  [TOSS ITEM RESOLVED] orderId=756699230570607043, item="아메리카노(연하게)" (17283380) | rawOptions=[{"optionCode":"1756058","optionName":"ICE","price":0,"quantity":1}] ➔ resolved="ICE 아메리카노 (시그니처) (연하게)" (MSI1001) steps={"step1":["CUP","ICE"],"step2":["COFFEE","45"],"step3":["ICE",6000],"step4":["COLD",170]}
[2026-09-20 11:12:45.646] [info]  [toss] event=order.completed status=success source=toss virtual=off mode=order orderId=756699230570607043 bill=756699230570607043 menuCount=1
[2026-09-20 12:33:12.794] [info]  [TOSS RAW ORDER] orderId=756719659930666898, items=[{"name":"딸기초코라떼","productNo":"16659478","options":[{"optionCode":"1756058","optionName":"ICE","price":0,"quantity":1}]}]
[2026-09-20 12:33:12.802] [info]  [TOSS ITEM RESOLVED] orderId=756719659930666898, item="딸기초코라떼" (16659478) | rawOptions=[{"optionCode":"1756058","optionName":"ICE","price":0,"quantity":1}] ➔ resolved="ICE 딸기라떼 (초코)" (MMI3002) steps={"step1":["CUP","ICE"],"step2":["ICE",6000],"step3":["COLD_MILK",180],"step4":["딸기",30],"step5":["초코",30]}
[2026-09-20 12:33:44.235] [info]  [toss] event=order.completed status=success source=toss virtual=off mode=order orderId=756719659930666898 bill=756719659930666898 menuCount=1
[2026-09-20 12:50:27.770] [info]  [TOSS RAW ORDER] orderId=756724012632552647, items=[{"name":"카페라떼","productNo":"16642171","options":[{"optionCode":"1756058","optionName":"ICE","price":0,"quantity":1},{"optionCode":"1756059","optionName":"시그니처","price":0,"quantity":1}]}]
[2026-09-20 12:50:27.779] [info]  [TOSS ITEM RESOLVED] orderId=756724012632552647, item="카페라떼" (16642171) | rawOptions=[{"optionCode":"1756058","optionName":"ICE","price":0,"quantity":1},{"optionCode":"1756059","optionName":"시그니처","price":0,"quantity":1}] ➔ resolved="ICE 카페라떼 (시그니처)" (MSI2001) steps={"step1":["CUP","ICE"],"step2":["COFFEE",60],"step3":["ICE",6000],"step4":["COLD_MILK",160]}
[2026-09-20 12:51:48.858] [info]  [toss] event=order.completed status=success source=toss virtual=off mode=order orderId=756724012632552647 bill=756724012632552647 menuCount=1
[2026-09-20 12:54:47.555] [info]  [manual] event=order.received status=success source=manual virtual=off mode=test orderId=INSTANT-1789876487227 bill=0000 menuCount=1 mappings=[{"baseCode":"MNI9001","recipeCode":"MNI9001","matchedMenuName":"생과일_수박주스","stepsSummary":"CUP:ICE,_ICE:6.5,_SIRUP1:280,_NONE:NONE,_NONE:NONE,_NONE:NONE,_NONE:NONE,_NONE:NONE,_NONE:NONE,_NONE:NONE"}] isTestBrew=true
[2026-09-20 13:01:05.838] [info]  [TOSS RAW ORDER] orderId=756726690821647612, items=[{"name":"아메리카노","productNo":"16642168","options":[{"optionCode":"1756058","optionName":"ICE","price":0,"quantity":1},{"optionCode":"1756059","optionName":"시그니처","price":0,"quantity":1},{"optionCode":"1757867","optionName":"연하게","price":0,"quantity":1}]}]
[2026-09-20 13:01:05.845] [info]  [TOSS ITEM RESOLVED] orderId=756726690821647612, item="아메리카노" (16642168) | rawOptions=[{"optionCode":"1756058","optionName":"ICE","price":0,"quantity":1},{"optionCode":"1756059","optionName":"시그니처","price":0,"quantity":1},{"optionCode":"1757867","optionName":"연하게","price":0,"quantity":1}] ➔ resolved="ICE 아메리카노 (시그니처) (연하게)" (MSI1001) steps={"step1":["CUP","ICE"],"step2":["COFFEE",45],"step3":["ICE",6000],"step4":["COLD",170]}
[2026-09-20 13:02:29.190] [info]  [toss] event=order.completed status=success source=toss virtual=off mode=order orderId=756726690821647612 bill=756726690821647612 menuCount=1
[2026-09-20 13:19:13.759] [info]  [TOSS RAW ORDER] orderId=756731252827551379, items=[{"name":"아메리카노(연하게)","productNo":"17283380","options":[{"optionCode":"1756058","optionName":"ICE","price":0,"quantity":1}]}]
[2026-09-20 13:19:13.772] [info]  [TOSS ITEM RESOLVED] orderId=756731252827551379, item="아메리카노(연하게)" (17283380) | rawOptions=[{"optionCode":"1756058","optionName":"ICE","price":0,"quantity":1}] ➔ resolved="ICE 아메리카노 (시그니처) (연하게)" (MSI1001) steps={"step1":["CUP","ICE"],"step2":["COFFEE",45],"step3":["ICE",6000],"step4":["COLD",170]}
[2026-09-20 13:19:49.188] [info]  [toss] event=order.completed status=success source=toss virtual=off mode=order orderId=756731252827551379 bill=756731252827551379 menuCount=1
[2026-09-20 13:29:35.670] [info]  [TOSS RAW ORDER] orderId=756733850091584858, items=[{"name":"아메리카노(디카페인)","productNo":"16711181","options":[{"optionCode":"1756058","optionName":"ICE","price":0,"quantity":1},{"optionCode":"1757867","optionName":"연하게","price":0,"quantity":1}]},{"name":"아메리카노","productNo":"16642168","options":[{"optionCode":"1756058","optionName":"ICE","price":0,"quantity":1}]}]
[2026-09-20 13:29:35.677] [info]  [TOSS ITEM RESOLVED] orderId=756733850091584858, item="아메리카노(디카페인)" (16711181) | rawOptions=[{"optionCode":"1756058","optionName":"ICE","price":0,"quantity":1},{"optionCode":"1757867","optionName":"연하게","price":0,"quantity":1}] ➔ resolved="ICE 아메리카노 (디카페인) (연하게)" (MNI1001) steps={"step1":["CUP","ICE"],"step2":["COFFEE",46],"step3":["ICE",6000],"step4":["COLD",170]}
[2026-09-20 13:29:35.685] [info]  [TOSS ITEM RESOLVED] orderId=756733850091584858, item="아메리카노" (16642168) | rawOptions=[{"optionCode":"1756058","optionName":"ICE","price":0,"quantity":1}] ➔ resolved="ICE 아메리카노 (시그니처)" (MSI1002) steps={"step1":["CUP","ICE"],"step2":["COFFEE",60],"step3":["ICE",6000],"step4":["COLD",155]}
[2026-09-20 13:31:02.593] [info]  [toss] event=order.completed status=success source=toss virtual=off mode=order orderId=756733850091584858 bill=756733850091584858 menuCount=2
[2026-09-20 13:46:09.830] [info]  [TOSS RAW ORDER] orderId=756738032697810046, items=[{"name":"복숭아에이드","productNo":"16642230","options":[]}]
[2026-09-20 13:46:09.835] [info]  [TOSS ITEM RESOLVED] orderId=756738032697810046, item="복숭아에이드" (16642230) | rawOptions=[] ➔ resolved="ICE 복숭아에이드" (MAI4013) steps={"step1":["CUP","ICE"],"step2":["ICE",6000],"step3":["SPARKLE",220],"step4":["복숭아",60]}
[2026-09-20 13:46:36.473] [info]  [toss] event=order.completed status=success source=toss virtual=off mode=order orderId=756738032697810046 bill=756738032697810046 menuCount=1
[2026-09-20 14:18:46.738] [info]  [TOSS RAW ORDER] orderId=756746241256955780, items=[{"name":"아메리카노","productNo":"16642168","options":[{"optionCode":"1756058","optionName":"ICE","price":0,"quantity":1},{"optionCode":"1756059","optionName":"시그니처","price":0,"quantity":1}]}]
[2026-09-20 14:18:46.744] [info]  [TOSS ITEM RESOLVED] orderId=756746241256955780, item="아메리카노" (16642168) | rawOptions=[{"optionCode":"1756058","optionName":"ICE","price":0,"quantity":1},{"optionCode":"1756059","optionName":"시그니처","price":0,"quantity":1}] ➔ resolved="ICE 아메리카노 (시그니처)" (MSI1002) steps={"step1":["CUP","ICE"],"step2":["COFFEE",60],"step3":["ICE",6000],"step4":["COLD",155]}
[2026-09-20 14:19:26.942] [info]  [toss] event=order.completed status=success source=toss virtual=off mode=order orderId=756746241256955780 bill=756746241256955780 menuCount=1
[2026-09-20 14:27:53.202] [info]  [TOSS RAW ORDER] orderId=756748530013145226, items=[{"name":"아메리카노","productNo":"16642168","options":[{"optionCode":"1756058","optionName":"ICE","price":0,"quantity":1},{"optionCode":"1756059","optionName":"시그니처","price":0,"quantity":1},{"optionCode":"1757867","optionName":"연하게","price":0,"quantity":1}]}]
[2026-09-20 14:27:53.208] [info]  [TOSS ITEM RESOLVED] orderId=756748530013145226, item="아메리카노" (16642168) | rawOptions=[{"optionCode":"1756058","optionName":"ICE","price":0,"quantity":1},{"optionCode":"1756059","optionName":"시그니처","price":0,"quantity":1},{"optionCode":"1757867","optionName":"연하게","price":0,"quantity":1}] ➔ resolved="ICE 아메리카노 (시그니처) (연하게)" (MSI1001) steps={"step1":["CUP","ICE"],"step2":["COFFEE",45],"step3":["ICE",6000],"step4":["COLD",170]}
[2026-09-20 14:28:29.888] [info]  [toss] event=order.completed status=success source=toss virtual=off mode=order orderId=756748530013145226 bill=756748530013145226 menuCount=1
[2026-09-20 15:04:32.103] [info]  [TOSS RAW ORDER] orderId=756757752155177462, items=[{"name":"아메리카노","productNo":"16642168","options":[{"optionCode":"1756058","optionName":"ICE","price":0,"quantity":1}]}]
[2026-09-20 15:04:32.108] [info]  [TOSS ITEM RESOLVED] orderId=756757752155177462, item="아메리카노" (16642168) | rawOptions=[{"optionCode":"1756058","optionName":"ICE","price":0,"quantity":1}] ➔ resolved="ICE 아메리카노 (시그니처)" (MSI1002) steps={"step1":["CUP","ICE"],"step2":["COFFEE",60],"step3":["ICE",6000],"step4":["COLD",155]}
[2026-09-20 15:05:15.137] [info]  [toss] event=order.completed status=success source=toss virtual=off mode=order orderId=756757752155177462 bill=756757752155177462 menuCount=1
[2026-09-20 15:17:43.650] [info]  [TOSS RAW ORDER] orderId=756761044708983895, items=[{"name":"쇼콜라크레이프","productNo":"16642241","options":[]},{"name":"마카롱","productNo":"16642251","options":[]},{"name":"크로플","productNo":"16642245","options":[]}]
[2026-09-20 15:17:43.655] [info]  [TOSS ITEM RESOLVED] orderId=756761044708983895, item="쇼콜라크레이프" (16642241) | rawOptions=[] ➔ resolved="undefined" (undefined) steps=undefined
[2026-09-20 15:17:43.657] [info]  [TOSS ITEM RESOLVED] orderId=756761044708983895, item="마카롱" (16642251) | rawOptions=[] ➔ resolved="마카롱" (16642251) steps={}
[2026-09-20 15:17:43.664] [info]  [TOSS ITEM RESOLVED] orderId=756761044708983895, item="크로플" (16642245) | rawOptions=[] ➔ resolved="undefined" (undefined) steps=undefined
[2026-09-20 15:17:43.676] [info]  [toss] event=order.completed status=success source=toss virtual=on mode=order orderId=756761044708983895 bill=756761044708983895 menuCount=0
[2026-09-20 15:37:12.719] [info]  [TOSS RAW ORDER] orderId=756765955504967039, items=[{"name":"바닐라라떼","productNo":"16642172","options":[{"optionCode":"1756058","optionName":"ICE","price":0,"quantity":1}]}]
[2026-09-20 15:37:12.726] [info]  [TOSS ITEM RESOLVED] orderId=756765955504967039, item="바닐라라떼" (16642172) | rawOptions=[{"optionCode":"1756058","optionName":"ICE","price":0,"quantity":1}] ➔ resolved="ICE 바닐라라떼 (시그니처)" (MSI2003) steps={"step1":["CUP","ICE"],"step2":["COFFEE",60],"step3":["ICE",6000],"step4":["COLD_MILK",140],"step5":["바닐라",35]}
[2026-09-20 15:38:24.207] [info]  [toss] event=order.completed status=success source=toss virtual=off mode=order orderId=756765955504967039 bill=756765955504967039 menuCount=1
[2026-09-20 16:00:44.685] [info]  [TOSS RAW ORDER] orderId=756771843175319745, items=[{"name":"자두에이드","productNo":"16642226","options":[]}]
[2026-09-20 16:00:44.691] [info]  [TOSS ITEM RESOLVED] orderId=756771843175319745, item="자두에이드" (16642226) | rawOptions=[] ➔ resolved="ICE 자두에이드" (MAI4007) steps={"step1":["CUP","ICE"],"step2":["ICE",6000],"step3":["SPARKLE",220],"step4":["자두",65]}
[2026-09-20 16:01:09.968] [info]  [toss] event=order.completed status=success source=toss virtual=off mode=order orderId=756771843175319745 bill=756771843175319745 menuCount=1
[2026-09-20 16:02:56.661] [info]  [TOSS RAW ORDER] orderId=756772424262589767, items=[{"name":"카페라떼","productNo":"16642171","options":[{"optionCode":"1756058","optionName":"ICE","price":0,"quantity":1}]}]
[2026-09-20 16:02:56.670] [info]  [TOSS ITEM RESOLVED] orderId=756772424262589767, item="카페라떼" (16642171) | rawOptions=[{"optionCode":"1756058","optionName":"ICE","price":0,"quantity":1}] ➔ resolved="ICE 카페라떼 (시그니처)" (MSI2001) steps={"step1":["CUP","ICE"],"step2":["COFFEE",60],"step3":["ICE",6000],"step4":["COLD_MILK",160]}
[2026-09-20 16:03:54.957] [info]  [toss] event=order.completed status=success source=toss virtual=off mode=order orderId=756772424262589767 bill=756772424262589767 menuCount=1
[2026-09-20 16:55:54.819] [info]  [TOSS RAW ORDER] orderId=756785750614955374, items=[{"name":"녹차샷라떼","productNo":"16642178","options":[{"optionCode":"1756058","optionName":"ICE","price":0,"quantity":1}]}]
[2026-09-20 16:55:54.825] [info]  [TOSS ITEM RESOLVED] orderId=756785750614955374, item="녹차샷라떼" (16642178) | rawOptions=[{"optionCode":"1756058","optionName":"ICE","price":0,"quantity":1}] ➔ resolved="ICE 녹차샷라떼 (시그니처)" (MSI2012) steps={"step1":["CUP","ICE"],"step2":["COFFEE",45],"step3":["ICE",6000],"step4":["COLD_MILK",160],"step5":["녹차",40],"step6":["설탕",10]}
[2026-09-20 16:56:48.490] [info]  [toss] event=order.completed status=success source=toss virtual=off mode=order orderId=756785750614955374 bill=756785750614955374 menuCount=1
[2026-09-20 16:57:14.571] [info]  [TOSS RAW ORDER] orderId=756786076621427138, items=[{"name":"아메리카노(연하게)","productNo":"17283380","options":[{"optionCode":"1756058","optionName":"ICE","price":0,"quantity":1}]}]
[2026-09-20 16:57:14.577] [info]  [TOSS ITEM RESOLVED] orderId=756786076621427138, item="아메리카노(연하게)" (17283380) | rawOptions=[{"optionCode":"1756058","optionName":"ICE","price":0,"quantity":1}] ➔ resolved="ICE 아메리카노 (시그니처) (연하게)" (MSI1001) steps={"step1":["CUP","ICE"],"step2":["COFFEE",45],"step3":["ICE",6000],"step4":["COLD",170]}
[2026-09-20 16:57:52.773] [info]  [toss] event=order.completed status=success source=toss virtual=off mode=order orderId=756786076621427138 bill=756786076621427138 menuCount=1
[2026-09-20 17:06:40.889] [info]  [TOSS RAW ORDER] orderId=756788443966306603, items=[{"name":"소프트콘(3줄)","productNo":"16642237","options":[]}]
[2026-09-20 17:06:40.895] [info]  [TOSS ITEM RESOLVED] orderId=756788443966306603, item="소프트콘(3줄)" (16642237) | rawOptions=[] ➔ resolved="undefined" (undefined) steps=undefined
[2026-09-20 17:06:40.907] [info]  [toss] event=order.completed status=success source=toss virtual=on mode=order orderId=756788443966306603 bill=756788443966306603 menuCount=0
[2026-09-20 17:14:29.751] [info]  [TOSS RAW ORDER] orderId=756790435233098946, items=[{"name":"소프트콘(3줄)","productNo":"16642237","options":[]}]
[2026-09-20 17:14:29.758] [info]  [TOSS ITEM RESOLVED] orderId=756790435233098946, item="소프트콘(3줄)" (16642237) | rawOptions=[] ➔ resolved="undefined" (undefined) steps=undefined
[2026-09-20 17:14:29.768] [info]  [toss] event=order.completed status=success source=toss virtual=on mode=order orderId=756790435233098946 bill=756790435233098946 menuCount=0
[2026-09-20 17:57:36.026] [info]  [TOSS RAW ORDER] orderId=756801299340287867, items=[{"name":"생과일 수박주스","productNo":"17349192","options":[]}]
[2026-09-20 17:57:36.046] [info]  [TOSS ITEM RESOLVED] orderId=756801299340287867, item="생과일 수박주스" (17349192) | rawOptions=[] ➔ resolved="생과일 수박주스" (MAI9001) steps={"step1":["CUP","ICE"],"step2":["ICE","6.5"],"step3":["수박 시럽","280"]}
[2026-09-20 17:57:36.069] [info]  [toss] event=order.completed status=success source=toss virtual=on mode=order orderId=756801299340287867 bill=756801299340287867 menuCount=0
[2026-09-20 18:22:59.602] [info]  [TOSS RAW ORDER] orderId=756807687214967869, items=[{"name":"레인보우조각케익","productNo":"17277454","options":[]},{"name":"복숭아에이드","productNo":"16642230","options":[]}]
[2026-09-20 18:22:59.604] [info]  [TOSS ITEM RESOLVED] orderId=756807687214967869, item="레인보우조각케익" (17277454) | rawOptions=[] ➔ resolved="레인보우조각케익" (17277454) steps={}
[2026-09-20 18:22:59.612] [info]  [TOSS ITEM RESOLVED] orderId=756807687214967869, item="복숭아에이드" (16642230) | rawOptions=[] ➔ resolved="ICE 복숭아에이드" (MAI4013) steps={"step1":["CUP","ICE"],"step2":["ICE",6000],"step3":["SPARKLE",220],"step4":["복숭아",60]}
[2026-09-20 18:23:34.822] [info]  [toss] event=order.completed status=success source=toss virtual=off mode=order orderId=756807687214967869 bill=756807687214967869 menuCount=1
[2026-09-20 18:29:02.032] [info]  [manual] event=order.received status=success source=manual virtual=off mode=test orderId=INSTANT-1789896541378 bill=0000 menuCount=1 mappings=[{"baseCode":"MAI9001","recipeCode":"MAI9001","matchedMenuName":"생과일_수박주스","stepsSummary":"CUP:ICE,_ICE:6.5,_수박_시럽:280,_NONE:NONE,_NONE:NONE,_NONE:NONE,_NONE:NONE,_NONE:NONE,_NONE:NONE,_NONE:NONE"}] isTestBrew=true