[2026-09-01 16:00:13.865] [info]  [manual] event=order.received status=success source=manual virtual=on mode=test orderId=INSTANT-1788246013488 bill=0000 menuCount=1 mappings=[{"baseCode":"GSH1002","recipeCode":"GSH1002","matchedMenuName":"HOT_아메리카노(시그니처)","stepsSummary":"CUP:HOT,_COFFEE:60,_HOT:280,_NONE:NONE,_NONE:NONE,_NONE:NONE,_NONE:NONE,_NONE:NONE,_NONE:NONE,_NONE:NONE"}] isTestBrew=true
[2026-09-01 16:00:20.290] [info]  [manual] event=order.completed status=success source=manual virtual=on mode=test orderId=INSTANT-1788246013488 bill=0000 menuCount=1
[2026-09-01 16:00:42.991] [info]  [manual] event=order.received status=success source=manual virtual=off mode=test orderId=INSTANT-1788246042979 bill=0000 menuCount=1 mappings=[{"baseCode":"GSH1002","recipeCode":"GSH1002","matchedMenuName":"HOT_아메리카노(시그니처)","stepsSummary":"CUP:HOT,_COFFEE:60,_HOT:280,_NONE:NONE,_NONE:NONE,_NONE:NONE,_NONE:NONE,_NONE:NONE,_NONE:NONE,_NONE:NONE"}] isTestBrew=true
[2026-09-01 16:01:26.136] [info]  [manual] event=order.completed status=success source=manual virtual=off mode=test orderId=INSTANT-1788246042979 bill=0000 menuCount=1
[2026-09-01 16:12:15.140] [info]  [toss] event=order.completed status=success source=toss virtual=on mode=order orderId=749889234301171263 bill=749889234301171263 menuCount=1
[2026-09-01 16:12:44.817] [info]  [toss] event=order.completed status=success source=toss virtual=on mode=order orderId=749889364135856863 bill=749889364135856863 menuCount=1
[2026-09-01 16:13:13.314] [info]  [toss] event=order.completed status=success source=toss virtual=on mode=order orderId=749889475201009921 bill=749889475201009921 menuCount=1
[2026-09-01 16:13:39.883] [info]  [toss] event=order.completed status=success source=toss virtual=on mode=order orderId=749889589017661416 bill=749889589017661416 menuCount=1
[2026-09-01 16:14:10.616] [info]  [toss] event=order.completed status=success source=toss virtual=on mode=order orderId=749889713101941912 bill=749889713101941912 menuCount=1
[2026-09-01 16:18:52.291] [info]  [toss] event=order.completed status=success source=toss virtual=on mode=order orderId=749890885518951956 bill=749890885518951956 menuCount=1
[2026-09-01 16:19:50.719] [info]  [toss] event=order.completed status=success source=toss virtual=on mode=order orderId=749891138884277655 bill=749891138884277655 menuCount=1
[2026-09-01 16:20:24.826] [info]  [toss] event=order.completed status=success source=toss virtual=on mode=order orderId=749891294304220745 bill=749891294304220745 menuCount=1
[2026-09-01 16:22:42.116] [info]  [toss] event=order.completed status=success source=toss virtual=on mode=order orderId=749891861655140747 bill=749891861655140747 menuCount=1
[2026-09-01 16:29:08.336] [info]  [toss] event=order.completed status=success source=toss virtual=on mode=order orderId=749893479108783669 bill=749893479108783669 menuCount=1
[2026-09-01 16:29:30.935] [info]  [toss] event=order.completed status=success source=toss virtual=on mode=order orderId=749893589590953078 bill=749893589590953078 menuCount=1
[2026-09-01 16:29:52.840] [info]  [toss] event=order.completed status=success source=toss virtual=on mode=order orderId=749893681458793743 bill=749893681458793743 menuCount=1
[2026-09-01 16:30:21.360] [info]  [toss] event=order.completed status=success source=toss virtual=on mode=order orderId=749893791748014715 bill=749893791748014715 menuCount=1
[2026-09-01 16:30:39.603] [info]  [toss] event=order.completed status=success source=toss virtual=on mode=order orderId=749893864607276187 bill=749893864607276187 menuCount=1
[2026-09-01 16:30:53.772] [info]  [toss] event=order.completed status=success source=toss virtual=on mode=order orderId=749893929652532484 bill=749893929652532484 menuCount=1
[2026-09-01 16:31:09.430] [info]  [toss] event=order.completed status=success source=toss virtual=on mode=order orderId=749893993972175054 bill=749893993972175054 menuCount=1
[2026-09-01 16:31:22.117] [info]  [toss] event=order.completed status=success source=toss virtual=on mode=order orderId=749894056983210676 bill=749894056983210676 menuCount=1
[2026-09-01 16:31:36.441] [info]  [toss] event=order.completed status=success source=toss virtual=on mode=order orderId=749894117850946020 bill=749894117850946020 menuCount=1
[2026-09-01 16:31:55.006] [info]  [toss] event=order.completed status=success source=toss virtual=on mode=order orderId=749894186243282758 bill=749894186243282758 menuCount=1
[2026-09-01 16:32:12.013] [info]  [toss] event=order.completed status=success source=toss virtual=on mode=order orderId=749894267042354208 bill=749894267042354208 menuCount=1
[2026-09-01 16:32:56.419] [info]  [toss] event=order.completed status=success source=toss virtual=on mode=order orderId=749894439629569751 bill=749894439629569751 menuCount=1
[2026-09-01 16:33:23.381] [info]  [toss] event=order.completed status=success source=toss virtual=on mode=order orderId=749894550149475398 bill=749894550149475398 menuCount=1
[2026-09-01 16:33:54.466] [info]  [toss] event=order.completed status=success source=toss virtual=on mode=order orderId=749894662917534635 bill=749894662917534635 menuCount=1
[2026-09-01 16:35:50.007] [info]  [toss] event=order.completed status=success source=toss virtual=on mode=order orderId=749894908556955759 bill=749894908556955759 menuCount=7
[2026-09-01 16:57:07.573] [info]  [toss] event=order.completed status=success source=toss virtual=off mode=order orderId=749900342286169624 bill=749900342286169624 menuCount=1
[2026-09-01 17:02:09.288] [info]  [manual] event=order.received status=success source=manual virtual=on mode=test orderId=INSTANT-1788249728963 bill=0000 menuCount=1 mappings=[{"baseCode":"GSI1001","recipeCode":"GSI1001","matchedMenuName":"ICED_아메리카노(시그니처,_연하게)","stepsSummary":"CUP:ICE,_COFFEE:30,_ICE:5000,_COLD:160,_NONE:NONE,_NONE:NONE,_NONE:NONE,_NONE:NONE,_NONE:NONE,_NONE:NONE"}] isTestBrew=true
[2026-09-01 17:02:16.997] [info]  [manual] event=order.completed status=success source=manual virtual=on mode=test orderId=INSTANT-1788249728963 bill=0000 menuCount=1
[2026-09-01 17:21:55.273] [info]  [toss] event=order.completed status=success source=toss virtual=off mode=order orderId=749906706274258334 bill=749906706274258334 menuCount=1