[2026-09-24 00:01:37.885] [info]  [TOSS RAW ORDER] orderId=757980096093872906, items=[{"name":"아메리카노","productNo":"16642168","options":[{"optionCode":"1756058","optionName":"ICE","price":0,"quantity":1}]}]
[2026-09-24 00:01:37.890] [info]  [TOSS ITEM RESOLVED] orderId=757980096093872906, item="아메리카노" (16642168) | rawOptions=[{"optionCode":"1756058","optionName":"ICE","price":0,"quantity":1}] ➔ resolved="ICE 아메리카노 (시그니처)" (MSI1002) steps={"step1":["CUP","ICE"],"step2":["COFFEE",60],"step3":["ICE",6000],"step4":["COLD",155]}
[2026-09-24 00:02:26.238] [info]  [toss] event=order.completed status=success source=toss virtual=off mode=order orderId=757980096093872906 bill=757980096093872906 menuCount=1
[2026-09-24 00:23:41.253] [info]  [TOSS RAW ORDER] orderId=757985650820364299, items=[{"name":"청포도에이드","productNo":"16642225","options":[]},{"name":"자두에이드","productNo":"16642226","options":[]},{"name":"복숭아에이드","productNo":"16642230","options":[]}]
[2026-09-24 00:23:41.268] [info]  [TOSS ITEM RESOLVED] orderId=757985650820364299, item="청포도에이드" (16642225) | rawOptions=[] ➔ resolved="ICE 청포도에이드" (MAI4006) steps={"step1":["CUP","ICE"],"step2":["ICE",6000],"step3":["SPARKLE",240],"step4":["청포도","70"]}
[2026-09-24 00:23:41.283] [info]  [TOSS ITEM RESOLVED] orderId=757985650820364299, item="자두에이드" (16642226) | rawOptions=[] ➔ resolved="ICE 자두에이드" (MAI4007) steps={"step1":["CUP","ICE"],"step2":["ICE",6000],"step3":["SPARKLE",240],"step4":["자두","65"]}
[2026-09-24 00:23:41.296] [info]  [TOSS ITEM RESOLVED] orderId=757985650820364299, item="복숭아에이드" (16642230) | rawOptions=[] ➔ resolved="ICE 복숭아에이드" (MAI4013) steps={"step1":["CUP","ICE"],"step2":["ICE",6000],"step3":["SPARKLE",240],"step4":["복숭아","60"]}
[2026-09-24 00:24:29.531] [info]  [toss] event=order.completed status=success source=toss virtual=off mode=order orderId=757985650820364299 bill=757985650820364299 menuCount=1
[2026-09-24 00:28:39.437] [info]  [TOSS RAW ORDER] orderId=757986901960279152, items=[{"name":"청포도에이드","productNo":"16642225","options":[]}]
[2026-09-24 00:28:39.450] [info]  [TOSS ITEM RESOLVED] orderId=757986901960279152, item="청포도에이드" (16642225) | rawOptions=[] ➔ resolved="ICE 청포도에이드" (MAI4006) steps={"step1":["CUP","ICE"],"step2":["ICE",6000],"step3":["SPARKLE",240],"step4":["청포도","70"]}
[2026-09-24 00:29:05.175] [info]  [toss] event=order.completed status=success source=toss virtual=off mode=order orderId=757986901960279152 bill=757986901960279152 menuCount=1
[2026-09-24 00:30:15.031] [info]  [TOSS RAW ORDER] orderId=757987304818991842, items=[{"name":"청포도에이드","productNo":"16642225","options":[]}]
[2026-09-24 00:30:15.037] [info]  [TOSS ITEM RESOLVED] orderId=757987304818991842, item="청포도에이드" (16642225) | rawOptions=[] ➔ resolved="ICE 청포도에이드" (MAI4006) steps={"step1":["CUP","ICE"],"step2":["ICE",6000],"step3":["SPARKLE",240],"step4":["청포도","70"]}
[2026-09-24 00:30:38.909] [info]  [toss] event=order.completed status=success source=toss virtual=off mode=order orderId=757987304818991842 bill=757987304818991842 menuCount=1
[2026-09-24 00:50:41.519] [info]  [TOSS RAW ORDER] orderId=757992432154296502, items=[{"name":"소프트콘(3줄)","productNo":"16642237","options":[]}]
[2026-09-24 00:50:41.535] [info]  [TOSS ITEM RESOLVED] orderId=757992432154296502, item="소프트콘(3줄)" (16642237) | rawOptions=[] ➔ resolved="undefined" (undefined) steps=undefined
[2026-09-24 00:50:41.556] [info]  [toss] event=order.completed status=success source=toss virtual=on mode=order orderId=757992432154296502 bill=757992432154296502 menuCount=0
[2026-09-24 01:04:44.437] [info]  [TOSS RAW ORDER] orderId=757995966409074004, items=[{"name":"아메리카노","productNo":"16642168","options":[{"optionCode":"1756058","optionName":"ICE","price":0,"quantity":1}]}]
[2026-09-24 01:04:44.460] [info]  [TOSS ITEM RESOLVED] orderId=757995966409074004, item="아메리카노" (16642168) | rawOptions=[{"optionCode":"1756058","optionName":"ICE","price":0,"quantity":1}] ➔ resolved="ICE 아메리카노 (시그니처)" (MSI1002) steps={"step1":["CUP","ICE"],"step2":["COFFEE","60"],"step3":["ICE",6000],"step4":["COLD",155]}
[2026-09-24 01:05:30.683] [info]  [toss] event=order.completed status=success source=toss virtual=off mode=order orderId=757995966409074004 bill=757995966409074004 menuCount=1
[2026-09-24 01:07:06.943] [info]  [TOSS RAW ORDER] orderId=757996584381034081, items=[{"name":"청포도에이드","productNo":"16642225","options":[]}]
[2026-09-24 01:07:06.958] [info]  [TOSS ITEM RESOLVED] orderId=757996584381034081, item="청포도에이드" (16642225) | rawOptions=[] ➔ resolved="ICE 청포도에이드" (MAI4006) steps={"step1":["CUP","ICE"],"step2":["ICE",6000],"step3":["SPARKLE",240],"step4":["청포도","70"]}
[2026-09-24 01:07:33.404] [info]  [toss] event=order.completed status=success source=toss virtual=off mode=order orderId=757996584381034081 bill=757996584381034081 menuCount=1
[2026-09-24 01:07:47.968] [info]  [TOSS RAW ORDER] orderId=757996756653689651, items=[{"name":"복숭아에이드","productNo":"16642230","options":[]}]
[2026-09-24 01:07:47.979] [info]  [TOSS ITEM RESOLVED] orderId=757996756653689651, item="복숭아에이드" (16642230) | rawOptions=[] ➔ resolved="ICE 복숭아에이드" (MAI4013) steps={"step1":["CUP","ICE"],"step2":["ICE",6000],"step3":["SPARKLE",240],"step4":["복숭아","60"]}
[2026-09-24 01:08:16.570] [info]  [toss] event=order.completed status=success source=toss virtual=off mode=order orderId=757996756653689651 bill=757996756653689651 menuCount=1
[2026-09-24 01:15:18.860] [info]  [TOSS RAW ORDER] orderId=757998634791715123, items=[{"name":"아메리카노","productNo":"16642168","options":[{"optionCode":"1756058","optionName":"ICE","price":0,"quantity":1}]}]
[2026-09-24 01:15:18.868] [info]  [TOSS ITEM RESOLVED] orderId=757998634791715123, item="아메리카노" (16642168) | rawOptions=[{"optionCode":"1756058","optionName":"ICE","price":0,"quantity":1}] ➔ resolved="ICE 아메리카노 (시그니처)" (MSI1002) steps={"step1":["CUP","ICE"],"step2":["COFFEE","60"],"step3":["ICE",6000],"step4":["COLD",155]}
[2026-09-24 01:17:48.746] [info]  [toss] event=order.completed status=success source=toss virtual=off mode=order orderId=757998634791715123 bill=757998634791715123 menuCount=2
[2026-09-24 08:12:35.939] [info]  [TOSS RAW ORDER] orderId=758103657781505985, items=[{"name":"아메리카노","productNo":"16642168","options":[{"optionCode":"1756058","optionName":"ICE","price":0,"quantity":1}]}]
[2026-09-24 08:12:35.999] [info]  [TOSS ITEM RESOLVED] orderId=758103657781505985, item="아메리카노" (16642168) | rawOptions=[{"optionCode":"1756058","optionName":"ICE","price":0,"quantity":1}] ➔ resolved="ICE 아메리카노 (시그니처)" (MSI1002) steps={"step1":["CUP","ICE"],"step2":["COFFEE","60"],"step3":["ICE",6000],"step4":["COLD",155]}
[2026-09-24 08:13:18.397] [info]  [toss] event=order.completed status=success source=toss virtual=off mode=order orderId=758103657781505985 bill=758103657781505985 menuCount=1