[2026-08-24 00:08:18.213] [info]  [HASTE DB Load] Loaded settings from SQLite database successfully. StoreName: "김포집", StoreNo: "01012345678", ThemeMode: "Light", isKioskDryRun: "false"
[2026-08-24 00:08:18.655] [info]  [app] event=app.startup status=started appVersion=3.1.2r50 packaged=false
[2026-08-24 00:08:18.737] [info]  [app] event=app.window status=success
[2026-08-24 00:08:18.803] [info]  [app] event=app.tray status=success
[2026-08-24 00:08:18.805] [info]  [app] event=updater.check status=ignored reason=store_managed_distribution
[2026-08-24 00:08:18.813] [info]  [app] event=app.ipc status=success
[2026-08-24 00:08:18.856] [info]  [app] event=task.start status=success
[2026-08-24 00:08:18.860] [debug] [api] [api] event=settings.change status=success port=8080 posStoreNo=01012345678 deviceModelId=D0000
[2026-08-24 00:08:18.870] [info]  [api] [HASTE] Found SSL Certificates at: C:\Users\김성규\Desktop\HASTE-AI\src\cafehaste-client\src\lilly-electron\resources
[2026-08-24 00:08:18.880] [info]  [api] [HASTE] Started HTTP Hono Server on port 8080 (Toss Place HTTP Mode).
[2026-08-24 00:08:18.885] [info]  [api] [HASTE] Started HTTPS Hono Server on port 8443 (Toss Kiosk Mode).
[2026-08-24 00:08:18.888] [debug] [api] [api] event=api.server status=success port=8080 host=0.0.0.0
[2026-08-24 00:08:18.895] [info]  [serialport] [serialport] event=serialport.connect status=started scope=all
[2026-08-24 00:08:18.900] [debug] [coffee] [coffee] event=settings.change status=success field=thirdpartyType value=Lilly_(WMF)
[2026-08-24 00:08:18.905] [debug] [coffee] [coffee] event=coffee.socket status=started transport=ws machineName=WMF model=Lilly_(WMF) ip=192.168.10.99 port=25000
[2026-08-24 00:08:18.921] [debug] [coffee] [coffee] event=temperature.change status=success
[2026-08-24 00:08:18.925] [debug] [api] [api] event=did.callback status=ignored reason=local_did_not_open screen=temperature
[2026-08-24 00:08:18.932] [info]  [HASTE DB Save] Settings category "inventory" has been updated and saved to SQLite successfully.
[2026-08-24 00:08:18.936] [info]  [HASTE DB Save] Settings category "inventory" has been updated and saved to SQLite successfully.
[2026-08-24 00:08:18.938] [info]  [serialport] [serialport] event=serialport.connect status=started scope=all
[2026-08-24 00:08:18.944] [info]  [HASTE DB Save] Settings category "inventory" has been updated and saved to SQLite successfully.
[2026-08-24 00:08:18.948] [info]  [HASTE DB Save] Settings category "inventory" has been updated and saved to SQLite successfully.
[2026-08-24 00:08:18.951] [debug] [api] [HASTE Theme Sync] Applied local UI theme: isDark=false
[2026-08-24 00:08:18.960] [debug] [api] [api] event=did.callback status=started target=local screen=/ reason=local_api_down
[2026-08-24 00:08:18.967] [info]  [app] event=app.startup status=success message="subscriptions registered"
[2026-08-24 00:08:18.970] [debug] [task] [task] event=scheduler.change status=success routine=FOAMER_RINSING intervalSec=6000 normalizedIntervalSec=6000
[2026-08-24 00:08:18.976] [debug] [task] [task] event=scheduler.change status=success routine=WARM_RINSING intervalSec=0 normalizedIntervalSec=0
[2026-08-24 00:08:18.980] [debug] [task] [task] event=scheduler.change status=success routine=MIXER_RINSING intervalSec=0 normalizedIntervalSec=0
[2026-08-24 00:08:18.983] [debug] [task] [task] event=scheduler.change status=success routine=ERROR_CHECK intervalSec=1800 normalizedIntervalSec=1800
[2026-08-24 00:08:18.987] [debug] [task] [task] event=scheduler.change status=success routine=ICE_MAKER intervalSec=1800 normalizedIntervalSec=1800
[2026-08-24 00:08:18.989] [debug] [task] [task] event=scheduler.change status=success routine=TEMP_CHECK intervalSec=600 normalizedIntervalSec=600
[2026-08-24 00:08:18.992] [debug] [app] event=scheduler.change status=success routine=license.verify intervalSec=86400
[2026-08-24 00:08:18.993] [info]  [app] event=app.startup status=success message="schedulers registered"
[2026-08-24 00:08:18.996] [info]  [HASTE Guard] enableHasteAgent is false (OFF). Skipping agent bot launch.
[2026-08-24 00:08:19.016] [error] [serialport] [serialport] event=serialport.error status=failed reason=port_error boardName=board1 port=COM6 message="Opening COM6: File not found"
[2026-08-24 00:08:19.020] [error] [serialport] [serialport] event=serialport.error status=failed reason=port_error boardName=board2 port=COM7 message="Opening COM7: File not found"
[2026-08-24 00:08:19.023] [error] [serialport] [serialport] event=serialport.error status=failed reason=port_error boardName=board1 port=COM6 message="Opening COM6: File not found"
[2026-08-24 00:08:19.027] [error] [serialport] [serialport] event=serialport.error status=failed reason=port_error boardName=board2 port=COM7 message="Opening COM7: File not found"
[2026-08-24 00:08:19.030] [debug] [api] [HASTE DevTools Sync] Current window DevTools opened state: false, Target state: false
[2026-08-24 00:08:19.273] [info]  [HASTE DB Save] Settings category "information" has been updated and saved to SQLite successfully.
[2026-08-24 00:08:19.440] [info]  [HASTE DB Save] Settings category "information" has been updated and saved to SQLite successfully.
[2026-08-24 00:08:19.441] [info]  [app] event=license.verify status=success state=approved storeId=01012345678
[2026-08-24 00:08:23.921] [error] [coffee] [coffee] event=coffee.socket status=failed reason=open_timeout transport=ws machineName=WMF model=Lilly_(WMF) ip=192.168.10.99 port=25000
[2026-08-24 00:08:23.924] [error] [coffee] [coffee] event=coffee.socket status=failed reason=connect_failed transport=ws machineName=WMF model=Lilly_(WMF) ip=192.168.10.99 port=25000
[2026-08-24 00:08:40.035] [error] [coffee] [coffee] event=coffee.socket status=failed reason=ws_error machineName=WMF model=Lilly_(WMF) ip=192.168.10.99 port=25000 message="connect ETIMEDOUT 192.168.10.99:25000"
[2026-08-24 00:10:17.937] [info]  [HASTE DB Load] Loaded settings from SQLite database successfully. StoreName: "김포집", StoreNo: "01012345678", ThemeMode: "Light", isKioskDryRun: "false"
[2026-08-24 00:10:18.433] [info]  [app] event=app.startup status=started appVersion=3.1.2r52 packaged=false
[2026-08-24 00:10:18.501] [info]  [app] event=app.window status=success
[2026-08-24 00:10:18.547] [info]  [app] event=app.tray status=success
[2026-08-24 00:10:18.549] [info]  [app] event=updater.check status=ignored reason=store_managed_distribution
[2026-08-24 00:10:18.553] [info]  [app] event=app.ipc status=success
[2026-08-24 00:10:18.587] [info]  [app] event=task.start status=success
[2026-08-24 00:10:18.589] [debug] [api] [api] event=settings.change status=success port=8080 posStoreNo=01012345678 deviceModelId=D0000
[2026-08-24 00:10:18.593] [info]  [api] [HASTE] Found SSL Certificates at: C:\Users\김성규\Desktop\HASTE-AI\src\cafehaste-client\src\lilly-electron\resources
[2026-08-24 00:10:18.596] [info]  [api] [HASTE] Started HTTP Hono Server on port 8080 (Toss Place HTTP Mode).
[2026-08-24 00:10:18.600] [info]  [api] [HASTE] Started HTTPS Hono Server on port 8443 (Toss Kiosk Mode).
[2026-08-24 00:10:18.601] [debug] [api] [api] event=api.server status=success port=8080 host=0.0.0.0
[2026-08-24 00:10:18.604] [info]  [serialport] [serialport] event=serialport.connect status=started scope=all
[2026-08-24 00:10:18.607] [debug] [coffee] [coffee] event=settings.change status=success field=thirdpartyType value=Lilly_(WMF)
[2026-08-24 00:10:18.609] [debug] [coffee] [coffee] event=coffee.socket status=started transport=ws machineName=WMF model=Lilly_(WMF) ip=192.168.10.99 port=25000
[2026-08-24 00:10:18.618] [debug] [coffee] [coffee] event=temperature.change status=success
[2026-08-24 00:10:18.621] [debug] [api] [api] event=did.callback status=ignored reason=local_did_not_open screen=temperature
[2026-08-24 00:10:18.626] [info]  [HASTE DB Save] Settings category "inventory" has been updated and saved to SQLite successfully.
[2026-08-24 00:10:18.629] [info]  [HASTE DB Save] Settings category "inventory" has been updated and saved to SQLite successfully.
[2026-08-24 00:10:18.633] [info]  [serialport] [serialport] event=serialport.connect status=started scope=all
[2026-08-24 00:10:18.635] [info]  [HASTE DB Save] Settings category "inventory" has been updated and saved to SQLite successfully.
[2026-08-24 00:10:18.638] [info]  [HASTE DB Save] Settings category "inventory" has been updated and saved to SQLite successfully.
[2026-08-24 00:10:18.640] [debug] [api] [HASTE Theme Sync] Applied local UI theme: isDark=false
[2026-08-24 00:10:18.642] [debug] [api] [api] event=did.callback status=started target=local screen=/ reason=local_api_down
[2026-08-24 00:10:18.646] [info]  [app] event=app.startup status=success message="subscriptions registered"
[2026-08-24 00:10:18.648] [debug] [task] [task] event=scheduler.change status=success routine=FOAMER_RINSING intervalSec=6000 normalizedIntervalSec=6000
[2026-08-24 00:10:18.651] [debug] [task] [task] event=scheduler.change status=success routine=WARM_RINSING intervalSec=0 normalizedIntervalSec=0
[2026-08-24 00:10:18.654] [debug] [task] [task] event=scheduler.change status=success routine=MIXER_RINSING intervalSec=0 normalizedIntervalSec=0
[2026-08-24 00:10:18.656] [debug] [task] [task] event=scheduler.change status=success routine=ERROR_CHECK intervalSec=1800 normalizedIntervalSec=1800
[2026-08-24 00:10:18.658] [debug] [task] [task] event=scheduler.change status=success routine=ICE_MAKER intervalSec=1800 normalizedIntervalSec=1800
[2026-08-24 00:10:18.663] [debug] [task] [task] event=scheduler.change status=success routine=TEMP_CHECK intervalSec=600 normalizedIntervalSec=600
[2026-08-24 00:10:18.665] [debug] [app] event=scheduler.change status=success routine=license.verify intervalSec=86400
[2026-08-24 00:10:18.666] [info]  [app] event=app.startup status=success message="schedulers registered"
[2026-08-24 00:10:18.668] [info]  [HASTE Guard] enableHasteAgent is false (OFF). Skipping agent bot launch.
[2026-08-24 00:10:18.693] [error] [serialport] [serialport] event=serialport.error status=failed reason=port_error boardName=board1 port=COM6 message="Opening COM6: File not found"
[2026-08-24 00:10:18.698] [error] [serialport] [serialport] event=serialport.error status=failed reason=port_error boardName=board2 port=COM7 message="Opening COM7: File not found"
[2026-08-24 00:10:18.702] [error] [serialport] [serialport] event=serialport.error status=failed reason=port_error boardName=board1 port=COM6 message="Opening COM6: File not found"
[2026-08-24 00:10:18.705] [error] [serialport] [serialport] event=serialport.error status=failed reason=port_error boardName=board2 port=COM7 message="Opening COM7: File not found"
[2026-08-24 00:10:18.711] [debug] [api] [HASTE DevTools Sync] Current window DevTools opened state: false, Target state: false
[2026-08-24 00:10:18.950] [info]  [HASTE DB Save] Settings category "information" has been updated and saved to SQLite successfully.
[2026-08-24 00:10:18.960] [info]  [HASTE DB Save] Settings category "information" has been updated and saved to SQLite successfully.
[2026-08-24 00:10:18.963] [info]  [app] event=license.verify status=success state=approved storeId=01012345678
[2026-08-24 00:10:23.617] [error] [coffee] [coffee] event=coffee.socket status=failed reason=open_timeout transport=ws machineName=WMF model=Lilly_(WMF) ip=192.168.10.99 port=25000
[2026-08-24 00:10:23.619] [error] [coffee] [coffee] event=coffee.socket status=failed reason=connect_failed transport=ws machineName=WMF model=Lilly_(WMF) ip=192.168.10.99 port=25000
[2026-08-24 00:10:39.717] [error] [coffee] [coffee] event=coffee.socket status=failed reason=ws_error machineName=WMF model=Lilly_(WMF) ip=192.168.10.99 port=25000 message="connect ETIMEDOUT 192.168.10.99:25000"
[2026-08-24 00:28:15.698] [info]  [HASTE DB Load] Loaded settings from SQLite database successfully. StoreName: "김포집", StoreNo: "01012345678", ThemeMode: "Light", isKioskDryRun: "false"
[2026-08-24 00:28:16.102] [info]  [app] event=app.startup status=started appVersion=3.1.2r52 packaged=false
[2026-08-24 00:28:16.162] [info]  [app] event=app.window status=success
[2026-08-24 00:28:16.204] [info]  [app] event=app.tray status=success
[2026-08-24 00:28:16.205] [info]  [app] event=updater.check status=ignored reason=store_managed_distribution
[2026-08-24 00:28:16.210] [info]  [app] event=app.ipc status=success
[2026-08-24 00:28:16.224] [info]  [app] event=task.start status=success
[2026-08-24 00:28:16.226] [debug] [api] [api] event=settings.change status=success port=8080 posStoreNo=01012345678 deviceModelId=D0000
[2026-08-24 00:28:16.229] [info]  [api] [HASTE] Found SSL Certificates at: C:\Users\김성규\Desktop\HASTE-AI\src\cafehaste-client\src\lilly-electron\resources
[2026-08-24 00:28:16.239] [info]  [api] [HASTE] Started HTTP Hono Server on port 8080 (Toss Place HTTP Mode).
[2026-08-24 00:28:16.244] [info]  [api] [HASTE] Started HTTPS Hono Server on port 8443 (Toss Kiosk Mode).
[2026-08-24 00:28:16.245] [debug] [api] [api] event=api.server status=success port=8080 host=0.0.0.0
[2026-08-24 00:28:16.247] [info]  [serialport] [serialport] event=serialport.connect status=started scope=all
[2026-08-24 00:28:16.250] [debug] [coffee] [coffee] event=settings.change status=success field=thirdpartyType value=Lilly_(WMF)
[2026-08-24 00:28:16.255] [debug] [coffee] [coffee] event=coffee.socket status=started transport=ws machineName=WMF model=Lilly_(WMF) ip=192.168.10.99 port=25000
[2026-08-24 00:28:16.264] [debug] [coffee] [coffee] event=temperature.change status=success
[2026-08-24 00:28:16.266] [debug] [api] [api] event=did.callback status=ignored reason=local_did_not_open screen=temperature
[2026-08-24 00:28:16.272] [info]  [HASTE DB Save] Settings category "inventory" has been updated and saved to SQLite successfully.
[2026-08-24 00:28:16.274] [info]  [HASTE DB Save] Settings category "inventory" has been updated and saved to SQLite successfully.
[2026-08-24 00:28:16.276] [info]  [serialport] [serialport] event=serialport.connect status=started scope=all
[2026-08-24 00:28:16.278] [info]  [HASTE DB Save] Settings category "inventory" has been updated and saved to SQLite successfully.
[2026-08-24 00:28:16.280] [info]  [HASTE DB Save] Settings category "inventory" has been updated and saved to SQLite successfully.
[2026-08-24 00:28:16.281] [debug] [api] [HASTE Theme Sync] Applied local UI theme: isDark=false
[2026-08-24 00:28:16.284] [debug] [api] [api] event=did.callback status=started target=local screen=/ reason=local_api_down
[2026-08-24 00:28:16.286] [info]  [app] event=app.startup status=success message="subscriptions registered"
[2026-08-24 00:28:16.287] [debug] [task] [task] event=scheduler.change status=success routine=FOAMER_RINSING intervalSec=6000 normalizedIntervalSec=6000
[2026-08-24 00:28:16.290] [debug] [task] [task] event=scheduler.change status=success routine=WARM_RINSING intervalSec=0 normalizedIntervalSec=0
[2026-08-24 00:28:16.292] [debug] [task] [task] event=scheduler.change status=success routine=MIXER_RINSING intervalSec=0 normalizedIntervalSec=0
[2026-08-24 00:28:16.294] [debug] [task] [task] event=scheduler.change status=success routine=ERROR_CHECK intervalSec=1800 normalizedIntervalSec=1800
[2026-08-24 00:28:16.296] [debug] [task] [task] event=scheduler.change status=success routine=ICE_MAKER intervalSec=1800 normalizedIntervalSec=1800
[2026-08-24 00:28:16.299] [debug] [task] [task] event=scheduler.change status=success routine=TEMP_CHECK intervalSec=600 normalizedIntervalSec=600
[2026-08-24 00:28:16.301] [debug] [app] event=scheduler.change status=success routine=license.verify intervalSec=86400
[2026-08-24 00:28:16.301] [info]  [app] event=app.startup status=success message="schedulers registered"
[2026-08-24 00:28:16.303] [info]  [HASTE Guard] enableHasteAgent is false (OFF). Skipping agent bot launch.
[2026-08-24 00:28:16.329] [error] [serialport] [serialport] event=serialport.error status=failed reason=port_error boardName=board1 port=COM6 message="Opening COM6: File not found"
[2026-08-24 00:28:16.332] [error] [serialport] [serialport] event=serialport.error status=failed reason=port_error boardName=board2 port=COM7 message="Opening COM7: File not found"
[2026-08-24 00:28:16.334] [error] [serialport] [serialport] event=serialport.error status=failed reason=port_error boardName=board1 port=COM6 message="Opening COM6: File not found"
[2026-08-24 00:28:16.336] [error] [serialport] [serialport] event=serialport.error status=failed reason=port_error boardName=board2 port=COM7 message="Opening COM7: File not found"
[2026-08-24 00:28:16.338] [debug] [api] [HASTE DevTools Sync] Current window DevTools opened state: false, Target state: false
[2026-08-24 00:28:16.570] [info]  [HASTE DB Save] Settings category "information" has been updated and saved to SQLite successfully.
[2026-08-24 00:28:16.680] [info]  [HASTE DB Save] Settings category "information" has been updated and saved to SQLite successfully.
[2026-08-24 00:28:16.681] [info]  [app] event=license.verify status=success state=approved storeId=01012345678
[2026-08-24 00:28:21.266] [error] [coffee] [coffee] event=coffee.socket status=failed reason=open_timeout transport=ws machineName=WMF model=Lilly_(WMF) ip=192.168.10.99 port=25000
[2026-08-24 00:28:21.267] [error] [coffee] [coffee] event=coffee.socket status=failed reason=connect_failed transport=ws machineName=WMF model=Lilly_(WMF) ip=192.168.10.99 port=25000
[2026-08-24 00:51:57.883] [info]  [HASTE DB Load] Loaded settings from SQLite database successfully. StoreName: "김포집", StoreNo: "01012345678", ThemeMode: "Light", isKioskDryRun: "false"
[2026-08-24 00:51:58.798] [info]  [app] event=app.startup status=started appVersion=3.1.2r52 packaged=false
[2026-08-24 00:51:58.886] [info]  [app] event=app.window status=success
[2026-08-24 00:51:58.940] [info]  [app] event=app.tray status=success
[2026-08-24 00:51:58.945] [info]  [app] event=updater.check status=ignored reason=store_managed_distribution
[2026-08-24 00:51:58.949] [info]  [app] event=app.ipc status=success
[2026-08-24 00:51:58.985] [info]  [app] event=task.start status=success
[2026-08-24 00:51:58.987] [debug] [api] [api] event=settings.change status=success port=8080 posStoreNo=01012345678 deviceModelId=D0000
[2026-08-24 00:51:58.992] [info]  [api] [HASTE] Found SSL Certificates at: C:\Users\김성규\Desktop\HASTE-AI\src\cafehaste-client\src\lilly-electron\resources
[2026-08-24 00:51:59.006] [info]  [api] [HASTE] Started HTTP Hono Server on port 8080 (Toss Place HTTP Mode).
[2026-08-24 00:51:59.009] [info]  [api] [HASTE] Started HTTPS Hono Server on port 8443 (Toss Kiosk Mode).
[2026-08-24 00:51:59.011] [debug] [api] [api] event=api.server status=success port=8080 host=0.0.0.0
[2026-08-24 00:51:59.013] [info]  [serialport] [serialport] event=serialport.connect status=started scope=all
[2026-08-24 00:51:59.016] [debug] [coffee] [coffee] event=settings.change status=success field=thirdpartyType value=Lilly_(WMF)
[2026-08-24 00:51:59.020] [debug] [coffee] [coffee] event=coffee.socket status=started transport=ws machineName=WMF model=Lilly_(WMF) ip=192.168.10.99 port=25000
[2026-08-24 00:51:59.029] [debug] [coffee] [coffee] event=temperature.change status=success
[2026-08-24 00:51:59.031] [debug] [api] [api] event=did.callback status=ignored reason=local_did_not_open screen=temperature
[2026-08-24 00:51:59.037] [info]  [HASTE DB Save] Settings category "inventory" has been updated and saved to SQLite successfully.
[2026-08-24 00:51:59.040] [info]  [HASTE DB Save] Settings category "inventory" has been updated and saved to SQLite successfully.
[2026-08-24 00:51:59.042] [info]  [serialport] [serialport] event=serialport.connect status=started scope=all
[2026-08-24 00:51:59.045] [info]  [HASTE DB Save] Settings category "inventory" has been updated and saved to SQLite successfully.
[2026-08-24 00:51:59.047] [info]  [HASTE DB Save] Settings category "inventory" has been updated and saved to SQLite successfully.
[2026-08-24 00:51:59.049] [debug] [api] [HASTE Theme Sync] Applied local UI theme: isDark=false
[2026-08-24 00:51:59.052] [debug] [api] [api] event=did.callback status=started target=local screen=/ reason=local_api_down
[2026-08-24 00:51:59.056] [info]  [app] event=app.startup status=success message="subscriptions registered"
[2026-08-24 00:51:59.057] [debug] [task] [task] event=scheduler.change status=success routine=FOAMER_RINSING intervalSec=6000 normalizedIntervalSec=6000
[2026-08-24 00:51:59.060] [debug] [task] [task] event=scheduler.change status=success routine=WARM_RINSING intervalSec=0 normalizedIntervalSec=0
[2026-08-24 00:51:59.062] [debug] [task] [task] event=scheduler.change status=success routine=MIXER_RINSING intervalSec=0 normalizedIntervalSec=0
[2026-08-24 00:51:59.064] [debug] [task] [task] event=scheduler.change status=success routine=ERROR_CHECK intervalSec=1800 normalizedIntervalSec=1800
[2026-08-24 00:51:59.071] [debug] [task] [task] event=scheduler.change status=success routine=ICE_MAKER intervalSec=1800 normalizedIntervalSec=1800
[2026-08-24 00:51:59.073] [debug] [task] [task] event=scheduler.change status=success routine=TEMP_CHECK intervalSec=600 normalizedIntervalSec=600
[2026-08-24 00:51:59.075] [debug] [app] event=scheduler.change status=success routine=license.verify intervalSec=86400
[2026-08-24 00:51:59.076] [info]  [app] event=app.startup status=success message="schedulers registered"
[2026-08-24 00:51:59.078] [info]  [HASTE Guard] enableHasteAgent is false (OFF). Skipping agent bot launch.
[2026-08-24 00:51:59.102] [error] [serialport] [serialport] event=serialport.error status=failed reason=port_error boardName=board1 port=COM6 message="Opening COM6: File not found"
[2026-08-24 00:51:59.107] [error] [serialport] [serialport] event=serialport.error status=failed reason=port_error boardName=board2 port=COM7 message="Opening COM7: File not found"
[2026-08-24 00:51:59.111] [error] [serialport] [serialport] event=serialport.error status=failed reason=port_error boardName=board1 port=COM6 message="Opening COM6: File not found"
[2026-08-24 00:51:59.114] [error] [serialport] [serialport] event=serialport.error status=failed reason=port_error boardName=board2 port=COM7 message="Opening COM7: File not found"
[2026-08-24 00:51:59.116] [debug] [api] [HASTE DevTools Sync] Current window DevTools opened state: false, Target state: false
[2026-08-24 00:52:00.771] [info]  [HASTE DB Save] Settings category "information" has been updated and saved to SQLite successfully.
[2026-08-24 00:52:00.933] [info]  [HASTE DB Save] Settings category "information" has been updated and saved to SQLite successfully.
[2026-08-24 00:52:00.936] [info]  [app] event=license.verify status=success state=approved storeId=01012345678
[2026-08-24 00:52:04.027] [error] [coffee] [coffee] event=coffee.socket status=failed reason=open_timeout transport=ws machineName=WMF model=Lilly_(WMF) ip=192.168.10.99 port=25000
[2026-08-24 00:52:04.042] [error] [coffee] [coffee] event=coffee.socket status=failed reason=connect_failed transport=ws machineName=WMF model=Lilly_(WMF) ip=192.168.10.99 port=25000
[2026-08-24 00:52:20.131] [error] [coffee] [coffee] event=coffee.socket status=failed reason=ws_error machineName=WMF model=Lilly_(WMF) ip=192.168.10.99 port=25000 message="connect ETIMEDOUT 192.168.10.99:25000"
[2026-08-24 00:52:36.942] [debug] [water] [water] event=test.water status=started waterType=purified amount=45
[2026-08-24 00:52:36.946] [error] [serialport] [serialport] event=serialport.send status=failed reason=not_connected boardName=board1
[2026-08-24 00:52:36.947] [error] [task] [task] event=parts.command status=failed reason=send_failed action=flow_reset boardName=board1 part=filter1FlowSensor
[2026-08-24 00:52:36.949] [warn]  [water] [water] event=test.water status=failed reason=controller_rejected waterType=purified amount=45
[2026-08-24 00:52:37.578] [debug] [water] [water] event=test.water status=started waterType=hot amount=22
[2026-08-24 00:52:37.581] [error] [serialport] [serialport] event=serialport.send status=failed reason=not_connected boardName=board1
[2026-08-24 00:52:37.583] [error] [serialport] [serialport] event=serialport.send status=failed reason=not_connected boardName=board1
[2026-08-24 00:52:37.585] [error] [task] [task] event=parts.command status=failed reason=send_failed action=open boardName=board1 part=hotWaterSolValve
[2026-08-24 00:52:37.588] [error] [task] [task] event=parts.command status=failed reason=send_failed action=open boardName=board1 part=purifiedWaterSolValve
[2026-08-24 00:52:37.590] [warn]  [water] [water] event=test.water status=failed reason=controller_rejected waterType=hot amount=22
[2026-08-24 00:52:38.965] [debug] [water] [water] event=test.water status=started waterType=carbonated amount=50
[2026-08-24 00:52:38.968] [debug] [water] [water] event=water.out status=success protocol=SPARKLE name=탄산수 amount=50 goal=1 current=0 phase=started
[2026-08-24 00:52:38.971] [error] [serialport] [serialport] event=serialport.send status=failed reason=not_connected boardName=board1
[2026-08-24 00:52:38.973] [error] [task] [task] event=parts.command status=failed reason=send_failed action=open boardName=board1 part=carbonatedWaterSolValve
[2026-08-24 00:52:38.975] [debug] [water] [water] event=water.out status=success protocol=SPARKLE name=탄산수 amount=50 phase=complete current=0
[2026-08-24 00:52:38.982] [warn]  [water] [water] event=test.water status=failed reason=controller_rejected waterType=carbonated amount=50
[2026-08-24 00:52:40.396] [debug] [water] [water] event=test.water status=started waterType=ice amount=1000
[2026-08-24 00:52:40.399] [debug] [water] [water] event=ice.out status=success protocol=ICE amount=1000 goal=1100 current=0 phase=started
[2026-08-24 00:52:40.400] [error] [serialport] [serialport] event=serialport.send status=failed reason=not_connected boardName=board1
[2026-08-24 00:52:40.402] [debug] [water] [water] event=ice.out status=success protocol=ICE amount=1100 boardName=board1 phase=complete current=0
[2026-08-24 00:52:40.404] [warn]  [water] [water] event=test.water status=failed reason=controller_rejected waterType=ice amount=1000
[2026-08-24 00:52:40.899] [debug] [sirub] [sirub] event=test.sirub status=started sirubName=찬우유 amount=50
[2026-08-24 00:52:40.902] [error] [serialport] [serialport] event=serialport.send status=failed reason=not_connected boardName=board1
[2026-08-24 00:52:40.904] [error] [task] [task] event=parts.command status=failed reason=send_failed action=flow_reset boardName=board1 part=purifiedWaterFlowSensor
[2026-08-24 00:52:40.906] [warn]  [sirub] [sirub] event=test.sirub status=failed reason=controller_rejected sirubName=찬우유 amount=50
[2026-08-24 00:53:47.867] [debug] [api] [HASTE Theme Sync] Applied local UI theme: isDark=false
[2026-08-24 00:53:47.872] [info]  [HASTE DB Save] Settings category "information" has been updated and saved to SQLite successfully.
[2026-08-24 00:53:47.932] [debug] [api] [HASTE DevTools Sync] Current window DevTools opened state: false, Target state: false
[2026-08-24 00:53:48.101] [info]  [HASTE DB Save] Settings category "information" has been updated and saved to SQLite successfully.
[2026-08-24 00:53:48.104] [info]  [HASTE DB Save] Settings category "information" has been updated and saved to SQLite successfully.
[2026-08-24 00:53:48.106] [info]  [HASTE DB Save] Settings category "information" has been updated and saved to SQLite successfully.
[2026-08-24 00:53:48.162] [error] [Client] [POS_SYNC] [IMPORT_FAIL] : 가져올 키오스크 상품 번호가 전달되지 않았습니다.
[2026-08-24 00:53:48.172] [info]  [HASTE DB Save] Settings category "menu" has been updated and saved to SQLite successfully.
[2026-08-24 00:53:48.175] [info]  [HASTE DB Save] Settings category "product" has been updated and saved to SQLite successfully.
[2026-08-24 00:53:48.177] [info]  [HASTE DB Sync] Reloading memory settingsStore from SQLite database...
[2026-08-24 00:53:48.180] [info]  [HASTE DB Load] Loaded settings from SQLite database successfully. StoreName: "김포집", StoreNo: "01012345678", ThemeMode: "Light", isKioskDryRun: "true"
[2026-08-24 00:53:48.182] [info]  [HASTE] Successfully cloned 55 kiosk items to local SQLite DB & store!
[2026-08-24 00:53:48.479] [info]  [HASTE DB Save] Settings category "information" has been updated and saved to SQLite successfully.
[2026-08-24 00:53:48.705] [info]  [HASTE DB Save] Settings category "information" has been updated and saved to SQLite successfully.
[2026-08-24 00:53:49.604] [info]  [kiosk] [manual] event=order.received status=success source=manual virtual=on mode=test orderId=TEST-1787500429288 bill=0000 menuCount=1 mappings=[{"baseCode":"MSH1002","recipeCode":"MSH1002","matchedMenuName":"아메리카노","stepsSummary":"NONE:NONE,_NONE:NONE,_NONE:NONE,_NONE:NONE,_NONE:NONE,_NONE:NONE,_NONE:NONE,_NONE:NONE,_NONE:NONE,_NONE:NONE"}] isTestBrew=true
[2026-08-24 00:53:49.608] [debug] [task] [task] event=task.enqueue status=accepted orderId=TEST-1787500429288 priority=99 description=음료_제조_(TEST-1787500429288)
[2026-08-24 00:53:49.610] [debug] [task] [task] event=task.start status=started source=manual_test mode=dry_run orderId=TEST-1787500429288 menuCount=1
[2026-08-24 00:53:49.613] [debug] [api] [api] event=order.create status=accepted version=v1 orderId=TEST-1787500429288 productNo=MSH1002 bill=0000
[2026-08-24 00:53:49.618] [error] [serialport] [serialport] event=serialport.send status=failed reason=not_connected boardName=board1
[2026-08-24 00:53:49.620] [error] [task] [task] event=parts.command status=failed reason=send_failed action=flow_reset boardName=board1 part=filter1FlowSensor
[2026-08-24 00:53:49.622] [debug] [task] [task] event=brew.menu status=started orderId=TEST-1787500429288 menuName=아메리카노 stepCount=10
[2026-08-24 00:53:50.429] [debug] [api] [api] event=did.callback status=started orderId=TEST-1787500429288 menuName=아메리카노 state=5 target=local url=http://127.0.0.1:8080/sse/did
[2026-08-24 00:53:50.432] [debug] [api] [api] event=did.callback status=started orderId=TEST-1787500429288 menuName=아메리카노 state=5 target=remote url=http://127.0.0.1:8080/sse/did
[2026-08-24 00:53:50.434] [debug] [task] [task] event=task.complete status=success orderId=TEST-1787500429288
[2026-08-24 00:53:50.437] [info]  [kiosk] [manual] event=order.completed status=success source=manual virtual=on mode=test orderId=TEST-1787500429288 bill=0000 menuCount=1
[2026-08-24 00:53:50.445] [debug] [api] [api] event=did.callback status=success attempt=1 httpStatus=202 url=http://127.0.0.1:8080/sse/did
[2026-08-24 00:53:50.448] [debug] [api] [api] event=did.callback status=success attempt=1 httpStatus=202 url=http://127.0.0.1:8080/sse/did
[2026-08-24 00:53:54.409] [info]  [kiosk] [manual] event=order.received status=success source=manual virtual=on mode=test orderId=TEST-1787500434408 bill=0000 menuCount=1 mappings=[{"baseCode":"MSH1002","recipeCode":"MSH1002","matchedMenuName":"아메리카노","stepsSummary":"NONE:NONE,_NONE:NONE,_NONE:NONE,_NONE:NONE,_NONE:NONE,_NONE:NONE,_NONE:NONE,_NONE:NONE,_NONE:NONE,_NONE:NONE"}] isTestBrew=true
[2026-08-24 00:53:54.412] [debug] [task] [task] event=task.enqueue status=accepted orderId=TEST-1787500434408 priority=99 description=음료_제조_(TEST-1787500434408)
[2026-08-24 00:53:54.414] [debug] [task] [task] event=task.start status=started source=manual_test mode=dry_run orderId=TEST-1787500434408 menuCount=1
[2026-08-24 00:53:54.416] [debug] [api] [api] event=order.create status=accepted version=v1 orderId=TEST-1787500434408 productNo=MSH1002 bill=0000
[2026-08-24 00:53:54.428] [error] [serialport] [serialport] event=serialport.send status=failed reason=not_connected boardName=board1
[2026-08-24 00:53:54.431] [error] [task] [task] event=parts.command status=failed reason=send_failed action=flow_reset boardName=board1 part=filter1FlowSensor
[2026-08-24 00:53:54.432] [debug] [task] [task] event=brew.menu status=started orderId=TEST-1787500434408 menuName=아메리카노 stepCount=10
[2026-08-24 00:53:55.245] [debug] [api] [api] event=did.callback status=started orderId=TEST-1787500434408 menuName=아메리카노 state=5 target=local url=http://127.0.0.1:8080/sse/did
[2026-08-24 00:53:55.248] [debug] [api] [api] event=did.callback status=started orderId=TEST-1787500434408 menuName=아메리카노 state=5 target=remote url=http://127.0.0.1:8080/sse/did
[2026-08-24 00:53:55.250] [debug] [task] [task] event=task.complete status=success orderId=TEST-1787500434408
[2026-08-24 00:53:55.252] [info]  [kiosk] [manual] event=order.completed status=success source=manual virtual=on mode=test orderId=TEST-1787500434408 bill=0000 menuCount=1
[2026-08-24 00:53:55.260] [debug] [api] [api] event=did.callback status=success attempt=1 httpStatus=202 url=http://127.0.0.1:8080/sse/did
[2026-08-24 00:53:55.264] [debug] [api] [api] event=did.callback status=success attempt=1 httpStatus=202 url=http://127.0.0.1:8080/sse/did
[2026-08-24 00:53:58.774] [info]  [kiosk] [manual] event=order.received status=success source=manual virtual=on mode=test orderId=TEST-1787500438772 bill=0000 menuCount=1 mappings=[{"baseCode":"MNH1002","recipeCode":"MNH1002","matchedMenuName":"아메리카노(디카페인)","stepsSummary":"NONE:NONE,_NONE:NONE,_NONE:NONE,_NONE:NONE,_NONE:NONE,_NONE:NONE,_NONE:NONE,_NONE:NONE,_NONE:NONE,_NONE:NONE"}] isTestBrew=true
[2026-08-24 00:53:58.777] [debug] [task] [task] event=task.enqueue status=accepted orderId=TEST-1787500438772 priority=99 description=음료_제조_(TEST-1787500438772)
[2026-08-24 00:53:58.778] [debug] [task] [task] event=task.start status=started source=manual_test mode=dry_run orderId=TEST-1787500438772 menuCount=1
[2026-08-24 00:53:58.780] [debug] [api] [api] event=order.create status=accepted version=v1 orderId=TEST-1787500438772 productNo=MNH1002 bill=0000
[2026-08-24 00:53:58.795] [error] [serialport] [serialport] event=serialport.send status=failed reason=not_connected boardName=board1
[2026-08-24 00:53:58.798] [error] [task] [task] event=parts.command status=failed reason=send_failed action=flow_reset boardName=board1 part=filter1FlowSensor
[2026-08-24 00:53:58.800] [debug] [task] [task] event=brew.menu status=started orderId=TEST-1787500438772 menuName=아메리카노(디카페인) stepCount=10
[2026-08-24 00:53:59.612] [debug] [api] [api] event=did.callback status=started orderId=TEST-1787500438772 menuName=아메리카노(디카페인) state=5 target=local url=http://127.0.0.1:8080/sse/did
[2026-08-24 00:53:59.615] [debug] [api] [api] event=did.callback status=started orderId=TEST-1787500438772 menuName=아메리카노(디카페인) state=5 target=remote url=http://127.0.0.1:8080/sse/did
[2026-08-24 00:53:59.617] [debug] [task] [task] event=task.complete status=success orderId=TEST-1787500438772
[2026-08-24 00:53:59.619] [info]  [kiosk] [manual] event=order.completed status=success source=manual virtual=on mode=test orderId=TEST-1787500438772 bill=0000 menuCount=1
[2026-08-24 00:53:59.628] [debug] [api] [api] event=did.callback status=success attempt=1 httpStatus=202 url=http://127.0.0.1:8080/sse/did
[2026-08-24 00:53:59.632] [debug] [api] [api] event=did.callback status=success attempt=1 httpStatus=202 url=http://127.0.0.1:8080/sse/did
[2026-08-24 00:54:09.373] [info]  [kiosk] [manual] event=order.received status=success source=manual virtual=on mode=test orderId=TEST-1787500449370 bill=0000 menuCount=1 mappings=[{"baseCode":"MSH1002","recipeCode":"MSH1002","matchedMenuName":"아메리카노","stepsSummary":"NONE:NONE,_NONE:NONE,_NONE:NONE,_NONE:NONE,_NONE:NONE,_NONE:NONE,_NONE:NONE,_NONE:NONE,_NONE:NONE,_NONE:NONE"}] isTestBrew=true
[2026-08-24 00:54:09.375] [debug] [task] [task] event=task.enqueue status=accepted orderId=TEST-1787500449370 priority=99 description=음료_제조_(TEST-1787500449370)
[2026-08-24 00:54:09.377] [debug] [task] [task] event=task.start status=started source=manual_test mode=dry_run orderId=TEST-1787500449370 menuCount=1
[2026-08-24 00:54:09.379] [debug] [api] [api] event=order.create status=accepted version=v1 orderId=TEST-1787500449370 productNo=MSH1002 bill=0000
[2026-08-24 00:54:09.388] [error] [serialport] [serialport] event=serialport.send status=failed reason=not_connected boardName=board1
[2026-08-24 00:54:09.390] [error] [task] [task] event=parts.command status=failed reason=send_failed action=flow_reset boardName=board1 part=filter1FlowSensor
[2026-08-24 00:54:09.392] [debug] [task] [task] event=brew.menu status=started orderId=TEST-1787500449370 menuName=아메리카노 stepCount=10
[2026-08-24 00:54:10.205] [debug] [api] [api] event=did.callback status=started orderId=TEST-1787500449370 menuName=아메리카노 state=5 target=local url=http://127.0.0.1:8080/sse/did
[2026-08-24 00:54:10.208] [debug] [api] [api] event=did.callback status=started orderId=TEST-1787500449370 menuName=아메리카노 state=5 target=remote url=http://127.0.0.1:8080/sse/did
[2026-08-24 00:54:10.210] [debug] [task] [task] event=task.complete status=success orderId=TEST-1787500449370
[2026-08-24 00:54:10.212] [info]  [kiosk] [manual] event=order.completed status=success source=manual virtual=on mode=test orderId=TEST-1787500449370 bill=0000 menuCount=1
[2026-08-24 00:54:10.217] [debug] [api] [api] event=did.callback status=success attempt=1 httpStatus=202 url=http://127.0.0.1:8080/sse/did
[2026-08-24 00:54:10.221] [debug] [api] [api] event=did.callback status=success attempt=1 httpStatus=202 url=http://127.0.0.1:8080/sse/did
[2026-08-24 00:54:17.551] [info]  [kiosk] [manual] event=order.received status=success source=manual virtual=on mode=test orderId=TEST-1787500457246 bill=0000 menuCount=1 mappings=[{"baseCode":"MSH2015","recipeCode":"MSH2015","matchedMenuName":"바나나샷라떼","stepsSummary":"NONE:NONE,_NONE:NONE,_NONE:NONE,_NONE:NONE,_NONE:NONE,_NONE:NONE,_NONE:NONE,_NONE:NONE,_NONE:NONE,_NONE:NONE"}] isTestBrew=true
[2026-08-24 00:54:17.554] [debug] [task] [task] event=task.enqueue status=accepted orderId=TEST-1787500457246 priority=99 description=음료_제조_(TEST-1787500457246)
[2026-08-24 00:54:17.557] [debug] [task] [task] event=task.start status=started source=manual_test mode=dry_run orderId=TEST-1787500457246 menuCount=1
[2026-08-24 00:54:17.559] [debug] [api] [api] event=order.create status=accepted version=v1 orderId=TEST-1787500457246 productNo=MSH2015 bill=0000
[2026-08-24 00:54:17.565] [error] [serialport] [serialport] event=serialport.send status=failed reason=not_connected boardName=board1
[2026-08-24 00:54:17.568] [error] [task] [task] event=parts.command status=failed reason=send_failed action=flow_reset boardName=board1 part=filter1FlowSensor
[2026-08-24 00:54:17.571] [debug] [task] [task] event=brew.menu status=started orderId=TEST-1787500457246 menuName=바나나샷라떼 stepCount=10
[2026-08-24 00:54:18.384] [debug] [api] [api] event=did.callback status=started orderId=TEST-1787500457246 menuName=바나나샷라떼 state=5 target=local url=http://127.0.0.1:8080/sse/did
[2026-08-24 00:54:18.388] [debug] [api] [api] event=did.callback status=started orderId=TEST-1787500457246 menuName=바나나샷라떼 state=5 target=remote url=http://127.0.0.1:8080/sse/did
[2026-08-24 00:54:18.390] [debug] [task] [task] event=task.complete status=success orderId=TEST-1787500457246
[2026-08-24 00:54:18.391] [info]  [kiosk] [manual] event=order.completed status=success source=manual virtual=on mode=test orderId=TEST-1787500457246 bill=0000 menuCount=1
[2026-08-24 00:54:18.397] [debug] [api] [api] event=did.callback status=success attempt=1 httpStatus=202 url=http://127.0.0.1:8080/sse/did
[2026-08-24 00:54:18.399] [debug] [api] [api] event=did.callback status=success attempt=1 httpStatus=202 url=http://127.0.0.1:8080/sse/did
[2026-08-24 00:57:22.467] [debug] [task] [app] event=did.open status=success reason=electron_window_remote_webview_monitor url=http://127.0.0.1:8080/promo
[2026-08-24 00:57:22.470] [debug] [api] [HASTE Theme Sync] Applied local UI theme: isDark=false
[2026-08-24 00:57:22.473] [debug] [api] [api] event=did.callback status=started target=local screen=main
[2026-08-24 00:57:22.478] [info]  [HASTE DB Save] Settings category "information" has been updated and saved to SQLite successfully.
[2026-08-24 00:57:22.528] [debug] [api] [HASTE DevTools Sync] Current window DevTools opened state: false, Target state: false
[2026-08-24 00:57:23.907] [debug] [task] [app] event=did.open status=success reason=electron_window_local_webview_monitor url=http://127.0.0.1:8080/did/index.html?clientId=00%3AD8%3A61%3A38%3A09%3A29
[2026-08-24 00:57:23.909] [debug] [api] [HASTE Theme Sync] Applied local UI theme: isDark=false
[2026-08-24 00:57:23.919] [info]  [HASTE DB Save] Settings category "information" has been updated and saved to SQLite successfully.
[2026-08-24 00:57:23.963] [debug] [api] [HASTE DevTools Sync] Current window DevTools opened state: false, Target state: false
[2026-08-24 00:58:18.515] [info]  [HASTE DB Load] Loaded settings from SQLite database successfully. StoreName: "김포집", StoreNo: "01012345678", ThemeMode: "Light", isKioskDryRun: "false"
[2026-08-24 00:58:18.909] [info]  [app] event=app.startup status=started appVersion=3.1.2r52 packaged=false
[2026-08-24 00:58:18.965] [info]  [app] event=app.window status=success
[2026-08-24 00:58:19.011] [info]  [app] event=app.tray status=success
[2026-08-24 00:58:19.012] [info]  [app] event=updater.check status=ignored reason=store_managed_distribution
[2026-08-24 00:58:19.016] [info]  [app] event=app.ipc status=success
[2026-08-24 00:58:19.057] [info]  [app] event=task.start status=success
[2026-08-24 00:58:19.060] [debug] [api] [api] event=settings.change status=success port=8080 posStoreNo=01012345678 deviceModelId=D0000
[2026-08-24 00:58:19.067] [info]  [api] [HASTE] Found SSL Certificates at: C:\Users\김성규\Desktop\HASTE-AI\src\cafehaste-client\src\lilly-electron\resources
[2026-08-24 00:58:19.070] [info]  [api] [HASTE] Started HTTP Hono Server on port 8080 (Toss Place HTTP Mode).
[2026-08-24 00:58:19.073] [info]  [api] [HASTE] Started HTTPS Hono Server on port 8443 (Toss Kiosk Mode).
[2026-08-24 00:58:19.075] [debug] [api] [api] event=api.server status=success port=8080 host=0.0.0.0
[2026-08-24 00:58:19.077] [info]  [serialport] [serialport] event=serialport.connect status=started scope=all
[2026-08-24 00:58:19.079] [debug] [coffee] [coffee] event=settings.change status=success field=thirdpartyType value=Lilly_(WMF)
[2026-08-24 00:58:19.085] [debug] [coffee] [coffee] event=coffee.socket status=started transport=ws machineName=WMF model=Lilly_(WMF) ip=192.168.10.99 port=25000
[2026-08-24 00:58:19.094] [debug] [coffee] [coffee] event=temperature.change status=success
[2026-08-24 00:58:19.095] [debug] [api] [api] event=did.callback status=ignored reason=local_did_not_open screen=temperature
[2026-08-24 00:58:19.102] [info]  [HASTE DB Save] Settings category "inventory" has been updated and saved to SQLite successfully.
[2026-08-24 00:58:19.105] [info]  [HASTE DB Save] Settings category "inventory" has been updated and saved to SQLite successfully.
[2026-08-24 00:58:19.108] [info]  [serialport] [serialport] event=serialport.connect status=started scope=all
[2026-08-24 00:58:19.112] [info]  [HASTE DB Save] Settings category "inventory" has been updated and saved to SQLite successfully.
[2026-08-24 00:58:19.115] [info]  [HASTE DB Save] Settings category "inventory" has been updated and saved to SQLite successfully.
[2026-08-24 00:58:19.118] [debug] [api] [HASTE Theme Sync] Applied local UI theme: isDark=false
[2026-08-24 00:58:19.122] [debug] [api] [api] event=did.callback status=started target=local screen=/ reason=local_api_down
[2026-08-24 00:58:19.130] [info]  [app] event=app.startup status=success message="subscriptions registered"
[2026-08-24 00:58:19.133] [debug] [task] [task] event=scheduler.change status=success routine=FOAMER_RINSING intervalSec=6000 normalizedIntervalSec=6000
[2026-08-24 00:58:19.140] [debug] [task] [task] event=scheduler.change status=success routine=WARM_RINSING intervalSec=0 normalizedIntervalSec=0
[2026-08-24 00:58:19.146] [debug] [task] [task] event=scheduler.change status=success routine=MIXER_RINSING intervalSec=0 normalizedIntervalSec=0
[2026-08-24 00:58:19.150] [debug] [task] [task] event=scheduler.change status=success routine=ERROR_CHECK intervalSec=1800 normalizedIntervalSec=1800
[2026-08-24 00:58:19.156] [debug] [task] [task] event=scheduler.change status=success routine=ICE_MAKER intervalSec=1800 normalizedIntervalSec=1800
[2026-08-24 00:58:19.162] [debug] [task] [task] event=scheduler.change status=success routine=TEMP_CHECK intervalSec=600 normalizedIntervalSec=600
[2026-08-24 00:58:19.164] [debug] [app] event=scheduler.change status=success routine=license.verify intervalSec=86400
[2026-08-24 00:58:19.165] [info]  [app] event=app.startup status=success message="schedulers registered"
[2026-08-24 00:58:19.167] [info]  [HASTE Guard] enableHasteAgent is false (OFF). Skipping agent bot launch.
[2026-08-24 00:58:19.199] [error] [serialport] [serialport] event=serialport.error status=failed reason=port_error boardName=board1 port=COM6 message="Opening COM6: File not found"
[2026-08-24 00:58:19.203] [error] [serialport] [serialport] event=serialport.error status=failed reason=port_error boardName=board2 port=COM7 message="Opening COM7: File not found"
[2026-08-24 00:58:19.207] [error] [serialport] [serialport] event=serialport.error status=failed reason=port_error boardName=board1 port=COM6 message="Opening COM6: File not found"
[2026-08-24 00:58:19.210] [error] [serialport] [serialport] event=serialport.error status=failed reason=port_error boardName=board2 port=COM7 message="Opening COM7: File not found"
[2026-08-24 00:58:19.215] [debug] [api] [HASTE DevTools Sync] Current window DevTools opened state: false, Target state: false
[2026-08-24 00:58:19.448] [info]  [HASTE DB Save] Settings category "information" has been updated and saved to SQLite successfully.
[2026-08-24 00:58:19.449] [info]  [app] event=license.verify status=success state=approved storeId=01012345678
[2026-08-24 00:58:19.453] [info]  [HASTE DB Save] Settings category "information" has been updated and saved to SQLite successfully.
[2026-08-24 00:58:24.098] [error] [coffee] [coffee] event=coffee.socket status=failed reason=open_timeout transport=ws machineName=WMF model=Lilly_(WMF) ip=192.168.10.99 port=25000
[2026-08-24 00:58:24.101] [error] [coffee] [coffee] event=coffee.socket status=failed reason=connect_failed transport=ws machineName=WMF model=Lilly_(WMF) ip=192.168.10.99 port=25000
[2026-08-24 00:58:40.213] [error] [coffee] [coffee] event=coffee.socket status=failed reason=ws_error machineName=WMF model=Lilly_(WMF) ip=192.168.10.99 port=25000 message="connect ETIMEDOUT 192.168.10.99:25000"
[2026-08-24 01:00:51.315] [info]  [HASTE DB Load] Loaded settings from SQLite database successfully. StoreName: "김포집", StoreNo: "01012345678", ThemeMode: "Light", isKioskDryRun: "false"
[2026-08-24 01:00:51.698] [info]  [app] event=app.startup status=started appVersion=3.1.2r52 packaged=false
[2026-08-24 01:00:51.753] [info]  [app] event=app.window status=success
[2026-08-24 01:00:51.797] [info]  [app] event=app.tray status=success
[2026-08-24 01:00:51.798] [info]  [app] event=updater.check status=ignored reason=store_managed_distribution
[2026-08-24 01:00:51.802] [info]  [app] event=app.ipc status=success
[2026-08-24 01:00:51.836] [info]  [app] event=task.start status=success
[2026-08-24 01:00:51.838] [debug] [api] [api] event=settings.change status=success port=8080 posStoreNo=01012345678 deviceModelId=D0000
[2026-08-24 01:00:51.842] [info]  [api] [HASTE] Found SSL Certificates at: C:\Users\김성규\Desktop\HASTE-AI\src\cafehaste-client\src\lilly-electron\resources
[2026-08-24 01:00:51.848] [info]  [api] [HASTE] Started HTTP Hono Server on port 8080 (Toss Place HTTP Mode).
[2026-08-24 01:00:51.851] [info]  [api] [HASTE] Started HTTPS Hono Server on port 8443 (Toss Kiosk Mode).
[2026-08-24 01:00:51.852] [debug] [api] [api] event=api.server status=success port=8080 host=0.0.0.0
[2026-08-24 01:00:51.854] [info]  [serialport] [serialport] event=serialport.connect status=started scope=all
[2026-08-24 01:00:51.858] [debug] [coffee] [coffee] event=settings.change status=success field=thirdpartyType value=Lilly_(WMF)
[2026-08-24 01:00:51.861] [debug] [coffee] [coffee] event=coffee.socket status=started transport=ws machineName=WMF model=Lilly_(WMF) ip=192.168.10.99 port=25000
[2026-08-24 01:00:51.870] [debug] [coffee] [coffee] event=temperature.change status=success
[2026-08-24 01:00:51.872] [debug] [api] [api] event=did.callback status=ignored reason=local_did_not_open screen=temperature
[2026-08-24 01:00:51.876] [info]  [HASTE DB Save] Settings category "inventory" has been updated and saved to SQLite successfully.
[2026-08-24 01:00:51.878] [info]  [HASTE DB Save] Settings category "inventory" has been updated and saved to SQLite successfully.
[2026-08-24 01:00:51.879] [info]  [serialport] [serialport] event=serialport.connect status=started scope=all
[2026-08-24 01:00:51.881] [info]  [HASTE DB Save] Settings category "inventory" has been updated and saved to SQLite successfully.
[2026-08-24 01:00:51.883] [info]  [HASTE DB Save] Settings category "inventory" has been updated and saved to SQLite successfully.
[2026-08-24 01:00:51.884] [debug] [api] [HASTE Theme Sync] Applied local UI theme: isDark=false
[2026-08-24 01:00:51.886] [debug] [api] [api] event=did.callback status=started target=local screen=/ reason=local_api_down
[2026-08-24 01:00:51.888] [info]  [app] event=app.startup status=success message="subscriptions registered"
[2026-08-24 01:00:51.889] [debug] [task] [task] event=scheduler.change status=success routine=FOAMER_RINSING intervalSec=6000 normalizedIntervalSec=6000
[2026-08-24 01:00:51.891] [debug] [task] [task] event=scheduler.change status=success routine=WARM_RINSING intervalSec=0 normalizedIntervalSec=0
[2026-08-24 01:00:51.895] [debug] [task] [task] event=scheduler.change status=success routine=MIXER_RINSING intervalSec=0 normalizedIntervalSec=0
[2026-08-24 01:00:51.896] [debug] [task] [task] event=scheduler.change status=success routine=ERROR_CHECK intervalSec=1800 normalizedIntervalSec=1800
[2026-08-24 01:00:51.897] [debug] [task] [task] event=scheduler.change status=success routine=ICE_MAKER intervalSec=1800 normalizedIntervalSec=1800
[2026-08-24 01:00:51.899] [debug] [task] [task] event=scheduler.change status=success routine=TEMP_CHECK intervalSec=600 normalizedIntervalSec=600
[2026-08-24 01:00:51.900] [debug] [app] event=scheduler.change status=success routine=license.verify intervalSec=86400
[2026-08-24 01:00:51.901] [info]  [app] event=app.startup status=success message="schedulers registered"
[2026-08-24 01:00:51.902] [info]  [HASTE Guard] enableHasteAgent is false (OFF). Skipping agent bot launch.
[2026-08-24 01:00:51.919] [error] [serialport] [serialport] event=serialport.error status=failed reason=port_error boardName=board1 port=COM6 message="Opening COM6: File not found"
[2026-08-24 01:00:51.922] [error] [serialport] [serialport] event=serialport.error status=failed reason=port_error boardName=board2 port=COM7 message="Opening COM7: File not found"
[2026-08-24 01:00:51.926] [error] [serialport] [serialport] event=serialport.error status=failed reason=port_error boardName=board1 port=COM6 message="Opening COM6: File not found"
[2026-08-24 01:00:51.928] [error] [serialport] [serialport] event=serialport.error status=failed reason=port_error boardName=board2 port=COM7 message="Opening COM7: File not found"
[2026-08-24 01:00:51.941] [debug] [api] [HASTE DevTools Sync] Current window DevTools opened state: false, Target state: false
[2026-08-24 01:00:52.161] [info]  [HASTE DB Save] Settings category "information" has been updated and saved to SQLite successfully.
[2026-08-24 01:00:52.226] [info]  [HASTE DB Save] Settings category "information" has been updated and saved to SQLite successfully.
[2026-08-24 01:00:52.227] [info]  [app] event=license.verify status=success state=approved storeId=01012345678
[2026-08-24 01:00:56.868] [error] [coffee] [coffee] event=coffee.socket status=failed reason=open_timeout transport=ws machineName=WMF model=Lilly_(WMF) ip=192.168.10.99 port=25000
[2026-08-24 01:00:56.870] [error] [coffee] [coffee] event=coffee.socket status=failed reason=connect_failed transport=ws machineName=WMF model=Lilly_(WMF) ip=192.168.10.99 port=25000
[2026-08-24 01:01:12.954] [error] [coffee] [coffee] event=coffee.socket status=failed reason=ws_error machineName=WMF model=Lilly_(WMF) ip=192.168.10.99 port=25000 message="connect ETIMEDOUT 192.168.10.99:25000"
[2026-08-24 01:03:28.433] [info]  [HASTE DB Load] Loaded settings from SQLite database successfully. StoreName: "김포집", StoreNo: "01012345678", ThemeMode: "Light", isKioskDryRun: "false"
[2026-08-24 01:03:28.822] [info]  [app] event=app.startup status=started appVersion=3.1.2r52 packaged=false
[2026-08-24 01:03:28.883] [info]  [app] event=app.window status=success
[2026-08-24 01:03:28.931] [info]  [app] event=app.tray status=success
[2026-08-24 01:03:28.932] [info]  [app] event=updater.check status=ignored reason=store_managed_distribution
[2026-08-24 01:03:28.936] [info]  [app] event=app.ipc status=success
[2026-08-24 01:03:28.970] [info]  [app] event=task.start status=success
[2026-08-24 01:03:28.972] [debug] [api] [api] event=settings.change status=success port=8080 posStoreNo=01012345678 deviceModelId=D0000
[2026-08-24 01:03:28.979] [info]  [api] [HASTE] Found SSL Certificates at: C:\Users\김성규\Desktop\HASTE-AI\src\cafehaste-client\src\lilly-electron\resources
[2026-08-24 01:03:28.982] [info]  [api] [HASTE] Started HTTP Hono Server on port 8080 (Toss Place HTTP Mode).
[2026-08-24 01:03:28.985] [info]  [api] [HASTE] Started HTTPS Hono Server on port 8443 (Toss Kiosk Mode).
[2026-08-24 01:03:28.986] [debug] [api] [api] event=api.server status=success port=8080 host=0.0.0.0
[2026-08-24 01:03:28.988] [info]  [serialport] [serialport] event=serialport.connect status=started scope=all
[2026-08-24 01:03:28.992] [debug] [coffee] [coffee] event=settings.change status=success field=thirdpartyType value=Lilly_(WMF)
[2026-08-24 01:03:28.995] [debug] [coffee] [coffee] event=coffee.socket status=started transport=ws machineName=WMF model=Lilly_(WMF) ip=192.168.10.99 port=25000
[2026-08-24 01:03:29.004] [debug] [coffee] [coffee] event=temperature.change status=success
[2026-08-24 01:03:29.006] [debug] [api] [api] event=did.callback status=ignored reason=local_did_not_open screen=temperature
[2026-08-24 01:03:29.010] [info]  [HASTE DB Save] Settings category "inventory" has been updated and saved to SQLite successfully.
[2026-08-24 01:03:29.013] [info]  [HASTE DB Save] Settings category "inventory" has been updated and saved to SQLite successfully.
[2026-08-24 01:03:29.015] [info]  [serialport] [serialport] event=serialport.connect status=started scope=all
[2026-08-24 01:03:29.017] [info]  [HASTE DB Save] Settings category "inventory" has been updated and saved to SQLite successfully.
[2026-08-24 01:03:29.018] [info]  [HASTE DB Save] Settings category "inventory" has been updated and saved to SQLite successfully.
[2026-08-24 01:03:29.019] [debug] [api] [HASTE Theme Sync] Applied local UI theme: isDark=false
[2026-08-24 01:03:29.021] [debug] [api] [api] event=did.callback status=started target=local screen=/ reason=local_api_down
[2026-08-24 01:03:29.023] [info]  [app] event=app.startup status=success message="subscriptions registered"
[2026-08-24 01:03:29.025] [debug] [task] [task] event=scheduler.change status=success routine=FOAMER_RINSING intervalSec=6000 normalizedIntervalSec=6000
[2026-08-24 01:03:29.029] [debug] [task] [task] event=scheduler.change status=success routine=WARM_RINSING intervalSec=0 normalizedIntervalSec=0
[2026-08-24 01:03:29.032] [debug] [task] [task] event=scheduler.change status=success routine=MIXER_RINSING intervalSec=0 normalizedIntervalSec=0
[2026-08-24 01:03:29.034] [debug] [task] [task] event=scheduler.change status=success routine=ERROR_CHECK intervalSec=1800 normalizedIntervalSec=1800
[2026-08-24 01:03:29.036] [debug] [task] [task] event=scheduler.change status=success routine=ICE_MAKER intervalSec=1800 normalizedIntervalSec=1800
[2026-08-24 01:03:29.037] [debug] [task] [task] event=scheduler.change status=success routine=TEMP_CHECK intervalSec=600 normalizedIntervalSec=600
[2026-08-24 01:03:29.038] [debug] [app] event=scheduler.change status=success routine=license.verify intervalSec=86400
[2026-08-24 01:03:29.039] [info]  [app] event=app.startup status=success message="schedulers registered"
[2026-08-24 01:03:29.043] [info]  [HASTE Guard] enableHasteAgent is false (OFF). Skipping agent bot launch.
[2026-08-24 01:03:29.063] [error] [serialport] [serialport] event=serialport.error status=failed reason=port_error boardName=board1 port=COM6 message="Opening COM6: File not found"
[2026-08-24 01:03:29.065] [error] [serialport] [serialport] event=serialport.error status=failed reason=port_error boardName=board2 port=COM7 message="Opening COM7: File not found"
[2026-08-24 01:03:29.068] [error] [serialport] [serialport] event=serialport.error status=failed reason=port_error boardName=board1 port=COM6 message="Opening COM6: File not found"
[2026-08-24 01:03:29.070] [error] [serialport] [serialport] event=serialport.error status=failed reason=port_error boardName=board2 port=COM7 message="Opening COM7: File not found"
[2026-08-24 01:03:29.074] [debug] [api] [HASTE DevTools Sync] Current window DevTools opened state: false, Target state: false
[2026-08-24 01:03:29.305] [info]  [HASTE DB Save] Settings category "information" has been updated and saved to SQLite successfully.
[2026-08-24 01:03:29.306] [info]  [app] event=license.verify status=success state=approved storeId=01012345678
[2026-08-24 01:03:29.309] [info]  [HASTE DB Save] Settings category "information" has been updated and saved to SQLite successfully.
[2026-08-24 01:03:34.004] [error] [coffee] [coffee] event=coffee.socket status=failed reason=open_timeout transport=ws machineName=WMF model=Lilly_(WMF) ip=192.168.10.99 port=25000
[2026-08-24 01:03:34.007] [error] [coffee] [coffee] event=coffee.socket status=failed reason=connect_failed transport=ws machineName=WMF model=Lilly_(WMF) ip=192.168.10.99 port=25000
[2026-08-24 01:03:50.092] [error] [coffee] [coffee] event=coffee.socket status=failed reason=ws_error machineName=WMF model=Lilly_(WMF) ip=192.168.10.99 port=25000 message="connect ETIMEDOUT 192.168.10.99:25000"
[2026-08-24 01:03:55.803] [debug] [task] [app] event=did.open status=success reason=electron_window_remote_webview_monitor url=http://127.0.0.1:8080/promo
[2026-08-24 01:03:55.807] [debug] [api] [HASTE Theme Sync] Applied local UI theme: isDark=false
[2026-08-24 01:03:55.812] [info]  [HASTE DB Save] Settings category "information" has been updated and saved to SQLite successfully.
[2026-08-24 01:03:55.874] [debug] [api] [HASTE DevTools Sync] Current window DevTools opened state: false, Target state: false
[2026-08-24 01:03:56.235] [error] [app] event=main_process.error status=failed reason=uncaught_exception stack=TypeError_[ERR_INVALID_STATE]:_Invalid_state:_ReadableStream_is_already_closed_at_ReadableByteStreamController.close_(node:internal/webstreams/readablestream:1190:13)_at_node:internal/deps/undici/undici:1583:30_at_process.processTicksAndRejections_(node:internal/process/task_queues:104:5) message="Invalid state: ReadableStream is already closed"
[2026-08-24 01:04:01.520] [info]  [HASTE DB Save] Settings category "menu" has been updated and saved to SQLite successfully.
[2026-08-24 01:04:01.522] [info]  [HASTE DB Save] Settings category "inventory" has been updated and saved to SQLite successfully.
[2026-08-24 01:04:01.582] [info]  [HASTE DB Save] Settings category "information" has been updated and saved to SQLite successfully.
[2026-08-24 01:04:01.584] [info]  [HASTE DB Save] Settings category "information" has been updated and saved to SQLite successfully.
[2026-08-24 01:04:01.586] [info]  [HASTE DB Save] Settings category "information" has been updated and saved to SQLite successfully.
[2026-08-24 01:04:01.616] [error] [Client] [POS_SYNC] [IMPORT_FAIL] : 가져올 키오스크 상품 번호가 전달되지 않았습니다.
[2026-08-24 01:04:01.875] [info]  [HASTE DB Save] Settings category "information" has been updated and saved to SQLite successfully.
[2026-08-24 01:04:02.090] [info]  [HASTE DB Save] Settings category "information" has been updated and saved to SQLite successfully.
[2026-08-24 01:04:13.338] [info]  [HASTE DB Save] Settings category "menu" has been updated and saved to SQLite successfully.
[2026-08-24 01:04:13.345] [info]  [HASTE DB Save] Settings category "inventory" has been updated and saved to SQLite successfully.
[2026-08-24 01:04:13.448] [info]  [HASTE DB Save] Settings category "information" has been updated and saved to SQLite successfully.
[2026-08-24 01:04:13.450] [info]  [HASTE DB Save] Settings category "information" has been updated and saved to SQLite successfully.
[2026-08-24 01:04:13.451] [info]  [HASTE DB Save] Settings category "information" has been updated and saved to SQLite successfully.
[2026-08-24 01:04:13.475] [error] [Client] [POS_SYNC] [IMPORT_FAIL] : 가져올 키오스크 상품 번호가 전달되지 않았습니다.
[2026-08-24 01:04:13.726] [info]  [HASTE DB Save] Settings category "information" has been updated and saved to SQLite successfully.
[2026-08-24 01:04:13.946] [info]  [HASTE DB Save] Settings category "information" has been updated and saved to SQLite successfully.
[2026-08-24 01:04:40.962] [info]  [task] [HASTE Promo] Slot 2 volume updated to: 11%
[2026-08-24 01:04:41.842] [info]  [task] [HASTE Promo] Slot 2 volume updated to: 15%
[2026-08-24 01:04:41.909] [info]  [task] [HASTE Promo] Slot 2 volume updated to: 17%
[2026-08-24 01:04:41.942] [info]  [task] [HASTE Promo] Slot 2 volume updated to: 19%
[2026-08-24 01:04:41.976] [info]  [task] [HASTE Promo] Slot 2 volume updated to: 20%
[2026-08-24 01:04:41.995] [info]  [task] [HASTE Promo] Slot 2 volume updated to: 22%
[2026-08-24 01:04:42.030] [info]  [task] [HASTE Promo] Slot 2 volume updated to: 23%
[2026-08-24 01:09:54.129] [info]  [HASTE DB Load] Loaded settings from SQLite database successfully. StoreName: "김포집", StoreNo: "01012345678", ThemeMode: "Light", isKioskDryRun: "false"
[2026-08-24 01:09:54.521] [info]  [app] event=app.startup status=started appVersion=3.1.2r52 packaged=false
[2026-08-24 01:09:54.577] [info]  [app] event=app.window status=success
[2026-08-24 01:09:54.634] [info]  [app] event=app.tray status=success
[2026-08-24 01:09:54.640] [info]  [app] event=updater.check status=ignored reason=store_managed_distribution
[2026-08-24 01:09:54.645] [info]  [app] event=app.ipc status=success
[2026-08-24 01:09:54.681] [info]  [app] event=task.start status=success
[2026-08-24 01:09:54.683] [debug] [api] [api] event=settings.change status=success port=8080 posStoreNo=01012345678 deviceModelId=D0000
[2026-08-24 01:09:54.686] [info]  [api] [HASTE] Found SSL Certificates at: C:\Users\김성규\Desktop\HASTE-AI\src\cafehaste-client\src\lilly-electron\resources
[2026-08-24 01:09:54.689] [info]  [api] [HASTE] Started HTTP Hono Server on port 8080 (Toss Place HTTP Mode).
[2026-08-24 01:09:54.692] [info]  [api] [HASTE] Started HTTPS Hono Server on port 8443 (Toss Kiosk Mode).
[2026-08-24 01:09:54.694] [debug] [api] [api] event=api.server status=success port=8080 host=0.0.0.0
[2026-08-24 01:09:54.696] [info]  [serialport] [serialport] event=serialport.connect status=started scope=all
[2026-08-24 01:09:54.698] [debug] [coffee] [coffee] event=settings.change status=success field=thirdpartyType value=Lilly_(WMF)
[2026-08-24 01:09:54.701] [debug] [coffee] [coffee] event=coffee.socket status=started transport=ws machineName=WMF model=Lilly_(WMF) ip=192.168.10.99 port=25000
[2026-08-24 01:09:54.708] [debug] [coffee] [coffee] event=temperature.change status=success
[2026-08-24 01:09:54.711] [debug] [api] [api] event=did.callback status=ignored reason=local_did_not_open screen=temperature
[2026-08-24 01:09:54.715] [info]  [HASTE DB Save] Settings category "inventory" has been updated and saved to SQLite successfully.
[2026-08-24 01:09:54.717] [info]  [HASTE DB Save] Settings category "inventory" has been updated and saved to SQLite successfully.
[2026-08-24 01:09:54.718] [info]  [serialport] [serialport] event=serialport.connect status=started scope=all
[2026-08-24 01:09:54.721] [info]  [HASTE DB Save] Settings category "inventory" has been updated and saved to SQLite successfully.
[2026-08-24 01:09:54.724] [info]  [HASTE DB Save] Settings category "inventory" has been updated and saved to SQLite successfully.
[2026-08-24 01:09:54.726] [debug] [api] [HASTE Theme Sync] Applied local UI theme: isDark=false
[2026-08-24 01:09:54.728] [debug] [api] [api] event=did.callback status=started target=local screen=/ reason=local_api_down
[2026-08-24 01:09:54.731] [info]  [app] event=app.startup status=success message="subscriptions registered"
[2026-08-24 01:09:54.733] [debug] [task] [task] event=scheduler.change status=success routine=FOAMER_RINSING intervalSec=6000 normalizedIntervalSec=6000
[2026-08-24 01:09:54.736] [debug] [task] [task] event=scheduler.change status=success routine=WARM_RINSING intervalSec=0 normalizedIntervalSec=0
[2026-08-24 01:09:54.739] [debug] [task] [task] event=scheduler.change status=success routine=MIXER_RINSING intervalSec=0 normalizedIntervalSec=0
[2026-08-24 01:09:54.741] [debug] [task] [task] event=scheduler.change status=success routine=ERROR_CHECK intervalSec=1800 normalizedIntervalSec=1800
[2026-08-24 01:09:54.743] [debug] [task] [task] event=scheduler.change status=success routine=ICE_MAKER intervalSec=1800 normalizedIntervalSec=1800
[2026-08-24 01:09:54.746] [debug] [task] [task] event=scheduler.change status=success routine=TEMP_CHECK intervalSec=600 normalizedIntervalSec=600
[2026-08-24 01:09:54.748] [debug] [app] event=scheduler.change status=success routine=license.verify intervalSec=86400
[2026-08-24 01:09:54.749] [info]  [app] event=app.startup status=success message="schedulers registered"
[2026-08-24 01:09:54.750] [info]  [HASTE Guard] enableHasteAgent is false (OFF). Skipping agent bot launch.
[2026-08-24 01:09:54.769] [error] [serialport] [serialport] event=serialport.error status=failed reason=port_error boardName=board1 port=COM6 message="Opening COM6: File not found"
[2026-08-24 01:09:54.772] [error] [serialport] [serialport] event=serialport.error status=failed reason=port_error boardName=board2 port=COM7 message="Opening COM7: File not found"
[2026-08-24 01:09:54.774] [error] [serialport] [serialport] event=serialport.error status=failed reason=port_error boardName=board1 port=COM6 message="Opening COM6: File not found"
[2026-08-24 01:09:54.776] [error] [serialport] [serialport] event=serialport.error status=failed reason=port_error boardName=board2 port=COM7 message="Opening COM7: File not found"
[2026-08-24 01:09:54.778] [debug] [api] [HASTE DevTools Sync] Current window DevTools opened state: false, Target state: false
[2026-08-24 01:09:55.014] [info]  [HASTE DB Save] Settings category "information" has been updated and saved to SQLite successfully.
[2026-08-24 01:09:55.120] [info]  [HASTE DB Save] Settings category "information" has been updated and saved to SQLite successfully.
[2026-08-24 01:09:55.121] [info]  [app] event=license.verify status=success state=approved storeId=01012345678
[2026-08-24 01:09:59.706] [error] [coffee] [coffee] event=coffee.socket status=failed reason=open_timeout transport=ws machineName=WMF model=Lilly_(WMF) ip=192.168.10.99 port=25000
[2026-08-24 01:09:59.708] [error] [coffee] [coffee] event=coffee.socket status=failed reason=connect_failed transport=ws machineName=WMF model=Lilly_(WMF) ip=192.168.10.99 port=25000
[2026-08-24 01:10:15.794] [error] [coffee] [coffee] event=coffee.socket status=failed reason=ws_error machineName=WMF model=Lilly_(WMF) ip=192.168.10.99 port=25000 message="connect ETIMEDOUT 192.168.10.99:25000"
[2026-08-24 01:12:05.501] [info]  [HASTE DB Load] Loaded settings from SQLite database successfully. StoreName: "김포집", StoreNo: "01012345678", ThemeMode: "Light", isKioskDryRun: "false"
[2026-08-24 01:12:05.878] [info]  [app] event=app.startup status=started appVersion=3.1.2r52 packaged=false
[2026-08-24 01:12:05.934] [info]  [app] event=app.window status=success
[2026-08-24 01:12:05.978] [info]  [app] event=app.tray status=success
[2026-08-24 01:12:05.979] [info]  [app] event=updater.check status=ignored reason=store_managed_distribution
[2026-08-24 01:12:05.983] [info]  [app] event=app.ipc status=success
[2026-08-24 01:12:06.018] [info]  [app] event=task.start status=success
[2026-08-24 01:12:06.020] [debug] [api] [api] event=settings.change status=success port=8080 posStoreNo=01012345678 deviceModelId=D0000
[2026-08-24 01:12:06.026] [info]  [api] [HASTE] Found SSL Certificates at: C:\Users\김성규\Desktop\HASTE-AI\src\cafehaste-client\src\lilly-electron\resources
[2026-08-24 01:12:06.029] [info]  [api] [HASTE] Started HTTP Hono Server on port 8080 (Toss Place HTTP Mode).
[2026-08-24 01:12:06.032] [info]  [api] [HASTE] Started HTTPS Hono Server on port 8443 (Toss Kiosk Mode).
[2026-08-24 01:12:06.033] [debug] [api] [api] event=api.server status=success port=8080 host=0.0.0.0
[2026-08-24 01:12:06.037] [info]  [serialport] [serialport] event=serialport.connect status=started scope=all
[2026-08-24 01:12:06.039] [debug] [coffee] [coffee] event=settings.change status=success field=thirdpartyType value=Lilly_(WMF)
[2026-08-24 01:12:06.043] [debug] [coffee] [coffee] event=coffee.socket status=started transport=ws machineName=WMF model=Lilly_(WMF) ip=192.168.10.99 port=25000
[2026-08-24 01:12:06.051] [debug] [coffee] [coffee] event=temperature.change status=success
[2026-08-24 01:12:06.053] [debug] [api] [api] event=did.callback status=ignored reason=local_did_not_open screen=temperature
[2026-08-24 01:12:06.056] [info]  [HASTE DB Save] Settings category "inventory" has been updated and saved to SQLite successfully.
[2026-08-24 01:12:06.058] [info]  [HASTE DB Save] Settings category "inventory" has been updated and saved to SQLite successfully.
[2026-08-24 01:12:06.060] [info]  [serialport] [serialport] event=serialport.connect status=started scope=all
[2026-08-24 01:12:06.064] [info]  [HASTE DB Save] Settings category "inventory" has been updated and saved to SQLite successfully.
[2026-08-24 01:12:06.065] [info]  [HASTE DB Save] Settings category "inventory" has been updated and saved to SQLite successfully.
[2026-08-24 01:12:06.066] [debug] [api] [HASTE Theme Sync] Applied local UI theme: isDark=false
[2026-08-24 01:12:06.068] [debug] [api] [api] event=did.callback status=started target=local screen=/ reason=local_api_down
[2026-08-24 01:12:06.070] [info]  [app] event=app.startup status=success message="subscriptions registered"
[2026-08-24 01:12:06.071] [debug] [task] [task] event=scheduler.change status=success routine=FOAMER_RINSING intervalSec=6000 normalizedIntervalSec=6000
[2026-08-24 01:12:06.073] [debug] [task] [task] event=scheduler.change status=success routine=WARM_RINSING intervalSec=0 normalizedIntervalSec=0
[2026-08-24 01:12:06.077] [debug] [task] [task] event=scheduler.change status=success routine=MIXER_RINSING intervalSec=0 normalizedIntervalSec=0
[2026-08-24 01:12:06.079] [debug] [task] [task] event=scheduler.change status=success routine=ERROR_CHECK intervalSec=1800 normalizedIntervalSec=1800
[2026-08-24 01:12:06.081] [debug] [task] [task] event=scheduler.change status=success routine=ICE_MAKER intervalSec=1800 normalizedIntervalSec=1800
[2026-08-24 01:12:06.083] [debug] [task] [task] event=scheduler.change status=success routine=TEMP_CHECK intervalSec=600 normalizedIntervalSec=600
[2026-08-24 01:12:06.084] [debug] [app] event=scheduler.change status=success routine=license.verify intervalSec=86400
[2026-08-24 01:12:06.085] [info]  [app] event=app.startup status=success message="schedulers registered"
[2026-08-24 01:12:06.086] [info]  [HASTE Guard] enableHasteAgent is false (OFF). Skipping agent bot launch.
[2026-08-24 01:12:06.104] [error] [serialport] [serialport] event=serialport.error status=failed reason=port_error boardName=board1 port=COM6 message="Opening COM6: File not found"
[2026-08-24 01:12:06.107] [error] [serialport] [serialport] event=serialport.error status=failed reason=port_error boardName=board2 port=COM7 message="Opening COM7: File not found"
[2026-08-24 01:12:06.109] [error] [serialport] [serialport] event=serialport.error status=failed reason=port_error boardName=board1 port=COM6 message="Opening COM6: File not found"
[2026-08-24 01:12:06.112] [error] [serialport] [serialport] event=serialport.error status=failed reason=port_error boardName=board2 port=COM7 message="Opening COM7: File not found"
[2026-08-24 01:12:06.123] [debug] [api] [HASTE DevTools Sync] Current window DevTools opened state: false, Target state: false
[2026-08-24 01:12:06.347] [info]  [HASTE DB Save] Settings category "information" has been updated and saved to SQLite successfully.
[2026-08-24 01:12:06.351] [info]  [HASTE DB Save] Settings category "information" has been updated and saved to SQLite successfully.
[2026-08-24 01:12:06.352] [info]  [app] event=license.verify status=success state=approved storeId=01012345678
[2026-08-24 01:12:11.053] [error] [coffee] [coffee] event=coffee.socket status=failed reason=open_timeout transport=ws machineName=WMF model=Lilly_(WMF) ip=192.168.10.99 port=25000
[2026-08-24 01:12:11.055] [error] [coffee] [coffee] event=coffee.socket status=failed reason=connect_failed transport=ws machineName=WMF model=Lilly_(WMF) ip=192.168.10.99 port=25000
[2026-08-24 01:12:27.116] [error] [coffee] [coffee] event=coffee.socket status=failed reason=ws_error machineName=WMF model=Lilly_(WMF) ip=192.168.10.99 port=25000 message="connect ETIMEDOUT 192.168.10.99:25000"
[2026-08-24 01:22:27.986] [debug] [api] [HASTE Theme Sync] Applied local UI theme: isDark=false
[2026-08-24 01:22:27.989] [info]  [HASTE DB Save] Settings category "information" has been updated and saved to SQLite successfully.
[2026-08-24 01:22:28.020] [info]  [HASTE DB Save] Settings category "information" has been updated and saved to SQLite successfully.
[2026-08-24 01:22:28.023] [info]  [HASTE DB Save] Settings category "information" has been updated and saved to SQLite successfully.
[2026-08-24 01:22:28.024] [info]  [HASTE DB Save] Settings category "information" has been updated and saved to SQLite successfully.