[2026-09-27 00:23:30.717] [info]  [TOSS RAW ORDER] orderId=759072665670364380, items=[{"name":"아메리카노","productNo":"16914493","options":[{"optionCode":"1784936","optionName":"ICE","price":0,"quantity":1}]}]
[2026-09-27 00:23:30.724] [info]  [TOSS ITEM RESOLVED] orderId=759072665670364380, item="아메리카노" (16914493) | rawOptions=[{"optionCode":"1784936","optionName":"ICE","price":0,"quantity":1}] ➔ resolved="ICE 아메리카노 (시그니처)" (GSI1002) steps={"step1":["CUP","ICE"],"step2":["COFFEE","60"],"step3":["ICE","5000"],"step4":["COLD","120"]}
[2026-09-27 00:24:22.049] [info]  [toss] event=order.completed status=success source=toss virtual=off mode=order orderId=759072665670364380 bill=759072665670364380 menuCount=1
[2026-09-27 04:22:28.277] [info]  [TOSS RAW ORDER] orderId=759132802837769349, items=[{"name":"아메리카노","productNo":"16914493","options":[{"optionCode":"1784936","optionName":"ICE","price":0,"quantity":1}]}]
[2026-09-27 04:22:28.283] [info]  [TOSS ITEM RESOLVED] orderId=759132802837769349, item="아메리카노" (16914493) | rawOptions=[{"optionCode":"1784936","optionName":"ICE","price":0,"quantity":1}] ➔ resolved="ICE 아메리카노 (시그니처)" (GSI1002) steps={"step1":["CUP","ICE"],"step2":["COFFEE","60"],"step3":["ICE","5000"],"step4":["COLD","120"]}
[2026-09-27 04:23:19.656] [info]  [toss] event=order.completed status=success source=toss virtual=off mode=order orderId=759132802837769349 bill=759132802837769349 menuCount=1
[2026-09-27 08:32:05.734] [info]  [TOSS RAW ORDER] orderId=759195626117116446, items=[{"name":"아샷추","productNo":"16914495","options":[]}]
[2026-09-27 08:32:05.739] [info]  [TOSS ITEM RESOLVED] orderId=759195626117116446, item="아샷추" (16914495) | rawOptions=[] ➔ resolved="ICE 아샷추 (시그니처)" (GSI1003) steps={"step1":["CUP","ICE"],"step2":["COFFEE","30"],"step3":["ICE","5000"],"step4":["COLD","105"],"step5":["복숭아","45"]}
[2026-09-27 08:33:00.955] [info]  [toss] event=order.completed status=success source=toss virtual=off mode=order orderId=759195626117116446 bill=759195626117116446 menuCount=1
[2026-09-27 09:08:13.604] [info]  [TOSS RAW ORDER] orderId=759204719821171687, items=[{"name":"아메리카노","productNo":"16914493","options":[{"optionCode":"1784935","optionName":"HOT","price":0,"quantity":1}]}]
[2026-09-27 09:08:13.609] [info]  [TOSS ITEM RESOLVED] orderId=759204719821171687, item="아메리카노" (16914493) | rawOptions=[{"optionCode":"1784935","optionName":"HOT","price":0,"quantity":1}] ➔ resolved="HOT 아메리카노 (시그니처)" (GSH1002) steps={"step1":["CUP","HOT"],"step2":["COFFEE","60"],"step3":["HOT","280"]}
[2026-09-27 09:08:59.343] [info]  [toss] event=order.completed status=success source=toss virtual=off mode=order orderId=759204719821171687 bill=759204719821171687 menuCount=1
[2026-09-27 10:16:20.692] [info]  [TOSS RAW ORDER] orderId=759221862537213183, items=[{"name":"카페라떼","productNo":"16914499","options":[{"optionCode":"1784936","optionName":"ICE","price":0,"quantity":1},{"optionCode":"1784939","optionName":"연하게","price":0,"quantity":1}]}]
[2026-09-27 10:16:20.696] [info]  [TOSS ITEM RESOLVED] orderId=759221862537213183, item="카페라떼" (16914499) | rawOptions=[{"optionCode":"1784936","optionName":"ICE","price":0,"quantity":1},{"optionCode":"1784939","optionName":"연하게","price":0,"quantity":1}] ➔ resolved="ICE 카페라떼 (시그니처) (연하게)" (GSI2000) steps={"step1":["CUP","ICE"],"step2":["COFFEE","30"],"step3":["ICE","5000"],"step4":["COLD_MILK","160"]}
[2026-09-27 10:17:43.868] [info]  [toss] event=order.completed status=success source=toss virtual=off mode=order orderId=759221862537213183 bill=759221862537213183 menuCount=1
[2026-09-27 10:32:48.746] [info]  [TOSS RAW ORDER] orderId=759226007100973987, items=[{"name":"아메리카노","productNo":"16914493","options":[{"optionCode":"1784936","optionName":"ICE","price":0,"quantity":1}]}]
[2026-09-27 10:32:48.752] [info]  [TOSS ITEM RESOLVED] orderId=759226007100973987, item="아메리카노" (16914493) | rawOptions=[{"optionCode":"1784936","optionName":"ICE","price":0,"quantity":1}] ➔ resolved="ICE 아메리카노 (시그니처)" (GSI1002) steps={"step1":["CUP","ICE"],"step2":["COFFEE","60"],"step3":["ICE","5000"],"step4":["COLD","120"]}
[2026-09-27 10:33:38.999] [info]  [toss] event=order.completed status=success source=toss virtual=off mode=order orderId=759226007100973987 bill=759226007100973987 menuCount=1
[2026-09-27 10:34:51.611] [info]  [TOSS RAW ORDER] orderId=759226521679144408, items=[{"name":"아메리카노","productNo":"16914493","options":[{"optionCode":"1784936","optionName":"ICE","price":0,"quantity":1}]}]
[2026-09-27 10:34:51.617] [info]  [TOSS ITEM RESOLVED] orderId=759226521679144408, item="아메리카노" (16914493) | rawOptions=[{"optionCode":"1784936","optionName":"ICE","price":0,"quantity":1}] ➔ resolved="ICE 아메리카노 (시그니처)" (GSI1002) steps={"step1":["CUP","ICE"],"step2":["COFFEE","60"],"step3":["ICE","5000"],"step4":["COLD","120"]}
[2026-09-27 10:35:45.274] [info]  [toss] event=order.completed status=success source=toss virtual=off mode=order orderId=759226521679144408 bill=759226521679144408 menuCount=1
[2026-09-27 12:07:17.770] [info]  [TOSS RAW ORDER] orderId=759249780583801372, items=[{"name":"카페라떼","productNo":"16914499","options":[{"optionCode":"1784936","optionName":"ICE","price":0,"quantity":1}]}]
[2026-09-27 12:07:17.775] [info]  [TOSS ITEM RESOLVED] orderId=759249780583801372, item="카페라떼" (16914499) | rawOptions=[{"optionCode":"1784936","optionName":"ICE","price":0,"quantity":1}] ➔ resolved="ICE 카페라떼 (시그니처)" (GSI2001) steps={"step1":["CUP","ICE"],"step2":["COFFEE","60"],"step3":["ICE","5000"],"step4":["COLD_MILK","140"]}
[2026-09-27 12:08:32.081] [info]  [toss] event=order.completed status=success source=toss virtual=off mode=order orderId=759249780583801372 bill=759249780583801372 menuCount=1
[2026-09-27 13:10:29.199] [info]  [TOSS RAW ORDER] orderId=759265688257675704, items=[{"name":"아메리카노","productNo":"16914493","options":[{"optionCode":"1784936","optionName":"ICE","price":0,"quantity":1}]}]
[2026-09-27 13:10:29.204] [info]  [TOSS ITEM RESOLVED] orderId=759265688257675704, item="아메리카노" (16914493) | rawOptions=[{"optionCode":"1784936","optionName":"ICE","price":0,"quantity":1}] ➔ resolved="ICE 아메리카노 (시그니처)" (GSI1002) steps={"step1":["CUP","ICE"],"step2":["COFFEE","60"],"step3":["ICE","5000"],"step4":["COLD","120"]}
[2026-09-27 13:12:23.098] [info]  [TOSS RAW ORDER] orderId=759266165842296844, items=[{"name":"카페라떼","productNo":"16914499","options":[{"optionCode":"1784935","optionName":"HOT","price":0,"quantity":1}]}]
[2026-09-27 13:12:23.102] [info]  [TOSS ITEM RESOLVED] orderId=759266165842296844, item="카페라떼" (16914499) | rawOptions=[{"optionCode":"1784935","optionName":"HOT","price":0,"quantity":1}] ➔ resolved="HOT 카페라떼 (시그니처)" (GSH2001) steps={"step1":["CUP","HOT"],"step2":["COFFEE","60"],"step3":["HOT_MILK","240"]}
[2026-09-27 13:12:26.288] [info]  [toss] event=order.completed status=success source=toss virtual=off mode=order orderId=759265688257675704 bill=759265688257675704 menuCount=2
[2026-09-27 13:14:05.522] [info]  [toss] event=order.completed status=success source=toss virtual=off mode=order orderId=759266165842296844 bill=759266165842296844 menuCount=1
[2026-09-27 15:15:27.157] [info]  [TOSS RAW ORDER] orderId=759297135202904169, items=[{"name":"딸기라떼","productNo":"16914553","options":[{"optionCode":"1784935","optionName":"HOT","price":0,"quantity":1}]}]
[2026-09-27 15:15:27.162] [info]  [TOSS ITEM RESOLVED] orderId=759297135202904169, item="딸기라떼" (16914553) | rawOptions=[{"optionCode":"1784935","optionName":"HOT","price":0,"quantity":1}] ➔ resolved="undefined" (undefined) steps=undefined
[2026-09-27 15:15:27.172] [info]  [toss] event=order.completed status=success source=toss virtual=on mode=order orderId=759297135202904169 bill=759297135202904169 menuCount=0
[2026-09-27 15:18:34.113] [info]  [TOSS RAW ORDER] orderId=759297925053262671, items=[{"name":"딸기라떼","productNo":"16914553","options":[{"optionCode":"1784936","optionName":"ICE","price":0,"quantity":1}]}]
[2026-09-27 15:18:34.119] [info]  [TOSS ITEM RESOLVED] orderId=759297925053262671, item="딸기라떼" (16914553) | rawOptions=[{"optionCode":"1784936","optionName":"ICE","price":0,"quantity":1}] ➔ resolved="ICE 딸기라떼" (GMI3009) steps={"step1":["CUP","ICE"],"step2":["ICE",5000],"step3":["COLD_MILK",200],"step4":["딸기","50"]}
[2026-09-27 15:19:07.269] [info]  [toss] event=order.completed status=success source=toss virtual=off mode=order orderId=759297925053262671 bill=759297925053262671 menuCount=1
[2026-09-27 15:22:26.242] [info]  [TOSS RAW ORDER] orderId=759298898547032197, items=[{"name":"아메리카노","productNo":"16914493","options":[{"optionCode":"1784936","optionName":"ICE","price":0,"quantity":1}]},{"name":"초코라떼","productNo":"16914528","options":[{"optionCode":"1784936","optionName":"ICE","price":0,"quantity":1}]},{"name":"딸기라떼","productNo":"16914553","options":[{"optionCode":"1784936","optionName":"ICE","price":0,"quantity":1}]}]
[2026-09-27 15:22:26.247] [info]  [TOSS ITEM RESOLVED] orderId=759298898547032197, item="아메리카노" (16914493) | rawOptions=[{"optionCode":"1784936","optionName":"ICE","price":0,"quantity":1}] ➔ resolved="ICE 아메리카노 (시그니처)" (GSI1002) steps={"step1":["CUP","ICE"],"step2":["COFFEE","60"],"step3":["ICE","5000"],"step4":["COLD","120"]}
[2026-09-27 15:22:26.253] [info]  [TOSS ITEM RESOLVED] orderId=759298898547032197, item="초코라떼" (16914528) | rawOptions=[{"optionCode":"1784936","optionName":"ICE","price":0,"quantity":1}] ➔ resolved="ICE 초코라떼" (GMI3006) steps={"step1":["CUP","ICE"],"step2":["ICE",5000],"step3":["COLD_MILK",200],"step4":["초코","60"]}
[2026-09-27 15:22:26.257] [info]  [TOSS ITEM RESOLVED] orderId=759298898547032197, item="딸기라떼" (16914553) | rawOptions=[{"optionCode":"1784936","optionName":"ICE","price":0,"quantity":1}] ➔ resolved="ICE 딸기라떼" (GMI3009) steps={"step1":["CUP","ICE"],"step2":["ICE",5000],"step3":["COLD_MILK",200],"step4":["딸기","50"]}
[2026-09-27 15:24:09.795] [info]  [toss] event=order.completed status=success source=toss virtual=off mode=order orderId=759298898547032197 bill=759298898547032197 menuCount=3
[2026-09-27 15:34:15.049] [info]  [TOSS RAW ORDER] orderId=759301866449137363, items=[{"name":"오미자차","productNo":"16914559","options":[{"optionCode":"1784936","optionName":"ICE","price":0,"quantity":1}]}]
[2026-09-27 15:34:15.054] [info]  [TOSS ITEM RESOLVED] orderId=759301866449137363, item="오미자차" (16914559) | rawOptions=[{"optionCode":"1784936","optionName":"ICE","price":0,"quantity":1}] ➔ resolved="ICE 오미자차" (GTI5001) steps={"step1":["CUP","ICE"],"step2":["ICE","5000"],"step3":["COLD","120"],"step4":["오미자","60"]}
[2026-09-27 15:34:36.706] [info]  [toss] event=order.completed status=success source=toss virtual=off mode=order orderId=759301866449137363 bill=759301866449137363 menuCount=1
[2026-09-27 15:35:28.088] [info]  [TOSS RAW ORDER] orderId=759302170196623006, items=[{"name":"오미자차","productNo":"16914559","options":[{"optionCode":"1784936","optionName":"ICE","price":0,"quantity":1}]}]
[2026-09-27 15:35:28.093] [info]  [TOSS ITEM RESOLVED] orderId=759302170196623006, item="오미자차" (16914559) | rawOptions=[{"optionCode":"1784936","optionName":"ICE","price":0,"quantity":1}] ➔ resolved="ICE 오미자차" (GTI5001) steps={"step1":["CUP","ICE"],"step2":["ICE","5000"],"step3":["COLD","120"],"step4":["오미자","60"]}
[2026-09-27 15:35:59.713] [info]  [toss] event=order.completed status=success source=toss virtual=off mode=order orderId=759302170196623006 bill=759302170196623006 menuCount=2