[2026-10-09 00:14:01.505] [info]  [TOSS RAW ORDER] orderId=763418861726181175, items=[{"name":"아메리카노","productNo":"16702755","options":[{"optionCode":"1759895","optionName":"ICE","price":0,"quantity":1},{"optionCode":"1759903","optionName":"연하게","price":0,"quantity":1}]}]
[2026-10-09 00:14:01.511] [info]  [TOSS ITEM RESOLVED] orderId=763418861726181175, item="아메리카노" (16702755) | rawOptions=[{"optionCode":"1759895","optionName":"ICE","price":0,"quantity":1},{"optionCode":"1759903","optionName":"연하게","price":0,"quantity":1}] ➔ resolved="ICE 아메리카노 (시그니처) (연하게)" (GSI1001) steps={"step1":["CUP","ICE"],"step2":["COFFEE","30"],"step3":["ICE",5400],"step4":["COLD",147]}
[2026-10-09 00:14:42.868] [info]  [toss] event=order.completed status=success source=toss virtual=off mode=order orderId=763418861726181175 bill=763418861726181175 menuCount=1
[2026-10-09 00:31:05.941] [info]  [TOSS RAW ORDER] orderId=763423142319586581, items=[{"name":"밀크티","productNo":"GTI5008","options":[{"optionCode":"1759894","optionName":"HOT","price":0,"quantity":1}]},{"name":"레몬차","productNo":"GTI5002","options":[{"optionCode":"1759895","optionName":"ICE","price":0,"quantity":1}]}]
[2026-10-09 00:31:05.946] [info]  [TOSS ITEM RESOLVED] orderId=763423142319586581, item="밀크티" (GTI5008) | rawOptions=[{"optionCode":"1759894","optionName":"HOT","price":0,"quantity":1}] ➔ resolved="HOT 밀크티" (GTH5008) steps={"step1":["CUP","HOT"],"step2":["HOT_MILK",260],"step3":["얼그레이","40"]}
[2026-10-09 00:31:05.951] [info]  [TOSS ITEM RESOLVED] orderId=763423142319586581, item="레몬차" (GTI5002) | rawOptions=[{"optionCode":"1759895","optionName":"ICE","price":0,"quantity":1}] ➔ resolved="ICE 레몬차" (GTI5002) steps={"step1":["CUP","ICE"],"step2":["ICE",6100],"step3":["COLD",145],"step4":["레몬","60"],"step5":["설탕","10"]}
[2026-10-09 00:32:13.889] [info]  [toss] event=order.completed status=success source=toss virtual=off mode=order orderId=763423142319586581 bill=763423142319586581 menuCount=2
[2026-10-09 00:36:29.961] [info]  [TOSS RAW ORDER] orderId=763424467858065163, items=[{"name":"바나나초코라떼","productNo":"GMI3011","options":[{"optionCode":"1759895","optionName":"ICE","price":0,"quantity":1}]}]
[2026-10-09 00:36:29.966] [info]  [TOSS ITEM RESOLVED] orderId=763424467858065163, item="바나나초코라떼" (GMI3011) | rawOptions=[{"optionCode":"1759895","optionName":"ICE","price":0,"quantity":1}] ➔ resolved="ICE 바나나라떼 (초코)" (GMI3011) steps={"step1":["CUP","ICE"],"step2":["ICE",5300],"step3":["COLD_MILK",160],"step4":["바나나","60"],"step5":["초코","40"]}
[2026-10-09 00:37:04.224] [info]  [toss] event=order.completed status=success source=toss virtual=off mode=order orderId=763424467858065163 bill=763424467858065163 menuCount=1
[2026-10-09 00:52:24.437] [info]  [TOSS RAW ORDER] orderId=763428500668778080, items=[{"name":"바나나초코라떼","productNo":"GMI3011","options":[{"optionCode":"1759894","optionName":"HOT","price":0,"quantity":1}]},{"name":"밀크티","productNo":"GTI5008","options":[{"optionCode":"1759894","optionName":"HOT","price":0,"quantity":1}]}]
[2026-10-09 00:52:24.443] [info]  [TOSS ITEM RESOLVED] orderId=763428500668778080, item="바나나초코라떼" (GMI3011) | rawOptions=[{"optionCode":"1759894","optionName":"HOT","price":0,"quantity":1}] ➔ resolved="HOT 바나나라떼 (초코)" (GMH3011) steps={"step1":["CUP","HOT"],"step2":["HOT_MILK",260],"step3":["바나나","60"],"step4":["초코","40"]}
[2026-10-09 00:52:24.447] [info]  [TOSS ITEM RESOLVED] orderId=763428500668778080, item="밀크티" (GTI5008) | rawOptions=[{"optionCode":"1759894","optionName":"HOT","price":0,"quantity":1}] ➔ resolved="HOT 밀크티" (GTH5008) steps={"step1":["CUP","HOT"],"step2":["HOT_MILK",260],"step3":["얼그레이","40"]}
[2026-10-09 00:53:54.722] [info]  [toss] event=order.completed status=success source=toss virtual=off mode=order orderId=763428500668778080 bill=763428500668778080 menuCount=2
[2026-10-09 04:15:09.429] [info]  [TOSS RAW ORDER] orderId=763479518915959579, items=[{"name":"아메리카노","productNo":"GSI1002","options":[{"optionCode":"1759895","optionName":"ICE","price":0,"quantity":1},{"optionCode":"1759903","optionName":"연하게","price":0,"quantity":1}]}]
[2026-10-09 04:15:09.435] [info]  [TOSS ITEM RESOLVED] orderId=763479518915959579, item="아메리카노" (GSI1002) | rawOptions=[{"optionCode":"1759895","optionName":"ICE","price":0,"quantity":1},{"optionCode":"1759903","optionName":"연하게","price":0,"quantity":1}] ➔ resolved="ICE 아메리카노 (시그니처) (연하게)" (GSI1001) steps={"step1":["CUP","ICE"],"step2":["COFFEE","30"],"step3":["ICE",5400],"step4":["COLD",147]}
[2026-10-09 04:15:45.696] [info]  [toss] event=order.completed status=success source=toss virtual=off mode=order orderId=763479518915959579 bill=763479518915959579 menuCount=1
[2026-10-09 05:30:51.008] [info]  [TOSS RAW ORDER] orderId=763498581490758675, items=[{"name":"아메리카노","productNo":"GSI1002","options":[{"optionCode":"1759895","optionName":"ICE","price":0,"quantity":1}]}]
[2026-10-09 05:30:51.013] [info]  [TOSS ITEM RESOLVED] orderId=763498581490758675, item="아메리카노" (GSI1002) | rawOptions=[{"optionCode":"1759895","optionName":"ICE","price":0,"quantity":1}] ➔ resolved="ICE 아메리카노 (시그니처)" (GSI1002) steps={"step1":["CUP","ICE"],"step2":["COFFEE","60"],"step3":["ICE",5400],"step4":["COLD",117]}
[2026-10-09 05:31:34.225] [info]  [toss] event=order.completed status=success source=toss virtual=off mode=order orderId=763498581490758675 bill=763498581490758675 menuCount=1
[2026-10-09 06:00:58.424] [info]  [TOSS RAW ORDER] orderId=763506144382918377, items=[{"name":"(스페셜티) 카페라떼","productNo":"16707903","options":[{"optionCode":"1759894","optionName":"HOT","price":0,"quantity":1}]}]
[2026-10-09 06:00:58.430] [info]  [TOSS ITEM RESOLVED] orderId=763506144382918377, item="(스페셜티) 카페라떼" (16707903) | rawOptions=[{"optionCode":"1759894","optionName":"HOT","price":0,"quantity":1}] ➔ resolved="HOT 카페라떼 (스페셜티)" (GPH2001) steps={"step1":["CUP","HOT"],"step2":["COFFEE","61"],"step3":["HOT_MILK",260]}
[2026-10-09 06:02:06.949] [info]  [toss] event=order.completed status=success source=toss virtual=off mode=order orderId=763506144382918377 bill=763506144382918377 menuCount=1
[2026-10-09 06:37:34.333] [info]  [TOSS RAW ORDER] orderId=763515371012851405, items=[{"name":"아메리카노","productNo":"GSI1002","options":[{"optionCode":"1759895","optionName":"ICE","price":0,"quantity":1}]},{"name":"헤이즐넛라떼","productNo":"GSI2004","options":[{"optionCode":"1759895","optionName":"ICE","price":0,"quantity":1}]},{"name":"초코라떼","productNo":"GMI3006","options":[{"optionCode":"1759895","optionName":"ICE","price":0,"quantity":1}]}]
[2026-10-09 06:37:34.340] [info]  [TOSS ITEM RESOLVED] orderId=763515371012851405, item="아메리카노" (GSI1002) | rawOptions=[{"optionCode":"1759895","optionName":"ICE","price":0,"quantity":1}] ➔ resolved="ICE 아메리카노 (시그니처)" (GSI1002) steps={"step1":["CUP","ICE"],"step2":["COFFEE","60"],"step3":["ICE",5400],"step4":["COLD",117]}
[2026-10-09 06:37:34.345] [info]  [TOSS ITEM RESOLVED] orderId=763515371012851405, item="헤이즐넛라떼" (GSI2004) | rawOptions=[{"optionCode":"1759895","optionName":"ICE","price":0,"quantity":1}] ➔ resolved="ICE 헤이즐넛라떼 (시그니처)" (GSI2004) steps={"step1":["CUP","ICE"],"step2":["COFFEE","60"],"step3":["ICE",5000],"step4":["COLD_MILK",120],"step5":["헤이즐넛","35"]}
[2026-10-09 06:37:34.352] [info]  [TOSS ITEM RESOLVED] orderId=763515371012851405, item="초코라떼" (GMI3006) | rawOptions=[{"optionCode":"1759895","optionName":"ICE","price":0,"quantity":1}] ➔ resolved="ICE 초코라떼" (GMI3006) steps={"step1":["CUP","ICE"],"step2":["ICE",5300],"step3":["COLD_MILK",160],"step4":["초코","60"]}
[2026-10-09 06:40:03.720] [info]  [toss] event=order.completed status=success source=toss virtual=off mode=order orderId=763515371012851405 bill=763515371012851405 menuCount=3
[2026-10-09 07:58:19.980] [info]  [TOSS RAW ORDER] orderId=763535686287856493, items=[{"name":"아메리카노","productNo":"GSI1002","options":[{"optionCode":"1759894","optionName":"HOT","price":0,"quantity":1},{"optionCode":"1759904","optionName":"샷추가","price":800,"quantity":1}]},{"name":"아메리카노","productNo":"GSI1002","options":[{"optionCode":"1759895","optionName":"ICE","price":0,"quantity":1}]}]
[2026-10-09 07:58:19.984] [info]  [TOSS ITEM RESOLVED] orderId=763535686287856493, item="아메리카노" (GSI1002) | rawOptions=[{"optionCode":"1759894","optionName":"HOT","price":0,"quantity":1},{"optionCode":"1759904","optionName":"샷추가","price":800,"quantity":1}] ➔ resolved="HOT 아메리카노 (시그니처) (샷추가)" (GSH1005) steps={"step1":["CUP","HOT"],"step2":["COFFEE","90"],"step3":["HOT",237]}
[2026-10-09 07:58:19.991] [info]  [TOSS ITEM RESOLVED] orderId=763535686287856493, item="아메리카노" (GSI1002) | rawOptions=[{"optionCode":"1759895","optionName":"ICE","price":0,"quantity":1}] ➔ resolved="ICE 아메리카노 (시그니처)" (GSI1002) steps={"step1":["CUP","ICE"],"step2":["COFFEE","60"],"step3":["ICE",5400],"step4":["COLD",117]}
[2026-10-09 08:00:28.447] [info]  [toss] event=order.completed status=success source=toss virtual=off mode=order orderId=763535686287856493 bill=763535686287856493 menuCount=2
[2026-10-09 10:56:16.926] [info]  [TOSS RAW ORDER] orderId=763580444456626383, items=[{"name":"(스페셜티) 아메리카노","productNo":"16707171","options":[{"optionCode":"1759895","optionName":"ICE","price":0,"quantity":1}]}]
[2026-10-09 10:56:16.931] [info]  [TOSS ITEM RESOLVED] orderId=763580444456626383, item="(스페셜티) 아메리카노" (16707171) | rawOptions=[{"optionCode":"1759895","optionName":"ICE","price":0,"quantity":1}] ➔ resolved="ICE 아메리카노 (스페셜티)" (GPI1002) steps={"step1":["CUP","ICE"],"step2":["COFFEE","61"],"step3":["ICE",5400],"step4":["COLD",117]}
[2026-10-09 10:56:58.098] [info]  [toss] event=order.completed status=success source=toss virtual=off mode=order orderId=763580444456626383 bill=763580444456626383 menuCount=1
[2026-10-09 11:01:02.943] [info]  [TOSS RAW ORDER] orderId=763581685425343713, items=[{"name":"(스페셜티) 아메리카노","productNo":"16707171","options":[{"optionCode":"1759895","optionName":"ICE","price":0,"quantity":1}]}]
[2026-10-09 11:01:02.948] [info]  [TOSS ITEM RESOLVED] orderId=763581685425343713, item="(스페셜티) 아메리카노" (16707171) | rawOptions=[{"optionCode":"1759895","optionName":"ICE","price":0,"quantity":1}] ➔ resolved="ICE 아메리카노 (스페셜티)" (GPI1002) steps={"step1":["CUP","ICE"],"step2":["COFFEE","61"],"step3":["ICE",5400],"step4":["COLD",117]}
[2026-10-09 11:02:42.770] [info]  [toss] event=order.completed status=success source=toss virtual=off mode=order orderId=763581685425343713 bill=763581685425343713 menuCount=2
[2026-10-09 11:29:09.483] [info]  [TOSS RAW ORDER] orderId=763588741889092066, items=[{"name":"에스프레소 도피오","productNo":"GDH1000","options":[]}]
[2026-10-09 11:29:09.487] [info]  [TOSS ITEM RESOLVED] orderId=763588741889092066, item="에스프레소 도피오" (GDH1000) | rawOptions=[] ➔ resolved="HOT 에스프레소 도피오 (딥리치)" (GDH1000) steps={"step1":["CUP","HOT"],"step2":["COFFEE",60]}
[2026-10-09 11:29:59.353] [info]  [toss] event=order.completed status=success source=toss virtual=off mode=order orderId=763588741889092066 bill=763588741889092066 menuCount=1
[2026-10-09 11:36:12.922] [info]  [TOSS RAW ORDER] orderId=763590549998775528, items=[{"name":"아메리카노","productNo":"GSI1002","options":[{"optionCode":"1759895","optionName":"ICE","price":0,"quantity":1}]}]
[2026-10-09 11:36:12.927] [info]  [TOSS ITEM RESOLVED] orderId=763590549998775528, item="아메리카노" (GSI1002) | rawOptions=[{"optionCode":"1759895","optionName":"ICE","price":0,"quantity":1}] ➔ resolved="ICE 아메리카노 (시그니처)" (GSI1002) steps={"step1":["CUP","ICE"],"step2":["COFFEE","60"],"step3":["ICE",5400],"step4":["COLD",117]}
[2026-10-09 11:36:54.581] [info]  [toss] event=order.completed status=success source=toss virtual=off mode=order orderId=763590549998775528 bill=763590549998775528 menuCount=1
[2026-10-09 11:58:20.431] [info]  [TOSS RAW ORDER] orderId=763596104532333971, items=[{"name":"아메리카노","productNo":"GSI1002","options":[{"optionCode":"1759895","optionName":"ICE","price":0,"quantity":1}]}]
[2026-10-09 11:58:20.438] [info]  [TOSS ITEM RESOLVED] orderId=763596104532333971, item="아메리카노" (GSI1002) | rawOptions=[{"optionCode":"1759895","optionName":"ICE","price":0,"quantity":1}] ➔ resolved="ICE 아메리카노 (시그니처)" (GSI1002) steps={"step1":["CUP","ICE"],"step2":["COFFEE","60"],"step3":["ICE",5400],"step4":["COLD",117]}
[2026-10-09 11:59:02.477] [info]  [toss] event=order.completed status=success source=toss virtual=off mode=order orderId=763596104532333971 bill=763596104532333971 menuCount=1
[2026-10-09 12:04:55.929] [info]  [TOSS RAW ORDER] orderId=763597764633665065, items=[{"name":"아메리카노","productNo":"GSI1002","options":[{"optionCode":"1759895","optionName":"ICE","price":0,"quantity":1},{"optionCode":"1759903","optionName":"연하게","price":0,"quantity":1}]}]
[2026-10-09 12:04:55.936] [info]  [TOSS ITEM RESOLVED] orderId=763597764633665065, item="아메리카노" (GSI1002) | rawOptions=[{"optionCode":"1759895","optionName":"ICE","price":0,"quantity":1},{"optionCode":"1759903","optionName":"연하게","price":0,"quantity":1}] ➔ resolved="ICE 아메리카노 (시그니처) (연하게)" (GSI1001) steps={"step1":["CUP","ICE"],"step2":["COFFEE","30"],"step3":["ICE",5400],"step4":["COLD",147]}
[2026-10-09 12:05:33.525] [info]  [toss] event=order.completed status=success source=toss virtual=off mode=order orderId=763597764633665065 bill=763597764633665065 menuCount=1
[2026-10-09 12:10:41.001] [info]  [TOSS RAW ORDER] orderId=763599194463761701, items=[{"name":"아메리카노","productNo":"GSI1002","options":[{"optionCode":"1759894","optionName":"HOT","price":0,"quantity":1}]}]
[2026-10-09 12:10:41.005] [info]  [TOSS ITEM RESOLVED] orderId=763599194463761701, item="아메리카노" (GSI1002) | rawOptions=[{"optionCode":"1759894","optionName":"HOT","price":0,"quantity":1}] ➔ resolved="HOT 아메리카노 (시그니처)" (GSH1002) steps={"step1":["CUP","HOT"],"step2":["COFFEE","60"],"step3":["HOT",267]}
[2026-10-09 12:11:30.989] [info]  [toss] event=order.completed status=success source=toss virtual=off mode=order orderId=763599194463761701 bill=763599194463761701 menuCount=1
[2026-10-09 12:49:12.471] [info]  [TOSS RAW ORDER] orderId=763608874447629520, items=[{"name":"아메리카노","productNo":"GSI1002","options":[{"optionCode":"1759895","optionName":"ICE","price":0,"quantity":1},{"optionCode":"1759903","optionName":"연하게","price":0,"quantity":1}]}]
[2026-10-09 12:49:12.475] [info]  [TOSS ITEM RESOLVED] orderId=763608874447629520, item="아메리카노" (GSI1002) | rawOptions=[{"optionCode":"1759895","optionName":"ICE","price":0,"quantity":1},{"optionCode":"1759903","optionName":"연하게","price":0,"quantity":1}] ➔ resolved="ICE 아메리카노 (시그니처) (연하게)" (GSI1001) steps={"step1":["CUP","ICE"],"step2":["COFFEE","30"],"step3":["ICE",5400],"step4":["COLD",147]}
[2026-10-09 12:49:48.512] [info]  [toss] event=order.completed status=success source=toss virtual=off mode=order orderId=763608874447629520 bill=763608874447629520 menuCount=1
[2026-10-09 13:13:15.935] [info]  [TOSS RAW ORDER] orderId=763614968796253989, items=[{"name":"아메리카노","productNo":"16702755","options":[{"optionCode":"1759895","optionName":"ICE","price":0,"quantity":1},{"optionCode":"1759903","optionName":"연하게","price":0,"quantity":1}]}]
[2026-10-09 13:13:15.940] [info]  [TOSS ITEM RESOLVED] orderId=763614968796253989, item="아메리카노" (16702755) | rawOptions=[{"optionCode":"1759895","optionName":"ICE","price":0,"quantity":1},{"optionCode":"1759903","optionName":"연하게","price":0,"quantity":1}] ➔ resolved="ICE 아메리카노 (시그니처) (연하게)" (GSI1001) steps={"step1":["CUP","ICE"],"step2":["COFFEE","30"],"step3":["ICE",5400],"step4":["COLD",147]}
[2026-10-09 13:13:52.610] [info]  [toss] event=order.completed status=success source=toss virtual=off mode=order orderId=763614968796253989 bill=763614968796253989 menuCount=1
[2026-10-09 13:14:50.921] [info]  [TOSS RAW ORDER] orderId=763615370837074876, items=[{"name":"아메리카노","productNo":"GSI1002","options":[{"optionCode":"1759895","optionName":"ICE","price":0,"quantity":1}]}]
[2026-10-09 13:14:50.927] [info]  [TOSS ITEM RESOLVED] orderId=763615370837074876, item="아메리카노" (GSI1002) | rawOptions=[{"optionCode":"1759895","optionName":"ICE","price":0,"quantity":1}] ➔ resolved="ICE 아메리카노 (시그니처)" (GSI1002) steps={"step1":["CUP","ICE"],"step2":["COFFEE","60"],"step3":["ICE",5400],"step4":["COLD",117]}
[2026-10-09 13:15:37.468] [info]  [toss] event=order.completed status=success source=toss virtual=off mode=order orderId=763615370837074876 bill=763615370837074876 menuCount=1
[2026-10-09 16:17:16.930] [info]  [TOSS RAW ORDER] orderId=763661262751371900, items=[{"name":"아메리카노","productNo":"GSI1002","options":[{"optionCode":"1759895","optionName":"ICE","price":0,"quantity":1}]},{"name":"아메리카노","productNo":"GSI1002","options":[{"optionCode":"1759894","optionName":"HOT","price":0,"quantity":1}]}]
[2026-10-09 16:17:16.936] [info]  [TOSS ITEM RESOLVED] orderId=763661262751371900, item="아메리카노" (GSI1002) | rawOptions=[{"optionCode":"1759895","optionName":"ICE","price":0,"quantity":1}] ➔ resolved="ICE 아메리카노 (시그니처)" (GSI1002) steps={"step1":["CUP","ICE"],"step2":["COFFEE","60"],"step3":["ICE",5400],"step4":["COLD",117]}
[2026-10-09 16:17:16.945] [info]  [TOSS ITEM RESOLVED] orderId=763661262751371900, item="아메리카노" (GSI1002) | rawOptions=[{"optionCode":"1759894","optionName":"HOT","price":0,"quantity":1}] ➔ resolved="HOT 아메리카노 (시그니처)" (GSH1002) steps={"step1":["CUP","HOT"],"step2":["COFFEE","60"],"step3":["HOT",267]}
[2026-10-09 16:19:39.037] [info]  [toss] event=order.completed status=success source=toss virtual=off mode=order orderId=763661262751371900 bill=763661262751371900 menuCount=3
[2026-10-09 16:31:48.913] [info]  [TOSS RAW ORDER] orderId=763664881844328048, items=[{"name":"(스페셜티) 바나나샷라떼","productNo":"16707963","options":[{"optionCode":"1759894","optionName":"HOT","price":0,"quantity":1},{"optionCode":"1759898","optionName":"연하게","price":0,"quantity":1}]}]
[2026-10-09 16:31:48.918] [info]  [TOSS ITEM RESOLVED] orderId=763664881844328048, item="(스페셜티) 바나나샷라떼" (16707963) | rawOptions=[{"optionCode":"1759894","optionName":"HOT","price":0,"quantity":1},{"optionCode":"1759898","optionName":"연하게","price":0,"quantity":1}] ➔ resolved="HOT 바나나샷라떼 (스페셜티)" (GPH2015) steps={"step1":["CUP","HOT"],"step2":["COFFEE","31"],"step3":["HOT_MILK",260],"step4":["바나나","50"],"step5":["헤이즐넛","5"]}
[2026-10-09 16:31:48.920] [error] [🚨 TOSS RECIPE MISMATCH] orderId=763664881844328048, item="(스페셜티) 바나나샷라떼", reasons=고객 연하게 선택 ➔ 일반/샷 레시피 (HOT 바나나샷라떼 (스페셜티)) | resolved="HOT 바나나샷라떼 (스페셜티)" (GPH2015)