[2026-08-25 00:19:53.241] [error] [toss] event=order.failed status=failed stage=RECIPE source=toss virtual=off mode=order orderId=747112901526968300 error=표준검증_실패:_미등록_상품_[아메리카노]
[2026-08-25 00:22:35.469] [info]  [manual] event=order.received status=success source=manual virtual=off mode=test orderId=INSTANT-1787584955120 bill=0000 menuCount=1 mappings=[{"baseCode":"MDI1002","recipeCode":"MDI1002","matchedMenuName":"ICED아메리카노(다크시그니처)","stepsSummary":"CUP:ICE,_COFFEE:62,_ICE:5600,_COLD:165,_NONE:NONE,_NONE:NONE,_NONE:NONE,_NONE:NONE,_NONE:NONE,_NONE:NONE"}] isTestBrew=true
[2026-08-25 00:23:25.285] [info]  [manual] event=order.completed status=success source=manual virtual=off mode=test orderId=INSTANT-1787584955120 bill=0000 menuCount=1
[2026-08-25 00:23:36.359] [info]  [manual] event=order.received status=success source=manual virtual=off mode=test orderId=INSTANT-1787585016016 bill=0000 menuCount=1 mappings=[{"baseCode":"MDI1002","recipeCode":"MDI1002","matchedMenuName":"ICED아메리카노(다크시그니처)","stepsSummary":"CUP:ICE,_COFFEE:62,_ICE:5600,_COLD:165,_NONE:NONE,_NONE:NONE,_NONE:NONE,_NONE:NONE,_NONE:NONE,_NONE:NONE"}] isTestBrew=true
[2026-08-25 00:24:16.301] [info]  [manual] event=order.completed status=success source=manual virtual=off mode=test orderId=INSTANT-1787585016016 bill=0000 menuCount=1
[2026-08-25 01:36:28.818] [info]  [manual] event=order.received status=success source=manual virtual=off mode=test orderId=INSTANT-1787589388470 bill=0000 menuCount=1 mappings=[{"baseCode":"MDI2003","recipeCode":"MDI2003","matchedMenuName":"ICED바닐라라떼(다크시그니처)","stepsSummary":"CUP:ICE,_COFFEE:62,_ICE:5600,_COLD_MILK:200,_SIRUP15:40,_NONE:NONE,_NONE:NONE,_NONE:NONE,_NONE:NONE,_NONE:NONE"}] isTestBrew=true
[2026-08-25 01:37:30.118] [info]  [manual] event=order.completed status=success source=manual virtual=off mode=test orderId=INSTANT-1787589388470 bill=0000 menuCount=1
[2026-08-25 02:01:28.584] [info]  [toss] event=order.received status=success source=toss virtual=on mode=test orderId=747138471975459324 menuCount=1 mappings=[{"baseCode":"MNI2001","recipeCode":"MNI2001","matchedMenuName":"ICED카페라떼(디카페인)","stepsSummary":"CUP:ICE,_COFFEE:61,_ICE:5600,_COLD_MILK:200,_NONE:NONE,_NONE:NONE,_NONE:NONE,_NONE:NONE,_NONE:NONE,_NONE:NONE"}]
[2026-08-25 02:01:30.836] [info]  [toss] event=order.completed status=success source=toss virtual=on mode=order orderId=747138471975459324 bill=747138471975459324 menuCount=1
[2026-08-25 02:01:46.236] [info]  [toss] event=order.received status=success source=toss virtual=on mode=test orderId=747138549209368563 menuCount=1 mappings=[{"baseCode":"MNI2003","recipeCode":"MNI2003","matchedMenuName":"ICED바닐라라떼(디카페인)","stepsSummary":"CUP:ICE,_COFFEE:61,_ICE:5600,_COLD_MILK:200,_SIRUP15:40,_NONE:NONE,_NONE:NONE,_NONE:NONE,_NONE:NONE,_NONE:NONE"}]
[2026-08-25 02:01:48.737] [info]  [toss] event=order.completed status=success source=toss virtual=on mode=order orderId=747138549209368563 bill=747138549209368563 menuCount=1
[2026-08-25 02:20:58.870] [info]  [toss] event=order.received status=success source=toss virtual=off mode=order orderId=747143383757099820 menuCount=1 mappings=[{"baseCode":"MDI1001","recipeCode":"MDI1001","matchedMenuName":"ICED아메리카노(다크시그니처)(연하게)","stepsSummary":"CUP:ICE,_COFFEE:45,_ICE:5600,_COLD:180,_NONE:NONE,_NONE:NONE,_NONE:NONE,_NONE:NONE,_NONE:NONE,_NONE:NONE"}]
[2026-08-25 02:21:33.937] [info]  [toss] event=order.completed status=success source=toss virtual=off mode=order orderId=747143383757099820 bill=747143383757099820 menuCount=1
[2026-08-25 05:36:18.131] [info]  [toss] event=order.received status=success source=toss virtual=off mode=order orderId=747192540727345737 menuCount=1 mappings=[{"baseCode":"MDI1002","recipeCode":"MDI1002","matchedMenuName":"ICED아메리카노(다크시그니처)","stepsSummary":"CUP:ICE,_COFFEE:62,_ICE:5600,_COLD:165,_NONE:NONE,_NONE:NONE,_NONE:NONE,_NONE:NONE,_NONE:NONE,_NONE:NONE"}]
[2026-08-25 05:37:45.245] [info]  [toss] event=order.completed status=success source=toss virtual=off mode=order orderId=747192540727345737 bill=747192540727345737 menuCount=1
[2026-08-25 08:46:35.433] [info]  [manual] event=order.received status=success source=manual virtual=off mode=test orderId=INSTANT-1787615195097 bill=0000 menuCount=1 mappings=[{"baseCode":"MDI1002","recipeCode":"MDI1002","matchedMenuName":"ICED아메리카노(다크시그니처)","stepsSummary":"CUP:ICE,_COFFEE:62,_ICE:5600,_COLD:165,_NONE:NONE,_NONE:NONE,_NONE:NONE,_NONE:NONE,_NONE:NONE,_NONE:NONE"}] isTestBrew=true
[2026-08-25 08:47:21.409] [info]  [manual] event=order.completed status=success source=manual virtual=off mode=test orderId=INSTANT-1787615195097 bill=0000 menuCount=1
[2026-08-25 12:14:00.074] [info]  [toss] event=order.received status=success source=toss virtual=off mode=order orderId=747292619681308406 menuCount=2 mappings=[{"baseCode":"MAI4007","recipeCode":"MAI4007","matchedMenuName":"ICED자두에이드","stepsSummary":"CUP:ICE,_ICE:5600,_SPARKLE:240,_SIRUP18:65,_NONE:NONE,_NONE:NONE,_NONE:NONE,_NONE:NONE,_NONE:NONE,_NONE:NONE"},{"baseCode":"MMI3008","recipeCode":"MMI3008","matchedMenuName":"ICED말차라떼","stepsSummary":"CUP:ICE,_ICE:5600,_COLD_MILK:200,_SIRUP20:60,_NONE:NONE,_NONE:NONE,_NONE:NONE,_NONE:NONE,_NONE:NONE,_NONE:NONE"}]
[2026-08-25 12:14:48.500] [info]  [toss] event=order.received status=success source=toss virtual=off mode=order orderId=747292817996383454 menuCount=1 mappings=[{"baseCode":"DESSERT_16322268","recipeCode":"DESSERT_16322268","matchedMenuName":"두쫀쿠","stepsSummary":"NONE:NONE,_NONE:NONE,_NONE:NONE,_NONE:NONE,_NONE:NONE,_NONE:NONE,_NONE:NONE,_NONE:NONE,_NONE:NONE,_NONE:NONE"}]
[2026-08-25 12:14:52.550] [info]  [toss] event=order.completed status=success source=toss virtual=off mode=order orderId=747292619681308406 bill=747292619681308406 menuCount=2
[2026-08-25 12:14:53.659] [info]  [toss] event=order.completed status=success source=toss virtual=off mode=order orderId=747292817996383454 bill=747292817996383454 menuCount=1
[2026-08-25 12:15:54.294] [info]  [manual] event=order.received status=success source=manual virtual=off mode=test orderId=INSTANT-1787627753963 bill=0000 menuCount=1 mappings=[{"baseCode":"MMI3009","recipeCode":"MMI3009","matchedMenuName":"ICED딸기라떼","stepsSummary":"CUP:ICE,_ICE:5600,_COLD_MILK:200,_SIRUP3:70,_NONE:NONE,_NONE:NONE,_NONE:NONE,_NONE:NONE,_NONE:NONE,_NONE:NONE"}] isTestBrew=true
[2026-08-25 12:16:31.347] [info]  [manual] event=order.completed status=success source=manual virtual=off mode=test orderId=INSTANT-1787627753963 bill=0000 menuCount=1
[2026-08-25 14:36:36.564] [info]  [toss] event=order.received status=success source=toss virtual=off mode=order orderId=747328512006013695 menuCount=2 mappings=[{"baseCode":"MMI3006","recipeCode":"MMI3006","matchedMenuName":"ICED초코라떼","stepsSummary":"CUP:ICE,_ICE:5600,_COLD_MILK:200,_SIRUP1:70,_NONE:NONE,_NONE:NONE,_NONE:NONE,_NONE:NONE,_NONE:NONE,_NONE:NONE"},{"baseCode":"MMI3006","recipeCode":"MMI3006","matchedMenuName":"ICED초코라떼","stepsSummary":"CUP:ICE,_ICE:5600,_COLD_MILK:200,_SIRUP1:70,_NONE:NONE,_NONE:NONE,_NONE:NONE,_NONE:NONE,_NONE:NONE,_NONE:NONE"}]
[2026-08-25 14:37:18.625] [info]  [toss] event=order.received status=success source=toss virtual=off mode=order orderId=747328684660118989 menuCount=1 mappings=[{"baseCode":"DESSERT_16306617","recipeCode":"DESSERT_16306617","matchedMenuName":"소프트콘(3줄)","stepsSummary":"NONE:NONE,_NONE:NONE,_NONE:NONE,_NONE:NONE,_NONE:NONE,_NONE:NONE,_NONE:NONE,_NONE:NONE,_NONE:NONE,_NONE:NONE"}]
[2026-08-25 14:37:42.082] [info]  [toss] event=order.completed status=success source=toss virtual=off mode=order orderId=747328512006013695 bill=747328512006013695 menuCount=2
[2026-08-25 14:37:43.093] [info]  [toss] event=order.completed status=success source=toss virtual=off mode=order orderId=747328684660118989 bill=747328684660118989 menuCount=1
[2026-08-25 15:22:43.949] [info]  [toss] event=order.received status=success source=toss virtual=off mode=order orderId=747340114721715672 menuCount=1 mappings=[{"baseCode":"MDI1002","recipeCode":"MDI1002","matchedMenuName":"ICED아메리카노(다크시그니처)","stepsSummary":"CUP:ICE,_COFFEE:62,_ICE:5600,_COLD:165,_NONE:NONE,_NONE:NONE,_NONE:NONE,_NONE:NONE,_NONE:NONE,_NONE:NONE"}]
[2026-08-25 15:23:34.725] [info]  [toss] event=order.completed status=success source=toss virtual=off mode=order orderId=747340114721715672 bill=747340114721715672 menuCount=1
[2026-08-25 16:15:51.706] [info]  [toss] event=order.received status=success source=toss virtual=off mode=order orderId=747353487337268548 menuCount=1 mappings=[{"baseCode":"DESSERT_16306617","recipeCode":"DESSERT_16306617","matchedMenuName":"소프트콘(3줄)","stepsSummary":"NONE:NONE,_NONE:NONE,_NONE:NONE,_NONE:NONE,_NONE:NONE,_NONE:NONE,_NONE:NONE,_NONE:NONE,_NONE:NONE,_NONE:NONE"}]
[2026-08-25 16:15:52.663] [info]  [toss] event=order.completed status=success source=toss virtual=off mode=order orderId=747353487337268548 bill=747353487337268548 menuCount=1
[2026-08-25 16:37:40.669] [info]  [toss] event=order.received status=success source=toss virtual=on mode=test orderId=747358978599786693 menuCount=1 mappings=[{"baseCode":"MNI1005","recipeCode":"MNI1005","matchedMenuName":"ICED아메리카노(디카페인)(샷추가)","stepsSummary":"CUP:ICE,_COFFEE:120,_ICE:5600,_COLD:140,_NONE:NONE,_NONE:NONE,_NONE:NONE,_NONE:NONE,_NONE:NONE,_NONE:NONE"}]
[2026-08-25 16:37:42.986] [info]  [toss] event=order.completed status=success source=toss virtual=on mode=order orderId=747358978599786693 bill=747358978599786693 menuCount=1
[2026-08-25 17:30:58.512] [info]  [toss] event=order.received status=success source=toss virtual=off mode=order orderId=747372392113972414 menuCount=1 mappings=[{"baseCode":"MDI1002","recipeCode":"MDI1002","matchedMenuName":"ICED아메리카노(다크시그니처)","stepsSummary":"CUP:ICE,_COFFEE:90,_ICE:5600,_COLD:165,_NONE:NONE,_NONE:NONE,_NONE:NONE,_NONE:NONE,_NONE:NONE,_NONE:NONE"}]
[2026-08-25 17:39:18.762] [info]  [toss] event=order.received status=success source=toss virtual=off mode=order orderId=747374490029336165 menuCount=1 mappings=[{"baseCode":"MDI1001","recipeCode":"MDI1001","matchedMenuName":"ICED아메리카노(다크시그니처)(연하게)","stepsSummary":"CUP:ICE,_COFFEE:45,_ICE:5600,_COLD:180,_NONE:NONE,_NONE:NONE,_NONE:NONE,_NONE:NONE,_NONE:NONE,_NONE:NONE"}]
[2026-08-25 17:39:52.184] [info]  [toss] event=order.completed status=success source=toss virtual=off mode=order orderId=747374490029336165 bill=747374490029336165 menuCount=1
[2026-08-25 17:52:12.749] [info]  [toss] event=order.completed status=success source=toss virtual=off mode=order orderId=747377483764176809 bill=747377483764176809 menuCount=1
[2026-08-25 17:59:50.812] [info]  [toss] event=order.completed status=success source=toss virtual=on mode=order orderId=747379647102293862 bill=747379647102293862 menuCount=1
[2026-08-25 18:00:03.065] [info]  [toss] event=order.completed status=success source=toss virtual=on mode=order orderId=747379699715613092 bill=747379699715613092 menuCount=1
[2026-08-25 18:00:21.073] [info]  [toss] event=order.completed status=success source=toss virtual=on mode=order orderId=747379773178882605 bill=747379773178882605 menuCount=1
[2026-08-25 18:00:44.892] [info]  [toss] event=order.completed status=success source=toss virtual=on mode=order orderId=747379875935110374 bill=747379875935110374 menuCount=1