[2026-08-08 12:06:00.754] [info]  [serialport] event=serialport.connect status=started scope=all
[2026-08-08 12:06:00.809] [info]  [serialport] event=serialport.connect status=started scope=all
[2026-08-08 12:06:00.898] [error] [serialport] event=serialport.error status=failed reason=port_error boardName=board1 port=COM3 message="Opening COM3: File not found"
[2026-08-08 12:06:00.904] [error] [serialport] event=serialport.error status=failed reason=port_error boardName=board1 port=COM3 message="Opening COM3: File not found"
[2026-08-08 12:17:57.889] [info]  [serialport] event=serialport.connect status=started scope=all
[2026-08-08 12:17:57.937] [info]  [serialport] event=serialport.connect status=started scope=all
[2026-08-08 12:17:58.018] [error] [serialport] event=serialport.error status=failed reason=port_error boardName=board1 port=COM3 message="Opening COM3: File not found"
[2026-08-08 12:17:58.021] [error] [serialport] event=serialport.error status=failed reason=port_error boardName=board1 port=COM3 message="Opening COM3: File not found"
[2026-08-08 12:20:22.925] [info]  [serialport] event=serialport.connect status=started scope=all
[2026-08-08 12:20:22.982] [info]  [serialport] event=serialport.connect status=started scope=all
[2026-08-08 12:20:23.085] [error] [serialport] event=serialport.error status=failed reason=port_error boardName=board1 port=COM3 message="Opening COM3: File not found"
[2026-08-08 12:20:23.089] [error] [serialport] event=serialport.error status=failed reason=port_error boardName=board1 port=COM3 message="Opening COM3: File not found"
[2026-08-08 12:21:08.291] [error] [serialport] event=serialport.send status=failed reason=not_connected boardName=board1
[2026-08-08 12:21:12.609] [error] [serialport] event=serialport.send status=failed reason=not_connected boardName=board1
[2026-08-08 12:21:13.471] [error] [serialport] event=serialport.send status=failed reason=not_connected boardName=board1
[2026-08-08 12:21:13.870] [error] [serialport] event=serialport.send status=failed reason=not_connected boardName=board1
[2026-08-08 12:33:05.079] [info]  [serialport] event=serialport.connect status=started scope=all
[2026-08-08 12:33:05.138] [info]  [serialport] event=serialport.connect status=started scope=all
[2026-08-08 12:33:05.234] [error] [serialport] event=serialport.error status=failed reason=port_error boardName=board1 port=COM3 message="Opening COM3: File not found"
[2026-08-08 12:33:05.237] [error] [serialport] event=serialport.error status=failed reason=port_error boardName=board1 port=COM3 message="Opening COM3: File not found"
[2026-08-08 12:38:27.943] [info]  [serialport] event=serialport.connect status=started scope=all
[2026-08-08 12:38:28.002] [info]  [serialport] event=serialport.connect status=started scope=all
[2026-08-08 12:38:28.099] [error] [serialport] event=serialport.error status=failed reason=port_error boardName=board1 port=COM3 message="Opening COM3: File not found"
[2026-08-08 12:38:28.102] [error] [serialport] event=serialport.error status=failed reason=port_error boardName=board1 port=COM3 message="Opening COM3: File not found"
[2026-08-08 13:04:13.696] [info]  [serialport] event=serialport.connect status=started scope=all
[2026-08-08 13:04:13.798] [info]  [serialport] event=serialport.connect status=started scope=all
[2026-08-08 13:04:13.979] [error] [serialport] event=serialport.error status=failed reason=port_error boardName=board1 port=COM3 message="Opening COM3: File not found"
[2026-08-08 13:04:13.985] [error] [serialport] event=serialport.error status=failed reason=port_error boardName=board1 port=COM3 message="Opening COM3: File not found"
[2026-08-08 13:20:30.442] [info]  [serialport] event=serialport.connect status=started scope=all
[2026-08-08 13:20:30.501] [info]  [serialport] event=serialport.connect status=started scope=all
[2026-08-08 13:20:30.601] [error] [serialport] event=serialport.error status=failed reason=port_error boardName=board1 port=COM3 message="Opening COM3: File not found"
[2026-08-08 13:20:30.605] [error] [serialport] event=serialport.error status=failed reason=port_error boardName=board1 port=COM3 message="Opening COM3: File not found"
[2026-08-08 13:20:53.177] [info]  [serialport] event=settings.change status=success scope=all
[2026-08-08 13:20:53.179] [info]  [serialport] event=serialport.connect status=started scope=all
[2026-08-08 13:20:53.180] [info]  [serialport] event=serialport.connect status=started scope=all
[2026-08-08 13:20:53.305] [info]  [serialport] event=settings.change status=success scope=all
[2026-08-08 13:20:53.311] [info]  [serialport] event=serialport.connect status=started scope=all
[2026-08-08 13:20:53.313] [info]  [serialport] event=serialport.connect status=started scope=all
[2026-08-08 13:20:53.537] [error] [serialport] event=serialport.error status=failed reason=port_error boardName=board1 port=COM1 message="Opening COM1: Access denied"
[2026-08-08 13:20:53.540] [error] [serialport] event=serialport.error status=failed reason=port_error boardName=board1 port=COM6 message="Opening COM6: File not found"
[2026-08-08 13:20:53.544] [error] [serialport] event=serialport.error status=failed reason=port_error boardName=board2 port=COM7 message="Opening COM7: File not found"
[2026-08-08 13:20:53.547] [error] [serialport] event=serialport.error status=failed reason=port_error boardName=board1 port=COM6 message="Opening COM6: File not found"
[2026-08-08 13:20:53.551] [error] [serialport] event=serialport.error status=failed reason=port_error boardName=board2 port=COM7 message="Opening COM7: File not found"
[2026-08-08 13:20:53.554] [debug] [serialport] event=serialport.connect status=success boardName=board1 port=COM1
[2026-08-08 13:20:53.582] [debug] [serialport] event=serialport.packet status=success boardName=board1 length=24 message="bytearray(b'\\x020A1DCP0201A00101A10344\\x03')"
[2026-08-08 13:25:45.102] [debug] [serialport] event=serialport.close status=success boardName=board1 port=COM1
[2026-08-08 14:10:57.101] [info]  [serialport] event=serialport.connect status=started scope=all
[2026-08-08 14:10:57.152] [info]  [serialport] event=serialport.connect status=started scope=all
[2026-08-08 14:10:57.243] [error] [serialport] event=serialport.error status=failed reason=port_error boardName=board1 port=COM6 message="Opening COM6: File not found"
[2026-08-08 14:10:57.247] [error] [serialport] event=serialport.error status=failed reason=port_error boardName=board2 port=COM7 message="Opening COM7: File not found"
[2026-08-08 14:10:57.250] [error] [serialport] event=serialport.error status=failed reason=port_error boardName=board1 port=COM6 message="Opening COM6: File not found"
[2026-08-08 14:10:57.253] [error] [serialport] event=serialport.error status=failed reason=port_error boardName=board2 port=COM7 message="Opening COM7: File not found"
[2026-08-08 14:13:55.945] [info]  [serialport] event=settings.change status=success scope=all
[2026-08-08 14:13:55.946] [info]  [serialport] event=serialport.connect status=started scope=all
[2026-08-08 14:13:55.950] [info]  [serialport] event=serialport.connect status=started scope=all
[2026-08-08 14:13:56.025] [error] [serialport] event=serialport.error status=failed reason=port_error boardName=board1 port=COM3 message="Opening COM3: File not found"
[2026-08-08 14:13:56.029] [error] [serialport] event=serialport.error status=failed reason=port_error boardName=board1 port=COM3 message="Opening COM3: File not found"
[2026-08-08 14:36:45.337] [info]  [serialport] event=serialport.connect status=started scope=all
[2026-08-08 14:36:45.384] [info]  [serialport] event=serialport.connect status=started scope=all
[2026-08-08 14:36:45.470] [error] [serialport] event=serialport.error status=failed reason=port_error boardName=board1 port=COM3 message="Opening COM3: File not found"
[2026-08-08 14:36:45.473] [error] [serialport] event=serialport.error status=failed reason=port_error boardName=board1 port=COM3 message="Opening COM3: File not found"
[2026-08-08 14:50:10.652] [info]  [serialport] event=serialport.connect status=started scope=all
[2026-08-08 14:50:10.703] [info]  [serialport] event=serialport.connect status=started scope=all
[2026-08-08 14:50:10.797] [error] [serialport] event=serialport.error status=failed reason=port_error boardName=board1 port=COM3 message="Opening COM3: File not found"
[2026-08-08 14:50:10.801] [error] [serialport] event=serialport.error status=failed reason=port_error boardName=board1 port=COM3 message="Opening COM3: File not found"
[2026-08-08 14:52:09.093] [info]  [serialport] event=serialport.connect status=started scope=all
[2026-08-08 14:52:09.139] [info]  [serialport] event=serialport.connect status=started scope=all
[2026-08-08 14:52:09.225] [error] [serialport] event=serialport.error status=failed reason=port_error boardName=board1 port=COM3 message="Opening COM3: File not found"
[2026-08-08 14:52:09.228] [error] [serialport] event=serialport.error status=failed reason=port_error boardName=board1 port=COM3 message="Opening COM3: File not found"
[2026-08-08 14:52:37.715] [info]  [serialport] event=serialport.connect status=started scope=all
[2026-08-08 14:52:37.778] [info]  [serialport] event=serialport.connect status=started scope=all
[2026-08-08 14:52:37.911] [error] [serialport] event=serialport.error status=failed reason=port_error boardName=board1 port=COM3 message="Opening COM3: File not found"
[2026-08-08 14:52:37.915] [error] [serialport] event=serialport.error status=failed reason=port_error boardName=board1 port=COM3 message="Opening COM3: File not found"
[2026-08-08 14:54:12.211] [info]  [serialport] event=serialport.connect status=started scope=all
[2026-08-08 14:54:12.278] [info]  [serialport] event=serialport.connect status=started scope=all
[2026-08-08 14:54:12.415] [error] [serialport] event=serialport.error status=failed reason=port_error boardName=board1 port=COM3 message="Opening COM3: File not found"
[2026-08-08 14:54:12.421] [error] [serialport] event=serialport.error status=failed reason=port_error boardName=board1 port=COM3 message="Opening COM3: File not found"
[2026-08-08 14:54:57.322] [info]  [serialport] event=serialport.connect status=started scope=all
[2026-08-08 14:54:57.394] [info]  [serialport] event=serialport.connect status=started scope=all
[2026-08-08 14:54:57.521] [error] [serialport] event=serialport.error status=failed reason=port_error boardName=board1 port=COM3 message="Opening COM3: File not found"
[2026-08-08 14:54:57.525] [error] [serialport] event=serialport.error status=failed reason=port_error boardName=board1 port=COM3 message="Opening COM3: File not found"
[2026-08-08 14:55:55.241] [info]  [serialport] event=serialport.connect status=started scope=all
[2026-08-08 14:55:55.287] [info]  [serialport] event=serialport.connect status=started scope=all
[2026-08-08 14:55:55.375] [error] [serialport] event=serialport.error status=failed reason=port_error boardName=board1 port=COM3 message="Opening COM3: File not found"
[2026-08-08 14:55:55.379] [error] [serialport] event=serialport.error status=failed reason=port_error boardName=board1 port=COM3 message="Opening COM3: File not found"
[2026-08-08 14:57:07.111] [info]  [serialport] event=serialport.connect status=started scope=all
[2026-08-08 14:57:07.158] [info]  [serialport] event=serialport.connect status=started scope=all
[2026-08-08 14:57:07.246] [error] [serialport] event=serialport.error status=failed reason=port_error boardName=board1 port=COM3 message="Opening COM3: File not found"
[2026-08-08 14:57:07.251] [error] [serialport] event=serialport.error status=failed reason=port_error boardName=board1 port=COM3 message="Opening COM3: File not found"
[2026-08-08 14:58:13.350] [info]  [serialport] event=serialport.connect status=started scope=all
[2026-08-08 14:58:13.402] [info]  [serialport] event=serialport.connect status=started scope=all
[2026-08-08 14:58:13.494] [error] [serialport] event=serialport.error status=failed reason=port_error boardName=board1 port=COM3 message="Opening COM3: File not found"
[2026-08-08 14:58:13.498] [error] [serialport] event=serialport.error status=failed reason=port_error boardName=board1 port=COM3 message="Opening COM3: File not found"