[2026-08-11 00:00:02.078] [error] node:internal/modules/cjs/loader:1527
[2026-08-11 00:00:02.079] [error] throw err;
[2026-08-11 00:00:02.080] [error] ^
[2026-08-11 00:00:02.080] [error] Error: Cannot find module '@discordjs/util'
[2026-08-11 00:00:02.081] [error] Require stack:
[2026-08-11 00:00:02.089] [error] - C:\Users\커피에반하다\AppData\Local\Programs\haste-client\resources\app.asar\node_modules\discord.js\src\index.js
[2026-08-11 00:00:02.089] [error] - C:\Users\커피에반하다\AppData\Local\Programs\haste-client\resources\app.asar\haste_agent_bridge.js
[2026-08-11 00:00:02.090] [error] at Module._resolveFilename (node:internal/modules/cjs/loader:1524:15)
[2026-08-11 00:00:02.090] [error] at wrapResolveFilename (node:internal/modules/cjs/loader:1078:27)
[2026-08-11 00:00:02.091] [error] at defaultResolveImplForCJSLoading (node:internal/modules/cjs/loader:1102:10)
[2026-08-11 00:00:02.091] [error] at resolveForCJSWithHooks (node:internal/modules/cjs/loader:1129:12)
[2026-08-11 00:00:02.092] [error] at Module._load (node:internal/modules/cjs/loader:1301:5)
[2026-08-11 00:00:02.092] [error] at c._load (node:electron/js2c/node_init:2:18060)
[2026-08-11 00:00:02.093] [error] at wrapModuleLoad (node:internal/modules/cjs/loader:262:19)
[2026-08-11 00:00:02.094] [error] at Module.require (node:internal/modules/cjs/loader:1624:12)
[2026-08-11 00:00:02.095] [error] at require (node:internal/modules/helpers:153:16)
[2026-08-11 00:00:02.095] [error] at Object.<anonymous> (C:\Users\커피에반하다\AppData\Local\Programs\haste-client\resources\app.asar\node_modules\discord.js\src\index.js:3:29) {
[2026-08-11 00:00:02.096] [error] code: 'MODULE_NOT_FOUND',
[2026-08-11 00:00:02.097] [error] requireStack: [
[2026-08-11 00:00:02.098] [error] 'C:\\Users\\커피에반하다\\AppData\\Local\\Programs\\haste-client\\resources\\app.asar\\node_modules\\discord.js\\src\\index.js',
[2026-08-11 00:00:02.098] [error] 'C:\\Users\\커피에반하다\\AppData\\Local\\Programs\\haste-client\\resources\\app.asar\\haste_agent_bridge.js'
[2026-08-11 00:00:02.099] [error] ]
[2026-08-11 00:00:02.099] [error] }
[2026-08-11 00:00:02.100] [error] Node.js v24.18.0
[2026-08-11 00:00:07.432] [error] node:internal/modules/cjs/loader:1527
[2026-08-11 00:00:07.432] [error] throw err;
[2026-08-11 00:00:07.433] [error] ^
[2026-08-11 00:00:07.434] [error] Error: Cannot find module '@discordjs/util'
[2026-08-11 00:00:07.434] [error] Require stack:
[2026-08-11 00:00:07.435] [error] - C:\Users\커피에반하다\AppData\Local\Programs\haste-client\resources\app.asar\node_modules\discord.js\src\index.js
[2026-08-11 00:00:07.436] [error] - C:\Users\커피에반하다\AppData\Local\Programs\haste-client\resources\app.asar\haste_agent_bridge.js
[2026-08-11 00:00:07.437] [error] at Module._resolveFilename (node:internal/modules/cjs/loader:1524:15)
[2026-08-11 00:00:07.437] [error] at wrapResolveFilename (node:internal/modules/cjs/loader:1078:27)
[2026-08-11 00:00:07.438] [error] at defaultResolveImplForCJSLoading (node:internal/modules/cjs/loader:1102:10)
[2026-08-11 00:00:07.438] [error] at resolveForCJSWithHooks (node:internal/modules/cjs/loader:1129:12)
[2026-08-11 00:00:07.439] [error] at Module._load (node:internal/modules/cjs/loader:1301:5)
[2026-08-11 00:00:07.439] [error] at c._load (node:electron/js2c/node_init:2:18060)
[2026-08-11 00:00:07.439] [error] at wrapModuleLoad (node:internal/modules/cjs/loader:262:19)
[2026-08-11 00:00:07.440] [error] at Module.require (node:internal/modules/cjs/loader:1624:12)
[2026-08-11 00:00:07.440] [error] at require (node:internal/modules/helpers:153:16)
[2026-08-11 00:00:07.441] [error] at Object.<anonymous> (C:\Users\커피에반하다\AppData\Local\Programs\haste-client\resources\app.asar\node_modules\discord.js\src\index.js:3:29) {
[2026-08-11 00:00:07.441] [error] code: 'MODULE_NOT_FOUND',
[2026-08-11 00:00:07.442] [error] requireStack: [
[2026-08-11 00:00:07.442] [error] 'C:\\Users\\커피에반하다\\AppData\\Local\\Programs\\haste-client\\resources\\app.asar\\node_modules\\discord.js\\src\\index.js',
[2026-08-11 00:00:07.443] [error] 'C:\\Users\\커피에반하다\\AppData\\Local\\Programs\\haste-client\\resources\\app.asar\\haste_agent_bridge.js'
[2026-08-11 00:00:07.443] [error] ]
[2026-08-11 00:00:07.444] [error] }
[2026-08-11 00:00:07.444] [error] Node.js v24.18.0
[2026-08-11 00:00:12.727] [error] node:internal/modules/cjs/loader:1527
[2026-08-11 00:00:12.727] [error] throw err;
[2026-08-11 00:00:12.728] [error] ^
[2026-08-11 00:00:12.728] [error] Error: Cannot find module '@discordjs/util'
[2026-08-11 00:00:12.729] [error] Require stack:
[2026-08-11 00:00:12.729] [error] - C:\Users\커피에반하다\AppData\Local\Programs\haste-client\resources\app.asar\node_modules\discord.js\src\index.js
[2026-08-11 00:00:12.730] [error] - C:\Users\커피에반하다\AppData\Local\Programs\haste-client\resources\app.asar\haste_agent_bridge.js
[2026-08-11 00:00:12.730] [error] at Module._resolveFilename (node:internal/modules/cjs/loader:1524:15)
[2026-08-11 00:00:12.731] [error] at wrapResolveFilename (node:internal/modules/cjs/loader:1078:27)
[2026-08-11 00:00:12.731] [error] at defaultResolveImplForCJSLoading (node:internal/modules/cjs/loader:1102:10)
[2026-08-11 00:00:12.732] [error] at resolveForCJSWithHooks (node:internal/modules/cjs/loader:1129:12)
[2026-08-11 00:00:12.732] [error] at Module._load (node:internal/modules/cjs/loader:1301:5)
[2026-08-11 00:00:12.733] [error] at c._load (node:electron/js2c/node_init:2:18060)
[2026-08-11 00:00:12.733] [error] at wrapModuleLoad (node:internal/modules/cjs/loader:262:19)
[2026-08-11 00:00:12.734] [error] at Module.require (node:internal/modules/cjs/loader:1624:12)
[2026-08-11 00:00:12.734] [error] at require (node:internal/modules/helpers:153:16)
[2026-08-11 00:00:12.735] [error] at Object.<anonymous> (C:\Users\커피에반하다\AppData\Local\Programs\haste-client\resources\app.asar\node_modules\discord.js\src\index.js:3:29) {
[2026-08-11 00:00:12.736] [error] code: 'MODULE_NOT_FOUND',
[2026-08-11 00:00:12.736] [error] requireStack: [
[2026-08-11 00:00:12.737] [error] 'C:\\Users\\커피에반하다\\AppData\\Local\\Programs\\haste-client\\resources\\app.asar\\node_modules\\discord.js\\src\\index.js',
[2026-08-11 00:00:12.737] [error] 'C:\\Users\\커피에반하다\\AppData\\Local\\Programs\\haste-client\\resources\\app.asar\\haste_agent_bridge.js'
[2026-08-11 00:00:12.738] [error] ]
[2026-08-11 00:00:12.738] [error] }
[2026-08-11 00:00:12.739] [error] Node.js v24.18.0
[2026-08-11 00:00:18.009] [error] node:internal/modules/cjs/loader:1527
[2026-08-11 00:00:18.009] [error] throw err;
[2026-08-11 00:00:18.010] [error] ^
[2026-08-11 00:00:18.010] [error] Error: Cannot find module '@discordjs/util'
[2026-08-11 00:00:18.011] [error] Require stack:
[2026-08-11 00:00:18.011] [error] - C:\Users\커피에반하다\AppData\Local\Programs\haste-client\resources\app.asar\node_modules\discord.js\src\index.js
[2026-08-11 00:00:18.012] [error] - C:\Users\커피에반하다\AppData\Local\Programs\haste-client\resources\app.asar\haste_agent_bridge.js
[2026-08-11 00:00:18.012] [error] at Module._resolveFilename (node:internal/modules/cjs/loader:1524:15)
[2026-08-11 00:00:18.013] [error] at wrapResolveFilename (node:internal/modules/cjs/loader:1078:27)
[2026-08-11 00:00:18.013] [error] at defaultResolveImplForCJSLoading (node:internal/modules/cjs/loader:1102:10)
[2026-08-11 00:00:18.014] [error] at resolveForCJSWithHooks (node:internal/modules/cjs/loader:1129:12)
[2026-08-11 00:00:18.014] [error] at Module._load (node:internal/modules/cjs/loader:1301:5)
[2026-08-11 00:00:18.014] [error] at c._load (node:electron/js2c/node_init:2:18060)
[2026-08-11 00:00:18.015] [error] at wrapModuleLoad (node:internal/modules/cjs/loader:262:19)
[2026-08-11 00:00:18.015] [error] at Module.require (node:internal/modules/cjs/loader:1624:12)
[2026-08-11 00:00:18.016] [error] at require (node:internal/modules/helpers:153:16)
[2026-08-11 00:00:18.016] [error] at Object.<anonymous> (C:\Users\커피에반하다\AppData\Local\Programs\haste-client\resources\app.asar\node_modules\discord.js\src\index.js:3:29) {
[2026-08-11 00:00:18.017] [error] code: 'MODULE_NOT_FOUND',
[2026-08-11 00:00:18.017] [error] requireStack: [
[2026-08-11 00:00:18.018] [error] 'C:\\Users\\커피에반하다\\AppData\\Local\\Programs\\haste-client\\resources\\app.asar\\node_modules\\discord.js\\src\\index.js',
[2026-08-11 00:00:18.018] [error] 'C:\\Users\\커피에반하다\\AppData\\Local\\Programs\\haste-client\\resources\\app.asar\\haste_agent_bridge.js'
[2026-08-11 00:00:18.019] [error] ]
[2026-08-11 00:00:18.019] [error] }
[2026-08-11 00:00:18.020] [error] Node.js v24.18.0
[2026-08-11 00:00:23.289] [error] node:internal/modules/cjs/loader:1527
[2026-08-11 00:00:23.289] [error] throw err;
[2026-08-11 00:00:23.290] [error] ^
[2026-08-11 00:00:23.291] [error] Error: Cannot find module '@discordjs/util'
[2026-08-11 00:00:23.292] [error] Require stack:
[2026-08-11 00:00:23.292] [error] - C:\Users\커피에반하다\AppData\Local\Programs\haste-client\resources\app.asar\node_modules\discord.js\src\index.js
[2026-08-11 00:00:23.293] [error] - C:\Users\커피에반하다\AppData\Local\Programs\haste-client\resources\app.asar\haste_agent_bridge.js
[2026-08-11 00:00:23.293] [error] at Module._resolveFilename (node:internal/modules/cjs/loader:1524:15)
[2026-08-11 00:00:23.294] [error] at wrapResolveFilename (node:internal/modules/cjs/loader:1078:27)
[2026-08-11 00:00:23.294] [error] at defaultResolveImplForCJSLoading (node:internal/modules/cjs/loader:1102:10)
[2026-08-11 00:00:23.295] [error] at resolveForCJSWithHooks (node:internal/modules/cjs/loader:1129:12)
[2026-08-11 00:00:23.296] [error] at Module._load (node:internal/modules/cjs/loader:1301:5)
[2026-08-11 00:00:23.296] [error] at c._load (node:electron/js2c/node_init:2:18060)
[2026-08-11 00:00:23.297] [error] at wrapModuleLoad (node:internal/modules/cjs/loader:262:19)
[2026-08-11 00:00:23.297] [error] at Module.require (node:internal/modules/cjs/loader:1624:12)
[2026-08-11 00:00:23.298] [error] at require (node:internal/modules/helpers:153:16)
[2026-08-11 00:00:23.298] [error] at Object.<anonymous> (C:\Users\커피에반하다\AppData\Local\Programs\haste-client\resources\app.asar\node_modules\discord.js\src\index.js:3:29) {
[2026-08-11 00:00:23.299] [error] code: 'MODULE_NOT_FOUND',
[2026-08-11 00:00:23.299] [error] requireStack: [
[2026-08-11 00:00:23.300] [error] 'C:\\Users\\커피에반하다\\AppData\\Local\\Programs\\haste-client\\resources\\app.asar\\node_modules\\discord.js\\src\\index.js',
[2026-08-11 00:00:23.301] [error] 'C:\\Users\\커피에반하다\\AppData\\Local\\Programs\\haste-client\\resources\\app.asar\\haste_agent_bridge.js'
[2026-08-11 00:00:23.301] [error] ]
[2026-08-11 00:00:23.302] [error] }
[2026-08-11 00:00:23.303] [error] Node.js v24.18.0
[2026-08-11 00:00:28.603] [error] node:internal/modules/cjs/loader:1527
[2026-08-11 00:00:28.604] [error] throw err;
[2026-08-11 00:00:28.605] [error] ^
[2026-08-11 00:00:28.605] [error] Error: Cannot find module '@discordjs/util'
[2026-08-11 00:00:28.606] [error] Require stack:
[2026-08-11 00:00:28.606] [error] - C:\Users\커피에반하다\AppData\Local\Programs\haste-client\resources\app.asar\node_modules\discord.js\src\index.js
[2026-08-11 00:00:28.607] [error] - C:\Users\커피에반하다\AppData\Local\Programs\haste-client\resources\app.asar\haste_agent_bridge.js
[2026-08-11 00:00:28.607] [error] at Module._resolveFilename (node:internal/modules/cjs/loader:1524:15)
[2026-08-11 00:00:28.608] [error] at wrapResolveFilename (node:internal/modules/cjs/loader:1078:27)
[2026-08-11 00:00:28.608] [error] at defaultResolveImplForCJSLoading (node:internal/modules/cjs/loader:1102:10)
[2026-08-11 00:00:28.609] [error] at resolveForCJSWithHooks (node:internal/modules/cjs/loader:1129:12)
[2026-08-11 00:00:28.609] [error] at Module._load (node:internal/modules/cjs/loader:1301:5)
[2026-08-11 00:00:28.609] [error] at c._load (node:electron/js2c/node_init:2:18060)
[2026-08-11 00:00:28.610] [error] at wrapModuleLoad (node:internal/modules/cjs/loader:262:19)
[2026-08-11 00:00:28.610] [error] at Module.require (node:internal/modules/cjs/loader:1624:12)
[2026-08-11 00:00:28.611] [error] at require (node:internal/modules/helpers:153:16)
[2026-08-11 00:00:28.611] [error] at Object.<anonymous> (C:\Users\커피에반하다\AppData\Local\Programs\haste-client\resources\app.asar\node_modules\discord.js\src\index.js:3:29) {
[2026-08-11 00:00:28.612] [error] code: 'MODULE_NOT_FOUND',
[2026-08-11 00:00:28.612] [error] requireStack: [
[2026-08-11 00:00:28.613] [error] 'C:\\Users\\커피에반하다\\AppData\\Local\\Programs\\haste-client\\resources\\app.asar\\node_modules\\discord.js\\src\\index.js',
[2026-08-11 00:00:28.613] [error] 'C:\\Users\\커피에반하다\\AppData\\Local\\Programs\\haste-client\\resources\\app.asar\\haste_agent_bridge.js'
[2026-08-11 00:00:28.614] [error] ]
[2026-08-11 00:00:28.614] [error] }
[2026-08-11 00:00:28.615] [error] Node.js v24.18.0
[2026-08-11 00:00:33.889] [error] node:internal/modules/cjs/loader:1527
[2026-08-11 00:00:33.890] [error] throw err;
[2026-08-11 00:00:33.890] [error] ^
[2026-08-11 00:00:33.891] [error] Error: Cannot find module '@discordjs/util'
[2026-08-11 00:00:33.892] [error] Require stack:
[2026-08-11 00:00:33.892] [error] - C:\Users\커피에반하다\AppData\Local\Programs\haste-client\resources\app.asar\node_modules\discord.js\src\index.js
[2026-08-11 00:00:33.892] [error] - C:\Users\커피에반하다\AppData\Local\Programs\haste-client\resources\app.asar\haste_agent_bridge.js
[2026-08-11 00:00:33.893] [error] at Module._resolveFilename (node:internal/modules/cjs/loader:1524:15)
[2026-08-11 00:00:33.893] [error] at wrapResolveFilename (node:internal/modules/cjs/loader:1078:27)
[2026-08-11 00:00:33.894] [error] at defaultResolveImplForCJSLoading (node:internal/modules/cjs/loader:1102:10)
[2026-08-11 00:00:33.894] [error] at resolveForCJSWithHooks (node:internal/modules/cjs/loader:1129:12)
[2026-08-11 00:00:33.895] [error] at Module._load (node:internal/modules/cjs/loader:1301:5)
[2026-08-11 00:00:33.895] [error] at c._load (node:electron/js2c/node_init:2:18060)
[2026-08-11 00:00:33.896] [error] at wrapModuleLoad (node:internal/modules/cjs/loader:262:19)
[2026-08-11 00:00:33.896] [error] at Module.require (node:internal/modules/cjs/loader:1624:12)
[2026-08-11 00:00:33.897] [error] at require (node:internal/modules/helpers:153:16)
[2026-08-11 00:00:33.897] [error] at Object.<anonymous> (C:\Users\커피에반하다\AppData\Local\Programs\haste-client\resources\app.asar\node_modules\discord.js\src\index.js:3:29) {
[2026-08-11 00:00:33.898] [error] code: 'MODULE_NOT_FOUND',
[2026-08-11 00:00:33.898] [error] requireStack: [
[2026-08-11 00:00:33.899] [error] 'C:\\Users\\커피에반하다\\AppData\\Local\\Programs\\haste-client\\resources\\app.asar\\node_modules\\discord.js\\src\\index.js',
[2026-08-11 00:00:33.899] [error] 'C:\\Users\\커피에반하다\\AppData\\Local\\Programs\\haste-client\\resources\\app.asar\\haste_agent_bridge.js'
[2026-08-11 00:00:33.900] [error] ]
[2026-08-11 00:00:33.900] [error] }
[2026-08-11 00:00:33.900] [error] Node.js v24.18.0
[2026-08-11 00:00:39.259] [error] node:internal/modules/cjs/loader:1527
[2026-08-11 00:00:39.260] [error] throw err;
[2026-08-11 00:00:39.261] [error] ^
[2026-08-11 00:00:39.261] [error] Error: Cannot find module '@discordjs/util'
[2026-08-11 00:00:39.262] [error] Require stack:
[2026-08-11 00:00:39.262] [error] - C:\Users\커피에반하다\AppData\Local\Programs\haste-client\resources\app.asar\node_modules\discord.js\src\index.js
[2026-08-11 00:00:39.263] [error] - C:\Users\커피에반하다\AppData\Local\Programs\haste-client\resources\app.asar\haste_agent_bridge.js
[2026-08-11 00:00:39.263] [error] at Module._resolveFilename (node:internal/modules/cjs/loader:1524:15)
[2026-08-11 00:00:39.264] [error] at wrapResolveFilename (node:internal/modules/cjs/loader:1078:27)
[2026-08-11 00:00:39.264] [error] at defaultResolveImplForCJSLoading (node:internal/modules/cjs/loader:1102:10)
[2026-08-11 00:00:39.265] [error] at resolveForCJSWithHooks (node:internal/modules/cjs/loader:1129:12)
[2026-08-11 00:00:39.266] [error] at Module._load (node:internal/modules/cjs/loader:1301:5)
[2026-08-11 00:00:39.266] [error] at c._load (node:electron/js2c/node_init:2:18060)
[2026-08-11 00:00:39.267] [error] at wrapModuleLoad (node:internal/modules/cjs/loader:262:19)
[2026-08-11 00:00:39.268] [error] at Module.require (node:internal/modules/cjs/loader:1624:12)
[2026-08-11 00:00:39.269] [error] at require (node:internal/modules/helpers:153:16)
[2026-08-11 00:00:39.270] [error] at Object.<anonymous> (C:\Users\커피에반하다\AppData\Local\Programs\haste-client\resources\app.asar\node_modules\discord.js\src\index.js:3:29) {
[2026-08-11 00:00:39.271] [error] code: 'MODULE_NOT_FOUND',
[2026-08-11 00:00:39.271] [error] requireStack: [
[2026-08-11 00:00:39.272] [error] 'C:\\Users\\커피에반하다\\AppData\\Local\\Programs\\haste-client\\resources\\app.asar\\node_modules\\discord.js\\src\\index.js',
[2026-08-11 00:00:39.273] [error] 'C:\\Users\\커피에반하다\\AppData\\Local\\Programs\\haste-client\\resources\\app.asar\\haste_agent_bridge.js'
[2026-08-11 00:00:39.274] [error] ]
[2026-08-11 00:00:39.275] [error] }
[2026-08-11 00:00:39.277] [error] Node.js v24.18.0
[2026-08-11 00:00:45.544] [error] node:internal/modules/cjs/loader:1527
[2026-08-11 00:00:45.545] [error] throw err;
[2026-08-11 00:00:45.546] [error] ^
[2026-08-11 00:00:45.547] [error] Error: Cannot find module '@discordjs/util'
[2026-08-11 00:00:45.549] [error] Require stack:
[2026-08-11 00:00:45.550] [error] - C:\Users\커피에반하다\AppData\Local\Programs\haste-client\resources\app.asar\node_modules\discord.js\src\index.js
[2026-08-11 00:00:45.552] [error] - C:\Users\커피에반하다\AppData\Local\Programs\haste-client\resources\app.asar\haste_agent_bridge.js
[2026-08-11 00:00:45.553] [error] at Module._resolveFilename (node:internal/modules/cjs/loader:1524:15)
[2026-08-11 00:00:45.555] [error] at wrapResolveFilename (node:internal/modules/cjs/loader:1078:27)
[2026-08-11 00:00:45.557] [error] at defaultResolveImplForCJSLoading (node:internal/modules/cjs/loader:1102:10)
[2026-08-11 00:00:45.558] [error] at resolveForCJSWithHooks (node:internal/modules/cjs/loader:1129:12)
[2026-08-11 00:00:45.560] [error] at Module._load (node:internal/modules/cjs/loader:1301:5)
[2026-08-11 00:00:45.562] [error] at c._load (node:electron/js2c/node_init:2:18060)
[2026-08-11 00:00:45.564] [error] at wrapModuleLoad (node:internal/modules/cjs/loader:262:19)
[2026-08-11 00:00:45.565] [error] at Module.require (node:internal/modules/cjs/loader:1624:12)
[2026-08-11 00:00:45.566] [error] at require (node:internal/modules/helpers:153:16)
[2026-08-11 00:00:45.568] [error] at Object.<anonymous> (C:\Users\커피에반하다\AppData\Local\Programs\haste-client\resources\app.asar\node_modules\discord.js\src\index.js:3:29) {
[2026-08-11 00:00:45.573] [error] code: 'MODULE_NOT_FOUND',
[2026-08-11 00:00:45.575] [error] requireStack: [
[2026-08-11 00:00:45.577] [error] 'C:\\Users\\커피에반하다\\AppData\\Local\\Programs\\haste-client\\resources\\app.asar\\node_modules\\discord.js\\src\\index.js',
[2026-08-11 00:00:45.578] [error] 'C:\\Users\\커피에반하다\\AppData\\Local\\Programs\\haste-client\\resources\\app.asar\\haste_agent_bridge.js'
[2026-08-11 00:00:45.579] [error] ]
[2026-08-11 00:00:45.581] [error] }
[2026-08-11 00:00:45.593] [error] Node.js v24.18.0
[2026-08-11 00:00:51.613] [error] node:internal/modules/cjs/loader:1527
[2026-08-11 00:00:51.614] [error] throw err;
[2026-08-11 00:00:51.616] [error] ^
[2026-08-11 00:00:51.616] [error] Error: Cannot find module '@discordjs/util'
[2026-08-11 00:00:51.617] [error] Require stack:
[2026-08-11 00:00:51.620] [error] - C:\Users\커피에반하다\AppData\Local\Programs\haste-client\resources\app.asar\node_modules\discord.js\src\index.js
[2026-08-11 00:00:51.621] [error] - C:\Users\커피에반하다\AppData\Local\Programs\haste-client\resources\app.asar\haste_agent_bridge.js
[2026-08-11 00:00:51.622] [error] at Module._resolveFilename (node:internal/modules/cjs/loader:1524:15)
[2026-08-11 00:00:51.624] [error] at wrapResolveFilename (node:internal/modules/cjs/loader:1078:27)
[2026-08-11 00:00:51.625] [error] at defaultResolveImplForCJSLoading (node:internal/modules/cjs/loader:1102:10)
[2026-08-11 00:00:51.627] [error] at resolveForCJSWithHooks (node:internal/modules/cjs/loader:1129:12)
[2026-08-11 00:00:51.628] [error] at Module._load (node:internal/modules/cjs/loader:1301:5)
[2026-08-11 00:00:51.629] [error] at c._load (node:electron/js2c/node_init:2:18060)
[2026-08-11 00:00:51.630] [error] at wrapModuleLoad (node:internal/modules/cjs/loader:262:19)
[2026-08-11 00:00:51.630] [error] at Module.require (node:internal/modules/cjs/loader:1624:12)
[2026-08-11 00:00:51.632] [error] at require (node:internal/modules/helpers:153:16)
[2026-08-11 00:00:51.634] [error] at Object.<anonymous> (C:\Users\커피에반하다\AppData\Local\Programs\haste-client\resources\app.asar\node_modules\discord.js\src\index.js:3:29) {
[2026-08-11 00:00:51.634] [error] code: 'MODULE_NOT_FOUND',
[2026-08-11 00:00:51.635] [error] requireStack: [
[2026-08-11 00:00:51.637] [error] 'C:\\Users\\커피에반하다\\AppData\\Local\\Programs\\haste-client\\resources\\app.asar\\node_modules\\discord.js\\src\\index.js',
[2026-08-11 00:00:51.638] [error] 'C:\\Users\\커피에반하다\\AppData\\Local\\Programs\\haste-client\\resources\\app.asar\\haste_agent_bridge.js'
[2026-08-11 00:00:51.640] [error] ]
[2026-08-11 00:00:51.641] [error] }
[2026-08-11 00:00:51.641] [error] Node.js v24.18.0
[2026-08-11 00:00:57.198] [error] node:internal/modules/cjs/loader:1527
[2026-08-11 00:00:57.199] [error] throw err;
[2026-08-11 00:00:57.200] [error] ^
[2026-08-11 00:00:57.202] [error] Error: Cannot find module '@discordjs/util'
[2026-08-11 00:00:57.204] [error] Require stack:
[2026-08-11 00:00:57.205] [error] - C:\Users\커피에반하다\AppData\Local\Programs\haste-client\resources\app.asar\node_modules\discord.js\src\index.js
[2026-08-11 00:00:57.207] [error] - C:\Users\커피에반하다\AppData\Local\Programs\haste-client\resources\app.asar\haste_agent_bridge.js
[2026-08-11 00:00:57.208] [error] at Module._resolveFilename (node:internal/modules/cjs/loader:1524:15)
[2026-08-11 00:00:57.209] [error] at wrapResolveFilename (node:internal/modules/cjs/loader:1078:27)
[2026-08-11 00:00:57.210] [error] at defaultResolveImplForCJSLoading (node:internal/modules/cjs/loader:1102:10)
[2026-08-11 00:00:57.211] [error] at resolveForCJSWithHooks (node:internal/modules/cjs/loader:1129:12)
[2026-08-11 00:00:57.212] [error] at Module._load (node:internal/modules/cjs/loader:1301:5)
[2026-08-11 00:00:57.214] [error] at c._load (node:electron/js2c/node_init:2:18060)
[2026-08-11 00:00:57.215] [error] at wrapModuleLoad (node:internal/modules/cjs/loader:262:19)
[2026-08-11 00:00:57.216] [error] at Module.require (node:internal/modules/cjs/loader:1624:12)
[2026-08-11 00:00:57.217] [error] at require (node:internal/modules/helpers:153:16)
[2026-08-11 00:00:57.217] [error] at Object.<anonymous> (C:\Users\커피에반하다\AppData\Local\Programs\haste-client\resources\app.asar\node_modules\discord.js\src\index.js:3:29) {
[2026-08-11 00:00:57.218] [error] code: 'MODULE_NOT_FOUND',
[2026-08-11 00:00:57.227] [error] requireStack: [
[2026-08-11 00:00:57.230] [error] 'C:\\Users\\커피에반하다\\AppData\\Local\\Programs\\haste-client\\resources\\app.asar\\node_modules\\discord.js\\src\\index.js',
[2026-08-11 00:00:57.232] [error] 'C:\\Users\\커피에반하다\\AppData\\Local\\Programs\\haste-client\\resources\\app.asar\\haste_agent_bridge.js'
[2026-08-11 00:00:57.233] [error] ]
[2026-08-11 00:00:57.234] [error] }
[2026-08-11 00:00:57.235] [error] Node.js v24.18.0
[2026-08-11 00:01:02.816] [error] node:internal/modules/cjs/loader:1527
[2026-08-11 00:01:02.818] [error] throw err;
[2026-08-11 00:01:02.821] [error] ^
[2026-08-11 00:01:02.822] [error] Error: Cannot find module '@discordjs/util'
[2026-08-11 00:01:02.824] [error] Require stack:
[2026-08-11 00:01:02.825] [error] - C:\Users\커피에반하다\AppData\Local\Programs\haste-client\resources\app.asar\node_modules\discord.js\src\index.js
[2026-08-11 00:01:02.827] [error] - C:\Users\커피에반하다\AppData\Local\Programs\haste-client\resources\app.asar\haste_agent_bridge.js
[2026-08-11 00:01:02.828] [error] at Module._resolveFilename (node:internal/modules/cjs/loader:1524:15)
[2026-08-11 00:01:02.829] [error] at wrapResolveFilename (node:internal/modules/cjs/loader:1078:27)
[2026-08-11 00:01:02.830] [error] at defaultResolveImplForCJSLoading (node:internal/modules/cjs/loader:1102:10)
[2026-08-11 00:01:02.831] [error] at resolveForCJSWithHooks (node:internal/modules/cjs/loader:1129:12)
[2026-08-11 00:01:02.832] [error] at Module._load (node:internal/modules/cjs/loader:1301:5)
[2026-08-11 00:01:02.833] [error] at c._load (node:electron/js2c/node_init:2:18060)
[2026-08-11 00:01:02.834] [error] at wrapModuleLoad (node:internal/modules/cjs/loader:262:19)
[2026-08-11 00:01:02.836] [error] at Module.require (node:internal/modules/cjs/loader:1624:12)
[2026-08-11 00:01:02.838] [error] at require (node:internal/modules/helpers:153:16)
[2026-08-11 00:01:02.839] [error] at Object.<anonymous> (C:\Users\커피에반하다\AppData\Local\Programs\haste-client\resources\app.asar\node_modules\discord.js\src\index.js:3:29) {
[2026-08-11 00:01:02.843] [error] code: 'MODULE_NOT_FOUND',
[2026-08-11 00:01:02.845] [error] requireStack: [
[2026-08-11 00:01:02.847] [error] 'C:\\Users\\커피에반하다\\AppData\\Local\\Programs\\haste-client\\resources\\app.asar\\node_modules\\discord.js\\src\\index.js',
[2026-08-11 00:01:02.849] [error] 'C:\\Users\\커피에반하다\\AppData\\Local\\Programs\\haste-client\\resources\\app.asar\\haste_agent_bridge.js'
[2026-08-11 00:01:02.850] [error] ]
[2026-08-11 00:01:02.851] [error] }
[2026-08-11 00:01:02.852] [error] Node.js v24.18.0
[2026-08-11 00:01:08.411] [error] node:internal/modules/cjs/loader:1527
[2026-08-11 00:01:08.412] [error] throw err;
[2026-08-11 00:01:08.414] [error] ^
[2026-08-11 00:01:08.414] [error] Error: Cannot find module '@discordjs/util'
[2026-08-11 00:01:08.415] [error] Require stack:
[2026-08-11 00:01:08.416] [error] - C:\Users\커피에반하다\AppData\Local\Programs\haste-client\resources\app.asar\node_modules\discord.js\src\index.js
[2026-08-11 00:01:08.418] [error] - C:\Users\커피에반하다\AppData\Local\Programs\haste-client\resources\app.asar\haste_agent_bridge.js
[2026-08-11 00:01:08.421] [error] at Module._resolveFilename (node:internal/modules/cjs/loader:1524:15)
[2026-08-11 00:01:08.422] [error] at wrapResolveFilename (node:internal/modules/cjs/loader:1078:27)
[2026-08-11 00:01:08.424] [error] at defaultResolveImplForCJSLoading (node:internal/modules/cjs/loader:1102:10)
[2026-08-11 00:01:08.425] [error] at resolveForCJSWithHooks (node:internal/modules/cjs/loader:1129:12)
[2026-08-11 00:01:08.426] [error] at Module._load (node:internal/modules/cjs/loader:1301:5)
[2026-08-11 00:01:08.427] [error] at c._load (node:electron/js2c/node_init:2:18060)
[2026-08-11 00:01:08.428] [error] at wrapModuleLoad (node:internal/modules/cjs/loader:262:19)
[2026-08-11 00:01:08.430] [error] at Module.require (node:internal/modules/cjs/loader:1624:12)
[2026-08-11 00:01:08.431] [error] at require (node:internal/modules/helpers:153:16)
[2026-08-11 00:01:08.432] [error] at Object.<anonymous> (C:\Users\커피에반하다\AppData\Local\Programs\haste-client\resources\app.asar\node_modules\discord.js\src\index.js:3:29) {
[2026-08-11 00:01:08.433] [error] code: 'MODULE_NOT_FOUND',
[2026-08-11 00:01:08.433] [error] requireStack: [
[2026-08-11 00:01:08.435] [error] 'C:\\Users\\커피에반하다\\AppData\\Local\\Programs\\haste-client\\resources\\app.asar\\node_modules\\discord.js\\src\\index.js',
[2026-08-11 00:01:08.436] [error] 'C:\\Users\\커피에반하다\\AppData\\Local\\Programs\\haste-client\\resources\\app.asar\\haste_agent_bridge.js'
[2026-08-11 00:01:08.437] [error] ]
[2026-08-11 00:01:08.440] [error] }
[2026-08-11 00:01:08.443] [error] Node.js v24.18.0
[2026-08-11 00:01:14.967] [error] node:internal/modules/cjs/loader:1527
[2026-08-11 00:01:14.968] [error] throw err;
[2026-08-11 00:01:14.971] [error] ^
[2026-08-11 00:01:14.973] [error] Error: Cannot find module '@discordjs/util'
[2026-08-11 00:01:14.974] [error] Require stack:
[2026-08-11 00:01:14.975] [error] - C:\Users\커피에반하다\AppData\Local\Programs\haste-client\resources\app.asar\node_modules\discord.js\src\index.js
[2026-08-11 00:01:14.977] [error] - C:\Users\커피에반하다\AppData\Local\Programs\haste-client\resources\app.asar\haste_agent_bridge.js
[2026-08-11 00:01:14.978] [error] at Module._resolveFilename (node:internal/modules/cjs/loader:1524:15)
[2026-08-11 00:01:14.979] [error] at wrapResolveFilename (node:internal/modules/cjs/loader:1078:27)
[2026-08-11 00:01:14.981] [error] at defaultResolveImplForCJSLoading (node:internal/modules/cjs/loader:1102:10)
[2026-08-11 00:01:14.983] [error] at resolveForCJSWithHooks (node:internal/modules/cjs/loader:1129:12)
[2026-08-11 00:01:14.983] [error] at Module._load (node:internal/modules/cjs/loader:1301:5)
[2026-08-11 00:01:14.984] [error] at c._load (node:electron/js2c/node_init:2:18060)
[2026-08-11 00:01:14.985] [error] at wrapModuleLoad (node:internal/modules/cjs/loader:262:19)
[2026-08-11 00:01:14.988] [error] at Module.require (node:internal/modules/cjs/loader:1624:12)
[2026-08-11 00:01:14.990] [error] at require (node:internal/modules/helpers:153:16)
[2026-08-11 00:01:14.992] [error] at Object.<anonymous> (C:\Users\커피에반하다\AppData\Local\Programs\haste-client\resources\app.asar\node_modules\discord.js\src\index.js:3:29) {
[2026-08-11 00:01:14.993] [error] code: 'MODULE_NOT_FOUND',
[2026-08-11 00:01:14.995] [error] requireStack: [
[2026-08-11 00:01:14.996] [error] 'C:\\Users\\커피에반하다\\AppData\\Local\\Programs\\haste-client\\resources\\app.asar\\node_modules\\discord.js\\src\\index.js',
[2026-08-11 00:01:14.998] [error] 'C:\\Users\\커피에반하다\\AppData\\Local\\Programs\\haste-client\\resources\\app.asar\\haste_agent_bridge.js'
[2026-08-11 00:01:15.000] [error] ]
[2026-08-11 00:01:15.001] [error] }
[2026-08-11 00:01:15.002] [error] Node.js v24.18.0
[2026-08-11 00:01:20.564] [error] node:internal/modules/cjs/loader:1527
[2026-08-11 00:01:20.565] [error] throw err;
[2026-08-11 00:01:20.566] [error] ^
[2026-08-11 00:01:20.568] [error] Error: Cannot find module '@discordjs/util'
[2026-08-11 00:01:20.570] [error] Require stack:
[2026-08-11 00:01:20.572] [error] - C:\Users\커피에반하다\AppData\Local\Programs\haste-client\resources\app.asar\node_modules\discord.js\src\index.js
[2026-08-11 00:01:20.573] [error] - C:\Users\커피에반하다\AppData\Local\Programs\haste-client\resources\app.asar\haste_agent_bridge.js
[2026-08-11 00:01:20.574] [error] at Module._resolveFilename (node:internal/modules/cjs/loader:1524:15)
[2026-08-11 00:01:20.575] [error] at wrapResolveFilename (node:internal/modules/cjs/loader:1078:27)
[2026-08-11 00:01:20.576] [error] at defaultResolveImplForCJSLoading (node:internal/modules/cjs/loader:1102:10)
[2026-08-11 00:01:20.578] [error] at resolveForCJSWithHooks (node:internal/modules/cjs/loader:1129:12)
[2026-08-11 00:01:20.579] [error] at Module._load (node:internal/modules/cjs/loader:1301:5)
[2026-08-11 00:01:20.580] [error] at c._load (node:electron/js2c/node_init:2:18060)
[2026-08-11 00:01:20.581] [error] at wrapModuleLoad (node:internal/modules/cjs/loader:262:19)
[2026-08-11 00:01:20.583] [error] at Module.require (node:internal/modules/cjs/loader:1624:12)
[2026-08-11 00:01:20.583] [error] at require (node:internal/modules/helpers:153:16)
[2026-08-11 00:01:20.584] [error] at Object.<anonymous> (C:\Users\커피에반하다\AppData\Local\Programs\haste-client\resources\app.asar\node_modules\discord.js\src\index.js:3:29) {
[2026-08-11 00:01:20.585] [error] code: 'MODULE_NOT_FOUND',
[2026-08-11 00:01:20.596] [error] requireStack: [
[2026-08-11 00:01:20.600] [error] 'C:\\Users\\커피에반하다\\AppData\\Local\\Programs\\haste-client\\resources\\app.asar\\node_modules\\discord.js\\src\\index.js',
[2026-08-11 00:01:20.602] [error] 'C:\\Users\\커피에반하다\\AppData\\Local\\Programs\\haste-client\\resources\\app.asar\\haste_agent_bridge.js'
[2026-08-11 00:01:20.605] [error] ]
[2026-08-11 00:01:20.606] [error] }
[2026-08-11 00:01:20.608] [error] Node.js v24.18.0
[2026-08-11 00:01:26.210] [error] node:internal/modules/cjs/loader:1527
[2026-08-11 00:01:26.212] [error] throw err;
[2026-08-11 00:01:26.214] [error] ^
[2026-08-11 00:01:26.216] [error] Error: Cannot find module '@discordjs/util'
[2026-08-11 00:01:26.217] [error] Require stack:
[2026-08-11 00:01:26.218] [error] - C:\Users\커피에반하다\AppData\Local\Programs\haste-client\resources\app.asar\node_modules\discord.js\src\index.js
[2026-08-11 00:01:26.221] [error] - C:\Users\커피에반하다\AppData\Local\Programs\haste-client\resources\app.asar\haste_agent_bridge.js
[2026-08-11 00:01:26.222] [error] at Module._resolveFilename (node:internal/modules/cjs/loader:1524:15)
[2026-08-11 00:01:26.223] [error] at wrapResolveFilename (node:internal/modules/cjs/loader:1078:27)
[2026-08-11 00:01:26.224] [error] at defaultResolveImplForCJSLoading (node:internal/modules/cjs/loader:1102:10)
[2026-08-11 00:01:26.226] [error] at resolveForCJSWithHooks (node:internal/modules/cjs/loader:1129:12)
[2026-08-11 00:01:26.227] [error] at Module._load (node:internal/modules/cjs/loader:1301:5)
[2026-08-11 00:01:26.228] [error] at c._load (node:electron/js2c/node_init:2:18060)
[2026-08-11 00:01:26.229] [error] at wrapModuleLoad (node:internal/modules/cjs/loader:262:19)
[2026-08-11 00:01:26.230] [error] at Module.require (node:internal/modules/cjs/loader:1624:12)
[2026-08-11 00:01:26.231] [error] at require (node:internal/modules/helpers:153:16)
[2026-08-11 00:01:26.233] [error] at Object.<anonymous> (C:\Users\커피에반하다\AppData\Local\Programs\haste-client\resources\app.asar\node_modules\discord.js\src\index.js:3:29) {
[2026-08-11 00:01:26.234] [error] code: 'MODULE_NOT_FOUND',
[2026-08-11 00:01:26.235] [error] requireStack: [
[2026-08-11 00:01:26.237] [error] 'C:\\Users\\커피에반하다\\AppData\\Local\\Programs\\haste-client\\resources\\app.asar\\node_modules\\discord.js\\src\\index.js',
[2026-08-11 00:01:26.238] [error] 'C:\\Users\\커피에반하다\\AppData\\Local\\Programs\\haste-client\\resources\\app.asar\\haste_agent_bridge.js'
[2026-08-11 00:01:26.240] [error] ]
[2026-08-11 00:01:26.241] [error] }
[2026-08-11 00:01:26.243] [error] Node.js v24.18.0
[2026-08-11 00:01:31.597] [error] node:internal/modules/cjs/loader:1527
[2026-08-11 00:01:31.598] [error] throw err;
[2026-08-11 00:01:31.599] [error] ^
[2026-08-11 00:01:31.599] [error] Error: Cannot find module '@discordjs/util'
[2026-08-11 00:01:31.600] [error] Require stack:
[2026-08-11 00:01:31.600] [error] - C:\Users\커피에반하다\AppData\Local\Programs\haste-client\resources\app.asar\node_modules\discord.js\src\index.js
[2026-08-11 00:01:31.601] [error] - C:\Users\커피에반하다\AppData\Local\Programs\haste-client\resources\app.asar\haste_agent_bridge.js
[2026-08-11 00:01:31.601] [error] at Module._resolveFilename (node:internal/modules/cjs/loader:1524:15)
[2026-08-11 00:01:31.602] [error] at wrapResolveFilename (node:internal/modules/cjs/loader:1078:27)
[2026-08-11 00:01:31.602] [error] at defaultResolveImplForCJSLoading (node:internal/modules/cjs/loader:1102:10)
[2026-08-11 00:01:31.603] [error] at resolveForCJSWithHooks (node:internal/modules/cjs/loader:1129:12)
[2026-08-11 00:01:31.604] [error] at Module._load (node:internal/modules/cjs/loader:1301:5)
[2026-08-11 00:01:31.604] [error] at c._load (node:electron/js2c/node_init:2:18060)
[2026-08-11 00:01:31.605] [error] at wrapModuleLoad (node:internal/modules/cjs/loader:262:19)
[2026-08-11 00:01:31.606] [error] at Module.require (node:internal/modules/cjs/loader:1624:12)
[2026-08-11 00:01:31.606] [error] at require (node:internal/modules/helpers:153:16)
[2026-08-11 00:01:31.607] [error] at Object.<anonymous> (C:\Users\커피에반하다\AppData\Local\Programs\haste-client\resources\app.asar\node_modules\discord.js\src\index.js:3:29) {
[2026-08-11 00:01:31.608] [error] code: 'MODULE_NOT_FOUND',
[2026-08-11 00:01:31.608] [error] requireStack: [
[2026-08-11 00:01:31.609] [error] 'C:\\Users\\커피에반하다\\AppData\\Local\\Programs\\haste-client\\resources\\app.asar\\node_modules\\discord.js\\src\\index.js',
[2026-08-11 00:01:31.610] [error] 'C:\\Users\\커피에반하다\\AppData\\Local\\Programs\\haste-client\\resources\\app.asar\\haste_agent_bridge.js'
[2026-08-11 00:01:31.610] [error] ]
[2026-08-11 00:01:31.611] [error] }
[2026-08-11 00:01:31.611] [error] Node.js v24.18.0
[2026-08-11 00:01:36.913] [error] node:internal/modules/cjs/loader:1527
[2026-08-11 00:01:36.914] [error] throw err;
[2026-08-11 00:01:36.914] [error] ^
[2026-08-11 00:01:36.915] [error] Error: Cannot find module '@discordjs/util'
[2026-08-11 00:01:36.915] [error] Require stack:
[2026-08-11 00:01:36.916] [error] - C:\Users\커피에반하다\AppData\Local\Programs\haste-client\resources\app.asar\node_modules\discord.js\src\index.js
[2026-08-11 00:01:36.916] [error] - C:\Users\커피에반하다\AppData\Local\Programs\haste-client\resources\app.asar\haste_agent_bridge.js
[2026-08-11 00:01:36.917] [error] at Module._resolveFilename (node:internal/modules/cjs/loader:1524:15)
[2026-08-11 00:01:36.917] [error] at wrapResolveFilename (node:internal/modules/cjs/loader:1078:27)
[2026-08-11 00:01:36.918] [error] at defaultResolveImplForCJSLoading (node:internal/modules/cjs/loader:1102:10)
[2026-08-11 00:01:36.918] [error] at resolveForCJSWithHooks (node:internal/modules/cjs/loader:1129:12)
[2026-08-11 00:01:36.919] [error] at Module._load (node:internal/modules/cjs/loader:1301:5)
[2026-08-11 00:01:36.919] [error] at c._load (node:electron/js2c/node_init:2:18060)
[2026-08-11 00:01:36.920] [error] at wrapModuleLoad (node:internal/modules/cjs/loader:262:19)
[2026-08-11 00:01:36.920] [error] at Module.require (node:internal/modules/cjs/loader:1624:12)
[2026-08-11 00:01:36.921] [error] at require (node:internal/modules/helpers:153:16)
[2026-08-11 00:01:36.921] [error] at Object.<anonymous> (C:\Users\커피에반하다\AppData\Local\Programs\haste-client\resources\app.asar\node_modules\discord.js\src\index.js:3:29) {
[2026-08-11 00:01:36.922] [error] code: 'MODULE_NOT_FOUND',
[2026-08-11 00:01:36.922] [error] requireStack: [
[2026-08-11 00:01:36.923] [error] 'C:\\Users\\커피에반하다\\AppData\\Local\\Programs\\haste-client\\resources\\app.asar\\node_modules\\discord.js\\src\\index.js',
[2026-08-11 00:01:36.923] [error] 'C:\\Users\\커피에반하다\\AppData\\Local\\Programs\\haste-client\\resources\\app.asar\\haste_agent_bridge.js'
[2026-08-11 00:01:36.924] [error] ]
[2026-08-11 00:01:36.924] [error] }
[2026-08-11 00:01:36.925] [error] Node.js v24.18.0
[2026-08-11 00:01:42.232] [error] node:internal/modules/cjs/loader:1527
[2026-08-11 00:01:42.233] [error] throw err;
[2026-08-11 00:01:42.234] [error] ^
[2026-08-11 00:01:42.234] [error] Error: Cannot find module '@discordjs/util'
[2026-08-11 00:01:42.235] [error] Require stack:
[2026-08-11 00:01:42.236] [error] - C:\Users\커피에반하다\AppData\Local\Programs\haste-client\resources\app.asar\node_modules\discord.js\src\index.js
[2026-08-11 00:01:42.237] [error] - C:\Users\커피에반하다\AppData\Local\Programs\haste-client\resources\app.asar\haste_agent_bridge.js
[2026-08-11 00:01:42.238] [error] at Module._resolveFilename (node:internal/modules/cjs/loader:1524:15)
[2026-08-11 00:01:42.238] [error] at wrapResolveFilename (node:internal/modules/cjs/loader:1078:27)
[2026-08-11 00:01:42.239] [error] at defaultResolveImplForCJSLoading (node:internal/modules/cjs/loader:1102:10)
[2026-08-11 00:01:42.239] [error] at resolveForCJSWithHooks (node:internal/modules/cjs/loader:1129:12)
[2026-08-11 00:01:42.240] [error] at Module._load (node:internal/modules/cjs/loader:1301:5)
[2026-08-11 00:01:42.240] [error] at c._load (node:electron/js2c/node_init:2:18060)
[2026-08-11 00:01:42.241] [error] at wrapModuleLoad (node:internal/modules/cjs/loader:262:19)
[2026-08-11 00:01:42.242] [error] at Module.require (node:internal/modules/cjs/loader:1624:12)
[2026-08-11 00:01:42.242] [error] at require (node:internal/modules/helpers:153:16)
[2026-08-11 00:01:42.243] [error] at Object.<anonymous> (C:\Users\커피에반하다\AppData\Local\Programs\haste-client\resources\app.asar\node_modules\discord.js\src\index.js:3:29) {
[2026-08-11 00:01:42.243] [error] code: 'MODULE_NOT_FOUND',
[2026-08-11 00:01:42.243] [error] requireStack: [
[2026-08-11 00:01:42.244] [error] 'C:\\Users\\커피에반하다\\AppData\\Local\\Programs\\haste-client\\resources\\app.asar\\node_modules\\discord.js\\src\\index.js',
[2026-08-11 00:01:42.244] [error] 'C:\\Users\\커피에반하다\\AppData\\Local\\Programs\\haste-client\\resources\\app.asar\\haste_agent_bridge.js'
[2026-08-11 00:01:42.245] [error] ]
[2026-08-11 00:01:42.245] [error] }
[2026-08-11 00:01:42.246] [error] Node.js v24.18.0
[2026-08-11 00:01:47.562] [error] node:internal/modules/cjs/loader:1527
[2026-08-11 00:01:47.562] [error] throw err;
[2026-08-11 00:01:47.563] [error] ^
[2026-08-11 00:01:47.564] [error] Error: Cannot find module '@discordjs/util'
[2026-08-11 00:01:47.564] [error] Require stack:
[2026-08-11 00:01:47.565] [error] - C:\Users\커피에반하다\AppData\Local\Programs\haste-client\resources\app.asar\node_modules\discord.js\src\index.js
[2026-08-11 00:01:47.566] [error] - C:\Users\커피에반하다\AppData\Local\Programs\haste-client\resources\app.asar\haste_agent_bridge.js
[2026-08-11 00:01:47.566] [error] at Module._resolveFilename (node:internal/modules/cjs/loader:1524:15)
[2026-08-11 00:01:47.566] [error] at wrapResolveFilename (node:internal/modules/cjs/loader:1078:27)
[2026-08-11 00:01:47.567] [error] at defaultResolveImplForCJSLoading (node:internal/modules/cjs/loader:1102:10)
[2026-08-11 00:01:47.567] [error] at resolveForCJSWithHooks (node:internal/modules/cjs/loader:1129:12)
[2026-08-11 00:01:47.568] [error] at Module._load (node:internal/modules/cjs/loader:1301:5)
[2026-08-11 00:01:47.568] [error] at c._load (node:electron/js2c/node_init:2:18060)
[2026-08-11 00:01:47.570] [error] at wrapModuleLoad (node:internal/modules/cjs/loader:262:19)
[2026-08-11 00:01:47.571] [error] at Module.require (node:internal/modules/cjs/loader:1624:12)
[2026-08-11 00:01:47.571] [error] at require (node:internal/modules/helpers:153:16)
[2026-08-11 00:01:47.572] [error] at Object.<anonymous> (C:\Users\커피에반하다\AppData\Local\Programs\haste-client\resources\app.asar\node_modules\discord.js\src\index.js:3:29) {
[2026-08-11 00:01:47.572] [error] code: 'MODULE_NOT_FOUND',
[2026-08-11 00:01:47.573] [error] requireStack: [
[2026-08-11 00:01:47.574] [error] 'C:\\Users\\커피에반하다\\AppData\\Local\\Programs\\haste-client\\resources\\app.asar\\node_modules\\discord.js\\src\\index.js',
[2026-08-11 00:01:47.574] [error] 'C:\\Users\\커피에반하다\\AppData\\Local\\Programs\\haste-client\\resources\\app.asar\\haste_agent_bridge.js'
[2026-08-11 00:01:47.575] [error] ]
[2026-08-11 00:01:47.575] [error] }
[2026-08-11 00:01:47.576] [error] Node.js v24.18.0
[2026-08-11 00:01:53.164] [error] node:internal/modules/cjs/loader:1527
[2026-08-11 00:01:53.165] [error] throw err;
[2026-08-11 00:01:53.165] [error] ^
[2026-08-11 00:01:53.166] [error] Error: Cannot find module '@discordjs/util'
[2026-08-11 00:01:53.166] [error] Require stack:
[2026-08-11 00:01:53.167] [error] - C:\Users\커피에반하다\AppData\Local\Programs\haste-client\resources\app.asar\node_modules\discord.js\src\index.js
[2026-08-11 00:01:53.168] [error] - C:\Users\커피에반하다\AppData\Local\Programs\haste-client\resources\app.asar\haste_agent_bridge.js
[2026-08-11 00:01:53.168] [error] at Module._resolveFilename (node:internal/modules/cjs/loader:1524:15)
[2026-08-11 00:01:53.169] [error] at wrapResolveFilename (node:internal/modules/cjs/loader:1078:27)
[2026-08-11 00:01:53.170] [error] at defaultResolveImplForCJSLoading (node:internal/modules/cjs/loader:1102:10)
[2026-08-11 00:01:53.171] [error] at resolveForCJSWithHooks (node:internal/modules/cjs/loader:1129:12)
[2026-08-11 00:01:53.172] [error] at Module._load (node:internal/modules/cjs/loader:1301:5)
[2026-08-11 00:01:53.172] [error] at c._load (node:electron/js2c/node_init:2:18060)
[2026-08-11 00:01:53.173] [error] at wrapModuleLoad (node:internal/modules/cjs/loader:262:19)
[2026-08-11 00:01:53.174] [error] at Module.require (node:internal/modules/cjs/loader:1624:12)
[2026-08-11 00:01:53.175] [error] at require (node:internal/modules/helpers:153:16)
[2026-08-11 00:01:53.176] [error] at Object.<anonymous> (C:\Users\커피에반하다\AppData\Local\Programs\haste-client\resources\app.asar\node_modules\discord.js\src\index.js:3:29) {
[2026-08-11 00:01:53.177] [error] code: 'MODULE_NOT_FOUND',
[2026-08-11 00:01:53.178] [error] requireStack: [
[2026-08-11 00:01:53.178] [error] 'C:\\Users\\커피에반하다\\AppData\\Local\\Programs\\haste-client\\resources\\app.asar\\node_modules\\discord.js\\src\\index.js',
[2026-08-11 00:01:53.180] [error] 'C:\\Users\\커피에반하다\\AppData\\Local\\Programs\\haste-client\\resources\\app.asar\\haste_agent_bridge.js'
[2026-08-11 00:01:53.180] [error] ]
[2026-08-11 00:01:53.181] [error] }
[2026-08-11 00:01:53.181] [error] Node.js v24.18.0
[2026-08-11 00:01:58.490] [error] node:internal/modules/cjs/loader:1527
[2026-08-11 00:01:58.491] [error] throw err;
[2026-08-11 00:01:58.492] [error] ^
[2026-08-11 00:01:58.492] [error] Error: Cannot find module '@discordjs/util'
[2026-08-11 00:01:58.493] [error] Require stack:
[2026-08-11 00:01:58.493] [error] - C:\Users\커피에반하다\AppData\Local\Programs\haste-client\resources\app.asar\node_modules\discord.js\src\index.js
[2026-08-11 00:01:58.494] [error] - C:\Users\커피에반하다\AppData\Local\Programs\haste-client\resources\app.asar\haste_agent_bridge.js
[2026-08-11 00:01:58.494] [error] at Module._resolveFilename (node:internal/modules/cjs/loader:1524:15)
[2026-08-11 00:01:58.495] [error] at wrapResolveFilename (node:internal/modules/cjs/loader:1078:27)
[2026-08-11 00:01:58.495] [error] at defaultResolveImplForCJSLoading (node:internal/modules/cjs/loader:1102:10)
[2026-08-11 00:01:58.495] [error] at resolveForCJSWithHooks (node:internal/modules/cjs/loader:1129:12)
[2026-08-11 00:01:58.496] [error] at Module._load (node:internal/modules/cjs/loader:1301:5)
[2026-08-11 00:01:58.496] [error] at c._load (node:electron/js2c/node_init:2:18060)
[2026-08-11 00:01:58.497] [error] at wrapModuleLoad (node:internal/modules/cjs/loader:262:19)
[2026-08-11 00:01:58.497] [error] at Module.require (node:internal/modules/cjs/loader:1624:12)
[2026-08-11 00:01:58.498] [error] at require (node:internal/modules/helpers:153:16)
[2026-08-11 00:01:58.498] [error] at Object.<anonymous> (C:\Users\커피에반하다\AppData\Local\Programs\haste-client\resources\app.asar\node_modules\discord.js\src\index.js:3:29) {
[2026-08-11 00:01:58.498] [error] code: 'MODULE_NOT_FOUND',
[2026-08-11 00:01:58.499] [error] requireStack: [
[2026-08-11 00:01:58.499] [error] 'C:\\Users\\커피에반하다\\AppData\\Local\\Programs\\haste-client\\resources\\app.asar\\node_modules\\discord.js\\src\\index.js',
[2026-08-11 00:01:58.500] [error] 'C:\\Users\\커피에반하다\\AppData\\Local\\Programs\\haste-client\\resources\\app.asar\\haste_agent_bridge.js'
[2026-08-11 00:01:58.500] [error] ]
[2026-08-11 00:01:58.501] [error] }
[2026-08-11 00:01:58.501] [error] Node.js v24.18.0
[2026-08-11 00:02:05.484] [error] node:internal/modules/cjs/loader:1527
[2026-08-11 00:02:05.484] [error] throw err;
[2026-08-11 00:02:05.485] [error] ^
[2026-08-11 00:02:05.488] [error] Error: Cannot find module '@discordjs/util'
[2026-08-11 00:02:05.489] [error] Require stack:
[2026-08-11 00:02:05.491] [error] - C:\Users\커피에반하다\AppData\Local\Programs\haste-client\resources\app.asar\node_modules\discord.js\src\index.js
[2026-08-11 00:02:05.492] [error] - C:\Users\커피에반하다\AppData\Local\Programs\haste-client\resources\app.asar\haste_agent_bridge.js
[2026-08-11 00:02:05.494] [error] at Module._resolveFilename (node:internal/modules/cjs/loader:1524:15)
[2026-08-11 00:02:05.496] [error] at wrapResolveFilename (node:internal/modules/cjs/loader:1078:27)
[2026-08-11 00:02:05.497] [error] at defaultResolveImplForCJSLoading (node:internal/modules/cjs/loader:1102:10)
[2026-08-11 00:02:05.499] [error] at resolveForCJSWithHooks (node:internal/modules/cjs/loader:1129:12)
[2026-08-11 00:02:05.499] [error] at Module._load (node:internal/modules/cjs/loader:1301:5)
[2026-08-11 00:02:05.500] [error] at c._load (node:electron/js2c/node_init:2:18060)
[2026-08-11 00:02:05.503] [error] at wrapModuleLoad (node:internal/modules/cjs/loader:262:19)
[2026-08-11 00:02:05.505] [error] at Module.require (node:internal/modules/cjs/loader:1624:12)
[2026-08-11 00:02:05.506] [error] at require (node:internal/modules/helpers:153:16)
[2026-08-11 00:02:05.508] [error] at Object.<anonymous> (C:\Users\커피에반하다\AppData\Local\Programs\haste-client\resources\app.asar\node_modules\discord.js\src\index.js:3:29) {
[2026-08-11 00:02:05.510] [error] code: 'MODULE_NOT_FOUND',
[2026-08-11 00:02:05.511] [error] requireStack: [
[2026-08-11 00:02:05.513] [error] 'C:\\Users\\커피에반하다\\AppData\\Local\\Programs\\haste-client\\resources\\app.asar\\node_modules\\discord.js\\src\\index.js',
[2026-08-11 00:02:05.514] [error] 'C:\\Users\\커피에반하다\\AppData\\Local\\Programs\\haste-client\\resources\\app.asar\\haste_agent_bridge.js'
[2026-08-11 00:02:05.516] [error] ]
[2026-08-11 00:02:05.517] [error] }
[2026-08-11 00:02:05.531] [error] Node.js v24.18.0
[2026-08-11 00:02:14.198] [error] node:internal/modules/cjs/loader:1527
[2026-08-11 00:02:14.199] [error] throw err;
[2026-08-11 00:02:14.200] [error] ^
[2026-08-11 00:02:14.201] [error] Error: Cannot find module '@discordjs/util'
[2026-08-11 00:02:14.202] [error] Require stack:
[2026-08-11 00:02:14.205] [error] - C:\Users\커피에반하다\AppData\Local\Programs\haste-client\resources\app.asar\node_modules\discord.js\src\index.js
[2026-08-11 00:02:14.206] [error] - C:\Users\커피에반하다\AppData\Local\Programs\haste-client\resources\app.asar\haste_agent_bridge.js
[2026-08-11 00:02:14.208] [error] at Module._resolveFilename (node:internal/modules/cjs/loader:1524:15)
[2026-08-11 00:02:14.209] [error] at wrapResolveFilename (node:internal/modules/cjs/loader:1078:27)
[2026-08-11 00:02:14.210] [error] at defaultResolveImplForCJSLoading (node:internal/modules/cjs/loader:1102:10)
[2026-08-11 00:02:14.211] [error] at resolveForCJSWithHooks (node:internal/modules/cjs/loader:1129:12)
[2026-08-11 00:02:14.212] [error] at Module._load (node:internal/modules/cjs/loader:1301:5)
[2026-08-11 00:02:14.213] [error] at c._load (node:electron/js2c/node_init:2:18060)
[2026-08-11 00:02:14.215] [error] at wrapModuleLoad (node:internal/modules/cjs/loader:262:19)
[2026-08-11 00:02:14.215] [error] at Module.require (node:internal/modules/cjs/loader:1624:12)
[2026-08-11 00:02:14.216] [error] at require (node:internal/modules/helpers:153:16)
[2026-08-11 00:02:14.218] [error] at Object.<anonymous> (C:\Users\커피에반하다\AppData\Local\Programs\haste-client\resources\app.asar\node_modules\discord.js\src\index.js:3:29) {
[2026-08-11 00:02:14.219] [error] code: 'MODULE_NOT_FOUND',
[2026-08-11 00:02:14.219] [error] requireStack: [
[2026-08-11 00:02:14.221] [error] 'C:\\Users\\커피에반하다\\AppData\\Local\\Programs\\haste-client\\resources\\app.asar\\node_modules\\discord.js\\src\\index.js',
[2026-08-11 00:02:14.222] [error] 'C:\\Users\\커피에반하다\\AppData\\Local\\Programs\\haste-client\\resources\\app.asar\\haste_agent_bridge.js'
[2026-08-11 00:02:14.224] [error] ]
[2026-08-11 00:02:14.227] [error] }
[2026-08-11 00:02:14.229] [error] Node.js v24.18.0
[2026-08-11 00:02:19.794] [error] node:internal/modules/cjs/loader:1527
[2026-08-11 00:02:19.796] [error] throw err;
[2026-08-11 00:02:19.797] [error] ^
[2026-08-11 00:02:19.798] [error] Error: Cannot find module '@discordjs/util'
[2026-08-11 00:02:19.798] [error] Require stack:
[2026-08-11 00:02:19.800] [error] - C:\Users\커피에반하다\AppData\Local\Programs\haste-client\resources\app.asar\node_modules\discord.js\src\index.js
[2026-08-11 00:02:19.802] [error] - C:\Users\커피에반하다\AppData\Local\Programs\haste-client\resources\app.asar\haste_agent_bridge.js
[2026-08-11 00:02:19.804] [error] at Module._resolveFilename (node:internal/modules/cjs/loader:1524:15)
[2026-08-11 00:02:19.806] [error] at wrapResolveFilename (node:internal/modules/cjs/loader:1078:27)
[2026-08-11 00:02:19.807] [error] at defaultResolveImplForCJSLoading (node:internal/modules/cjs/loader:1102:10)
[2026-08-11 00:02:19.809] [error] at resolveForCJSWithHooks (node:internal/modules/cjs/loader:1129:12)
[2026-08-11 00:02:19.810] [error] at Module._load (node:internal/modules/cjs/loader:1301:5)
[2026-08-11 00:02:19.811] [error] at c._load (node:electron/js2c/node_init:2:18060)
[2026-08-11 00:02:19.812] [error] at wrapModuleLoad (node:internal/modules/cjs/loader:262:19)
[2026-08-11 00:02:19.813] [error] at Module.require (node:internal/modules/cjs/loader:1624:12)
[2026-08-11 00:02:19.814] [error] at require (node:internal/modules/helpers:153:16)
[2026-08-11 00:02:19.815] [error] at Object.<anonymous> (C:\Users\커피에반하다\AppData\Local\Programs\haste-client\resources\app.asar\node_modules\discord.js\src\index.js:3:29) {
[2026-08-11 00:02:19.815] [error] code: 'MODULE_NOT_FOUND',
[2026-08-11 00:02:19.816] [error] requireStack: [
[2026-08-11 00:02:19.818] [error] 'C:\\Users\\커피에반하다\\AppData\\Local\\Programs\\haste-client\\resources\\app.asar\\node_modules\\discord.js\\src\\index.js',
[2026-08-11 00:02:19.825] [error] 'C:\\Users\\커피에반하다\\AppData\\Local\\Programs\\haste-client\\resources\\app.asar\\haste_agent_bridge.js'
[2026-08-11 00:02:19.827] [error] ]
[2026-08-11 00:02:19.829] [error] }
[2026-08-11 00:02:19.830] [error] Node.js v24.18.0
[2026-08-11 00:02:25.366] [error] node:internal/modules/cjs/loader:1527
[2026-08-11 00:02:25.367] [error] throw err;
[2026-08-11 00:02:25.367] [error] ^
[2026-08-11 00:02:25.369] [error] Error: Cannot find module '@discordjs/util'
[2026-08-11 00:02:25.371] [error] Require stack:
[2026-08-11 00:02:25.372] [error] - C:\Users\커피에반하다\AppData\Local\Programs\haste-client\resources\app.asar\node_modules\discord.js\src\index.js
[2026-08-11 00:02:25.373] [error] - C:\Users\커피에반하다\AppData\Local\Programs\haste-client\resources\app.asar\haste_agent_bridge.js
[2026-08-11 00:02:25.375] [error] at Module._resolveFilename (node:internal/modules/cjs/loader:1524:15)
[2026-08-11 00:02:25.376] [error] at wrapResolveFilename (node:internal/modules/cjs/loader:1078:27)
[2026-08-11 00:02:25.378] [error] at defaultResolveImplForCJSLoading (node:internal/modules/cjs/loader:1102:10)
[2026-08-11 00:02:25.378] [error] at resolveForCJSWithHooks (node:internal/modules/cjs/loader:1129:12)
[2026-08-11 00:02:25.380] [error] at Module._load (node:internal/modules/cjs/loader:1301:5)
[2026-08-11 00:02:25.380] [error] at c._load (node:electron/js2c/node_init:2:18060)
[2026-08-11 00:02:25.381] [error] at wrapModuleLoad (node:internal/modules/cjs/loader:262:19)
[2026-08-11 00:02:25.382] [error] at Module.require (node:internal/modules/cjs/loader:1624:12)
[2026-08-11 00:02:25.384] [error] at require (node:internal/modules/helpers:153:16)
[2026-08-11 00:02:25.385] [error] at Object.<anonymous> (C:\Users\커피에반하다\AppData\Local\Programs\haste-client\resources\app.asar\node_modules\discord.js\src\index.js:3:29) {
[2026-08-11 00:02:25.385] [error] code: 'MODULE_NOT_FOUND',
[2026-08-11 00:02:25.386] [error] requireStack: [
[2026-08-11 00:02:25.387] [error] 'C:\\Users\\커피에반하다\\AppData\\Local\\Programs\\haste-client\\resources\\app.asar\\node_modules\\discord.js\\src\\index.js',
[2026-08-11 00:02:25.388] [error] 'C:\\Users\\커피에반하다\\AppData\\Local\\Programs\\haste-client\\resources\\app.asar\\haste_agent_bridge.js'
[2026-08-11 00:02:25.392] [error] ]
[2026-08-11 00:02:25.394] [error] }
[2026-08-11 00:02:25.397] [error] Node.js v24.18.0
[2026-08-11 00:02:30.943] [error] node:internal/modules/cjs/loader:1527
[2026-08-11 00:02:30.945] [error] throw err;
[2026-08-11 00:02:30.946] [error] ^
[2026-08-11 00:02:30.948] [error] Error: Cannot find module '@discordjs/util'
[2026-08-11 00:02:30.949] [error] Require stack:
[2026-08-11 00:02:30.950] [error] - C:\Users\커피에반하다\AppData\Local\Programs\haste-client\resources\app.asar\node_modules\discord.js\src\index.js
[2026-08-11 00:02:30.951] [error] - C:\Users\커피에반하다\AppData\Local\Programs\haste-client\resources\app.asar\haste_agent_bridge.js
[2026-08-11 00:02:30.953] [error] at Module._resolveFilename (node:internal/modules/cjs/loader:1524:15)
[2026-08-11 00:02:30.955] [error] at wrapResolveFilename (node:internal/modules/cjs/loader:1078:27)
[2026-08-11 00:02:30.956] [error] at defaultResolveImplForCJSLoading (node:internal/modules/cjs/loader:1102:10)
[2026-08-11 00:02:30.958] [error] at resolveForCJSWithHooks (node:internal/modules/cjs/loader:1129:12)
[2026-08-11 00:02:30.959] [error] at Module._load (node:internal/modules/cjs/loader:1301:5)
[2026-08-11 00:02:30.960] [error] at c._load (node:electron/js2c/node_init:2:18060)
[2026-08-11 00:02:30.961] [error] at wrapModuleLoad (node:internal/modules/cjs/loader:262:19)
[2026-08-11 00:02:30.963] [error] at Module.require (node:internal/modules/cjs/loader:1624:12)
[2026-08-11 00:02:30.964] [error] at require (node:internal/modules/helpers:153:16)
[2026-08-11 00:02:30.965] [error] at Object.<anonymous> (C:\Users\커피에반하다\AppData\Local\Programs\haste-client\resources\app.asar\node_modules\discord.js\src\index.js:3:29) {
[2026-08-11 00:02:30.966] [error] code: 'MODULE_NOT_FOUND',
[2026-08-11 00:02:30.967] [error] requireStack: [
[2026-08-11 00:02:30.967] [error] 'C:\\Users\\커피에반하다\\AppData\\Local\\Programs\\haste-client\\resources\\app.asar\\node_modules\\discord.js\\src\\index.js',
[2026-08-11 00:02:30.969] [error] 'C:\\Users\\커피에반하다\\AppData\\Local\\Programs\\haste-client\\resources\\app.asar\\haste_agent_bridge.js'
[2026-08-11 00:02:30.973] [error] ]
[2026-08-11 00:02:30.975] [error] }
[2026-08-11 00:02:30.977] [error] Node.js v24.18.0
[2026-08-11 00:02:36.875] [error] node:internal/modules/cjs/loader:1527
[2026-08-11 00:02:36.877] [error] throw err;
[2026-08-11 00:02:36.878] [error] ^
[2026-08-11 00:02:36.880] [error] Error: Cannot find module '@discordjs/util'
[2026-08-11 00:02:36.882] [error] Require stack:
[2026-08-11 00:02:36.883] [error] - C:\Users\커피에반하다\AppData\Local\Programs\haste-client\resources\app.asar\node_modules\discord.js\src\index.js
[2026-08-11 00:02:36.884] [error] - C:\Users\커피에반하다\AppData\Local\Programs\haste-client\resources\app.asar\haste_agent_bridge.js
[2026-08-11 00:02:36.886] [error] at Module._resolveFilename (node:internal/modules/cjs/loader:1524:15)
[2026-08-11 00:02:36.889] [error] at wrapResolveFilename (node:internal/modules/cjs/loader:1078:27)
[2026-08-11 00:02:36.891] [error] at defaultResolveImplForCJSLoading (node:internal/modules/cjs/loader:1102:10)
[2026-08-11 00:02:36.892] [error] at resolveForCJSWithHooks (node:internal/modules/cjs/loader:1129:12)
[2026-08-11 00:02:36.894] [error] at Module._load (node:internal/modules/cjs/loader:1301:5)
[2026-08-11 00:02:36.895] [error] at c._load (node:electron/js2c/node_init:2:18060)
[2026-08-11 00:02:36.897] [error] at wrapModuleLoad (node:internal/modules/cjs/loader:262:19)
[2026-08-11 00:02:36.898] [error] at Module.require (node:internal/modules/cjs/loader:1624:12)
[2026-08-11 00:02:36.900] [error] at require (node:internal/modules/helpers:153:16)
[2026-08-11 00:02:36.901] [error] at Object.<anonymous> (C:\Users\커피에반하다\AppData\Local\Programs\haste-client\resources\app.asar\node_modules\discord.js\src\index.js:3:29) {
[2026-08-11 00:02:36.902] [error] code: 'MODULE_NOT_FOUND',
[2026-08-11 00:02:36.904] [error] requireStack: [
[2026-08-11 00:02:36.906] [error] 'C:\\Users\\커피에반하다\\AppData\\Local\\Programs\\haste-client\\resources\\app.asar\\node_modules\\discord.js\\src\\index.js',
[2026-08-11 00:02:36.907] [error] 'C:\\Users\\커피에반하다\\AppData\\Local\\Programs\\haste-client\\resources\\app.asar\\haste_agent_bridge.js'
[2026-08-11 00:02:36.909] [error] ]
[2026-08-11 00:02:36.911] [error] }
[2026-08-11 00:02:36.925] [error] Node.js v24.18.0
[2026-08-11 00:02:42.871] [error] node:internal/modules/cjs/loader:1527
[2026-08-11 00:02:42.873] [error] throw err;
[2026-08-11 00:02:42.874] [error] ^
[2026-08-11 00:02:42.875] [error] Error: Cannot find module '@discordjs/util'
[2026-08-11 00:02:42.877] [error] Require stack:
[2026-08-11 00:02:42.878] [error] - C:\Users\커피에반하다\AppData\Local\Programs\haste-client\resources\app.asar\node_modules\discord.js\src\index.js
[2026-08-11 00:02:42.880] [error] - C:\Users\커피에반하다\AppData\Local\Programs\haste-client\resources\app.asar\haste_agent_bridge.js
[2026-08-11 00:02:42.881] [error] at Module._resolveFilename (node:internal/modules/cjs/loader:1524:15)
[2026-08-11 00:02:42.883] [error] at wrapResolveFilename (node:internal/modules/cjs/loader:1078:27)
[2026-08-11 00:02:42.884] [error] at defaultResolveImplForCJSLoading (node:internal/modules/cjs/loader:1102:10)
[2026-08-11 00:02:42.885] [error] at resolveForCJSWithHooks (node:internal/modules/cjs/loader:1129:12)
[2026-08-11 00:02:42.887] [error] at Module._load (node:internal/modules/cjs/loader:1301:5)
[2026-08-11 00:02:42.889] [error] at c._load (node:electron/js2c/node_init:2:18060)
[2026-08-11 00:02:42.891] [error] at wrapModuleLoad (node:internal/modules/cjs/loader:262:19)
[2026-08-11 00:02:42.893] [error] at Module.require (node:internal/modules/cjs/loader:1624:12)
[2026-08-11 00:02:42.894] [error] at require (node:internal/modules/helpers:153:16)
[2026-08-11 00:02:42.895] [error] at Object.<anonymous> (C:\Users\커피에반하다\AppData\Local\Programs\haste-client\resources\app.asar\node_modules\discord.js\src\index.js:3:29) {
[2026-08-11 00:02:42.897] [error] code: 'MODULE_NOT_FOUND',
[2026-08-11 00:02:42.898] [error] requireStack: [
[2026-08-11 00:02:42.900] [error] 'C:\\Users\\커피에반하다\\AppData\\Local\\Programs\\haste-client\\resources\\app.asar\\node_modules\\discord.js\\src\\index.js',
[2026-08-11 00:02:42.902] [error] 'C:\\Users\\커피에반하다\\AppData\\Local\\Programs\\haste-client\\resources\\app.asar\\haste_agent_bridge.js'
[2026-08-11 00:02:42.903] [error] ]
[2026-08-11 00:02:42.904] [error] }
[2026-08-11 00:02:42.905] [error] Node.js v24.18.0
[2026-08-11 00:02:48.739] [error] node:internal/modules/cjs/loader:1527
[2026-08-11 00:02:48.740] [error] throw err;
[2026-08-11 00:02:48.742] [error] ^
[2026-08-11 00:02:48.743] [error] Error: Cannot find module '@discordjs/util'
[2026-08-11 00:02:48.745] [error] Require stack:
[2026-08-11 00:02:48.747] [error] - C:\Users\커피에반하다\AppData\Local\Programs\haste-client\resources\app.asar\node_modules\discord.js\src\index.js
[2026-08-11 00:02:48.748] [error] - C:\Users\커피에반하다\AppData\Local\Programs\haste-client\resources\app.asar\haste_agent_bridge.js
[2026-08-11 00:02:48.750] [error] at Module._resolveFilename (node:internal/modules/cjs/loader:1524:15)
[2026-08-11 00:02:48.751] [error] at wrapResolveFilename (node:internal/modules/cjs/loader:1078:27)
[2026-08-11 00:02:48.752] [error] at defaultResolveImplForCJSLoading (node:internal/modules/cjs/loader:1102:10)
[2026-08-11 00:02:48.753] [error] at resolveForCJSWithHooks (node:internal/modules/cjs/loader:1129:12)
[2026-08-11 00:02:48.754] [error] at Module._load (node:internal/modules/cjs/loader:1301:5)
[2026-08-11 00:02:48.756] [error] at c._load (node:electron/js2c/node_init:2:18060)
[2026-08-11 00:02:48.757] [error] at wrapModuleLoad (node:internal/modules/cjs/loader:262:19)
[2026-08-11 00:02:48.759] [error] at Module.require (node:internal/modules/cjs/loader:1624:12)
[2026-08-11 00:02:48.760] [error] at require (node:internal/modules/helpers:153:16)
[2026-08-11 00:02:48.761] [error] at Object.<anonymous> (C:\Users\커피에반하다\AppData\Local\Programs\haste-client\resources\app.asar\node_modules\discord.js\src\index.js:3:29) {
[2026-08-11 00:02:48.762] [error] code: 'MODULE_NOT_FOUND',
[2026-08-11 00:02:48.764] [error] requireStack: [
[2026-08-11 00:02:48.765] [error] 'C:\\Users\\커피에반하다\\AppData\\Local\\Programs\\haste-client\\resources\\app.asar\\node_modules\\discord.js\\src\\index.js',
[2026-08-11 00:02:48.766] [error] 'C:\\Users\\커피에반하다\\AppData\\Local\\Programs\\haste-client\\resources\\app.asar\\haste_agent_bridge.js'
[2026-08-11 00:02:48.768] [error] ]
[2026-08-11 00:02:48.769] [error] }
[2026-08-11 00:02:48.773] [error] Node.js v24.18.0
[2026-08-11 00:02:54.800] [error] node:internal/modules/cjs/loader:1527
[2026-08-11 00:02:54.802] [error] throw err;
[2026-08-11 00:02:54.803] [error] ^
[2026-08-11 00:02:54.805] [error] Error: Cannot find module '@discordjs/util'
[2026-08-11 00:02:54.806] [error] Require stack:
[2026-08-11 00:02:54.808] [error] - C:\Users\커피에반하다\AppData\Local\Programs\haste-client\resources\app.asar\node_modules\discord.js\src\index.js
[2026-08-11 00:02:54.809] [error] - C:\Users\커피에반하다\AppData\Local\Programs\haste-client\resources\app.asar\haste_agent_bridge.js
[2026-08-11 00:02:54.811] [error] at Module._resolveFilename (node:internal/modules/cjs/loader:1524:15)
[2026-08-11 00:02:54.813] [error] at wrapResolveFilename (node:internal/modules/cjs/loader:1078:27)
[2026-08-11 00:02:54.813] [error] at defaultResolveImplForCJSLoading (node:internal/modules/cjs/loader:1102:10)
[2026-08-11 00:02:54.814] [error] at resolveForCJSWithHooks (node:internal/modules/cjs/loader:1129:12)
[2026-08-11 00:02:54.815] [error] at Module._load (node:internal/modules/cjs/loader:1301:5)
[2026-08-11 00:02:54.816] [error] at c._load (node:electron/js2c/node_init:2:18060)
[2026-08-11 00:02:54.818] [error] at wrapModuleLoad (node:internal/modules/cjs/loader:262:19)
[2026-08-11 00:02:54.819] [error] at Module.require (node:internal/modules/cjs/loader:1624:12)
[2026-08-11 00:02:54.821] [error] at require (node:internal/modules/helpers:153:16)
[2026-08-11 00:02:54.822] [error] at Object.<anonymous> (C:\Users\커피에반하다\AppData\Local\Programs\haste-client\resources\app.asar\node_modules\discord.js\src\index.js:3:29) {
[2026-08-11 00:02:54.824] [error] code: 'MODULE_NOT_FOUND',
[2026-08-11 00:02:54.825] [error] requireStack: [
[2026-08-11 00:02:54.826] [error] 'C:\\Users\\커피에반하다\\AppData\\Local\\Programs\\haste-client\\resources\\app.asar\\node_modules\\discord.js\\src\\index.js',
[2026-08-11 00:02:54.827] [error] 'C:\\Users\\커피에반하다\\AppData\\Local\\Programs\\haste-client\\resources\\app.asar\\haste_agent_bridge.js'
[2026-08-11 00:02:54.828] [error] ]
[2026-08-11 00:02:54.830] [error] }
[2026-08-11 00:02:54.831] [error] Node.js v24.18.0
[2026-08-11 00:03:00.344] [error] node:internal/modules/cjs/loader:1527
[2026-08-11 00:03:00.345] [error] throw err;
[2026-08-11 00:03:00.346] [error] ^
[2026-08-11 00:03:00.346] [error] Error: Cannot find module '@discordjs/util'
[2026-08-11 00:03:00.347] [error] Require stack:
[2026-08-11 00:03:00.347] [error] - C:\Users\커피에반하다\AppData\Local\Programs\haste-client\resources\app.asar\node_modules\discord.js\src\index.js
[2026-08-11 00:03:00.348] [error] - C:\Users\커피에반하다\AppData\Local\Programs\haste-client\resources\app.asar\haste_agent_bridge.js
[2026-08-11 00:03:00.348] [error] at Module._resolveFilename (node:internal/modules/cjs/loader:1524:15)
[2026-08-11 00:03:00.348] [error] at wrapResolveFilename (node:internal/modules/cjs/loader:1078:27)
[2026-08-11 00:03:00.349] [error] at defaultResolveImplForCJSLoading (node:internal/modules/cjs/loader:1102:10)
[2026-08-11 00:03:00.349] [error] at resolveForCJSWithHooks (node:internal/modules/cjs/loader:1129:12)
[2026-08-11 00:03:00.350] [error] at Module._load (node:internal/modules/cjs/loader:1301:5)
[2026-08-11 00:03:00.350] [error] at c._load (node:electron/js2c/node_init:2:18060)
[2026-08-11 00:03:00.351] [error] at wrapModuleLoad (node:internal/modules/cjs/loader:262:19)
[2026-08-11 00:03:00.351] [error] at Module.require (node:internal/modules/cjs/loader:1624:12)
[2026-08-11 00:03:00.352] [error] at require (node:internal/modules/helpers:153:16)
[2026-08-11 00:03:00.352] [error] at Object.<anonymous> (C:\Users\커피에반하다\AppData\Local\Programs\haste-client\resources\app.asar\node_modules\discord.js\src\index.js:3:29) {
[2026-08-11 00:03:00.353] [error] code: 'MODULE_NOT_FOUND',
[2026-08-11 00:03:00.353] [error] requireStack: [
[2026-08-11 00:03:00.354] [error] 'C:\\Users\\커피에반하다\\AppData\\Local\\Programs\\haste-client\\resources\\app.asar\\node_modules\\discord.js\\src\\index.js',
[2026-08-11 00:03:00.355] [error] 'C:\\Users\\커피에반하다\\AppData\\Local\\Programs\\haste-client\\resources\\app.asar\\haste_agent_bridge.js'
[2026-08-11 00:03:00.355] [error] ]
[2026-08-11 00:03:00.356] [error] }
[2026-08-11 00:03:00.356] [error] Node.js v24.18.0
[2026-08-11 00:03:05.684] [error] node:internal/modules/cjs/loader:1527
[2026-08-11 00:03:05.684] [error] throw err;
[2026-08-11 00:03:05.685] [error] ^
[2026-08-11 00:03:05.686] [error] Error: Cannot find module '@discordjs/util'
[2026-08-11 00:03:05.686] [error] Require stack:
[2026-08-11 00:03:05.687] [error] - C:\Users\커피에반하다\AppData\Local\Programs\haste-client\resources\app.asar\node_modules\discord.js\src\index.js
[2026-08-11 00:03:05.687] [error] - C:\Users\커피에반하다\AppData\Local\Programs\haste-client\resources\app.asar\haste_agent_bridge.js
[2026-08-11 00:03:05.688] [error] at Module._resolveFilename (node:internal/modules/cjs/loader:1524:15)
[2026-08-11 00:03:05.689] [error] at wrapResolveFilename (node:internal/modules/cjs/loader:1078:27)
[2026-08-11 00:03:05.689] [error] at defaultResolveImplForCJSLoading (node:internal/modules/cjs/loader:1102:10)
[2026-08-11 00:03:05.690] [error] at resolveForCJSWithHooks (node:internal/modules/cjs/loader:1129:12)
[2026-08-11 00:03:05.690] [error] at Module._load (node:internal/modules/cjs/loader:1301:5)
[2026-08-11 00:03:05.691] [error] at c._load (node:electron/js2c/node_init:2:18060)
[2026-08-11 00:03:05.691] [error] at wrapModuleLoad (node:internal/modules/cjs/loader:262:19)
[2026-08-11 00:03:05.691] [error] at Module.require (node:internal/modules/cjs/loader:1624:12)
[2026-08-11 00:03:05.692] [error] at require (node:internal/modules/helpers:153:16)
[2026-08-11 00:03:05.692] [error] at Object.<anonymous> (C:\Users\커피에반하다\AppData\Local\Programs\haste-client\resources\app.asar\node_modules\discord.js\src\index.js:3:29) {
[2026-08-11 00:03:05.693] [error] code: 'MODULE_NOT_FOUND',
[2026-08-11 00:03:05.693] [error] requireStack: [
[2026-08-11 00:03:05.694] [error] 'C:\\Users\\커피에반하다\\AppData\\Local\\Programs\\haste-client\\resources\\app.asar\\node_modules\\discord.js\\src\\index.js',
[2026-08-11 00:03:05.694] [error] 'C:\\Users\\커피에반하다\\AppData\\Local\\Programs\\haste-client\\resources\\app.asar\\haste_agent_bridge.js'
[2026-08-11 00:03:05.695] [error] ]
[2026-08-11 00:03:05.695] [error] }
[2026-08-11 00:03:05.695] [error] Node.js v24.18.0
[2026-08-11 00:03:10.985] [error] node:internal/modules/cjs/loader:1527
[2026-08-11 00:03:10.986] [error] throw err;
[2026-08-11 00:03:10.987] [error] ^
[2026-08-11 00:03:10.987] [error] Error: Cannot find module '@discordjs/util'
[2026-08-11 00:03:10.988] [error] Require stack:
[2026-08-11 00:03:10.989] [error] - C:\Users\커피에반하다\AppData\Local\Programs\haste-client\resources\app.asar\node_modules\discord.js\src\index.js
[2026-08-11 00:03:10.990] [error] - C:\Users\커피에반하다\AppData\Local\Programs\haste-client\resources\app.asar\haste_agent_bridge.js
[2026-08-11 00:03:10.990] [error] at Module._resolveFilename (node:internal/modules/cjs/loader:1524:15)
[2026-08-11 00:03:10.991] [error] at wrapResolveFilename (node:internal/modules/cjs/loader:1078:27)
[2026-08-11 00:03:10.991] [error] at defaultResolveImplForCJSLoading (node:internal/modules/cjs/loader:1102:10)
[2026-08-11 00:03:10.992] [error] at resolveForCJSWithHooks (node:internal/modules/cjs/loader:1129:12)
[2026-08-11 00:03:10.993] [error] at Module._load (node:internal/modules/cjs/loader:1301:5)
[2026-08-11 00:03:10.993] [error] at c._load (node:electron/js2c/node_init:2:18060)
[2026-08-11 00:03:10.994] [error] at wrapModuleLoad (node:internal/modules/cjs/loader:262:19)
[2026-08-11 00:03:10.994] [error] at Module.require (node:internal/modules/cjs/loader:1624:12)
[2026-08-11 00:03:10.994] [error] at require (node:internal/modules/helpers:153:16)
[2026-08-11 00:03:10.995] [error] at Object.<anonymous> (C:\Users\커피에반하다\AppData\Local\Programs\haste-client\resources\app.asar\node_modules\discord.js\src\index.js:3:29) {
[2026-08-11 00:03:10.996] [error] code: 'MODULE_NOT_FOUND',
[2026-08-11 00:03:10.996] [error] requireStack: [
[2026-08-11 00:03:10.997] [error] 'C:\\Users\\커피에반하다\\AppData\\Local\\Programs\\haste-client\\resources\\app.asar\\node_modules\\discord.js\\src\\index.js',
[2026-08-11 00:03:10.997] [error] 'C:\\Users\\커피에반하다\\AppData\\Local\\Programs\\haste-client\\resources\\app.asar\\haste_agent_bridge.js'
[2026-08-11 00:03:10.998] [error] ]
[2026-08-11 00:03:10.998] [error] }
[2026-08-11 00:03:10.999] [error] Node.js v24.18.0
[2026-08-11 00:03:16.346] [error] node:internal/modules/cjs/loader:1527
[2026-08-11 00:03:16.347] [error] throw err;
[2026-08-11 00:03:16.347] [error] ^
[2026-08-11 00:03:16.348] [error] Error: Cannot find module '@discordjs/util'
[2026-08-11 00:03:16.349] [error] Require stack:
[2026-08-11 00:03:16.349] [error] - C:\Users\커피에반하다\AppData\Local\Programs\haste-client\resources\app.asar\node_modules\discord.js\src\index.js
[2026-08-11 00:03:16.350] [error] - C:\Users\커피에반하다\AppData\Local\Programs\haste-client\resources\app.asar\haste_agent_bridge.js
[2026-08-11 00:03:16.350] [error] at Module._resolveFilename (node:internal/modules/cjs/loader:1524:15)
[2026-08-11 00:03:16.350] [error] at wrapResolveFilename (node:internal/modules/cjs/loader:1078:27)
[2026-08-11 00:03:16.351] [error] at defaultResolveImplForCJSLoading (node:internal/modules/cjs/loader:1102:10)
[2026-08-11 00:03:16.351] [error] at resolveForCJSWithHooks (node:internal/modules/cjs/loader:1129:12)
[2026-08-11 00:03:16.352] [error] at Module._load (node:internal/modules/cjs/loader:1301:5)
[2026-08-11 00:03:16.352] [error] at c._load (node:electron/js2c/node_init:2:18060)
[2026-08-11 00:03:16.354] [error] at wrapModuleLoad (node:internal/modules/cjs/loader:262:19)
[2026-08-11 00:03:16.355] [error] at Module.require (node:internal/modules/cjs/loader:1624:12)
[2026-08-11 00:03:16.355] [error] at require (node:internal/modules/helpers:153:16)
[2026-08-11 00:03:16.356] [error] at Object.<anonymous> (C:\Users\커피에반하다\AppData\Local\Programs\haste-client\resources\app.asar\node_modules\discord.js\src\index.js:3:29) {
[2026-08-11 00:03:16.358] [error] code: 'MODULE_NOT_FOUND',
[2026-08-11 00:03:16.358] [error] requireStack: [
[2026-08-11 00:03:16.359] [error] 'C:\\Users\\커피에반하다\\AppData\\Local\\Programs\\haste-client\\resources\\app.asar\\node_modules\\discord.js\\src\\index.js',
[2026-08-11 00:03:16.360] [error] 'C:\\Users\\커피에반하다\\AppData\\Local\\Programs\\haste-client\\resources\\app.asar\\haste_agent_bridge.js'
[2026-08-11 00:03:16.360] [error] ]
[2026-08-11 00:03:16.361] [error] }
[2026-08-11 00:03:16.361] [error] Node.js v24.18.0
[2026-08-11 00:03:21.669] [error] node:internal/modules/cjs/loader:1527
[2026-08-11 00:03:21.669] [error] throw err;
[2026-08-11 00:03:21.670] [error] ^
[2026-08-11 00:03:21.671] [error] Error: Cannot find module '@discordjs/util'
[2026-08-11 00:03:21.672] [error] Require stack:
[2026-08-11 00:03:21.673] [error] - C:\Users\커피에반하다\AppData\Local\Programs\haste-client\resources\app.asar\node_modules\discord.js\src\index.js
[2026-08-11 00:03:21.674] [error] - C:\Users\커피에반하다\AppData\Local\Programs\haste-client\resources\app.asar\haste_agent_bridge.js
[2026-08-11 00:03:21.675] [error] at Module._resolveFilename (node:internal/modules/cjs/loader:1524:15)
[2026-08-11 00:03:21.675] [error] at wrapResolveFilename (node:internal/modules/cjs/loader:1078:27)
[2026-08-11 00:03:21.676] [error] at defaultResolveImplForCJSLoading (node:internal/modules/cjs/loader:1102:10)
[2026-08-11 00:03:21.676] [error] at resolveForCJSWithHooks (node:internal/modules/cjs/loader:1129:12)
[2026-08-11 00:03:21.677] [error] at Module._load (node:internal/modules/cjs/loader:1301:5)
[2026-08-11 00:03:21.677] [error] at c._load (node:electron/js2c/node_init:2:18060)
[2026-08-11 00:03:21.678] [error] at wrapModuleLoad (node:internal/modules/cjs/loader:262:19)
[2026-08-11 00:03:21.678] [error] at Module.require (node:internal/modules/cjs/loader:1624:12)
[2026-08-11 00:03:21.679] [error] at require (node:internal/modules/helpers:153:16)
[2026-08-11 00:03:21.679] [error] at Object.<anonymous> (C:\Users\커피에반하다\AppData\Local\Programs\haste-client\resources\app.asar\node_modules\discord.js\src\index.js:3:29) {
[2026-08-11 00:03:21.680] [error] code: 'MODULE_NOT_FOUND',
[2026-08-11 00:03:21.680] [error] requireStack: [
[2026-08-11 00:03:21.681] [error] 'C:\\Users\\커피에반하다\\AppData\\Local\\Programs\\haste-client\\resources\\app.asar\\node_modules\\discord.js\\src\\index.js',
[2026-08-11 00:03:21.681] [error] 'C:\\Users\\커피에반하다\\AppData\\Local\\Programs\\haste-client\\resources\\app.asar\\haste_agent_bridge.js'
[2026-08-11 00:03:21.681] [error] ]
[2026-08-11 00:03:21.682] [error] }
[2026-08-11 00:03:21.682] [error] Node.js v24.18.0
[2026-08-11 00:03:26.985] [error] node:internal/modules/cjs/loader:1527
[2026-08-11 00:03:26.985] [error] throw err;
[2026-08-11 00:03:26.986] [error] ^
[2026-08-11 00:03:26.987] [error] Error: Cannot find module '@discordjs/util'
[2026-08-11 00:03:26.988] [error] Require stack:
[2026-08-11 00:03:26.989] [error] - C:\Users\커피에반하다\AppData\Local\Programs\haste-client\resources\app.asar\node_modules\discord.js\src\index.js
[2026-08-11 00:03:26.989] [error] - C:\Users\커피에반하다\AppData\Local\Programs\haste-client\resources\app.asar\haste_agent_bridge.js
[2026-08-11 00:03:26.990] [error] at Module._resolveFilename (node:internal/modules/cjs/loader:1524:15)
[2026-08-11 00:03:26.990] [error] at wrapResolveFilename (node:internal/modules/cjs/loader:1078:27)
[2026-08-11 00:03:26.991] [error] at defaultResolveImplForCJSLoading (node:internal/modules/cjs/loader:1102:10)
[2026-08-11 00:03:26.992] [error] at resolveForCJSWithHooks (node:internal/modules/cjs/loader:1129:12)
[2026-08-11 00:03:26.993] [error] at Module._load (node:internal/modules/cjs/loader:1301:5)
[2026-08-11 00:03:26.994] [error] at c._load (node:electron/js2c/node_init:2:18060)
[2026-08-11 00:03:26.995] [error] at wrapModuleLoad (node:internal/modules/cjs/loader:262:19)
[2026-08-11 00:03:26.995] [error] at Module.require (node:internal/modules/cjs/loader:1624:12)
[2026-08-11 00:03:26.996] [error] at require (node:internal/modules/helpers:153:16)
[2026-08-11 00:03:26.997] [error] at Object.<anonymous> (C:\Users\커피에반하다\AppData\Local\Programs\haste-client\resources\app.asar\node_modules\discord.js\src\index.js:3:29) {
[2026-08-11 00:03:26.998] [error] code: 'MODULE_NOT_FOUND',
[2026-08-11 00:03:26.998] [error] requireStack: [
[2026-08-11 00:03:26.999] [error] 'C:\\Users\\커피에반하다\\AppData\\Local\\Programs\\haste-client\\resources\\app.asar\\node_modules\\discord.js\\src\\index.js',
[2026-08-11 00:03:26.999] [error] 'C:\\Users\\커피에반하다\\AppData\\Local\\Programs\\haste-client\\resources\\app.asar\\haste_agent_bridge.js'
[2026-08-11 00:03:27.000] [error] ]
[2026-08-11 00:03:27.000] [error] }
[2026-08-11 00:03:27.001] [error] Node.js v24.18.0
[2026-08-11 00:03:32.297] [error] node:internal/modules/cjs/loader:1527
[2026-08-11 00:03:32.298] [error] throw err;
[2026-08-11 00:03:32.299] [error] ^
[2026-08-11 00:03:32.299] [error] Error: Cannot find module '@discordjs/util'
[2026-08-11 00:03:32.300] [error] Require stack:
[2026-08-11 00:03:32.300] [error] - C:\Users\커피에반하다\AppData\Local\Programs\haste-client\resources\app.asar\node_modules\discord.js\src\index.js
[2026-08-11 00:03:32.301] [error] - C:\Users\커피에반하다\AppData\Local\Programs\haste-client\resources\app.asar\haste_agent_bridge.js
[2026-08-11 00:03:32.301] [error] at Module._resolveFilename (node:internal/modules/cjs/loader:1524:15)
[2026-08-11 00:03:32.302] [error] at wrapResolveFilename (node:internal/modules/cjs/loader:1078:27)
[2026-08-11 00:03:32.302] [error] at defaultResolveImplForCJSLoading (node:internal/modules/cjs/loader:1102:10)
[2026-08-11 00:03:32.303] [error] at resolveForCJSWithHooks (node:internal/modules/cjs/loader:1129:12)
[2026-08-11 00:03:32.304] [error] at Module._load (node:internal/modules/cjs/loader:1301:5)
[2026-08-11 00:03:32.304] [error] at c._load (node:electron/js2c/node_init:2:18060)
[2026-08-11 00:03:32.305] [error] at wrapModuleLoad (node:internal/modules/cjs/loader:262:19)
[2026-08-11 00:03:32.305] [error] at Module.require (node:internal/modules/cjs/loader:1624:12)
[2026-08-11 00:03:32.306] [error] at require (node:internal/modules/helpers:153:16)
[2026-08-11 00:03:32.306] [error] at Object.<anonymous> (C:\Users\커피에반하다\AppData\Local\Programs\haste-client\resources\app.asar\node_modules\discord.js\src\index.js:3:29) {
[2026-08-11 00:03:32.307] [error] code: 'MODULE_NOT_FOUND',
[2026-08-11 00:03:32.307] [error] requireStack: [
[2026-08-11 00:03:32.307] [error] 'C:\\Users\\커피에반하다\\AppData\\Local\\Programs\\haste-client\\resources\\app.asar\\node_modules\\discord.js\\src\\index.js',
[2026-08-11 00:03:32.308] [error] 'C:\\Users\\커피에반하다\\AppData\\Local\\Programs\\haste-client\\resources\\app.asar\\haste_agent_bridge.js'
[2026-08-11 00:03:32.308] [error] ]
[2026-08-11 00:03:32.309] [error] }
[2026-08-11 00:03:32.309] [error] Node.js v24.18.0
[2026-08-11 00:03:37.629] [error] node:internal/modules/cjs/loader:1527
[2026-08-11 00:03:37.629] [error] throw err;
[2026-08-11 00:03:37.630] [error] ^
[2026-08-11 00:03:37.631] [error] Error: Cannot find module '@discordjs/util'
[2026-08-11 00:03:37.631] [error] Require stack:
[2026-08-11 00:03:37.632] [error] - C:\Users\커피에반하다\AppData\Local\Programs\haste-client\resources\app.asar\node_modules\discord.js\src\index.js
[2026-08-11 00:03:37.632] [error] - C:\Users\커피에반하다\AppData\Local\Programs\haste-client\resources\app.asar\haste_agent_bridge.js
[2026-08-11 00:03:37.633] [error] at Module._resolveFilename (node:internal/modules/cjs/loader:1524:15)
[2026-08-11 00:03:37.633] [error] at wrapResolveFilename (node:internal/modules/cjs/loader:1078:27)
[2026-08-11 00:03:37.633] [error] at defaultResolveImplForCJSLoading (node:internal/modules/cjs/loader:1102:10)
[2026-08-11 00:03:37.634] [error] at resolveForCJSWithHooks (node:internal/modules/cjs/loader:1129:12)
[2026-08-11 00:03:37.634] [error] at Module._load (node:internal/modules/cjs/loader:1301:5)
[2026-08-11 00:03:37.635] [error] at c._load (node:electron/js2c/node_init:2:18060)
[2026-08-11 00:03:37.635] [error] at wrapModuleLoad (node:internal/modules/cjs/loader:262:19)
[2026-08-11 00:03:37.636] [error] at Module.require (node:internal/modules/cjs/loader:1624:12)
[2026-08-11 00:03:37.637] [error] at require (node:internal/modules/helpers:153:16)
[2026-08-11 00:03:37.638] [error] at Object.<anonymous> (C:\Users\커피에반하다\AppData\Local\Programs\haste-client\resources\app.asar\node_modules\discord.js\src\index.js:3:29) {
[2026-08-11 00:03:37.638] [error] code: 'MODULE_NOT_FOUND',
[2026-08-11 00:03:37.639] [error] requireStack: [
[2026-08-11 00:03:37.639] [error] 'C:\\Users\\커피에반하다\\AppData\\Local\\Programs\\haste-client\\resources\\app.asar\\node_modules\\discord.js\\src\\index.js',
[2026-08-11 00:03:37.640] [error] 'C:\\Users\\커피에반하다\\AppData\\Local\\Programs\\haste-client\\resources\\app.asar\\haste_agent_bridge.js'
[2026-08-11 00:03:37.640] [error] ]
[2026-08-11 00:03:37.641] [error] }
[2026-08-11 00:03:37.641] [error] Node.js v24.18.0