[2026-08-10 00:08:59.129] [info] [HASTE Agent] [HASTE Agent Bot] Successfully initialized using injected env variables. StoreCode: 075575
[2026-08-10 00:08:59.130] [info]  [HASTE Agent Bot] Successfully initialized using injected env variables. StoreCode: 075575
[2026-08-10 00:08:59.215] [info] [HASTE Agent] [HQ Origin] HASTE Cloud designated via --prod launch argument.
[2026-08-10 00:08:59.216] [info] [HASTE Agent] Targeting endpoint: https://cloud.cafehaste.com
[2026-08-10 00:08:59.216] [info]  [HQ Origin] HASTE Cloud designated via --prod launch argument.
[2026-08-10 00:08:59.224] [info]  Targeting endpoint: https://cloud.cafehaste.com
[2026-08-10 00:08:59.274] [info] [HASTE Agent] [HASTE Agent Server] Hono Gateway running on Port 8082 (Relaying to Port 8080)
[2026-08-10 00:08:59.276] [info] [HASTE Agent] Stealth Standby mode active. Waiting for remote connection requests...
[2026-08-10 00:08:59.278] [info] [HASTE Agent] [HEALTH] [RUN] (075575) : Checking Lilly Engine API (Attempt: 1/5)
[2026-08-10 00:08:59.275] [info]  [HASTE Agent Server] Hono Gateway running on Port 8082 (Relaying to Port 8080)
[2026-08-10 00:08:59.279] [info] [HASTE Agent] [HASTE] [Step 0: HEALTH] [INFO] Starting diagnostics for local hardware and internet connectivity...
[2026-08-10 00:08:59.283] [info]  [2026-08-10 00:08:59.276] [info] [HASTE Agent] Stealth Standby mode active. Waiting for remote connection requests...
[2026-08-10 00:08:59.291] [info]  [2026-08-10 00:08:59.278] [info] [HASTE Agent] [HEALTH] [RUN] (075575) : Checking Lilly Engine API (Attempt: 1/5)
[2026-08-10 00:08:59.295] [info]  [HASTE] [Step 0: HEALTH] [INFO] Starting diagnostics for local hardware and internet connectivity...
[2026-08-10 00:08:59.582] [info] [HASTE Agent] [GATEWAY] [RUN] (075575) : Waiting for Client API (Port 8080)
[2026-08-10 00:08:59.585] [info]  [2026-08-10 00:08:59.582] [info] [HASTE Agent] [GATEWAY] [RUN] (075575) : Waiting for Client API (Port 8080)
[2026-08-10 00:08:59.599] [info] [HASTE Agent] [GATEWAY] [OK] (075575) : Token Synchronized
[2026-08-10 00:08:59.601] [info] [HASTE Agent] [GATEWAY] [FAIL] : Tunnel Session Missing (Status Blocked)
[2026-08-10 00:08:59.600] [info]  [2026-08-10 00:08:59.599] [info] [HASTE Agent] [GATEWAY] [OK] (075575) : Token Synchronized
[2026-08-10 00:08:59.602] [info] [HASTE Agent] [Client -> Cloud] [GATEWAY] [RUN] (075575) : Connecting to Signal Broker (Primary)
[2026-08-10 00:08:59.603] [info]  [2026-08-10 00:08:59.601] [info] [HASTE Agent] [GATEWAY] [FAIL] : Tunnel Session Missing (Status Blocked)
[2026-08-10 00:08:59.606] [info]  [2026-08-10 00:08:59.602] [info] [HASTE Agent] [Client -> Cloud] [GATEWAY] [RUN] (075575) : Connecting to Signal Broker (Primary)
[2026-08-10 00:09:00.621] [info] [HASTE Agent] Security server connection initialized successfully!
[2026-08-10 00:09:00.623] [info] [HASTE Agent] Bot Tag Name: cafehaste_gateway#1981
[2026-08-10 00:09:00.624] [info] [HASTE Agent] HASTE Client API Address: http://127.0.0.1:8080
[2026-08-10 00:09:00.625] [info] [HASTE Agent] Listening for remote dashboard control commands...
[2026-08-10 00:09:00.622] [info]  [2026-08-10 00:09:00.621] [info] [HASTE Agent] Security server connection initialized successfully!
[2026-08-10 00:09:00.629] [info]  Bot Tag Name: cafehaste_gateway#1981
[2026-08-10 00:09:00.633] [info]  HASTE Client API Address: http://127.0.0.1:8080
[2026-08-10 00:09:00.636] [info]  Listening for remote dashboard control commands...