[2026-08-10 00:08:57.082] [info]  [HASTE DB Load] Loaded settings from SQLite database successfully. StoreName: "김포운양역점", StoreNo: "075575", ThemeMode: "Light", KioskType: "SAMSUNG", isKioskDryRun: "false"
[2026-08-10 00:08:57.756] [info]  [app] event=app.startup status=started appVersion=3.0.0-t15 packaged=false
[2026-08-10 00:08:57.865] [info]  [app] event=app.window status=success
[2026-08-10 00:08:57.962] [info]  [app] event=app.tray status=success
[2026-08-10 00:08:57.965] [info]  [app] event=updater.check status=ignored reason=store_managed_distribution
[2026-08-10 00:08:57.972] [info]  [app] event=app.ipc status=success
[2026-08-10 00:08:57.974] [info]  [app] event=task.start status=success
[2026-08-10 00:08:57.977] [debug] [api] [api] event=settings.change status=success port=8080 posStoreNo=075575 deviceModelId=D0000
[2026-08-10 00:08:57.990] [debug] [api] [api] event=api.server status=success port=8080 host=0.0.0.0
[2026-08-10 00:08:57.992] [info]  [serialport] [serialport] event=serialport.connect status=started scope=all
[2026-08-10 00:08:57.998] [debug] [coffee] [coffee] event=settings.change status=success field=thirdpartyType value=Lilly_(WMF)
[2026-08-10 00:08:58.004] [debug] [coffee] [coffee] event=coffee.socket status=started transport=ws machineName=WMF model=Lilly_(WMF) ip=192.168.10.99 port=25000
[2026-08-10 00:08:58.017] [debug] [coffee] [coffee] event=temperature.change status=success
[2026-08-10 00:08:58.021] [debug] [api] [api] event=did.callback status=ignored reason=local_did_not_open screen=temperature
[2026-08-10 00:08:58.030] [info]  [HASTE DB Save] Settings category "inventory" has been updated and saved to SQLite successfully.
[2026-08-10 00:08:58.035] [info]  [HASTE DB Save] Settings category "inventory" has been updated and saved to SQLite successfully.
[2026-08-10 00:08:58.038] [info]  [serialport] [serialport] event=serialport.connect status=started scope=all
[2026-08-10 00:08:58.044] [info]  [HASTE DB Save] Settings category "inventory" has been updated and saved to SQLite successfully.
[2026-08-10 00:08:58.053] [info]  [HASTE DB Save] Settings category "inventory" has been updated and saved to SQLite successfully.
[2026-08-10 00:08:58.055] [debug] [api] [HASTE Theme Sync] Applied local UI theme: isDark=false
[2026-08-10 00:08:58.057] [debug] [api] [api] event=did.callback status=started target=local screen=main
[2026-08-10 00:08:58.062] [info]  [app] event=app.startup status=success message="subscriptions registered"
[2026-08-10 00:08:58.064] [debug] [task] [task] event=scheduler.change status=success routine=FOAMER_RINSING intervalSec=6000 normalizedIntervalSec=6000
[2026-08-10 00:08:58.068] [debug] [task] [task] event=scheduler.change status=success routine=WARM_RINSING intervalSec=0 normalizedIntervalSec=0
[2026-08-10 00:08:58.070] [debug] [task] [task] event=scheduler.change status=success routine=MIXER_RINSING intervalSec=0 normalizedIntervalSec=0
[2026-08-10 00:08:58.072] [debug] [task] [task] event=scheduler.change status=success routine=ERROR_CHECK intervalSec=1800 normalizedIntervalSec=1800
[2026-08-10 00:08:58.076] [debug] [task] [task] event=scheduler.change status=success routine=ICE_MAKER intervalSec=1800 normalizedIntervalSec=1800
[2026-08-10 00:08:58.079] [debug] [task] [task] event=scheduler.change status=success routine=TEMP_CHECK intervalSec=600 normalizedIntervalSec=600
[2026-08-10 00:08:58.083] [debug] [app] event=scheduler.change status=success routine=license.verify intervalSec=86400
[2026-08-10 00:08:58.085] [info]  [app] event=app.startup status=success message="schedulers registered"
[2026-08-10 00:08:58.086] [info]  [HASTE Guard] Launching Haste Agent Bot process: C:\Users\김성규\Desktop\HASTE-AI\src\cafehaste-client\haste_agent_bridge.js
[2026-08-10 00:08:58.104] [info]  [app] event=license.verify status=success state=approved storeId=075575
[2026-08-10 00:08:58.128] [error] [serialport] [serialport] event=serialport.error status=failed reason=port_error boardName=board1 port=COM6 message="Opening COM6: File not found"
[2026-08-10 00:08:58.131] [error] [serialport] [serialport] event=serialport.error status=failed reason=port_error boardName=board2 port=COM7 message="Opening COM7: File not found"
[2026-08-10 00:08:58.138] [error] [serialport] [serialport] event=serialport.error status=failed reason=port_error boardName=board1 port=COM6 message="Opening COM6: File not found"
[2026-08-10 00:08:58.141] [error] [serialport] [serialport] event=serialport.error status=failed reason=port_error boardName=board2 port=COM7 message="Opening COM7: File not found"
[2026-08-10 00:08:58.144] [debug] [api] [HASTE DevTools Sync] Current window DevTools opened state: false, Target state: false
[2026-08-10 00:08:59.128] [info]  [HASTE Agent Bot] [HASTE Agent Bot] Successfully initialized using injected env variables. StoreCode: 075575
[2026-08-10 00:08:59.215] [info]  [HASTE Agent Bot] [HQ Origin] HASTE Cloud designated via --prod launch argument.
[2026-08-10 00:08:59.221] [info]  [HASTE Agent Bot] Targeting endpoint: https://cloud.cafehaste.com
[2026-08-10 00:08:59.274] [info]  [HASTE Agent Bot] [HASTE Agent Server] Hono Gateway running on Port 8082 (Relaying to Port 8080)
[2026-08-10 00:08:59.281] [info]  [HASTE Agent Bot] [2026-08-10 00:08:59.276] [info] [HASTE Agent] Stealth Standby mode active. Waiting for remote connection requests...
[2026-08-10 00:08:59.286] [info]  [HASTE Agent Bot] [2026-08-10 00:08:59.278] [info] [HASTE Agent] [HEALTH] [RUN] (075575) : Checking Lilly Engine API (Attempt: 1/5)
[2026-08-10 00:08:59.293] [info]  [HASTE Agent Bot] [HASTE] [Step 0: HEALTH] [INFO] Starting diagnostics for local hardware and internet connectivity...
[2026-08-10 00:08:59.582] [info]  [HASTE Agent Bot] [2026-08-10 00:08:59.582] [info] [HASTE Agent] [GATEWAY] [RUN] (075575) : Waiting for Client API (Port 8080)
[2026-08-10 00:08:59.590] [debug] [api] [api] event=api.request status=started version=v2 route=GET_/v2/system/config
[2026-08-10 00:08:59.599] [info]  [HASTE Agent Bot] [2026-08-10 00:08:59.599] [info] [HASTE Agent] [GATEWAY] [OK] (075575) : Token Synchronized
[2026-08-10 00:08:59.602] [info]  [HASTE Agent Bot] [2026-08-10 00:08:59.601] [info] [HASTE Agent] [GATEWAY] [FAIL] : Tunnel Session Missing (Status Blocked)
[2026-08-10 00:08:59.604] [info]  [HASTE Agent Bot] [2026-08-10 00:08:59.602] [info] [HASTE Agent] [Client -> Cloud] [GATEWAY] [RUN] (075575) : Connecting to Signal Broker (Primary)
[2026-08-10 00:09:00.621] [info]  [HASTE Agent Bot] [2026-08-10 00:09:00.621] [info] [HASTE Agent] Security server connection initialized successfully!
[2026-08-10 00:09:00.627] [info]  [HASTE Agent Bot] Bot Tag Name: cafehaste_gateway#1981
[2026-08-10 00:09:00.631] [info]  [HASTE Agent Bot] HASTE Client API Address: http://127.0.0.1:8080
[2026-08-10 00:09:00.634] [info]  [HASTE Agent Bot] Listening for remote dashboard control commands...
[2026-08-10 00:09:03.015] [error] [coffee] [coffee] event=coffee.socket status=failed reason=open_timeout transport=ws machineName=WMF model=Lilly_(WMF) ip=192.168.10.99 port=25000
[2026-08-10 00:09:03.019] [error] [coffee] [coffee] event=coffee.socket status=failed reason=connect_failed transport=ws machineName=WMF model=Lilly_(WMF) ip=192.168.10.99 port=25000
[2026-08-10 00:09:06.658] [debug] [api] [HASTE Theme Sync] Applied local UI theme: isDark=false
[2026-08-10 00:09:06.666] [info]  [HASTE DB Save] Settings category "information" has been updated and saved to SQLite successfully.
[2026-08-10 00:09:06.714] [debug] [api] [HASTE DevTools Sync] Current window DevTools opened state: false, Target state: false
[2026-08-10 00:09:07.073] [info]  [HASTE DB Save] Settings category "information" has been updated and saved to SQLite successfully.
[2026-08-10 00:09:07.075] [info]  [HASTE DB Save] Settings category "information" has been updated and saved to SQLite successfully.
[2026-08-10 00:09:07.078] [info]  [HASTE DB Save] Settings category "information" has been updated and saved to SQLite successfully.