[2026-09-08 02:56:08.694] [error] [toss] event=order.failed status=failed stage=HARDWARE source=toss virtual=off mode=order orderId=752225587303531457 bill=752225587303531457 menuCount=2 error=HW물리검증_실패:_[752225587303531457]_[ICE_복숭아티]_주문스텝4_실패
[2026-09-08 03:00:43.586] [info]  [manual] event=order.received status=success source=manual virtual=off mode=test orderId=INSTANT-1788804043216 bill=0000 menuCount=1 mappings=[{"baseCode":"MTI5000","recipeCode":"MTI5000","matchedMenuName":"ICED_복숭아티","stepsSummary":"CUP:ICE,_ICE:6000,_COLD:145,_복숭아:60,_얼그레이:10,_NONE:NONE,_NONE:NONE,_NONE:NONE,_NONE:NONE,_NONE:NONE"}] isTestBrew=true
[2026-09-08 03:01:14.660] [error] [manual] event=order.failed status=failed stage=HARDWARE source=manual virtual=off mode=test orderId=INSTANT-1788804043216 bill=0000 menuCount=1 error=HW물리검증_실패:_[INSTANT-1788804043216]_[ICED_복숭아티]_주문스텝4_실패
[2026-09-08 03:02:26.347] [info]  [manual] event=order.received status=success source=manual virtual=off mode=test orderId=INSTANT-1788804145993 bill=0000 menuCount=1 mappings=[{"baseCode":"MDI1001","recipeCode":"MDI1001","matchedMenuName":"ICED_아메리카노(딥리치,_연하게)","stepsSummary":"CUP:ICE,_COFFEE:45,_ICE:5700,_COLD:170,_NONE:NONE,_NONE:NONE,_NONE:NONE,_NONE:NONE,_NONE:NONE,_NONE:NONE"}] isTestBrew=true
[2026-09-08 03:03:26.433] [info]  [manual] event=order.completed status=success source=manual virtual=off mode=test orderId=INSTANT-1788804145993 bill=0000 menuCount=1
[2026-09-08 03:57:42.283] [info]  [toss] event=order.completed status=success source=toss virtual=off mode=order orderId=752240785385041852 bill=752240785385041852 menuCount=2
[2026-09-08 05:44:56.085] [info]  [toss] event=order.completed status=success source=toss virtual=off mode=order orderId=752268032020027039 bill=752268032020027039 menuCount=1
[2026-09-08 06:43:19.888] [info]  [toss] event=order.completed status=success source=toss virtual=off mode=order orderId=752282745793662055 bill=752282745793662055 menuCount=1
[2026-09-08 08:51:31.584] [info]  [toss] event=order.completed status=success source=toss virtual=on mode=order orderId=752315121869499213 bill=752315121869499213 menuCount=1
[2026-09-08 08:52:03.232] [info]  [toss] event=order.completed status=success source=toss virtual=on mode=order orderId=752315246767492421 bill=752315246767492421 menuCount=1
[2026-09-08 08:52:42.022] [info]  [toss] event=order.completed status=success source=toss virtual=on mode=order orderId=752315416108318582 bill=752315416108318582 menuCount=1
[2026-09-08 08:53:10.685] [info]  [toss] event=order.completed status=success source=toss virtual=on mode=order orderId=752315541832572172 bill=752315541832572172 menuCount=1
[2026-09-08 10:25:52.870] [info]  [TOSS RAW ORDER] orderId=752338908463731504, items=[{"name":"바닐라라떼","productNo":"16642172","options":[{"optionCode":"1756058","optionName":"ICE","price":0,"quantity":1}]}]
[2026-09-08 10:25:52.877] [info]  [TOSS ITEM RESOLVED] orderId=752338908463731504, item="바닐라라떼" (16642172) | rawOptions=[{"optionCode":"1756058","optionName":"ICE","price":0,"quantity":1}] ➔ resolved="ICE 바닐라라떼 (딥리치)" (MDI2003) steps={"step1":["CUP","ICE"],"step2":["COFFEE",60],"step3":["ICE",6000],"step4":["COLD_MILK",140],"step5":["바닐라","35"]}
[2026-09-08 10:26:49.982] [info]  [toss] event=order.completed status=success source=toss virtual=off mode=order orderId=752338908463731504 bill=752338908463731504 menuCount=1
[2026-09-08 11:04:08.409] [info]  [TOSS RAW ORDER] orderId=752348535653930965, items=[{"name":"말차샷라떼","productNo":"16642179","options":[{"optionCode":"1756058","optionName":"ICE","price":0,"quantity":1}]}]
[2026-09-08 11:04:08.416] [info]  [TOSS ITEM RESOLVED] orderId=752348535653930965, item="말차샷라떼" (16642179) | rawOptions=[{"optionCode":"1756058","optionName":"ICE","price":0,"quantity":1}] ➔ resolved="ICE 말차샷라떼 (딥리치)" (MDI2013) steps={"step1":["CUP","ICE"],"step2":["COFFEE",45],"step3":["ICE","6000"],"step4":["COLD_MILK","160"],"step5":["말차","40"],"step6":["설탕","10"]}
[2026-09-08 11:05:00.107] [error] [toss] event=order.failed status=failed stage=HARDWARE source=toss virtual=off mode=order orderId=752348535653930965 bill=752348535653930965 menuCount=1 error=HW물리검증_실패:_[752348535653930965]_[ICE_말차샷라떼_(딥리치)]_주문스텝4_실패
[2026-09-08 11:06:39.645] [info]  [TOSS RAW ORDER] orderId=752349173834028600, items=[{"name":"아메리카노","productNo":"16642168","options":[{"optionCode":"1756058","optionName":"ICE","price":0,"quantity":1}]}]
[2026-09-08 11:06:39.651] [info]  [TOSS ITEM RESOLVED] orderId=752349173834028600, item="아메리카노" (16642168) | rawOptions=[{"optionCode":"1756058","optionName":"ICE","price":0,"quantity":1}] ➔ resolved="ICE 아메리카노 (딥리치)" (MDI1002) steps={"step1":["CUP","ICE"],"step2":["COFFEE",60],"step3":["ICE",6000],"step4":["COLD",155]}
[2026-09-08 11:07:21.351] [info]  [toss] event=order.completed status=success source=toss virtual=off mode=order orderId=752349173834028600 bill=752349173834028600 menuCount=1
[2026-09-08 11:09:47.447] [info]  [TOSS RAW ORDER] orderId=752349958177268682, items=[{"name":"녹차샷라떼","productNo":"16642178","options":[{"optionCode":"1756058","optionName":"ICE","price":0,"quantity":1}]}]
[2026-09-08 11:09:47.454] [info]  [TOSS ITEM RESOLVED] orderId=752349958177268682, item="녹차샷라떼" (16642178) | rawOptions=[{"optionCode":"1756058","optionName":"ICE","price":0,"quantity":1}] ➔ resolved="ICE 녹차샷라떼 (딥리치)" (MDI2012) steps={"step1":["CUP","ICE"],"step2":["COFFEE",45],"step3":["ICE","6000"],"step4":["COLD_MILK","160"],"step5":["녹차","40"],"step6":["설탕","10"]}
[2026-09-08 11:10:37.706] [error] [toss] event=order.failed status=failed stage=HARDWARE source=toss virtual=off mode=order orderId=752349958177268682 bill=752349958177268682 menuCount=1 error=HW물리검증_실패:_[752349958177268682]_[ICE_녹차샷라떼_(딥리치)]_주문스텝4_실패
[2026-09-08 11:19:22.597] [info]  [manual] event=order.received status=success source=manual virtual=off mode=test orderId=INSTANT-1788833962266 bill=0000 menuCount=1 mappings=[{"baseCode":"MDH2001","recipeCode":"MDH2001","matchedMenuName":"HOT_카페라떼(딥리치)","stepsSummary":"CUP:HOT,_COFFEE:60,_HOT_MILK:260,_NONE:NONE,_NONE:NONE,_NONE:NONE,_NONE:NONE,_NONE:NONE,_NONE:NONE,_NONE:NONE"}] isTestBrew=true
[2026-09-08 11:20:34.075] [info]  [manual] event=order.completed status=success source=manual virtual=off mode=test orderId=INSTANT-1788833962266 bill=0000 menuCount=1
[2026-09-08 11:25:06.460] [info]  [TOSS RAW ORDER] orderId=752353814160328637, items=[{"name":"아메리카노","productNo":"16642168","options":[{"optionCode":"1756058","optionName":"ICE","price":0,"quantity":1}]},{"name":"아메리카노","productNo":"16642168","options":[{"optionCode":"1756057","optionName":"HOT","price":0,"quantity":1}]}]
[2026-09-08 11:25:06.464] [info]  [TOSS ITEM RESOLVED] orderId=752353814160328637, item="아메리카노" (16642168) | rawOptions=[{"optionCode":"1756058","optionName":"ICE","price":0,"quantity":1}] ➔ resolved="ICE 아메리카노 (딥리치)" (MDI1002) steps={"step1":["CUP","ICE"],"step2":["COFFEE",60],"step3":["ICE",6000],"step4":["COLD",155]}
[2026-09-08 11:25:06.469] [info]  [TOSS ITEM RESOLVED] orderId=752353814160328637, item="아메리카노" (16642168) | rawOptions=[{"optionCode":"1756057","optionName":"HOT","price":0,"quantity":1}] ➔ resolved="HOT 아메리카노 (딥리치)" (MDH1002) steps={"step1":["CUP","HOT"],"step2":["COFFEE",60],"step3":["HOT",340]}
[2026-09-08 11:26:27.161] [info]  [toss] event=order.completed status=success source=toss virtual=off mode=order orderId=752353814160328637 bill=752353814160328637 menuCount=2
[2026-09-08 11:43:10.754] [info]  [TOSS RAW ORDER] orderId=752358362773995647, items=[{"name":"아메리카노","productNo":"MDI1002","options":[{"optionCode":"1756058","optionName":"ICE","price":0,"quantity":1},{"optionCode":"1756059","optionName":"딥리치","price":0,"quantity":1},{"optionCode":"1757867","optionName":"연하게","price":0,"quantity":1}]}]
[2026-09-08 11:43:10.760] [info]  [TOSS ITEM RESOLVED] orderId=752358362773995647, item="아메리카노" (MDI1002) | rawOptions=[{"optionCode":"1756058","optionName":"ICE","price":0,"quantity":1},{"optionCode":"1756059","optionName":"딥리치","price":0,"quantity":1},{"optionCode":"1757867","optionName":"연하게","price":0,"quantity":1}] ➔ resolved="ICE 아메리카노 (딥리치) (연하게)" (MDI1001) steps={"step1":["CUP","ICE"],"step2":["COFFEE",45],"step3":["ICE",5700],"step4":["COLD",170]}
[2026-09-08 11:43:44.242] [info]  [toss] event=order.completed status=success source=toss virtual=off mode=order orderId=752358362773995647 bill=752358362773995647 menuCount=1