[2026-08-18 12:02:35.254] [info]  [HASTE DB Load] Loaded settings from SQLite database successfully. StoreName: "김포집", StoreNo: "1012345678", ThemeMode: "Light", KioskType: "TOSS", isKioskDryRun: "false"
[2026-08-18 12:02:36.161] [info]  [app] event=app.startup status=started appVersion=3.1.3t58 packaged=false
[2026-08-18 12:02:36.575] [info]  [app] event=app.window status=success
[2026-08-18 12:02:36.650] [info]  [app] event=app.tray status=success
[2026-08-18 12:02:36.651] [info]  [app] event=updater.check status=ignored reason=store_managed_distribution
[2026-08-18 12:02:36.654] [info]  [app] event=app.ipc status=success
[2026-08-18 12:02:36.656] [info]  [app] event=task.start status=success
[2026-08-18 12:02:36.658] [debug] [api] [api] event=settings.change status=success port=8080 posStoreNo=1012345678 deviceModelId=D0000
[2026-08-18 12:02:36.667] [info]  [api] [HASTE] Found SSL Certificates at: C:\Users\김성규\Desktop\HASTE-AI\src\cafehaste-client\src\lilly-electron\resources
[2026-08-18 12:02:36.687] [info]  [api] [HASTE] Started HTTP Hono Server on port 8080 (Samsung Kiosk Mode).
[2026-08-18 12:02:36.705] [info]  [api] [HASTE] Started HTTPS Hono Server on port 8443 (Toss Kiosk Mode).
[2026-08-18 12:02:36.708] [debug] [api] [api] event=api.server status=success port=8080 host=0.0.0.0
[2026-08-18 12:02:36.710] [info]  [serialport] [serialport] event=serialport.connect status=started scope=all
[2026-08-18 12:02:36.713] [debug] [coffee] [coffee] event=settings.change status=success field=thirdpartyType value=Lilly_(WMF)
[2026-08-18 12:02:36.721] [debug] [coffee] [coffee] event=coffee.socket status=started transport=ws machineName=WMF model=Lilly_(WMF) ip=192.168.10.99 port=25000
[2026-08-18 12:02:36.729] [debug] [tollgate] [lilly-ws] event=settings.change status=success storeNo=1012345678 deviceId=00:D8:61:38:09:29
[2026-08-18 12:02:36.734] [debug] [coffee] [coffee] event=temperature.change status=success
[2026-08-18 12:02:36.737] [debug] [api] [api] event=did.callback status=ignored reason=local_did_not_open screen=temperature
[2026-08-18 12:02:36.745] [info]  [HASTE DB Save] Settings category "inventory" has been updated and saved to SQLite successfully.
[2026-08-18 12:02:36.749] [info]  [HASTE DB Save] Settings category "inventory" has been updated and saved to SQLite successfully.
[2026-08-18 12:02:36.752] [info]  [serialport] [serialport] event=serialport.connect status=started scope=all
[2026-08-18 12:02:36.761] [info]  [HASTE DB Save] Settings category "inventory" has been updated and saved to SQLite successfully.
[2026-08-18 12:02:36.763] [info]  [HASTE DB Save] Settings category "inventory" has been updated and saved to SQLite successfully.
[2026-08-18 12:02:36.765] [debug] [api] [HASTE Theme Sync] Applied local UI theme: isDark=false
[2026-08-18 12:02:36.770] [debug] [api] [api] event=did.callback status=started target=local screen=/ reason=local_api_down
[2026-08-18 12:02:36.775] [info]  [app] event=app.startup status=success message="subscriptions registered"
[2026-08-18 12:02:36.778] [debug] [task] [task] event=scheduler.change status=success routine=FOAMER_RINSING intervalSec=6000 normalizedIntervalSec=6000
[2026-08-18 12:02:36.786] [debug] [task] [task] event=scheduler.change status=success routine=WARM_RINSING intervalSec=0 normalizedIntervalSec=0
[2026-08-18 12:02:36.788] [debug] [task] [task] event=scheduler.change status=success routine=MIXER_RINSING intervalSec=0 normalizedIntervalSec=0
[2026-08-18 12:02:36.790] [debug] [task] [task] event=scheduler.change status=success routine=ERROR_CHECK intervalSec=1800 normalizedIntervalSec=1800
[2026-08-18 12:02:36.797] [debug] [task] [task] event=scheduler.change status=success routine=ICE_MAKER intervalSec=1800 normalizedIntervalSec=1800
[2026-08-18 12:02:36.800] [debug] [task] [task] event=scheduler.change status=success routine=TEMP_CHECK intervalSec=600 normalizedIntervalSec=600
[2026-08-18 12:02:36.804] [debug] [app] event=scheduler.change status=success routine=license.verify intervalSec=86400
[2026-08-18 12:02:36.805] [info]  [app] event=app.startup status=success message="schedulers registered"
[2026-08-18 12:02:36.806] [info]  [app] event=license.verify status=success state=approved storeId=1012345678
[2026-08-18 12:02:36.836] [debug] [api] [HASTE DevTools Sync] Current window DevTools opened state: false, Target state: false
[2026-08-18 12:02:37.121] [error] [serialport] [SerialPort Error] board1 (COM6): Opening COM6: File not found
[2026-08-18 12:02:37.126] [error] [serialport] [serialport] event=serialport.error status=failed reason=port_error boardName=board1 port=COM6 message="Opening COM6: File not found"
[2026-08-18 12:02:37.129] [error] [serialport] [SerialPort Error] board2 (COM7): Opening COM7: File not found
[2026-08-18 12:02:37.132] [error] [serialport] [serialport] event=serialport.error status=failed reason=port_error boardName=board2 port=COM7 message="Opening COM7: File not found"
[2026-08-18 12:02:37.135] [error] [serialport] [SerialPort Error] board1 (COM6): Opening COM6: File not found
[2026-08-18 12:02:37.138] [error] [serialport] [serialport] event=serialport.error status=failed reason=port_error boardName=board1 port=COM6 message="Opening COM6: File not found"
[2026-08-18 12:02:37.141] [error] [serialport] [SerialPort Error] board2 (COM7): Opening COM7: File not found
[2026-08-18 12:02:37.147] [error] [serialport] [serialport] event=serialport.error status=failed reason=port_error boardName=board2 port=COM7 message="Opening COM7: File not found"
[2026-08-18 12:02:41.737] [error] [coffee] [coffee] event=coffee.socket status=failed reason=open_timeout transport=ws machineName=WMF model=Lilly_(WMF) ip=192.168.10.99 port=25000
[2026-08-18 12:02:41.740] [error] [coffee] [coffee] event=coffee.socket status=failed reason=connect_failed transport=ws machineName=WMF model=Lilly_(WMF) ip=192.168.10.99 port=25000
[2026-08-18 12:02:57.836] [error] [coffee] [coffee] event=coffee.socket status=failed reason=ws_error machineName=WMF model=Lilly_(WMF) ip=192.168.10.99 port=25000 message="connect ETIMEDOUT 192.168.10.99:25000"
[2026-08-18 13:47:46.274] [info]  [HASTE DB Migration] Successfully migrated SETTINGS data from haste_client.db to lilly.db!
[2026-08-18 13:47:46.288] [info]  [HASTE DB Load] Loaded settings from SQLite database successfully. StoreName: "김포운양역점", StoreNo: "075575", ThemeMode: "Light", KioskType: "SAMSUNG", isKioskDryRun: "false"
[2026-08-18 13:47:46.864] [info]  [app] event=app.startup status=started appVersion=3.1.3t59 packaged=false
[2026-08-18 13:47:47.109] [info]  [app] event=app.window status=success
[2026-08-18 13:47:47.155] [info]  [app] event=app.tray status=success
[2026-08-18 13:47:47.157] [info]  [app] event=updater.check status=ignored reason=store_managed_distribution
[2026-08-18 13:47:47.161] [info]  [app] event=app.ipc status=success
[2026-08-18 13:47:47.177] [info]  [app] event=task.start status=success
[2026-08-18 13:47:47.179] [debug] [api] [api] event=settings.change status=success port=8080 posStoreNo=075575 deviceModelId=D0000
[2026-08-18 13:47:47.183] [info]  [api] [HASTE] Found SSL Certificates at: C:\Users\김성규\Desktop\HASTE-AI\src\cafehaste-homepage\public
[2026-08-18 13:47:47.196] [info]  [api] [HASTE] Started HTTP Hono Server on port 8080 (Samsung Kiosk Mode).
[2026-08-18 13:47:47.208] [info]  [api] [HASTE] Started HTTPS Hono Server on port 8443 (Toss Kiosk Mode).
[2026-08-18 13:47:47.211] [debug] [api] [api] event=api.server status=success port=8080 host=0.0.0.0
[2026-08-18 13:47:47.212] [info]  [serialport] [serialport] event=serialport.connect status=started scope=all
[2026-08-18 13:47:47.215] [debug] [coffee] [coffee] event=settings.change status=success field=thirdpartyType value=Lilly_(WMF)
[2026-08-18 13:47:47.218] [debug] [coffee] [coffee] event=coffee.socket status=started transport=ws machineName=WMF model=Lilly_(WMF) ip=192.168.10.138 port=25000
[2026-08-18 13:47:47.232] [debug] [coffee] [coffee] event=temperature.change status=success
[2026-08-18 13:47:47.236] [debug] [api] [api] event=did.callback status=ignored reason=local_did_not_open screen=temperature
[2026-08-18 13:47:47.244] [info]  [HASTE DB Save] Settings category "inventory" has been updated and saved to SQLite successfully.
[2026-08-18 13:47:47.247] [info]  [HASTE DB Save] Settings category "inventory" has been updated and saved to SQLite successfully.
[2026-08-18 13:47:47.249] [info]  [serialport] [serialport] event=serialport.connect status=started scope=all
[2026-08-18 13:47:47.256] [info]  [HASTE DB Save] Settings category "inventory" has been updated and saved to SQLite successfully.
[2026-08-18 13:47:47.259] [info]  [HASTE DB Save] Settings category "inventory" has been updated and saved to SQLite successfully.
[2026-08-18 13:47:47.261] [debug] [api] [HASTE Theme Sync] Applied local UI theme: isDark=false
[2026-08-18 13:47:47.265] [debug] [api] [api] event=did.callback status=started target=local screen=/ reason=local_api_down
[2026-08-18 13:47:47.271] [info]  [app] event=app.startup status=success message="subscriptions registered"
[2026-08-18 13:47:47.272] [debug] [task] [task] event=scheduler.change status=success routine=FOAMER_RINSING intervalSec=1800 normalizedIntervalSec=1800
[2026-08-18 13:47:47.279] [debug] [task] [task] event=scheduler.change status=success routine=WARM_RINSING intervalSec=0 normalizedIntervalSec=0
[2026-08-18 13:47:47.283] [debug] [task] [task] event=scheduler.change status=success routine=MIXER_RINSING intervalSec=0 normalizedIntervalSec=0
[2026-08-18 13:47:47.285] [debug] [task] [task] event=scheduler.change status=success routine=ERROR_CHECK intervalSec=600 normalizedIntervalSec=600
[2026-08-18 13:47:47.289] [debug] [task] [task] event=scheduler.change status=success routine=ICE_MAKER intervalSec=1800 normalizedIntervalSec=1800
[2026-08-18 13:47:47.291] [debug] [task] [task] event=scheduler.change status=success routine=TEMP_CHECK intervalSec=60 normalizedIntervalSec=60
[2026-08-18 13:47:47.294] [debug] [app] event=scheduler.change status=success routine=license.verify intervalSec=86400
[2026-08-18 13:47:47.298] [info]  [app] event=app.startup status=success message="schedulers registered"
[2026-08-18 13:47:47.299] [info]  [HASTE Guard] Launching Haste Agent Bot process: C:\Users\김성규\Desktop\HASTE-AI\src\cafehaste-client\haste_agent_bridge.js
[2026-08-18 13:47:47.407] [error] [serialport] [serialport] event=serialport.error status=failed reason=port_error boardName=board1 port=COM3 message="Opening COM3: File not found"
[2026-08-18 13:47:47.410] [error] [serialport] [serialport] event=serialport.error status=failed reason=port_error boardName=board1 port=COM3 message="Opening COM3: File not found"
[2026-08-18 13:47:47.415] [debug] [api] [HASTE DevTools Sync] Current window DevTools opened state: false, Target state: false
[2026-08-18 13:47:48.439] [info]  [HASTE Agent Bot] ==================================================
[2026-08-18 13:47:48.448] [info]  [HASTE Agent Bot] [HQ Origin] HASTE Cloud designated via --prod launch argument.
[2026-08-18 13:47:48.451] [info]  [HASTE Agent Bot] Targeting endpoint: https://cloud.cafehaste.com
[2026-08-18 13:47:48.453] [info]  [HASTE Agent Bot] ==================================================
[2026-08-18 13:47:48.455] [info]  [HASTE Agent Bot] [2026-08-18 13:47:48.445] [info] [HASTE Agent] [HEALTH] [RUN] () : Checking Lilly Engine API (Attempt: 1/5)
[2026-08-18 13:47:48.458] [info]  [HASTE Agent Bot] [HASTE] [Step 0: HEALTH] [INFO] Starting diagnostics for local hardware and internet connectivity...
[2026-08-18 13:47:48.745] [info]  [HASTE Agent Bot] [2026-08-18 13:47:48.744] [info] [HASTE Agent] [GATEWAY] [RUN] () : Waiting for Client API (Port 8080)
[2026-08-18 13:47:48.755] [info]  [HASTE Agent Bot] [2026-08-18 13:47:48.754] [info] [HASTE Agent] [GATEWAY] [OK] () : Token Synchronized
[2026-08-18 13:47:48.759] [info]  [HASTE Agent Bot] [2026-08-18 13:47:48.755] [info] [HASTE Agent] [GATEWAY] [FAIL] : Tunnel Session Missing (Status Blocked)
[2026-08-18 13:47:48.762] [info]  [HASTE Agent Bot] [2026-08-18 13:47:48.757] [info] [HASTE Agent] [Client -> Cloud] [GATEWAY] [RUN] () : Connecting to Signal Broker (Primary)
[2026-08-18 13:47:49.252] [debug] [api] [HASTE Theme Sync] Applied local UI theme: isDark=false
[2026-08-18 13:47:49.258] [info]  [HASTE DB Save] Settings category "information" has been updated and saved to SQLite successfully.
[2026-08-18 13:47:49.259] [info]  [app] event=license.verify status=success state=approved storeId=075575
[2026-08-18 13:47:49.306] [debug] [api] [HASTE DevTools Sync] Current window DevTools opened state: false, Target state: false
[2026-08-18 13:47:49.609] [info]  [HASTE Agent Bot] ==================================================
[2026-08-18 13:47:49.613] [info]  [HASTE Agent Bot] [2026-08-18 13:47:49.609] [info] [HASTE Agent] Security server connection initialized successfully!
[2026-08-18 13:47:49.615] [info]  [HASTE Agent Bot] Bot Tag Name: cafehaste_gateway#1981
[2026-08-18 13:47:49.617] [info]  [HASTE Agent Bot] HASTE Client API Address: http://127.0.0.1:8080
[2026-08-18 13:47:49.619] [info]  [HASTE Agent Bot] ==================================================
[2026-08-18 13:47:49.621] [info]  [HASTE Agent Bot] Listening for remote dashboard control commands...
[2026-08-18 13:47:49.624] [info]  [HASTE Agent Bot] ==================================================
[2026-08-18 13:47:52.239] [error] [coffee] [coffee] event=coffee.socket status=failed reason=open_timeout transport=ws machineName=WMF model=Lilly_(WMF) ip=192.168.10.138 port=25000
[2026-08-18 13:47:52.242] [error] [coffee] [coffee] event=coffee.socket status=failed reason=connect_failed transport=ws machineName=WMF model=Lilly_(WMF) ip=192.168.10.138 port=25000
[2026-08-18 13:48:08.412] [error] [coffee] [coffee] event=coffee.socket status=failed reason=ws_error machineName=WMF model=Lilly_(WMF) ip=192.168.10.138 port=25000 message="connect ETIMEDOUT 192.168.10.138:25000"
[2026-08-18 13:48:35.146] [info]  [HASTE Toss IPC] Fetching Toss menu list from toss_menu.db
[2026-08-18 13:48:35.156] [info]  [HASTE Toss DB Init] toss_menu.db connection established successfully at: C:\Users\김성규\AppData\Roaming\haste3.0\toss_menu.db
[2026-08-18 13:48:35.158] [info]  [HASTE Toss IPC] Fetching Toss menu list from toss_menu.db
[2026-08-18 13:49:08.248] [info]  [HASTE Toss IPC] Fetching Toss menu list from toss_menu.db
[2026-08-18 13:49:08.250] [info]  [HASTE Toss IPC] Fetching Toss menu list from toss_menu.db
[2026-08-18 13:49:46.176] [debug] [cup] [cup] event=test.cup status=started cupName=컵2
[2026-08-18 13:49:46.183] [error] [serialport] [serialport] event=serialport.send status=failed reason=not_connected boardName=board1
[2026-08-18 13:49:46.184] [error] [task] [task] event=parts.command status=failed reason=send_failed action=sensor_check boardName=board1 part=dispenserInputSensor2
[2026-08-18 13:49:46.185] [warn]  [cup] [cup] event=test.cup status=failed reason=controller_rejected cupName=컵2
[2026-08-18 13:49:46.841] [debug] [cup] [cup] event=test.cup status=started cupName=컵1
[2026-08-18 13:49:46.843] [error] [serialport] [serialport] event=serialport.send status=failed reason=not_connected boardName=board1
[2026-08-18 13:49:46.845] [error] [task] [task] event=parts.command status=failed reason=send_failed action=sensor_check boardName=board1 part=motorRotationCheckSwitch1
[2026-08-18 13:49:46.848] [warn]  [cup] [cup] event=test.cup status=failed reason=controller_rejected cupName=컵1
[2026-08-18 13:49:49.031] [debug] [cup] [cup] event=test.cup status=started cupName=컵3
[2026-08-18 13:49:49.032] [error] [serialport] [serialport] event=serialport.send status=failed reason=not_connected boardName=board1
[2026-08-18 13:49:49.033] [error] [task] [task] event=parts.command status=failed reason=send_failed action=sensor_check boardName=board1 part=dispenserInputSensor4
[2026-08-18 13:49:49.034] [warn]  [cup] [cup] event=test.cup status=failed reason=controller_rejected cupName=컵3
[2026-08-18 13:49:49.460] [debug] [cup] [cup] event=test.cup status=started cupName=컵4
[2026-08-18 13:49:49.462] [error] [serialport] [serialport] event=serialport.send status=failed reason=not_connected boardName=board1
[2026-08-18 13:49:49.465] [error] [task] [task] event=parts.command status=failed reason=send_failed action=sensor_check boardName=board1 part=dispenserInputSensor4
[2026-08-18 13:49:49.467] [warn]  [cup] [cup] event=test.cup status=failed reason=controller_rejected cupName=컵4
[2026-08-18 13:49:52.098] [info]  [HASTE Toss IPC] Fetching Toss menu list from toss_menu.db
[2026-08-18 13:49:52.099] [info]  [HASTE Toss IPC] Fetching Toss menu list from toss_menu.db
[2026-08-18 13:51:23.170] [info]  [HASTE Shutdown] Releasing all serial ports...
[2026-08-18 13:51:23.170] [info]  [HASTE Shutdown] Killing embedded Haste Agent Bot...
[2026-08-18 13:51:23.171] [info]  [app] event=app.shutdown status=started
[2026-08-18 13:51:23.207] [warn]  [HASTE Guard] Haste Agent Bot exited (code: null, signal: SIGTERM)
[2026-08-18 13:52:00.415] [info]  [HASTE DB Load] Loaded settings from SQLite database successfully. StoreName: "김포운양역점", StoreNo: "075575", ThemeMode: "Light", KioskType: "SAMSUNG", isKioskDryRun: "false"
[2026-08-18 13:52:00.814] [info]  [app] event=app.startup status=started appVersion=3.1.3t59 packaged=false
[2026-08-18 13:52:00.877] [info]  [app] event=app.window status=success
[2026-08-18 13:52:00.904] [info]  [app] event=app.tray status=success
[2026-08-18 13:52:00.905] [info]  [app] event=updater.check status=ignored reason=store_managed_distribution
[2026-08-18 13:52:00.908] [info]  [app] event=app.ipc status=success
[2026-08-18 13:52:00.911] [info]  [app] event=task.start status=success
[2026-08-18 13:52:00.913] [debug] [api] [api] event=settings.change status=success port=8080 posStoreNo=075575 deviceModelId=D0000
[2026-08-18 13:52:00.917] [info]  [api] [HASTE] Found SSL Certificates at: C:\Users\김성규\Desktop\HASTE-AI\src\cafehaste-homepage\public
[2026-08-18 13:52:00.930] [info]  [api] [HASTE] Started HTTP Hono Server on port 8080 (Samsung Kiosk Mode).
[2026-08-18 13:52:00.935] [info]  [api] [HASTE] Started HTTPS Hono Server on port 8443 (Toss Kiosk Mode).
[2026-08-18 13:52:00.937] [debug] [api] [api] event=api.server status=success port=8080 host=0.0.0.0
[2026-08-18 13:52:00.939] [info]  [serialport] [serialport] event=serialport.connect status=started scope=all
[2026-08-18 13:52:00.942] [debug] [coffee] [coffee] event=settings.change status=success field=thirdpartyType value=Lilly_(WMF)
[2026-08-18 13:52:00.947] [debug] [coffee] [coffee] event=coffee.socket status=started transport=ws machineName=WMF model=Lilly_(WMF) ip=192.168.10.138 port=25000
[2026-08-18 13:52:00.956] [debug] [coffee] [coffee] event=temperature.change status=success
[2026-08-18 13:52:00.958] [debug] [api] [api] event=did.callback status=ignored reason=local_did_not_open screen=temperature
[2026-08-18 13:52:00.967] [info]  [HASTE DB Save] Settings category "inventory" has been updated and saved to SQLite successfully.
[2026-08-18 13:52:00.969] [info]  [HASTE DB Save] Settings category "inventory" has been updated and saved to SQLite successfully.
[2026-08-18 13:52:00.971] [info]  [serialport] [serialport] event=serialport.connect status=started scope=all
[2026-08-18 13:52:00.975] [info]  [HASTE DB Save] Settings category "inventory" has been updated and saved to SQLite successfully.
[2026-08-18 13:52:00.980] [info]  [HASTE DB Save] Settings category "inventory" has been updated and saved to SQLite successfully.
[2026-08-18 13:52:00.982] [debug] [api] [HASTE Theme Sync] Applied local UI theme: isDark=false
[2026-08-18 13:52:00.985] [debug] [api] [api] event=did.callback status=started target=local screen=/ reason=local_api_down
[2026-08-18 13:52:00.988] [info]  [app] event=app.startup status=success message="subscriptions registered"
[2026-08-18 13:52:00.989] [debug] [task] [task] event=scheduler.change status=success routine=FOAMER_RINSING intervalSec=1800 normalizedIntervalSec=1800
[2026-08-18 13:52:00.995] [debug] [task] [task] event=scheduler.change status=success routine=WARM_RINSING intervalSec=0 normalizedIntervalSec=0
[2026-08-18 13:52:00.997] [debug] [task] [task] event=scheduler.change status=success routine=MIXER_RINSING intervalSec=0 normalizedIntervalSec=0
[2026-08-18 13:52:00.999] [debug] [task] [task] event=scheduler.change status=success routine=ERROR_CHECK intervalSec=600 normalizedIntervalSec=600
[2026-08-18 13:52:01.001] [debug] [task] [task] event=scheduler.change status=success routine=ICE_MAKER intervalSec=1800 normalizedIntervalSec=1800
[2026-08-18 13:52:01.002] [debug] [task] [task] event=scheduler.change status=success routine=TEMP_CHECK intervalSec=60 normalizedIntervalSec=60
[2026-08-18 13:52:01.004] [debug] [app] event=scheduler.change status=success routine=license.verify intervalSec=86400
[2026-08-18 13:52:01.005] [info]  [app] event=app.startup status=success message="schedulers registered"
[2026-08-18 13:52:01.006] [info]  [HASTE Guard] Launching Haste Agent Bot process: C:\Users\김성규\Desktop\HASTE-AI\src\cafehaste-client\haste_agent_bridge.js
[2026-08-18 13:52:01.030] [info]  [app] event=license.verify status=success state=approved storeId=075575
[2026-08-18 13:52:01.056] [error] [serialport] [serialport] event=serialport.error status=failed reason=port_error boardName=board1 port=COM3 message="Opening COM3: File not found"
[2026-08-18 13:52:01.061] [error] [serialport] [serialport] event=serialport.error status=failed reason=port_error boardName=board1 port=COM3 message="Opening COM3: File not found"
[2026-08-18 13:52:01.064] [debug] [api] [HASTE DevTools Sync] Current window DevTools opened state: false, Target state: false
[2026-08-18 13:52:02.128] [info]  [HASTE Agent Bot] ==================================================
[2026-08-18 13:52:02.134] [info]  [HASTE Agent Bot] [HQ Origin] HASTE Cloud designated via --prod launch argument.
[2026-08-18 13:52:02.137] [info]  [HASTE Agent Bot] Targeting endpoint: https://cloud.cafehaste.com
[2026-08-18 13:52:02.140] [info]  [HASTE Agent Bot] ==================================================
[2026-08-18 13:52:02.143] [info]  [HASTE Agent Bot] [2026-08-18 13:52:02.134] [info] [HASTE Agent] [HEALTH] [RUN] () : Checking Lilly Engine API (Attempt: 1/5)
[2026-08-18 13:52:02.148] [info]  [HASTE Agent Bot] [HASTE] [Step 0: HEALTH] [INFO] Starting diagnostics for local hardware and internet connectivity...
[2026-08-18 13:52:02.422] [info]  [HASTE Agent Bot] [2026-08-18 13:52:02.421] [info] [HASTE Agent] [GATEWAY] [RUN] () : Waiting for Client API (Port 8080)
[2026-08-18 13:52:02.436] [info]  [HASTE Agent Bot] [2026-08-18 13:52:02.435] [info] [HASTE Agent] [GATEWAY] [OK] () : Token Synchronized
[2026-08-18 13:52:02.439] [info]  [HASTE Agent Bot] [2026-08-18 13:52:02.437] [info] [HASTE Agent] [GATEWAY] [FAIL] : Tunnel Session Missing (Status Blocked)
[2026-08-18 13:52:02.442] [info]  [HASTE Agent Bot] [2026-08-18 13:52:02.438] [info] [HASTE Agent] [Client -> Cloud] [GATEWAY] [RUN] () : Connecting to Signal Broker (Primary)
[2026-08-18 13:52:03.768] [info]  [HASTE Agent Bot] ==================================================
[2026-08-18 13:52:03.773] [info]  [HASTE Agent Bot] [2026-08-18 13:52:03.768] [info] [HASTE Agent] Security server connection initialized successfully!
[2026-08-18 13:52:03.776] [info]  [HASTE Agent Bot] Bot Tag Name: cafehaste_gateway#1981
[2026-08-18 13:52:03.779] [info]  [HASTE Agent Bot] HASTE Client API Address: http://127.0.0.1:8080
[2026-08-18 13:52:03.781] [info]  [HASTE Agent Bot] ==================================================
[2026-08-18 13:52:03.783] [info]  [HASTE Agent Bot] Listening for remote dashboard control commands...
[2026-08-18 13:52:03.788] [info]  [HASTE Agent Bot] ==================================================
[2026-08-18 13:52:05.956] [error] [coffee] [coffee] event=coffee.socket status=failed reason=open_timeout transport=ws machineName=WMF model=Lilly_(WMF) ip=192.168.10.138 port=25000
[2026-08-18 13:52:05.962] [error] [coffee] [coffee] event=coffee.socket status=failed reason=connect_failed transport=ws machineName=WMF model=Lilly_(WMF) ip=192.168.10.138 port=25000
[2026-08-18 13:52:22.084] [error] [coffee] [coffee] event=coffee.socket status=failed reason=ws_error machineName=WMF model=Lilly_(WMF) ip=192.168.10.138 port=25000 message="connect ETIMEDOUT 192.168.10.138:25000"
[2026-08-18 13:52:46.865] [info]  [task] [HASTE Recipes Simulate] Fetching Tollgate recipes package for storeNo: "075575"...
[2026-08-18 13:53:24.110] [info]  [task] [HASTE Recipes Commit] Initiating database recipe-only restoration...
[2026-08-18 13:53:24.113] [info]  [HASTE Raw Restore] Initiating raw database restoration from path: WS Packet
[2026-08-18 13:53:24.114] [info]  [HASTE Restore] Merged valid fallback steps into empty menu: "HOT (D) 아메리카노 MV" (E0000265)
[2026-08-18 13:53:24.115] [info]  [HASTE Restore] Merged valid fallback steps into empty menu: "ICED (D) 아메리카노 MV" (E0000266)
[2026-08-18 13:53:24.116] [info]  [HASTE Restore] Merged valid fallback steps into empty menu: "HOT (D)아메리카노(설탕) MV" (E0000383)
[2026-08-18 13:53:24.117] [info]  [HASTE Restore] Merged valid fallback steps into empty menu: "ICED (D)아메리카노(설탕) MV" (E0000384)
[2026-08-18 13:53:24.118] [info]  [HASTE Restore] Merged valid fallback steps into empty menu: "HOT (D)아메리카노(헤이즐넛) MV" (E0000385)
[2026-08-18 13:53:24.119] [info]  [HASTE Restore] Merged valid fallback steps into empty menu: "ICED (D)아메리카노(헤이즐넛) MV" (E0000386)
[2026-08-18 13:53:24.120] [info]  [HASTE Restore] Merged valid fallback steps into empty menu: "HOT (D) 카페라떼 MV" (E0000269)
[2026-08-18 13:53:24.121] [info]  [HASTE Restore] Merged valid fallback steps into empty menu: "ICED (D) 카페라떼 MV" (E0000270)
[2026-08-18 13:53:24.122] [info]  [HASTE Restore] Merged valid fallback steps into empty menu: "HOT (D)카페라떼(설탕) MV" (E0000389)
[2026-08-18 13:53:24.122] [info]  [HASTE Restore] Merged valid fallback steps into empty menu: "ICED (D)카페라떼(설탕) MV" (E0000390)
[2026-08-18 13:53:24.123] [info]  [HASTE Restore] Merged valid fallback steps into empty menu: "HOT (D) 카페모카 MV" (E0000319)
[2026-08-18 13:53:24.130] [info]  [HASTE Restore] Merged valid fallback steps into empty menu: "ICED (D) 카페모카 MV" (E0000320)
[2026-08-18 13:53:24.130] [info]  [HASTE Restore] Merged valid fallback steps into empty menu: "HOT (D) 바닐라라떼 MV" (E0000335)
[2026-08-18 13:53:24.136] [info]  [HASTE Restore] Merged valid fallback steps into empty menu: "ICED (D) 바닐라라떼 MV" (E0000336)
[2026-08-18 13:53:24.138] [info]  [HASTE Restore] Merged valid fallback steps into empty menu: "HOT (D) 헤이즐넛라떼 MV" (E0000343)
[2026-08-18 13:53:24.150] [info]  [HASTE Restore] Merged valid fallback steps into empty menu: "ICED (D) 헤이즐넛라떼 MV" (E0000344)
[2026-08-18 13:53:24.152] [info]  [HASTE Restore] Merged valid fallback steps into empty menu: "HOT (D) 빠샷추 MV" (E0000367)
[2026-08-18 13:53:24.156] [info]  [HASTE Restore] Merged valid fallback steps into empty menu: "ICED (D) 빠샷추 MV" (E0000368)
[2026-08-18 13:53:24.156] [info]  [HASTE Restore] Merged valid fallback steps into empty menu: "ICED (D) 아샷추 MV" (E0000372)
[2026-08-18 13:53:24.157] [info]  [HASTE Restore] Merged valid fallback steps into empty menu: "HOT 에스프레소 도피오" (E0000262)
[2026-08-18 13:53:24.158] [info]  [HASTE Restore] Merged valid fallback steps into empty menu: "HOT 카페라떼 연하게 MV" (E0000254)
[2026-08-18 13:53:24.159] [info]  [HASTE Restore] Merged valid fallback steps into empty menu: "ICED 카페라떼 연하게 MV" (E0000255)
[2026-08-18 13:53:24.161] [info]  [HASTE Restore] Merged valid fallback steps into empty menu: "온수 MV" (E0009997)
[2026-08-18 13:53:24.164] [info]  [HASTE Restore] Merged valid fallback steps into empty menu: "냉수 MV" (E0009996)
[2026-08-18 13:53:24.165] [info]  [HASTE Restore] Merged valid fallback steps into empty menu: "HOT 우유 MV" (E0009993)
[2026-08-18 13:53:24.165] [info]  [HASTE Restore] Merged valid fallback steps into empty menu: "HOT (D) 에스프레소도피오" (E0000378)
[2026-08-18 13:53:24.166] [info]  [HASTE Restore] Merged valid fallback steps into empty menu: "세트A MV" (E0000561)
[2026-08-18 13:53:24.167] [info]  [HASTE Restore] Merged valid fallback steps into empty menu: "세트B MV" (E0000562)
[2026-08-18 13:53:24.168] [info]  [HASTE Restore] Merged valid fallback steps into empty menu: "세트C MV" (E0000563)
[2026-08-18 13:53:24.170] [info]  [HASTE Restore] Merged valid fallback steps into empty menu: "세트D MV" (E0000564)
[2026-08-18 13:53:24.170] [info]  [HASTE Restore] Merged valid fallback steps into empty menu: "세트E MV" (E0000565)
[2026-08-18 13:53:24.171] [info]  [HASTE Restore] Merged valid fallback steps into empty menu: "HOT (D) 군고구마샷라떼 MV" (E0000589)
[2026-08-18 13:53:24.172] [info]  [HASTE Restore] Merged valid fallback steps into empty menu: "ICED (D) 군고구마샷라떼 MV" (E0000590)
[2026-08-18 13:53:24.173] [info]  [HASTE Restore] Merged valid fallback steps into empty menu: "HOT (D) 카라멜마끼아또 MV" (E0000327)
[2026-08-18 13:53:24.174] [info]  [HASTE Restore] Merged valid fallback steps into empty menu: "ICED (D) 카라멜마끼아또 MV" (E0000328)
[2026-08-18 13:53:24.174] [info]  [HASTE Restore] Merged valid fallback steps into empty menu: "ICED 더블아샷추 MV" (E0000567)
[2026-08-18 13:53:24.175] [info]  [HASTE Restore] Merged valid fallback steps into empty menu: "ICED (D) 더블아샷추 MV" (E0000636)
[2026-08-18 13:53:24.180] [info]  [HASTE Restore] Merged valid fallback steps into empty menu: "HOT (D) 민트샷라떼 MV" (E0000552)
[2026-08-18 13:53:24.181] [info]  [HASTE Restore] Merged valid fallback steps into empty menu: "ICED (D) 민트샷라떼 MV" (E0000553)
[2026-08-18 13:53:24.182] [info]  [HASTE Restore] Merged valid fallback steps into empty menu: "HOT (D) 그샷추 MV" (E0000359)
[2026-08-18 13:53:24.182] [info]  [HASTE Restore] Merged valid fallback steps into empty menu: "ICED (D) 그샷추 MV" (E0000360)
[2026-08-18 13:53:24.183] [info]  [HASTE Restore] Merged valid fallback steps into empty menu: "HOT (D) 공주밤프레소 MV" (E0000695)
[2026-08-18 13:53:24.184] [info]  [HASTE Restore] Merged valid fallback steps into empty menu: "ICED (D) 공주밤프레소 MV" (E0000697)
[2026-08-18 13:53:24.185] [info]  [HASTE Restore] Merged valid fallback steps into empty menu: "HOT 슈크림라떼 MV" (E0000700)
[2026-08-18 13:53:24.186] [info]  [HASTE Restore] Merged valid fallback steps into empty menu: "ICED 슈크림라떼 MV" (E0000703)
[2026-08-18 13:53:24.186] [info]  [HASTE Restore] Merged valid fallback steps into empty menu: "HOT 얼그레이슈크림 MV" (E0000706)
[2026-08-18 13:53:24.187] [info]  [HASTE Restore] Merged valid fallback steps into empty menu: "ICED 얼그레이슈크림 MV" (E0000708)
[2026-08-18 13:53:24.188] [info]  [HASTE Restore] Merged valid fallback steps into empty menu: "HOT 딸기슈크림 MV" (E0000716)
[2026-08-18 13:53:24.189] [info]  [HASTE Restore] Merged valid fallback steps into empty menu: "ICED 딸기슈크림 MV" (E0000718)
[2026-08-18 13:53:24.190] [info]  [HASTE Restore] Merged valid fallback steps into empty menu: "HOT 슈크림프레소 MV" (E0000711)
[2026-08-18 13:53:24.191] [info]  [HASTE Restore] Merged valid fallback steps into empty menu: "ICED 슈크림프레소 MV" (E0000713)
[2026-08-18 13:53:24.195] [info]  [HASTE Restore] Merged valid fallback steps into empty menu: "HOT (D) 슈크림프레소 MV" (E0000726)
[2026-08-18 13:53:24.196] [info]  [HASTE Restore] Merged valid fallback steps into empty menu: "ICED (D) 슈크림프레소 MV" (E0000728)
[2026-08-18 13:53:24.197] [info]  [HASTE Restore] Merged valid fallback steps into empty menu: "HOT (P) 카페모카 MV" (E0000317)
[2026-08-18 13:53:24.198] [info]  [HASTE Restore] Merged valid fallback steps into empty menu: "ICED (P) 카페모카 MV" (E0000318)
[2026-08-18 13:53:24.198] [info]  [HASTE Restore] Merged valid fallback steps into empty menu: "HOT (P) 바닐라라떼 MV" (E0000333)
[2026-08-18 13:53:24.199] [info]  [HASTE Restore] Merged valid fallback steps into empty menu: "ICED (P) 아샷추 MV" (E0000370)
[2026-08-18 13:53:24.200] [info]  [HASTE Restore] Merged valid fallback steps into empty menu: "HOT (P) 빠샷추 MV" (E0000365)
[2026-08-18 13:53:24.201] [info]  [HASTE Restore] Merged valid fallback steps into empty menu: "ICED (P) 빠샷추 MV" (E0000366)
[2026-08-18 13:53:24.202] [info]  [HASTE Restore] Merged valid fallback steps into empty menu: "HOT (P) 그샷추 MV" (E0000357)
[2026-08-18 13:53:24.202] [info]  [HASTE Restore] Merged valid fallback steps into empty menu: "ICED (P) 그샷추 MV" (E0000358)
[2026-08-18 13:53:24.203] [info]  [HASTE Restore] Merged valid fallback steps into empty menu: "HOT (P) 슈크림프레소 MV" (E0000721)
[2026-08-18 13:53:24.204] [info]  [HASTE Restore] Merged valid fallback steps into empty menu: "ICED (P) 슈크림프레소 MV" (E0000723)
[2026-08-18 13:53:24.205] [info]  [HASTE Restore] Merged valid fallback steps into empty menu: "HOT (P) 카페라떼 연하게 MV" (E0000258)
[2026-08-18 13:53:24.206] [info]  [HASTE Restore] Merged valid fallback steps into empty menu: "ICED (P) 카페라떼 연하게 MV" (E0000259)
[2026-08-18 13:53:24.217] [info]  [HASTE DB Save] Settings category "menu" has been updated and saved to SQLite successfully.
[2026-08-18 13:53:24.224] [info]  [HASTE DB Save] Settings category "product" has been updated and saved to SQLite successfully.
[2026-08-18 13:53:24.228] [info]  [HASTE DB Save] Settings category "menu" has been updated and saved to SQLite successfully.
[2026-08-18 13:53:24.232] [info]  [HASTE DB Save] Settings category "product" has been updated and saved to SQLite successfully.
[2026-08-18 13:53:24.235] [info]  [HASTE DB Sync] Reloading memory settingsStore from SQLite database...
[2026-08-18 13:53:24.243] [info]  [HASTE DB Load] Loaded settings from SQLite database successfully. StoreName: "김포운양역점", StoreNo: "075575", ThemeMode: "Light", KioskType: "SAMSUNG", isKioskDryRun: "false"
[2026-08-18 13:53:24.257] [info]  [HASTE Restore] Local SQLite DB (menu_item) auto-synced from Tollgate restore payload successfully.
[2026-08-18 13:53:24.257] [info]  [HASTE Raw Restore] Database raw restore applied successfully.
[2026-08-18 13:53:24.258] [info]  [HASTE DB Sync] Reloading memory settingsStore from SQLite database...
[2026-08-18 13:53:24.265] [info]  [HASTE DB Load] Loaded settings from SQLite database successfully. StoreName: "김포운양역점", StoreNo: "075575", ThemeMode: "Light", KioskType: "SAMSUNG", isKioskDryRun: "false"
[2026-08-18 13:53:25.186] [info]  [task] [HASTE Auto-Backup] Settings auto-backup slot rotation completed successfully.
[2026-08-18 13:53:25.189] [info]  [task] [HASTE Recipes Commit] Database recipes successfully updated.
[2026-08-18 13:53:25.206] [info]  [HASTE DB Save] Settings category "information" has been updated and saved to SQLite successfully.
[2026-08-18 13:53:25.209] [info]  [HASTE DB Save] Settings category "information" has been updated and saved to SQLite successfully.
[2026-08-18 13:53:25.212] [info]  [HASTE DB Save] Settings category "information" has been updated and saved to SQLite successfully.
[2026-08-18 13:53:25.281] [error] [task] [HASTE Single Correct Error] 해당 상품 번호의 메뉴를 찾을 수 없습니다.
[2026-08-18 13:53:25.286] [error] [Client] [POS_SYNC] [IMPORT_FAIL] : 가져올 키오스크 상품 번호가 전달되지 않았습니다.
[2026-08-18 13:53:25.302] [info]  [HASTE DB Save] Settings category "menu" has been updated and saved to SQLite successfully.
[2026-08-18 13:53:25.304] [info]  [HASTE DB Save] Settings category "product" has been updated and saved to SQLite successfully.
[2026-08-18 13:53:25.306] [info]  [HASTE DB Sync] Reloading memory settingsStore from SQLite database...
[2026-08-18 13:53:25.308] [info]  [HASTE DB Load] Loaded settings from SQLite database successfully. StoreName: "김포운양역점", StoreNo: "075575", ThemeMode: "Light", KioskType: "SAMSUNG", isKioskDryRun: "false"
[2026-08-18 13:53:25.311] [info]  [HASTE] Successfully cloned 240 kiosk items to local SQLite DB & store!
[2026-08-18 13:53:25.419] [info]  [HASTE DB Save] Settings category "information" has been updated and saved to SQLite successfully.
[2026-08-18 13:53:38.919] [info]  [HASTE Shutdown] Releasing all serial ports...
[2026-08-18 13:53:38.920] [info]  [HASTE Shutdown] Killing embedded Haste Agent Bot...
[2026-08-18 13:53:38.922] [info]  [app] event=app.shutdown status=started
[2026-08-18 13:53:38.946] [warn]  [HASTE Guard] Haste Agent Bot exited (code: null, signal: SIGTERM)
[2026-08-18 13:53:51.282] [info]  [HASTE DB Load] Loaded settings from SQLite database successfully. StoreName: "김포운양역점", StoreNo: "075575", ThemeMode: "Light", KioskType: "SAMSUNG", isKioskDryRun: "false"
[2026-08-18 13:53:51.686] [info]  [app] event=app.startup status=started appVersion=3.1.3t59 packaged=false
[2026-08-18 13:53:51.749] [info]  [app] event=app.window status=success
[2026-08-18 13:53:51.800] [info]  [app] event=app.tray status=success
[2026-08-18 13:53:51.801] [info]  [app] event=updater.check status=ignored reason=store_managed_distribution
[2026-08-18 13:53:51.804] [info]  [app] event=app.ipc status=success
[2026-08-18 13:53:51.806] [info]  [app] event=task.start status=success
[2026-08-18 13:53:51.808] [debug] [api] [api] event=settings.change status=success port=8080 posStoreNo=075575 deviceModelId=D0000
[2026-08-18 13:53:51.813] [info]  [api] [HASTE] Found SSL Certificates at: C:\Users\김성규\Desktop\HASTE-AI\src\cafehaste-homepage\public
[2026-08-18 13:53:51.823] [info]  [api] [HASTE] Started HTTP Hono Server on port 8080 (Samsung Kiosk Mode).
[2026-08-18 13:53:51.829] [info]  [api] [HASTE] Started HTTPS Hono Server on port 8443 (Toss Kiosk Mode).
[2026-08-18 13:53:51.832] [debug] [api] [api] event=api.server status=success port=8080 host=0.0.0.0
[2026-08-18 13:53:51.834] [info]  [serialport] [serialport] event=serialport.connect status=started scope=all
[2026-08-18 13:53:51.836] [debug] [coffee] [coffee] event=settings.change status=success field=thirdpartyType value=Lilly_(WMF)
[2026-08-18 13:53:51.839] [debug] [coffee] [coffee] event=coffee.socket status=started transport=ws machineName=WMF model=Lilly_(WMF) ip=192.168.10.138 port=25000
[2026-08-18 13:53:51.851] [debug] [coffee] [coffee] event=temperature.change status=success
[2026-08-18 13:53:51.853] [debug] [api] [api] event=did.callback status=ignored reason=local_did_not_open screen=temperature
[2026-08-18 13:53:51.858] [info]  [HASTE DB Save] Settings category "inventory" has been updated and saved to SQLite successfully.
[2026-08-18 13:53:51.863] [info]  [HASTE DB Save] Settings category "inventory" has been updated and saved to SQLite successfully.
[2026-08-18 13:53:51.865] [info]  [serialport] [serialport] event=serialport.connect status=started scope=all
[2026-08-18 13:53:51.868] [info]  [HASTE DB Save] Settings category "inventory" has been updated and saved to SQLite successfully.
[2026-08-18 13:53:51.870] [info]  [HASTE DB Save] Settings category "inventory" has been updated and saved to SQLite successfully.
[2026-08-18 13:53:51.873] [debug] [api] [HASTE Theme Sync] Applied local UI theme: isDark=false
[2026-08-18 13:53:51.875] [debug] [api] [api] event=did.callback status=started target=local screen=/ reason=local_api_down
[2026-08-18 13:53:51.879] [info]  [app] event=app.startup status=success message="subscriptions registered"
[2026-08-18 13:53:51.880] [debug] [task] [task] event=scheduler.change status=success routine=FOAMER_RINSING intervalSec=1800 normalizedIntervalSec=1800
[2026-08-18 13:53:51.884] [debug] [task] [task] event=scheduler.change status=success routine=WARM_RINSING intervalSec=0 normalizedIntervalSec=0
[2026-08-18 13:53:51.890] [debug] [task] [task] event=scheduler.change status=success routine=MIXER_RINSING intervalSec=0 normalizedIntervalSec=0
[2026-08-18 13:53:51.891] [debug] [task] [task] event=scheduler.change status=success routine=ERROR_CHECK intervalSec=600 normalizedIntervalSec=600
[2026-08-18 13:53:51.895] [debug] [task] [task] event=scheduler.change status=success routine=ICE_MAKER intervalSec=1800 normalizedIntervalSec=1800
[2026-08-18 13:53:51.898] [debug] [task] [task] event=scheduler.change status=success routine=TEMP_CHECK intervalSec=60 normalizedIntervalSec=60
[2026-08-18 13:53:51.900] [debug] [app] event=scheduler.change status=success routine=license.verify intervalSec=86400
[2026-08-18 13:53:51.901] [info]  [app] event=app.startup status=success message="schedulers registered"
[2026-08-18 13:53:51.904] [info]  [HASTE Guard] Launching Haste Agent Bot process: C:\Users\김성규\Desktop\HASTE-AI\src\cafehaste-client\haste_agent_bridge.js
[2026-08-18 13:53:51.922] [info]  [app] event=license.verify status=success state=approved storeId=075575
[2026-08-18 13:53:51.949] [error] [serialport] [serialport] event=serialport.error status=failed reason=port_error boardName=board1 port=COM3 message="Opening COM3: File not found"
[2026-08-18 13:53:51.952] [error] [serialport] [serialport] event=serialport.error status=failed reason=port_error boardName=board1 port=COM3 message="Opening COM3: File not found"
[2026-08-18 13:53:51.955] [debug] [api] [HASTE DevTools Sync] Current window DevTools opened state: false, Target state: false
[2026-08-18 13:53:52.889] [info]  [HASTE Agent Bot] ==================================================
[2026-08-18 13:53:52.895] [info]  [HASTE Agent Bot] [HQ Origin] HASTE Cloud designated via --prod launch argument.
[2026-08-18 13:53:52.898] [info]  [HASTE Agent Bot] Targeting endpoint: https://cloud.cafehaste.com
[2026-08-18 13:53:52.901] [info]  [HASTE Agent Bot] ==================================================
[2026-08-18 13:53:52.907] [info]  [HASTE Agent Bot] [2026-08-18 13:53:52.894] [info] [HASTE Agent] [HEALTH] [RUN] () : Checking Lilly Engine API (Attempt: 1/5)
[2026-08-18 13:53:52.912] [info]  [HASTE Agent Bot] [HASTE] [Step 0: HEALTH] [INFO] Starting diagnostics for local hardware and internet connectivity...
[2026-08-18 13:53:53.183] [info]  [HASTE Agent Bot] [2026-08-18 13:53:53.183] [info] [HASTE Agent] [GATEWAY] [RUN] () : Waiting for Client API (Port 8080)
[2026-08-18 13:53:53.198] [info]  [HASTE Agent Bot] [2026-08-18 13:53:53.197] [info] [HASTE Agent] [GATEWAY] [OK] () : Token Synchronized
[2026-08-18 13:53:53.203] [info]  [HASTE Agent Bot] [2026-08-18 13:53:53.198] [info] [HASTE Agent] [GATEWAY] [FAIL] : Tunnel Session Missing (Status Blocked)
[2026-08-18 13:53:53.208] [info]  [HASTE Agent Bot] [2026-08-18 13:53:53.199] [info] [HASTE Agent] [Client -> Cloud] [GATEWAY] [RUN] () : Connecting to Signal Broker (Primary)
[2026-08-18 13:53:54.708] [info]  [HASTE Agent Bot] ==================================================
[2026-08-18 13:53:54.716] [info]  [HASTE Agent Bot] [2026-08-18 13:53:54.709] [info] [HASTE Agent] Security server connection initialized successfully!
[2026-08-18 13:53:54.720] [info]  [HASTE Agent Bot] Bot Tag Name: cafehaste_gateway#1981
[2026-08-18 13:53:54.723] [info]  [HASTE Agent Bot] HASTE Client API Address: http://127.0.0.1:8080
[2026-08-18 13:53:54.727] [info]  [HASTE Agent Bot] ==================================================
[2026-08-18 13:53:54.729] [info]  [HASTE Agent Bot] Listening for remote dashboard control commands...
[2026-08-18 13:53:54.732] [info]  [HASTE Agent Bot] ==================================================
[2026-08-18 13:53:56.846] [error] [coffee] [coffee] event=coffee.socket status=failed reason=open_timeout transport=ws machineName=WMF model=Lilly_(WMF) ip=192.168.10.138 port=25000
[2026-08-18 13:53:56.848] [error] [coffee] [coffee] event=coffee.socket status=failed reason=connect_failed transport=ws machineName=WMF model=Lilly_(WMF) ip=192.168.10.138 port=25000
[2026-08-18 13:54:12.987] [error] [coffee] [coffee] event=coffee.socket status=failed reason=ws_error machineName=WMF model=Lilly_(WMF) ip=192.168.10.138 port=25000 message="connect ETIMEDOUT 192.168.10.138:25000"
[2026-08-18 13:54:49.108] [info]  [HASTE Shutdown] Releasing all serial ports...
[2026-08-18 13:54:49.109] [info]  [HASTE Shutdown] Killing embedded Haste Agent Bot...
[2026-08-18 13:54:49.110] [info]  [app] event=app.shutdown status=started
[2026-08-18 13:54:49.137] [warn]  [HASTE Guard] Haste Agent Bot exited (code: null, signal: SIGTERM)
[2026-08-18 13:55:04.637] [info]  [HASTE DB Load] Loaded settings from SQLite database successfully. StoreName: "김포운양역점", StoreNo: "075575", ThemeMode: "Light", KioskType: "SAMSUNG", isKioskDryRun: "false"
[2026-08-18 13:55:05.039] [info]  [app] event=app.startup status=started appVersion=3.1.3t59 packaged=false
[2026-08-18 13:55:05.104] [info]  [app] event=app.window status=success
[2026-08-18 13:55:05.129] [info]  [app] event=app.tray status=success
[2026-08-18 13:55:05.130] [info]  [app] event=updater.check status=ignored reason=store_managed_distribution
[2026-08-18 13:55:05.132] [info]  [app] event=app.ipc status=success
[2026-08-18 13:55:05.135] [info]  [app] event=task.start status=success
[2026-08-18 13:55:05.136] [debug] [api] [api] event=settings.change status=success port=8080 posStoreNo=075575 deviceModelId=D0000
[2026-08-18 13:55:05.142] [info]  [api] [HASTE] Found SSL Certificates at: C:\Users\김성규\Desktop\HASTE-AI\src\cafehaste-homepage\public
[2026-08-18 13:55:05.156] [info]  [api] [HASTE] Started HTTP Hono Server on port 8080 (Samsung Kiosk Mode).
[2026-08-18 13:55:05.161] [info]  [api] [HASTE] Started HTTPS Hono Server on port 8443 (Toss Kiosk Mode).
[2026-08-18 13:55:05.164] [debug] [api] [api] event=api.server status=success port=8080 host=0.0.0.0
[2026-08-18 13:55:05.166] [info]  [serialport] [serialport] event=serialport.connect status=started scope=all
[2026-08-18 13:55:05.169] [debug] [coffee] [coffee] event=settings.change status=success field=thirdpartyType value=Lilly_(WMF)
[2026-08-18 13:55:05.175] [debug] [coffee] [coffee] event=coffee.socket status=started transport=ws machineName=WMF model=Lilly_(WMF) ip=192.168.10.138 port=25000
[2026-08-18 13:55:05.187] [debug] [coffee] [coffee] event=temperature.change status=success
[2026-08-18 13:55:05.190] [debug] [api] [api] event=did.callback status=ignored reason=local_did_not_open screen=temperature
[2026-08-18 13:55:05.195] [info]  [HASTE DB Save] Settings category "inventory" has been updated and saved to SQLite successfully.
[2026-08-18 13:55:05.198] [info]  [HASTE DB Save] Settings category "inventory" has been updated and saved to SQLite successfully.
[2026-08-18 13:55:05.200] [info]  [serialport] [serialport] event=serialport.connect status=started scope=all
[2026-08-18 13:55:05.204] [info]  [HASTE DB Save] Settings category "inventory" has been updated and saved to SQLite successfully.
[2026-08-18 13:55:05.206] [info]  [HASTE DB Save] Settings category "inventory" has been updated and saved to SQLite successfully.
[2026-08-18 13:55:05.208] [debug] [api] [HASTE Theme Sync] Applied local UI theme: isDark=false
[2026-08-18 13:55:05.209] [debug] [api] [api] event=did.callback status=started target=local screen=/ reason=local_api_down
[2026-08-18 13:55:05.213] [info]  [app] event=app.startup status=success message="subscriptions registered"
[2026-08-18 13:55:05.214] [debug] [task] [task] event=scheduler.change status=success routine=FOAMER_RINSING intervalSec=1800 normalizedIntervalSec=1800
[2026-08-18 13:55:05.218] [debug] [task] [task] event=scheduler.change status=success routine=WARM_RINSING intervalSec=0 normalizedIntervalSec=0
[2026-08-18 13:55:05.220] [debug] [task] [task] event=scheduler.change status=success routine=MIXER_RINSING intervalSec=0 normalizedIntervalSec=0
[2026-08-18 13:55:05.221] [debug] [task] [task] event=scheduler.change status=success routine=ERROR_CHECK intervalSec=600 normalizedIntervalSec=600
[2026-08-18 13:55:05.223] [debug] [task] [task] event=scheduler.change status=success routine=ICE_MAKER intervalSec=1800 normalizedIntervalSec=1800
[2026-08-18 13:55:05.224] [debug] [task] [task] event=scheduler.change status=success routine=TEMP_CHECK intervalSec=60 normalizedIntervalSec=60
[2026-08-18 13:55:05.226] [debug] [app] event=scheduler.change status=success routine=license.verify intervalSec=86400
[2026-08-18 13:55:05.227] [info]  [app] event=app.startup status=success message="schedulers registered"
[2026-08-18 13:55:05.229] [info]  [HASTE Guard] Launching Haste Agent Bot process: C:\Users\김성규\Desktop\HASTE-AI\src\cafehaste-client\haste_agent_bridge.js
[2026-08-18 13:55:05.248] [info]  [app] event=license.verify status=success state=approved storeId=075575
[2026-08-18 13:55:05.273] [error] [serialport] [serialport] event=serialport.error status=failed reason=port_error boardName=board1 port=COM3 message="Opening COM3: File not found"
[2026-08-18 13:55:05.276] [error] [serialport] [serialport] event=serialport.error status=failed reason=port_error boardName=board1 port=COM3 message="Opening COM3: File not found"
[2026-08-18 13:55:05.282] [debug] [api] [HASTE DevTools Sync] Current window DevTools opened state: false, Target state: false
[2026-08-18 13:55:06.212] [info]  [HASTE Agent Bot] ==================================================
[2026-08-18 13:55:06.216] [info]  [HASTE Agent Bot] [HQ Origin] HASTE Cloud designated via --prod launch argument.
[2026-08-18 13:55:06.220] [info]  [HASTE Agent Bot] Targeting endpoint: https://cloud.cafehaste.com
[2026-08-18 13:55:06.222] [info]  [HASTE Agent Bot] ==================================================
[2026-08-18 13:55:06.223] [info]  [HASTE Agent Bot] [2026-08-18 13:55:06.215] [info] [HASTE Agent] [HEALTH] [RUN] () : Checking Lilly Engine API (Attempt: 1/5)
[2026-08-18 13:55:06.226] [info]  [HASTE Agent Bot] [HASTE] [Step 0: HEALTH] [INFO] Starting diagnostics for local hardware and internet connectivity...
[2026-08-18 13:55:06.487] [info]  [HASTE Agent Bot] [2026-08-18 13:55:06.487] [info] [HASTE Agent] [GATEWAY] [RUN] () : Waiting for Client API (Port 8080)
[2026-08-18 13:55:06.499] [info]  [HASTE Agent Bot] [2026-08-18 13:55:06.499] [info] [HASTE Agent] [GATEWAY] [OK] () : Token Synchronized
[2026-08-18 13:55:06.502] [info]  [HASTE Agent Bot] [2026-08-18 13:55:06.500] [info] [HASTE Agent] [GATEWAY] [FAIL] : Tunnel Session Missing (Status Blocked)
[2026-08-18 13:55:06.504] [info]  [HASTE Agent Bot] [2026-08-18 13:55:06.501] [info] [HASTE Agent] [Client -> Cloud] [GATEWAY] [RUN] () : Connecting to Signal Broker (Primary)
[2026-08-18 13:55:07.568] [info]  [HASTE Agent Bot] ==================================================
[2026-08-18 13:55:07.573] [info]  [HASTE Agent Bot] [2026-08-18 13:55:07.569] [info] [HASTE Agent] Security server connection initialized successfully!
[2026-08-18 13:55:07.577] [info]  [HASTE Agent Bot] Bot Tag Name: cafehaste_gateway#1981
[2026-08-18 13:55:07.581] [info]  [HASTE Agent Bot] HASTE Client API Address: http://127.0.0.1:8080
[2026-08-18 13:55:07.587] [info]  [HASTE Agent Bot] ==================================================
[2026-08-18 13:55:07.589] [info]  [HASTE Agent Bot] Listening for remote dashboard control commands...
[2026-08-18 13:55:07.592] [info]  [HASTE Agent Bot] ==================================================
[2026-08-18 13:55:10.189] [error] [coffee] [coffee] event=coffee.socket status=failed reason=open_timeout transport=ws machineName=WMF model=Lilly_(WMF) ip=192.168.10.138 port=25000
[2026-08-18 13:55:10.192] [error] [coffee] [coffee] event=coffee.socket status=failed reason=connect_failed transport=ws machineName=WMF model=Lilly_(WMF) ip=192.168.10.138 port=25000
[2026-08-18 13:55:26.307] [error] [coffee] [coffee] event=coffee.socket status=failed reason=ws_error machineName=WMF model=Lilly_(WMF) ip=192.168.10.138 port=25000 message="connect ETIMEDOUT 192.168.10.138:25000"
[2026-08-18 14:04:32.334] [debug] [api] [HASTE Theme Sync] Applied local UI theme: isDark=false
[2026-08-18 14:04:32.339] [info]  [HASTE DB Save] Settings category "information" has been updated and saved to SQLite successfully.
[2026-08-18 14:04:32.390] [debug] [api] [HASTE DevTools Sync] Current window DevTools opened state: false, Target state: false
[2026-08-18 14:04:32.734] [info]  [HASTE DB Save] Settings category "information" has been updated and saved to SQLite successfully.
[2026-08-18 14:04:32.735] [info]  [HASTE DB Save] Settings category "information" has been updated and saved to SQLite successfully.
[2026-08-18 14:04:32.736] [info]  [HASTE DB Save] Settings category "information" has been updated and saved to SQLite successfully.
[2026-08-18 14:04:32.783] [error] [task] [HASTE Single Correct Error] 해당 상품 번호의 메뉴를 찾을 수 없습니다.
[2026-08-18 14:04:32.785] [error] [Client] [POS_SYNC] [IMPORT_FAIL] : 가져올 키오스크 상품 번호가 전달되지 않았습니다.
[2026-08-18 14:04:32.801] [info]  [HASTE DB Save] Settings category "menu" has been updated and saved to SQLite successfully.
[2026-08-18 14:04:32.803] [info]  [HASTE DB Save] Settings category "product" has been updated and saved to SQLite successfully.
[2026-08-18 14:04:32.804] [info]  [HASTE DB Sync] Reloading memory settingsStore from SQLite database...
[2026-08-18 14:04:32.805] [info]  [HASTE DB Load] Loaded settings from SQLite database successfully. StoreName: "김포운양역점", StoreNo: "075575", ThemeMode: "Light", KioskType: "SAMSUNG", isKioskDryRun: "true"
[2026-08-18 14:04:32.807] [info]  [HASTE] Successfully cloned 240 kiosk items to local SQLite DB & store!
[2026-08-18 14:04:33.149] [info]  [HASTE DB Save] Settings category "information" has been updated and saved to SQLite successfully.
[2026-08-18 14:04:34.159] [debug] [api] [api] event=order.create status=started version=v1 orderId=TEST-1787029473841 productNo=E0000136
[2026-08-18 14:04:34.160] [warn]  [api] [api] event=api.auth status=warning version=v1 command=ORDER orderId=TEST-1787029473841 reason=invalid_token_bypassed receivedToken=TEST_BREW_TOKEN
[2026-08-18 14:04:34.162] [info]  [kiosk] [kiosk] event=order.received status=success kioskCode=E0000136 recipeCode=E0000136 matchedMenuName=HOT_(P)아메리카노(설탕)(샷추가)_MV actualSteps=["NONE:NONE","NONE:NONE","NONE:NONE","NONE:NONE","NONE:NONE","NONE:NONE","NONE:NONE","NONE:NONE","NONE:NONE","NONE:NONE"] orderId=TEST-1787029473841 bill=0000 isTestBrew=true
[2026-08-18 14:04:34.166] [debug] [task] [task] event=task.enqueue status=accepted orderId=TEST-1787029473841 priority=99 description=음료_제조_(TEST-1787029473841)
[2026-08-18 14:04:34.168] [debug] [task] [task] event=task.start status=started orderId=TEST-1787029473841 menuCount=1
[2026-08-18 14:04:34.171] [debug] [api] [api] event=order.create status=accepted version=v1 orderId=TEST-1787029473841 productNo=E0000136 bill=0000
[2026-08-18 14:04:34.186] [debug] [task] [task] event=brew.menu status=started orderId=TEST-1787029473841 menuName=HOT_(P)아메리카노(설탕)(샷추가)_MV stepCount=10
[2026-08-18 14:04:34.992] [debug] [api] [api] event=did.callback status=started orderId=TEST-1787029473841 menuName=HOT_(P)아메리카노(설탕)(샷추가)_MV state=5 target=local url=http://127.0.0.1:8080/sse/did
[2026-08-18 14:04:34.996] [debug] [api] [api] event=did.callback status=started orderId=TEST-1787029473841 menuName=HOT_(P)아메리카노(설탕)(샷추가)_MV state=5 target=remote url=http://127.0.0.1:8080/sse/did
[2026-08-18 14:04:35.002] [debug] [task] [task] event=task.complete status=success orderId=TEST-1787029473841
[2026-08-18 14:04:35.011] [debug] [api] [api] event=did.callback status=success attempt=1 httpStatus=202 url=http://127.0.0.1:8080/sse/did
[2026-08-18 14:04:35.015] [debug] [api] [api] event=did.callback status=success attempt=1 httpStatus=202 url=http://127.0.0.1:8080/sse/did
[2026-08-18 14:53:35.323] [info]  [HASTE Shutdown] Releasing all serial ports...
[2026-08-18 14:53:35.324] [info]  [HASTE Shutdown] Killing embedded Haste Agent Bot...
[2026-08-18 14:53:35.325] [info]  [app] event=app.shutdown status=started
[2026-08-18 14:53:35.360] [warn]  [HASTE Guard] Haste Agent Bot exited (code: null, signal: SIGTERM)
[2026-08-18 14:56:56.059] [info]  [HASTE DB Load] Loaded settings from SQLite database successfully. StoreName: "미인증", StoreNo: "미인증", ThemeMode: "Light", KioskType: "SAMSUNG", isKioskDryRun: "false"
[2026-08-18 14:56:56.437] [info]  [app] event=app.startup status=started appVersion=3.1.3t59 packaged=false
[2026-08-18 14:56:56.502] [info]  [app] event=app.window status=success
[2026-08-18 14:56:56.555] [info]  [app] event=app.tray status=success
[2026-08-18 14:56:56.556] [info]  [app] event=updater.check status=ignored reason=store_managed_distribution
[2026-08-18 14:56:56.560] [info]  [app] event=app.ipc status=success
[2026-08-18 14:56:56.562] [info]  [app] event=task.start status=success
[2026-08-18 14:56:56.564] [debug] [api] [api] event=settings.change status=success port=8080 deviceModelId=D0000
[2026-08-18 14:56:56.569] [info]  [api] [HASTE] Found SSL Certificates at: C:\Users\김성규\Desktop\HASTE-AI\src\cafehaste-homepage\public
[2026-08-18 14:56:56.583] [info]  [api] [HASTE] Started HTTP Hono Server on port 8080 (Samsung Kiosk Mode).
[2026-08-18 14:56:56.588] [info]  [api] [HASTE] Started HTTPS Hono Server on port 8443 (Toss Kiosk Mode).
[2026-08-18 14:56:56.590] [debug] [api] [api] event=api.server status=success port=8080 host=0.0.0.0
[2026-08-18 14:56:56.592] [info]  [serialport] [serialport] event=serialport.connect status=started scope=all
[2026-08-18 14:56:56.595] [debug] [coffee] [coffee] event=settings.change status=success field=thirdpartyType value=Lilly_(WMF)
[2026-08-18 14:56:56.599] [debug] [coffee] [coffee] event=coffee.socket status=started transport=ws machineName=WMF model=Lilly_(WMF) ip=192.168.10.138 port=25000
[2026-08-18 14:56:56.609] [debug] [coffee] [coffee] event=temperature.change status=success
[2026-08-18 14:56:56.611] [debug] [api] [api] event=did.callback status=ignored reason=local_did_not_open screen=temperature
[2026-08-18 14:56:56.615] [info]  [HASTE DB Save] Settings category "inventory" has been updated and saved to SQLite successfully.
[2026-08-18 14:56:56.619] [info]  [HASTE DB Save] Settings category "inventory" has been updated and saved to SQLite successfully.
[2026-08-18 14:56:56.620] [info]  [serialport] [serialport] event=serialport.connect status=started scope=all
[2026-08-18 14:56:56.625] [info]  [HASTE DB Save] Settings category "inventory" has been updated and saved to SQLite successfully.
[2026-08-18 14:56:56.628] [info]  [HASTE DB Save] Settings category "inventory" has been updated and saved to SQLite successfully.
[2026-08-18 14:56:56.629] [debug] [api] [HASTE Theme Sync] Applied local UI theme: isDark=false
[2026-08-18 14:56:56.631] [debug] [api] [api] event=did.callback status=started target=local screen=/ reason=local_api_down
[2026-08-18 14:56:56.634] [info]  [app] event=app.startup status=success message="subscriptions registered"
[2026-08-18 14:56:56.636] [debug] [task] [task] event=scheduler.change status=success routine=FOAMER_RINSING intervalSec=1800 normalizedIntervalSec=1800
[2026-08-18 14:56:56.639] [debug] [task] [task] event=scheduler.change status=success routine=WARM_RINSING intervalSec=0 normalizedIntervalSec=0
[2026-08-18 14:56:56.641] [debug] [task] [task] event=scheduler.change status=success routine=MIXER_RINSING intervalSec=0 normalizedIntervalSec=0
[2026-08-18 14:56:56.643] [debug] [task] [task] event=scheduler.change status=success routine=ERROR_CHECK intervalSec=600 normalizedIntervalSec=600
[2026-08-18 14:56:56.644] [debug] [task] [task] event=scheduler.change status=success routine=ICE_MAKER intervalSec=1800 normalizedIntervalSec=1800
[2026-08-18 14:56:56.646] [debug] [task] [task] event=scheduler.change status=success routine=TEMP_CHECK intervalSec=60 normalizedIntervalSec=60
[2026-08-18 14:56:56.651] [debug] [app] event=scheduler.change status=success routine=license.verify intervalSec=86400
[2026-08-18 14:56:56.651] [info]  [app] event=app.startup status=success message="schedulers registered"
[2026-08-18 14:56:56.652] [info]  [HASTE Guard] Launching Haste Agent Bot process: C:\Users\김성규\Desktop\HASTE-AI\src\cafehaste-client\haste_agent_bridge.js
[2026-08-18 14:56:56.671] [info]  [app] event=license.verify status=success state=approved storeId=075575
[2026-08-18 14:56:56.698] [error] [serialport] [serialport] event=serialport.error status=failed reason=port_error boardName=board1 port=COM3 message="Opening COM3: File not found"
[2026-08-18 14:56:56.702] [error] [serialport] [serialport] event=serialport.error status=failed reason=port_error boardName=board1 port=COM3 message="Opening COM3: File not found"
[2026-08-18 14:56:56.706] [debug] [api] [HASTE DevTools Sync] Current window DevTools opened state: false, Target state: false
[2026-08-18 14:56:57.659] [info]  [HASTE Agent Bot] ==================================================
[2026-08-18 14:56:57.664] [info]  [HASTE Agent Bot] [HQ Origin] HASTE Cloud designated via --prod launch argument.
[2026-08-18 14:56:57.667] [info]  [HASTE Agent Bot] Targeting endpoint: https://cloud.cafehaste.com
[2026-08-18 14:56:57.669] [info]  [HASTE Agent Bot] ==================================================
[2026-08-18 14:56:57.670] [info]  [HASTE Agent Bot] [2026-08-18 14:56:57.663] [info] [HASTE Agent] [HEALTH] [RUN] () : Checking Lilly Engine API (Attempt: 1/5)
[2026-08-18 14:56:57.675] [info]  [HASTE Agent Bot] [HASTE] [Step 0: HEALTH] [INFO] Starting diagnostics for local hardware and internet connectivity...
[2026-08-18 14:56:57.957] [info]  [HASTE Agent Bot] [2026-08-18 14:56:57.957] [info] [HASTE Agent] [GATEWAY] [RUN] () : Waiting for Client API (Port 8080)
[2026-08-18 14:56:57.966] [info]  [HASTE Agent Bot] [2026-08-18 14:56:57.967] [info] [HASTE Agent] [GATEWAY] [OK] () : Token Synchronized
[2026-08-18 14:56:57.969] [info]  [HASTE Agent Bot] [2026-08-18 14:56:57.968] [info] [HASTE Agent] [GATEWAY] [FAIL] : Tunnel Session Missing (Status Blocked)
[2026-08-18 14:56:57.973] [info]  [HASTE Agent Bot] [2026-08-18 14:56:57.969] [info] [HASTE Agent] [Client -> Cloud] [GATEWAY] [RUN] () : Connecting to Signal Broker (Primary)
[2026-08-18 14:56:58.859] [info]  [HASTE Agent Bot] ==================================================
[2026-08-18 14:56:58.863] [info]  [HASTE Agent Bot] [2026-08-18 14:56:58.860] [info] [HASTE Agent] Security server connection initialized successfully!
[2026-08-18 14:56:58.864] [info]  [HASTE Agent Bot] Bot Tag Name: cafehaste_gateway#1981
[2026-08-18 14:56:58.866] [info]  [HASTE Agent Bot] HASTE Client API Address: http://127.0.0.1:8080
[2026-08-18 14:56:58.867] [info]  [HASTE Agent Bot] ==================================================
[2026-08-18 14:56:58.870] [info]  [HASTE Agent Bot] Listening for remote dashboard control commands...
[2026-08-18 14:56:58.871] [info]  [HASTE Agent Bot] ==================================================
[2026-08-18 14:57:01.608] [error] [coffee] [coffee] event=coffee.socket status=failed reason=open_timeout transport=ws machineName=WMF model=Lilly_(WMF) ip=192.168.10.138 port=25000
[2026-08-18 14:57:01.611] [error] [coffee] [coffee] event=coffee.socket status=failed reason=connect_failed transport=ws machineName=WMF model=Lilly_(WMF) ip=192.168.10.138 port=25000
[2026-08-18 14:57:17.722] [error] [coffee] [coffee] event=coffee.socket status=failed reason=ws_error machineName=WMF model=Lilly_(WMF) ip=192.168.10.138 port=25000 message="connect ETIMEDOUT 192.168.10.138:25000"
[2026-08-18 14:57:22.839] [warn]  [task] [HASTE Standard Recipe] Module require fallback: Error: Cannot find module '@shared/product'
Require stack:
- C:\Users\김성규\Desktop\HASTE-AI\src\cafehaste-client\src\lilly-electron\out\main\index.js
[2026-08-18 14:57:22.843] [info]  [HASTE DB Save] Settings category "menu" has been updated and saved to SQLite successfully.
[2026-08-18 14:57:22.844] [info]  [HASTE DB Sync] Reloading memory settingsStore from SQLite database...
[2026-08-18 14:57:22.850] [info]  [HASTE DB Load] Loaded settings from SQLite database successfully. StoreName: "미인증", StoreNo: "미인증", ThemeMode: "Light", KioskType: "SAMSUNG", isKioskDryRun: "false"
[2026-08-18 14:57:22.851] [debug] [api] [HASTE Theme Sync] Applied local UI theme: isDark=false
[2026-08-18 14:57:22.853] [info]  [HASTE Standard Recipe Apply] Successfully injected standard recipes to 0/0 menu items with env (_MV, H1:D_SAVE, H2:N_SAVE)!
[2026-08-18 14:57:22.896] [info]  [HASTE DB Save] Settings category "information" has been updated and saved to SQLite successfully.
[2026-08-18 14:57:22.898] [info]  [HASTE DB Save] Settings category "information" has been updated and saved to SQLite successfully.
[2026-08-18 14:57:22.900] [info]  [HASTE DB Save] Settings category "information" has been updated and saved to SQLite successfully.
[2026-08-18 14:57:22.937] [error] [task] [HASTE Single Correct Error] 해당 상품 번호의 메뉴를 찾을 수 없습니다.
[2026-08-18 14:57:22.941] [error] [Client] [POS_SYNC] [IMPORT_FAIL] : 가져올 키오스크 상품 번호가 전달되지 않았습니다.
[2026-08-18 14:57:22.945] [warn]  [task] [HASTE Standard Recipe] Module require fallback: Error: Cannot find module '@shared/product'
Require stack:
- C:\Users\김성규\Desktop\HASTE-AI\src\cafehaste-client\src\lilly-electron\out\main\index.js
[2026-08-18 14:57:22.948] [info]  [HASTE DB Save] Settings category "menu" has been updated and saved to SQLite successfully.
[2026-08-18 14:57:22.949] [info]  [HASTE DB Sync] Reloading memory settingsStore from SQLite database...
[2026-08-18 14:57:22.958] [info]  [HASTE DB Load] Loaded settings from SQLite database successfully. StoreName: "미인증", StoreNo: "미인증", ThemeMode: "Light", KioskType: "SAMSUNG", isKioskDryRun: "false"
[2026-08-18 14:57:22.960] [info]  [HASTE Standard Recipe Apply] Successfully injected standard recipes to 0/0 menu items with env (_MV, H1:D_SAVE, H2:N_SAVE)!
[2026-08-18 14:57:22.963] [debug] [api] [HASTE DevTools Sync] Current window DevTools opened state: false, Target state: false
[2026-08-18 14:57:23.282] [debug] [api] [api] event=settings.change status=success port=8080 posStoreNo=075575 deviceModelId=D0000
[2026-08-18 14:57:23.286] [debug] [api] [HASTE Theme Sync] Applied local UI theme: isDark=false
[2026-08-18 14:57:23.292] [info]  [HASTE DB Save] Settings category "information" has been updated and saved to SQLite successfully.
[2026-08-18 14:57:23.341] [debug] [api] [HASTE DevTools Sync] Current window DevTools opened state: false, Target state: false
[2026-08-18 15:06:15.023] [info]  [HASTE DB Load] Loaded settings from SQLite database successfully. StoreName: "김포운양역점", StoreNo: "075575", ThemeMode: "Light", KioskType: "SAMSUNG", isKioskDryRun: "false"
[2026-08-18 15:06:15.416] [info]  [app] event=app.startup status=started appVersion=3.1.3t59 packaged=false
[2026-08-18 15:06:15.481] [info]  [app] event=app.window status=success
[2026-08-18 15:06:15.548] [info]  [app] event=app.tray status=success
[2026-08-18 15:06:15.549] [info]  [app] event=updater.check status=ignored reason=store_managed_distribution
[2026-08-18 15:06:15.552] [info]  [app] event=app.ipc status=success
[2026-08-18 15:06:15.554] [info]  [app] event=task.start status=success
[2026-08-18 15:06:15.557] [debug] [api] [api] event=settings.change status=success port=8080 posStoreNo=075575 deviceModelId=D0000
[2026-08-18 15:06:15.563] [info]  [api] [HASTE] Found SSL Certificates at: C:\Users\김성규\Desktop\HASTE-AI\src\cafehaste-homepage\public
[2026-08-18 15:06:15.576] [info]  [api] [HASTE] Started HTTP Hono Server on port 8080 (Samsung Kiosk Mode).
[2026-08-18 15:06:15.582] [info]  [api] [HASTE] Started HTTPS Hono Server on port 8443 (Toss Kiosk Mode).
[2026-08-18 15:06:15.584] [debug] [api] [api] event=api.server status=success port=8080 host=0.0.0.0
[2026-08-18 15:06:15.586] [info]  [serialport] [serialport] event=serialport.connect status=started scope=all
[2026-08-18 15:06:15.588] [debug] [coffee] [coffee] event=settings.change status=success field=thirdpartyType value=Lilly_(WMF)
[2026-08-18 15:06:15.591] [debug] [coffee] [coffee] event=coffee.socket status=started transport=ws machineName=WMF model=Lilly_(WMF) ip=192.168.10.138 port=25000
[2026-08-18 15:06:15.602] [debug] [coffee] [coffee] event=temperature.change status=success
[2026-08-18 15:06:15.604] [debug] [api] [api] event=did.callback status=ignored reason=local_did_not_open screen=temperature
[2026-08-18 15:06:15.610] [info]  [HASTE DB Save] Settings category "inventory" has been updated and saved to SQLite successfully.
[2026-08-18 15:06:15.614] [info]  [HASTE DB Save] Settings category "inventory" has been updated and saved to SQLite successfully.
[2026-08-18 15:06:15.616] [info]  [serialport] [serialport] event=serialport.connect status=started scope=all
[2026-08-18 15:06:15.620] [info]  [HASTE DB Save] Settings category "inventory" has been updated and saved to SQLite successfully.
[2026-08-18 15:06:15.625] [info]  [HASTE DB Save] Settings category "inventory" has been updated and saved to SQLite successfully.
[2026-08-18 15:06:15.628] [debug] [api] [HASTE Theme Sync] Applied local UI theme: isDark=false
[2026-08-18 15:06:15.633] [debug] [api] [api] event=did.callback status=started target=local screen=/ reason=local_api_down
[2026-08-18 15:06:15.636] [info]  [app] event=app.startup status=success message="subscriptions registered"
[2026-08-18 15:06:15.637] [debug] [task] [task] event=scheduler.change status=success routine=FOAMER_RINSING intervalSec=1800 normalizedIntervalSec=1800
[2026-08-18 15:06:15.640] [debug] [task] [task] event=scheduler.change status=success routine=WARM_RINSING intervalSec=0 normalizedIntervalSec=0
[2026-08-18 15:06:15.641] [debug] [task] [task] event=scheduler.change status=success routine=MIXER_RINSING intervalSec=0 normalizedIntervalSec=0
[2026-08-18 15:06:15.644] [debug] [task] [task] event=scheduler.change status=success routine=ERROR_CHECK intervalSec=600 normalizedIntervalSec=600
[2026-08-18 15:06:15.648] [debug] [task] [task] event=scheduler.change status=success routine=ICE_MAKER intervalSec=1800 normalizedIntervalSec=1800
[2026-08-18 15:06:15.650] [debug] [task] [task] event=scheduler.change status=success routine=TEMP_CHECK intervalSec=60 normalizedIntervalSec=60
[2026-08-18 15:06:15.652] [debug] [app] event=scheduler.change status=success routine=license.verify intervalSec=86400
[2026-08-18 15:06:15.653] [info]  [app] event=app.startup status=success message="schedulers registered"
[2026-08-18 15:06:15.654] [info]  [HASTE Guard] Launching Haste Agent Bot process: C:\Users\김성규\Desktop\HASTE-AI\src\cafehaste-client\haste_agent_bridge.js
[2026-08-18 15:06:15.680] [info]  [app] event=license.verify status=success state=approved storeId=075575
[2026-08-18 15:06:15.705] [error] [serialport] [serialport] event=serialport.error status=failed reason=port_error boardName=board1 port=COM3 message="Opening COM3: File not found"
[2026-08-18 15:06:15.711] [error] [serialport] [serialport] event=serialport.error status=failed reason=port_error boardName=board1 port=COM3 message="Opening COM3: File not found"
[2026-08-18 15:06:15.714] [debug] [api] [HASTE DevTools Sync] Current window DevTools opened state: false, Target state: false
[2026-08-18 15:06:16.641] [info]  [HASTE Agent Bot] ==================================================
[2026-08-18 15:06:16.647] [info]  [HASTE Agent Bot] [HQ Origin] HASTE Cloud designated via --prod launch argument.
[2026-08-18 15:06:16.650] [info]  [HASTE Agent Bot] Targeting endpoint: https://cloud.cafehaste.com
[2026-08-18 15:06:16.652] [info]  [HASTE Agent Bot] ==================================================
[2026-08-18 15:06:16.655] [info]  [HASTE Agent Bot] [2026-08-18 15:06:16.647] [info] [HASTE Agent] [HEALTH] [RUN] () : Checking Lilly Engine API (Attempt: 1/5)
[2026-08-18 15:06:16.658] [info]  [HASTE Agent Bot] [HASTE] [Step 0: HEALTH] [INFO] Starting diagnostics for local hardware and internet connectivity...
[2026-08-18 15:06:16.905] [info]  [HASTE Agent Bot] [2026-08-18 15:06:16.905] [info] [HASTE Agent] [GATEWAY] [RUN] () : Waiting for Client API (Port 8080)
[2026-08-18 15:06:16.927] [info]  [HASTE Agent Bot] [2026-08-18 15:06:16.926] [info] [HASTE Agent] [GATEWAY] [OK] () : Token Synchronized
[2026-08-18 15:06:16.930] [info]  [HASTE Agent Bot] [2026-08-18 15:06:16.929] [info] [HASTE Agent] [GATEWAY] [FAIL] : Tunnel Session Missing (Status Blocked)
[2026-08-18 15:06:16.933] [info]  [HASTE Agent Bot] [2026-08-18 15:06:16.930] [info] [HASTE Agent] [Client -> Cloud] [GATEWAY] [RUN] () : Connecting to Signal Broker (Primary)
[2026-08-18 15:06:17.786] [info]  [HASTE Agent Bot] ==================================================
[2026-08-18 15:06:17.790] [info]  [HASTE Agent Bot] [2026-08-18 15:06:17.787] [info] [HASTE Agent] Security server connection initialized successfully!
[2026-08-18 15:06:17.792] [info]  [HASTE Agent Bot] Bot Tag Name: cafehaste_gateway#1981
[2026-08-18 15:06:17.796] [info]  [HASTE Agent Bot] HASTE Client API Address: http://127.0.0.1:8080
[2026-08-18 15:06:17.797] [info]  [HASTE Agent Bot] ==================================================
[2026-08-18 15:06:17.800] [info]  [HASTE Agent Bot] Listening for remote dashboard control commands...
[2026-08-18 15:06:17.802] [info]  [HASTE Agent Bot] ==================================================
[2026-08-18 15:06:20.602] [error] [coffee] [coffee] event=coffee.socket status=failed reason=open_timeout transport=ws machineName=WMF model=Lilly_(WMF) ip=192.168.10.138 port=25000
[2026-08-18 15:06:20.605] [error] [coffee] [coffee] event=coffee.socket status=failed reason=connect_failed transport=ws machineName=WMF model=Lilly_(WMF) ip=192.168.10.138 port=25000
[2026-08-18 15:06:31.988] [warn]  [task] [HASTE Standard Recipe] Module require fallback: Error: Cannot find module '@shared/product'
Require stack:
- C:\Users\김성규\Desktop\HASTE-AI\src\cafehaste-client\src\lilly-electron\out\main\index.js
[2026-08-18 15:06:32.001] [info]  [HASTE DB Save] Settings category "menu" has been updated and saved to SQLite successfully.
[2026-08-18 15:06:32.002] [info]  [HASTE DB Sync] Reloading memory settingsStore from SQLite database...
[2026-08-18 15:06:32.013] [info]  [HASTE DB Load] Loaded settings from SQLite database successfully. StoreName: "김포운양역점", StoreNo: "075575", ThemeMode: "Light", KioskType: "SAMSUNG", isKioskDryRun: "false"
[2026-08-18 15:06:32.061] [info]  [HASTE Standard Recipe Apply] Successfully injected standard recipes, categories, and steps to 0/240 items!
[2026-08-18 15:06:32.097] [info]  [HASTE DB Save] Settings category "information" has been updated and saved to SQLite successfully.
[2026-08-18 15:06:32.099] [info]  [HASTE DB Save] Settings category "information" has been updated and saved to SQLite successfully.
[2026-08-18 15:06:32.101] [info]  [HASTE DB Save] Settings category "information" has been updated and saved to SQLite successfully.