[2026-08-16 01:13:58.427] [info]  [HASTE Agent Server] Hono Gateway running on Port 8082 (Relaying to Port 8080)
[2026-08-16 01:13:58.432] [info]  ==================================================
[2026-08-16 01:13:58.435] [info]  [HQ Origin] HASTE Cloud designated via --prod launch argument.
[2026-08-16 01:13:58.436] [info]  Targeting endpoint: https://cloud.cafehaste.com
[2026-08-16 01:13:58.438] [info]  ==================================================
[2026-08-16 01:13:58.442] [info]  [2026-08-16 01:13:58.430] [info] [HASTE Agent] [HEALTH] [RUN] () : Checking Lilly Engine API (Attempt: 1/5)
[2026-08-16 01:13:58.445] [info]  [HASTE] [Step 0: HEALTH] [INFO] Starting diagnostics for local hardware and internet connectivity...
[2026-08-16 01:14:00.003] [info]  [2026-08-16 01:14:00.000] [info] [HASTE Agent] [GATEWAY] [RUN] () : Waiting for Client API (Port 8080)
[2026-08-16 01:14:00.022] [info]  [2026-08-16 01:14:00.018] [info] [HASTE Agent] [GATEWAY] [OK] () : Token Synchronized
[2026-08-16 01:14:00.027] [info]  [2026-08-16 01:14:00.021] [info] [HASTE Agent] [GATEWAY] [FAIL] : Tunnel Session Missing (Status Blocked)
[2026-08-16 01:14:00.034] [info]  [2026-08-16 01:14:00.022] [info] [HASTE Agent] [Client -> Cloud] [GATEWAY] [RUN] () : Connecting to Signal Broker (Primary)
[2026-08-16 01:14:00.994] [info]  ==================================================
[2026-08-16 01:14:00.998] [info]  [2026-08-16 01:14:00.992] [info] [HASTE Agent] Security server connection initialized successfully!
[2026-08-16 01:14:01.000] [info]  Bot Tag Name: cafehaste_gateway#1981
[2026-08-16 01:14:01.001] [info]  HASTE Client API Address: http://127.0.0.1:8080
[2026-08-16 01:14:01.003] [info]  ==================================================
[2026-08-16 01:14:01.005] [info]  Listening for remote dashboard control commands...
[2026-08-16 01:14:01.007] [info]  ==================================================
[2026-08-16 01:22:04.296] [info]  [HASTE Agent Server] Hono Gateway running on Port 8082 (Relaying to Port 8080)
[2026-08-16 01:22:04.303] [info]  ==================================================
[2026-08-16 01:22:04.306] [info]  [HQ Origin] HASTE Cloud designated via --prod launch argument.
[2026-08-16 01:22:04.309] [info]  Targeting endpoint: https://cloud.cafehaste.com
[2026-08-16 01:22:04.316] [info]  ==================================================
[2026-08-16 01:22:04.320] [info]  [2026-08-16 01:22:04.305] [info] [HASTE Agent] [HEALTH] [RUN] () : Checking Lilly Engine API (Attempt: 1/5)
[2026-08-16 01:22:04.324] [info]  [HASTE] [Step 0: HEALTH] [INFO] Starting diagnostics for local hardware and internet connectivity...
[2026-08-16 01:22:04.653] [info]  [2026-08-16 01:22:04.650] [info] [HASTE Agent] [GATEWAY] [RUN] () : Waiting for Client API (Port 8080)
[2026-08-16 01:22:04.674] [info]  [2026-08-16 01:22:04.665] [info] [HASTE Agent] [GATEWAY] [OK] () : Token Synchronized
[2026-08-16 01:22:04.680] [info]  [2026-08-16 01:22:04.667] [info] [HASTE Agent] [GATEWAY] [FAIL] : Tunnel Session Missing (Status Blocked)
[2026-08-16 01:22:04.682] [info]  [2026-08-16 01:22:04.669] [info] [HASTE Agent] [Client -> Cloud] [GATEWAY] [RUN] () : Connecting to Signal Broker (Primary)
[2026-08-16 01:22:05.524] [info]  ==================================================
[2026-08-16 01:22:05.530] [info]  [2026-08-16 01:22:05.523] [info] [HASTE Agent] Security server connection initialized successfully!
[2026-08-16 01:22:05.533] [info]  Bot Tag Name: cafehaste_gateway#1981
[2026-08-16 01:22:05.538] [info]  HASTE Client API Address: http://127.0.0.1:8080
[2026-08-16 01:22:05.541] [info]  ==================================================
[2026-08-16 01:22:05.546] [info]  Listening for remote dashboard control commands...
[2026-08-16 01:22:05.555] [info]  ==================================================