[2026-08-23 00:19:51.180] [info]  [HASTE DB Load] Loaded settings from SQLite database successfully. StoreName: "김포집", StoreNo: "01012345678", ThemeMode: "Light", isKioskDryRun: "false"
[2026-08-23 00:19:52.529] [info]  [app] event=app.startup status=started appVersion=3.1.1r58 packaged=false
[2026-08-23 00:19:52.638] [info]  [app] event=app.window status=success
[2026-08-23 00:19:52.737] [info]  [app] event=app.tray status=success
[2026-08-23 00:19:52.738] [info]  [app] event=updater.check status=ignored reason=store_managed_distribution
[2026-08-23 00:19:52.742] [info]  [app] event=app.ipc status=success
[2026-08-23 00:19:52.754] [info]  [app] event=task.start status=success
[2026-08-23 00:19:52.756] [debug] [api] [api] event=settings.change status=success port=8080 posStoreNo=01012345678 deviceModelId=D0000
[2026-08-23 00:19:52.761] [info]  [api] [HASTE] Found SSL Certificates at: C:\Users\김성규\Desktop\HASTE-AI\src\cafehaste-client\src\lilly-electron\resources
[2026-08-23 00:19:52.791] [info]  [api] [HASTE] Started HTTP Hono Server on port 8080 (Toss Place HTTP Mode).
[2026-08-23 00:19:52.796] [info]  [api] [HASTE] Started HTTPS Hono Server on port 8443 (Toss Kiosk Mode).
[2026-08-23 00:19:52.798] [debug] [api] [api] event=api.server status=success port=8080 host=0.0.0.0
[2026-08-23 00:19:52.801] [info]  [serialport] [serialport] event=serialport.connect status=started scope=all
[2026-08-23 00:19:52.805] [debug] [coffee] [coffee] event=settings.change status=success field=thirdpartyType value=Lilly_(WMF)
[2026-08-23 00:19:52.808] [debug] [coffee] [coffee] event=coffee.socket status=started transport=ws machineName=WMF model=Lilly_(WMF) ip=192.168.10.99 port=25000
[2026-08-23 00:19:52.824] [debug] [coffee] [coffee] event=temperature.change status=success
[2026-08-23 00:19:52.827] [debug] [api] [api] event=did.callback status=ignored reason=local_did_not_open screen=temperature
[2026-08-23 00:19:52.838] [info]  [HASTE DB Save] Settings category "inventory" has been updated and saved to SQLite successfully.
[2026-08-23 00:19:52.842] [info]  [HASTE DB Save] Settings category "inventory" has been updated and saved to SQLite successfully.
[2026-08-23 00:19:52.844] [info]  [serialport] [serialport] event=serialport.connect status=started scope=all
[2026-08-23 00:19:52.850] [info]  [HASTE DB Save] Settings category "inventory" has been updated and saved to SQLite successfully.
[2026-08-23 00:19:52.852] [info]  [HASTE DB Save] Settings category "inventory" has been updated and saved to SQLite successfully.
[2026-08-23 00:19:52.855] [debug] [api] [HASTE Theme Sync] Applied local UI theme: isDark=false
[2026-08-23 00:19:52.861] [debug] [api] [api] event=did.callback status=started target=local screen=/ reason=local_api_down
[2026-08-23 00:19:52.866] [info]  [app] event=app.startup status=success message="subscriptions registered"
[2026-08-23 00:19:52.869] [debug] [task] [task] event=scheduler.change status=success routine=FOAMER_RINSING intervalSec=6000 normalizedIntervalSec=6000
[2026-08-23 00:19:52.874] [debug] [task] [task] event=scheduler.change status=success routine=WARM_RINSING intervalSec=0 normalizedIntervalSec=0
[2026-08-23 00:19:52.884] [debug] [task] [task] event=scheduler.change status=success routine=MIXER_RINSING intervalSec=0 normalizedIntervalSec=0
[2026-08-23 00:19:52.891] [debug] [task] [task] event=scheduler.change status=success routine=ERROR_CHECK intervalSec=1800 normalizedIntervalSec=1800
[2026-08-23 00:19:52.898] [debug] [task] [task] event=scheduler.change status=success routine=ICE_MAKER intervalSec=1800 normalizedIntervalSec=1800
[2026-08-23 00:19:52.902] [debug] [task] [task] event=scheduler.change status=success routine=TEMP_CHECK intervalSec=600 normalizedIntervalSec=600
[2026-08-23 00:19:52.912] [debug] [app] event=scheduler.change status=success routine=license.verify intervalSec=86400
[2026-08-23 00:19:52.914] [info]  [app] event=app.startup status=success message="schedulers registered"
[2026-08-23 00:19:52.918] [info]  [HASTE Guard] enableHasteAgent is false (OFF). Skipping agent bot launch.
[2026-08-23 00:19:52.953] [error] [serialport] [serialport] event=serialport.error status=failed reason=port_error boardName=board1 port=COM6 message="Opening COM6: File not found"
[2026-08-23 00:19:52.962] [error] [serialport] [serialport] event=serialport.error status=failed reason=port_error boardName=board2 port=COM7 message="Opening COM7: File not found"
[2026-08-23 00:19:52.968] [error] [serialport] [serialport] event=serialport.error status=failed reason=port_error boardName=board1 port=COM6 message="Opening COM6: File not found"
[2026-08-23 00:19:52.978] [error] [serialport] [serialport] event=serialport.error status=failed reason=port_error boardName=board2 port=COM7 message="Opening COM7: File not found"
[2026-08-23 00:19:52.983] [debug] [api] [HASTE DevTools Sync] Current window DevTools opened state: false, Target state: false
[2026-08-23 00:19:53.290] [info]  [HASTE DB Save] Settings category "information" has been updated and saved to SQLite successfully.
[2026-08-23 00:19:53.397] [info]  [HASTE DB Save] Settings category "information" has been updated and saved to SQLite successfully.
[2026-08-23 00:19:53.398] [info]  [app] event=license.verify status=success state=approved storeId=01012345678
[2026-08-23 00:19:57.821] [error] [coffee] [coffee] event=coffee.socket status=failed reason=open_timeout transport=ws machineName=WMF model=Lilly_(WMF) ip=192.168.10.99 port=25000
[2026-08-23 00:19:57.828] [error] [coffee] [coffee] event=coffee.socket status=failed reason=connect_failed transport=ws machineName=WMF model=Lilly_(WMF) ip=192.168.10.99 port=25000
[2026-08-23 00:20:08.479] [debug] [api] [api] event=order.create status=started version=v1 orderId=INSTANT-1787412008159 productNo=MDI1002
[2026-08-23 00:20:08.483] [warn]  [api] [api] event=api.auth status=warning version=v1 command=ORDER orderId=INSTANT-1787412008159 reason=invalid_token_bypassed receivedToken=TEST_BREW_TOKEN
[2026-08-23 00:20:08.486] [info]  [kiosk] [manual] event=order.received status=success source=manual virtual=on mode=test orderId=INSTANT-1787412008159 bill=0000 menuCount=1 mappings=[{"baseCode":"MDI1002","recipeCode":"MDI1002","matchedMenuName":"ICED아메리카노(다크시그니처)","stepsSummary":"CUP:ICE,_COFFEE:62,_ICE:5100,_COLD:155,_NONE:NONE,_NONE:NONE,_NONE:NONE,_NONE:NONE,_NONE:NONE,_NONE:NONE"}] isTestBrew=true
[2026-08-23 00:20:08.489] [debug] [task] [task] event=task.enqueue status=accepted orderId=INSTANT-1787412008159 priority=99 description=음료_제조_(INSTANT-1787412008159)
[2026-08-23 00:20:08.497] [debug] [task] [task] event=task.start status=started source=instant mode=dry_run orderId=INSTANT-1787412008159 menuCount=1
[2026-08-23 00:20:08.501] [debug] [api] [api] event=order.create status=accepted version=v1 orderId=INSTANT-1787412008159 productNo=MDI1002 bill=0000
[2026-08-23 00:20:08.522] [error] [serialport] [serialport] event=serialport.send status=failed reason=not_connected boardName=board1
[2026-08-23 00:20:08.525] [error] [task] [task] event=parts.command status=failed reason=send_failed action=flow_reset boardName=board1 part=filter1FlowSensor
[2026-08-23 00:20:08.528] [debug] [task] [task] event=brew.menu status=started orderId=INSTANT-1787412008159 menuName=ICED아메리카노(다크시그니처) stepCount=10
[2026-08-23 00:20:08.540] [debug] [task] [task] event=brew.step status=started orderId=INSTANT-1787412008159 menuName=ICED아메리카노(다크시그니처) step=2 message="cup drop started"
[2026-08-23 00:20:08.548] [error] [app] event=main_process.error status=failed reason=unhandled_rejection stack=Error:_Missing_parts_options:_motorRotationCheckSwitch1_at_getRequiredPartsOptions_(C:\Users\김성규\Desktop\HASTE-AI\src\cafehaste-client\src\lilly-electron\out\main\index.js:33263:23)_at_checkPartsSensor_(C:\Users\김성규\Desktop\HASTE-AI\src\cafehaste-client\src\lilly-electron\out\main\index.js:33280:19)_at_cupOut_(C:\Users\김성규\Desktop\HASTE-AI\src\cafehaste-client\src\lilly-electron\out\main\index.js:33362:14)_at_C:\Users\김성규\Desktop\HASTE-AI\src\cafehaste-client\src\lilly-electron\out\main\index.js:39735:53_at_doInnerSub_(C:\Users\김성규\Desktop\HASTE-AI\src\cafehaste-client\src\... message="Missing parts options: motorRotationCheckSwitch1"
[2026-08-23 00:20:08.551] [error] [task] [task] event=brew.step status=failed orderId=INSTANT-1787412008159 menuName=ICED아메리카노(다크시그니처) step=step2 reason=step_failed message="[INSTANT-1787412008159] [ICED아메리카노(다크시그니처)] 컵 추출 실패: 컵1"
[2026-08-23 00:20:08.557] [debug] [api] [api] event=did.callback status=started orderId=INSTANT-1787412008159 menuName=ICED아메리카노(다크시그니처) state=2 target=local url=http://127.0.0.1:8080/sse/did
[2026-08-23 00:20:08.560] [debug] [api] [api] event=did.callback status=started orderId=INSTANT-1787412008159 menuName=ICED아메리카노(다크시그니처) state=2 target=remote url=http://127.0.0.1:8080/sse/did
[2026-08-23 00:20:08.569] [debug] [api] [api] event=did.callback status=success attempt=1 httpStatus=202 url=http://127.0.0.1:8080/sse/did
[2026-08-23 00:20:08.574] [debug] [api] [api] event=did.callback status=success attempt=1 httpStatus=202 url=http://127.0.0.1:8080/sse/did
[2026-08-23 00:20:08.576] [error] [task] [task] event=task.fail status=failed orderId=INSTANT-1787412008159 reason=brew_failed message="Error: Missing parts options: motorRotationCheckSwitch1"
[2026-08-23 00:20:08.578] [error] [kiosk] [manual] event=order.failed status=failed stage=HARDWARE source=manual virtual=on mode=test orderId=INSTANT-1787412008159 bill=0000 menuCount=1 error=HW물리검증_실패:_Error:_Missing_parts_options:_motorRotationCheckSwitch1
[2026-08-23 00:20:08.581] [error] [task] [task] event=task.queue status=failed orderId=INSTANT-1787412008159 reason=task_run_failed description=음료_제조_(INSTANT-1787412008159) message="BREW_STEP_FAILED:2:Error: Missing parts options: motorRotationCheckSwitch1"
[2026-08-23 00:20:13.984] [error] [coffee] [coffee] event=coffee.socket status=failed reason=ws_error machineName=WMF model=Lilly_(WMF) ip=192.168.10.99 port=25000 message="connect ETIMEDOUT 192.168.10.99:25000"
[2026-08-23 00:20:16.549] [debug] [api] [api] event=order.create status=started version=v1 orderId=INSTANT-1787412016546 productNo=MDI1001
[2026-08-23 00:20:16.553] [warn]  [api] [api] event=api.auth status=warning version=v1 command=ORDER orderId=INSTANT-1787412016546 reason=invalid_token_bypassed receivedToken=TEST_BREW_TOKEN
[2026-08-23 00:20:16.556] [info]  [kiosk] [manual] event=order.received status=success source=manual virtual=on mode=test orderId=INSTANT-1787412016546 bill=0000 menuCount=1 mappings=[{"baseCode":"MDI1001","recipeCode":"MDI1001","matchedMenuName":"ICED아메리카노(다크시그니처)(연하게)","stepsSummary":"CUP:ICE,_COFFEE:45,_ICE:5100,_COLD:155,_NONE:NONE,_NONE:NONE,_NONE:NONE,_NONE:NONE,_NONE:NONE,_NONE:NONE"}] isTestBrew=true
[2026-08-23 00:20:16.564] [debug] [task] [task] event=task.enqueue status=accepted orderId=INSTANT-1787412016546 priority=99 description=음료_제조_(INSTANT-1787412016546)
[2026-08-23 00:20:16.568] [debug] [task] [task] event=task.start status=started source=instant mode=dry_run orderId=INSTANT-1787412016546 menuCount=1
[2026-08-23 00:20:16.571] [debug] [api] [api] event=order.create status=accepted version=v1 orderId=INSTANT-1787412016546 productNo=MDI1001 bill=0000
[2026-08-23 00:20:16.578] [error] [serialport] [serialport] event=serialport.send status=failed reason=not_connected boardName=board1
[2026-08-23 00:20:16.580] [error] [task] [task] event=parts.command status=failed reason=send_failed action=flow_reset boardName=board1 part=filter1FlowSensor
[2026-08-23 00:20:16.583] [debug] [task] [task] event=brew.menu status=started orderId=INSTANT-1787412016546 menuName=ICED아메리카노(다크시그니처)(연하게) stepCount=10
[2026-08-23 00:20:16.590] [debug] [task] [task] event=brew.step status=started orderId=INSTANT-1787412016546 menuName=ICED아메리카노(다크시그니처)(연하게) step=2 message="cup drop started"
[2026-08-23 00:20:16.593] [error] [app] event=main_process.error status=failed reason=unhandled_rejection stack=Error:_Missing_parts_options:_motorRotationCheckSwitch1_at_getRequiredPartsOptions_(C:\Users\김성규\Desktop\HASTE-AI\src\cafehaste-client\src\lilly-electron\out\main\index.js:33263:23)_at_checkPartsSensor_(C:\Users\김성규\Desktop\HASTE-AI\src\cafehaste-client\src\lilly-electron\out\main\index.js:33280:19)_at_cupOut_(C:\Users\김성규\Desktop\HASTE-AI\src\cafehaste-client\src\lilly-electron\out\main\index.js:33362:14)_at_C:\Users\김성규\Desktop\HASTE-AI\src\cafehaste-client\src\lilly-electron\out\main\index.js:39735:53_at_doInnerSub_(C:\Users\김성규\Desktop\HASTE-AI\src\cafehaste-client\src\... message="Missing parts options: motorRotationCheckSwitch1"
[2026-08-23 00:20:16.607] [error] [task] [task] event=brew.step status=failed orderId=INSTANT-1787412016546 menuName=ICED아메리카노(다크시그니처)(연하게) step=step2 reason=step_failed message="[INSTANT-1787412016546] [ICED아메리카노(다크시그니처)(연하게)] 컵 추출 실패: 컵1"
[2026-08-23 00:20:16.609] [debug] [api] [api] event=did.callback status=started orderId=INSTANT-1787412016546 menuName=ICED아메리카노(다크시그니처)(연하게) state=2 target=local url=http://127.0.0.1:8080/sse/did
[2026-08-23 00:20:16.612] [debug] [api] [api] event=did.callback status=started orderId=INSTANT-1787412016546 menuName=ICED아메리카노(다크시그니처)(연하게) state=2 target=remote url=http://127.0.0.1:8080/sse/did
[2026-08-23 00:20:16.619] [debug] [api] [api] event=did.callback status=success attempt=1 httpStatus=202 url=http://127.0.0.1:8080/sse/did
[2026-08-23 00:20:16.626] [debug] [api] [api] event=did.callback status=success attempt=1 httpStatus=202 url=http://127.0.0.1:8080/sse/did
[2026-08-23 00:20:16.628] [error] [task] [task] event=task.fail status=failed orderId=INSTANT-1787412016546 reason=brew_failed message="Error: Missing parts options: motorRotationCheckSwitch1"
[2026-08-23 00:20:16.630] [error] [kiosk] [manual] event=order.failed status=failed stage=HARDWARE source=manual virtual=on mode=test orderId=INSTANT-1787412016546 bill=0000 menuCount=1 error=HW물리검증_실패:_Error:_Missing_parts_options:_motorRotationCheckSwitch1
[2026-08-23 00:20:16.632] [error] [task] [task] event=task.queue status=failed orderId=INSTANT-1787412016546 reason=task_run_failed description=음료_제조_(INSTANT-1787412016546) message="BREW_STEP_FAILED:2:Error: Missing parts options: motorRotationCheckSwitch1"
[2026-08-23 00:20:28.414] [debug] [api] [api] event=order.create status=started version=v1 orderId=INSTANT-1787412028101 productNo=MDI2003
[2026-08-23 00:20:28.418] [warn]  [api] [api] event=api.auth status=warning version=v1 command=ORDER orderId=INSTANT-1787412028101 reason=invalid_token_bypassed receivedToken=TEST_BREW_TOKEN
[2026-08-23 00:20:28.420] [info]  [kiosk] [manual] event=order.received status=success source=manual virtual=on mode=test orderId=INSTANT-1787412028101 bill=0000 menuCount=1 mappings=[{"baseCode":"MDI2003","recipeCode":"MDI2003","matchedMenuName":"ICED바닐라라떼(다크시그니처)","stepsSummary":"CUP:ICE,_COFFEE:62,_ICE:5100,_COLD_MILK:160,_SIRUP8:40,_NONE:NONE,_NONE:NONE,_NONE:NONE,_NONE:NONE,_NONE:NONE"}] isTestBrew=true
[2026-08-23 00:20:28.423] [debug] [task] [task] event=task.enqueue status=accepted orderId=INSTANT-1787412028101 priority=99 description=음료_제조_(INSTANT-1787412028101)
[2026-08-23 00:20:28.425] [debug] [task] [task] event=task.start status=started source=instant mode=dry_run orderId=INSTANT-1787412028101 menuCount=1
[2026-08-23 00:20:28.428] [debug] [api] [api] event=order.create status=accepted version=v1 orderId=INSTANT-1787412028101 productNo=MDI2003 bill=0000
[2026-08-23 00:20:28.433] [error] [serialport] [serialport] event=serialport.send status=failed reason=not_connected boardName=board1
[2026-08-23 00:20:28.435] [error] [task] [task] event=parts.command status=failed reason=send_failed action=flow_reset boardName=board1 part=filter1FlowSensor
[2026-08-23 00:20:28.437] [debug] [task] [task] event=brew.menu status=started orderId=INSTANT-1787412028101 menuName=ICED바닐라라떼(다크시그니처) stepCount=10
[2026-08-23 00:20:28.457] [debug] [task] [task] event=brew.step status=started orderId=INSTANT-1787412028101 menuName=ICED바닐라라떼(다크시그니처) step=2 message="cup drop started"
[2026-08-23 00:20:28.462] [error] [app] event=main_process.error status=failed reason=unhandled_rejection stack=Error:_Missing_parts_options:_motorRotationCheckSwitch1_at_getRequiredPartsOptions_(C:\Users\김성규\Desktop\HASTE-AI\src\cafehaste-client\src\lilly-electron\out\main\index.js:33263:23)_at_checkPartsSensor_(C:\Users\김성규\Desktop\HASTE-AI\src\cafehaste-client\src\lilly-electron\out\main\index.js:33280:19)_at_cupOut_(C:\Users\김성규\Desktop\HASTE-AI\src\cafehaste-client\src\lilly-electron\out\main\index.js:33362:14)_at_C:\Users\김성규\Desktop\HASTE-AI\src\cafehaste-client\src\lilly-electron\out\main\index.js:39735:53_at_doInnerSub_(C:\Users\김성규\Desktop\HASTE-AI\src\cafehaste-client\src\... message="Missing parts options: motorRotationCheckSwitch1"
[2026-08-23 00:20:28.475] [error] [task] [task] event=brew.step status=failed orderId=INSTANT-1787412028101 menuName=ICED바닐라라떼(다크시그니처) step=step2 reason=step_failed message="[INSTANT-1787412028101] [ICED바닐라라떼(다크시그니처)] 컵 추출 실패: 컵1"
[2026-08-23 00:20:28.478] [debug] [api] [api] event=did.callback status=started orderId=INSTANT-1787412028101 menuName=ICED바닐라라떼(다크시그니처) state=2 target=local url=http://127.0.0.1:8080/sse/did
[2026-08-23 00:20:28.481] [debug] [api] [api] event=did.callback status=started orderId=INSTANT-1787412028101 menuName=ICED바닐라라떼(다크시그니처) state=2 target=remote url=http://127.0.0.1:8080/sse/did
[2026-08-23 00:20:28.489] [debug] [api] [api] event=did.callback status=success attempt=1 httpStatus=202 url=http://127.0.0.1:8080/sse/did
[2026-08-23 00:20:28.493] [debug] [api] [api] event=did.callback status=success attempt=1 httpStatus=202 url=http://127.0.0.1:8080/sse/did
[2026-08-23 00:20:28.495] [error] [task] [task] event=task.fail status=failed orderId=INSTANT-1787412028101 reason=brew_failed message="Error: Missing parts options: motorRotationCheckSwitch1"
[2026-08-23 00:20:28.497] [error] [kiosk] [manual] event=order.failed status=failed stage=HARDWARE source=manual virtual=on mode=test orderId=INSTANT-1787412028101 bill=0000 menuCount=1 error=HW물리검증_실패:_Error:_Missing_parts_options:_motorRotationCheckSwitch1
[2026-08-23 00:20:28.502] [error] [task] [task] event=task.queue status=failed orderId=INSTANT-1787412028101 reason=task_run_failed description=음료_제조_(INSTANT-1787412028101) message="BREW_STEP_FAILED:2:Error: Missing parts options: motorRotationCheckSwitch1"
[2026-08-23 00:20:35.485] [debug] [api] [api] event=order.create status=started version=v1 orderId=INSTANT-1787412035481 productNo=MDI1007
[2026-08-23 00:20:35.490] [warn]  [api] [api] event=api.auth status=warning version=v1 command=ORDER orderId=INSTANT-1787412035481 reason=invalid_token_bypassed receivedToken=TEST_BREW_TOKEN
[2026-08-23 00:20:35.493] [info]  [kiosk] [manual] event=order.received status=success source=manual virtual=on mode=test orderId=INSTANT-1787412035481 bill=0000 menuCount=1 mappings=[{"baseCode":"MDI1007","recipeCode":"MDI1007","matchedMenuName":"ICED아메리카노(다크시그니처)(설탕)","stepsSummary":"CUP:ICE,_COFFEE:62,_ICE:5100,_COLD:155,_SIRUP6:25,_NONE:NONE,_NONE:NONE,_NONE:NONE,_NONE:NONE,_NONE:NONE"}] isTestBrew=true
[2026-08-23 00:20:35.500] [debug] [task] [task] event=task.enqueue status=accepted orderId=INSTANT-1787412035481 priority=99 description=음료_제조_(INSTANT-1787412035481)
[2026-08-23 00:20:35.502] [debug] [task] [task] event=task.start status=started source=instant mode=dry_run orderId=INSTANT-1787412035481 menuCount=1
[2026-08-23 00:20:35.510] [debug] [api] [api] event=order.create status=accepted version=v1 orderId=INSTANT-1787412035481 productNo=MDI1007 bill=0000
[2026-08-23 00:20:35.515] [error] [serialport] [serialport] event=serialport.send status=failed reason=not_connected boardName=board1
[2026-08-23 00:20:35.521] [error] [task] [task] event=parts.command status=failed reason=send_failed action=flow_reset boardName=board1 part=filter1FlowSensor
[2026-08-23 00:20:35.524] [debug] [task] [task] event=brew.menu status=started orderId=INSTANT-1787412035481 menuName=ICED아메리카노(다크시그니처)(설탕) stepCount=10
[2026-08-23 00:20:35.532] [debug] [task] [task] event=brew.step status=started orderId=INSTANT-1787412035481 menuName=ICED아메리카노(다크시그니처)(설탕) step=2 message="cup drop started"
[2026-08-23 00:20:35.535] [error] [app] event=main_process.error status=failed reason=unhandled_rejection stack=Error:_Missing_parts_options:_motorRotationCheckSwitch1_at_getRequiredPartsOptions_(C:\Users\김성규\Desktop\HASTE-AI\src\cafehaste-client\src\lilly-electron\out\main\index.js:33263:23)_at_checkPartsSensor_(C:\Users\김성규\Desktop\HASTE-AI\src\cafehaste-client\src\lilly-electron\out\main\index.js:33280:19)_at_cupOut_(C:\Users\김성규\Desktop\HASTE-AI\src\cafehaste-client\src\lilly-electron\out\main\index.js:33362:14)_at_C:\Users\김성규\Desktop\HASTE-AI\src\cafehaste-client\src\lilly-electron\out\main\index.js:39735:53_at_doInnerSub_(C:\Users\김성규\Desktop\HASTE-AI\src\cafehaste-client\src\... message="Missing parts options: motorRotationCheckSwitch1"
[2026-08-23 00:20:35.552] [error] [task] [task] event=brew.step status=failed orderId=INSTANT-1787412035481 menuName=ICED아메리카노(다크시그니처)(설탕) step=step2 reason=step_failed message="[INSTANT-1787412035481] [ICED아메리카노(다크시그니처)(설탕)] 컵 추출 실패: 컵1"
[2026-08-23 00:20:35.556] [debug] [api] [api] event=did.callback status=started orderId=INSTANT-1787412035481 menuName=ICED아메리카노(다크시그니처)(설탕) state=2 target=local url=http://127.0.0.1:8080/sse/did
[2026-08-23 00:20:35.558] [debug] [api] [api] event=did.callback status=started orderId=INSTANT-1787412035481 menuName=ICED아메리카노(다크시그니처)(설탕) state=2 target=remote url=http://127.0.0.1:8080/sse/did
[2026-08-23 00:20:35.566] [debug] [api] [api] event=did.callback status=success attempt=1 httpStatus=202 url=http://127.0.0.1:8080/sse/did
[2026-08-23 00:20:35.568] [debug] [api] [api] event=did.callback status=success attempt=1 httpStatus=202 url=http://127.0.0.1:8080/sse/did
[2026-08-23 00:20:35.570] [error] [task] [task] event=task.fail status=failed orderId=INSTANT-1787412035481 reason=brew_failed message="Error: Missing parts options: motorRotationCheckSwitch1"
[2026-08-23 00:20:35.573] [error] [kiosk] [manual] event=order.failed status=failed stage=HARDWARE source=manual virtual=on mode=test orderId=INSTANT-1787412035481 bill=0000 menuCount=1 error=HW물리검증_실패:_Error:_Missing_parts_options:_motorRotationCheckSwitch1
[2026-08-23 00:20:35.576] [error] [task] [task] event=task.queue status=failed orderId=INSTANT-1787412035481 reason=task_run_failed description=음료_제조_(INSTANT-1787412035481) message="BREW_STEP_FAILED:2:Error: Missing parts options: motorRotationCheckSwitch1"
[2026-08-23 00:20:40.576] [debug] [api] [api] event=order.create status=started version=v1 orderId=INSTANT-1787412040573 productNo=MDI2012
[2026-08-23 00:20:40.580] [warn]  [api] [api] event=api.auth status=warning version=v1 command=ORDER orderId=INSTANT-1787412040573 reason=invalid_token_bypassed receivedToken=TEST_BREW_TOKEN
[2026-08-23 00:20:40.582] [info]  [kiosk] [manual] event=order.received status=success source=manual virtual=on mode=test orderId=INSTANT-1787412040573 bill=0000 menuCount=1 mappings=[{"baseCode":"MDI2012","recipeCode":"MDI2012","matchedMenuName":"ICED녹차샷라떼(다크시그니처)","stepsSummary":"CUP:ICE,_COFFEE:45,_ICE:5100,_COLD_MILK:200,_SIRUP6:10,_SIRUP15:55,_NONE:NONE,_NONE:NONE,_NONE:NONE,_NONE:NONE"}] isTestBrew=true
[2026-08-23 00:20:40.584] [debug] [task] [task] event=task.enqueue status=accepted orderId=INSTANT-1787412040573 priority=99 description=음료_제조_(INSTANT-1787412040573)
[2026-08-23 00:20:40.586] [debug] [task] [task] event=task.start status=started source=instant mode=dry_run orderId=INSTANT-1787412040573 menuCount=1
[2026-08-23 00:20:40.589] [debug] [api] [api] event=order.create status=accepted version=v1 orderId=INSTANT-1787412040573 productNo=MDI2012 bill=0000
[2026-08-23 00:20:40.593] [error] [serialport] [serialport] event=serialport.send status=failed reason=not_connected boardName=board1
[2026-08-23 00:20:40.599] [error] [task] [task] event=parts.command status=failed reason=send_failed action=flow_reset boardName=board1 part=filter1FlowSensor
[2026-08-23 00:20:40.602] [debug] [task] [task] event=brew.menu status=started orderId=INSTANT-1787412040573 menuName=ICED녹차샷라떼(다크시그니처) stepCount=10
[2026-08-23 00:20:40.610] [debug] [task] [task] event=brew.step status=started orderId=INSTANT-1787412040573 menuName=ICED녹차샷라떼(다크시그니처) step=2 message="cup drop started"
[2026-08-23 00:20:40.612] [error] [app] event=main_process.error status=failed reason=unhandled_rejection stack=Error:_Missing_parts_options:_motorRotationCheckSwitch1_at_getRequiredPartsOptions_(C:\Users\김성규\Desktop\HASTE-AI\src\cafehaste-client\src\lilly-electron\out\main\index.js:33263:23)_at_checkPartsSensor_(C:\Users\김성규\Desktop\HASTE-AI\src\cafehaste-client\src\lilly-electron\out\main\index.js:33280:19)_at_cupOut_(C:\Users\김성규\Desktop\HASTE-AI\src\cafehaste-client\src\lilly-electron\out\main\index.js:33362:14)_at_C:\Users\김성규\Desktop\HASTE-AI\src\cafehaste-client\src\lilly-electron\out\main\index.js:39735:53_at_doInnerSub_(C:\Users\김성규\Desktop\HASTE-AI\src\cafehaste-client\src\... message="Missing parts options: motorRotationCheckSwitch1"
[2026-08-23 00:20:40.624] [error] [task] [task] event=brew.step status=failed orderId=INSTANT-1787412040573 menuName=ICED녹차샷라떼(다크시그니처) step=step2 reason=step_failed message="[INSTANT-1787412040573] [ICED녹차샷라떼(다크시그니처)] 컵 추출 실패: 컵1"
[2026-08-23 00:20:40.632] [debug] [api] [api] event=did.callback status=started orderId=INSTANT-1787412040573 menuName=ICED녹차샷라떼(다크시그니처) state=2 target=local url=http://127.0.0.1:8080/sse/did
[2026-08-23 00:20:40.636] [debug] [api] [api] event=did.callback status=started orderId=INSTANT-1787412040573 menuName=ICED녹차샷라떼(다크시그니처) state=2 target=remote url=http://127.0.0.1:8080/sse/did
[2026-08-23 00:20:40.644] [debug] [api] [api] event=did.callback status=success attempt=1 httpStatus=202 url=http://127.0.0.1:8080/sse/did
[2026-08-23 00:20:40.647] [debug] [api] [api] event=did.callback status=success attempt=1 httpStatus=202 url=http://127.0.0.1:8080/sse/did
[2026-08-23 00:20:40.649] [error] [task] [task] event=task.fail status=failed orderId=INSTANT-1787412040573 reason=brew_failed message="Error: Missing parts options: motorRotationCheckSwitch1"
[2026-08-23 00:20:40.651] [error] [kiosk] [manual] event=order.failed status=failed stage=HARDWARE source=manual virtual=on mode=test orderId=INSTANT-1787412040573 bill=0000 menuCount=1 error=HW물리검증_실패:_Error:_Missing_parts_options:_motorRotationCheckSwitch1
[2026-08-23 00:20:40.669] [error] [task] [task] event=task.queue status=failed orderId=INSTANT-1787412040573 reason=task_run_failed description=음료_제조_(INSTANT-1787412040573) message="BREW_STEP_FAILED:2:Error: Missing parts options: motorRotationCheckSwitch1"
[2026-08-23 00:20:56.388] [debug] [api] [api] event=order.create status=started version=v1 orderId=INSTANT-1787412056071 productNo=MAI4010
[2026-08-23 00:20:56.392] [warn]  [api] [api] event=api.auth status=warning version=v1 command=ORDER orderId=INSTANT-1787412056071 reason=invalid_token_bypassed receivedToken=TEST_BREW_TOKEN
[2026-08-23 00:20:56.397] [info]  [kiosk] [manual] event=order.received status=success source=manual virtual=on mode=test orderId=INSTANT-1787412056071 bill=0000 menuCount=1 mappings=[{"baseCode":"MAI4010","recipeCode":"MAI4010","matchedMenuName":"ICED레몬딸기에이드","stepsSummary":"CUP:ICE,_ICE:5100,_SPARKLE:200,_SIRUP3:40,_SIRUP9:40,_NONE:NONE,_NONE:NONE,_NONE:NONE,_NONE:NONE,_NONE:NONE"}] isTestBrew=true
[2026-08-23 00:20:56.402] [debug] [task] [task] event=task.enqueue status=accepted orderId=INSTANT-1787412056071 priority=99 description=음료_제조_(INSTANT-1787412056071)
[2026-08-23 00:20:56.408] [debug] [task] [task] event=task.start status=started source=instant mode=dry_run orderId=INSTANT-1787412056071 menuCount=1
[2026-08-23 00:20:56.412] [debug] [api] [api] event=order.create status=accepted version=v1 orderId=INSTANT-1787412056071 productNo=MAI4010 bill=0000
[2026-08-23 00:20:56.418] [error] [serialport] [serialport] event=serialport.send status=failed reason=not_connected boardName=board1
[2026-08-23 00:20:56.426] [error] [task] [task] event=parts.command status=failed reason=send_failed action=flow_reset boardName=board1 part=filter1FlowSensor
[2026-08-23 00:20:56.430] [debug] [task] [task] event=brew.menu status=started orderId=INSTANT-1787412056071 menuName=ICED레몬딸기에이드 stepCount=10
[2026-08-23 00:20:56.446] [debug] [task] [task] event=brew.step status=started orderId=INSTANT-1787412056071 menuName=ICED레몬딸기에이드 step=2 message="cup drop started"
[2026-08-23 00:20:56.449] [error] [app] event=main_process.error status=failed reason=unhandled_rejection stack=Error:_Missing_parts_options:_motorRotationCheckSwitch1_at_getRequiredPartsOptions_(C:\Users\김성규\Desktop\HASTE-AI\src\cafehaste-client\src\lilly-electron\out\main\index.js:33263:23)_at_checkPartsSensor_(C:\Users\김성규\Desktop\HASTE-AI\src\cafehaste-client\src\lilly-electron\out\main\index.js:33280:19)_at_cupOut_(C:\Users\김성규\Desktop\HASTE-AI\src\cafehaste-client\src\lilly-electron\out\main\index.js:33362:14)_at_C:\Users\김성규\Desktop\HASTE-AI\src\cafehaste-client\src\lilly-electron\out\main\index.js:39735:53_at_doInnerSub_(C:\Users\김성규\Desktop\HASTE-AI\src\cafehaste-client\src\... message="Missing parts options: motorRotationCheckSwitch1"
[2026-08-23 00:20:56.461] [error] [task] [task] event=brew.step status=failed orderId=INSTANT-1787412056071 menuName=ICED레몬딸기에이드 step=step2 reason=step_failed message="[INSTANT-1787412056071] [ICED레몬딸기에이드] 컵 추출 실패: 컵1"
[2026-08-23 00:20:56.464] [debug] [api] [api] event=did.callback status=started orderId=INSTANT-1787412056071 menuName=ICED레몬딸기에이드 state=2 target=local url=http://127.0.0.1:8080/sse/did
[2026-08-23 00:20:56.467] [debug] [api] [api] event=did.callback status=started orderId=INSTANT-1787412056071 menuName=ICED레몬딸기에이드 state=2 target=remote url=http://127.0.0.1:8080/sse/did
[2026-08-23 00:20:56.474] [debug] [api] [api] event=did.callback status=success attempt=1 httpStatus=202 url=http://127.0.0.1:8080/sse/did
[2026-08-23 00:20:56.477] [debug] [api] [api] event=did.callback status=success attempt=1 httpStatus=202 url=http://127.0.0.1:8080/sse/did
[2026-08-23 00:20:56.480] [error] [task] [task] event=task.fail status=failed orderId=INSTANT-1787412056071 reason=brew_failed message="Error: Missing parts options: motorRotationCheckSwitch1"
[2026-08-23 00:20:56.482] [error] [kiosk] [manual] event=order.failed status=failed stage=HARDWARE source=manual virtual=on mode=test orderId=INSTANT-1787412056071 bill=0000 menuCount=1 error=HW물리검증_실패:_Error:_Missing_parts_options:_motorRotationCheckSwitch1
[2026-08-23 00:20:56.491] [error] [task] [task] event=task.queue status=failed orderId=INSTANT-1787412056071 reason=task_run_failed description=음료_제조_(INSTANT-1787412056071) message="BREW_STEP_FAILED:2:Error: Missing parts options: motorRotationCheckSwitch1"
[2026-08-23 00:21:34.887] [debug] [api] [api] event=order.create status=started version=v1 orderId=INSTANT-1787412094885 productNo=MMI3024
[2026-08-23 00:21:34.892] [warn]  [api] [api] event=api.auth status=warning version=v1 command=ORDER orderId=INSTANT-1787412094885 reason=invalid_token_bypassed receivedToken=TEST_BREW_TOKEN
[2026-08-23 00:21:34.894] [info]  [kiosk] [manual] event=order.received status=success source=manual virtual=on mode=test orderId=INSTANT-1787412094885 bill=0000 menuCount=1 mappings=[{"baseCode":"MMI3024","recipeCode":"MMI3024","matchedMenuName":"ICED바나나라떼(카라멜)","stepsSummary":"CUP:ICE,_ICE:5100,_COLD_MILK:220,_SIRUP13:25,_SIRUP17:35,_NONE:NONE,_NONE:NONE,_NONE:NONE,_NONE:NONE,_NONE:NONE"}] isTestBrew=true
[2026-08-23 00:21:34.898] [debug] [task] [task] event=task.enqueue status=accepted orderId=INSTANT-1787412094885 priority=99 description=음료_제조_(INSTANT-1787412094885)
[2026-08-23 00:21:34.901] [debug] [task] [task] event=task.start status=started source=instant mode=dry_run orderId=INSTANT-1787412094885 menuCount=1
[2026-08-23 00:21:34.903] [debug] [api] [api] event=order.create status=accepted version=v1 orderId=INSTANT-1787412094885 productNo=MMI3024 bill=0000
[2026-08-23 00:21:34.918] [error] [serialport] [serialport] event=serialport.send status=failed reason=not_connected boardName=board1
[2026-08-23 00:21:34.921] [error] [task] [task] event=parts.command status=failed reason=send_failed action=flow_reset boardName=board1 part=filter1FlowSensor
[2026-08-23 00:21:34.924] [debug] [task] [task] event=brew.menu status=started orderId=INSTANT-1787412094885 menuName=ICED바나나라떼(카라멜) stepCount=10
[2026-08-23 00:21:34.942] [debug] [task] [task] event=brew.step status=started orderId=INSTANT-1787412094885 menuName=ICED바나나라떼(카라멜) step=2 message="cup drop started"
[2026-08-23 00:21:34.945] [error] [app] event=main_process.error status=failed reason=unhandled_rejection stack=Error:_Missing_parts_options:_motorRotationCheckSwitch1_at_getRequiredPartsOptions_(C:\Users\김성규\Desktop\HASTE-AI\src\cafehaste-client\src\lilly-electron\out\main\index.js:33263:23)_at_checkPartsSensor_(C:\Users\김성규\Desktop\HASTE-AI\src\cafehaste-client\src\lilly-electron\out\main\index.js:33280:19)_at_cupOut_(C:\Users\김성규\Desktop\HASTE-AI\src\cafehaste-client\src\lilly-electron\out\main\index.js:33362:14)_at_C:\Users\김성규\Desktop\HASTE-AI\src\cafehaste-client\src\lilly-electron\out\main\index.js:39735:53_at_doInnerSub_(C:\Users\김성규\Desktop\HASTE-AI\src\cafehaste-client\src\... message="Missing parts options: motorRotationCheckSwitch1"
[2026-08-23 00:21:34.959] [error] [task] [task] event=brew.step status=failed orderId=INSTANT-1787412094885 menuName=ICED바나나라떼(카라멜) step=step2 reason=step_failed message="[INSTANT-1787412094885] [ICED바나나라떼(카라멜)] 컵 추출 실패: 컵1"
[2026-08-23 00:21:34.961] [debug] [api] [api] event=did.callback status=started orderId=INSTANT-1787412094885 menuName=ICED바나나라떼(카라멜) state=2 target=local url=http://127.0.0.1:8080/sse/did
[2026-08-23 00:21:34.964] [debug] [api] [api] event=did.callback status=started orderId=INSTANT-1787412094885 menuName=ICED바나나라떼(카라멜) state=2 target=remote url=http://127.0.0.1:8080/sse/did
[2026-08-23 00:21:34.970] [debug] [api] [api] event=did.callback status=success attempt=1 httpStatus=202 url=http://127.0.0.1:8080/sse/did
[2026-08-23 00:21:34.975] [debug] [api] [api] event=did.callback status=success attempt=1 httpStatus=202 url=http://127.0.0.1:8080/sse/did
[2026-08-23 00:21:34.983] [error] [task] [task] event=task.fail status=failed orderId=INSTANT-1787412094885 reason=brew_failed message="Error: Missing parts options: motorRotationCheckSwitch1"
[2026-08-23 00:21:34.985] [error] [kiosk] [manual] event=order.failed status=failed stage=HARDWARE source=manual virtual=on mode=test orderId=INSTANT-1787412094885 bill=0000 menuCount=1 error=HW물리검증_실패:_Error:_Missing_parts_options:_motorRotationCheckSwitch1
[2026-08-23 00:21:34.991] [error] [task] [task] event=task.queue status=failed orderId=INSTANT-1787412094885 reason=task_run_failed description=음료_제조_(INSTANT-1787412094885) message="BREW_STEP_FAILED:2:Error: Missing parts options: motorRotationCheckSwitch1"
[2026-08-23 00:24:19.736] [info]  [HASTE DB Save] Settings category "menu" has been updated and saved to SQLite successfully.
[2026-08-23 00:24:19.739] [info]  [HASTE DB Save] Settings category "product" has been updated and saved to SQLite successfully.
[2026-08-23 00:24:19.741] [info]  [HASTE DB Sync] Reloading memory settingsStore from SQLite database...
[2026-08-23 00:24:19.746] [info]  [HASTE DB Load] Loaded settings from SQLite database successfully. StoreName: "김포집", StoreNo: "01012345678", ThemeMode: "Light", isKioskDryRun: "false"
[2026-08-23 00:24:19.809] [info]  [HASTE Standard Recipe Apply] Successfully synced 59 Toss Kiosk products for store hoppers from Google Sheet SOT! (Tier: MV_LOW)
[2026-08-23 00:24:19.810] [info]  [HASTE Standard Recipe Apply] Successfully generated and injected 228 store-matched physical recipes & Toss Kiosk menu from Google Sheet SOT! (Hopper1: D_SAVE, Hopper2: N_SAVE, Board: 2(24종))
[2026-08-23 00:24:20.039] [info]  [HASTE DB Save] Settings category "information" has been updated and saved to SQLite successfully.
[2026-08-23 00:24:20.041] [info]  [HASTE DB Save] Settings category "information" has been updated and saved to SQLite successfully.
[2026-08-23 00:24:20.043] [info]  [HASTE DB Save] Settings category "information" has been updated and saved to SQLite successfully.
[2026-08-23 00:24:20.071] [error] [Client] [POS_SYNC] [IMPORT_FAIL] : 가져올 키오스크 상품 번호가 전달되지 않았습니다.
[2026-08-23 00:24:20.079] [info]  [HASTE DB Save] Settings category "menu" has been updated and saved to SQLite successfully.
[2026-08-23 00:24:20.081] [info]  [HASTE DB Save] Settings category "product" has been updated and saved to SQLite successfully.
[2026-08-23 00:24:20.082] [info]  [HASTE DB Sync] Reloading memory settingsStore from SQLite database...
[2026-08-23 00:24:20.084] [info]  [HASTE DB Load] Loaded settings from SQLite database successfully. StoreName: "김포집", StoreNo: "01012345678", ThemeMode: "Light", isKioskDryRun: "false"
[2026-08-23 00:24:20.086] [info]  [HASTE] Successfully cloned 59 kiosk items to local SQLite DB & store!
[2026-08-23 00:24:20.091] [info]  [HASTE DB Save] Settings category "menu" has been updated and saved to SQLite successfully.
[2026-08-23 00:24:20.094] [info]  [HASTE DB Save] Settings category "product" has been updated and saved to SQLite successfully.
[2026-08-23 00:24:20.095] [info]  [HASTE DB Sync] Reloading memory settingsStore from SQLite database...
[2026-08-23 00:24:20.100] [info]  [HASTE DB Load] Loaded settings from SQLite database successfully. StoreName: "김포집", StoreNo: "01012345678", ThemeMode: "Light", isKioskDryRun: "false"
[2026-08-23 00:24:20.176] [info]  [HASTE Standard Recipe Apply] Successfully synced 59 Toss Kiosk products for store hoppers from Google Sheet SOT! (Tier: MV_LOW)
[2026-08-23 00:24:20.177] [info]  [HASTE Standard Recipe Apply] Successfully generated and injected 228 store-matched physical recipes & Toss Kiosk menu from Google Sheet SOT! (Hopper1: D_SAVE, Hopper2: N_SAVE, Board: 2(24종))
[2026-08-23 00:24:20.194] [info]  [HASTE DB Save] Settings category "information" has been updated and saved to SQLite successfully.
[2026-08-23 00:24:20.195] [info]  [task] [HASTE Pricing] Successfully applied pricing tier 'MV_LOW' to 59 kiosk menu items.
[2026-08-23 00:24:20.416] [info]  [HASTE DB Save] Settings category "information" has been updated and saved to SQLite successfully.
[2026-08-23 00:24:20.651] [info]  [HASTE DB Save] Settings category "information" has been updated and saved to SQLite successfully.
[2026-08-23 00:24:36.055] [info]  [task] [HASTE PDF] Generated official Toss Options PDF for store: 김포집
[2026-08-23 00:32:42.924] [info]  [HASTE DB Load] Loaded settings from SQLite database successfully. StoreName: "김포집", StoreNo: "01012345678", ThemeMode: "Light", isKioskDryRun: "false"
[2026-08-23 00:32:43.581] [info]  [app] event=app.startup status=started appVersion=3.1.1r58 packaged=false
[2026-08-23 00:32:43.681] [info]  [app] event=app.window status=success
[2026-08-23 00:32:43.827] [info]  [app] event=app.tray status=success
[2026-08-23 00:32:43.829] [info]  [app] event=updater.check status=ignored reason=store_managed_distribution
[2026-08-23 00:32:43.835] [info]  [app] event=app.ipc status=success
[2026-08-23 00:32:43.848] [info]  [app] event=task.start status=success
[2026-08-23 00:32:43.850] [debug] [api] [api] event=settings.change status=success port=8080 posStoreNo=01012345678 deviceModelId=D0000
[2026-08-23 00:32:43.853] [info]  [api] [HASTE] Found SSL Certificates at: C:\Users\김성규\Desktop\HASTE-AI\src\cafehaste-client\src\lilly-electron\resources
[2026-08-23 00:32:43.865] [info]  [api] [HASTE] Started HTTP Hono Server on port 8080 (Toss Place HTTP Mode).
[2026-08-23 00:32:43.870] [info]  [api] [HASTE] Started HTTPS Hono Server on port 8443 (Toss Kiosk Mode).
[2026-08-23 00:32:43.871] [debug] [api] [api] event=api.server status=success port=8080 host=0.0.0.0
[2026-08-23 00:32:43.875] [info]  [serialport] [serialport] event=serialport.connect status=started scope=all
[2026-08-23 00:32:43.885] [debug] [coffee] [coffee] event=settings.change status=success field=thirdpartyType value=Lilly_(WMF)
[2026-08-23 00:32:43.888] [debug] [coffee] [coffee] event=coffee.socket status=started transport=ws machineName=WMF model=Lilly_(WMF) ip=192.168.10.99 port=25000
[2026-08-23 00:32:43.900] [debug] [coffee] [coffee] event=temperature.change status=success
[2026-08-23 00:32:43.902] [debug] [api] [api] event=did.callback status=ignored reason=local_did_not_open screen=temperature
[2026-08-23 00:32:43.909] [info]  [HASTE DB Save] Settings category "inventory" has been updated and saved to SQLite successfully.
[2026-08-23 00:32:43.912] [info]  [HASTE DB Save] Settings category "inventory" has been updated and saved to SQLite successfully.
[2026-08-23 00:32:43.914] [info]  [serialport] [serialport] event=serialport.connect status=started scope=all
[2026-08-23 00:32:43.918] [info]  [HASTE DB Save] Settings category "inventory" has been updated and saved to SQLite successfully.
[2026-08-23 00:32:43.921] [info]  [HASTE DB Save] Settings category "inventory" has been updated and saved to SQLite successfully.
[2026-08-23 00:32:43.922] [debug] [api] [HASTE Theme Sync] Applied local UI theme: isDark=false
[2026-08-23 00:32:43.924] [debug] [api] [api] event=did.callback status=started target=local screen=/ reason=local_api_down
[2026-08-23 00:32:43.927] [info]  [app] event=app.startup status=success message="subscriptions registered"
[2026-08-23 00:32:43.929] [debug] [task] [task] event=scheduler.change status=success routine=FOAMER_RINSING intervalSec=6000 normalizedIntervalSec=6000
[2026-08-23 00:32:43.932] [debug] [task] [task] event=scheduler.change status=success routine=WARM_RINSING intervalSec=0 normalizedIntervalSec=0
[2026-08-23 00:32:43.936] [debug] [task] [task] event=scheduler.change status=success routine=MIXER_RINSING intervalSec=0 normalizedIntervalSec=0
[2026-08-23 00:32:43.938] [debug] [task] [task] event=scheduler.change status=success routine=ERROR_CHECK intervalSec=1800 normalizedIntervalSec=1800
[2026-08-23 00:32:43.941] [debug] [task] [task] event=scheduler.change status=success routine=ICE_MAKER intervalSec=1800 normalizedIntervalSec=1800
[2026-08-23 00:32:43.944] [debug] [task] [task] event=scheduler.change status=success routine=TEMP_CHECK intervalSec=600 normalizedIntervalSec=600
[2026-08-23 00:32:43.948] [debug] [app] event=scheduler.change status=success routine=license.verify intervalSec=86400
[2026-08-23 00:32:43.949] [info]  [app] event=app.startup status=success message="schedulers registered"
[2026-08-23 00:32:43.957] [info]  [HASTE Guard] enableHasteAgent is false (OFF). Skipping agent bot launch.
[2026-08-23 00:32:43.984] [error] [serialport] [serialport] event=serialport.error status=failed reason=port_error boardName=board1 port=COM6 message="Opening COM6: File not found"
[2026-08-23 00:32:43.990] [error] [serialport] [serialport] event=serialport.error status=failed reason=port_error boardName=board2 port=COM7 message="Opening COM7: File not found"
[2026-08-23 00:32:43.992] [error] [serialport] [serialport] event=serialport.error status=failed reason=port_error boardName=board1 port=COM6 message="Opening COM6: File not found"
[2026-08-23 00:32:43.996] [error] [serialport] [serialport] event=serialport.error status=failed reason=port_error boardName=board2 port=COM7 message="Opening COM7: File not found"
[2026-08-23 00:32:43.999] [debug] [api] [HASTE DevTools Sync] Current window DevTools opened state: false, Target state: false
[2026-08-23 00:32:44.289] [info]  [HASTE DB Save] Settings category "information" has been updated and saved to SQLite successfully.
[2026-08-23 00:32:44.414] [info]  [HASTE DB Save] Settings category "information" has been updated and saved to SQLite successfully.
[2026-08-23 00:32:44.416] [info]  [app] event=license.verify status=success state=approved storeId=01012345678
[2026-08-23 00:32:48.905] [error] [coffee] [coffee] event=coffee.socket status=failed reason=open_timeout transport=ws machineName=WMF model=Lilly_(WMF) ip=192.168.10.99 port=25000
[2026-08-23 00:32:48.920] [error] [coffee] [coffee] event=coffee.socket status=failed reason=connect_failed transport=ws machineName=WMF model=Lilly_(WMF) ip=192.168.10.99 port=25000
[2026-08-23 00:33:05.005] [error] [coffee] [coffee] event=coffee.socket status=failed reason=ws_error machineName=WMF model=Lilly_(WMF) ip=192.168.10.99 port=25000 message="connect ETIMEDOUT 192.168.10.99:25000"
[2026-08-23 00:33:17.846] [debug] [api] [api] event=api.request status=started version=v1 route=POST_/v1/order
[2026-08-23 00:33:17.852] [info]  [api] [HASTE INCOMING ORDER BODY] {"orderId":"746391480207170733","items":[{"itemId":"16384882","productNo":"16384882","name":"카페라떼","count":1,"options":[{"optionCode":"1714039","optionName":"ICE","price":0,"quantity":1},{"optionCode":"1714049","optionName":"다크시그니처","price":0,"quantity":1}]}],"productNo":"16384882","options":[{"optionCode":"1714039","optionName":"ICE","price":0,"quantity":1},{"optionCode":"1714049","optionName":"다크시그니처","price":0,"quantity":1}],"tossStoreId":"543655","storeNo":"543655"}
[2026-08-23 00:33:17.854] [info]  [api] [HASTE INCOMING ORDER HEADERS] {"accept-encoding":"gzip, deflate, br","connection":"close","content-length":"506","content-type":"application/json","host":"local.cafehaste.com:8443","user-agent":"got (https://github.com/sindresorhus/got)"}
[2026-08-23 00:33:17.856] [info]  [api] [HASTE INCOMING ORDER QUERY] {}
[2026-08-23 00:33:17.859] [debug] [task] [task] event=task.enqueue status=accepted orderId=746391480207170733 priority=99 description=음료_제조_(746391480207170733)
[2026-08-23 00:33:17.861] [debug] [task] [task] event=task.start status=started source=toss mode=live orderId=746391480207170733 menuCount=1
[2026-08-23 00:33:17.864] [info]  [kiosk] [toss] event=order.received status=success source=toss virtual=off mode=order orderId=746391480207170733 menuCount=1 mappings=[{"baseCode":"MDI2001","recipeCode":"MDI2001","matchedMenuName":"ICED카페라떼(다크시그니처)","stepsSummary":"CUP:1,_COFFEE:62,_ICE:5100,_COLD_MILK:180"}]
[2026-08-23 00:33:17.868] [info]  [api] ☕ [HASTE Order Enqueued] orderId=746391480207170733 source=toss 총 1잔 순차 제조 큐 적재 완료!
[2026-08-23 00:33:17.873] [error] [serialport] [serialport] event=serialport.send status=failed reason=not_connected boardName=board1
[2026-08-23 00:33:17.876] [error] [task] [task] event=parts.command status=failed reason=send_failed action=flow_reset boardName=board1 part=filter1FlowSensor
[2026-08-23 00:33:17.879] [debug] [task] [task] event=brew.menu status=started orderId=746391480207170733 menuName=ICED카페라떼(다크시그니처) stepCount=4
[2026-08-23 00:33:17.897] [debug] [task] [task] event=brew.step status=started orderId=746391480207170733 menuName=ICED카페라떼(다크시그니처) step=2 message="cup drop started"
[2026-08-23 00:33:17.904] [error] [app] event=main_process.error status=failed reason=unhandled_rejection stack=Error:_Missing_parts_options:_motorRotationCheckSwitch1_at_getRequiredPartsOptions_(C:\Users\김성규\Desktop\HASTE-AI\src\cafehaste-client\src\lilly-electron\out\main\index.js:33263:23)_at_checkPartsSensor_(C:\Users\김성규\Desktop\HASTE-AI\src\cafehaste-client\src\lilly-electron\out\main\index.js:33280:19)_at_cupOut_(C:\Users\김성규\Desktop\HASTE-AI\src\cafehaste-client\src\lilly-electron\out\main\index.js:33362:14)_at_C:\Users\김성규\Desktop\HASTE-AI\src\cafehaste-client\src\lilly-electron\out\main\index.js:39735:53_at_doInnerSub_(C:\Users\김성규\Desktop\HASTE-AI\src\cafehaste-client\src\... message="Missing parts options: motorRotationCheckSwitch1"
[2026-08-23 00:33:17.909] [error] [task] [task] event=brew.step status=failed orderId=746391480207170733 menuName=ICED카페라떼(다크시그니처) step=step2 reason=step_failed message="[746391480207170733] [ICED카페라떼(다크시그니처)] 컵 추출 실패: 컵1"
[2026-08-23 00:33:17.913] [debug] [api] [api] event=did.callback status=started orderId=746391480207170733 menuName=ICED카페라떼(다크시그니처) state=2 target=local url=http://127.0.0.1:8080/sse/did
[2026-08-23 00:33:17.919] [debug] [api] [api] event=did.callback status=started orderId=746391480207170733 menuName=ICED카페라떼(다크시그니처) state=2 target=remote url=http://127.0.0.1:8080/sse/did
[2026-08-23 00:33:17.930] [debug] [api] [api] event=did.callback status=success attempt=1 httpStatus=202 url=http://127.0.0.1:8080/sse/did
[2026-08-23 00:33:17.933] [debug] [api] [api] event=did.callback status=success attempt=1 httpStatus=202 url=http://127.0.0.1:8080/sse/did
[2026-08-23 00:33:17.937] [error] [task] [task] event=task.fail status=failed orderId=746391480207170733 reason=brew_failed message="Error: Missing parts options: motorRotationCheckSwitch1"
[2026-08-23 00:33:17.939] [error] [kiosk] [toss] event=order.failed status=failed stage=HARDWARE source=toss virtual=off mode=order orderId=746391480207170733 bill=746391480207170733 menuCount=1 error=HW물리검증_실패:_Error:_Missing_parts_options:_motorRotationCheckSwitch1
[2026-08-23 00:33:17.944] [error] [task] [task] event=task.queue status=failed orderId=746391480207170733 reason=task_run_failed description=음료_제조_(746391480207170733) message="BREW_STEP_FAILED:2:Error: Missing parts options: motorRotationCheckSwitch1"
[2026-08-23 00:35:01.763] [debug] [api] [api] event=api.request status=started version=v1 route=POST_/v1/order
[2026-08-23 00:35:01.770] [info]  [api] [HASTE INCOMING ORDER BODY] {"orderId":"746391916108581146","items":[{"itemId":"16384880","productNo":"16384880","name":"아메리카노","count":1,"options":[{"optionCode":"1714039","optionName":"ICE","price":0,"quantity":1},{"optionCode":"1714049","optionName":"다크시그니처","price":0,"quantity":1},{"optionCode":"1730251","optionName":"샷추가","price":500,"quantity":1}]}],"productNo":"16384880","options":[{"optionCode":"1714039","optionName":"ICE","price":0,"quantity":1},{"optionCode":"1714049","optionName":"다크시그니처","price":0,"quantity":1},{"optionCode":"1730251","optionName":"샷추가","price":500,"quantity":1}],"tossStoreId":"543655","storeNo":"543655"}
[2026-08-23 00:35:01.775] [info]  [api] [HASTE INCOMING ORDER HEADERS] {"accept-encoding":"gzip, deflate, br","connection":"close","content-length":"659","content-type":"application/json","host":"local.cafehaste.com:8443","user-agent":"got (https://github.com/sindresorhus/got)"}
[2026-08-23 00:35:01.780] [info]  [api] [HASTE INCOMING ORDER QUERY] {}
[2026-08-23 00:35:01.784] [debug] [task] [task] event=task.enqueue status=accepted orderId=746391916108581146 priority=99 description=음료_제조_(746391916108581146)
[2026-08-23 00:35:01.790] [debug] [task] [task] event=task.start status=started source=toss mode=live orderId=746391916108581146 menuCount=1
[2026-08-23 00:35:01.793] [info]  [kiosk] [toss] event=order.received status=success source=toss virtual=off mode=order orderId=746391916108581146 menuCount=1 mappings=[{"baseCode":"MDI1005","recipeCode":"MDI1005","matchedMenuName":"ICED아메리카노(다크시그니처)(샷추가)","stepsSummary":"CUP:1,_COFFEE:90,_ICE:5100,_COLD:140"}]
[2026-08-23 00:35:01.795] [info]  [api] ☕ [HASTE Order Enqueued] orderId=746391916108581146 source=toss 총 1잔 순차 제조 큐 적재 완료!
[2026-08-23 00:35:01.802] [error] [serialport] [serialport] event=serialport.send status=failed reason=not_connected boardName=board1
[2026-08-23 00:35:01.814] [error] [task] [task] event=parts.command status=failed reason=send_failed action=flow_reset boardName=board1 part=filter1FlowSensor
[2026-08-23 00:35:01.819] [debug] [task] [task] event=brew.menu status=started orderId=746391916108581146 menuName=ICED아메리카노(다크시그니처)(샷추가) stepCount=4
[2026-08-23 00:35:01.846] [debug] [task] [task] event=brew.step status=started orderId=746391916108581146 menuName=ICED아메리카노(다크시그니처)(샷추가) step=2 message="cup drop started"
[2026-08-23 00:35:01.854] [error] [app] event=main_process.error status=failed reason=unhandled_rejection stack=Error:_Missing_parts_options:_motorRotationCheckSwitch1_at_getRequiredPartsOptions_(C:\Users\김성규\Desktop\HASTE-AI\src\cafehaste-client\src\lilly-electron\out\main\index.js:33263:23)_at_checkPartsSensor_(C:\Users\김성규\Desktop\HASTE-AI\src\cafehaste-client\src\lilly-electron\out\main\index.js:33280:19)_at_cupOut_(C:\Users\김성규\Desktop\HASTE-AI\src\cafehaste-client\src\lilly-electron\out\main\index.js:33362:14)_at_C:\Users\김성규\Desktop\HASTE-AI\src\cafehaste-client\src\lilly-electron\out\main\index.js:39735:53_at_doInnerSub_(C:\Users\김성규\Desktop\HASTE-AI\src\cafehaste-client\src\... message="Missing parts options: motorRotationCheckSwitch1"
[2026-08-23 00:35:01.860] [error] [task] [task] event=brew.step status=failed orderId=746391916108581146 menuName=ICED아메리카노(다크시그니처)(샷추가) step=step2 reason=step_failed message="[746391916108581146] [ICED아메리카노(다크시그니처)(샷추가)] 컵 추출 실패: 컵1"
[2026-08-23 00:35:01.866] [debug] [api] [api] event=did.callback status=started orderId=746391916108581146 menuName=ICED아메리카노(다크시그니처)(샷추가) state=2 target=local url=http://127.0.0.1:8080/sse/did
[2026-08-23 00:35:01.869] [debug] [api] [api] event=did.callback status=started orderId=746391916108581146 menuName=ICED아메리카노(다크시그니처)(샷추가) state=2 target=remote url=http://127.0.0.1:8080/sse/did
[2026-08-23 00:35:01.878] [debug] [api] [api] event=did.callback status=success attempt=1 httpStatus=202 url=http://127.0.0.1:8080/sse/did
[2026-08-23 00:35:01.882] [debug] [api] [api] event=did.callback status=success attempt=1 httpStatus=202 url=http://127.0.0.1:8080/sse/did
[2026-08-23 00:35:01.885] [error] [task] [task] event=task.fail status=failed orderId=746391916108581146 reason=brew_failed message="Error: Missing parts options: motorRotationCheckSwitch1"
[2026-08-23 00:35:01.887] [error] [kiosk] [toss] event=order.failed status=failed stage=HARDWARE source=toss virtual=off mode=order orderId=746391916108581146 bill=746391916108581146 menuCount=1 error=HW물리검증_실패:_Error:_Missing_parts_options:_motorRotationCheckSwitch1
[2026-08-23 00:35:01.893] [error] [task] [task] event=task.queue status=failed orderId=746391916108581146 reason=task_run_failed description=음료_제조_(746391916108581146) message="BREW_STEP_FAILED:2:Error: Missing parts options: motorRotationCheckSwitch1"
[2026-08-23 00:39:50.307] [info]  [HASTE DB Load] Loaded settings from SQLite database successfully. StoreName: "김포집", StoreNo: "01012345678", ThemeMode: "Light", isKioskDryRun: "false"
[2026-08-23 00:39:50.870] [info]  [app] event=app.startup status=started appVersion=3.1.1r58 packaged=false
[2026-08-23 00:39:50.970] [info]  [app] event=app.window status=success
[2026-08-23 00:39:51.105] [info]  [app] event=app.tray status=success
[2026-08-23 00:39:51.106] [info]  [app] event=updater.check status=ignored reason=store_managed_distribution
[2026-08-23 00:39:51.111] [info]  [app] event=app.ipc status=success
[2026-08-23 00:39:51.124] [info]  [app] event=task.start status=success
[2026-08-23 00:39:51.126] [debug] [api] [api] event=settings.change status=success port=8080 posStoreNo=01012345678 deviceModelId=D0000
[2026-08-23 00:39:51.130] [info]  [api] [HASTE] Found SSL Certificates at: C:\Users\김성규\Desktop\HASTE-AI\src\cafehaste-client\src\lilly-electron\resources
[2026-08-23 00:39:51.139] [info]  [api] [HASTE] Started HTTP Hono Server on port 8080 (Toss Place HTTP Mode).
[2026-08-23 00:39:51.144] [info]  [api] [HASTE] Started HTTPS Hono Server on port 8443 (Toss Kiosk Mode).
[2026-08-23 00:39:51.145] [debug] [api] [api] event=api.server status=success port=8080 host=0.0.0.0
[2026-08-23 00:39:51.149] [info]  [serialport] [serialport] event=serialport.connect status=started scope=all
[2026-08-23 00:39:51.153] [debug] [coffee] [coffee] event=settings.change status=success field=thirdpartyType value=Lilly_(WMF)
[2026-08-23 00:39:51.157] [debug] [coffee] [coffee] event=coffee.socket status=started transport=ws machineName=WMF model=Lilly_(WMF) ip=192.168.10.99 port=25000
[2026-08-23 00:39:51.169] [debug] [coffee] [coffee] event=temperature.change status=success
[2026-08-23 00:39:51.171] [debug] [api] [api] event=did.callback status=ignored reason=local_did_not_open screen=temperature
[2026-08-23 00:39:51.175] [info]  [HASTE DB Save] Settings category "inventory" has been updated and saved to SQLite successfully.
[2026-08-23 00:39:51.178] [info]  [HASTE DB Save] Settings category "inventory" has been updated and saved to SQLite successfully.
[2026-08-23 00:39:51.179] [info]  [serialport] [serialport] event=serialport.connect status=started scope=all
[2026-08-23 00:39:51.181] [info]  [HASTE DB Save] Settings category "inventory" has been updated and saved to SQLite successfully.
[2026-08-23 00:39:51.183] [info]  [HASTE DB Save] Settings category "inventory" has been updated and saved to SQLite successfully.
[2026-08-23 00:39:51.185] [debug] [api] [HASTE Theme Sync] Applied local UI theme: isDark=false
[2026-08-23 00:39:51.187] [debug] [api] [api] event=did.callback status=started target=local screen=/ reason=local_api_down
[2026-08-23 00:39:51.191] [info]  [app] event=app.startup status=success message="subscriptions registered"
[2026-08-23 00:39:51.192] [debug] [task] [task] event=scheduler.change status=success routine=FOAMER_RINSING intervalSec=6000 normalizedIntervalSec=6000
[2026-08-23 00:39:51.195] [debug] [task] [task] event=scheduler.change status=success routine=WARM_RINSING intervalSec=0 normalizedIntervalSec=0
[2026-08-23 00:39:51.198] [debug] [task] [task] event=scheduler.change status=success routine=MIXER_RINSING intervalSec=0 normalizedIntervalSec=0
[2026-08-23 00:39:51.200] [debug] [task] [task] event=scheduler.change status=success routine=ERROR_CHECK intervalSec=1800 normalizedIntervalSec=1800
[2026-08-23 00:39:51.202] [debug] [task] [task] event=scheduler.change status=success routine=ICE_MAKER intervalSec=1800 normalizedIntervalSec=1800
[2026-08-23 00:39:51.206] [debug] [task] [task] event=scheduler.change status=success routine=TEMP_CHECK intervalSec=600 normalizedIntervalSec=600
[2026-08-23 00:39:51.209] [debug] [app] event=scheduler.change status=success routine=license.verify intervalSec=86400
[2026-08-23 00:39:51.210] [info]  [app] event=app.startup status=success message="schedulers registered"
[2026-08-23 00:39:51.212] [info]  [HASTE Guard] enableHasteAgent is false (OFF). Skipping agent bot launch.
[2026-08-23 00:39:51.240] [error] [serialport] [serialport] event=serialport.error status=failed reason=port_error boardName=board1 port=COM6 message="Opening COM6: File not found"
[2026-08-23 00:39:51.244] [error] [serialport] [serialport] event=serialport.error status=failed reason=port_error boardName=board2 port=COM7 message="Opening COM7: File not found"
[2026-08-23 00:39:51.247] [error] [serialport] [serialport] event=serialport.error status=failed reason=port_error boardName=board1 port=COM6 message="Opening COM6: File not found"
[2026-08-23 00:39:51.249] [error] [serialport] [serialport] event=serialport.error status=failed reason=port_error boardName=board2 port=COM7 message="Opening COM7: File not found"
[2026-08-23 00:39:51.253] [debug] [api] [HASTE DevTools Sync] Current window DevTools opened state: false, Target state: false
[2026-08-23 00:39:51.544] [info]  [HASTE DB Save] Settings category "information" has been updated and saved to SQLite successfully.
[2026-08-23 00:39:51.651] [info]  [HASTE DB Save] Settings category "information" has been updated and saved to SQLite successfully.
[2026-08-23 00:39:51.652] [info]  [app] event=license.verify status=success state=approved storeId=01012345678
[2026-08-23 00:39:56.176] [error] [coffee] [coffee] event=coffee.socket status=failed reason=open_timeout transport=ws machineName=WMF model=Lilly_(WMF) ip=192.168.10.99 port=25000
[2026-08-23 00:39:56.179] [error] [coffee] [coffee] event=coffee.socket status=failed reason=connect_failed transport=ws machineName=WMF model=Lilly_(WMF) ip=192.168.10.99 port=25000
[2026-08-23 00:40:12.261] [error] [coffee] [coffee] event=coffee.socket status=failed reason=ws_error machineName=WMF model=Lilly_(WMF) ip=192.168.10.99 port=25000 message="connect ETIMEDOUT 192.168.10.99:25000"
[2026-08-23 00:42:17.771] [error] [app] event=main_process.error status=failed reason=uncaught_exception stack=TypeError_[ERR_INVALID_STATE]:_Invalid_state:_ReadableStream_is_already_closed_at_ReadableByteStreamController.close_(node:internal/webstreams/readablestream:1190:13)_at_node:internal/deps/undici/undici:1583:30_at_process.processTicksAndRejections_(node:internal/process/task_queues:104:5) message="Invalid state: ReadableStream is already closed"
[2026-08-23 00:42:26.597] [info]  [task] [HASTE Promo] Slot 2 muted updated to: true
[2026-08-23 00:42:27.653] [info]  [task] [HASTE Promo] Slot 3 muted updated to: true
[2026-08-23 00:42:28.207] [info]  [task] [HASTE Promo] Slot 3 muted updated to: false
[2026-08-23 00:42:29.007] [info]  [task] [HASTE Promo] Slot 2 muted updated to: false
[2026-08-23 04:51:03.543] [debug] [api] [HASTE Theme Sync] Applied local UI theme: isDark=false
[2026-08-23 04:51:03.547] [info]  [HASTE DB Save] Settings category "information" has been updated and saved to SQLite successfully.
[2026-08-23 04:51:03.602] [debug] [api] [HASTE DevTools Sync] Current window DevTools opened state: false, Target state: false
[2026-08-23 04:51:03.725] [info]  [HASTE DB Save] Settings category "information" has been updated and saved to SQLite successfully.
[2026-08-23 04:51:03.729] [info]  [HASTE DB Save] Settings category "information" has been updated and saved to SQLite successfully.
[2026-08-23 04:51:03.731] [info]  [HASTE DB Save] Settings category "information" has been updated and saved to SQLite successfully.