[2026-09-09 01:54:13.851] [info]  [TOSS RAW ORDER] orderId=752572444068316500, items=[{"name":"아메리카노","productNo":"GSI1002","options":[{"optionCode":"1759895","optionName":"ICE","price":0,"quantity":1}]}]
[2026-09-09 01:54:13.857] [info]  [TOSS ITEM RESOLVED] orderId=752572444068316500, item="아메리카노" (GSI1002) | rawOptions=[{"optionCode":"1759895","optionName":"ICE","price":0,"quantity":1}] ➔ resolved="ICE 아메리카노 (시그니처)" (GSI1002) steps={"step1":["CUP","ICE"],"step2":["COFFEE",60],"step3":["ICE",5500],"step4":["COLD",125]}
[2026-09-09 01:55:12.283] [info]  [toss] event=order.completed status=success source=toss virtual=off mode=order orderId=752572444068316500 bill=752572444068316500 menuCount=1
[2026-09-09 02:54:22.865] [info]  [TOSS RAW ORDER] orderId=752587539301308466, items=[{"name":"아메리카노","productNo":"GSI1002","options":[{"optionCode":"1759895","optionName":"ICE","price":0,"quantity":1},{"optionCode":"1759904","optionName":"샷추가","price":800,"quantity":1}]}]
[2026-09-09 02:54:22.869] [info]  [TOSS ITEM RESOLVED] orderId=752587539301308466, item="아메리카노" (GSI1002) | rawOptions=[{"optionCode":"1759895","optionName":"ICE","price":0,"quantity":1},{"optionCode":"1759904","optionName":"샷추가","price":800,"quantity":1}] ➔ resolved="ICE 아메리카노 (시그니처) (샷추가)" (GSI1005) steps={"step1":["CUP","ICE"],"step2":["COFFEE",90],"step3":["ICE",5500],"step4":["COLD",95]}
[2026-09-09 02:56:44.205] [info]  [toss] event=order.completed status=success source=toss virtual=off mode=order orderId=752587539301308466 bill=752587539301308466 menuCount=2
[2026-09-09 03:40:52.847] [info]  [TOSS RAW ORDER] orderId=752599292697420258, items=[{"name":"아메리카노","productNo":"16702755","options":[{"optionCode":"1759895","optionName":"ICE","price":0,"quantity":1}]}]
[2026-09-09 03:40:52.851] [info]  [TOSS ITEM RESOLVED] orderId=752599292697420258, item="아메리카노" (16702755) | rawOptions=[{"optionCode":"1759895","optionName":"ICE","price":0,"quantity":1}] ➔ resolved="ICE 아메리카노 (시그니처)" (GSI1002) steps={"step1":["CUP","ICE"],"step2":["COFFEE",60],"step3":["ICE",5500],"step4":["COLD",125]}
[2026-09-09 03:41:34.302] [info]  [toss] event=order.completed status=success source=toss virtual=off mode=order orderId=752599292697420258 bill=752599292697420258 menuCount=1
[2026-09-09 06:46:06.959] [info]  [TOSS RAW ORDER] orderId=752645898016695218, items=[{"name":"바나나샷라떼","productNo":"GSI2015","options":[{"optionCode":"1759895","optionName":"ICE","price":0,"quantity":1}]}]
[2026-09-09 06:46:06.963] [info]  [TOSS ITEM RESOLVED] orderId=752645898016695218, item="바나나샷라떼" (GSI2015) | rawOptions=[{"optionCode":"1759895","optionName":"ICE","price":0,"quantity":1}] ➔ resolved="ICE 바나나샷라떼 (시그니처)" (GSI2015) steps={"step1":["CUP","ICE"],"step2":["COFFEE",30],"step3":["ICE",5200],"step4":["COLD_MILK",160],"step5":["바나나","50"],"step6":["헤이즐넛","5"]}
[2026-09-09 06:46:57.466] [info]  [toss] event=order.completed status=success source=toss virtual=off mode=order orderId=752645898016695218 bill=752645898016695218 menuCount=1
[2026-09-09 06:48:47.900] [info]  [TOSS RAW ORDER] orderId=752646567398258636, items=[{"name":"아메리카노","productNo":"GSI1002","options":[{"optionCode":"1759895","optionName":"ICE","price":0,"quantity":1}]}]
[2026-09-09 06:48:47.908] [info]  [TOSS ITEM RESOLVED] orderId=752646567398258636, item="아메리카노" (GSI1002) | rawOptions=[{"optionCode":"1759895","optionName":"ICE","price":0,"quantity":1}] ➔ resolved="ICE 아메리카노 (시그니처)" (GSI1002) steps={"step1":["CUP","ICE"],"step2":["COFFEE",60],"step3":["ICE",5500],"step4":["COLD",125]}
[2026-09-09 06:49:32.945] [info]  [toss] event=order.completed status=success source=toss virtual=off mode=order orderId=752646567398258636 bill=752646567398258636 menuCount=1
[2026-09-09 07:42:11.823] [info]  [TOSS RAW ORDER] orderId=752660010788495660, items=[{"name":"아메리카노","productNo":"GSI1002","options":[{"optionCode":"1759894","optionName":"HOT","price":0,"quantity":1},{"optionCode":"1759903","optionName":"연하게","price":0,"quantity":1}]}]
[2026-09-09 07:42:11.828] [info]  [TOSS ITEM RESOLVED] orderId=752660010788495660, item="아메리카노" (GSI1002) | rawOptions=[{"optionCode":"1759894","optionName":"HOT","price":0,"quantity":1},{"optionCode":"1759903","optionName":"연하게","price":0,"quantity":1}] ➔ resolved="HOT 아메리카노 (시그니처) (연하게)" (GSH1001) steps={"step1":["CUP","HOT"],"step2":["COFFEE",30],"step3":["HOT",310]}
[2026-09-09 07:42:47.658] [info]  [toss] event=order.completed status=success source=toss virtual=off mode=order orderId=752660010788495660 bill=752660010788495660 menuCount=1
[2026-09-09 07:46:31.854] [info]  [TOSS RAW ORDER] orderId=752661094009448827, items=[{"name":"카페라떼","productNo":"GSI2001","options":[{"optionCode":"1759894","optionName":"HOT","price":0,"quantity":1}]}]
[2026-09-09 07:46:31.858] [info]  [TOSS ITEM RESOLVED] orderId=752661094009448827, item="카페라떼" (GSI2001) | rawOptions=[{"optionCode":"1759894","optionName":"HOT","price":0,"quantity":1}] ➔ resolved="HOT 카페라떼 (시그니처)" (GSH2001) steps={"step1":["CUP","HOT"],"step2":["COFFEE",60],"step3":["HOT_MILK",260]}
[2026-09-09 07:47:49.836] [info]  [toss] event=order.completed status=success source=toss virtual=off mode=order orderId=752661094009448827 bill=752661094009448827 menuCount=1
[2026-09-09 07:48:42.356] [info]  [TOSS RAW ORDER] orderId=752661642091740683, items=[{"name":"아메리카노","productNo":"GSI1002","options":[{"optionCode":"1759895","optionName":"ICE","price":0,"quantity":1}]}]
[2026-09-09 07:48:42.361] [info]  [TOSS ITEM RESOLVED] orderId=752661642091740683, item="아메리카노" (GSI1002) | rawOptions=[{"optionCode":"1759895","optionName":"ICE","price":0,"quantity":1}] ➔ resolved="ICE 아메리카노 (시그니처)" (GSI1002) steps={"step1":["CUP","ICE"],"step2":["COFFEE",60],"step3":["ICE",5500],"step4":["COLD",125]}
[2026-09-09 07:49:29.835] [info]  [toss] event=order.completed status=success source=toss virtual=off mode=order orderId=752661642091740683 bill=752661642091740683 menuCount=1
[2026-09-09 09:22:08.853] [info]  [TOSS RAW ORDER] orderId=752685156052014006, items=[{"name":"아메리카노","productNo":"GSI1002","options":[{"optionCode":"1759895","optionName":"ICE","price":0,"quantity":1},{"optionCode":"1759904","optionName":"샷추가","price":800,"quantity":1}]}]
[2026-09-09 09:22:08.857] [info]  [TOSS ITEM RESOLVED] orderId=752685156052014006, item="아메리카노" (GSI1002) | rawOptions=[{"optionCode":"1759895","optionName":"ICE","price":0,"quantity":1},{"optionCode":"1759904","optionName":"샷추가","price":800,"quantity":1}] ➔ resolved="ICE 아메리카노 (시그니처) (샷추가)" (GSI1005) steps={"step1":["CUP","ICE"],"step2":["COFFEE",90],"step3":["ICE",5500],"step4":["COLD",95]}
[2026-09-09 09:23:14.602] [info]  [toss] event=order.completed status=success source=toss virtual=off mode=order orderId=752685156052014006 bill=752685156052014006 menuCount=1
[2026-09-09 11:05:23.850] [info]  [TOSS RAW ORDER] orderId=752711135147418285, items=[{"name":"아메리카노","productNo":"GSI1002","options":[{"optionCode":"1759895","optionName":"ICE","price":0,"quantity":1}]}]
[2026-09-09 11:05:23.855] [info]  [TOSS ITEM RESOLVED] orderId=752711135147418285, item="아메리카노" (GSI1002) | rawOptions=[{"optionCode":"1759895","optionName":"ICE","price":0,"quantity":1}] ➔ resolved="ICE 아메리카노 (시그니처)" (GSI1002) steps={"step1":["CUP","ICE"],"step2":["COFFEE",60],"step3":["ICE",5500],"step4":["COLD",125]}
[2026-09-09 11:06:12.725] [info]  [toss] event=order.completed status=success source=toss virtual=off mode=order orderId=752711135147418285 bill=752711135147418285 menuCount=1
[2026-09-09 11:50:07.866] [info]  [TOSS RAW ORDER] orderId=752722391300351757, items=[{"name":"아메리카노","productNo":"GSI1002","options":[{"optionCode":"1759895","optionName":"ICE","price":0,"quantity":1}]}]
[2026-09-09 11:50:07.873] [info]  [TOSS ITEM RESOLVED] orderId=752722391300351757, item="아메리카노" (GSI1002) | rawOptions=[{"optionCode":"1759895","optionName":"ICE","price":0,"quantity":1}] ➔ resolved="ICE 아메리카노 (시그니처)" (GSI1002) steps={"step1":["CUP","ICE"],"step2":["COFFEE",60],"step3":["ICE",5500],"step4":["COLD",125]}
[2026-09-09 11:50:50.779] [info]  [toss] event=order.completed status=success source=toss virtual=off mode=order orderId=752722391300351757 bill=752722391300351757 menuCount=1
[2026-09-09 12:08:31.940] [info]  [TOSS RAW ORDER] orderId=752726940132096109, items=[{"name":"바나나카라멜라떼","productNo":"GMI3024","options":[{"optionCode":"1759895","optionName":"ICE","price":0,"quantity":1}]}]
[2026-09-09 12:08:31.944] [info]  [TOSS ITEM RESOLVED] orderId=752726940132096109, item="바나나카라멜라떼" (GMI3024) | rawOptions=[{"optionCode":"1759895","optionName":"ICE","price":0,"quantity":1}] ➔ resolved="ICE 바나나라떼 (카라멜)" (GMI3024) steps={"step1":["CUP","ICE"],"step2":["ICE",5000],"step3":["COLD_MILK",160],"step4":["바나나","60"],"step5":["카라멜","15"]}
[2026-09-09 12:09:59.922] [info]  [toss] event=order.completed status=success source=toss virtual=off mode=order orderId=752726940132096109 bill=752726940132096109 menuCount=1
[2026-09-09 13:35:28.434] [info]  [TOSS RAW ORDER] orderId=752748871053040721, items=[{"name":"아메리카노","productNo":"GSI1002","options":[{"optionCode":"1759895","optionName":"ICE","price":0,"quantity":1}]}]
[2026-09-09 13:35:28.439] [info]  [TOSS ITEM RESOLVED] orderId=752748871053040721, item="아메리카노" (GSI1002) | rawOptions=[{"optionCode":"1759895","optionName":"ICE","price":0,"quantity":1}] ➔ resolved="ICE 아메리카노 (시그니처)" (GSI1002) steps={"step1":["CUP","ICE"],"step2":["COFFEE",60],"step3":["ICE",5500],"step4":["COLD",125]}
[2026-09-09 13:36:15.404] [info]  [toss] event=order.completed status=success source=toss virtual=off mode=order orderId=752748871053040721 bill=752748871053040721 menuCount=1
[2026-09-09 14:02:51.335] [info]  [TOSS RAW ORDER] orderId=752755795030999153, items=[{"name":"(스페셜티) 아메리카노","productNo":"16707171","options":[{"optionCode":"1759895","optionName":"ICE","price":0,"quantity":1},{"optionCode":"1759903","optionName":"연하게","price":0,"quantity":1}]}]
[2026-09-09 14:02:51.340] [info]  [TOSS ITEM RESOLVED] orderId=752755795030999153, item="(스페셜티) 아메리카노" (16707171) | rawOptions=[{"optionCode":"1759895","optionName":"ICE","price":0,"quantity":1},{"optionCode":"1759903","optionName":"연하게","price":0,"quantity":1}] ➔ resolved="ICE 아메리카노 (스페셜티) (연하게)" (GPI1001) steps={"step1":["CUP","ICE"],"step2":["COFFEE",31],"step3":["ICE",5500],"step4":["COLD",155]}
[2026-09-09 14:03:30.511] [info]  [toss] event=order.completed status=success source=toss virtual=off mode=order orderId=752755795030999153 bill=752755795030999153 menuCount=1
[2026-09-09 14:09:26.401] [info]  [TOSS RAW ORDER] orderId=752757477446028181, items=[{"name":"아메리카노","productNo":"GSI1002","options":[{"optionCode":"1759895","optionName":"ICE","price":0,"quantity":1}]}]
[2026-09-09 14:09:26.405] [info]  [TOSS ITEM RESOLVED] orderId=752757477446028181, item="아메리카노" (GSI1002) | rawOptions=[{"optionCode":"1759895","optionName":"ICE","price":0,"quantity":1}] ➔ resolved="ICE 아메리카노 (시그니처)" (GSI1002) steps={"step1":["CUP","ICE"],"step2":["COFFEE",60],"step3":["ICE",5500],"step4":["COLD",125]}
[2026-09-09 14:10:13.151] [info]  [toss] event=order.completed status=success source=toss virtual=off mode=order orderId=752757477446028181 bill=752757477446028181 menuCount=1
[2026-09-09 15:12:57.651] [info]  [TOSS RAW ORDER] orderId=752773454300756938, items=[{"name":"자몽차","productNo":"GTI5003","options":[{"optionCode":"1759895","optionName":"ICE","price":0,"quantity":1}]}]
[2026-09-09 15:12:57.659] [info]  [TOSS ITEM RESOLVED] orderId=752773454300756938, item="자몽차" (GTI5003) | rawOptions=[{"optionCode":"1759895","optionName":"ICE","price":0,"quantity":1}] ➔ resolved="ICE 자몽차" (GTI5003) steps={"step1":["CUP","ICE"],"step2":["ICE",5000],"step3":["COLD",90],"step4":["설탕",10],"step5":["자몽",50]}
[2026-09-09 15:13:17.576] [info]  [toss] event=order.completed status=success source=toss virtual=off mode=order orderId=752773454300756938 bill=752773454300756938 menuCount=1
[2026-09-09 15:14:45.547] [info]  [TOSS RAW ORDER] orderId=752773911521834916, items=[{"name":"얼그레이티","productNo":"GTI5009","options":[{"optionCode":"1759895","optionName":"ICE","price":0,"quantity":1}]}]
[2026-09-09 15:14:45.553] [info]  [TOSS ITEM RESOLVED] orderId=752773911521834916, item="얼그레이티" (GTI5009) | rawOptions=[{"optionCode":"1759895","optionName":"ICE","price":0,"quantity":1}] ➔ resolved="ICE 얼그레이티" (GTI5009) steps={"step1":["CUP","ICE"],"step2":["ICE",5000],"step3":["COLD",120],"step4":["얼그레이",30]}
[2026-09-09 15:15:19.155] [info]  [toss] event=order.completed status=success source=toss virtual=off mode=order orderId=752773911521834916 bill=752773911521834916 menuCount=1
[2026-09-09 15:17:33.314] [info]  [TOSS RAW ORDER] orderId=752774607675626239, items=[{"name":"말차샷라떼","productNo":"GSI2013","options":[{"optionCode":"1759895","optionName":"ICE","price":0,"quantity":1}]}]
[2026-09-09 15:17:33.319] [info]  [TOSS ITEM RESOLVED] orderId=752774607675626239, item="말차샷라떼" (GSI2013) | rawOptions=[{"optionCode":"1759895","optionName":"ICE","price":0,"quantity":1}] ➔ resolved="ICE 말차샷라떼 (시그니처)" (GSI2013) steps={"step1":["CUP","ICE"],"step2":["COFFEE",30],"step3":["ICE",5200],"step4":["COLD_MILK",160],"step5":["말차","50"],"step6":["설탕","10"]}
[2026-09-09 15:18:28.043] [error] [toss] event=order.failed status=failed stage=HARDWARE source=toss virtual=off mode=order orderId=752774607675626239 bill=752774607675626239 menuCount=1 error=HW물리검증_실패:_Error:_WMF_CHECK_BEVERAGE_NOT_READY:COFFEE:30
[2026-09-09 15:20:53.445] [info]  [TOSS RAW ORDER] orderId=752775458129538612, items=[{"name":"말차샷라떼","productNo":"GSI2013","options":[{"optionCode":"1759895","optionName":"ICE","price":0,"quantity":1}]}]
[2026-09-09 15:20:53.449] [info]  [TOSS ITEM RESOLVED] orderId=752775458129538612, item="말차샷라떼" (GSI2013) | rawOptions=[{"optionCode":"1759895","optionName":"ICE","price":0,"quantity":1}] ➔ resolved="ICE 말차샷라떼 (시그니처)" (GSI2013) steps={"step1":["CUP","ICE"],"step2":["COFFEE",30],"step3":["ICE",5200],"step4":["COLD_MILK",160],"step5":["말차","50"],"step6":["설탕","10"]}
[2026-09-09 15:21:42.565] [info]  [toss] event=order.completed status=success source=toss virtual=off mode=order orderId=752775458129538612 bill=752775458129538612 menuCount=1
[2026-09-09 15:22:28.369] [info]  [TOSS RAW ORDER] orderId=752775837785304125, items=[{"name":"아메리카노","productNo":"GSI1002","options":[{"optionCode":"1759895","optionName":"ICE","price":0,"quantity":1}]}]
[2026-09-09 15:22:28.374] [info]  [TOSS ITEM RESOLVED] orderId=752775837785304125, item="아메리카노" (GSI1002) | rawOptions=[{"optionCode":"1759895","optionName":"ICE","price":0,"quantity":1}] ➔ resolved="ICE 아메리카노 (시그니처)" (GSI1002) steps={"step1":["CUP","ICE"],"step2":["COFFEE",60],"step3":["ICE",5500],"step4":["COLD",125]}
[2026-09-09 15:23:16.569] [info]  [toss] event=order.completed status=success source=toss virtual=off mode=order orderId=752775837785304125 bill=752775837785304125 menuCount=1
[2026-09-09 15:42:16.050] [info]  [TOSS RAW ORDER] orderId=752780834270916625, items=[{"name":"자몽차","productNo":"GTI5003","options":[{"optionCode":"1759895","optionName":"ICE","price":0,"quantity":1}]}]
[2026-09-09 15:42:16.084] [info]  [TOSS ITEM RESOLVED] orderId=752780834270916625, item="자몽차" (GTI5003) | rawOptions=[{"optionCode":"1759895","optionName":"ICE","price":0,"quantity":1}] ➔ resolved="ICE 자몽차" (GTI5003) steps={"step1":["CUP","ICE"],"step2":["ICE",6000],"step3":["COLD",140],"step4":["설탕","10"],"step5":["자몽","50"]}
[2026-09-09 15:42:40.211] [info]  [toss] event=order.completed status=success source=toss virtual=off mode=order orderId=752780834270916625 bill=752780834270916625 menuCount=1