[2026-10-07 00:37:39.070] [info]  [TOSS RAW ORDER] orderId=762700213097169619, items=[{"name":"초코라떼","productNo":"16642188","options":[{"optionCode":"1756058","optionName":"ICE","price":0,"quantity":1}]},{"name":"청포도에이드","productNo":"16642225","options":[]}]
[2026-10-07 00:37:39.078] [info]  [TOSS ITEM RESOLVED] orderId=762700213097169619, item="초코라떼" (16642188) | rawOptions=[{"optionCode":"1756058","optionName":"ICE","price":0,"quantity":1}] ➔ resolved="ICE 초코라떼" (MMI3006) steps={"step1":["CUP","ICE"],"step2":["ICE","6000"],"step3":["COLD_MILK","180"],"step4":["초코","70"]}
[2026-10-07 00:37:39.083] [info]  [TOSS ITEM RESOLVED] orderId=762700213097169619, item="청포도에이드" (16642225) | rawOptions=[] ➔ resolved="ICE 청포도에이드" (MAI4006) steps={"step1":["CUP","ICE"],"step2":["ICE",6000],"step3":["SPARKLE",240],"step4":["청포도","70"]}
[2026-10-07 00:39:48.032] [info]  [toss] event=order.completed status=success source=toss virtual=off mode=order orderId=762700213097169619 bill=762700213097169619 menuCount=2
[2026-10-07 07:30:28.579] [info]  [TOSS RAW ORDER] orderId=762804116807580365, items=[{"name":"아메리카노","productNo":"16642168","options":[{"optionCode":"1756058","optionName":"ICE","price":0,"quantity":1}]},{"name":"버터소금빵","productNo":"16642244","options":[]}]
[2026-10-07 07:30:28.585] [info]  [TOSS ITEM RESOLVED] orderId=762804116807580365, item="아메리카노" (16642168) | rawOptions=[{"optionCode":"1756058","optionName":"ICE","price":0,"quantity":1}] ➔ resolved="ICE 아메리카노 (시그니처)" (MSI1002) steps={"step1":["CUP","ICE"],"step2":["COFFEE","60"],"step3":["ICE",6000],"step4":["COLD",155]}
[2026-10-07 07:30:28.590] [info]  [TOSS ITEM RESOLVED] orderId=762804116807580365, item="버터소금빵" (16642244) | rawOptions=[] ➔ resolved="undefined" (undefined) steps=undefined
[2026-10-07 07:30:28.592] [info]  🍰 [HASTE Dessert Order Detected] orderId=762804116807580365, items=[{"name":"버터소금빵","count":1,"options":[],"productNo":"16642244"}]
[2026-10-07 07:31:32.362] [info]  [toss] event=order.completed status=success source=toss virtual=off mode=order orderId=762804116807580365 bill=762804116807580365 menuCount=1
[2026-10-07 07:57:22.510] [info]  [TOSS RAW ORDER] orderId=762810849449844252, items=[{"name":"아메리카노(디카페인)","productNo":"16711181","options":[{"optionCode":"1756058","optionName":"ICE","price":0,"quantity":1}]}]
[2026-10-07 07:57:22.516] [info]  [TOSS ITEM RESOLVED] orderId=762810849449844252, item="아메리카노(디카페인)" (16711181) | rawOptions=[{"optionCode":"1756058","optionName":"ICE","price":0,"quantity":1}] ➔ resolved="ICE 아메리카노 (디카페인)" (MNI1002) steps={"step1":["CUP","ICE"],"step2":["COFFEE","61"],"step3":["ICE",6000],"step4":["COLD",155]}
[2026-10-07 07:58:10.339] [info]  [toss] event=order.completed status=success source=toss virtual=off mode=order orderId=762810849449844252 bill=762810849449844252 menuCount=1
[2026-10-07 08:14:54.485] [info]  [TOSS RAW ORDER] orderId=762815283684812138, items=[{"name":"카페라떼","productNo":"16642171","options":[{"optionCode":"1756057","optionName":"HOT","price":0,"quantity":1}]}]
[2026-10-07 08:14:54.491] [info]  [TOSS ITEM RESOLVED] orderId=762815283684812138, item="카페라떼" (16642171) | rawOptions=[{"optionCode":"1756057","optionName":"HOT","price":0,"quantity":1}] ➔ resolved="HOT 카페라떼 (시그니처)" (GSH2001) steps={"step1":["CUP","HOT"],"step2":["COFFEE","60"],"step3":["HOT_MILK","240"]}
[2026-10-07 08:16:04.982] [info]  [toss] event=order.completed status=success source=toss virtual=off mode=order orderId=762815283684812138 bill=762815283684812138 menuCount=1
[2026-10-07 08:26:32.550] [info]  [TOSS RAW ORDER] orderId=762818216753209942, items=[{"name":"아메리카노","productNo":"16642168","options":[{"optionCode":"1756058","optionName":"ICE","price":0,"quantity":1}]}]
[2026-10-07 08:26:32.556] [info]  [TOSS ITEM RESOLVED] orderId=762818216753209942, item="아메리카노" (16642168) | rawOptions=[{"optionCode":"1756058","optionName":"ICE","price":0,"quantity":1}] ➔ resolved="ICE 아메리카노 (시그니처)" (MSI1002) steps={"step1":["CUP","ICE"],"step2":["COFFEE","60"],"step3":["ICE",6000],"step4":["COLD",155]}
[2026-10-07 08:28:24.313] [info]  [toss] event=order.completed status=success source=toss virtual=off mode=order orderId=762818216753209942 bill=762818216753209942 menuCount=2
[2026-10-07 08:29:10.482] [info]  [TOSS RAW ORDER] orderId=762818870569695385, items=[{"name":"아메리카노(연하게)","productNo":"17283380","options":[{"optionCode":"1756058","optionName":"ICE","price":0,"quantity":1}]}]
[2026-10-07 08:29:10.488] [info]  [TOSS ITEM RESOLVED] orderId=762818870569695385, item="아메리카노(연하게)" (17283380) | rawOptions=[{"optionCode":"1756058","optionName":"ICE","price":0,"quantity":1}] ➔ resolved="ICE 아메리카노 (시그니처) (연하게)" (MSI1001) steps={"step1":["CUP","ICE"],"step2":["COFFEE","45"],"step3":["ICE",6000],"step4":["COLD",170]}
[2026-10-07 08:29:59.380] [info]  [toss] event=order.completed status=success source=toss virtual=off mode=order orderId=762818870569695385 bill=762818870569695385 menuCount=1
[2026-10-07 08:45:43.580] [info]  [TOSS RAW ORDER] orderId=762823036675400871, items=[{"name":"아메리카노","productNo":"16642168","options":[{"optionCode":"1756057","optionName":"HOT","price":0,"quantity":1}]}]
[2026-10-07 08:45:43.586] [info]  [TOSS ITEM RESOLVED] orderId=762823036675400871, item="아메리카노" (16642168) | rawOptions=[{"optionCode":"1756057","optionName":"HOT","price":0,"quantity":1}] ➔ resolved="HOT 아메리카노 (시그니처)" (GSH1002) steps={"step1":["CUP","HOT"],"step2":["COFFEE","60"],"step3":["HOT",280]}
[2026-10-07 08:47:23.493] [info]  [toss] event=order.completed status=success source=toss virtual=off mode=order orderId=762823036675400871 bill=762823036675400871 menuCount=1
[2026-10-07 08:52:13.148] [info]  [manual] event=order.received status=success source=manual virtual=off mode=test orderId=INSTANT-1791330732817 bill=0000 menuCount=1 mappings=[{"baseCode":"MSI1001","recipeCode":"MSI1001","matchedMenuName":"ICE_아메리카노_(시그니처)_(연하게)","stepsSummary":"CUP:ICE,_COFFEE:45,_ICE:6000,_COLD:170,_NONE:NONE,_NONE:NONE,_NONE:NONE,_NONE:NONE,_NONE:NONE,_NONE:NONE"}] isTestBrew=true
[2026-10-07 08:52:55.398] [info]  [manual] event=order.completed status=success source=manual virtual=off mode=test orderId=INSTANT-1791330732817 bill=0000 menuCount=1
[2026-10-07 09:25:39.489] [info]  [TOSS RAW ORDER] orderId=762833103713838897, items=[{"name":"아메리카노(연하게)","productNo":"17283380","options":[{"optionCode":"1756058","optionName":"ICE","price":0,"quantity":1}]}]
[2026-10-07 09:25:39.500] [info]  [TOSS ITEM RESOLVED] orderId=762833103713838897, item="아메리카노(연하게)" (17283380) | rawOptions=[{"optionCode":"1756058","optionName":"ICE","price":0,"quantity":1}] ➔ resolved="ICE 아메리카노 (시그니처) (연하게)" (MSI1001) steps={"step1":["CUP","ICE"],"step2":["COFFEE","45"],"step3":["ICE",6000],"step4":["COLD",170]}
[2026-10-07 09:26:20.765] [info]  [toss] event=order.completed status=success source=toss virtual=off mode=order orderId=762833103713838897 bill=762833103713838897 menuCount=1
[2026-10-07 09:38:22.796] [info]  [TOSS RAW ORDER] orderId=762836278483192353, items=[{"name":"아메리카노","productNo":"16642168","options":[{"optionCode":"1756057","optionName":"HOT","price":0,"quantity":1}]}]
[2026-10-07 09:38:22.806] [info]  [TOSS ITEM RESOLVED] orderId=762836278483192353, item="아메리카노" (16642168) | rawOptions=[{"optionCode":"1756057","optionName":"HOT","price":0,"quantity":1}] ➔ resolved="HOT 아메리카노 (시그니처)" (GSH1002) steps={"step1":["CUP","HOT"],"step2":["COFFEE","60"],"step3":["HOT",280]}
[2026-10-07 09:39:17.296] [info]  [toss] event=order.completed status=success source=toss virtual=off mode=order orderId=762836278483192353 bill=762836278483192353 menuCount=1
[2026-10-07 09:55:35.996] [info]  [TOSS RAW ORDER] orderId=762840625057211612, items=[{"name":"아메리카노","productNo":"16642168","options":[{"optionCode":"1756058","optionName":"ICE","price":0,"quantity":1},{"optionCode":"1756059","optionName":"시그니처","price":0,"quantity":1}]}]
[2026-10-07 09:55:36.005] [info]  [TOSS ITEM RESOLVED] orderId=762840625057211612, item="아메리카노" (16642168) | rawOptions=[{"optionCode":"1756058","optionName":"ICE","price":0,"quantity":1},{"optionCode":"1756059","optionName":"시그니처","price":0,"quantity":1}] ➔ resolved="ICE 아메리카노 (시그니처)" (MSI1002) steps={"step1":["CUP","ICE"],"step2":["COFFEE","60"],"step3":["ICE",6000],"step4":["COLD",155]}
[2026-10-07 09:56:16.085] [info]  [toss] event=order.completed status=success source=toss virtual=off mode=order orderId=762840625057211612 bill=762840625057211612 menuCount=1
[2026-10-07 10:30:38.035] [info]  [TOSS RAW ORDER] orderId=762849436811759264, items=[{"name":"아샷추","productNo":"16642169","options":[]},{"name":"아메리카노(연하게)","productNo":"17283380","options":[{"optionCode":"1756058","optionName":"ICE","price":0,"quantity":1}]}]
[2026-10-07 10:30:38.042] [info]  [TOSS ITEM RESOLVED] orderId=762849436811759264, item="아샷추" (16642169) | rawOptions=[] ➔ resolved="ICE 아샷추 (시그니처)" (MSI1003) steps={"step1":["CUP","ICE"],"step2":["COFFEE","45"],"step3":["ICE",6000],"step4":["COLD",115],"step5":["복숭아","55"]}
[2026-10-07 10:30:38.049] [info]  [TOSS ITEM RESOLVED] orderId=762849436811759264, item="아메리카노(연하게)" (17283380) | rawOptions=[{"optionCode":"1756058","optionName":"ICE","price":0,"quantity":1}] ➔ resolved="ICE 아메리카노 (시그니처) (연하게)" (MSI1001) steps={"step1":["CUP","ICE"],"step2":["COFFEE","45"],"step3":["ICE",6000],"step4":["COLD",170]}
[2026-10-07 10:31:56.457] [info]  [toss] event=order.completed status=success source=toss virtual=off mode=order orderId=762849436811759264 bill=762849436811759264 menuCount=2
[2026-10-07 10:40:20.186] [info]  [TOSS RAW ORDER] orderId=762851870095282678, items=[{"name":"카페라떼","productNo":"16642171","options":[{"optionCode":"1756057","optionName":"HOT","price":0,"quantity":1}]}]
[2026-10-07 10:40:20.192] [info]  [TOSS ITEM RESOLVED] orderId=762851870095282678, item="카페라떼" (16642171) | rawOptions=[{"optionCode":"1756057","optionName":"HOT","price":0,"quantity":1}] ➔ resolved="HOT 카페라떼 (시그니처)" (GSH2001) steps={"step1":["CUP","HOT"],"step2":["COFFEE","60"],"step3":["HOT_MILK","240"]}
[2026-10-07 10:41:38.502] [info]  [toss] event=order.completed status=success source=toss virtual=off mode=order orderId=762851870095282678 bill=762851870095282678 menuCount=1
[2026-10-07 10:50:12.042] [info]  [TOSS RAW ORDER] orderId=762854367950114068, items=[{"name":"아메리카노","productNo":"16642168","options":[{"optionCode":"1756057","optionName":"HOT","price":0,"quantity":1}]}]
[2026-10-07 10:50:12.049] [info]  [TOSS ITEM RESOLVED] orderId=762854367950114068, item="아메리카노" (16642168) | rawOptions=[{"optionCode":"1756057","optionName":"HOT","price":0,"quantity":1}] ➔ resolved="HOT 아메리카노 (시그니처)" (GSH1002) steps={"step1":["CUP","HOT"],"step2":["COFFEE","60"],"step3":["HOT",280]}
[2026-10-07 10:50:57.786] [info]  [toss] event=order.completed status=success source=toss virtual=off mode=order orderId=762854367950114068 bill=762854367950114068 menuCount=1
[2026-10-07 12:18:35.709] [info]  [TOSS RAW ORDER] orderId=762876615901868373, items=[{"name":"카페라떼","productNo":"16642171","options":[{"optionCode":"1756058","optionName":"ICE","price":0,"quantity":1},{"optionCode":"1756059","optionName":"시그니처","price":0,"quantity":1},{"optionCode":"1757869","optionName":"샷추가","price":500,"quantity":1}]},{"name":"아메리카노","productNo":"16642168","options":[{"optionCode":"1756057","optionName":"HOT","price":0,"quantity":1},{"optionCode":"1756059","optionName":"시그니처","price":0,"quantity":1}]},{"name":"아메리카노","productNo":"16642168","options":[{"optionCode":"1756058","optionName":"ICE","price":0,"quantity":1},{"optionCode":"1756059","optionName":"시그니처","price":0,"quantity":1}]}]
[2026-10-07 12:18:35.724] [info]  [TOSS ITEM RESOLVED] orderId=762876615901868373, item="카페라떼" (16642171) | rawOptions=[{"optionCode":"1756058","optionName":"ICE","price":0,"quantity":1},{"optionCode":"1756059","optionName":"시그니처","price":0,"quantity":1},{"optionCode":"1757869","optionName":"샷추가","price":500,"quantity":1}] ➔ resolved="ICE 카페라떼 (시그니처) (샷추가)" (MSI2002) steps={"step1":["CUP","ICE"],"step2":["COFFEE","90"],"step3":["ICE","6000"],"step4":["COLD_MILK","120"]}
[2026-10-07 12:18:35.738] [info]  [TOSS ITEM RESOLVED] orderId=762876615901868373, item="아메리카노" (16642168) | rawOptions=[{"optionCode":"1756057","optionName":"HOT","price":0,"quantity":1},{"optionCode":"1756059","optionName":"시그니처","price":0,"quantity":1}] ➔ resolved="HOT 아메리카노 (시그니처)" (GSH1002) steps={"step1":["CUP","HOT"],"step2":["COFFEE","60"],"step3":["HOT",280]}
[2026-10-07 12:18:35.744] [info]  [TOSS ITEM RESOLVED] orderId=762876615901868373, item="아메리카노" (16642168) | rawOptions=[{"optionCode":"1756058","optionName":"ICE","price":0,"quantity":1},{"optionCode":"1756059","optionName":"시그니처","price":0,"quantity":1}] ➔ resolved="ICE 아메리카노 (시그니처)" (MSI1002) steps={"step1":["CUP","ICE"],"step2":["COFFEE","60"],"step3":["ICE",6000],"step4":["COLD",155]}
[2026-10-07 12:21:35.149] [info]  [toss] event=order.completed status=success source=toss virtual=off mode=order orderId=762876615901868373 bill=762876615901868373 menuCount=3