[2026-09-23 00:59:15.996] [info]  [TOSS RAW ORDER] orderId=757632286047718600, items=[{"name":"아메리카노","productNo":"17033250","options":[{"optionCode":"1794776","optionName":"ICE","price":0,"quantity":1}]}]
[2026-09-23 00:59:16.003] [info]  [TOSS ITEM RESOLVED] orderId=757632286047718600, item="아메리카노" (17033250) | rawOptions=[{"optionCode":"1794776","optionName":"ICE","price":0,"quantity":1}] ➔ resolved="ICE 아메리카노 (시그니처)" (GSI1002) steps={"step1":["CUP","ICE"],"step2":["COFFEE",60],"step3":["ICE","5000"],"step4":["COLD","120"]}
[2026-09-23 01:00:09.476] [info]  [toss] event=order.completed status=success source=toss virtual=off mode=order orderId=757632286047718600 bill=757632286047718600 menuCount=1
[2026-09-23 01:50:49.971] [info]  [TOSS RAW ORDER] orderId=757645255011855094, items=[{"name":"아메리카노","productNo":"17033250","options":[{"optionCode":"1794775","optionName":"HOT","price":0,"quantity":1}]}]
[2026-09-23 01:50:49.977] [info]  [TOSS ITEM RESOLVED] orderId=757645255011855094, item="아메리카노" (17033250) | rawOptions=[{"optionCode":"1794775","optionName":"HOT","price":0,"quantity":1}] ➔ resolved="HOT 아메리카노 (시그니처)" (GSH1002) steps={"step1":["CUP","HOT"],"step2":["COFFEE","60"],"step3":["HOT","240"],"options":[{"name":"아이스","code":"IC","group":"온도","price":0}]}
[2026-09-23 01:51:34.106] [info]  [toss] event=order.completed status=success source=toss virtual=off mode=order orderId=757645255011855094 bill=757645255011855094 menuCount=1
[2026-09-23 04:48:54.460] [info]  [TOSS RAW ORDER] orderId=757690075633793699, items=[{"name":"아메리카노","productNo":"17033250","options":[{"optionCode":"1794776","optionName":"ICE","price":0,"quantity":1}]}]
[2026-09-23 04:48:54.466] [info]  [TOSS ITEM RESOLVED] orderId=757690075633793699, item="아메리카노" (17033250) | rawOptions=[{"optionCode":"1794776","optionName":"ICE","price":0,"quantity":1}] ➔ resolved="ICE 아메리카노 (시그니처)" (GSI1002) steps={"step1":["CUP","ICE"],"step2":["COFFEE",60],"step3":["ICE","5000"],"step4":["COLD","120"]}
[2026-09-23 04:49:43.134] [info]  [toss] event=order.completed status=success source=toss virtual=off mode=order orderId=757690075633793699 bill=757690075633793699 menuCount=1
[2026-09-23 04:55:07.468] [info]  [TOSS RAW ORDER] orderId=757691634455258431, items=[{"name":"아메리카노","productNo":"17033250","options":[{"optionCode":"1794776","optionName":"ICE","price":0,"quantity":1}]},{"name":"아메리카노","productNo":"17033250","options":[{"optionCode":"1794775","optionName":"HOT","price":0,"quantity":1}]}]
[2026-09-23 04:55:07.474] [info]  [TOSS ITEM RESOLVED] orderId=757691634455258431, item="아메리카노" (17033250) | rawOptions=[{"optionCode":"1794776","optionName":"ICE","price":0,"quantity":1}] ➔ resolved="ICE 아메리카노 (시그니처)" (GSI1002) steps={"step1":["CUP","ICE"],"step2":["COFFEE",60],"step3":["ICE","5000"],"step4":["COLD","120"]}
[2026-09-23 04:55:07.480] [info]  [TOSS ITEM RESOLVED] orderId=757691634455258431, item="아메리카노" (17033250) | rawOptions=[{"optionCode":"1794775","optionName":"HOT","price":0,"quantity":1}] ➔ resolved="HOT 아메리카노 (시그니처)" (GSH1002) steps={"step1":["CUP","HOT"],"step2":["COFFEE","60"],"step3":["HOT","240"],"options":[{"name":"아이스","code":"IC","group":"온도","price":0}]}
[2026-09-23 04:57:19.882] [info]  [toss] event=order.completed status=success source=toss virtual=off mode=order orderId=757691634455258431 bill=757691634455258431 menuCount=2
[2026-09-23 05:14:59.549] [info]  [TOSS RAW ORDER] orderId=757696632538904239, items=[{"name":"아메리카노","productNo":"17033250","options":[{"optionCode":"1794776","optionName":"ICE","price":0,"quantity":1}]}]
[2026-09-23 05:14:59.556] [info]  [TOSS ITEM RESOLVED] orderId=757696632538904239, item="아메리카노" (17033250) | rawOptions=[{"optionCode":"1794776","optionName":"ICE","price":0,"quantity":1}] ➔ resolved="ICE 아메리카노 (시그니처)" (GSI1002) steps={"step1":["CUP","ICE"],"step2":["COFFEE",60],"step3":["ICE","5000"],"step4":["COLD","120"]}
[2026-09-23 05:15:49.180] [info]  [toss] event=order.completed status=success source=toss virtual=off mode=order orderId=757696632538904239 bill=757696632538904239 menuCount=1
[2026-09-23 05:18:58.424] [info]  [TOSS RAW ORDER] orderId=757697616010920763, items=[{"name":"아메리카노","productNo":"17033250","options":[{"optionCode":"1794776","optionName":"ICE","price":0,"quantity":1}]}]
[2026-09-23 05:18:58.429] [info]  [TOSS ITEM RESOLVED] orderId=757697616010920763, item="아메리카노" (17033250) | rawOptions=[{"optionCode":"1794776","optionName":"ICE","price":0,"quantity":1}] ➔ resolved="ICE 아메리카노 (시그니처)" (GSI1002) steps={"step1":["CUP","ICE"],"step2":["COFFEE",60],"step3":["ICE","5000"],"step4":["COLD","120"]}
[2026-09-23 05:19:43.651] [info]  [toss] event=order.completed status=success source=toss virtual=off mode=order orderId=757697616010920763 bill=757697616010920763 menuCount=1
[2026-09-23 05:25:39.398] [info]  [TOSS RAW ORDER] orderId=757699331078612421, items=[{"name":"아메리카노","productNo":"17033250","options":[{"optionCode":"1794775","optionName":"HOT","price":0,"quantity":1}]}]
[2026-09-23 05:25:39.404] [info]  [TOSS ITEM RESOLVED] orderId=757699331078612421, item="아메리카노" (17033250) | rawOptions=[{"optionCode":"1794775","optionName":"HOT","price":0,"quantity":1}] ➔ resolved="HOT 아메리카노 (시그니처)" (GSH1002) steps={"step1":["CUP","HOT"],"step2":["COFFEE","60"],"step3":["HOT","240"],"options":[{"name":"아이스","code":"IC","group":"온도","price":0}]}
[2026-09-23 05:26:24.560] [info]  [toss] event=order.completed status=success source=toss virtual=off mode=order orderId=757699331078612421 bill=757699331078612421 menuCount=1
[2026-09-23 05:31:48.436] [info]  [TOSS RAW ORDER] orderId=757700839438398653, items=[{"name":"아메리카노","productNo":"17033250","options":[{"optionCode":"1794776","optionName":"ICE","price":0,"quantity":1}]}]
[2026-09-23 05:31:48.441] [info]  [TOSS ITEM RESOLVED] orderId=757700839438398653, item="아메리카노" (17033250) | rawOptions=[{"optionCode":"1794776","optionName":"ICE","price":0,"quantity":1}] ➔ resolved="ICE 아메리카노 (시그니처)" (GSI1002) steps={"step1":["CUP","ICE"],"step2":["COFFEE",60],"step3":["ICE","5000"],"step4":["COLD","120"]}
[2026-09-23 05:32:37.664] [info]  [toss] event=order.completed status=success source=toss virtual=off mode=order orderId=757700839438398653 bill=757700839438398653 menuCount=1
[2026-09-23 05:37:38.457] [info]  [TOSS RAW ORDER] orderId=757702336335170550, items=[{"name":"아메리카노","productNo":"17033250","options":[{"optionCode":"1794776","optionName":"ICE","price":0,"quantity":1}]}]
[2026-09-23 05:37:38.462] [info]  [TOSS ITEM RESOLVED] orderId=757702336335170550, item="아메리카노" (17033250) | rawOptions=[{"optionCode":"1794776","optionName":"ICE","price":0,"quantity":1}] ➔ resolved="ICE 아메리카노 (시그니처)" (GSI1002) steps={"step1":["CUP","ICE"],"step2":["COFFEE",60],"step3":["ICE","5000"],"step4":["COLD","120"]}
[2026-09-23 05:38:34.827] [info]  [toss] event=order.completed status=success source=toss virtual=off mode=order orderId=757702336335170550 bill=757702336335170550 menuCount=1
[2026-09-23 06:05:58.480] [info]  [TOSS RAW ORDER] orderId=757709454211657809, items=[{"name":"아메리카노","productNo":"17033250","options":[{"optionCode":"1794775","optionName":"HOT","price":0,"quantity":1}]}]
[2026-09-23 06:05:58.486] [info]  [TOSS ITEM RESOLVED] orderId=757709454211657809, item="아메리카노" (17033250) | rawOptions=[{"optionCode":"1794775","optionName":"HOT","price":0,"quantity":1}] ➔ resolved="HOT 아메리카노 (시그니처)" (GSH1002) steps={"step1":["CUP","HOT"],"step2":["COFFEE","60"],"step3":["HOT","240"],"options":[{"name":"아이스","code":"IC","group":"온도","price":0}]}
[2026-09-23 06:06:45.696] [info]  [toss] event=order.completed status=success source=toss virtual=off mode=order orderId=757709454211657809 bill=757709454211657809 menuCount=1
[2026-09-23 06:19:14.937] [info]  [TOSS RAW ORDER] orderId=757712799575944114, items=[{"name":"아메리카노","productNo":"17033250","options":[{"optionCode":"1794776","optionName":"ICE","price":0,"quantity":1}]}]
[2026-09-23 06:19:14.941] [info]  [TOSS ITEM RESOLVED] orderId=757712799575944114, item="아메리카노" (17033250) | rawOptions=[{"optionCode":"1794776","optionName":"ICE","price":0,"quantity":1}] ➔ resolved="ICE 아메리카노 (시그니처)" (GSI1002) steps={"step1":["CUP","ICE"],"step2":["COFFEE",60],"step3":["ICE","5000"],"step4":["COLD","120"]}
[2026-09-23 06:20:03.124] [info]  [toss] event=order.completed status=success source=toss virtual=off mode=order orderId=757712799575944114 bill=757712799575944114 menuCount=1
[2026-09-23 08:30:00.971] [info]  [TOSS RAW ORDER] orderId=757745670013438671, items=[{"name":"아메리카노","productNo":"17033250","options":[{"optionCode":"1794776","optionName":"ICE","price":0,"quantity":1},{"optionCode":"1794784","optionName":"연하게","price":0,"quantity":1}]},{"name":"밀크티","productNo":"17033322","options":[{"optionCode":"1794776","optionName":"ICE","price":0,"quantity":1}]}]
[2026-09-23 08:30:00.976] [info]  [TOSS ITEM RESOLVED] orderId=757745670013438671, item="아메리카노" (17033250) | rawOptions=[{"optionCode":"1794776","optionName":"ICE","price":0,"quantity":1},{"optionCode":"1794784","optionName":"연하게","price":0,"quantity":1}] ➔ resolved="ICE 아메리카노 (시그니처) (연하게)" (GSI1001) steps={"step1":["CUP","ICE"],"step2":["COFFEE",30],"step3":["ICE","5000"],"step4":["COLD","150"]}
[2026-09-23 08:30:00.979] [info]  [TOSS ITEM RESOLVED] orderId=757745670013438671, item="밀크티" (17033322) | rawOptions=[{"optionCode":"1794776","optionName":"ICE","price":0,"quantity":1}] ➔ resolved="ICE 밀크티" (GTI5008) steps={"step1":["CUP","ICE"],"step2":["ICE","5000"],"step3":["COLD_MILK","160"],"step4":["얼그레이","40"]}
[2026-09-23 08:31:08.023] [info]  [toss] event=order.completed status=success source=toss virtual=off mode=order orderId=757745670013438671 bill=757745670013438671 menuCount=2
[2026-09-23 09:05:03.960] [info]  [TOSS RAW ORDER] orderId=757754515343390842, items=[{"name":"아메리카노","productNo":"17033250","options":[{"optionCode":"1794776","optionName":"ICE","price":0,"quantity":1}]}]
[2026-09-23 09:05:03.965] [info]  [TOSS ITEM RESOLVED] orderId=757754515343390842, item="아메리카노" (17033250) | rawOptions=[{"optionCode":"1794776","optionName":"ICE","price":0,"quantity":1}] ➔ resolved="ICE 아메리카노 (시그니처)" (GSI1002) steps={"step1":["CUP","ICE"],"step2":["COFFEE",60],"step3":["ICE","5000"],"step4":["COLD","120"]}
[2026-09-23 09:05:59.620] [info]  [toss] event=order.completed status=success source=toss virtual=off mode=order orderId=757754515343390842 bill=757754515343390842 menuCount=1
[2026-09-23 09:14:53.900] [info]  [TOSS RAW ORDER] orderId=757757009112966124, items=[{"name":"아메리카노","productNo":"17033250","options":[{"optionCode":"1794776","optionName":"ICE","price":0,"quantity":1}]}]
[2026-09-23 09:14:53.906] [info]  [TOSS ITEM RESOLVED] orderId=757757009112966124, item="아메리카노" (17033250) | rawOptions=[{"optionCode":"1794776","optionName":"ICE","price":0,"quantity":1}] ➔ resolved="ICE 아메리카노 (시그니처)" (GSI1002) steps={"step1":["CUP","ICE"],"step2":["COFFEE",60],"step3":["ICE","5000"],"step4":["COLD","120"]}
[2026-09-23 09:16:35.928] [info]  [toss] event=order.completed status=success source=toss virtual=off mode=order orderId=757757009112966124 bill=757757009112966124 menuCount=2
[2026-09-23 09:42:41.012] [info]  [TOSS RAW ORDER] orderId=757764006956878103, items=[{"name":"아메리카노","productNo":"17033250","options":[{"optionCode":"1794776","optionName":"ICE","price":0,"quantity":1}]}]
[2026-09-23 09:42:41.017] [info]  [TOSS ITEM RESOLVED] orderId=757764006956878103, item="아메리카노" (17033250) | rawOptions=[{"optionCode":"1794776","optionName":"ICE","price":0,"quantity":1}] ➔ resolved="ICE 아메리카노 (시그니처)" (GSI1002) steps={"step1":["CUP","ICE"],"step2":["COFFEE",60],"step3":["ICE","5000"],"step4":["COLD","120"]}
[2026-09-23 09:44:10.932] [info]  [toss] event=order.completed status=success source=toss virtual=off mode=order orderId=757764006956878103 bill=757764006956878103 menuCount=2
[2026-09-23 10:16:37.973] [info]  [TOSS RAW ORDER] orderId=757772551056112780, items=[{"name":"아메리카노","productNo":"17033250","options":[{"optionCode":"1794776","optionName":"ICE","price":0,"quantity":1}]}]
[2026-09-23 10:16:37.979] [info]  [TOSS ITEM RESOLVED] orderId=757772551056112780, item="아메리카노" (17033250) | rawOptions=[{"optionCode":"1794776","optionName":"ICE","price":0,"quantity":1}] ➔ resolved="ICE 아메리카노 (시그니처)" (GSI1002) steps={"step1":["CUP","ICE"],"step2":["COFFEE",60],"step3":["ICE","5000"],"step4":["COLD","120"]}
[2026-09-23 10:17:39.428] [info]  [toss] event=order.completed status=success source=toss virtual=off mode=order orderId=757772551056112780 bill=757772551056112780 menuCount=1
[2026-09-23 10:54:51.037] [info]  [TOSS RAW ORDER] orderId=757782164052751189, items=[{"name":"바닐라라떼","productNo":"17033258","options":[{"optionCode":"1794776","optionName":"ICE","price":0,"quantity":1}]}]
[2026-09-23 10:54:51.043] [info]  [TOSS ITEM RESOLVED] orderId=757782164052751189, item="바닐라라떼" (17033258) | rawOptions=[{"optionCode":"1794776","optionName":"ICE","price":0,"quantity":1}] ➔ resolved="ICE 바닐라라떼 (시그니처)" (GSI2003) steps={"step1":["CUP","ICE"],"step2":["COFFEE",60],"step3":["ICE",5000],"step4":["COLD_MILK",120],"step5":["바닐라",35]}
[2026-09-23 10:56:10.505] [info]  [toss] event=order.completed status=success source=toss virtual=off mode=order orderId=757782164052751189 bill=757782164052751189 menuCount=1
[2026-09-23 11:03:23.397] [info]  [TOSS RAW ORDER] orderId=757784280901217694, items=[{"name":"아메리카노","productNo":"17033250","options":[{"optionCode":"1794776","optionName":"ICE","price":0,"quantity":1},{"optionCode":"1794785","optionName":"샷추가","price":500,"quantity":1}]}]
[2026-09-23 11:03:23.403] [info]  [TOSS ITEM RESOLVED] orderId=757784280901217694, item="아메리카노" (17033250) | rawOptions=[{"optionCode":"1794776","optionName":"ICE","price":0,"quantity":1},{"optionCode":"1794785","optionName":"샷추가","price":500,"quantity":1}] ➔ resolved="ICE 아메리카노 (시그니처) (샷추가)" (GSI1005) steps={"step1":["CUP","ICE"],"step2":["COFFEE",90],"step3":["ICE","5000"],"step4":["COLD","90"]}
[2026-09-23 11:04:36.376] [info]  [toss] event=order.completed status=success source=toss virtual=off mode=order orderId=757784280901217694 bill=757784280901217694 menuCount=1
[2026-09-23 11:16:31.909] [info]  [TOSS RAW ORDER] orderId=757787620359916606, items=[{"name":"아메리카노","productNo":"17033250","options":[{"optionCode":"1794775","optionName":"HOT","price":0,"quantity":1}]}]
[2026-09-23 11:16:31.914] [info]  [TOSS ITEM RESOLVED] orderId=757787620359916606, item="아메리카노" (17033250) | rawOptions=[{"optionCode":"1794775","optionName":"HOT","price":0,"quantity":1}] ➔ resolved="HOT 아메리카노 (시그니처)" (GSH1002) steps={"step1":["CUP","HOT"],"step2":["COFFEE","60"],"step3":["HOT","240"],"options":[{"name":"아이스","code":"IC","group":"온도","price":0}]}
[2026-09-23 11:17:37.449] [info]  [toss] event=order.completed status=success source=toss virtual=off mode=order orderId=757787620359916606 bill=757787620359916606 menuCount=1
[2026-09-23 12:03:27.895] [info]  [TOSS RAW ORDER] orderId=757799449295430757, items=[{"name":"아메리카노","productNo":"17033250","options":[{"optionCode":"1794776","optionName":"ICE","price":0,"quantity":1}]}]
[2026-09-23 12:03:27.900] [info]  [TOSS ITEM RESOLVED] orderId=757799449295430757, item="아메리카노" (17033250) | rawOptions=[{"optionCode":"1794776","optionName":"ICE","price":0,"quantity":1}] ➔ resolved="ICE 아메리카노 (시그니처)" (GSI1002) steps={"step1":["CUP","ICE"],"step2":["COFFEE",60],"step3":["ICE","5000"],"step4":["COLD","120"]}
[2026-09-23 12:04:14.277] [info]  [toss] event=order.completed status=success source=toss virtual=off mode=order orderId=757799449295430757 bill=757799449295430757 menuCount=1
[2026-09-23 12:32:32.966] [info]  [TOSS RAW ORDER] orderId=757806762186099477, items=[{"name":"아메리카노","productNo":"17033250","options":[{"optionCode":"1794776","optionName":"ICE","price":0,"quantity":1}]}]
[2026-09-23 12:32:32.972] [info]  [TOSS ITEM RESOLVED] orderId=757806762186099477, item="아메리카노" (17033250) | rawOptions=[{"optionCode":"1794776","optionName":"ICE","price":0,"quantity":1}] ➔ resolved="ICE 아메리카노 (시그니처)" (GSI1002) steps={"step1":["CUP","ICE"],"step2":["COFFEE",60],"step3":["ICE","5000"],"step4":["COLD","120"]}
[2026-09-23 12:35:04.774] [info]  [toss] event=order.completed status=success source=toss virtual=off mode=order orderId=757806762186099477 bill=757806762186099477 menuCount=3
[2026-09-23 12:43:22.895] [info]  [TOSS RAW ORDER] orderId=757809486021642753, items=[{"name":"아메리카노","productNo":"17033250","options":[{"optionCode":"1794776","optionName":"ICE","price":0,"quantity":1},{"optionCode":"1794787","optionName":"헤이즐넛","price":500,"quantity":1}]}]
[2026-09-23 12:43:22.899] [info]  [TOSS ITEM RESOLVED] orderId=757809486021642753, item="아메리카노" (17033250) | rawOptions=[{"optionCode":"1794776","optionName":"ICE","price":0,"quantity":1},{"optionCode":"1794787","optionName":"헤이즐넛","price":500,"quantity":1}] ➔ resolved="ICE 아메리카노 (시그니처) (헤이즐넛)" (GSI1010) steps={"step1":["CUP","ICE"],"step2":["COFFEE",60],"step3":["ICE","5000"],"step4":["COLD","100"],"step5":["헤이즐넛","20"]}
[2026-09-23 12:44:12.116] [info]  [toss] event=order.completed status=success source=toss virtual=off mode=order orderId=757809486021642753 bill=757809486021642753 menuCount=1
[2026-09-23 12:46:44.905] [info]  [TOSS RAW ORDER] orderId=757810334592326300, items=[{"name":"카페라떼","productNo":"17033256","options":[{"optionCode":"1794775","optionName":"HOT","price":0,"quantity":1},{"optionCode":"1794779","optionName":"연하게","price":0,"quantity":1}]}]
[2026-09-23 12:46:44.910] [info]  [TOSS ITEM RESOLVED] orderId=757810334592326300, item="카페라떼" (17033256) | rawOptions=[{"optionCode":"1794775","optionName":"HOT","price":0,"quantity":1},{"optionCode":"1794779","optionName":"연하게","price":0,"quantity":1}] ➔ resolved="HOT 카페라떼 (시그니처) (연하게)" (GSH2000) steps={"step1":["CUP","HOT"],"step2":["COFFEE",30],"step3":["HOT_MILK","280"]}
[2026-09-23 12:47:54.263] [info]  [toss] event=order.completed status=success source=toss virtual=off mode=order orderId=757810334592326300 bill=757810334592326300 menuCount=1
[2026-09-23 12:48:02.911] [info]  [TOSS RAW ORDER] orderId=757810660779084345, items=[{"name":"아메리카노","productNo":"17033250","options":[{"optionCode":"1794776","optionName":"ICE","price":0,"quantity":1},{"optionCode":"1794785","optionName":"샷추가","price":500,"quantity":1}]}]
[2026-09-23 12:48:02.915] [info]  [TOSS ITEM RESOLVED] orderId=757810660779084345, item="아메리카노" (17033250) | rawOptions=[{"optionCode":"1794776","optionName":"ICE","price":0,"quantity":1},{"optionCode":"1794785","optionName":"샷추가","price":500,"quantity":1}] ➔ resolved="ICE 아메리카노 (시그니처) (샷추가)" (GSI1005) steps={"step1":["CUP","ICE"],"step2":["COFFEE",90],"step3":["ICE","5000"],"step4":["COLD","90"]}
[2026-09-23 12:49:18.428] [info]  [toss] event=order.completed status=success source=toss virtual=off mode=order orderId=757810660779084345 bill=757810660779084345 menuCount=1
[2026-09-23 12:56:54.947] [info]  [TOSS RAW ORDER] orderId=757812876273365030, items=[{"name":"아메리카노","productNo":"17033250","options":[{"optionCode":"1794776","optionName":"ICE","price":0,"quantity":1},{"optionCode":"1794784","optionName":"연하게","price":0,"quantity":1}]}]
[2026-09-23 12:56:54.953] [info]  [TOSS ITEM RESOLVED] orderId=757812876273365030, item="아메리카노" (17033250) | rawOptions=[{"optionCode":"1794776","optionName":"ICE","price":0,"quantity":1},{"optionCode":"1794784","optionName":"연하게","price":0,"quantity":1}] ➔ resolved="ICE 아메리카노 (시그니처) (연하게)" (GSI1001) steps={"step1":["CUP","ICE"],"step2":["COFFEE",30],"step3":["ICE","5000"],"step4":["COLD","150"]}
[2026-09-23 12:57:31.894] [info]  [toss] event=order.completed status=success source=toss virtual=off mode=order orderId=757812876273365030 bill=757812876273365030 menuCount=1
[2026-09-23 13:33:50.929] [info]  [TOSS RAW ORDER] orderId=757822182813181398, items=[{"name":"아메리카노","productNo":"17033250","options":[{"optionCode":"1794776","optionName":"ICE","price":0,"quantity":1}]}]
[2026-09-23 13:33:50.934] [info]  [TOSS ITEM RESOLVED] orderId=757822182813181398, item="아메리카노" (17033250) | rawOptions=[{"optionCode":"1794776","optionName":"ICE","price":0,"quantity":1}] ➔ resolved="ICE 아메리카노 (시그니처)" (GSI1002) steps={"step1":["CUP","ICE"],"step2":["COFFEE",60],"step3":["ICE","5000"],"step4":["COLD","120"]}
[2026-09-23 13:34:41.252] [info]  [toss] event=order.completed status=success source=toss virtual=off mode=order orderId=757822182813181398 bill=757822182813181398 menuCount=1
[2026-09-23 13:52:35.881] [info]  [TOSS RAW ORDER] orderId=757826895931632661, items=[{"name":"바닐라카라멜라떼","productNo":"17033303","options":[{"optionCode":"1794776","optionName":"ICE","price":0,"quantity":1}]}]
[2026-09-23 13:52:35.886] [info]  [TOSS ITEM RESOLVED] orderId=757826895931632661, item="바닐라카라멜라떼" (17033303) | rawOptions=[{"optionCode":"1794776","optionName":"ICE","price":0,"quantity":1}] ➔ resolved="ICE 바닐라카라멜라떼" (GMI3026) steps={"step1":["CUP","ICE"],"step2":["ICE",5000],"step3":["COLD_MILK",120],"step4":["바닐라",15],"step5":["카라멜",30]}
[2026-09-23 13:53:33.951] [info]  [toss] event=order.completed status=success source=toss virtual=off mode=order orderId=757826895931632661 bill=757826895931632661 menuCount=1
[2026-09-23 14:02:32.464] [info]  [TOSS RAW ORDER] orderId=757829393744522279, items=[{"name":"아메리카노","productNo":"17033250","options":[{"optionCode":"1794776","optionName":"ICE","price":0,"quantity":1}]}]
[2026-09-23 14:02:32.468] [info]  [TOSS ITEM RESOLVED] orderId=757829393744522279, item="아메리카노" (17033250) | rawOptions=[{"optionCode":"1794776","optionName":"ICE","price":0,"quantity":1}] ➔ resolved="ICE 아메리카노 (시그니처)" (GSI1002) steps={"step1":["CUP","ICE"],"step2":["COFFEE",60],"step3":["ICE","5000"],"step4":["COLD","120"]}
[2026-09-23 14:03:27.877] [info]  [toss] event=order.completed status=success source=toss virtual=off mode=order orderId=757829393744522279 bill=757829393744522279 menuCount=1
[2026-09-23 14:03:58.904] [info]  [TOSS RAW ORDER] orderId=757829772288901973, items=[{"name":"카페라떼","productNo":"17033256","options":[{"optionCode":"1794775","optionName":"HOT","price":0,"quantity":1}]}]
[2026-09-23 14:03:58.910] [info]  [TOSS ITEM RESOLVED] orderId=757829772288901973, item="카페라떼" (17033256) | rawOptions=[{"optionCode":"1794775","optionName":"HOT","price":0,"quantity":1}] ➔ resolved="HOT 카페라떼 (시그니처)" (GSH2001) steps={"step1":["CUP","HOT"],"step2":["COFFEE",60],"step3":["HOT_MILK","260"]}
[2026-09-23 14:05:13.628] [info]  [toss] event=order.completed status=success source=toss virtual=off mode=order orderId=757829772288901973 bill=757829772288901973 menuCount=1
[2026-09-23 14:05:34.905] [info]  [TOSS RAW ORDER] orderId=757830168243714268, items=[{"name":"바닐라라떼","productNo":"17033258","options":[{"optionCode":"1794776","optionName":"ICE","price":0,"quantity":1}]}]
[2026-09-23 14:05:34.911] [info]  [TOSS ITEM RESOLVED] orderId=757830168243714268, item="바닐라라떼" (17033258) | rawOptions=[{"optionCode":"1794776","optionName":"ICE","price":0,"quantity":1}] ➔ resolved="ICE 바닐라라떼 (시그니처)" (GSI2003) steps={"step1":["CUP","ICE"],"step2":["COFFEE",60],"step3":["ICE",5000],"step4":["COLD_MILK",120],"step5":["바닐라",35]}
[2026-09-23 14:06:41.572] [info]  [toss] event=order.completed status=success source=toss virtual=off mode=order orderId=757830168243714268 bill=757830168243714268 menuCount=1
[2026-09-23 14:40:17.453] [info]  [TOSS RAW ORDER] orderId=757838891590800628, items=[{"name":"아메리카노","productNo":"17033250","options":[{"optionCode":"1794776","optionName":"ICE","price":0,"quantity":1}]}]
[2026-09-23 14:40:17.459] [info]  [TOSS ITEM RESOLVED] orderId=757838891590800628, item="아메리카노" (17033250) | rawOptions=[{"optionCode":"1794776","optionName":"ICE","price":0,"quantity":1}] ➔ resolved="ICE 아메리카노 (시그니처)" (GSI1002) steps={"step1":["CUP","ICE"],"step2":["COFFEE",60],"step3":["ICE","5000"],"step4":["COLD","120"]}
[2026-09-23 14:41:07.784] [info]  [toss] event=order.completed status=success source=toss virtual=off mode=order orderId=757838891590800628 bill=757838891590800628 menuCount=1
[2026-09-23 14:44:54.937] [info]  [TOSS RAW ORDER] orderId=757840069414274245, items=[{"name":"아메리카노","productNo":"17033250","options":[{"optionCode":"1794776","optionName":"ICE","price":0,"quantity":1}]},{"name":"아메리카노","productNo":"17033250","options":[{"optionCode":"1794776","optionName":"ICE","price":0,"quantity":1},{"optionCode":"1794784","optionName":"연하게","price":0,"quantity":1}]}]
[2026-09-23 14:44:54.944] [info]  [TOSS ITEM RESOLVED] orderId=757840069414274245, item="아메리카노" (17033250) | rawOptions=[{"optionCode":"1794776","optionName":"ICE","price":0,"quantity":1}] ➔ resolved="ICE 아메리카노 (시그니처)" (GSI1002) steps={"step1":["CUP","ICE"],"step2":["COFFEE",60],"step3":["ICE","5000"],"step4":["COLD","120"]}
[2026-09-23 14:44:54.948] [info]  [TOSS ITEM RESOLVED] orderId=757840069414274245, item="아메리카노" (17033250) | rawOptions=[{"optionCode":"1794776","optionName":"ICE","price":0,"quantity":1},{"optionCode":"1794784","optionName":"연하게","price":0,"quantity":1}] ➔ resolved="ICE 아메리카노 (시그니처) (연하게)" (GSI1001) steps={"step1":["CUP","ICE"],"step2":["COFFEE",30],"step3":["ICE","5000"],"step4":["COLD","150"]}
[2026-09-23 14:46:27.817] [info]  [toss] event=order.completed status=success source=toss virtual=off mode=order orderId=757840069414274245 bill=757840069414274245 menuCount=2
[2026-09-23 15:04:14.416] [info]  [TOSS RAW ORDER] orderId=757844925197693493, items=[{"name":"카페라떼","productNo":"17033256","options":[{"optionCode":"1794776","optionName":"ICE","price":0,"quantity":1}]}]
[2026-09-23 15:04:14.422] [info]  [TOSS ITEM RESOLVED] orderId=757844925197693493, item="카페라떼" (17033256) | rawOptions=[{"optionCode":"1794776","optionName":"ICE","price":0,"quantity":1}] ➔ resolved="ICE 카페라떼 (시그니처)" (GSI2001) steps={"step1":["CUP","ICE"],"step2":["COFFEE",60],"step3":["ICE","5000"],"step4":["COLD_MILK","160"]}
[2026-09-23 15:05:34.653] [info]  [toss] event=order.completed status=success source=toss virtual=off mode=order orderId=757844925197693493 bill=757844925197693493 menuCount=1
[2026-09-23 16:30:05.521] [info]  [TOSS RAW ORDER] orderId=757866532901348961, items=[{"name":"아메리카노","productNo":"17033250","options":[{"optionCode":"1794776","optionName":"ICE","price":0,"quantity":1}]}]
[2026-09-23 16:30:05.528] [info]  [TOSS ITEM RESOLVED] orderId=757866532901348961, item="아메리카노" (17033250) | rawOptions=[{"optionCode":"1794776","optionName":"ICE","price":0,"quantity":1}] ➔ resolved="ICE 아메리카노 (시그니처)" (GSI1002) steps={"step1":["CUP","ICE"],"step2":["COFFEE",60],"step3":["ICE","5000"],"step4":["COLD","120"]}
[2026-09-23 16:30:51.354] [info]  [toss] event=order.completed status=success source=toss virtual=off mode=order orderId=757866532901348961 bill=757866532901348961 menuCount=1
[2026-09-23 16:46:18.453] [info]  [TOSS RAW ORDER] orderId=757870622490340709, items=[{"name":"레몬차","productNo":"17033317","options":[{"optionCode":"1794775","optionName":"HOT","price":0,"quantity":1}]}]
[2026-09-23 16:46:18.459] [info]  [TOSS ITEM RESOLVED] orderId=757870622490340709, item="레몬차" (17033317) | rawOptions=[{"optionCode":"1794775","optionName":"HOT","price":0,"quantity":1}] ➔ resolved="HOT 레몬차" (GTH5002) steps={"step1":["CUP","HOT"],"step2":["HOT","290"],"step3":["레몬","60"],"step4":["설탕","10"]}
[2026-09-23 16:47:22.037] [info]  [toss] event=order.completed status=success source=toss virtual=off mode=order orderId=757870622490340709 bill=757870622490340709 menuCount=2
[2026-09-23 19:18:50.434] [info]  [TOSS RAW ORDER] orderId=757908990712467051, items=[{"name":"아메리카노","productNo":"17033250","options":[{"optionCode":"1794775","optionName":"HOT","price":0,"quantity":1}]},{"name":"아메리카노","productNo":"17033250","options":[{"optionCode":"1794776","optionName":"ICE","price":0,"quantity":1}]},{"name":"딸기라떼","productNo":"17033310","options":[{"optionCode":"1794776","optionName":"ICE","price":0,"quantity":1}]}]
[2026-09-23 19:18:50.439] [info]  [TOSS ITEM RESOLVED] orderId=757908990712467051, item="아메리카노" (17033250) | rawOptions=[{"optionCode":"1794775","optionName":"HOT","price":0,"quantity":1}] ➔ resolved="HOT 아메리카노 (시그니처)" (GSH1002) steps={"step1":["CUP","HOT"],"step2":["COFFEE","60"],"step3":["HOT","240"],"options":[{"name":"아이스","code":"IC","group":"온도","price":0}]}
[2026-09-23 19:18:50.445] [info]  [TOSS ITEM RESOLVED] orderId=757908990712467051, item="아메리카노" (17033250) | rawOptions=[{"optionCode":"1794776","optionName":"ICE","price":0,"quantity":1}] ➔ resolved="ICE 아메리카노 (시그니처)" (GSI1002) steps={"step1":["CUP","ICE"],"step2":["COFFEE",60],"step3":["ICE","5000"],"step4":["COLD","120"]}
[2026-09-23 19:18:50.449] [info]  [TOSS ITEM RESOLVED] orderId=757908990712467051, item="딸기라떼" (17033310) | rawOptions=[{"optionCode":"1794776","optionName":"ICE","price":0,"quantity":1}] ➔ resolved="ICE 딸기라떼" (GMI3009) steps={"step1":["CUP","ICE"],"step2":["ICE","5000"],"step3":["COLD_MILK","160"],"step4":["딸기","50"]}
[2026-09-23 19:21:01.218] [info]  [toss] event=order.completed status=success source=toss virtual=off mode=order orderId=757908990712467051 bill=757908990712467051 menuCount=3
[2026-09-23 20:32:46.944] [info]  [TOSS RAW ORDER] orderId=757927630983846192, items=[{"name":"아메리카노","productNo":"17033250","options":[{"optionCode":"1794776","optionName":"ICE","price":0,"quantity":1}]}]
[2026-09-23 20:32:46.949] [info]  [TOSS ITEM RESOLVED] orderId=757927630983846192, item="아메리카노" (17033250) | rawOptions=[{"optionCode":"1794776","optionName":"ICE","price":0,"quantity":1}] ➔ resolved="ICE 아메리카노 (시그니처)" (GSI1002) steps={"step1":["CUP","ICE"],"step2":["COFFEE",60],"step3":["ICE","5000"],"step4":["COLD","120"]}
[2026-09-23 20:33:39.580] [info]  [toss] event=order.completed status=success source=toss virtual=off mode=order orderId=757927630983846192 bill=757927630983846192 menuCount=1
[2026-09-23 20:50:22.910] [info]  [TOSS RAW ORDER] orderId=757931998579640562, items=[{"name":"아메리카노","productNo":"17033250","options":[{"optionCode":"1794776","optionName":"ICE","price":0,"quantity":1}]}]
[2026-09-23 20:50:22.915] [info]  [TOSS ITEM RESOLVED] orderId=757931998579640562, item="아메리카노" (17033250) | rawOptions=[{"optionCode":"1794776","optionName":"ICE","price":0,"quantity":1}] ➔ resolved="ICE 아메리카노 (시그니처)" (GSI1002) steps={"step1":["CUP","ICE"],"step2":["COFFEE",60],"step3":["ICE","5000"],"step4":["COLD","120"]}
[2026-09-23 20:51:16.218] [info]  [toss] event=order.completed status=success source=toss virtual=off mode=order orderId=757931998579640562 bill=757931998579640562 menuCount=1
[2026-09-23 20:57:03.040] [info]  [TOSS RAW ORDER] orderId=757933714066749863, items=[{"name":"아메리카노","productNo":"17033250","options":[{"optionCode":"1794776","optionName":"ICE","price":0,"quantity":1}]}]
[2026-09-23 20:57:03.046] [info]  [TOSS ITEM RESOLVED] orderId=757933714066749863, item="아메리카노" (17033250) | rawOptions=[{"optionCode":"1794776","optionName":"ICE","price":0,"quantity":1}] ➔ resolved="ICE 아메리카노 (시그니처)" (GSI1002) steps={"step1":["CUP","ICE"],"step2":["COFFEE",60],"step3":["ICE","5000"],"step4":["COLD","120"]}
[2026-09-23 20:57:56.279] [info]  [toss] event=order.completed status=success source=toss virtual=off mode=order orderId=757933714066749863 bill=757933714066749863 menuCount=1
[2026-09-23 21:06:37.869] [info]  [TOSS RAW ORDER] orderId=757936132905093138, items=[{"name":"청포도에이드","productNo":"17033340","options":[]},{"name":"복숭아티","productNo":"17033315","options":[{"optionCode":"1794776","optionName":"ICE","price":0,"quantity":1}]}]
[2026-09-23 21:06:37.875] [info]  [TOSS ITEM RESOLVED] orderId=757936132905093138, item="청포도에이드" (17033340) | rawOptions=[] ➔ resolved="ICE 청포도에이드" (GAI4006) steps={"step1":["CUP","ICE"],"step2":["ICE","5000"],"step3":["SPARKLE","160"],"step4":["청포도","50"]}
[2026-09-23 21:06:37.882] [info]  [TOSS ITEM RESOLVED] orderId=757936132905093138, item="복숭아티" (17033315) | rawOptions=[{"optionCode":"1794776","optionName":"ICE","price":0,"quantity":1}] ➔ resolved="ICE 복숭아티" (GTI5000) steps={"step1":["CUP","ICE"],"step2":["ICE",5000],"step3":["COLD",130],"step4":["복숭아",40],"step5":["얼그레이",10]}
[2026-09-23 21:07:13.241] [info]  [toss] event=order.completed status=success source=toss virtual=off mode=order orderId=757936132905093138 bill=757936132905093138 menuCount=2
[2026-09-23 21:24:17.964] [info]  [TOSS RAW ORDER] orderId=757940584798080486, items=[{"name":"아메리카노","productNo":"17033250","options":[{"optionCode":"1794776","optionName":"ICE","price":0,"quantity":1}]},{"name":"아메리카노","productNo":"17033250","options":[{"optionCode":"1794776","optionName":"ICE","price":0,"quantity":1},{"optionCode":"1794784","optionName":"연하게","price":0,"quantity":1}]}]
[2026-09-23 21:24:17.969] [info]  [TOSS ITEM RESOLVED] orderId=757940584798080486, item="아메리카노" (17033250) | rawOptions=[{"optionCode":"1794776","optionName":"ICE","price":0,"quantity":1}] ➔ resolved="ICE 아메리카노 (시그니처)" (GSI1002) steps={"step1":["CUP","ICE"],"step2":["COFFEE",60],"step3":["ICE","5000"],"step4":["COLD","120"]}
[2026-09-23 21:24:17.974] [info]  [TOSS ITEM RESOLVED] orderId=757940584798080486, item="아메리카노" (17033250) | rawOptions=[{"optionCode":"1794776","optionName":"ICE","price":0,"quantity":1},{"optionCode":"1794784","optionName":"연하게","price":0,"quantity":1}] ➔ resolved="ICE 아메리카노 (시그니처) (연하게)" (GSI1001) steps={"step1":["CUP","ICE"],"step2":["COFFEE",30],"step3":["ICE","5000"],"step4":["COLD","150"]}
[2026-09-23 21:29:04.013] [error] [toss] event=order.failed status=failed stage=HARDWARE source=toss virtual=off mode=order orderId=757940584798080486 bill=757940584798080486 menuCount=4 error=HW물리검증_실패:_Timeout_has_occurred