[2026-08-15 17:12:03.107] [info]  [HASTE Garbage Collector] Successfully removed legacy trash file: haste_injected_config_raw.json
[2026-08-15 17:12:03.111] [info]  [HASTE Garbage Collector] Successfully removed legacy trash file: haste_injected_config_raw.json.bak
[2026-08-15 17:12:03.214] [info]  [HASTE DB Schema] Successfully alter-added toss_store_no column to LICENSE table!
[2026-08-15 17:12:03.219] [info]  [HASTE DB Migration] Successfully added is_option column to menu_item table!
[2026-08-15 17:12:03.248] [info]  [HASTE DB Load] Loaded settings from SQLite database successfully. StoreName: "미인증", StoreNo: "unknown", ThemeMode: "Light", KioskType: "SAMSUNG", isKioskDryRun: "false"
[2026-08-15 17:12:03.714] [info]  [HASTE DB Security] Databases locked dynamically on disk after mount.
[2026-08-15 17:12:03.760] [info]  [app] event=app.startup status=started appVersion=3.1.0-t5 packaged=true
[2026-08-15 17:12:04.511] [info]  [app] event=app.window status=success
[2026-08-15 17:12:04.533] [info]  [app] event=app.tray status=success
[2026-08-15 17:12:04.533] [info]  [app] event=updater.check status=ignored reason=store_managed_distribution
[2026-08-15 17:12:04.537] [info]  [app] event=app.ipc status=success
[2026-08-15 17:12:04.785] [info]  [app] event=task.start status=success
[2026-08-15 17:12:04.790] [debug] [api] [api] event=settings.change status=success port=8080 deviceModelId=D0000
[2026-08-15 17:12:04.795] [info]  [api] [HASTE] Found SSL Certificates at: C:\Users\CoffeeVanada\AppData\Local\Programs\haste-client\resources\resources
[2026-08-15 17:12:04.842] [info]  [api] [HASTE Dual Listener] Started HTTPS Hono Server on port 8443 (Toss POS & Kiosk ready).
[2026-08-15 17:12:04.845] [info]  [api] [HASTE Dual Listener] Started HTTP Hono Server on port 8080 (Samsung Kiosk ready).
[2026-08-15 17:12:04.846] [debug] [api] [api] event=api.server status=success port=8080 host=0.0.0.0
[2026-08-15 17:12:04.848] [info]  [serialport] [serialport] event=serialport.connect status=started scope=all
[2026-08-15 17:12:04.850] [debug] [coffee] [coffee] event=settings.change status=success field=thirdpartyType value=wmf_machine
[2026-08-15 17:12:04.852] [debug] [coffee] [coffee] event=coffee.socket status=started transport=ws machineName=WMF model=wmf_machine ip=192.168.10.138 port=25000
[2026-08-15 17:12:04.861] [debug] [coffee] [coffee] event=temperature.change status=success
[2026-08-15 17:12:04.862] [debug] [api] [api] event=did.callback status=ignored reason=local_did_not_open screen=temperature
[2026-08-15 17:12:04.866] [info]  [HASTE DB Save] Settings category "inventory" has been updated and saved to SQLite successfully.
[2026-08-15 17:12:04.868] [info]  [HASTE DB Save] Settings category "inventory" has been updated and saved to SQLite successfully.
[2026-08-15 17:12:04.869] [info]  [serialport] [serialport] event=serialport.connect status=started scope=all
[2026-08-15 17:12:04.872] [info]  [HASTE DB Save] Settings category "inventory" has been updated and saved to SQLite successfully.
[2026-08-15 17:12:04.875] [info]  [HASTE DB Save] Settings category "inventory" has been updated and saved to SQLite successfully.
[2026-08-15 17:12:04.877] [debug] [api] [HASTE Theme Sync] Applied local UI theme: isDark=false
[2026-08-15 17:12:04.878] [info]  [HASTE Switch] Haste Agent Bot disabled. Suspending bridge process...
[2026-08-15 17:12:04.879] [debug] [api] [api] event=did.callback status=started target=local screen=/ reason=local_api_down
[2026-08-15 17:12:04.881] [info]  [app] event=app.startup status=success message="subscriptions registered"
[2026-08-15 17:12:04.903] [error] [app] event=main_process.error status=failed reason=startup_failed stack=ReferenceError:_formatOperationalLog_is_not_defined_at_schedulerElectronLicenseVerification_(C:\Users\CoffeeVanada\AppData\Local\Programs\haste-client\resources\app.asar\out\main\index.js:24440:12)_at_C:\Users\CoffeeVanada\AppData\Local\Programs\haste-client\resources\app.asar\out\main\index.js:24880:5 message="formatOperationalLog is not defined"
[2026-08-15 17:12:04.920] [error] [serialport] [serialport] event=serialport.error status=failed reason=port_error boardName=board1 port=COM3 message="Opening COM3: Access denied"
[2026-08-15 17:12:04.922] [error] [app] event=main_process.error status=failed reason=uncaught_exception stack=ReferenceError:_formatOperationalLog_is_not_defined_at_logScheduleChange_(C:\Users\CoffeeVanada\AppData\Local\Programs\haste-client\resources\app.asar\out\main\index.js:24326:11)_at_normalizeMaintenanceIntervalSec_(C:\Users\CoffeeVanada\AppData\Local\Programs\haste-client\resources\app.asar\out\main\index.js:24353:3)_at_C:\Users\CoffeeVanada\AppData\Local\Programs\haste-client\resources\app.asar\out\main\index.js:24361:37_at_C:\Users\CoffeeVanada\AppData\Local\Programs\haste-client\resources\app.asar\node_modules\rxjs\dist\cjs\internal\operators\switchMap.js:17:35_at_Operat... message="formatOperationalLog is not defined"
[2026-08-15 17:12:04.923] [error] [app] event=main_process.error status=failed reason=uncaught_exception stack=ReferenceError:_formatOperationalLog_is_not_defined_at_logScheduleChange_(C:\Users\CoffeeVanada\AppData\Local\Programs\haste-client\resources\app.asar\out\main\index.js:24326:11)_at_normalizeMaintenanceIntervalSec_(C:\Users\CoffeeVanada\AppData\Local\Programs\haste-client\resources\app.asar\out\main\index.js:24341:5)_at_C:\Users\CoffeeVanada\AppData\Local\Programs\haste-client\resources\app.asar\out\main\index.js:24361:37_at_C:\Users\CoffeeVanada\AppData\Local\Programs\haste-client\resources\app.asar\node_modules\rxjs\dist\cjs\internal\operators\switchMap.js:17:35_at_Operat... message="formatOperationalLog is not defined"
[2026-08-15 17:12:04.924] [error] [app] event=main_process.error status=failed reason=uncaught_exception stack=ReferenceError:_formatOperationalLog_is_not_defined_at_logScheduleChange_(C:\Users\CoffeeVanada\AppData\Local\Programs\haste-client\resources\app.asar\out\main\index.js:24326:11)_at_normalizeMaintenanceIntervalSec_(C:\Users\CoffeeVanada\AppData\Local\Programs\haste-client\resources\app.asar\out\main\index.js:24341:5)_at_C:\Users\CoffeeVanada\AppData\Local\Programs\haste-client\resources\app.asar\out\main\index.js:24361:37_at_C:\Users\CoffeeVanada\AppData\Local\Programs\haste-client\resources\app.asar\node_modules\rxjs\dist\cjs\internal\operators\switchMap.js:17:35_at_Operat... message="formatOperationalLog is not defined"
[2026-08-15 17:12:04.924] [error] [app] event=main_process.error status=failed reason=uncaught_exception stack=ReferenceError:_formatOperationalLog_is_not_defined_at_logScheduleChange_(C:\Users\CoffeeVanada\AppData\Local\Programs\haste-client\resources\app.asar\out\main\index.js:24326:11)_at_normalizeMaintenanceIntervalSec_(C:\Users\CoffeeVanada\AppData\Local\Programs\haste-client\resources\app.asar\out\main\index.js:24353:3)_at_C:\Users\CoffeeVanada\AppData\Local\Programs\haste-client\resources\app.asar\out\main\index.js:24361:37_at_C:\Users\CoffeeVanada\AppData\Local\Programs\haste-client\resources\app.asar\node_modules\rxjs\dist\cjs\internal\operators\switchMap.js:17:35_at_Operat... message="formatOperationalLog is not defined"
[2026-08-15 17:12:04.924] [error] [app] event=main_process.error status=failed reason=uncaught_exception stack=ReferenceError:_formatOperationalLog_is_not_defined_at_logScheduleChange_(C:\Users\CoffeeVanada\AppData\Local\Programs\haste-client\resources\app.asar\out\main\index.js:24326:11)_at_normalizeMaintenanceIntervalSec_(C:\Users\CoffeeVanada\AppData\Local\Programs\haste-client\resources\app.asar\out\main\index.js:24353:3)_at_C:\Users\CoffeeVanada\AppData\Local\Programs\haste-client\resources\app.asar\out\main\index.js:24426:37_at_C:\Users\CoffeeVanada\AppData\Local\Programs\haste-client\resources\app.asar\node_modules\rxjs\dist\cjs\internal\operators\switchMap.js:17:35_at_Operat... message="formatOperationalLog is not defined"
[2026-08-15 17:12:04.925] [error] [app] event=main_process.error status=failed reason=uncaught_exception stack=ReferenceError:_formatOperationalLog_is_not_defined_at_logScheduleChange_(C:\Users\CoffeeVanada\AppData\Local\Programs\haste-client\resources\app.asar\out\main\index.js:24326:11)_at_normalizeMaintenanceIntervalSec_(C:\Users\CoffeeVanada\AppData\Local\Programs\haste-client\resources\app.asar\out\main\index.js:24353:3)_at_C:\Users\CoffeeVanada\AppData\Local\Programs\haste-client\resources\app.asar\out\main\index.js:24361:37_at_C:\Users\CoffeeVanada\AppData\Local\Programs\haste-client\resources\app.asar\node_modules\rxjs\dist\cjs\internal\operators\switchMap.js:17:35_at_Operat... message="formatOperationalLog is not defined"
[2026-08-15 17:12:05.020] [debug] [serialport] [serialport] event=serialport.connect status=success boardName=board1 port=COM3
[2026-08-15 17:12:05.022] [debug] [api] [HASTE DevTools Sync] Current window DevTools opened state: false, Target state: false
[2026-08-15 17:12:05.238] [debug] [serialport] [serialport] event=serialport.packet status=success boardName=board1 length=24 message="bytearray(b'\\x020A1DCP0201A00101A10344\\x03')"
[2026-08-15 17:12:06.413] [info]  [HASTE Menu DB Init] haste_menu.db established successfully.
[2026-08-15 17:12:06.510] [info]  [HASTE DB Security] Locked on disk: haste_menu.db
[2026-08-15 17:12:06.855] [debug] [api] [api] event=settings.change status=success port=8080 posStoreNo=075575 deviceModelId=D0000
[2026-08-15 17:12:06.857] [debug] [api] [HASTE Theme Sync] Applied local UI theme: isDark=false
[2026-08-15 17:12:06.859] [info]  [HASTE DB Save] Settings category "information" has been updated and saved to SQLite successfully.
[2026-08-15 17:12:06.860] [info]  [app] event=license.verify status=success state=approved storeId=075575
[2026-08-15 17:12:06.912] [debug] [api] [HASTE DevTools Sync] Current window DevTools opened state: false, Target state: false
[2026-08-15 17:12:09.866] [error] [coffee] [coffee] event=coffee.socket status=failed reason=open_timeout transport=ws machineName=WMF model=wmf_machine ip=192.168.10.138 port=25000
[2026-08-15 17:12:09.868] [error] [coffee] [coffee] event=coffee.socket status=failed reason=connect_failed transport=ws machineName=WMF model=wmf_machine ip=192.168.10.138 port=25000
[2026-08-15 17:12:26.032] [error] [coffee] [coffee] event=coffee.socket status=failed reason=ws_error machineName=WMF model=wmf_machine ip=192.168.10.138 port=25000 message="connect ETIMEDOUT 192.168.10.138:25000"
[2026-08-15 17:12:27.461] [info]  [HASTE DB Security] Databases closed and locked successfully on exit.
[2026-08-15 17:12:27.462] [info]  [HASTE Shutdown] Releasing all serial ports...
[2026-08-15 17:12:27.463] [info]  [app] event=app.shutdown status=started
[2026-08-15 17:12:31.987] [info]  [HASTE DB Load] Loaded settings from SQLite database successfully. StoreName: "김포운양역점", StoreNo: "303735353735", ThemeMode: "Light", KioskType: "SAMSUNG", isKioskDryRun: "false"
[2026-08-15 17:12:32.300] [info]  [HASTE DB Security] Databases locked dynamically on disk after mount.
[2026-08-15 17:12:32.306] [info]  [app] event=app.startup status=started appVersion=3.1.0-t5 packaged=true
[2026-08-15 17:12:32.413] [info]  [app] event=app.window status=success
[2026-08-15 17:12:32.428] [info]  [app] event=app.tray status=success
[2026-08-15 17:12:32.429] [info]  [app] event=updater.check status=ignored reason=store_managed_distribution
[2026-08-15 17:12:32.433] [info]  [app] event=app.ipc status=success
[2026-08-15 17:12:32.435] [info]  [app] event=task.start status=success
[2026-08-15 17:12:32.437] [debug] [api] [api] event=settings.change status=success port=8080 posStoreNo=075575 deviceModelId=D0000
[2026-08-15 17:12:32.441] [info]  [api] [HASTE] Found SSL Certificates at: C:\Users\CoffeeVanada\AppData\Local\Programs\haste-client\resources\resources
[2026-08-15 17:12:32.452] [info]  [api] [HASTE Dual Listener] Started HTTPS Hono Server on port 8443 (Toss POS & Kiosk ready).
[2026-08-15 17:12:32.454] [info]  [api] [HASTE Dual Listener] Started HTTP Hono Server on port 8080 (Samsung Kiosk ready).
[2026-08-15 17:12:32.456] [debug] [api] [api] event=api.server status=success port=8080 host=0.0.0.0
[2026-08-15 17:12:32.457] [info]  [serialport] [serialport] event=serialport.connect status=started scope=all
[2026-08-15 17:12:32.459] [debug] [coffee] [coffee] event=settings.change status=success field=thirdpartyType value=wmf_machine
[2026-08-15 17:12:32.461] [debug] [coffee] [coffee] event=coffee.socket status=started transport=ws machineName=WMF model=wmf_machine ip=192.168.10.138 port=25000
[2026-08-15 17:12:32.467] [debug] [coffee] [coffee] event=temperature.change status=success
[2026-08-15 17:12:32.469] [debug] [api] [api] event=did.callback status=ignored reason=local_did_not_open screen=temperature
[2026-08-15 17:12:32.473] [info]  [HASTE DB Save] Settings category "inventory" has been updated and saved to SQLite successfully.
[2026-08-15 17:12:32.475] [info]  [HASTE DB Save] Settings category "inventory" has been updated and saved to SQLite successfully.
[2026-08-15 17:12:32.476] [info]  [serialport] [serialport] event=serialport.connect status=started scope=all
[2026-08-15 17:12:32.478] [info]  [HASTE DB Save] Settings category "inventory" has been updated and saved to SQLite successfully.
[2026-08-15 17:12:32.480] [info]  [HASTE DB Save] Settings category "inventory" has been updated and saved to SQLite successfully.
[2026-08-15 17:12:32.482] [debug] [api] [HASTE Theme Sync] Applied local UI theme: isDark=false
[2026-08-15 17:12:32.483] [info]  [HASTE Switch] Haste Agent Bot disabled. Suspending bridge process...
[2026-08-15 17:12:32.484] [debug] [api] [api] event=did.callback status=started target=local screen=/ reason=local_api_down
[2026-08-15 17:12:32.486] [info]  [app] event=app.startup status=success message="subscriptions registered"
[2026-08-15 17:12:32.488] [info]  [app] event=license.verify status=success state=approved storeId=075575
[2026-08-15 17:12:32.495] [error] [app] event=main_process.error status=failed reason=startup_failed stack=ReferenceError:_formatOperationalLog_is_not_defined_at_schedulerElectronLicenseVerification_(C:\Users\CoffeeVanada\AppData\Local\Programs\haste-client\resources\app.asar\out\main\index.js:24440:12)_at_C:\Users\CoffeeVanada\AppData\Local\Programs\haste-client\resources\app.asar\out\main\index.js:24880:5 message="formatOperationalLog is not defined"
[2026-08-15 17:12:32.520] [error] [serialport] [serialport] event=serialport.error status=failed reason=port_error boardName=board1 port=COM3 message="Opening COM3: Access denied"
[2026-08-15 17:12:32.522] [error] [app] event=main_process.error status=failed reason=uncaught_exception stack=ReferenceError:_formatOperationalLog_is_not_defined_at_logScheduleChange_(C:\Users\CoffeeVanada\AppData\Local\Programs\haste-client\resources\app.asar\out\main\index.js:24326:11)_at_normalizeMaintenanceIntervalSec_(C:\Users\CoffeeVanada\AppData\Local\Programs\haste-client\resources\app.asar\out\main\index.js:24353:3)_at_C:\Users\CoffeeVanada\AppData\Local\Programs\haste-client\resources\app.asar\out\main\index.js:24361:37_at_C:\Users\CoffeeVanada\AppData\Local\Programs\haste-client\resources\app.asar\node_modules\rxjs\dist\cjs\internal\operators\switchMap.js:17:35_at_Operat... message="formatOperationalLog is not defined"
[2026-08-15 17:12:32.522] [error] [app] event=main_process.error status=failed reason=uncaught_exception stack=ReferenceError:_formatOperationalLog_is_not_defined_at_logScheduleChange_(C:\Users\CoffeeVanada\AppData\Local\Programs\haste-client\resources\app.asar\out\main\index.js:24326:11)_at_normalizeMaintenanceIntervalSec_(C:\Users\CoffeeVanada\AppData\Local\Programs\haste-client\resources\app.asar\out\main\index.js:24341:5)_at_C:\Users\CoffeeVanada\AppData\Local\Programs\haste-client\resources\app.asar\out\main\index.js:24361:37_at_C:\Users\CoffeeVanada\AppData\Local\Programs\haste-client\resources\app.asar\node_modules\rxjs\dist\cjs\internal\operators\switchMap.js:17:35_at_Operat... message="formatOperationalLog is not defined"
[2026-08-15 17:12:32.523] [error] [app] event=main_process.error status=failed reason=uncaught_exception stack=ReferenceError:_formatOperationalLog_is_not_defined_at_logScheduleChange_(C:\Users\CoffeeVanada\AppData\Local\Programs\haste-client\resources\app.asar\out\main\index.js:24326:11)_at_normalizeMaintenanceIntervalSec_(C:\Users\CoffeeVanada\AppData\Local\Programs\haste-client\resources\app.asar\out\main\index.js:24341:5)_at_C:\Users\CoffeeVanada\AppData\Local\Programs\haste-client\resources\app.asar\out\main\index.js:24361:37_at_C:\Users\CoffeeVanada\AppData\Local\Programs\haste-client\resources\app.asar\node_modules\rxjs\dist\cjs\internal\operators\switchMap.js:17:35_at_Operat... message="formatOperationalLog is not defined"
[2026-08-15 17:12:32.524] [error] [app] event=main_process.error status=failed reason=uncaught_exception stack=ReferenceError:_formatOperationalLog_is_not_defined_at_logScheduleChange_(C:\Users\CoffeeVanada\AppData\Local\Programs\haste-client\resources\app.asar\out\main\index.js:24326:11)_at_normalizeMaintenanceIntervalSec_(C:\Users\CoffeeVanada\AppData\Local\Programs\haste-client\resources\app.asar\out\main\index.js:24353:3)_at_C:\Users\CoffeeVanada\AppData\Local\Programs\haste-client\resources\app.asar\out\main\index.js:24361:37_at_C:\Users\CoffeeVanada\AppData\Local\Programs\haste-client\resources\app.asar\node_modules\rxjs\dist\cjs\internal\operators\switchMap.js:17:35_at_Operat... message="formatOperationalLog is not defined"
[2026-08-15 17:12:32.524] [error] [app] event=main_process.error status=failed reason=uncaught_exception stack=ReferenceError:_formatOperationalLog_is_not_defined_at_logScheduleChange_(C:\Users\CoffeeVanada\AppData\Local\Programs\haste-client\resources\app.asar\out\main\index.js:24326:11)_at_normalizeMaintenanceIntervalSec_(C:\Users\CoffeeVanada\AppData\Local\Programs\haste-client\resources\app.asar\out\main\index.js:24353:3)_at_C:\Users\CoffeeVanada\AppData\Local\Programs\haste-client\resources\app.asar\out\main\index.js:24426:37_at_C:\Users\CoffeeVanada\AppData\Local\Programs\haste-client\resources\app.asar\node_modules\rxjs\dist\cjs\internal\operators\switchMap.js:17:35_at_Operat... message="formatOperationalLog is not defined"
[2026-08-15 17:12:32.525] [error] [app] event=main_process.error status=failed reason=uncaught_exception stack=ReferenceError:_formatOperationalLog_is_not_defined_at_logScheduleChange_(C:\Users\CoffeeVanada\AppData\Local\Programs\haste-client\resources\app.asar\out\main\index.js:24326:11)_at_normalizeMaintenanceIntervalSec_(C:\Users\CoffeeVanada\AppData\Local\Programs\haste-client\resources\app.asar\out\main\index.js:24353:3)_at_C:\Users\CoffeeVanada\AppData\Local\Programs\haste-client\resources\app.asar\out\main\index.js:24361:37_at_C:\Users\CoffeeVanada\AppData\Local\Programs\haste-client\resources\app.asar\node_modules\rxjs\dist\cjs\internal\operators\switchMap.js:17:35_at_Operat... message="formatOperationalLog is not defined"
[2026-08-15 17:12:32.547] [debug] [api] [HASTE DevTools Sync] Current window DevTools opened state: false, Target state: false
[2026-08-15 17:12:32.694] [debug] [serialport] [serialport] event=serialport.connect status=success boardName=board1 port=COM3
[2026-08-15 17:12:32.703] [debug] [serialport] [serialport] event=serialport.packet status=success boardName=board1 length=24 message="bytearray(b'\\x020A1DCP0201A00101A10344\\x03')"
[2026-08-15 17:12:33.593] [info]  [HASTE Menu DB Init] haste_menu.db established successfully.
[2026-08-15 17:12:33.707] [info]  [HASTE DB Security] Locked on disk: haste_menu.db
[2026-08-15 17:12:37.463] [error] [coffee] [coffee] event=coffee.socket status=failed reason=open_timeout transport=ws machineName=WMF model=wmf_machine ip=192.168.10.138 port=25000
[2026-08-15 17:12:37.465] [error] [coffee] [coffee] event=coffee.socket status=failed reason=connect_failed transport=ws machineName=WMF model=wmf_machine ip=192.168.10.138 port=25000
[2026-08-15 17:12:53.651] [error] [coffee] [coffee] event=coffee.socket status=failed reason=ws_error machineName=WMF model=wmf_machine ip=192.168.10.138 port=25000 message="connect ETIMEDOUT 192.168.10.138:25000"
[2026-08-15 17:13:12.067] [debug] [task] [app] event=did.open status=success reason=electron_window_local_webview_monitor url=http://127.0.0.1:8080/did/index.html?clientId=A8%3AA1%3A59%3ADD%3A64%3A66
[2026-08-15 17:13:12.072] [debug] [api] [HASTE Theme Sync] Applied local UI theme: isDark=false
[2026-08-15 17:13:12.074] [info]  [HASTE DB Save] Settings category "information" has been updated and saved to SQLite successfully.
[2026-08-15 17:13:12.136] [debug] [api] [HASTE DevTools Sync] Current window DevTools opened state: false, Target state: false
[2026-08-15 17:13:16.146] [debug] [api] [HASTE Theme Sync] Applied local UI theme: isDark=false
[2026-08-15 17:13:16.149] [info]  [HASTE DB Save] Settings category "information" has been updated and saved to SQLite successfully.
[2026-08-15 17:13:16.150] [info]  [task] [HASTE Sales Toggle] Sales status updated to isSelling: false
[2026-08-15 17:13:16.209] [debug] [api] [HASTE DevTools Sync] Current window DevTools opened state: false, Target state: false
[2026-08-15 17:13:16.811] [debug] [api] [HASTE Theme Sync] Applied local UI theme: isDark=false
[2026-08-15 17:13:16.813] [info]  [HASTE DB Save] Settings category "information" has been updated and saved to SQLite successfully.
[2026-08-15 17:13:16.814] [info]  [task] [HASTE Sales Toggle] Sales status updated to isSelling: true
[2026-08-15 17:13:16.866] [debug] [api] [HASTE DevTools Sync] Current window DevTools opened state: false, Target state: false
[2026-08-15 17:15:30.873] [error] [task] [HASTE Simulate] Recipe validation failed: file is not a database
[2026-08-15 17:15:39.979] [info]  [HASTE Restore] Triggering partial overwrite for HARDWARE CONFIG settings only...
[2026-08-15 17:15:39.981] [debug] [coffee] [coffee] event=settings.change status=success machineName=WMF_1 ip=192.168.10.99 port=25000
[2026-08-15 17:15:39.984] [debug] [coffee] [coffee] event=coffee.socket status=started transport=ws machineName=WMF_1 model=wmf_machine ip=192.168.10.99 port=25000
[2026-08-15 17:15:39.994] [info]  [HASTE DB Save] Settings category "inventory" has been updated and saved to SQLite successfully.
[2026-08-15 17:15:39.997] [info]  [HASTE DB Save] Settings category "coffee" has been updated and saved to SQLite successfully.
[2026-08-15 17:15:40.001] [info]  [HASTE DB Save] Settings category "inventory" has been updated and saved to SQLite successfully.
[2026-08-15 17:15:40.003] [info]  [HASTE DB Save] Settings category "cup" has been updated and saved to SQLite successfully.
[2026-08-15 17:15:40.005] [info]  [HASTE DB Save] Settings category "parts" has been updated and saved to SQLite successfully.
[2026-08-15 17:15:40.007] [info]  [serialport] [serialport] event=settings.change status=success scope=all
[2026-08-15 17:15:40.009] [info]  [serialport] [serialport] event=serialport.connect status=started scope=all
[2026-08-15 17:15:40.012] [info]  [serialport] [serialport] event=serialport.connect status=started scope=all
[2026-08-15 17:15:40.015] [info]  [HASTE DB Save] Settings category "serialport" has been updated and saved to SQLite successfully.
[2026-08-15 17:15:40.020] [info]  [HASTE DB Save] Settings category "inventory" has been updated and saved to SQLite successfully.
[2026-08-15 17:15:40.022] [info]  [HASTE DB Save] Settings category "sirubs" has been updated and saved to SQLite successfully.
[2026-08-15 17:15:40.025] [info]  [HASTE DB Save] Settings category "inventory" has been updated and saved to SQLite successfully.
[2026-08-15 17:15:40.027] [info]  [HASTE DB Save] Settings category "water" has been updated and saved to SQLite successfully.
[2026-08-15 17:15:40.028] [info]  [HASTE DB Save] Settings category "unexpected" has been updated and saved to SQLite successfully.
[2026-08-15 17:15:40.030] [debug] [api] [api] event=settings.change status=success port=8080 posStoreNo=075575 deviceModelId=D0000
[2026-08-15 17:15:40.032] [debug] [api] [HASTE Theme Sync] Applied local UI theme: isDark=false
[2026-08-15 17:15:40.036] [info]  [HASTE DB Save] Settings category "information" has been updated and saved to SQLite successfully.
[2026-08-15 17:15:40.039] [info]  [HASTE DB Save] Settings category "inventory" has been updated and saved to SQLite successfully.
[2026-08-15 17:15:40.042] [info]  [HASTE DB Save] Settings category "coffee" has been updated and saved to SQLite successfully.
[2026-08-15 17:15:40.044] [info]  [HASTE DB Save] Settings category "cup" has been updated and saved to SQLite successfully.
[2026-08-15 17:15:40.045] [info]  [HASTE Restore Success] Forcing physical serial port reconnection...
[2026-08-15 17:15:40.047] [info]  [serialport] [serialport] event=serialport.connect status=started scope=all
[2026-08-15 17:15:40.048] [info]  [HASTE DB Restore] Settings backup restored and applied successfully. Path: "unknown_stream", AppliedCategories: [all_settings]
[2026-08-15 17:15:40.050] [info]  [HASTE DB Sync] Reloading memory settingsStore from SQLite database...
[2026-08-15 17:15:40.063] [info]  [HASTE DB Load] Loaded settings from SQLite database successfully. StoreName: "김포운양역점", StoreNo: "303735353735", ThemeMode: "Light", KioskType: "SAMSUNG", isKioskDryRun: "false"
[2026-08-15 17:15:40.066] [info]  [task] [HASTE Manual Commit] Manual config commit to DB completed successfully.
[2026-08-15 17:15:40.088] [error] [serialport] [serialport] event=serialport.error status=failed reason=port_error boardName=board1 port=COM6 message="Opening COM6: Access denied"
[2026-08-15 17:15:40.091] [error] [serialport] [serialport] event=serialport.error status=failed reason=port_error boardName=board2 port=COM7 message="Opening COM7: Access denied"
[2026-08-15 17:15:40.094] [debug] [api] [HASTE DevTools Sync] Current window DevTools opened state: false, Target state: false
[2026-08-15 17:15:40.193] [info]  [HASTE DB Save] Settings category "information" has been updated and saved to SQLite successfully.
[2026-08-15 17:15:40.194] [info]  [HASTE DB Save] Settings category "information" has been updated and saved to SQLite successfully.
[2026-08-15 17:15:40.196] [info]  [HASTE DB Save] Settings category "information" has been updated and saved to SQLite successfully.
[2026-08-15 17:15:40.254] [info]  [HASTE Product DB] Populated 656 Master Standard products into haste_product.db
[2026-08-15 17:15:40.257] [info]  [HASTE Common Menu IPC] 1:1 single menu import for productNo: undefined
[2026-08-15 17:15:40.258] [info]  [HASTE Common Menu IPC] store:menu:delete for item undefined
[2026-08-15 17:15:40.259] [info]  [HASTE Common Menu IPC] store:menu:update for item undefined
[2026-08-15 17:15:40.260] [info]  [HASTE Common Menu IPC] store:menu:update for item undefined
[2026-08-15 17:15:40.260] [info]  [HASTE Common Menu IPC] store:menu:delete for item undefined
[2026-08-15 17:15:40.261] [info]  [HASTE Common Recipe IPC] store:standard:recipe:get for productNo undefined
[2026-08-15 17:15:40.262] [info]  [HASTE Common Menu IPC] bulk update for 0 items
[2026-08-15 17:15:40.263] [info]  [HASTE Common Menu IPC] 1:1 copy all standard recipes to active menu table
[2026-08-15 17:15:40.272] [info]  [HASTE Common Recipe IPC] store:standard:recipe:get for productNo undefined
[2026-08-15 17:15:40.275] [debug] [serialport] [serialport] event=serialport.close status=success boardName=board1 port=COM3
[2026-08-15 17:15:40.277] [debug] [serialport] [serialport] event=serialport.connect status=success boardName=board1 port=COM6
[2026-08-15 17:15:40.279] [debug] [serialport] [serialport] event=serialport.connect status=success boardName=board2 port=COM7
[2026-08-15 17:15:40.321] [error] [serialport] [serialport] event=serialport.error status=failed reason=port_error boardName=board1 port=COM6 message="Opening COM6: Access denied"
[2026-08-15 17:15:40.323] [error] [serialport] [serialport] event=serialport.error status=failed reason=port_error boardName=board2 port=COM7 message="Opening COM7: Access denied"
[2026-08-15 17:15:40.353] [info]  [HASTE DB Security] Locked on disk: haste_product.db
[2026-08-15 17:15:40.372] [debug] [serialport] [serialport] event=serialport.packet status=success boardName=board1 length=24 message="bytearray(b'\\x020A1DCP0201A00101A10344\\x03')"
[2026-08-15 17:15:40.411] [debug] [serialport] [serialport] event=serialport.packet status=success boardName=board1 length=24 message="bytearray(b'\\x020A1DPC0200A00101A00342\\x03')"
[2026-08-15 17:15:40.413] [debug] [serialport] [serialport] event=serialport.packet.parse status=success boardName=board1 message="{\"isValidStx\":true,\"isValidEtx\":true,\"isValidDst\":true,\"isValidSrc\":true,\"isValidLength\":true,\"fnc\":\"1\",\"act\":\"D\",\"data\":{\"0\":48,\"1\":50,\"2\":48,\"3\":48,\"4\":65,\"5\":48,\"6\":48,\"7\":49,\"8\":48,\"9\":49,\"10\":65,\"11\":48,\"12\":48,\"13\":51,\"14\":52},\"values\":[\"02\",\"00\",\"A0\",\"01\",\"01\",\"A0\",\"03\"],\"part\":{},\"isValidChecksum\":true}"
[2026-08-15 17:15:40.604] [info]  [HASTE DB Save] Settings category "information" has been updated and saved to SQLite successfully.
[2026-08-15 17:15:44.989] [error] [coffee] [coffee] event=coffee.socket status=failed reason=open_timeout transport=ws machineName=WMF_1 model=wmf_machine ip=192.168.10.99 port=25000
[2026-08-15 17:15:44.994] [error] [coffee] [coffee] event=coffee.socket status=failed reason=connect_failed transport=ws machineName=WMF_1 model=wmf_machine ip=192.168.10.99 port=25000
[2026-08-15 17:15:49.675] [info]  [HASTE Standard Sync] Manual standard menu & recipe sync triggered via GUI.
[2026-08-15 17:15:49.677] [info]  [HASTE Toss Sync] Filtering standard recipes with: Cup=MV, Hopper1=D_SAVE (D), Hopper2=N_SAVE (N) -> Selected 218 items.
[2026-08-15 17:15:49.683] [info]  [HASTE Master Sync] Synced 218 store-tailored standard items (Cup: MV, Hopper1: D_SAVE, Hopper2: N_SAVE) with syrup pump calibration to haste_menu.db
[2026-08-15 17:15:49.684] [info]  [HASTE Standard Sync] Success! Synced 218 recipes directly from haste_product.db to haste_menu.db.
[2026-08-15 17:16:01.073] [error] [coffee] [coffee] event=coffee.socket status=failed reason=ws_error machineName=WMF_1 model=wmf_machine ip=192.168.10.99 port=25000 message="connect ETIMEDOUT 192.168.10.99:25000"
[2026-08-15 17:16:24.996] [info]  [HASTE DB Save] Settings category "inventory" has been updated and saved to SQLite successfully.
[2026-08-15 17:16:24.998] [info]  [HASTE DB Save] Settings category "coffee" has been updated and saved to SQLite successfully.
[2026-08-15 17:16:25.131] [info]  [HASTE DB Save] Settings category "information" has been updated and saved to SQLite successfully.
[2026-08-15 17:16:25.132] [info]  [HASTE DB Save] Settings category "information" has been updated and saved to SQLite successfully.
[2026-08-15 17:16:25.133] [info]  [HASTE DB Save] Settings category "information" has been updated and saved to SQLite successfully.
[2026-08-15 17:16:25.159] [info]  [HASTE Common Menu IPC] 1:1 single menu import for productNo: undefined
[2026-08-15 17:16:25.161] [info]  [HASTE Common Menu IPC] store:menu:delete for item undefined
[2026-08-15 17:16:25.162] [info]  [HASTE Common Menu IPC] store:menu:update for item undefined
[2026-08-15 17:16:25.163] [info]  [HASTE Common Menu IPC] store:menu:update for item undefined
[2026-08-15 17:16:25.163] [info]  [HASTE Common Menu IPC] store:menu:delete for item undefined
[2026-08-15 17:16:25.164] [info]  [HASTE Common Recipe IPC] store:standard:recipe:get for productNo undefined
[2026-08-15 17:16:25.165] [info]  [HASTE Common Menu IPC] bulk update for 0 items
[2026-08-15 17:16:25.166] [info]  [HASTE Common Menu IPC] 1:1 copy all standard recipes to active menu table
[2026-08-15 17:16:25.175] [info]  [HASTE Common Recipe IPC] store:standard:recipe:get for productNo undefined
[2026-08-15 17:16:25.487] [info]  [HASTE DB Save] Settings category "information" has been updated and saved to SQLite successfully.
[2026-08-15 17:16:55.554] [debug] [task] [app] event=did.open status=success reason=electron_window_local_webview_monitor url=http://127.0.0.1:8080/did/index.html?clientId=A8%3AA1%3A59%3ADD%3A64%3A66
[2026-08-15 17:16:55.556] [info]  [HASTE DB Save] Settings category "information" has been updated and saved to SQLite successfully.
[2026-08-15 17:27:48.007] [info]  [HASTE Common Config IPC] Updating store config: adminPin -> "811381"
[2026-08-15 17:27:48.008] [debug] [api] [HASTE Theme Sync] Applied local UI theme: isDark=false
[2026-08-15 17:27:48.012] [info]  [HASTE DB Save] Settings category "information" has been updated and saved to SQLite successfully.
[2026-08-15 17:27:48.013] [info]  [HASTE Common Config IPC] Successfully updated store config: adminPin
[2026-08-15 17:27:48.067] [debug] [api] [HASTE DevTools Sync] Current window DevTools opened state: false, Target state: false
[2026-08-15 17:29:18.659] [info]  [HASTE DB Load] Loaded settings from SQLite database successfully. StoreName: "김포운양역점", StoreNo: "303735353735", ThemeMode: "Light", KioskType: "SAMSUNG", isKioskDryRun: "false"
[2026-08-15 17:29:19.023] [info]  [HASTE DB Security] Databases locked dynamically on disk after mount.
[2026-08-15 17:29:19.048] [info]  [app] event=app.startup status=started appVersion=3.1.0-t5 packaged=true
[2026-08-15 17:29:19.207] [info]  [app] event=app.window status=success
[2026-08-15 17:29:19.223] [info]  [app] event=app.tray status=success
[2026-08-15 17:29:19.224] [info]  [app] event=updater.check status=ignored reason=store_managed_distribution
[2026-08-15 17:29:19.227] [info]  [app] event=app.ipc status=success
[2026-08-15 17:29:19.229] [info]  [app] event=task.start status=success
[2026-08-15 17:29:19.231] [debug] [api] [api] event=settings.change status=success port=8080 posStoreNo=075575 deviceModelId=D0000
[2026-08-15 17:29:19.236] [info]  [api] [HASTE] Found SSL Certificates at: C:\Users\CoffeeVanada\AppData\Local\Programs\haste-client\resources\resources
[2026-08-15 17:29:19.341] [info]  [api] [HASTE Dual Listener] Started HTTPS Hono Server on port 8443 (Toss POS & Kiosk ready).
[2026-08-15 17:29:19.343] [info]  [api] [HASTE Dual Listener] Started HTTP Hono Server on port 8080 (Samsung Kiosk ready).
[2026-08-15 17:29:19.344] [debug] [api] [api] event=api.server status=success port=8080 host=0.0.0.0
[2026-08-15 17:29:19.345] [info]  [serialport] [serialport] event=serialport.connect status=started scope=all
[2026-08-15 17:29:19.348] [debug] [coffee] [coffee] event=settings.change status=success field=thirdpartyType value=wmf_machine
[2026-08-15 17:29:19.351] [debug] [coffee] [coffee] event=coffee.socket status=started transport=ws machineName=WMF_1 model=wmf_machine ip=192.168.10.99 port=25000
[2026-08-15 17:29:19.357] [debug] [coffee] [coffee] event=temperature.change status=success
[2026-08-15 17:29:19.358] [debug] [api] [api] event=did.callback status=ignored reason=local_did_not_open screen=temperature
[2026-08-15 17:29:19.363] [info]  [HASTE DB Save] Settings category "inventory" has been updated and saved to SQLite successfully.
[2026-08-15 17:29:19.365] [info]  [HASTE DB Save] Settings category "inventory" has been updated and saved to SQLite successfully.
[2026-08-15 17:29:19.366] [info]  [serialport] [serialport] event=serialport.connect status=started scope=all
[2026-08-15 17:29:19.368] [info]  [HASTE DB Save] Settings category "inventory" has been updated and saved to SQLite successfully.
[2026-08-15 17:29:19.370] [info]  [HASTE DB Save] Settings category "inventory" has been updated and saved to SQLite successfully.
[2026-08-15 17:29:19.371] [debug] [api] [HASTE Theme Sync] Applied local UI theme: isDark=false
[2026-08-15 17:29:19.373] [info]  [HASTE Switch] Haste Agent Bot disabled. Suspending bridge process...
[2026-08-15 17:29:19.374] [debug] [api] [api] event=did.callback status=started target=local screen=/ reason=local_api_down
[2026-08-15 17:29:19.376] [info]  [app] event=app.startup status=success message="subscriptions registered"
[2026-08-15 17:29:19.378] [info]  [app] event=license.verify status=success state=approved storeId=075575
[2026-08-15 17:29:19.385] [error] [app] event=main_process.error status=failed reason=startup_failed stack=ReferenceError:_formatOperationalLog_is_not_defined_at_schedulerElectronLicenseVerification_(C:\Users\CoffeeVanada\AppData\Local\Programs\haste-client\resources\app.asar\out\main\index.js:24440:12)_at_C:\Users\CoffeeVanada\AppData\Local\Programs\haste-client\resources\app.asar\out\main\index.js:24880:5 message="formatOperationalLog is not defined"
[2026-08-15 17:29:19.421] [error] [serialport] [serialport] event=serialport.error status=failed reason=port_error boardName=board1 port=COM6 message="Opening COM6: Access denied"
[2026-08-15 17:29:19.423] [error] [serialport] [serialport] event=serialport.error status=failed reason=port_error boardName=board2 port=COM7 message="Opening COM7: Access denied"
[2026-08-15 17:29:19.424] [error] [app] event=main_process.error status=failed reason=uncaught_exception stack=ReferenceError:_formatOperationalLog_is_not_defined_at_logScheduleChange_(C:\Users\CoffeeVanada\AppData\Local\Programs\haste-client\resources\app.asar\out\main\index.js:24326:11)_at_normalizeMaintenanceIntervalSec_(C:\Users\CoffeeVanada\AppData\Local\Programs\haste-client\resources\app.asar\out\main\index.js:24353:3)_at_C:\Users\CoffeeVanada\AppData\Local\Programs\haste-client\resources\app.asar\out\main\index.js:24361:37_at_C:\Users\CoffeeVanada\AppData\Local\Programs\haste-client\resources\app.asar\node_modules\rxjs\dist\cjs\internal\operators\switchMap.js:17:35_at_Operat... message="formatOperationalLog is not defined"
[2026-08-15 17:29:19.425] [error] [app] event=main_process.error status=failed reason=uncaught_exception stack=ReferenceError:_formatOperationalLog_is_not_defined_at_logScheduleChange_(C:\Users\CoffeeVanada\AppData\Local\Programs\haste-client\resources\app.asar\out\main\index.js:24326:11)_at_normalizeMaintenanceIntervalSec_(C:\Users\CoffeeVanada\AppData\Local\Programs\haste-client\resources\app.asar\out\main\index.js:24341:5)_at_C:\Users\CoffeeVanada\AppData\Local\Programs\haste-client\resources\app.asar\out\main\index.js:24361:37_at_C:\Users\CoffeeVanada\AppData\Local\Programs\haste-client\resources\app.asar\node_modules\rxjs\dist\cjs\internal\operators\switchMap.js:17:35_at_Operat... message="formatOperationalLog is not defined"
[2026-08-15 17:29:19.426] [error] [app] event=main_process.error status=failed reason=uncaught_exception stack=ReferenceError:_formatOperationalLog_is_not_defined_at_logScheduleChange_(C:\Users\CoffeeVanada\AppData\Local\Programs\haste-client\resources\app.asar\out\main\index.js:24326:11)_at_normalizeMaintenanceIntervalSec_(C:\Users\CoffeeVanada\AppData\Local\Programs\haste-client\resources\app.asar\out\main\index.js:24341:5)_at_C:\Users\CoffeeVanada\AppData\Local\Programs\haste-client\resources\app.asar\out\main\index.js:24361:37_at_C:\Users\CoffeeVanada\AppData\Local\Programs\haste-client\resources\app.asar\node_modules\rxjs\dist\cjs\internal\operators\switchMap.js:17:35_at_Operat... message="formatOperationalLog is not defined"
[2026-08-15 17:29:19.426] [error] [app] event=main_process.error status=failed reason=uncaught_exception stack=ReferenceError:_formatOperationalLog_is_not_defined_at_logScheduleChange_(C:\Users\CoffeeVanada\AppData\Local\Programs\haste-client\resources\app.asar\out\main\index.js:24326:11)_at_normalizeMaintenanceIntervalSec_(C:\Users\CoffeeVanada\AppData\Local\Programs\haste-client\resources\app.asar\out\main\index.js:24353:3)_at_C:\Users\CoffeeVanada\AppData\Local\Programs\haste-client\resources\app.asar\out\main\index.js:24361:37_at_C:\Users\CoffeeVanada\AppData\Local\Programs\haste-client\resources\app.asar\node_modules\rxjs\dist\cjs\internal\operators\switchMap.js:17:35_at_Operat... message="formatOperationalLog is not defined"
[2026-08-15 17:29:19.427] [error] [app] event=main_process.error status=failed reason=uncaught_exception stack=ReferenceError:_formatOperationalLog_is_not_defined_at_logScheduleChange_(C:\Users\CoffeeVanada\AppData\Local\Programs\haste-client\resources\app.asar\out\main\index.js:24326:11)_at_normalizeMaintenanceIntervalSec_(C:\Users\CoffeeVanada\AppData\Local\Programs\haste-client\resources\app.asar\out\main\index.js:24353:3)_at_C:\Users\CoffeeVanada\AppData\Local\Programs\haste-client\resources\app.asar\out\main\index.js:24426:37_at_C:\Users\CoffeeVanada\AppData\Local\Programs\haste-client\resources\app.asar\node_modules\rxjs\dist\cjs\internal\operators\switchMap.js:17:35_at_Operat... message="formatOperationalLog is not defined"
[2026-08-15 17:29:19.428] [error] [app] event=main_process.error status=failed reason=uncaught_exception stack=ReferenceError:_formatOperationalLog_is_not_defined_at_logScheduleChange_(C:\Users\CoffeeVanada\AppData\Local\Programs\haste-client\resources\app.asar\out\main\index.js:24326:11)_at_normalizeMaintenanceIntervalSec_(C:\Users\CoffeeVanada\AppData\Local\Programs\haste-client\resources\app.asar\out\main\index.js:24353:3)_at_C:\Users\CoffeeVanada\AppData\Local\Programs\haste-client\resources\app.asar\out\main\index.js:24361:37_at_C:\Users\CoffeeVanada\AppData\Local\Programs\haste-client\resources\app.asar\node_modules\rxjs\dist\cjs\internal\operators\switchMap.js:17:35_at_Operat... message="formatOperationalLog is not defined"
[2026-08-15 17:29:19.429] [debug] [api] [HASTE DevTools Sync] Current window DevTools opened state: false, Target state: false
[2026-08-15 17:29:19.542] [debug] [serialport] [serialport] event=serialport.connect status=success boardName=board1 port=COM6
[2026-08-15 17:29:19.545] [debug] [serialport] [serialport] event=serialport.connect status=success boardName=board2 port=COM7
[2026-08-15 17:29:19.550] [debug] [serialport] [serialport] event=serialport.packet status=success boardName=board1 length=24 message="bytearray(b'\\x020A1DCP0201A00101A10344\\x03')"
[2026-08-15 17:29:19.620] [debug] [serialport] [serialport] event=serialport.packet status=success boardName=board1 length=24 message="bytearray(b'\\x020A1DPC0200A00101A00342\\x03')"
[2026-08-15 17:29:19.622] [debug] [serialport] [serialport] event=serialport.packet.parse status=success boardName=board1 message="{\"isValidStx\":true,\"isValidEtx\":true,\"isValidDst\":true,\"isValidSrc\":true,\"isValidLength\":true,\"fnc\":\"1\",\"act\":\"D\",\"data\":{\"0\":48,\"1\":50,\"2\":48,\"3\":48,\"4\":65,\"5\":48,\"6\":48,\"7\":49,\"8\":48,\"9\":49,\"10\":65,\"11\":48,\"12\":48,\"13\":51,\"14\":52},\"values\":[\"02\",\"00\",\"A0\",\"01\",\"01\",\"A0\",\"03\"],\"part\":{},\"isValidChecksum\":true}"
[2026-08-15 17:29:20.656] [info]  [HASTE Menu DB Init] haste_menu.db established successfully.
[2026-08-15 17:29:20.781] [info]  [HASTE DB Security] Locked on disk: haste_menu.db
[2026-08-15 17:29:24.353] [error] [coffee] [coffee] event=coffee.socket status=failed reason=open_timeout transport=ws machineName=WMF_1 model=wmf_machine ip=192.168.10.99 port=25000
[2026-08-15 17:29:24.354] [error] [coffee] [coffee] event=coffee.socket status=failed reason=connect_failed transport=ws machineName=WMF_1 model=wmf_machine ip=192.168.10.99 port=25000