[2026-09-27 18:15:24.873] [info]  [TOSS RAW ORDER] orderId=759342325494231833, items=[{"name":"카페라떼","productNo":"GSI2001","options":[{"optionCode":"1759895","optionName":"ICE","price":0,"quantity":1}]}]
[2026-09-27 18:15:24.880] [info]  [TOSS ITEM RESOLVED] orderId=759342325494231833, item="카페라떼" (GSI2001) | rawOptions=[{"optionCode":"1759895","optionName":"ICE","price":0,"quantity":1}] ➔ resolved="ICE 카페라떼 (시그니처)" (GSI2001) steps={"step1":["CUP","ICE"],"step2":["COFFEE","60"],"step3":["ICE",5000],"step4":["COLD_MILK",140]}
[2026-09-27 18:16:27.877] [info]  [toss] event=order.completed status=success source=toss virtual=off mode=order orderId=759342325494231833 bill=759342325494231833 menuCount=1
[2026-09-27 18:17:17.822] [info]  [TOSS RAW ORDER] orderId=759342830077209302, items=[{"name":"카페라떼","productNo":"GSI2001","options":[{"optionCode":"1759895","optionName":"ICE","price":0,"quantity":1}]}]
[2026-09-27 18:17:17.828] [info]  [TOSS ITEM RESOLVED] orderId=759342830077209302, item="카페라떼" (GSI2001) | rawOptions=[{"optionCode":"1759895","optionName":"ICE","price":0,"quantity":1}] ➔ resolved="ICE 카페라떼 (시그니처)" (GSI2001) steps={"step1":["CUP","ICE"],"step2":["COFFEE","60"],"step3":["ICE",5000],"step4":["COLD_MILK",140]}
[2026-09-27 18:18:05.867] [info]  [TOSS RAW ORDER] orderId=759343020519768163, items=[{"name":"복숭아에이드","productNo":"GAI4013","options":[]}]
[2026-09-27 18:18:05.875] [info]  [TOSS ITEM RESOLVED] orderId=759343020519768163, item="복숭아에이드" (GAI4013) | rawOptions=[] ➔ resolved="ICE 복숭아에이드" (GAI4013) steps={"step1":["CUP","ICE"],"step2":["ICE",5000],"step3":["SPARKLE",160],"step4":["복숭아",40]}
[2026-09-27 18:18:23.229] [info]  [toss] event=order.completed status=success source=toss virtual=off mode=order orderId=759342830077209302 bill=759342830077209302 menuCount=1
[2026-09-27 18:18:47.100] [info]  [toss] event=order.completed status=success source=toss virtual=off mode=order orderId=759343020519768163 bill=759343020519768163 menuCount=1
[2026-09-27 18:21:31.841] [info]  [TOSS RAW ORDER] orderId=759343884521227318, items=[{"name":"(스페셜티) 아메리카노","productNo":"16707171","options":[{"optionCode":"1759895","optionName":"ICE","price":0,"quantity":1},{"optionCode":"1759903","optionName":"연하게","price":0,"quantity":1}]}]
[2026-09-27 18:21:31.846] [info]  [TOSS ITEM RESOLVED] orderId=759343884521227318, item="(스페셜티) 아메리카노" (16707171) | rawOptions=[{"optionCode":"1759895","optionName":"ICE","price":0,"quantity":1},{"optionCode":"1759903","optionName":"연하게","price":0,"quantity":1}] ➔ resolved="ICE 아메리카노 (스페셜티) (연하게)" (GPI1001) steps={"step1":["CUP","ICE"],"step2":["COFFEE","31"],"step3":["ICE",5400],"step4":["COLD",150]}
[2026-09-27 18:22:15.925] [info]  [toss] event=order.completed status=success source=toss virtual=off mode=order orderId=759343884521227318 bill=759343884521227318 menuCount=1
[2026-09-27 18:23:09.853] [info]  [TOSS RAW ORDER] orderId=759344308049257277, items=[{"name":"복숭아에이드","productNo":"GAI4013","options":[]}]
[2026-09-27 18:23:09.858] [info]  [TOSS ITEM RESOLVED] orderId=759344308049257277, item="복숭아에이드" (GAI4013) | rawOptions=[] ➔ resolved="ICE 복숭아에이드" (GAI4013) steps={"step1":["CUP","ICE"],"step2":["ICE",5000],"step3":["SPARKLE",160],"step4":["복숭아",40]}
[2026-09-27 18:23:29.715] [info]  [toss] event=order.completed status=success source=toss virtual=off mode=order orderId=759344308049257277 bill=759344308049257277 menuCount=1
[2026-09-27 18:30:48.032] [info]  [TOSS RAW ORDER] orderId=759346227853512003, items=[{"name":"레몬에이드","productNo":"GAI4000","options":[]}]
[2026-09-27 18:30:48.053] [info]  [TOSS ITEM RESOLVED] orderId=759346227853512003, item="레몬에이드" (GAI4000) | rawOptions=[] ➔ resolved="ICE 레몬에이드" (GAI4000) steps={"step1":["CUP","ICE"],"step2":["ICE",5500],"step3":["SPARKLE",178],"step4":["레몬","50"]}
[2026-09-27 18:31:09.259] [info]  [toss] event=order.completed status=success source=toss virtual=off mode=order orderId=759346227853512003 bill=759346227853512003 menuCount=1
[2026-09-27 19:09:39.831] [info]  [TOSS RAW ORDER] orderId=759355984953861950, items=[{"name":"아메리카노","productNo":"GSI1002","options":[{"optionCode":"1759895","optionName":"ICE","price":0,"quantity":1},{"optionCode":"1759903","optionName":"연하게","price":0,"quantity":1}]}]
[2026-09-27 19:09:39.842] [info]  [TOSS ITEM RESOLVED] orderId=759355984953861950, item="아메리카노" (GSI1002) | rawOptions=[{"optionCode":"1759895","optionName":"ICE","price":0,"quantity":1},{"optionCode":"1759903","optionName":"연하게","price":0,"quantity":1}] ➔ resolved="ICE 아메리카노 (시그니처) (연하게)" (GSI1001) steps={"step1":["CUP","ICE"],"step2":["COFFEE","30"],"step3":["ICE",5400],"step4":["COLD",150]}
[2026-09-27 19:10:15.157] [info]  [toss] event=order.completed status=success source=toss virtual=off mode=order orderId=759355984953861950 bill=759355984953861950 menuCount=1
[2026-09-27 20:22:31.808] [info]  [TOSS RAW ORDER] orderId=759374326095785528, items=[{"name":"아메리카노","productNo":"GSI1002","options":[{"optionCode":"1759895","optionName":"ICE","price":0,"quantity":1}]}]
[2026-09-27 20:22:31.816] [info]  [TOSS ITEM RESOLVED] orderId=759374326095785528, item="아메리카노" (GSI1002) | rawOptions=[{"optionCode":"1759895","optionName":"ICE","price":0,"quantity":1}] ➔ resolved="ICE 아메리카노 (시그니처)" (GSI1002) steps={"step1":["CUP","ICE"],"step2":["COFFEE","60"],"step3":["ICE",5400],"step4":["COLD",120]}
[2026-09-27 20:23:20.811] [info]  [toss] event=order.completed status=success source=toss virtual=off mode=order orderId=759374326095785528 bill=759374326095785528 menuCount=1
[2026-09-27 20:27:40.835] [info]  [TOSS RAW ORDER] orderId=759375632483067499, items=[{"name":"아메리카노","productNo":"GSI1002","options":[{"optionCode":"1759895","optionName":"ICE","price":0,"quantity":1}]}]
[2026-09-27 20:27:40.843] [info]  [TOSS ITEM RESOLVED] orderId=759375632483067499, item="아메리카노" (GSI1002) | rawOptions=[{"optionCode":"1759895","optionName":"ICE","price":0,"quantity":1}] ➔ resolved="ICE 아메리카노 (시그니처)" (GSI1002) steps={"step1":["CUP","ICE"],"step2":["COFFEE","60"],"step3":["ICE",5400],"step4":["COLD",120]}
[2026-09-27 20:28:25.235] [info]  [toss] event=order.completed status=success source=toss virtual=off mode=order orderId=759375632483067499 bill=759375632483067499 menuCount=1
[2026-09-27 20:44:24.820] [info]  [TOSS RAW ORDER] orderId=759379833321795879, items=[{"name":"딸기바나나라떼","productNo":"GMI3021","options":[{"optionCode":"1759895","optionName":"ICE","price":0,"quantity":1}]},{"name":"말차라떼","productNo":"GMI3008","options":[{"optionCode":"1759895","optionName":"ICE","price":0,"quantity":1}]}]
[2026-09-27 20:44:24.827] [info]  [TOSS ITEM RESOLVED] orderId=759379833321795879, item="딸기바나나라떼" (GMI3021) | rawOptions=[{"optionCode":"1759895","optionName":"ICE","price":0,"quantity":1}] ➔ resolved="ICE 딸기라떼 (바나나)" (GMI3021) steps={"step1":["CUP","ICE"],"step2":["ICE",5300],"step3":["COLD_MILK",160],"step4":["딸기","50"],"step5":["바나나","15"]}
[2026-09-27 20:44:24.835] [info]  [TOSS ITEM RESOLVED] orderId=759379833321795879, item="말차라떼" (GMI3008) | rawOptions=[{"optionCode":"1759895","optionName":"ICE","price":0,"quantity":1}] ➔ resolved="ICE 말차라떼" (GMI3008) steps={"step1":["CUP","ICE"],"step2":["ICE",5300],"step3":["COLD_MILK",160],"step4":["말차","50"]}
[2026-09-27 20:45:56.480] [info]  [toss] event=order.completed status=success source=toss virtual=off mode=order orderId=759379833321795879 bill=759379833321795879 menuCount=2
[2026-09-27 20:56:10.868] [info]  [TOSS RAW ORDER] orderId=759382812460442584, items=[{"name":"바나나라떼","productNo":"GMI3010","options":[{"optionCode":"1759895","optionName":"ICE","price":0,"quantity":1}]}]
[2026-09-27 20:56:10.876] [info]  [TOSS ITEM RESOLVED] orderId=759382812460442584, item="바나나라떼" (GMI3010) | rawOptions=[{"optionCode":"1759895","optionName":"ICE","price":0,"quantity":1}] ➔ resolved="ICE 바나나라떼" (GMI3010) steps={"step1":["CUP","ICE"],"step2":["ICE",5300],"step3":["COLD_MILK",160],"step4":["바나나","60"]}
[2026-09-27 20:56:41.814] [info]  [toss] event=order.completed status=success source=toss virtual=off mode=order orderId=759382812460442584 bill=759382812460442584 menuCount=1
[2026-09-27 21:10:49.899] [info]  [TOSS RAW ORDER] orderId=759386501644398189, items=[{"name":"바나나라떼","productNo":"GMI3010","options":[{"optionCode":"1759895","optionName":"ICE","price":0,"quantity":1}]}]
[2026-09-27 21:10:49.912] [info]  [TOSS ITEM RESOLVED] orderId=759386501644398189, item="바나나라떼" (GMI3010) | rawOptions=[{"optionCode":"1759895","optionName":"ICE","price":0,"quantity":1}] ➔ resolved="ICE 바나나라떼" (GMI3010) steps={"step1":["CUP","ICE"],"step2":["ICE",5300],"step3":["COLD_MILK",160],"step4":["바나나","60"]}
[2026-09-27 21:13:11.911] [info]  [toss] event=order.completed status=success source=toss virtual=off mode=order orderId=759386501644398189 bill=759386501644398189 menuCount=1
[2026-09-27 21:15:06.829] [info]  [TOSS RAW ORDER] orderId=759387577365947736, items=[{"name":"바나나카라멜라떼","productNo":"GMI3024","options":[{"optionCode":"1759895","optionName":"ICE","price":0,"quantity":1}]}]
[2026-09-27 21:15:06.841] [info]  [TOSS ITEM RESOLVED] orderId=759387577365947736, item="바나나카라멜라떼" (GMI3024) | rawOptions=[{"optionCode":"1759895","optionName":"ICE","price":0,"quantity":1}] ➔ resolved="ICE 바나나라떼 (카라멜)" (GMI3024) steps={"step1":["CUP","ICE"],"step2":["ICE",5300],"step3":["COLD_MILK",160],"step4":["바나나","60"],"step5":["카라멜","15"]}
[2026-09-27 21:15:48.145] [info]  [toss] event=order.completed status=success source=toss virtual=off mode=order orderId=759387577365947736 bill=759387577365947736 menuCount=1
[2026-09-27 21:20:01.797] [info]  [TOSS RAW ORDER] orderId=759388794213212213, items=[{"name":"아메리카노","productNo":"GSI1002","options":[{"optionCode":"1759895","optionName":"ICE","price":0,"quantity":1}]}]
[2026-09-27 21:20:01.804] [info]  [TOSS ITEM RESOLVED] orderId=759388794213212213, item="아메리카노" (GSI1002) | rawOptions=[{"optionCode":"1759895","optionName":"ICE","price":0,"quantity":1}] ➔ resolved="ICE 아메리카노 (시그니처)" (GSI1002) steps={"step1":["CUP","ICE"],"step2":["COFFEE","60"],"step3":["ICE",5400],"step4":["COLD",120]}
[2026-09-27 21:20:48.082] [info]  [toss] event=order.completed status=success source=toss virtual=off mode=order orderId=759388794213212213 bill=759388794213212213 menuCount=1