[2026-08-18 00:03:53.459] [debug] [coffee] event=settings.change status=success field=thirdpartyType value=Lilly_(WMF)
[2026-08-18 00:03:53.462] [debug] [coffee] event=coffee.socket status=started transport=ws machineName=WMF model=Lilly_(WMF) ip=192.168.10.99 port=25000
[2026-08-18 00:03:53.470] [debug] [coffee] event=temperature.change status=success
[2026-08-18 00:03:53.552] [debug] [coffee] event=coffee.socket status=success transport=ws machineName=WMF action=connected
[2026-08-18 00:03:53.564] [debug] [coffee] event=hardware.response status=success machineName=Lilly_(WMF) command=getApiVersion returnvalue=40501
[2026-08-18 00:03:54.078] [debug] [coffee] event=hardware.response status=success machineName=Lilly_(WMF) command=getDiagnosticData returnvalue=0
[2026-08-18 00:03:54.080] [debug] [coffee] event=temperature.change status=success value=96
[2026-08-18 00:03:55.288] [debug] [coffee] event=hardware.response status=success machineName=Lilly_(WMF) command=getMachineInfo returnvalue=0
[2026-08-18 00:24:18.756] [debug] [coffee] event=settings.change status=success field=thirdpartyType value=Lilly_(WMF)
[2026-08-18 00:24:18.758] [debug] [coffee] event=coffee.socket status=started transport=ws machineName=WMF model=Lilly_(WMF) ip=192.168.10.99 port=25000
[2026-08-18 00:24:18.767] [debug] [coffee] event=temperature.change status=success
[2026-08-18 00:24:18.858] [debug] [coffee] event=coffee.socket status=success transport=ws machineName=WMF action=connected
[2026-08-18 00:24:18.877] [debug] [coffee] event=hardware.response status=success machineName=Lilly_(WMF) command=getApiVersion returnvalue=40501
[2026-08-18 00:24:19.392] [debug] [coffee] event=hardware.response status=success machineName=Lilly_(WMF) command=getDiagnosticData returnvalue=0
[2026-08-18 00:24:19.393] [debug] [coffee] event=temperature.change status=success value=96
[2026-08-18 00:24:20.634] [debug] [coffee] event=hardware.response status=success machineName=Lilly_(WMF) command=getMachineInfo returnvalue=0
[2026-08-18 00:24:43.622] [debug] [coffee] event=settings.change status=success field=thirdpartyType value=Lilly_(WMF)
[2026-08-18 00:24:43.624] [debug] [coffee] event=coffee.socket status=started transport=ws machineName=WMF model=Lilly_(WMF) ip=192.168.10.99 port=25000
[2026-08-18 00:24:43.631] [debug] [coffee] event=temperature.change status=success
[2026-08-18 00:24:43.692] [debug] [coffee] event=coffee.socket status=success transport=ws machineName=WMF action=connected
[2026-08-18 00:24:43.706] [debug] [coffee] event=hardware.response status=success machineName=Lilly_(WMF) command=getApiVersion returnvalue=40501
[2026-08-18 00:24:44.222] [debug] [coffee] event=hardware.response status=success machineName=Lilly_(WMF) command=getDiagnosticData returnvalue=0
[2026-08-18 00:24:44.223] [debug] [coffee] event=temperature.change status=success value=96
[2026-08-18 00:24:45.478] [debug] [coffee] event=hardware.response status=success machineName=Lilly_(WMF) command=getMachineInfo returnvalue=0
[2026-08-18 02:25:01.749] [debug] [coffee] event=settings.change status=success field=thirdpartyType value=Lilly_(WMF)
[2026-08-18 02:25:01.752] [debug] [coffee] event=coffee.socket status=started transport=ws machineName=WMF model=Lilly_(WMF) ip=192.168.10.99 port=25000
[2026-08-18 02:25:01.760] [debug] [coffee] event=temperature.change status=success
[2026-08-18 02:25:01.858] [debug] [coffee] event=coffee.socket status=success transport=ws machineName=WMF action=connected
[2026-08-18 02:25:01.945] [debug] [coffee] event=hardware.response status=success machineName=Lilly_(WMF) command=getApiVersion returnvalue=40501
[2026-08-18 02:25:02.377] [debug] [coffee] event=hardware.response status=success machineName=Lilly_(WMF) command=getDiagnosticData returnvalue=0
[2026-08-18 02:25:02.378] [debug] [coffee] event=temperature.change status=success value=96
[2026-08-18 02:25:03.618] [debug] [coffee] event=hardware.response status=success machineName=Lilly_(WMF) command=getMachineInfo returnvalue=0
[2026-08-18 02:26:05.104] [debug] [coffee] event=settings.change status=success field=thirdpartyType value=Lilly_(WMF)
[2026-08-18 02:26:05.106] [debug] [coffee] event=coffee.socket status=started transport=ws machineName=WMF model=Lilly_(WMF) ip=192.168.10.99 port=25000
[2026-08-18 02:26:05.113] [debug] [coffee] event=temperature.change status=success
[2026-08-18 02:26:05.182] [debug] [coffee] event=coffee.socket status=success transport=ws machineName=WMF action=connected
[2026-08-18 02:26:05.192] [debug] [coffee] event=hardware.response status=success machineName=Lilly_(WMF) command=getApiVersion returnvalue=40501
[2026-08-18 02:26:05.701] [debug] [coffee] event=hardware.response status=success machineName=Lilly_(WMF) command=getDiagnosticData returnvalue=0
[2026-08-18 02:26:05.702] [debug] [coffee] event=temperature.change status=success value=96
[2026-08-18 02:26:06.913] [debug] [coffee] event=hardware.response status=success machineName=Lilly_(WMF) command=getMachineInfo returnvalue=0
[2026-08-18 02:45:13.104] [debug] [coffee] event=settings.change status=success field=thirdpartyType value=Lilly_(WMF)
[2026-08-18 02:45:13.109] [debug] [coffee] event=coffee.socket status=started transport=ws machineName=WMF model=Lilly_(WMF) ip=192.168.10.99 port=25000
[2026-08-18 02:45:13.118] [debug] [coffee] event=temperature.change status=success
[2026-08-18 02:45:13.196] [debug] [coffee] event=coffee.socket status=success transport=ws machineName=WMF action=connected
[2026-08-18 02:45:13.214] [debug] [coffee] event=hardware.response status=success machineName=Lilly_(WMF) command=getApiVersion returnvalue=40501
[2026-08-18 02:45:13.716] [debug] [coffee] event=hardware.response status=success machineName=Lilly_(WMF) command=getDiagnosticData returnvalue=0
[2026-08-18 02:45:13.718] [debug] [coffee] event=temperature.change status=success value=96
[2026-08-18 02:45:15.027] [debug] [coffee] event=hardware.response status=success machineName=Lilly_(WMF) command=getMachineInfo returnvalue=0
[2026-08-18 02:45:38.919] [debug] [coffee] event=settings.change status=success field=thirdpartyType value=Lilly_(WMF)
[2026-08-18 02:45:38.921] [debug] [coffee] event=coffee.socket status=started transport=ws machineName=WMF model=Lilly_(WMF) ip=192.168.10.99 port=25000
[2026-08-18 02:45:38.929] [debug] [coffee] event=temperature.change status=success
[2026-08-18 02:45:39.050] [debug] [coffee] event=coffee.socket status=success transport=ws machineName=WMF action=connected
[2026-08-18 02:45:39.066] [debug] [coffee] event=hardware.response status=success machineName=Lilly_(WMF) command=getApiVersion returnvalue=40501
[2026-08-18 02:45:39.592] [debug] [coffee] event=hardware.response status=success machineName=Lilly_(WMF) command=getDiagnosticData returnvalue=0
[2026-08-18 02:45:39.593] [debug] [coffee] event=temperature.change status=success value=96
[2026-08-18 02:45:40.779] [debug] [coffee] event=hardware.response status=success machineName=Lilly_(WMF) command=getMachineInfo returnvalue=0
[2026-08-18 02:53:08.196] [debug] [coffee] event=settings.change status=success field=thirdpartyType value=Lilly_(WMF)
[2026-08-18 02:53:08.198] [debug] [coffee] event=coffee.socket status=started transport=ws machineName=WMF model=Lilly_(WMF) ip=192.168.10.99 port=25000
[2026-08-18 02:53:08.206] [debug] [coffee] event=temperature.change status=success
[2026-08-18 02:53:08.323] [debug] [coffee] event=coffee.socket status=success transport=ws machineName=WMF action=connected
[2026-08-18 02:53:08.402] [debug] [coffee] event=hardware.response status=success machineName=Lilly_(WMF) command=getApiVersion returnvalue=40501
[2026-08-18 02:53:08.866] [debug] [coffee] event=hardware.response status=success machineName=Lilly_(WMF) command=getDiagnosticData returnvalue=0
[2026-08-18 02:53:08.867] [debug] [coffee] event=temperature.change status=success value=96
[2026-08-18 02:53:10.096] [debug] [coffee] event=hardware.response status=success machineName=Lilly_(WMF) command=getMachineInfo returnvalue=0
[2026-08-18 02:54:27.731] [debug] [coffee] event=settings.change status=success field=thirdpartyType value=Lilly_(WMF)
[2026-08-18 02:54:27.733] [debug] [coffee] event=coffee.socket status=started transport=ws machineName=WMF model=Lilly_(WMF) ip=192.168.10.99 port=25000
[2026-08-18 02:54:27.741] [debug] [coffee] event=temperature.change status=success
[2026-08-18 02:54:27.834] [debug] [coffee] event=coffee.socket status=success transport=ws machineName=WMF action=connected
[2026-08-18 02:54:27.849] [debug] [coffee] event=hardware.response status=success machineName=Lilly_(WMF) command=getApiVersion returnvalue=40501
[2026-08-18 02:54:28.353] [debug] [coffee] event=hardware.response status=success machineName=Lilly_(WMF) command=getDiagnosticData returnvalue=0
[2026-08-18 02:54:28.354] [debug] [coffee] event=temperature.change status=success value=96
[2026-08-18 02:54:29.572] [debug] [coffee] event=hardware.response status=success machineName=Lilly_(WMF) command=getMachineInfo returnvalue=0
[2026-08-18 03:33:52.287] [debug] [coffee] event=settings.change status=success field=thirdpartyType value=Lilly_(WMF)
[2026-08-18 03:33:52.289] [debug] [coffee] event=coffee.socket status=started transport=ws machineName=WMF model=Lilly_(WMF) ip=192.168.10.99 port=25000
[2026-08-18 03:33:52.296] [debug] [coffee] event=temperature.change status=success
[2026-08-18 03:33:52.372] [debug] [coffee] event=coffee.socket status=success transport=ws machineName=WMF action=connected
[2026-08-18 03:33:52.386] [debug] [coffee] event=hardware.response status=success machineName=Lilly_(WMF) command=getApiVersion returnvalue=40501
[2026-08-18 03:33:52.895] [debug] [coffee] event=hardware.response status=success machineName=Lilly_(WMF) command=getDiagnosticData returnvalue=0
[2026-08-18 03:33:52.896] [debug] [coffee] event=temperature.change status=success value=96
[2026-08-18 03:33:54.206] [debug] [coffee] event=hardware.response status=success machineName=Lilly_(WMF) command=getMachineInfo returnvalue=0