[2026-08-10 22:50:53.636] [error] Require stack:
[2026-08-10 22:50:53.638] [error] - C:\Users\커피에반하다\AppData\Local\Programs\haste-client\resources\haste_agent_bridge.js
[2026-08-10 22:50:53.639] [error] at Module._resolveFilename (node:internal/modules/cjs/loader:1524:15)
[2026-08-10 22:50:53.640] [error] at wrapResolveFilename (node:internal/modules/cjs/loader:1078:27)
[2026-08-10 22:50:53.640] [error] at defaultResolveImplForCJSLoading (node:internal/modules/cjs/loader:1102:10)
[2026-08-10 22:50:53.641] [error] at resolveForCJSWithHooks (node:internal/modules/cjs/loader:1129:12)
[2026-08-10 22:50:53.641] [error] at Module._load (node:internal/modules/cjs/loader:1301:5)
[2026-08-10 22:50:53.642] [error] at c._load (node:electron/js2c/node_init:2:18060)
[2026-08-10 22:50:53.642] [error] at wrapModuleLoad (node:internal/modules/cjs/loader:262:19)
[2026-08-10 22:50:53.643] [error] at Module.require (node:internal/modules/cjs/loader:1624:12)
[2026-08-10 22:50:53.643] [error] at require (node:internal/modules/helpers:153:16)
[2026-08-10 22:50:53.644] [error] at Object.<anonymous> (C:\Users\커피에반하다\AppData\Local\Programs\haste-client\resources\haste_agent_bridge.js:627:37) {
[2026-08-10 22:50:53.644] [error] code: 'MODULE_NOT_FOUND',
[2026-08-10 22:50:53.645] [error] requireStack: [
[2026-08-10 22:50:53.645] [error] 'C:\\Users\\커피에반하다\\AppData\\Local\\Programs\\haste-client\\resources\\haste_agent_bridge.js'
[2026-08-10 22:50:53.646] [error] ]
[2026-08-10 22:50:53.647] [error] }
[2026-08-10 22:50:53.647] [error] Node.js v24.18.0
[2026-08-10 22:50:58.864] [error] node:internal/modules/cjs/loader:1527
[2026-08-10 22:50:58.865] [error] throw err;
[2026-08-10 22:50:58.865] [error] ^
[2026-08-10 22:50:58.866] [error] Error: Cannot find module 'discord.js'
[2026-08-10 22:50:58.867] [error] Require stack:
[2026-08-10 22:50:58.867] [error] - C:\Users\커피에반하다\AppData\Local\Programs\haste-client\resources\haste_agent_bridge.js
[2026-08-10 22:50:58.868] [error] at Module._resolveFilename (node:internal/modules/cjs/loader:1524:15)
[2026-08-10 22:50:58.868] [error] at wrapResolveFilename (node:internal/modules/cjs/loader:1078:27)
[2026-08-10 22:50:58.869] [error] at defaultResolveImplForCJSLoading (node:internal/modules/cjs/loader:1102:10)
[2026-08-10 22:50:58.869] [error] at resolveForCJSWithHooks (node:internal/modules/cjs/loader:1129:12)
[2026-08-10 22:50:58.870] [error] at Module._load (node:internal/modules/cjs/loader:1301:5)
[2026-08-10 22:50:58.871] [error] at c._load (node:electron/js2c/node_init:2:18060)
[2026-08-10 22:50:58.871] [error] at wrapModuleLoad (node:internal/modules/cjs/loader:262:19)
[2026-08-10 22:50:58.872] [error] at Module.require (node:internal/modules/cjs/loader:1624:12)
[2026-08-10 22:50:58.872] [error] at require (node:internal/modules/helpers:153:16)
[2026-08-10 22:50:58.873] [error] at Object.<anonymous> (C:\Users\커피에반하다\AppData\Local\Programs\haste-client\resources\haste_agent_bridge.js:627:37) {
[2026-08-10 22:50:58.873] [error] code: 'MODULE_NOT_FOUND',
[2026-08-10 22:50:58.874] [error] requireStack: [
[2026-08-10 22:50:58.874] [error] 'C:\\Users\\커피에반하다\\AppData\\Local\\Programs\\haste-client\\resources\\haste_agent_bridge.js'
[2026-08-10 22:50:58.875] [error] ]
[2026-08-10 22:50:58.875] [error] }
[2026-08-10 22:50:58.876] [error] Node.js v24.18.0
[2026-08-10 22:51:04.074] [error] node:internal/modules/cjs/loader:1527
[2026-08-10 22:51:04.075] [error] throw err;
[2026-08-10 22:51:04.075] [error] ^
[2026-08-10 22:51:04.076] [error] Error: Cannot find module 'discord.js'
[2026-08-10 22:51:04.077] [error] Require stack:
[2026-08-10 22:51:04.077] [error] - C:\Users\커피에반하다\AppData\Local\Programs\haste-client\resources\haste_agent_bridge.js
[2026-08-10 22:51:04.078] [error] at Module._resolveFilename (node:internal/modules/cjs/loader:1524:15)
[2026-08-10 22:51:04.078] [error] at wrapResolveFilename (node:internal/modules/cjs/loader:1078:27)
[2026-08-10 22:51:04.079] [error] at defaultResolveImplForCJSLoading (node:internal/modules/cjs/loader:1102:10)
[2026-08-10 22:51:04.079] [error] at resolveForCJSWithHooks (node:internal/modules/cjs/loader:1129:12)
[2026-08-10 22:51:04.080] [error] at Module._load (node:internal/modules/cjs/loader:1301:5)
[2026-08-10 22:51:04.080] [error] at c._load (node:electron/js2c/node_init:2:18060)
[2026-08-10 22:51:04.081] [error] at wrapModuleLoad (node:internal/modules/cjs/loader:262:19)
[2026-08-10 22:51:04.081] [error] at Module.require (node:internal/modules/cjs/loader:1624:12)
[2026-08-10 22:51:04.082] [error] at require (node:internal/modules/helpers:153:16)
[2026-08-10 22:51:04.082] [error] at Object.<anonymous> (C:\Users\커피에반하다\AppData\Local\Programs\haste-client\resources\haste_agent_bridge.js:627:37) {
[2026-08-10 22:51:04.083] [error] code: 'MODULE_NOT_FOUND',
[2026-08-10 22:51:04.084] [error] requireStack: [
[2026-08-10 22:51:04.084] [error] 'C:\\Users\\커피에반하다\\AppData\\Local\\Programs\\haste-client\\resources\\haste_agent_bridge.js'
[2026-08-10 22:51:04.085] [error] ]
[2026-08-10 22:51:04.085] [error] }
[2026-08-10 22:51:04.086] [error] Node.js v24.18.0
[2026-08-10 22:51:09.292] [error] node:internal/modules/cjs/loader:1527
[2026-08-10 22:51:09.292] [error] throw err;
[2026-08-10 22:51:09.293] [error] ^
[2026-08-10 22:51:09.294] [error] Error: Cannot find module 'discord.js'
[2026-08-10 22:51:09.294] [error] Require stack:
[2026-08-10 22:51:09.295] [error] - C:\Users\커피에반하다\AppData\Local\Programs\haste-client\resources\haste_agent_bridge.js
[2026-08-10 22:51:09.295] [error] at Module._resolveFilename (node:internal/modules/cjs/loader:1524:15)
[2026-08-10 22:51:09.296] [error] at wrapResolveFilename (node:internal/modules/cjs/loader:1078:27)
[2026-08-10 22:51:09.296] [error] at defaultResolveImplForCJSLoading (node:internal/modules/cjs/loader:1102:10)
[2026-08-10 22:51:09.297] [error] at resolveForCJSWithHooks (node:internal/modules/cjs/loader:1129:12)
[2026-08-10 22:51:09.297] [error] at Module._load (node:internal/modules/cjs/loader:1301:5)
[2026-08-10 22:51:09.298] [error] at c._load (node:electron/js2c/node_init:2:18060)
[2026-08-10 22:51:09.298] [error] at wrapModuleLoad (node:internal/modules/cjs/loader:262:19)
[2026-08-10 22:51:09.299] [error] at Module.require (node:internal/modules/cjs/loader:1624:12)
[2026-08-10 22:51:09.299] [error] at require (node:internal/modules/helpers:153:16)
[2026-08-10 22:51:09.300] [error] at Object.<anonymous> (C:\Users\커피에반하다\AppData\Local\Programs\haste-client\resources\haste_agent_bridge.js:627:37) {
[2026-08-10 22:51:09.300] [error] code: 'MODULE_NOT_FOUND',
[2026-08-10 22:51:09.301] [error] requireStack: [
[2026-08-10 22:51:09.301] [error] 'C:\\Users\\커피에반하다\\AppData\\Local\\Programs\\haste-client\\resources\\haste_agent_bridge.js'
[2026-08-10 22:51:09.302] [error] ]
[2026-08-10 22:51:09.302] [error] }
[2026-08-10 22:51:09.303] [error] Node.js v24.18.0
[2026-08-10 22:51:14.495] [error] node:internal/modules/cjs/loader:1527
[2026-08-10 22:51:14.496] [error] throw err;
[2026-08-10 22:51:14.497] [error] ^
[2026-08-10 22:51:14.497] [error] Error: Cannot find module 'discord.js'
[2026-08-10 22:51:14.498] [error] Require stack:
[2026-08-10 22:51:14.498] [error] - C:\Users\커피에반하다\AppData\Local\Programs\haste-client\resources\haste_agent_bridge.js
[2026-08-10 22:51:14.499] [error] at Module._resolveFilename (node:internal/modules/cjs/loader:1524:15)
[2026-08-10 22:51:14.499] [error] at wrapResolveFilename (node:internal/modules/cjs/loader:1078:27)
[2026-08-10 22:51:14.500] [error] at defaultResolveImplForCJSLoading (node:internal/modules/cjs/loader:1102:10)
[2026-08-10 22:51:14.500] [error] at resolveForCJSWithHooks (node:internal/modules/cjs/loader:1129:12)
[2026-08-10 22:51:14.501] [error] at Module._load (node:internal/modules/cjs/loader:1301:5)
[2026-08-10 22:51:14.501] [error] at c._load (node:electron/js2c/node_init:2:18060)
[2026-08-10 22:51:14.502] [error] at wrapModuleLoad (node:internal/modules/cjs/loader:262:19)
[2026-08-10 22:51:14.502] [error] at Module.require (node:internal/modules/cjs/loader:1624:12)
[2026-08-10 22:51:14.503] [error] at require (node:internal/modules/helpers:153:16)
[2026-08-10 22:51:14.503] [error] at Object.<anonymous> (C:\Users\커피에반하다\AppData\Local\Programs\haste-client\resources\haste_agent_bridge.js:627:37) {
[2026-08-10 22:51:14.504] [error] code: 'MODULE_NOT_FOUND',
[2026-08-10 22:51:14.504] [error] requireStack: [
[2026-08-10 22:51:14.505] [error] 'C:\\Users\\커피에반하다\\AppData\\Local\\Programs\\haste-client\\resources\\haste_agent_bridge.js'
[2026-08-10 22:51:14.505] [error] ]
[2026-08-10 22:51:14.506] [error] }
[2026-08-10 22:51:14.506] [error] Node.js v24.18.0
[2026-08-10 22:51:19.708] [error] node:internal/modules/cjs/loader:1527
[2026-08-10 22:51:19.708] [error] throw err;
[2026-08-10 22:51:19.709] [error] ^
[2026-08-10 22:51:19.710] [error] Error: Cannot find module 'discord.js'
[2026-08-10 22:51:19.710] [error] Require stack:
[2026-08-10 22:51:19.711] [error] - C:\Users\커피에반하다\AppData\Local\Programs\haste-client\resources\haste_agent_bridge.js
[2026-08-10 22:51:19.711] [error] at Module._resolveFilename (node:internal/modules/cjs/loader:1524:15)
[2026-08-10 22:51:19.712] [error] at wrapResolveFilename (node:internal/modules/cjs/loader:1078:27)
[2026-08-10 22:51:19.712] [error] at defaultResolveImplForCJSLoading (node:internal/modules/cjs/loader:1102:10)
[2026-08-10 22:51:19.713] [error] at resolveForCJSWithHooks (node:internal/modules/cjs/loader:1129:12)
[2026-08-10 22:51:19.713] [error] at Module._load (node:internal/modules/cjs/loader:1301:5)
[2026-08-10 22:51:19.714] [error] at c._load (node:electron/js2c/node_init:2:18060)
[2026-08-10 22:51:19.714] [error] at wrapModuleLoad (node:internal/modules/cjs/loader:262:19)
[2026-08-10 22:51:19.715] [error] at Module.require (node:internal/modules/cjs/loader:1624:12)
[2026-08-10 22:51:19.715] [error] at require (node:internal/modules/helpers:153:16)
[2026-08-10 22:51:19.716] [error] at Object.<anonymous> (C:\Users\커피에반하다\AppData\Local\Programs\haste-client\resources\haste_agent_bridge.js:627:37) {
[2026-08-10 22:51:19.716] [error] code: 'MODULE_NOT_FOUND',
[2026-08-10 22:51:19.717] [error] requireStack: [
[2026-08-10 22:51:19.717] [error] 'C:\\Users\\커피에반하다\\AppData\\Local\\Programs\\haste-client\\resources\\haste_agent_bridge.js'
[2026-08-10 22:51:19.718] [error] ]
[2026-08-10 22:51:19.718] [error] }
[2026-08-10 22:51:19.719] [error] Node.js v24.18.0
[2026-08-10 22:51:24.909] [error] node:internal/modules/cjs/loader:1527
[2026-08-10 22:51:24.910] [error] throw err;
[2026-08-10 22:51:24.910] [error] ^
[2026-08-10 22:51:24.911] [error] Error: Cannot find module 'discord.js'
[2026-08-10 22:51:24.912] [error] Require stack:
[2026-08-10 22:51:24.912] [error] - C:\Users\커피에반하다\AppData\Local\Programs\haste-client\resources\haste_agent_bridge.js
[2026-08-10 22:51:24.913] [error] at Module._resolveFilename (node:internal/modules/cjs/loader:1524:15)
[2026-08-10 22:51:24.913] [error] at wrapResolveFilename (node:internal/modules/cjs/loader:1078:27)
[2026-08-10 22:51:24.914] [error] at defaultResolveImplForCJSLoading (node:internal/modules/cjs/loader:1102:10)
[2026-08-10 22:51:24.914] [error] at resolveForCJSWithHooks (node:internal/modules/cjs/loader:1129:12)
[2026-08-10 22:51:24.915] [error] at Module._load (node:internal/modules/cjs/loader:1301:5)
[2026-08-10 22:51:24.915] [error] at c._load (node:electron/js2c/node_init:2:18060)
[2026-08-10 22:51:24.916] [error] at wrapModuleLoad (node:internal/modules/cjs/loader:262:19)
[2026-08-10 22:51:24.916] [error] at Module.require (node:internal/modules/cjs/loader:1624:12)
[2026-08-10 22:51:24.917] [error] at require (node:internal/modules/helpers:153:16)
[2026-08-10 22:51:24.917] [error] at Object.<anonymous> (C:\Users\커피에반하다\AppData\Local\Programs\haste-client\resources\haste_agent_bridge.js:627:37) {
[2026-08-10 22:51:24.918] [error] code: 'MODULE_NOT_FOUND',
[2026-08-10 22:51:24.918] [error] requireStack: [
[2026-08-10 22:51:24.919] [error] 'C:\\Users\\커피에반하다\\AppData\\Local\\Programs\\haste-client\\resources\\haste_agent_bridge.js'
[2026-08-10 22:51:24.919] [error] ]
[2026-08-10 22:51:24.920] [error] }
[2026-08-10 22:51:24.920] [error] Node.js v24.18.0
[2026-08-10 22:51:30.115] [error] node:internal/modules/cjs/loader:1527
[2026-08-10 22:51:30.115] [error] throw err;
[2026-08-10 22:51:30.116] [error] ^
[2026-08-10 22:51:30.116] [error] Error: Cannot find module 'discord.js'
[2026-08-10 22:51:30.117] [error] Require stack:
[2026-08-10 22:51:30.117] [error] - C:\Users\커피에반하다\AppData\Local\Programs\haste-client\resources\haste_agent_bridge.js
[2026-08-10 22:51:30.118] [error] at Module._resolveFilename (node:internal/modules/cjs/loader:1524:15)
[2026-08-10 22:51:30.118] [error] at wrapResolveFilename (node:internal/modules/cjs/loader:1078:27)
[2026-08-10 22:51:30.119] [error] at defaultResolveImplForCJSLoading (node:internal/modules/cjs/loader:1102:10)
[2026-08-10 22:51:30.119] [error] at resolveForCJSWithHooks (node:internal/modules/cjs/loader:1129:12)
[2026-08-10 22:51:30.120] [error] at Module._load (node:internal/modules/cjs/loader:1301:5)
[2026-08-10 22:51:30.120] [error] at c._load (node:electron/js2c/node_init:2:18060)
[2026-08-10 22:51:30.121] [error] at wrapModuleLoad (node:internal/modules/cjs/loader:262:19)
[2026-08-10 22:51:30.121] [error] at Module.require (node:internal/modules/cjs/loader:1624:12)
[2026-08-10 22:51:30.122] [error] at require (node:internal/modules/helpers:153:16)
[2026-08-10 22:51:30.122] [error] at Object.<anonymous> (C:\Users\커피에반하다\AppData\Local\Programs\haste-client\resources\haste_agent_bridge.js:627:37) {
[2026-08-10 22:51:30.123] [error] code: 'MODULE_NOT_FOUND',
[2026-08-10 22:51:30.124] [error] requireStack: [
[2026-08-10 22:51:30.124] [error] 'C:\\Users\\커피에반하다\\AppData\\Local\\Programs\\haste-client\\resources\\haste_agent_bridge.js'
[2026-08-10 22:51:30.125] [error] ]
[2026-08-10 22:51:30.125] [error] }
[2026-08-10 22:51:30.126] [error] Node.js v24.18.0
[2026-08-10 22:51:35.321] [error] node:internal/modules/cjs/loader:1527
[2026-08-10 22:51:35.321] [error] throw err;
[2026-08-10 22:51:35.322] [error] ^
[2026-08-10 22:51:35.323] [error] Error: Cannot find module 'discord.js'
[2026-08-10 22:51:35.323] [error] Require stack:
[2026-08-10 22:51:35.324] [error] - C:\Users\커피에반하다\AppData\Local\Programs\haste-client\resources\haste_agent_bridge.js
[2026-08-10 22:51:35.324] [error] at Module._resolveFilename (node:internal/modules/cjs/loader:1524:15)
[2026-08-10 22:51:35.325] [error] at wrapResolveFilename (node:internal/modules/cjs/loader:1078:27)
[2026-08-10 22:51:35.325] [error] at defaultResolveImplForCJSLoading (node:internal/modules/cjs/loader:1102:10)
[2026-08-10 22:51:35.326] [error] at resolveForCJSWithHooks (node:internal/modules/cjs/loader:1129:12)
[2026-08-10 22:51:35.326] [error] at Module._load (node:internal/modules/cjs/loader:1301:5)
[2026-08-10 22:51:35.327] [error] at c._load (node:electron/js2c/node_init:2:18060)
[2026-08-10 22:51:35.327] [error] at wrapModuleLoad (node:internal/modules/cjs/loader:262:19)
[2026-08-10 22:51:35.328] [error] at Module.require (node:internal/modules/cjs/loader:1624:12)
[2026-08-10 22:51:35.328] [error] at require (node:internal/modules/helpers:153:16)
[2026-08-10 22:51:35.329] [error] at Object.<anonymous> (C:\Users\커피에반하다\AppData\Local\Programs\haste-client\resources\haste_agent_bridge.js:627:37) {
[2026-08-10 22:51:35.329] [error] code: 'MODULE_NOT_FOUND',
[2026-08-10 22:51:35.330] [error] requireStack: [
[2026-08-10 22:51:35.330] [error] 'C:\\Users\\커피에반하다\\AppData\\Local\\Programs\\haste-client\\resources\\haste_agent_bridge.js'
[2026-08-10 22:51:35.331] [error] ]
[2026-08-10 22:51:35.331] [error] }
[2026-08-10 22:51:35.332] [error] Node.js v24.18.0
[2026-08-10 22:51:40.527] [error] node:internal/modules/cjs/loader:1527
[2026-08-10 22:51:40.528] [error] throw err;
[2026-08-10 22:51:40.529] [error] ^
[2026-08-10 22:51:40.530] [error] Error: Cannot find module 'discord.js'
[2026-08-10 22:51:40.530] [error] Require stack:
[2026-08-10 22:51:40.531] [error] - C:\Users\커피에반하다\AppData\Local\Programs\haste-client\resources\haste_agent_bridge.js
[2026-08-10 22:51:40.531] [error] at Module._resolveFilename (node:internal/modules/cjs/loader:1524:15)
[2026-08-10 22:51:40.532] [error] at wrapResolveFilename (node:internal/modules/cjs/loader:1078:27)
[2026-08-10 22:51:40.532] [error] at defaultResolveImplForCJSLoading (node:internal/modules/cjs/loader:1102:10)
[2026-08-10 22:51:40.533] [error] at resolveForCJSWithHooks (node:internal/modules/cjs/loader:1129:12)
[2026-08-10 22:51:40.533] [error] at Module._load (node:internal/modules/cjs/loader:1301:5)
[2026-08-10 22:51:40.534] [error] at c._load (node:electron/js2c/node_init:2:18060)
[2026-08-10 22:51:40.534] [error] at wrapModuleLoad (node:internal/modules/cjs/loader:262:19)
[2026-08-10 22:51:40.535] [error] at Module.require (node:internal/modules/cjs/loader:1624:12)
[2026-08-10 22:51:40.535] [error] at require (node:internal/modules/helpers:153:16)
[2026-08-10 22:51:40.536] [error] at Object.<anonymous> (C:\Users\커피에반하다\AppData\Local\Programs\haste-client\resources\haste_agent_bridge.js:627:37) {
[2026-08-10 22:51:40.536] [error] code: 'MODULE_NOT_FOUND',
[2026-08-10 22:51:40.537] [error] requireStack: [
[2026-08-10 22:51:40.537] [error] 'C:\\Users\\커피에반하다\\AppData\\Local\\Programs\\haste-client\\resources\\haste_agent_bridge.js'
[2026-08-10 22:51:40.538] [error] ]
[2026-08-10 22:51:40.538] [error] }
[2026-08-10 22:51:40.539] [error] Node.js v24.18.0
[2026-08-10 22:51:45.746] [error] node:internal/modules/cjs/loader:1527
[2026-08-10 22:51:45.747] [error] throw err;
[2026-08-10 22:51:45.748] [error] ^
[2026-08-10 22:51:45.748] [error] Error: Cannot find module 'discord.js'
[2026-08-10 22:51:45.749] [error] Require stack:
[2026-08-10 22:51:45.749] [error] - C:\Users\커피에반하다\AppData\Local\Programs\haste-client\resources\haste_agent_bridge.js
[2026-08-10 22:51:45.750] [error] at Module._resolveFilename (node:internal/modules/cjs/loader:1524:15)
[2026-08-10 22:51:45.751] [error] at wrapResolveFilename (node:internal/modules/cjs/loader:1078:27)
[2026-08-10 22:51:45.751] [error] at defaultResolveImplForCJSLoading (node:internal/modules/cjs/loader:1102:10)
[2026-08-10 22:51:45.751] [error] at resolveForCJSWithHooks (node:internal/modules/cjs/loader:1129:12)
[2026-08-10 22:51:45.752] [error] at Module._load (node:internal/modules/cjs/loader:1301:5)
[2026-08-10 22:51:45.752] [error] at c._load (node:electron/js2c/node_init:2:18060)
[2026-08-10 22:51:45.753] [error] at wrapModuleLoad (node:internal/modules/cjs/loader:262:19)
[2026-08-10 22:51:45.754] [error] at Module.require (node:internal/modules/cjs/loader:1624:12)
[2026-08-10 22:51:45.754] [error] at require (node:internal/modules/helpers:153:16)
[2026-08-10 22:51:45.755] [error] at Object.<anonymous> (C:\Users\커피에반하다\AppData\Local\Programs\haste-client\resources\haste_agent_bridge.js:627:37) {
[2026-08-10 22:51:45.755] [error] code: 'MODULE_NOT_FOUND',
[2026-08-10 22:51:45.756] [error] requireStack: [
[2026-08-10 22:51:45.756] [error] 'C:\\Users\\커피에반하다\\AppData\\Local\\Programs\\haste-client\\resources\\haste_agent_bridge.js'
[2026-08-10 22:51:45.757] [error] ]
[2026-08-10 22:51:45.757] [error] }
[2026-08-10 22:51:45.758] [error] Node.js v24.18.0
[2026-08-10 22:51:50.964] [error] node:internal/modules/cjs/loader:1527
[2026-08-10 22:51:50.965] [error] throw err;
[2026-08-10 22:51:50.966] [error] ^
[2026-08-10 22:51:50.966] [error] Error: Cannot find module 'discord.js'
[2026-08-10 22:51:50.967] [error] Require stack:
[2026-08-10 22:51:50.967] [error] - C:\Users\커피에반하다\AppData\Local\Programs\haste-client\resources\haste_agent_bridge.js
[2026-08-10 22:51:50.968] [error] at Module._resolveFilename (node:internal/modules/cjs/loader:1524:15)
[2026-08-10 22:51:50.968] [error] at wrapResolveFilename (node:internal/modules/cjs/loader:1078:27)
[2026-08-10 22:51:50.969] [error] at defaultResolveImplForCJSLoading (node:internal/modules/cjs/loader:1102:10)
[2026-08-10 22:51:50.969] [error] at resolveForCJSWithHooks (node:internal/modules/cjs/loader:1129:12)
[2026-08-10 22:51:50.970] [error] at Module._load (node:internal/modules/cjs/loader:1301:5)
[2026-08-10 22:51:50.970] [error] at c._load (node:electron/js2c/node_init:2:18060)
[2026-08-10 22:51:50.971] [error] at wrapModuleLoad (node:internal/modules/cjs/loader:262:19)
[2026-08-10 22:51:50.971] [error] at Module.require (node:internal/modules/cjs/loader:1624:12)
[2026-08-10 22:51:50.972] [error] at require (node:internal/modules/helpers:153:16)
[2026-08-10 22:51:50.972] [error] at Object.<anonymous> (C:\Users\커피에반하다\AppData\Local\Programs\haste-client\resources\haste_agent_bridge.js:627:37) {
[2026-08-10 22:51:50.973] [error] code: 'MODULE_NOT_FOUND',
[2026-08-10 22:51:50.974] [error] requireStack: [
[2026-08-10 22:51:50.974] [error] 'C:\\Users\\커피에반하다\\AppData\\Local\\Programs\\haste-client\\resources\\haste_agent_bridge.js'
[2026-08-10 22:51:50.975] [error] ]
[2026-08-10 22:51:50.975] [error] }
[2026-08-10 22:51:50.976] [error] Node.js v24.18.0
[2026-08-10 22:51:56.170] [error] node:internal/modules/cjs/loader:1527
[2026-08-10 22:51:56.170] [error] throw err;
[2026-08-10 22:51:56.171] [error] ^
[2026-08-10 22:51:56.172] [error] Error: Cannot find module 'discord.js'
[2026-08-10 22:51:56.172] [error] Require stack:
[2026-08-10 22:51:56.173] [error] - C:\Users\커피에반하다\AppData\Local\Programs\haste-client\resources\haste_agent_bridge.js
[2026-08-10 22:51:56.174] [error] at Module._resolveFilename (node:internal/modules/cjs/loader:1524:15)
[2026-08-10 22:51:56.174] [error] at wrapResolveFilename (node:internal/modules/cjs/loader:1078:27)
[2026-08-10 22:51:56.175] [error] at defaultResolveImplForCJSLoading (node:internal/modules/cjs/loader:1102:10)
[2026-08-10 22:51:56.175] [error] at resolveForCJSWithHooks (node:internal/modules/cjs/loader:1129:12)
[2026-08-10 22:51:56.176] [error] at Module._load (node:internal/modules/cjs/loader:1301:5)
[2026-08-10 22:51:56.176] [error] at c._load (node:electron/js2c/node_init:2:18060)
[2026-08-10 22:51:56.177] [error] at wrapModuleLoad (node:internal/modules/cjs/loader:262:19)
[2026-08-10 22:51:56.177] [error] at Module.require (node:internal/modules/cjs/loader:1624:12)
[2026-08-10 22:51:56.178] [error] at require (node:internal/modules/helpers:153:16)
[2026-08-10 22:51:56.178] [error] at Object.<anonymous> (C:\Users\커피에반하다\AppData\Local\Programs\haste-client\resources\haste_agent_bridge.js:627:37) {
[2026-08-10 22:51:56.179] [error] code: 'MODULE_NOT_FOUND',
[2026-08-10 22:51:56.179] [error] requireStack: [
[2026-08-10 22:51:56.180] [error] 'C:\\Users\\커피에반하다\\AppData\\Local\\Programs\\haste-client\\resources\\haste_agent_bridge.js'
[2026-08-10 22:51:56.180] [error] ]
[2026-08-10 22:51:56.181] [error] }
[2026-08-10 22:51:56.181] [error] Node.js v24.18.0
[2026-08-10 22:52:01.378] [error] node:internal/modules/cjs/loader:1527
[2026-08-10 22:52:01.378] [error] throw err;
[2026-08-10 22:52:01.379] [error] ^
[2026-08-10 22:52:01.379] [error] Error: Cannot find module 'discord.js'
[2026-08-10 22:52:01.380] [error] Require stack:
[2026-08-10 22:52:01.381] [error] - C:\Users\커피에반하다\AppData\Local\Programs\haste-client\resources\haste_agent_bridge.js
[2026-08-10 22:52:01.381] [error] at Module._resolveFilename (node:internal/modules/cjs/loader:1524:15)
[2026-08-10 22:52:01.381] [error] at wrapResolveFilename (node:internal/modules/cjs/loader:1078:27)
[2026-08-10 22:52:01.382] [error] at defaultResolveImplForCJSLoading (node:internal/modules/cjs/loader:1102:10)
[2026-08-10 22:52:01.382] [error] at resolveForCJSWithHooks (node:internal/modules/cjs/loader:1129:12)
[2026-08-10 22:52:01.383] [error] at Module._load (node:internal/modules/cjs/loader:1301:5)
[2026-08-10 22:52:01.383] [error] at c._load (node:electron/js2c/node_init:2:18060)
[2026-08-10 22:52:01.384] [error] at wrapModuleLoad (node:internal/modules/cjs/loader:262:19)
[2026-08-10 22:52:01.384] [error] at Module.require (node:internal/modules/cjs/loader:1624:12)
[2026-08-10 22:52:01.385] [error] at require (node:internal/modules/helpers:153:16)
[2026-08-10 22:52:01.385] [error] at Object.<anonymous> (C:\Users\커피에반하다\AppData\Local\Programs\haste-client\resources\haste_agent_bridge.js:627:37) {
[2026-08-10 22:52:01.386] [error] code: 'MODULE_NOT_FOUND',
[2026-08-10 22:52:01.386] [error] requireStack: [
[2026-08-10 22:52:01.387] [error] 'C:\\Users\\커피에반하다\\AppData\\Local\\Programs\\haste-client\\resources\\haste_agent_bridge.js'
[2026-08-10 22:52:01.387] [error] ]
[2026-08-10 22:52:01.388] [error] }
[2026-08-10 22:52:01.388] [error] Node.js v24.18.0
[2026-08-10 22:52:06.598] [error] node:internal/modules/cjs/loader:1527
[2026-08-10 22:52:06.599] [error] throw err;
[2026-08-10 22:52:06.599] [error] ^
[2026-08-10 22:52:06.600] [error] Error: Cannot find module 'discord.js'
[2026-08-10 22:52:06.601] [error] Require stack:
[2026-08-10 22:52:06.601] [error] - C:\Users\커피에반하다\AppData\Local\Programs\haste-client\resources\haste_agent_bridge.js
[2026-08-10 22:52:06.602] [error] at Module._resolveFilename (node:internal/modules/cjs/loader:1524:15)
[2026-08-10 22:52:06.603] [error] at wrapResolveFilename (node:internal/modules/cjs/loader:1078:27)
[2026-08-10 22:52:06.603] [error] at defaultResolveImplForCJSLoading (node:internal/modules/cjs/loader:1102:10)
[2026-08-10 22:52:06.603] [error] at resolveForCJSWithHooks (node:internal/modules/cjs/loader:1129:12)
[2026-08-10 22:52:06.604] [error] at Module._load (node:internal/modules/cjs/loader:1301:5)
[2026-08-10 22:52:06.605] [error] at c._load (node:electron/js2c/node_init:2:18060)
[2026-08-10 22:52:06.605] [error] at wrapModuleLoad (node:internal/modules/cjs/loader:262:19)
[2026-08-10 22:52:06.606] [error] at Module.require (node:internal/modules/cjs/loader:1624:12)
[2026-08-10 22:52:06.606] [error] at require (node:internal/modules/helpers:153:16)
[2026-08-10 22:52:06.607] [error] at Object.<anonymous> (C:\Users\커피에반하다\AppData\Local\Programs\haste-client\resources\haste_agent_bridge.js:627:37) {
[2026-08-10 22:52:06.607] [error] code: 'MODULE_NOT_FOUND',
[2026-08-10 22:52:06.608] [error] requireStack: [
[2026-08-10 22:52:06.608] [error] 'C:\\Users\\커피에반하다\\AppData\\Local\\Programs\\haste-client\\resources\\haste_agent_bridge.js'
[2026-08-10 22:52:06.608] [error] ]
[2026-08-10 22:52:06.609] [error] }
[2026-08-10 22:52:06.610] [error] Node.js v24.18.0
[2026-08-10 22:52:11.815] [error] node:internal/modules/cjs/loader:1527
[2026-08-10 22:52:11.816] [error] throw err;
[2026-08-10 22:52:11.816] [error] ^
[2026-08-10 22:52:11.817] [error] Error: Cannot find module 'discord.js'
[2026-08-10 22:52:11.818] [error] Require stack:
[2026-08-10 22:52:11.818] [error] - C:\Users\커피에반하다\AppData\Local\Programs\haste-client\resources\haste_agent_bridge.js
[2026-08-10 22:52:11.819] [error] at Module._resolveFilename (node:internal/modules/cjs/loader:1524:15)
[2026-08-10 22:52:11.819] [error] at wrapResolveFilename (node:internal/modules/cjs/loader:1078:27)
[2026-08-10 22:52:11.820] [error] at defaultResolveImplForCJSLoading (node:internal/modules/cjs/loader:1102:10)
[2026-08-10 22:52:11.820] [error] at resolveForCJSWithHooks (node:internal/modules/cjs/loader:1129:12)
[2026-08-10 22:52:11.821] [error] at Module._load (node:internal/modules/cjs/loader:1301:5)
[2026-08-10 22:52:11.821] [error] at c._load (node:electron/js2c/node_init:2:18060)
[2026-08-10 22:52:11.822] [error] at wrapModuleLoad (node:internal/modules/cjs/loader:262:19)
[2026-08-10 22:52:11.822] [error] at Module.require (node:internal/modules/cjs/loader:1624:12)
[2026-08-10 22:52:11.822] [error] at require (node:internal/modules/helpers:153:16)
[2026-08-10 22:52:11.823] [error] at Object.<anonymous> (C:\Users\커피에반하다\AppData\Local\Programs\haste-client\resources\haste_agent_bridge.js:627:37) {
[2026-08-10 22:52:11.823] [error] code: 'MODULE_NOT_FOUND',
[2026-08-10 22:52:11.824] [error] requireStack: [
[2026-08-10 22:52:11.824] [error] 'C:\\Users\\커피에반하다\\AppData\\Local\\Programs\\haste-client\\resources\\haste_agent_bridge.js'
[2026-08-10 22:52:11.825] [error] ]
[2026-08-10 22:52:11.825] [error] }
[2026-08-10 22:52:11.826] [error] Node.js v24.18.0
[2026-08-10 22:52:17.035] [error] node:internal/modules/cjs/loader:1527
[2026-08-10 22:52:17.035] [error] throw err;
[2026-08-10 22:52:17.036] [error] ^
[2026-08-10 22:52:17.037] [error] Error: Cannot find module 'discord.js'
[2026-08-10 22:52:17.037] [error] Require stack:
[2026-08-10 22:52:17.038] [error] - C:\Users\커피에반하다\AppData\Local\Programs\haste-client\resources\haste_agent_bridge.js
[2026-08-10 22:52:17.038] [error] at Module._resolveFilename (node:internal/modules/cjs/loader:1524:15)
[2026-08-10 22:52:17.039] [error] at wrapResolveFilename (node:internal/modules/cjs/loader:1078:27)
[2026-08-10 22:52:17.039] [error] at defaultResolveImplForCJSLoading (node:internal/modules/cjs/loader:1102:10)
[2026-08-10 22:52:17.040] [error] at resolveForCJSWithHooks (node:internal/modules/cjs/loader:1129:12)
[2026-08-10 22:52:17.040] [error] at Module._load (node:internal/modules/cjs/loader:1301:5)
[2026-08-10 22:52:17.041] [error] at c._load (node:electron/js2c/node_init:2:18060)
[2026-08-10 22:52:17.041] [error] at wrapModuleLoad (node:internal/modules/cjs/loader:262:19)
[2026-08-10 22:52:17.042] [error] at Module.require (node:internal/modules/cjs/loader:1624:12)
[2026-08-10 22:52:17.042] [error] at require (node:internal/modules/helpers:153:16)
[2026-08-10 22:52:17.043] [error] at Object.<anonymous> (C:\Users\커피에반하다\AppData\Local\Programs\haste-client\resources\haste_agent_bridge.js:627:37) {
[2026-08-10 22:52:17.044] [error] code: 'MODULE_NOT_FOUND',
[2026-08-10 22:52:17.044] [error] requireStack: [
[2026-08-10 22:52:17.045] [error] 'C:\\Users\\커피에반하다\\AppData\\Local\\Programs\\haste-client\\resources\\haste_agent_bridge.js'
[2026-08-10 22:52:17.045] [error] ]
[2026-08-10 22:52:17.046] [error] }
[2026-08-10 22:52:17.046] [error] Node.js v24.18.0
[2026-08-10 22:52:22.252] [error] node:internal/modules/cjs/loader:1527
[2026-08-10 22:52:22.253] [error] throw err;
[2026-08-10 22:52:22.253] [error] ^
[2026-08-10 22:52:22.254] [error] Error: Cannot find module 'discord.js'
[2026-08-10 22:52:22.255] [error] Require stack:
[2026-08-10 22:52:22.255] [error] - C:\Users\커피에반하다\AppData\Local\Programs\haste-client\resources\haste_agent_bridge.js
[2026-08-10 22:52:22.256] [error] at Module._resolveFilename (node:internal/modules/cjs/loader:1524:15)
[2026-08-10 22:52:22.256] [error] at wrapResolveFilename (node:internal/modules/cjs/loader:1078:27)
[2026-08-10 22:52:22.257] [error] at defaultResolveImplForCJSLoading (node:internal/modules/cjs/loader:1102:10)
[2026-08-10 22:52:22.257] [error] at resolveForCJSWithHooks (node:internal/modules/cjs/loader:1129:12)
[2026-08-10 22:52:22.258] [error] at Module._load (node:internal/modules/cjs/loader:1301:5)
[2026-08-10 22:52:22.258] [error] at c._load (node:electron/js2c/node_init:2:18060)
[2026-08-10 22:52:22.259] [error] at wrapModuleLoad (node:internal/modules/cjs/loader:262:19)
[2026-08-10 22:52:22.259] [error] at Module.require (node:internal/modules/cjs/loader:1624:12)
[2026-08-10 22:52:22.260] [error] at require (node:internal/modules/helpers:153:16)
[2026-08-10 22:52:22.260] [error] at Object.<anonymous> (C:\Users\커피에반하다\AppData\Local\Programs\haste-client\resources\haste_agent_bridge.js:627:37) {
[2026-08-10 22:52:22.261] [error] code: 'MODULE_NOT_FOUND',
[2026-08-10 22:52:22.261] [error] requireStack: [
[2026-08-10 22:52:22.262] [error] 'C:\\Users\\커피에반하다\\AppData\\Local\\Programs\\haste-client\\resources\\haste_agent_bridge.js'
[2026-08-10 22:52:22.262] [error] ]
[2026-08-10 22:52:22.263] [error] }
[2026-08-10 22:52:22.263] [error] Node.js v24.18.0
[2026-08-10 22:52:27.452] [error] node:internal/modules/cjs/loader:1527
[2026-08-10 22:52:27.452] [error] throw err;
[2026-08-10 22:52:27.453] [error] ^
[2026-08-10 22:52:27.454] [error] Error: Cannot find module 'discord.js'
[2026-08-10 22:52:27.454] [error] Require stack:
[2026-08-10 22:52:27.455] [error] - C:\Users\커피에반하다\AppData\Local\Programs\haste-client\resources\haste_agent_bridge.js
[2026-08-10 22:52:27.455] [error] at Module._resolveFilename (node:internal/modules/cjs/loader:1524:15)
[2026-08-10 22:52:27.456] [error] at wrapResolveFilename (node:internal/modules/cjs/loader:1078:27)
[2026-08-10 22:52:27.456] [error] at defaultResolveImplForCJSLoading (node:internal/modules/cjs/loader:1102:10)
[2026-08-10 22:52:27.457] [error] at resolveForCJSWithHooks (node:internal/modules/cjs/loader:1129:12)
[2026-08-10 22:52:27.457] [error] at Module._load (node:internal/modules/cjs/loader:1301:5)
[2026-08-10 22:52:27.458] [error] at c._load (node:electron/js2c/node_init:2:18060)
[2026-08-10 22:52:27.458] [error] at wrapModuleLoad (node:internal/modules/cjs/loader:262:19)
[2026-08-10 22:52:27.459] [error] at Module.require (node:internal/modules/cjs/loader:1624:12)
[2026-08-10 22:52:27.459] [error] at require (node:internal/modules/helpers:153:16)
[2026-08-10 22:52:27.460] [error] at Object.<anonymous> (C:\Users\커피에반하다\AppData\Local\Programs\haste-client\resources\haste_agent_bridge.js:627:37) {
[2026-08-10 22:52:27.460] [error] code: 'MODULE_NOT_FOUND',
[2026-08-10 22:52:27.461] [error] requireStack: [
[2026-08-10 22:52:27.461] [error] 'C:\\Users\\커피에반하다\\AppData\\Local\\Programs\\haste-client\\resources\\haste_agent_bridge.js'
[2026-08-10 22:52:27.462] [error] ]
[2026-08-10 22:52:27.462] [error] }
[2026-08-10 22:52:27.463] [error] Node.js v24.18.0
[2026-08-10 22:52:32.664] [error] node:internal/modules/cjs/loader:1527
[2026-08-10 22:52:32.664] [error] throw err;
[2026-08-10 22:52:32.665] [error] ^
[2026-08-10 22:52:32.666] [error] Error: Cannot find module 'discord.js'
[2026-08-10 22:52:32.666] [error] Require stack:
[2026-08-10 22:52:32.667] [error] - C:\Users\커피에반하다\AppData\Local\Programs\haste-client\resources\haste_agent_bridge.js
[2026-08-10 22:52:32.667] [error] at Module._resolveFilename (node:internal/modules/cjs/loader:1524:15)
[2026-08-10 22:52:32.667] [error] at wrapResolveFilename (node:internal/modules/cjs/loader:1078:27)
[2026-08-10 22:52:32.668] [error] at defaultResolveImplForCJSLoading (node:internal/modules/cjs/loader:1102:10)
[2026-08-10 22:52:32.668] [error] at resolveForCJSWithHooks (node:internal/modules/cjs/loader:1129:12)
[2026-08-10 22:52:32.669] [error] at Module._load (node:internal/modules/cjs/loader:1301:5)
[2026-08-10 22:52:32.669] [error] at c._load (node:electron/js2c/node_init:2:18060)
[2026-08-10 22:52:32.670] [error] at wrapModuleLoad (node:internal/modules/cjs/loader:262:19)
[2026-08-10 22:52:32.670] [error] at Module.require (node:internal/modules/cjs/loader:1624:12)
[2026-08-10 22:52:32.671] [error] at require (node:internal/modules/helpers:153:16)
[2026-08-10 22:52:32.671] [error] at Object.<anonymous> (C:\Users\커피에반하다\AppData\Local\Programs\haste-client\resources\haste_agent_bridge.js:627:37) {
[2026-08-10 22:52:32.672] [error] code: 'MODULE_NOT_FOUND',
[2026-08-10 22:52:32.672] [error] requireStack: [
[2026-08-10 22:52:32.672] [error] 'C:\\Users\\커피에반하다\\AppData\\Local\\Programs\\haste-client\\resources\\haste_agent_bridge.js'
[2026-08-10 22:52:32.673] [error] ]
[2026-08-10 22:52:32.673] [error] }
[2026-08-10 22:52:32.674] [error] Node.js v24.18.0
[2026-08-10 22:52:37.888] [error] node:internal/modules/cjs/loader:1527
[2026-08-10 22:52:37.889] [error] throw err;
[2026-08-10 22:52:37.890] [error] ^
[2026-08-10 22:52:37.891] [error] Error: Cannot find module 'discord.js'
[2026-08-10 22:52:37.891] [error] Require stack:
[2026-08-10 22:52:37.892] [error] - C:\Users\커피에반하다\AppData\Local\Programs\haste-client\resources\haste_agent_bridge.js
[2026-08-10 22:52:37.892] [error] at Module._resolveFilename (node:internal/modules/cjs/loader:1524:15)
[2026-08-10 22:52:37.893] [error] at wrapResolveFilename (node:internal/modules/cjs/loader:1078:27)
[2026-08-10 22:52:37.893] [error] at defaultResolveImplForCJSLoading (node:internal/modules/cjs/loader:1102:10)
[2026-08-10 22:52:37.894] [error] at resolveForCJSWithHooks (node:internal/modules/cjs/loader:1129:12)
[2026-08-10 22:52:37.894] [error] at Module._load (node:internal/modules/cjs/loader:1301:5)
[2026-08-10 22:52:37.894] [error] at c._load (node:electron/js2c/node_init:2:18060)
[2026-08-10 22:52:37.895] [error] at wrapModuleLoad (node:internal/modules/cjs/loader:262:19)
[2026-08-10 22:52:37.895] [error] at Module.require (node:internal/modules/cjs/loader:1624:12)
[2026-08-10 22:52:37.896] [error] at require (node:internal/modules/helpers:153:16)
[2026-08-10 22:52:37.896] [error] at Object.<anonymous> (C:\Users\커피에반하다\AppData\Local\Programs\haste-client\resources\haste_agent_bridge.js:627:37) {
[2026-08-10 22:52:37.897] [error] code: 'MODULE_NOT_FOUND',
[2026-08-10 22:52:37.898] [error] requireStack: [
[2026-08-10 22:52:37.898] [error] 'C:\\Users\\커피에반하다\\AppData\\Local\\Programs\\haste-client\\resources\\haste_agent_bridge.js'
[2026-08-10 22:52:37.899] [error] ]
[2026-08-10 22:52:37.899] [error] }
[2026-08-10 22:52:37.900] [error] Node.js v24.18.0
[2026-08-10 22:52:43.101] [error] node:internal/modules/cjs/loader:1527
[2026-08-10 22:52:43.102] [error] throw err;
[2026-08-10 22:52:43.103] [error] ^
[2026-08-10 22:52:43.104] [error] Error: Cannot find module 'discord.js'
[2026-08-10 22:52:43.104] [error] Require stack:
[2026-08-10 22:52:43.105] [error] - C:\Users\커피에반하다\AppData\Local\Programs\haste-client\resources\haste_agent_bridge.js
[2026-08-10 22:52:43.105] [error] at Module._resolveFilename (node:internal/modules/cjs/loader:1524:15)
[2026-08-10 22:52:43.106] [error] at wrapResolveFilename (node:internal/modules/cjs/loader:1078:27)
[2026-08-10 22:52:43.106] [error] at defaultResolveImplForCJSLoading (node:internal/modules/cjs/loader:1102:10)
[2026-08-10 22:52:43.107] [error] at resolveForCJSWithHooks (node:internal/modules/cjs/loader:1129:12)
[2026-08-10 22:52:43.107] [error] at Module._load (node:internal/modules/cjs/loader:1301:5)
[2026-08-10 22:52:43.108] [error] at c._load (node:electron/js2c/node_init:2:18060)
[2026-08-10 22:52:43.108] [error] at wrapModuleLoad (node:internal/modules/cjs/loader:262:19)
[2026-08-10 22:52:43.109] [error] at Module.require (node:internal/modules/cjs/loader:1624:12)
[2026-08-10 22:52:43.109] [error] at require (node:internal/modules/helpers:153:16)
[2026-08-10 22:52:43.110] [error] at Object.<anonymous> (C:\Users\커피에반하다\AppData\Local\Programs\haste-client\resources\haste_agent_bridge.js:627:37) {
[2026-08-10 22:52:43.110] [error] code: 'MODULE_NOT_FOUND',
[2026-08-10 22:52:43.111] [error] requireStack: [
[2026-08-10 22:52:43.111] [error] 'C:\\Users\\커피에반하다\\AppData\\Local\\Programs\\haste-client\\resources\\haste_agent_bridge.js'
[2026-08-10 22:52:43.112] [error] ]
[2026-08-10 22:52:43.112] [error] }
[2026-08-10 22:52:43.113] [error] Node.js v24.18.0
[2026-08-10 22:52:48.311] [error] node:internal/modules/cjs/loader:1527
[2026-08-10 22:52:48.311] [error] throw err;
[2026-08-10 22:52:48.312] [error] ^
[2026-08-10 22:52:48.312] [error] Error: Cannot find module 'discord.js'
[2026-08-10 22:52:48.313] [error] Require stack:
[2026-08-10 22:52:48.314] [error] - C:\Users\커피에반하다\AppData\Local\Programs\haste-client\resources\haste_agent_bridge.js
[2026-08-10 22:52:48.314] [error] at Module._resolveFilename (node:internal/modules/cjs/loader:1524:15)
[2026-08-10 22:52:48.315] [error] at wrapResolveFilename (node:internal/modules/cjs/loader:1078:27)
[2026-08-10 22:52:48.315] [error] at defaultResolveImplForCJSLoading (node:internal/modules/cjs/loader:1102:10)
[2026-08-10 22:52:48.316] [error] at resolveForCJSWithHooks (node:internal/modules/cjs/loader:1129:12)
[2026-08-10 22:52:48.316] [error] at Module._load (node:internal/modules/cjs/loader:1301:5)
[2026-08-10 22:52:48.317] [error] at c._load (node:electron/js2c/node_init:2:18060)
[2026-08-10 22:52:48.317] [error] at wrapModuleLoad (node:internal/modules/cjs/loader:262:19)
[2026-08-10 22:52:48.318] [error] at Module.require (node:internal/modules/cjs/loader:1624:12)
[2026-08-10 22:52:48.318] [error] at require (node:internal/modules/helpers:153:16)
[2026-08-10 22:52:48.318] [error] at Object.<anonymous> (C:\Users\커피에반하다\AppData\Local\Programs\haste-client\resources\haste_agent_bridge.js:627:37) {
[2026-08-10 22:52:48.319] [error] code: 'MODULE_NOT_FOUND',
[2026-08-10 22:52:48.319] [error] requireStack: [
[2026-08-10 22:52:48.320] [error] 'C:\\Users\\커피에반하다\\AppData\\Local\\Programs\\haste-client\\resources\\haste_agent_bridge.js'
[2026-08-10 22:52:48.320] [error] ]
[2026-08-10 22:52:48.321] [error] }
[2026-08-10 22:52:48.321] [error] Node.js v24.18.0
[2026-08-10 22:52:53.518] [error] node:internal/modules/cjs/loader:1527
[2026-08-10 22:52:53.519] [error] throw err;
[2026-08-10 22:52:53.520] [error] ^
[2026-08-10 22:52:53.520] [error] Error: Cannot find module 'discord.js'
[2026-08-10 22:52:53.521] [error] Require stack:
[2026-08-10 22:52:53.522] [error] - C:\Users\커피에반하다\AppData\Local\Programs\haste-client\resources\haste_agent_bridge.js
[2026-08-10 22:52:53.522] [error] at Module._resolveFilename (node:internal/modules/cjs/loader:1524:15)
[2026-08-10 22:52:53.523] [error] at wrapResolveFilename (node:internal/modules/cjs/loader:1078:27)
[2026-08-10 22:52:53.523] [error] at defaultResolveImplForCJSLoading (node:internal/modules/cjs/loader:1102:10)
[2026-08-10 22:52:53.524] [error] at resolveForCJSWithHooks (node:internal/modules/cjs/loader:1129:12)
[2026-08-10 22:52:53.524] [error] at Module._load (node:internal/modules/cjs/loader:1301:5)
[2026-08-10 22:52:53.525] [error] at c._load (node:electron/js2c/node_init:2:18060)
[2026-08-10 22:52:53.525] [error] at wrapModuleLoad (node:internal/modules/cjs/loader:262:19)
[2026-08-10 22:52:53.526] [error] at Module.require (node:internal/modules/cjs/loader:1624:12)
[2026-08-10 22:52:53.526] [error] at require (node:internal/modules/helpers:153:16)
[2026-08-10 22:52:53.527] [error] at Object.<anonymous> (C:\Users\커피에반하다\AppData\Local\Programs\haste-client\resources\haste_agent_bridge.js:627:37) {
[2026-08-10 22:52:53.527] [error] code: 'MODULE_NOT_FOUND',
[2026-08-10 22:52:53.528] [error] requireStack: [
[2026-08-10 22:52:53.528] [error] 'C:\\Users\\커피에반하다\\AppData\\Local\\Programs\\haste-client\\resources\\haste_agent_bridge.js'
[2026-08-10 22:52:53.529] [error] ]
[2026-08-10 22:52:53.529] [error] }
[2026-08-10 22:52:53.529] [error] Node.js v24.18.0
[2026-08-10 22:52:58.737] [error] node:internal/modules/cjs/loader:1527
[2026-08-10 22:52:58.738] [error] throw err;
[2026-08-10 22:52:58.739] [error] ^
[2026-08-10 22:52:58.739] [error] Error: Cannot find module 'discord.js'
[2026-08-10 22:52:58.740] [error] Require stack:
[2026-08-10 22:52:58.741] [error] - C:\Users\커피에반하다\AppData\Local\Programs\haste-client\resources\haste_agent_bridge.js
[2026-08-10 22:52:58.741] [error] at Module._resolveFilename (node:internal/modules/cjs/loader:1524:15)
[2026-08-10 22:52:58.742] [error] at wrapResolveFilename (node:internal/modules/cjs/loader:1078:27)
[2026-08-10 22:52:58.743] [error] at defaultResolveImplForCJSLoading (node:internal/modules/cjs/loader:1102:10)
[2026-08-10 22:52:58.743] [error] at resolveForCJSWithHooks (node:internal/modules/cjs/loader:1129:12)
[2026-08-10 22:52:58.744] [error] at Module._load (node:internal/modules/cjs/loader:1301:5)
[2026-08-10 22:52:58.744] [error] at c._load (node:electron/js2c/node_init:2:18060)
[2026-08-10 22:52:58.745] [error] at wrapModuleLoad (node:internal/modules/cjs/loader:262:19)
[2026-08-10 22:52:58.745] [error] at Module.require (node:internal/modules/cjs/loader:1624:12)
[2026-08-10 22:52:58.746] [error] at require (node:internal/modules/helpers:153:16)
[2026-08-10 22:52:58.746] [error] at Object.<anonymous> (C:\Users\커피에반하다\AppData\Local\Programs\haste-client\resources\haste_agent_bridge.js:627:37) {
[2026-08-10 22:52:58.747] [error] code: 'MODULE_NOT_FOUND',
[2026-08-10 22:52:58.748] [error] requireStack: [
[2026-08-10 22:52:58.748] [error] 'C:\\Users\\커피에반하다\\AppData\\Local\\Programs\\haste-client\\resources\\haste_agent_bridge.js'
[2026-08-10 22:52:58.749] [error] ]
[2026-08-10 22:52:58.749] [error] }
[2026-08-10 22:52:58.750] [error] Node.js v24.18.0
[2026-08-10 22:53:03.960] [error] node:internal/modules/cjs/loader:1527
[2026-08-10 22:53:03.961] [error] throw err;
[2026-08-10 22:53:03.961] [error] ^
[2026-08-10 22:53:03.962] [error] Error: Cannot find module 'discord.js'
[2026-08-10 22:53:03.963] [error] Require stack:
[2026-08-10 22:53:03.963] [error] - C:\Users\커피에반하다\AppData\Local\Programs\haste-client\resources\haste_agent_bridge.js
[2026-08-10 22:53:03.964] [error] at Module._resolveFilename (node:internal/modules/cjs/loader:1524:15)
[2026-08-10 22:53:03.964] [error] at wrapResolveFilename (node:internal/modules/cjs/loader:1078:27)
[2026-08-10 22:53:03.965] [error] at defaultResolveImplForCJSLoading (node:internal/modules/cjs/loader:1102:10)
[2026-08-10 22:53:03.965] [error] at resolveForCJSWithHooks (node:internal/modules/cjs/loader:1129:12)
[2026-08-10 22:53:03.966] [error] at Module._load (node:internal/modules/cjs/loader:1301:5)
[2026-08-10 22:53:03.966] [error] at c._load (node:electron/js2c/node_init:2:18060)
[2026-08-10 22:53:03.967] [error] at wrapModuleLoad (node:internal/modules/cjs/loader:262:19)
[2026-08-10 22:53:03.967] [error] at Module.require (node:internal/modules/cjs/loader:1624:12)
[2026-08-10 22:53:03.968] [error] at require (node:internal/modules/helpers:153:16)
[2026-08-10 22:53:03.968] [error] at Object.<anonymous> (C:\Users\커피에반하다\AppData\Local\Programs\haste-client\resources\haste_agent_bridge.js:627:37) {
[2026-08-10 22:53:03.969] [error] code: 'MODULE_NOT_FOUND',
[2026-08-10 22:53:03.969] [error] requireStack: [
[2026-08-10 22:53:03.970] [error] 'C:\\Users\\커피에반하다\\AppData\\Local\\Programs\\haste-client\\resources\\haste_agent_bridge.js'
[2026-08-10 22:53:03.970] [error] ]
[2026-08-10 22:53:03.971] [error] }
[2026-08-10 22:53:03.971] [error] Node.js v24.18.0
[2026-08-10 22:53:09.178] [error] node:internal/modules/cjs/loader:1527
[2026-08-10 22:53:09.179] [error] throw err;
[2026-08-10 22:53:09.179] [error] ^
[2026-08-10 22:53:09.180] [error] Error: Cannot find module 'discord.js'
[2026-08-10 22:53:09.181] [error] Require stack:
[2026-08-10 22:53:09.181] [error] - C:\Users\커피에반하다\AppData\Local\Programs\haste-client\resources\haste_agent_bridge.js
[2026-08-10 22:53:09.182] [error] at Module._resolveFilename (node:internal/modules/cjs/loader:1524:15)
[2026-08-10 22:53:09.182] [error] at wrapResolveFilename (node:internal/modules/cjs/loader:1078:27)
[2026-08-10 22:53:09.183] [error] at defaultResolveImplForCJSLoading (node:internal/modules/cjs/loader:1102:10)
[2026-08-10 22:53:09.183] [error] at resolveForCJSWithHooks (node:internal/modules/cjs/loader:1129:12)
[2026-08-10 22:53:09.184] [error] at Module._load (node:internal/modules/cjs/loader:1301:5)
[2026-08-10 22:53:09.184] [error] at c._load (node:electron/js2c/node_init:2:18060)
[2026-08-10 22:53:09.185] [error] at wrapModuleLoad (node:internal/modules/cjs/loader:262:19)
[2026-08-10 22:53:09.185] [error] at Module.require (node:internal/modules/cjs/loader:1624:12)
[2026-08-10 22:53:09.186] [error] at require (node:internal/modules/helpers:153:16)
[2026-08-10 22:53:09.186] [error] at Object.<anonymous> (C:\Users\커피에반하다\AppData\Local\Programs\haste-client\resources\haste_agent_bridge.js:627:37) {
[2026-08-10 22:53:09.187] [error] code: 'MODULE_NOT_FOUND',
[2026-08-10 22:53:09.187] [error] requireStack: [
[2026-08-10 22:53:09.187] [error] 'C:\\Users\\커피에반하다\\AppData\\Local\\Programs\\haste-client\\resources\\haste_agent_bridge.js'
[2026-08-10 22:53:09.188] [error] ]
[2026-08-10 22:53:09.188] [error] }
[2026-08-10 22:53:09.189] [error] Node.js v24.18.0
[2026-08-10 22:53:14.402] [error] node:internal/modules/cjs/loader:1527
[2026-08-10 22:53:14.403] [error] throw err;
[2026-08-10 22:53:14.404] [error] ^
[2026-08-10 22:53:14.404] [error] Error: Cannot find module 'discord.js'
[2026-08-10 22:53:14.405] [error] Require stack:
[2026-08-10 22:53:14.406] [error] - C:\Users\커피에반하다\AppData\Local\Programs\haste-client\resources\haste_agent_bridge.js
[2026-08-10 22:53:14.406] [error] at Module._resolveFilename (node:internal/modules/cjs/loader:1524:15)
[2026-08-10 22:53:14.407] [error] at wrapResolveFilename (node:internal/modules/cjs/loader:1078:27)
[2026-08-10 22:53:14.407] [error] at defaultResolveImplForCJSLoading (node:internal/modules/cjs/loader:1102:10)
[2026-08-10 22:53:14.408] [error] at resolveForCJSWithHooks (node:internal/modules/cjs/loader:1129:12)
[2026-08-10 22:53:14.409] [error] at Module._load (node:internal/modules/cjs/loader:1301:5)
[2026-08-10 22:53:14.409] [error] at c._load (node:electron/js2c/node_init:2:18060)
[2026-08-10 22:53:14.410] [error] at wrapModuleLoad (node:internal/modules/cjs/loader:262:19)
[2026-08-10 22:53:14.410] [error] at Module.require (node:internal/modules/cjs/loader:1624:12)
[2026-08-10 22:53:14.411] [error] at require (node:internal/modules/helpers:153:16)
[2026-08-10 22:53:14.411] [error] at Object.<anonymous> (C:\Users\커피에반하다\AppData\Local\Programs\haste-client\resources\haste_agent_bridge.js:627:37) {
[2026-08-10 22:53:14.412] [error] code: 'MODULE_NOT_FOUND',
[2026-08-10 22:53:14.412] [error] requireStack: [
[2026-08-10 22:53:14.413] [error] 'C:\\Users\\커피에반하다\\AppData\\Local\\Programs\\haste-client\\resources\\haste_agent_bridge.js'
[2026-08-10 22:53:14.413] [error] ]
[2026-08-10 22:53:14.414] [error] }
[2026-08-10 22:53:14.415] [error] Node.js v24.18.0
[2026-08-10 22:54:16.202] [error] node:internal/modules/cjs/loader:1527
[2026-08-10 22:54:16.203] [error] throw err;
[2026-08-10 22:54:16.204] [error] ^
[2026-08-10 22:54:16.205] [error] Error: Cannot find module 'discord.js'
[2026-08-10 22:54:16.205] [error] Require stack:
[2026-08-10 22:54:16.206] [error] - C:\Users\커피에반하다\AppData\Local\Programs\haste-client\resources\haste_agent_bridge.js
[2026-08-10 22:54:16.207] [error] at Module._resolveFilename (node:internal/modules/cjs/loader:1524:15)
[2026-08-10 22:54:16.207] [error] at wrapResolveFilename (node:internal/modules/cjs/loader:1078:27)
[2026-08-10 22:54:16.208] [error] at defaultResolveImplForCJSLoading (node:internal/modules/cjs/loader:1102:10)
[2026-08-10 22:54:16.209] [error] at resolveForCJSWithHooks (node:internal/modules/cjs/loader:1129:12)
[2026-08-10 22:54:16.209] [error] at Module._load (node:internal/modules/cjs/loader:1301:5)
[2026-08-10 22:54:16.210] [error] at c._load (node:electron/js2c/node_init:2:18060)
[2026-08-10 22:54:16.211] [error] at wrapModuleLoad (node:internal/modules/cjs/loader:262:19)
[2026-08-10 22:54:16.211] [error] at Module.require (node:internal/modules/cjs/loader:1624:12)
[2026-08-10 22:54:16.212] [error] at require (node:internal/modules/helpers:153:16)
[2026-08-10 22:54:16.213] [error] at Object.<anonymous> (C:\Users\커피에반하다\AppData\Local\Programs\haste-client\resources\haste_agent_bridge.js:627:37) {
[2026-08-10 22:54:16.214] [error] code: 'MODULE_NOT_FOUND',
[2026-08-10 22:54:16.214] [error] requireStack: [
[2026-08-10 22:54:16.215] [error] 'C:\\Users\\커피에반하다\\AppData\\Local\\Programs\\haste-client\\resources\\haste_agent_bridge.js'
[2026-08-10 22:54:16.216] [error] ]
[2026-08-10 22:54:16.216] [error] }
[2026-08-10 22:54:16.250] [error] Node.js v24.18.0
[2026-08-10 22:54:22.986] [error] node:internal/modules/cjs/loader:1527
[2026-08-10 22:54:22.987] [error] throw err;
[2026-08-10 22:54:22.988] [error] ^
[2026-08-10 22:54:22.989] [error] Error: Cannot find module 'discord.js'
[2026-08-10 22:54:22.989] [error] Require stack:
[2026-08-10 22:54:22.990] [error] - C:\Users\커피에반하다\AppData\Local\Programs\haste-client\resources\haste_agent_bridge.js
[2026-08-10 22:54:22.990] [error] at Module._resolveFilename (node:internal/modules/cjs/loader:1524:15)
[2026-08-10 22:54:22.991] [error] at wrapResolveFilename (node:internal/modules/cjs/loader:1078:27)
[2026-08-10 22:54:22.992] [error] at defaultResolveImplForCJSLoading (node:internal/modules/cjs/loader:1102:10)
[2026-08-10 22:54:22.992] [error] at resolveForCJSWithHooks (node:internal/modules/cjs/loader:1129:12)
[2026-08-10 22:54:22.993] [error] at Module._load (node:internal/modules/cjs/loader:1301:5)
[2026-08-10 22:54:22.994] [error] at c._load (node:electron/js2c/node_init:2:18060)
[2026-08-10 22:54:22.994] [error] at wrapModuleLoad (node:internal/modules/cjs/loader:262:19)
[2026-08-10 22:54:22.995] [error] at Module.require (node:internal/modules/cjs/loader:1624:12)
[2026-08-10 22:54:22.996] [error] at require (node:internal/modules/helpers:153:16)
[2026-08-10 22:54:22.996] [error] at Object.<anonymous> (C:\Users\커피에반하다\AppData\Local\Programs\haste-client\resources\haste_agent_bridge.js:627:37) {
[2026-08-10 22:54:22.997] [error] code: 'MODULE_NOT_FOUND',
[2026-08-10 22:54:22.998] [error] requireStack: [
[2026-08-10 22:54:22.998] [error] 'C:\\Users\\커피에반하다\\AppData\\Local\\Programs\\haste-client\\resources\\haste_agent_bridge.js'
[2026-08-10 22:54:22.999] [error] ]
[2026-08-10 22:54:23.000] [error] }
[2026-08-10 22:54:23.000] [error] Node.js v24.18.0
[2026-08-10 22:54:31.636] [error] node:internal/modules/cjs/loader:1527
[2026-08-10 22:54:31.638] [error] throw err;
[2026-08-10 22:54:31.639] [error] ^
[2026-08-10 22:54:31.640] [error] Error: Cannot find module '@discordjs/util'
[2026-08-10 22:54:31.641] [error] Require stack:
[2026-08-10 22:54:31.642] [error] - C:\Users\커피에반하다\AppData\Local\Programs\haste-client\resources\app.asar\node_modules\discord.js\src\index.js
[2026-08-10 22:54:31.644] [error] - C:\Users\커피에반하다\AppData\Local\Programs\haste-client\resources\app.asar\haste_agent_bridge.js
[2026-08-10 22:54:31.645] [error] at Module._resolveFilename (node:internal/modules/cjs/loader:1524:15)
[2026-08-10 22:54:31.646] [error] at wrapResolveFilename (node:internal/modules/cjs/loader:1078:27)
[2026-08-10 22:54:31.647] [error] at defaultResolveImplForCJSLoading (node:internal/modules/cjs/loader:1102:10)
[2026-08-10 22:54:31.649] [error] at resolveForCJSWithHooks (node:internal/modules/cjs/loader:1129:12)
[2026-08-10 22:54:31.649] [error] at Module._load (node:internal/modules/cjs/loader:1301:5)
[2026-08-10 22:54:31.650] [error] at c._load (node:electron/js2c/node_init:2:18060)
[2026-08-10 22:54:31.651] [error] at wrapModuleLoad (node:internal/modules/cjs/loader:262:19)
[2026-08-10 22:54:31.652] [error] at Module.require (node:internal/modules/cjs/loader:1624:12)
[2026-08-10 22:54:31.652] [error] at require (node:internal/modules/helpers:153:16)
[2026-08-10 22:54:31.653] [error] at Object.<anonymous> (C:\Users\커피에반하다\AppData\Local\Programs\haste-client\resources\app.asar\node_modules\discord.js\src\index.js:3:29) {
[2026-08-10 22:54:31.654] [error] code: 'MODULE_NOT_FOUND',
[2026-08-10 22:54:31.655] [error] requireStack: [
[2026-08-10 22:54:31.655] [error] 'C:\\Users\\커피에반하다\\AppData\\Local\\Programs\\haste-client\\resources\\app.asar\\node_modules\\discord.js\\src\\index.js',
[2026-08-10 22:54:31.656] [error] 'C:\\Users\\커피에반하다\\AppData\\Local\\Programs\\haste-client\\resources\\app.asar\\haste_agent_bridge.js'
[2026-08-10 22:54:31.657] [error] ]
[2026-08-10 22:54:31.657] [error] }
[2026-08-10 22:54:31.659] [error] Node.js v24.18.0
[2026-08-10 22:54:37.837] [error] node:internal/modules/cjs/loader:1527
[2026-08-10 22:54:37.837] [error] throw err;
[2026-08-10 22:54:37.839] [error] ^
[2026-08-10 22:54:37.839] [error] Error: Cannot find module '@discordjs/util'
[2026-08-10 22:54:37.840] [error] Require stack:
[2026-08-10 22:54:37.841] [error] - C:\Users\커피에반하다\AppData\Local\Programs\haste-client\resources\app.asar\node_modules\discord.js\src\index.js
[2026-08-10 22:54:37.841] [error] - C:\Users\커피에반하다\AppData\Local\Programs\haste-client\resources\app.asar\haste_agent_bridge.js
[2026-08-10 22:54:37.842] [error] at Module._resolveFilename (node:internal/modules/cjs/loader:1524:15)
[2026-08-10 22:54:37.843] [error] at wrapResolveFilename (node:internal/modules/cjs/loader:1078:27)
[2026-08-10 22:54:37.844] [error] at defaultResolveImplForCJSLoading (node:internal/modules/cjs/loader:1102:10)
[2026-08-10 22:54:37.844] [error] at resolveForCJSWithHooks (node:internal/modules/cjs/loader:1129:12)
[2026-08-10 22:54:37.845] [error] at Module._load (node:internal/modules/cjs/loader:1301:5)
[2026-08-10 22:54:37.846] [error] at c._load (node:electron/js2c/node_init:2:18060)
[2026-08-10 22:54:37.846] [error] at wrapModuleLoad (node:internal/modules/cjs/loader:262:19)
[2026-08-10 22:54:37.847] [error] at Module.require (node:internal/modules/cjs/loader:1624:12)
[2026-08-10 22:54:37.848] [error] at require (node:internal/modules/helpers:153:16)
[2026-08-10 22:54:37.848] [error] at Object.<anonymous> (C:\Users\커피에반하다\AppData\Local\Programs\haste-client\resources\app.asar\node_modules\discord.js\src\index.js:3:29) {
[2026-08-10 22:54:37.849] [error] code: 'MODULE_NOT_FOUND',
[2026-08-10 22:54:37.850] [error] requireStack: [
[2026-08-10 22:54:37.851] [error] 'C:\\Users\\커피에반하다\\AppData\\Local\\Programs\\haste-client\\resources\\app.asar\\node_modules\\discord.js\\src\\index.js',
[2026-08-10 22:54:37.852] [error] 'C:\\Users\\커피에반하다\\AppData\\Local\\Programs\\haste-client\\resources\\app.asar\\haste_agent_bridge.js'
[2026-08-10 22:54:37.853] [error] ]
[2026-08-10 22:54:37.853] [error] }
[2026-08-10 22:54:37.854] [error] Node.js v24.18.0
[2026-08-10 22:54:43.122] [error] node:internal/modules/cjs/loader:1527
[2026-08-10 22:54:43.123] [error] throw err;
[2026-08-10 22:54:43.124] [error] ^
[2026-08-10 22:54:43.125] [error] Error: Cannot find module '@discordjs/util'
[2026-08-10 22:54:43.125] [error] Require stack:
[2026-08-10 22:54:43.126] [error] - C:\Users\커피에반하다\AppData\Local\Programs\haste-client\resources\app.asar\node_modules\discord.js\src\index.js
[2026-08-10 22:54:43.127] [error] - C:\Users\커피에반하다\AppData\Local\Programs\haste-client\resources\app.asar\haste_agent_bridge.js
[2026-08-10 22:54:43.127] [error] at Module._resolveFilename (node:internal/modules/cjs/loader:1524:15)
[2026-08-10 22:54:43.128] [error] at wrapResolveFilename (node:internal/modules/cjs/loader:1078:27)
[2026-08-10 22:54:43.128] [error] at defaultResolveImplForCJSLoading (node:internal/modules/cjs/loader:1102:10)
[2026-08-10 22:54:43.129] [error] at resolveForCJSWithHooks (node:internal/modules/cjs/loader:1129:12)
[2026-08-10 22:54:43.129] [error] at Module._load (node:internal/modules/cjs/loader:1301:5)
[2026-08-10 22:54:43.130] [error] at c._load (node:electron/js2c/node_init:2:18060)
[2026-08-10 22:54:43.131] [error] at wrapModuleLoad (node:internal/modules/cjs/loader:262:19)
[2026-08-10 22:54:43.131] [error] at Module.require (node:internal/modules/cjs/loader:1624:12)
[2026-08-10 22:54:43.132] [error] at require (node:internal/modules/helpers:153:16)
[2026-08-10 22:54:43.133] [error] at Object.<anonymous> (C:\Users\커피에반하다\AppData\Local\Programs\haste-client\resources\app.asar\node_modules\discord.js\src\index.js:3:29) {
[2026-08-10 22:54:43.133] [error] code: 'MODULE_NOT_FOUND',
[2026-08-10 22:54:43.134] [error] requireStack: [
[2026-08-10 22:54:43.134] [error] 'C:\\Users\\커피에반하다\\AppData\\Local\\Programs\\haste-client\\resources\\app.asar\\node_modules\\discord.js\\src\\index.js',
[2026-08-10 22:54:43.135] [error] 'C:\\Users\\커피에반하다\\AppData\\Local\\Programs\\haste-client\\resources\\app.asar\\haste_agent_bridge.js'
[2026-08-10 22:54:43.135] [error] ]
[2026-08-10 22:54:43.136] [error] }
[2026-08-10 22:54:43.136] [error] Node.js v24.18.0
[2026-08-10 22:54:48.653] [error] node:internal/modules/cjs/loader:1527
[2026-08-10 22:54:48.654] [error] throw err;
[2026-08-10 22:54:48.655] [error] ^
[2026-08-10 22:54:48.656] [error] Error: Cannot find module '@discordjs/util'
[2026-08-10 22:54:48.657] [error] Require stack:
[2026-08-10 22:54:48.659] [error] - C:\Users\커피에반하다\AppData\Local\Programs\haste-client\resources\app.asar\node_modules\discord.js\src\index.js
[2026-08-10 22:54:48.660] [error] - C:\Users\커피에반하다\AppData\Local\Programs\haste-client\resources\app.asar\haste_agent_bridge.js
[2026-08-10 22:54:48.661] [error] at Module._resolveFilename (node:internal/modules/cjs/loader:1524:15)
[2026-08-10 22:54:48.662] [error] at wrapResolveFilename (node:internal/modules/cjs/loader:1078:27)
[2026-08-10 22:54:48.662] [error] at defaultResolveImplForCJSLoading (node:internal/modules/cjs/loader:1102:10)
[2026-08-10 22:54:48.663] [error] at resolveForCJSWithHooks (node:internal/modules/cjs/loader:1129:12)
[2026-08-10 22:54:48.663] [error] at Module._load (node:internal/modules/cjs/loader:1301:5)
[2026-08-10 22:54:48.664] [error] at c._load (node:electron/js2c/node_init:2:18060)
[2026-08-10 22:54:48.665] [error] at wrapModuleLoad (node:internal/modules/cjs/loader:262:19)
[2026-08-10 22:54:48.665] [error] at Module.require (node:internal/modules/cjs/loader:1624:12)
[2026-08-10 22:54:48.666] [error] at require (node:internal/modules/helpers:153:16)
[2026-08-10 22:54:48.667] [error] at Object.<anonymous> (C:\Users\커피에반하다\AppData\Local\Programs\haste-client\resources\app.asar\node_modules\discord.js\src\index.js:3:29) {
[2026-08-10 22:54:48.669] [error] code: 'MODULE_NOT_FOUND',
[2026-08-10 22:54:48.670] [error] requireStack: [
[2026-08-10 22:54:48.671] [error] 'C:\\Users\\커피에반하다\\AppData\\Local\\Programs\\haste-client\\resources\\app.asar\\node_modules\\discord.js\\src\\index.js',
[2026-08-10 22:54:48.672] [error] 'C:\\Users\\커피에반하다\\AppData\\Local\\Programs\\haste-client\\resources\\app.asar\\haste_agent_bridge.js'
[2026-08-10 22:54:48.672] [error] ]
[2026-08-10 22:54:48.673] [error] }
[2026-08-10 22:54:48.674] [error] Node.js v24.18.0
[2026-08-10 22:54:55.181] [error] node:internal/modules/cjs/loader:1527
[2026-08-10 22:54:55.184] [error] throw err;
[2026-08-10 22:54:55.187] [error] ^
[2026-08-10 22:54:55.189] [error] Error: Cannot find module '@discordjs/util'
[2026-08-10 22:54:55.191] [error] Require stack:
[2026-08-10 22:54:55.193] [error] - C:\Users\커피에반하다\AppData\Local\Programs\haste-client\resources\app.asar\node_modules\discord.js\src\index.js
[2026-08-10 22:54:55.194] [error] - C:\Users\커피에반하다\AppData\Local\Programs\haste-client\resources\app.asar\haste_agent_bridge.js
[2026-08-10 22:54:55.196] [error] at Module._resolveFilename (node:internal/modules/cjs/loader:1524:15)
[2026-08-10 22:54:55.198] [error] at wrapResolveFilename (node:internal/modules/cjs/loader:1078:27)
[2026-08-10 22:54:55.199] [error] at defaultResolveImplForCJSLoading (node:internal/modules/cjs/loader:1102:10)
[2026-08-10 22:54:55.201] [error] at resolveForCJSWithHooks (node:internal/modules/cjs/loader:1129:12)
[2026-08-10 22:54:55.203] [error] at Module._load (node:internal/modules/cjs/loader:1301:5)
[2026-08-10 22:54:55.205] [error] at c._load (node:electron/js2c/node_init:2:18060)
[2026-08-10 22:54:55.206] [error] at wrapModuleLoad (node:internal/modules/cjs/loader:262:19)
[2026-08-10 22:54:55.208] [error] at Module.require (node:internal/modules/cjs/loader:1624:12)
[2026-08-10 22:54:55.211] [error] at require (node:internal/modules/helpers:153:16)
[2026-08-10 22:54:55.213] [error] at Object.<anonymous> (C:\Users\커피에반하다\AppData\Local\Programs\haste-client\resources\app.asar\node_modules\discord.js\src\index.js:3:29) {
[2026-08-10 22:54:55.214] [error] code: 'MODULE_NOT_FOUND',
[2026-08-10 22:54:55.217] [error] requireStack: [
[2026-08-10 22:54:55.219] [error] 'C:\\Users\\커피에반하다\\AppData\\Local\\Programs\\haste-client\\resources\\app.asar\\node_modules\\discord.js\\src\\index.js',
[2026-08-10 22:54:55.221] [error] 'C:\\Users\\커피에반하다\\AppData\\Local\\Programs\\haste-client\\resources\\app.asar\\haste_agent_bridge.js'
[2026-08-10 22:54:55.225] [error] ]
[2026-08-10 22:54:55.227] [error] }
[2026-08-10 22:54:55.231] [error] Node.js v24.18.0
[2026-08-10 22:55:02.769] [error] node:internal/modules/cjs/loader:1527
[2026-08-10 22:55:02.770] [error] throw err;
[2026-08-10 22:55:02.773] [error] ^
[2026-08-10 22:55:02.777] [error] Error: Cannot find module '@discordjs/util'
[2026-08-10 22:55:02.778] [error] Require stack:
[2026-08-10 22:55:02.779] [error] - C:\Users\커피에반하다\AppData\Local\Programs\haste-client\resources\app.asar\node_modules\discord.js\src\index.js
[2026-08-10 22:55:02.780] [error] - C:\Users\커피에반하다\AppData\Local\Programs\haste-client\resources\app.asar\haste_agent_bridge.js
[2026-08-10 22:55:02.781] [error] at Module._resolveFilename (node:internal/modules/cjs/loader:1524:15)
[2026-08-10 22:55:02.783] [error] at wrapResolveFilename (node:internal/modules/cjs/loader:1078:27)
[2026-08-10 22:55:02.786] [error] at defaultResolveImplForCJSLoading (node:internal/modules/cjs/loader:1102:10)
[2026-08-10 22:55:02.787] [error] at resolveForCJSWithHooks (node:internal/modules/cjs/loader:1129:12)
[2026-08-10 22:55:02.788] [error] at Module._load (node:internal/modules/cjs/loader:1301:5)
[2026-08-10 22:55:02.789] [error] at c._load (node:electron/js2c/node_init:2:18060)
[2026-08-10 22:55:02.790] [error] at wrapModuleLoad (node:internal/modules/cjs/loader:262:19)
[2026-08-10 22:55:02.790] [error] at Module.require (node:internal/modules/cjs/loader:1624:12)
[2026-08-10 22:55:02.791] [error] at require (node:internal/modules/helpers:153:16)
[2026-08-10 22:55:02.792] [error] at Object.<anonymous> (C:\Users\커피에반하다\AppData\Local\Programs\haste-client\resources\app.asar\node_modules\discord.js\src\index.js:3:29) {
[2026-08-10 22:55:02.793] [error] code: 'MODULE_NOT_FOUND',
[2026-08-10 22:55:02.794] [error] requireStack: [
[2026-08-10 22:55:02.794] [error] 'C:\\Users\\커피에반하다\\AppData\\Local\\Programs\\haste-client\\resources\\app.asar\\node_modules\\discord.js\\src\\index.js',
[2026-08-10 22:55:02.795] [error] 'C:\\Users\\커피에반하다\\AppData\\Local\\Programs\\haste-client\\resources\\app.asar\\haste_agent_bridge.js'
[2026-08-10 22:55:02.796] [error] ]
[2026-08-10 22:55:02.797] [error] }
[2026-08-10 22:55:02.798] [error] Node.js v24.18.0
[2026-08-10 22:55:08.432] [error] node:internal/modules/cjs/loader:1527
[2026-08-10 22:55:08.433] [error] throw err;
[2026-08-10 22:55:08.433] [error] ^
[2026-08-10 22:55:08.434] [error] Error: Cannot find module '@discordjs/util'
[2026-08-10 22:55:08.435] [error] Require stack:
[2026-08-10 22:55:08.436] [error] - C:\Users\커피에반하다\AppData\Local\Programs\haste-client\resources\app.asar\node_modules\discord.js\src\index.js
[2026-08-10 22:55:08.436] [error] - C:\Users\커피에반하다\AppData\Local\Programs\haste-client\resources\app.asar\haste_agent_bridge.js
[2026-08-10 22:55:08.437] [error] at Module._resolveFilename (node:internal/modules/cjs/loader:1524:15)
[2026-08-10 22:55:08.438] [error] at wrapResolveFilename (node:internal/modules/cjs/loader:1078:27)
[2026-08-10 22:55:08.439] [error] at defaultResolveImplForCJSLoading (node:internal/modules/cjs/loader:1102:10)
[2026-08-10 22:55:08.439] [error] at resolveForCJSWithHooks (node:internal/modules/cjs/loader:1129:12)
[2026-08-10 22:55:08.440] [error] at Module._load (node:internal/modules/cjs/loader:1301:5)
[2026-08-10 22:55:08.441] [error] at c._load (node:electron/js2c/node_init:2:18060)
[2026-08-10 22:55:08.441] [error] at wrapModuleLoad (node:internal/modules/cjs/loader:262:19)
[2026-08-10 22:55:08.442] [error] at Module.require (node:internal/modules/cjs/loader:1624:12)
[2026-08-10 22:55:08.443] [error] at require (node:internal/modules/helpers:153:16)
[2026-08-10 22:55:08.444] [error] at Object.<anonymous> (C:\Users\커피에반하다\AppData\Local\Programs\haste-client\resources\app.asar\node_modules\discord.js\src\index.js:3:29) {
[2026-08-10 22:55:08.445] [error] code: 'MODULE_NOT_FOUND',
[2026-08-10 22:55:08.446] [error] requireStack: [
[2026-08-10 22:55:08.446] [error] 'C:\\Users\\커피에반하다\\AppData\\Local\\Programs\\haste-client\\resources\\app.asar\\node_modules\\discord.js\\src\\index.js',
[2026-08-10 22:55:08.447] [error] 'C:\\Users\\커피에반하다\\AppData\\Local\\Programs\\haste-client\\resources\\app.asar\\haste_agent_bridge.js'
[2026-08-10 22:55:08.448] [error] ]
[2026-08-10 22:55:08.448] [error] }
[2026-08-10 22:55:08.449] [error] Node.js v24.18.0
[2026-08-10 22:55:14.302] [error] node:internal/modules/cjs/loader:1527
[2026-08-10 22:55:14.302] [error] throw err;
[2026-08-10 22:55:14.303] [error] ^
[2026-08-10 22:55:14.304] [error] Error: Cannot find module '@discordjs/util'
[2026-08-10 22:55:14.305] [error] Require stack:
[2026-08-10 22:55:14.305] [error] - C:\Users\커피에반하다\AppData\Local\Programs\haste-client\resources\app.asar\node_modules\discord.js\src\index.js
[2026-08-10 22:55:14.306] [error] - C:\Users\커피에반하다\AppData\Local\Programs\haste-client\resources\app.asar\haste_agent_bridge.js
[2026-08-10 22:55:14.307] [error] at Module._resolveFilename (node:internal/modules/cjs/loader:1524:15)
[2026-08-10 22:55:14.307] [error] at wrapResolveFilename (node:internal/modules/cjs/loader:1078:27)
[2026-08-10 22:55:14.308] [error] at defaultResolveImplForCJSLoading (node:internal/modules/cjs/loader:1102:10)
[2026-08-10 22:55:14.309] [error] at resolveForCJSWithHooks (node:internal/modules/cjs/loader:1129:12)
[2026-08-10 22:55:14.309] [error] at Module._load (node:internal/modules/cjs/loader:1301:5)
[2026-08-10 22:55:14.310] [error] at c._load (node:electron/js2c/node_init:2:18060)
[2026-08-10 22:55:14.310] [error] at wrapModuleLoad (node:internal/modules/cjs/loader:262:19)
[2026-08-10 22:55:14.311] [error] at Module.require (node:internal/modules/cjs/loader:1624:12)
[2026-08-10 22:55:14.312] [error] at require (node:internal/modules/helpers:153:16)
[2026-08-10 22:55:14.312] [error] at Object.<anonymous> (C:\Users\커피에반하다\AppData\Local\Programs\haste-client\resources\app.asar\node_modules\discord.js\src\index.js:3:29) {
[2026-08-10 22:55:14.313] [error] code: 'MODULE_NOT_FOUND',
[2026-08-10 22:55:14.313] [error] requireStack: [
[2026-08-10 22:55:14.314] [error] 'C:\\Users\\커피에반하다\\AppData\\Local\\Programs\\haste-client\\resources\\app.asar\\node_modules\\discord.js\\src\\index.js',
[2026-08-10 22:55:14.315] [error] 'C:\\Users\\커피에반하다\\AppData\\Local\\Programs\\haste-client\\resources\\app.asar\\haste_agent_bridge.js'
[2026-08-10 22:55:14.315] [error] ]
[2026-08-10 22:55:14.318] [error] }
[2026-08-10 22:55:14.319] [error] Node.js v24.18.0
[2026-08-10 22:55:19.912] [error] node:internal/modules/cjs/loader:1527
[2026-08-10 22:55:19.912] [error] throw err;
[2026-08-10 22:55:19.914] [error] ^
[2026-08-10 22:55:19.915] [error] Error: Cannot find module '@discordjs/util'
[2026-08-10 22:55:19.916] [error] Require stack:
[2026-08-10 22:55:19.917] [error] - C:\Users\커피에반하다\AppData\Local\Programs\haste-client\resources\app.asar\node_modules\discord.js\src\index.js
[2026-08-10 22:55:19.918] [error] - C:\Users\커피에반하다\AppData\Local\Programs\haste-client\resources\app.asar\haste_agent_bridge.js
[2026-08-10 22:55:19.919] [error] at Module._resolveFilename (node:internal/modules/cjs/loader:1524:15)
[2026-08-10 22:55:19.920] [error] at wrapResolveFilename (node:internal/modules/cjs/loader:1078:27)
[2026-08-10 22:55:19.922] [error] at defaultResolveImplForCJSLoading (node:internal/modules/cjs/loader:1102:10)
[2026-08-10 22:55:19.924] [error] at resolveForCJSWithHooks (node:internal/modules/cjs/loader:1129:12)
[2026-08-10 22:55:19.925] [error] at Module._load (node:internal/modules/cjs/loader:1301:5)
[2026-08-10 22:55:19.927] [error] at c._load (node:electron/js2c/node_init:2:18060)
[2026-08-10 22:55:19.928] [error] at wrapModuleLoad (node:internal/modules/cjs/loader:262:19)
[2026-08-10 22:55:19.929] [error] at Module.require (node:internal/modules/cjs/loader:1624:12)
[2026-08-10 22:55:19.929] [error] at require (node:internal/modules/helpers:153:16)
[2026-08-10 22:55:19.930] [error] at Object.<anonymous> (C:\Users\커피에반하다\AppData\Local\Programs\haste-client\resources\app.asar\node_modules\discord.js\src\index.js:3:29) {
[2026-08-10 22:55:19.930] [error] code: 'MODULE_NOT_FOUND',
[2026-08-10 22:55:19.931] [error] requireStack: [
[2026-08-10 22:55:19.932] [error] 'C:\\Users\\커피에반하다\\AppData\\Local\\Programs\\haste-client\\resources\\app.asar\\node_modules\\discord.js\\src\\index.js',
[2026-08-10 22:55:19.933] [error] 'C:\\Users\\커피에반하다\\AppData\\Local\\Programs\\haste-client\\resources\\app.asar\\haste_agent_bridge.js'
[2026-08-10 22:55:19.934] [error] ]
[2026-08-10 22:55:19.935] [error] }
[2026-08-10 22:55:19.936] [error] Node.js v24.18.0