[2026-08-25 22:14:19.638] [info]  [HASTE DB Load] Loaded settings from SQLite database successfully. StoreName: "수원금곡삼익점", StoreNo: "105041", ThemeMode: "Light", isKioskDryRun: "false"
[2026-08-25 22:14:20.043] [info]  [app] event=app.startup status=started appVersion=3.3.0r25 packaged=true
[2026-08-25 22:14:20.049] [info]  [HASTE Media Sync] Synchronized 0 DID media files from ASAR to external resources.
[2026-08-25 22:14:20.119] [info]  [app] event=app.window status=success
[2026-08-25 22:14:20.161] [info]  [app] event=app.tray status=success
[2026-08-25 22:14:20.162] [info]  [app] event=updater.check status=ignored reason=store_managed_distribution
[2026-08-25 22:14:20.168] [info]  [app] event=app.ipc status=success
[2026-08-25 22:14:20.334] [info]  [app] event=task.start status=success
[2026-08-25 22:14:20.336] [debug] [api] [api] event=settings.change status=success port=8080 posStoreNo=105041 deviceModelId=D0000
[2026-08-25 22:14:20.339] [info]  [api] [HASTE] Found SSL Certificates at: C:\Users\커피에반하다\AppData\Local\haste_client3.1\resources\resources
[2026-08-25 22:14:20.343] [info]  [api] [HASTE] Started HTTP Hono Server on port 8080 (Toss Place HTTP Mode).
[2026-08-25 22:14:20.345] [info]  [api] [HASTE] Started HTTPS Hono Server on port 8443 (Toss Kiosk Mode).
[2026-08-25 22:14:20.347] [debug] [api] [api] event=api.server status=success port=8080 host=0.0.0.0
[2026-08-25 22:14:20.348] [debug] [coffee] [coffee] event=settings.change status=success field=thirdpartyType value=Lilly_(WMF)
[2026-08-25 22:14:20.351] [debug] [coffee] [coffee] event=coffee.socket status=started transport=ws machineName=WMF model=Lilly_(WMF) ip=192.168.10.99 port=25000
[2026-08-25 22:14:20.357] [debug] [coffee] [coffee] event=temperature.change status=success
[2026-08-25 22:14:20.358] [debug] [api] [api] event=did.callback status=ignored reason=local_did_not_open screen=temperature
[2026-08-25 22:14:20.362] [info]  [HASTE DB Save] Settings category "inventory" has been updated and saved to SQLite successfully.
[2026-08-25 22:14:20.365] [info]  [HASTE DB Save] Settings category "inventory" has been updated and saved to SQLite successfully.
[2026-08-25 22:14:20.366] [info]  [serialport] [serialport] event=serialport.connect status=started scope=all
[2026-08-25 22:14:20.370] [info]  [HASTE DB Save] Settings category "inventory" has been updated and saved to SQLite successfully.
[2026-08-25 22:14:20.372] [info]  [HASTE DB Save] Settings category "inventory" has been updated and saved to SQLite successfully.
[2026-08-25 22:14:20.373] [debug] [api] [HASTE Theme Sync] Applied local UI theme: isDark=false
[2026-08-25 22:14:20.374] [debug] [api] [api] event=did.callback status=started target=local screen=/ reason=local_api_down
[2026-08-25 22:14:20.376] [info]  [app] event=app.startup status=success message="subscriptions registered"
[2026-08-25 22:14:20.377] [debug] [task] [task] event=scheduler.change status=success routine=FOAMER_RINSING intervalSec=1500 normalizedIntervalSec=1500
[2026-08-25 22:14:20.380] [debug] [task] [task] event=scheduler.change status=success routine=WARM_RINSING intervalSec=0 normalizedIntervalSec=0
[2026-08-25 22:14:20.381] [debug] [task] [task] event=scheduler.change status=success routine=MIXER_RINSING intervalSec=0 normalizedIntervalSec=0
[2026-08-25 22:14:20.382] [debug] [task] [task] event=scheduler.change status=success routine=ERROR_CHECK intervalSec=600 normalizedIntervalSec=600
[2026-08-25 22:14:20.384] [debug] [task] [task] event=scheduler.change status=success routine=ICE_MAKER intervalSec=1800 normalizedIntervalSec=1800
[2026-08-25 22:14:20.386] [debug] [task] [task] event=scheduler.change status=success routine=TEMP_CHECK intervalSec=600 normalizedIntervalSec=600
[2026-08-25 22:14:20.387] [debug] [app] event=scheduler.change status=success routine=license.verify intervalSec=86400
[2026-08-25 22:14:20.387] [info]  [app] event=app.startup status=success message="schedulers registered"
[2026-08-25 22:14:20.389] [info]  [HASTE Guard] enableHasteAgent is false (OFF). Skipping agent bot launch.
[2026-08-25 22:14:20.453] [debug] [coffee] [coffee] event=coffee.socket status=success transport=ws machineName=WMF action=connected
[2026-08-25 22:14:20.490] [debug] [api] [HASTE DevTools Sync] Current window DevTools opened state: false, Target state: false
[2026-08-25 22:14:20.514] [debug] [coffee] [coffee] event=hardware.response status=success machineName=Lilly_(WMF) command=getApiVersion returnvalue=40401
[2026-08-25 22:14:20.812] [debug] [api] [api] event=did.callback status=started target=local screen=main
[2026-08-25 22:14:20.813] [debug] [serialport] [serialport] event=serialport.connect status=success boardName=board1 port=COM5
[2026-08-25 22:14:20.850] [debug] [serialport] [serialport] event=serialport.packet status=success boardName=board1 length=24 message="bytearray(b'\\x020A1DCP0201A00101A10344\\x03')"
[2026-08-25 22:14:20.920] [info]  [HASTE DB Save] Settings category "information" has been updated and saved to SQLite successfully.
[2026-08-25 22:14:20.975] [debug] [serialport] [serialport] event=serialport.packet status=success boardName=board1 length=24 message="bytearray(b'\\x020A1DPC0200A00101A00342\\x03')"
[2026-08-25 22:14:20.976] [debug] [serialport] [serialport] event=serialport.packet.parse status=success boardName=board1 message="{\"isValidStx\":true,\"isValidEtx\":true,\"isValidDst\":true,\"isValidSrc\":true,\"isValidLength\":true,\"fnc\":\"1\",\"act\":\"D\",\"data\":{\"0\":48,\"1\":50,\"2\":48,\"3\":48,\"4\":65,\"5\":48,\"6\":48,\"7\":49,\"8\":48,\"9\":49,\"10\":65,\"11\":48,\"12\":48,\"13\":51,\"14\":52},\"values\":[\"02\",\"00\",\"A0\",\"01\",\"01\",\"A0\",\"03\"],\"part\":{},\"isValidChecksum\":true}"
[2026-08-25 22:14:20.987] [info]  [HASTE DB Save] Settings category "information" has been updated and saved to SQLite successfully.
[2026-08-25 22:14:20.988] [info]  [app] event=license.verify status=success state=approved storeId=105041
[2026-08-25 22:14:20.989] [debug] [coffee] [coffee] event=hardware.response status=success machineName=Lilly_(WMF) command=getDiagnosticData returnvalue=0
[2026-08-25 22:14:20.991] [debug] [coffee] [coffee] event=temperature.change status=success value=96
[2026-08-25 22:14:20.992] [debug] [api] [api] event=did.callback status=ignored reason=local_did_not_open screen=temperature
[2026-08-25 22:14:22.111] [debug] [coffee] [coffee] event=hardware.response status=success machineName=Lilly_(WMF) command=getMachineInfo returnvalue=0
[2026-08-25 22:14:37.832] [debug] [api] [HASTE Theme Sync] Applied local UI theme: isDark=false
[2026-08-25 22:14:37.836] [info]  [HASTE DB Save] Settings category "information" has been updated and saved to SQLite successfully.
[2026-08-25 22:14:37.890] [debug] [api] [HASTE DevTools Sync] Current window DevTools opened state: false, Target state: false
[2026-08-25 22:14:38.092] [info]  [HASTE DB Save] Settings category "information" has been updated and saved to SQLite successfully.
[2026-08-25 22:14:38.094] [info]  [HASTE DB Save] Settings category "information" has been updated and saved to SQLite successfully.
[2026-08-25 22:14:38.097] [info]  [HASTE DB Save] Settings category "information" has been updated and saved to SQLite successfully.