[2026-08-19 00:08:10.800] [info]  [kiosk] event=order.received status=success source=toss mode=dry_run orderId=744935606863103497 menuCount=1 mappings=[{"baseCode":"MDH2015","recipeCode":"MDH2015","matchedMenuName":"HOT바나나샷라떼(다크시그니처)_MV","stepsSummary":"CUP:,_HOT_MILK:320,_SIRUP7:10,_SIRUP13:70,_COFFEE:45"}]
[2026-08-19 00:08:57.507] [info]  [kiosk] event=order.received status=success source=toss mode=dry_run orderId=744935805236902578 menuCount=1 mappings=[{"baseCode":"MAI4015","recipeCode":"MAI4015","matchedMenuName":"ICED오렌지피치에이드_MV","stepsSummary":"CUP:1,_ICE:5100,_SPARKLE:220,_SIRUP2:45,_SIRUP22:25"}]
[2026-08-19 00:09:41.755] [info]  [kiosk] event=order.received status=success kioskCode=MMI3007 recipeCode=MMI3007 matchedMenuName=ICED군고구마라떼(말차)_MV actualSteps=["NONE:ICE","WATER:5100","COLD_MILK:200","SIRUBS:40","SIRUBS:30","NONE:NONE","NONE:NONE","NONE:NONE","NONE:NONE","NONE:NONE"] orderId=INSTANT-1787065781443 bill=0000 isTestBrew=true
[2026-08-19 00:11:13.324] [info]  [kiosk] event=order.received status=success kioskCode=MMI3015 recipeCode=MMI3015 matchedMenuName=ICED밤라떼(얼그레이)_MV actualSteps=["NONE:ICE","WATER:5100","COLD_MILK:200","SIRUBS:20","SIRUBS:55","NONE:NONE","NONE:NONE","NONE:NONE","NONE:NONE","NONE:NONE"] orderId=INSTANT-1787065872999 bill=0000 isTestBrew=true
[2026-08-19 00:12:15.871] [info]  [kiosk] event=order.received status=success kioskCode=MMI3017 recipeCode=MMI3017 matchedMenuName=ICED군고구마라떼(녹차)_MV actualSteps=["NONE:ICE","WATER:5100","COLD_MILK:200","SIRUBS:30","SIRUBS:40","NONE:NONE","NONE:NONE","NONE:NONE","NONE:NONE","NONE:NONE"] orderId=INSTANT-1787065935561 bill=0000 isTestBrew=true
[2026-08-19 00:12:22.449] [info]  [kiosk] event=order.received status=success kioskCode=MMI3017 recipeCode=MMI3017 matchedMenuName=ICED군고구마라떼(녹차)_MV actualSteps=["NONE:ICE","WATER:5100","COLD_MILK:200","SIRUBS:30","SIRUBS:40","NONE:NONE","NONE:NONE","NONE:NONE","NONE:NONE","NONE:NONE"] orderId=INSTANT-1787065942442 bill=0000 isTestBrew=true
[2026-08-19 00:14:55.729] [info]  [manual] event=order.received status=success source=manual mode=dry_run orderId=INSTANT-1787066095401 bill=0000 menuCount=1 mappings=[{"baseCode":"MMI3013","recipeCode":"MMI3013","matchedMenuName":"ICED밤라떼(초코)_MV","stepsSummary":"CUP:ICE,_ICE:5100,_COLD_MILK:200,_SIRUP1:20,_SIRUP21:40,_NONE:NONE,_NONE:NONE,_NONE:NONE,_NONE:NONE,_NONE:NONE"}] isTestBrew=true
[2026-08-19 00:15:01.809] [info]  [toss] event=order.received status=success source=toss mode=dry_run orderId=744937332580121809 menuCount=1 mappings=[{"baseCode":"MAI4021","recipeCode":"MAI4021","matchedMenuName":"ICED허니자몽블랙에이드_MV","stepsSummary":"CUP:1,_ICE:5100,_SPARKLE:200,_SIRUP5:30,_SIRUP12:30,_SIRUP15:20"}]
[2026-08-19 00:44:43.563] [info]  [toss] event=order.received status=success source=toss mode=dry_run orderId=744944804795611384 menuCount=1 mappings=[{"baseCode":"MDH2016","recipeCode":"MDH2016","matchedMenuName":"HOT슈크림샷라떼(다크시그니처)_MV","stepsSummary":"CUP:,_HOT_MILK:340,_SIRUP11:65,_COFFEE:45"}]
[2026-08-19 00:48:25.798] [info]  [toss] event=order.received status=success source=toss mode=dry_run orderId=744945736807711877 menuCount=2 mappings=[{"baseCode":"MDH1002","recipeCode":"MDH1002","matchedMenuName":"HOT아메리카노(다크시그니처)_MV","stepsSummary":"CUP:,_HOT:300,_COFFEE:62"},{"baseCode":"MAI4007","recipeCode":"MAI4007","matchedMenuName":"ICED자두에이드_MV","stepsSummary":"CUP:1,_ICE:5100,_SPARKLE:200,_SIRUP18:65"}]
[2026-08-19 00:51:32.346] [error] [HASTE] Validate Catalog Error: Cannot read properties of undefined (reading 'json')
[2026-08-19 00:52:07.737] [info]  [toss] event=order.received status=success source=toss mode=dry_run orderId=744946668081599903 menuCount=1 mappings=[{"baseCode":"MMH3008","recipeCode":"MMH3008","matchedMenuName":"HOT말차라떼_MV","stepsSummary":"CUP:,_HOT_MILK:380,_SIRUP20:60"}]
[2026-08-19 00:53:00.900] [error] [toss] event=catalog.validate status=failed posId=MSDHT3017 name=군고구마녹차라떼 posCode=MSDHT3017 reason=SOT_레시피_정보_없음_(7자리_영문코드_미등록)
[2026-08-19 00:53:00.907] [error] [toss] event=catalog.validate status=failed posId=MSDHT3007 name=군고구마말차라떼 posCode=MSDHT3007 reason=SOT_레시피_정보_없음_(7자리_영문코드_미등록)
[2026-08-19 00:53:00.911] [error] [toss] event=catalog.validate status=failed posId=MSDHT3014 name=밤군고구마 posCode=MSDHT3014 reason=SOT_레시피_정보_없음_(7자리_영문코드_미등록)
[2026-08-19 00:53:00.914] [error] [toss] event=catalog.validate status=failed posId=MSDHT3015 name=밤얼그레이 posCode=MSDHT3015 reason=SOT_레시피_정보_없음_(7자리_영문코드_미등록)
[2026-08-19 00:53:16.370] [info]  [toss] event=catalog.validate status=success total=219 matched=219 unmatched=0
[2026-08-19 00:53:27.145] [error] [toss] event=catalog.validate status=failed posId=MSDHT3017 name=군고구마녹차라떼 posCode=MSDHT3017 reason=SOT_레시피_정보_없음_(7자리_영문코드_미등록)
[2026-08-19 00:53:27.149] [error] [toss] event=catalog.validate status=failed posId=MSDHT3007 name=군고구마말차라떼 posCode=MSDHT3007 reason=SOT_레시피_정보_없음_(7자리_영문코드_미등록)
[2026-08-19 00:53:27.153] [error] [toss] event=catalog.validate status=failed posId=MSDHT3014 name=밤군고구마 posCode=MSDHT3014 reason=SOT_레시피_정보_없음_(7자리_영문코드_미등록)
[2026-08-19 00:53:27.155] [error] [toss] event=catalog.validate status=failed posId=MSDHT3015 name=밤얼그레이 posCode=MSDHT3015 reason=SOT_레시피_정보_없음_(7자리_영문코드_미등록)
[2026-08-19 00:54:30.685] [error] [toss] event=catalog.validate status=failed posId=MSDHT3017 name=군고구마녹차라떼 posCode=MSDHT3017 reason=SOT_레시피_정보_없음_(7자리_영문코드_미등록)
[2026-08-19 00:54:30.690] [error] [toss] event=catalog.validate status=failed posId=MSDHT3007 name=군고구마말차라떼 posCode=MSDHT3007 reason=SOT_레시피_정보_없음_(7자리_영문코드_미등록)
[2026-08-19 00:54:30.694] [error] [toss] event=catalog.validate status=failed posId=MSDHT3014 name=밤군고구마 posCode=MSDHT3014 reason=SOT_레시피_정보_없음_(7자리_영문코드_미등록)
[2026-08-19 00:54:30.696] [error] [toss] event=catalog.validate status=failed posId=MSDHT3015 name=밤얼그레이 posCode=MSDHT3015 reason=SOT_레시피_정보_없음_(7자리_영문코드_미등록)
[2026-08-19 01:00:47.528] [error] [toss] event=catalog.validate status=failed posId=MSDHT3017 name=군고구마녹차라떼 posCode=MSDHT3017 reason=SOT_레시피_정보_없음_(7자리_영문코드_미등록)
[2026-08-19 01:00:47.532] [error] [toss] event=catalog.validate status=failed posId=MSDHT3007 name=군고구마말차라떼 posCode=MSDHT3007 reason=SOT_레시피_정보_없음_(7자리_영문코드_미등록)
[2026-08-19 01:00:47.537] [error] [toss] event=catalog.validate status=failed posId=MSDHT3014 name=밤군고구마 posCode=MSDHT3014 reason=SOT_레시피_정보_없음_(7자리_영문코드_미등록)
[2026-08-19 01:00:47.538] [error] [toss] event=catalog.validate status=failed posId=MSDHT3015 name=밤얼그레이 posCode=MSDHT3015 reason=SOT_레시피_정보_없음_(7자리_영문코드_미등록)
[2026-08-19 01:02:03.821] [info]  [toss] event=order.received status=success source=toss mode=dry_run orderId=744949167282816281 menuCount=1 mappings=[{"baseCode":"MMH3012","recipeCode":"MMH3012","matchedMenuName":"HOT군고구마라떼_MV","stepsSummary":"CUP:,_HOT_MILK:340,_SIRUP19:80"}]
[2026-08-19 01:02:57.067] [error] [toss] event=catalog.validate status=failed location=토스_포스 posId=MSDHT3017 name=군고구마녹차라떼 posCode=MSDHT3017 reason=[토스_포스]_상품설명에_7자리_영문코드(예:_MDI1001)_미등록
[2026-08-19 01:02:57.072] [error] [toss] event=catalog.validate status=failed location=토스_포스 posId=MSDHT3007 name=군고구마말차라떼 posCode=MSDHT3007 reason=[토스_포스]_상품설명에_7자리_영문코드(예:_MDI1001)_미등록
[2026-08-19 01:02:57.076] [error] [toss] event=catalog.validate status=failed location=토스_포스 posId=MSDHT3014 name=밤군고구마 posCode=MSDHT3014 reason=[토스_포스]_상품설명에_7자리_영문코드(예:_MDI1001)_미등록
[2026-08-19 01:02:57.079] [error] [toss] event=catalog.validate status=failed location=토스_포스 posId=MSDHT3015 name=밤얼그레이 posCode=MSDHT3015 reason=[토스_포스]_상품설명에_7자리_영문코드(예:_MDI1001)_미등록
[2026-08-19 01:11:54.828] [info]  [toss] event=order.received status=success source=toss mode=dry_run orderId=front_test_1787069514796 menuCount=1 mappings=[{"baseCode":"MAI4007","recipeCode":"MAI4007","matchedMenuName":"ICED자두에이드_MV","stepsSummary":"CUP:1,_ICE:5100,_SPARKLE:200,_SIRUP18:65"}]
[2026-08-19 01:26:02.026] [info]  [toss] event=order.received status=success source=toss mode=dry_run orderId=744955202408118269 menuCount=1 mappings=[{"baseCode":"MDH2001","recipeCode":"MDH2001","matchedMenuName":"HOT카페라떼(다크시그니처)_MV","stepsSummary":"CUP:,_HOT_MILK:280,_COFFEE:62"}]