[2026-09-26 00:07:08.107] [info]  [TOSS RAW ORDER] orderId=758706247326091608, items=[{"name":"바닐라라떼","productNo":"16642172","options":[{"optionCode":"1756058","optionName":"ICE","price":0,"quantity":1}]}]
[2026-09-26 00:07:08.115] [info]  [TOSS ITEM RESOLVED] orderId=758706247326091608, item="바닐라라떼" (16642172) | rawOptions=[{"optionCode":"1756058","optionName":"ICE","price":0,"quantity":1}] ➔ resolved="ICE 바닐라라떼 (시그니처)" (MSI2003) steps={"step1":["CUP","ICE"],"step2":["COFFEE",60],"step3":["ICE",6000],"step4":["COLD_MILK",140],"step5":["바닐라",35]}
[2026-09-26 00:08:05.586] [info]  [toss] event=order.completed status=success source=toss virtual=off mode=order orderId=758706247326091608 bill=758706247326091608 menuCount=1
[2026-09-26 03:55:18.504] [info]  [TOSS RAW ORDER] orderId=758763682954847580, items=[{"name":"소프트콘(3줄)","productNo":"16642237","options":[]}]
[2026-09-26 03:55:18.511] [info]  [TOSS ITEM RESOLVED] orderId=758763682954847580, item="소프트콘(3줄)" (16642237) | rawOptions=[] ➔ resolved="undefined" (undefined) steps=undefined
[2026-09-26 03:55:18.524] [info]  [toss] event=order.completed status=success source=toss virtual=on mode=order orderId=758763682954847580 bill=758763682954847580 menuCount=0
[2026-09-26 04:24:15.344] [info]  [TOSS RAW ORDER] orderId=758770968012123524, items=[{"name":"아메리카노(연하게)","productNo":"17283380","options":[{"optionCode":"1756058","optionName":"ICE","price":0,"quantity":1}]}]
[2026-09-26 04:24:15.352] [info]  [TOSS ITEM RESOLVED] orderId=758770968012123524, item="아메리카노(연하게)" (17283380) | rawOptions=[{"optionCode":"1756058","optionName":"ICE","price":0,"quantity":1}] ➔ resolved="ICE 아메리카노 (시그니처) (연하게)" (MSI1001) steps={"step1":["CUP","ICE"],"step2":["COFFEE","45"],"step3":["ICE",6000],"step4":["COLD",170]}
[2026-09-26 04:24:55.790] [info]  [toss] event=order.completed status=success source=toss virtual=off mode=order orderId=758770968012123524 bill=758770968012123524 menuCount=1
[2026-09-26 07:55:05.607] [info]  [TOSS RAW ORDER] orderId=758824031452249785, items=[{"name":"아메리카노","productNo":"16642168","options":[{"optionCode":"1756058","optionName":"ICE","price":0,"quantity":1}]}]
[2026-09-26 07:55:05.616] [info]  [TOSS ITEM RESOLVED] orderId=758824031452249785, item="아메리카노" (16642168) | rawOptions=[{"optionCode":"1756058","optionName":"ICE","price":0,"quantity":1}] ➔ resolved="ICE 아메리카노 (시그니처)" (MSI1002) steps={"step1":["CUP","ICE"],"step2":["COFFEE","60"],"step3":["ICE",6000],"step4":["COLD",155]}
[2026-09-26 07:55:57.410] [info]  [toss] event=order.completed status=success source=toss virtual=off mode=order orderId=758824031452249785 bill=758824031452249785 menuCount=1
[2026-09-26 08:09:25.537] [info]  [TOSS RAW ORDER] orderId=758827647441416324, items=[{"name":"아메리카노","productNo":"16642168","options":[{"optionCode":"1756058","optionName":"ICE","price":0,"quantity":1}]}]
[2026-09-26 08:09:25.544] [info]  [TOSS ITEM RESOLVED] orderId=758827647441416324, item="아메리카노" (16642168) | rawOptions=[{"optionCode":"1756058","optionName":"ICE","price":0,"quantity":1}] ➔ resolved="ICE 아메리카노 (시그니처)" (MSI1002) steps={"step1":["CUP","ICE"],"step2":["COFFEE","60"],"step3":["ICE",6000],"step4":["COLD",155]}
[2026-09-26 08:10:21.358] [info]  [toss] event=order.completed status=success source=toss virtual=off mode=order orderId=758827647441416324 bill=758827647441416324 menuCount=1
[2026-09-26 09:56:27.434] [info]  [TOSS RAW ORDER] orderId=758854544980287744, items=[{"name":"아메리카노(연하게)","productNo":"17283380","options":[{"optionCode":"1756058","optionName":"ICE","price":0,"quantity":1}]}]
[2026-09-26 09:56:27.442] [info]  [TOSS ITEM RESOLVED] orderId=758854544980287744, item="아메리카노(연하게)" (17283380) | rawOptions=[{"optionCode":"1756058","optionName":"ICE","price":0,"quantity":1}] ➔ resolved="ICE 아메리카노 (시그니처) (연하게)" (MSI1001) steps={"step1":["CUP","ICE"],"step2":["COFFEE","45"],"step3":["ICE",6000],"step4":["COLD",170]}
[2026-09-26 09:57:11.340] [info]  [toss] event=order.completed status=success source=toss virtual=off mode=order orderId=758854544980287744 bill=758854544980287744 menuCount=1
[2026-09-26 12:07:38.008] [info]  [TOSS RAW ORDER] orderId=758887596834022181, items=[{"name":"복숭아티","productNo":"16642200","options":[{"optionCode":"1756058","optionName":"ICE","price":0,"quantity":1}]}]
[2026-09-26 12:07:38.016] [info]  [TOSS ITEM RESOLVED] orderId=758887596834022181, item="복숭아티" (16642200) | rawOptions=[{"optionCode":"1756058","optionName":"ICE","price":0,"quantity":1}] ➔ resolved="ICE 복숭아티" (MTI5000) steps={"step1":["CUP","ICE"],"step2":["ICE","6000"],"step3":["COLD","145"],"step4":["복숭아","60"],"step5":["얼그레이","10"]}
[2026-09-26 12:07:59.154] [info]  [toss] event=order.completed status=success source=toss virtual=off mode=order orderId=758887596834022181 bill=758887596834022181 menuCount=1
[2026-09-26 12:10:07.857] [info]  [TOSS RAW ORDER] orderId=758888222653701422, items=[{"name":"흑당라떼","productNo":"16642196","options":[{"optionCode":"1756058","optionName":"ICE","price":0,"quantity":1}]}]
[2026-09-26 12:10:07.865] [info]  [TOSS ITEM RESOLVED] orderId=758888222653701422, item="흑당라떼" (16642196) | rawOptions=[{"optionCode":"1756058","optionName":"ICE","price":0,"quantity":1}] ➔ resolved="ICE 흑당라떼" (MMI3034) steps={"step1":["CUP","ICE"],"step2":["ICE","6000"],"step3":["COLD_MILK","180"],"step4":["흑당","60"]}
[2026-09-26 12:10:47.110] [info]  [toss] event=order.completed status=success source=toss virtual=off mode=order orderId=758888222653701422 bill=758888222653701422 menuCount=1
[2026-09-26 12:11:09.373] [info]  [TOSS RAW ORDER] orderId=758888469136000288, items=[{"name":"복숭아에이드","productNo":"16642230","options":[]}]
[2026-09-26 12:11:09.380] [info]  [TOSS ITEM RESOLVED] orderId=758888469136000288, item="복숭아에이드" (16642230) | rawOptions=[] ➔ resolved="ICE 복숭아에이드" (MAI4013) steps={"step1":["CUP","ICE"],"step2":["ICE",6000],"step3":["SPARKLE",240],"step4":["복숭아","60"]}
[2026-09-26 12:11:35.756] [info]  [toss] event=order.completed status=success source=toss virtual=off mode=order orderId=758888469136000288 bill=758888469136000288 menuCount=1
[2026-09-26 12:18:01.842] [info]  [TOSS RAW ORDER] orderId=758890201337412239, items=[{"name":"카페라떼(디카페인)","productNo":"16711182","options":[{"optionCode":"1756057","optionName":"HOT","price":0,"quantity":1},{"optionCode":"1757868","optionName":"연하게","price":-200,"quantity":1}]}]
[2026-09-26 12:18:01.851] [info]  [TOSS ITEM RESOLVED] orderId=758890201337412239, item="카페라떼(디카페인)" (16711182) | rawOptions=[{"optionCode":"1756057","optionName":"HOT","price":0,"quantity":1},{"optionCode":"1757868","optionName":"연하게","price":-200,"quantity":1}] ➔ resolved="HOT 카페라떼 (디카페인) (연하게)" (GNH2000) steps={"step1":["CUP","HOT"],"step2":["COFFEE","31"],"step3":["HOT_MILK","260"]}
[2026-09-26 12:19:12.799] [info]  [toss] event=order.completed status=success source=toss virtual=off mode=order orderId=758890201337412239 bill=758890201337412239 menuCount=1
[2026-09-26 12:20:54.890] [info]  [TOSS RAW ORDER] orderId=758890922359251433, items=[{"name":"아메리카노","productNo":"16642168","options":[{"optionCode":"1756058","optionName":"ICE","price":0,"quantity":1}]}]
[2026-09-26 12:20:54.898] [info]  [TOSS ITEM RESOLVED] orderId=758890922359251433, item="아메리카노" (16642168) | rawOptions=[{"optionCode":"1756058","optionName":"ICE","price":0,"quantity":1}] ➔ resolved="ICE 아메리카노 (시그니처)" (MSI1002) steps={"step1":["CUP","ICE"],"step2":["COFFEE","60"],"step3":["ICE",6000],"step4":["COLD",155]}
[2026-09-26 12:21:36.788] [info]  [toss] event=order.completed status=success source=toss virtual=off mode=order orderId=758890922359251433 bill=758890922359251433 menuCount=1
[2026-09-26 13:04:39.861] [info]  [TOSS RAW ORDER] orderId=758901937750796159, items=[{"name":"카페라떼","productNo":"16642171","options":[{"optionCode":"1756058","optionName":"ICE","price":0,"quantity":1}]},{"name":"소프트콘(3줄)","productNo":"16642237","options":[]},{"name":"아메리카노","productNo":"16642168","options":[{"optionCode":"1756058","optionName":"ICE","price":0,"quantity":1}]}]
[2026-09-26 13:04:39.869] [info]  [TOSS ITEM RESOLVED] orderId=758901937750796159, item="카페라떼" (16642171) | rawOptions=[{"optionCode":"1756058","optionName":"ICE","price":0,"quantity":1}] ➔ resolved="ICE 카페라떼 (시그니처)" (MSI2001) steps={"step1":["CUP","ICE"],"step2":["COFFEE","60"],"step3":["ICE","6000"],"step4":["COLD_MILK","160"]}
[2026-09-26 13:04:39.876] [info]  [TOSS ITEM RESOLVED] orderId=758901937750796159, item="소프트콘(3줄)" (16642237) | rawOptions=[] ➔ resolved="undefined" (undefined) steps=undefined
[2026-09-26 13:04:39.885] [info]  [TOSS ITEM RESOLVED] orderId=758901937750796159, item="아메리카노" (16642168) | rawOptions=[{"optionCode":"1756058","optionName":"ICE","price":0,"quantity":1}] ➔ resolved="ICE 아메리카노 (시그니처)" (MSI1002) steps={"step1":["CUP","ICE"],"step2":["COFFEE","60"],"step3":["ICE",6000],"step4":["COLD",155]}
[2026-09-26 13:06:30.625] [info]  [toss] event=order.completed status=success source=toss virtual=off mode=order orderId=758901937750796159 bill=758901937750796159 menuCount=2
[2026-09-26 13:37:05.009] [info]  [TOSS RAW ORDER] orderId=758910097031190423, items=[{"name":"아메리카노","productNo":"16642168","options":[{"optionCode":"1756058","optionName":"ICE","price":0,"quantity":1}]}]
[2026-09-26 13:37:05.015] [info]  [TOSS ITEM RESOLVED] orderId=758910097031190423, item="아메리카노" (16642168) | rawOptions=[{"optionCode":"1756058","optionName":"ICE","price":0,"quantity":1}] ➔ resolved="ICE 아메리카노 (시그니처)" (MSI1002) steps={"step1":["CUP","ICE"],"step2":["COFFEE","60"],"step3":["ICE",6000],"step4":["COLD",155]}
[2026-09-26 13:37:46.221] [info]  [toss] event=order.completed status=success source=toss virtual=off mode=order orderId=758910097031190423 bill=758910097031190423 menuCount=1
[2026-09-26 13:59:34.832] [info]  [TOSS RAW ORDER] orderId=758915744133039931, items=[{"name":"버터소금빵","productNo":"16642244","options":[]},{"name":"뉴욕치즈케익","productNo":"16642238","options":[]}]
[2026-09-26 13:59:34.840] [info]  [TOSS ITEM RESOLVED] orderId=758915744133039931, item="버터소금빵" (16642244) | rawOptions=[] ➔ resolved="undefined" (undefined) steps=undefined
[2026-09-26 13:59:34.842] [info]  [TOSS ITEM RESOLVED] orderId=758915744133039931, item="뉴욕치즈케익" (16642238) | rawOptions=[] ➔ resolved="뉴욕치즈케익" (16642238) steps={}
[2026-09-26 13:59:34.851] [info]  [toss] event=order.completed status=success source=toss virtual=on mode=order orderId=758915744133039931 bill=758915744133039931 menuCount=0
[2026-09-26 14:06:12.882] [info]  [TOSS RAW ORDER] orderId=758917377889782281, items=[{"name":"소프트콘(3줄)","productNo":"16642237","options":[]}]
[2026-09-26 14:06:12.890] [info]  [TOSS ITEM RESOLVED] orderId=758917377889782281, item="소프트콘(3줄)" (16642237) | rawOptions=[] ➔ resolved="undefined" (undefined) steps=undefined
[2026-09-26 14:06:12.900] [info]  [toss] event=order.completed status=success source=toss virtual=on mode=order orderId=758917377889782281 bill=758917377889782281 menuCount=0
[2026-09-26 14:42:49.022] [info]  [TOSS RAW ORDER] orderId=758926647595215170, items=[{"name":"딸기에이드","productNo":"16642227","options":[]}]
[2026-09-26 14:42:49.029] [info]  [TOSS ITEM RESOLVED] orderId=758926647595215170, item="딸기에이드" (16642227) | rawOptions=[] ➔ resolved="ICE 딸기에이드" (MAI4009) steps={"step1":["CUP","ICE"],"step2":["ICE",6000],"step3":["SPARKLE",240],"step4":["딸기","70"]}
[2026-09-26 14:43:19.135] [info]  [toss] event=order.completed status=success source=toss virtual=off mode=order orderId=758926647595215170 bill=758926647595215170 menuCount=1
[2026-09-26 14:44:13.928] [info]  [TOSS RAW ORDER] orderId=758926990769151957, items=[{"name":"자두에이드","productNo":"16642226","options":[]}]
[2026-09-26 14:44:13.935] [info]  [TOSS ITEM RESOLVED] orderId=758926990769151957, item="자두에이드" (16642226) | rawOptions=[] ➔ resolved="ICE 자두에이드" (MAI4007) steps={"step1":["CUP","ICE"],"step2":["ICE",6000],"step3":["SPARKLE",240],"step4":["자두","65"]}
[2026-09-26 14:44:40.857] [info]  [toss] event=order.completed status=success source=toss virtual=off mode=order orderId=758926990769151957 bill=758926990769151957 menuCount=1
[2026-09-26 15:26:52.878] [info]  [TOSS RAW ORDER] orderId=758937726522075564, items=[{"name":"아메리카노","productNo":"16642168","options":[{"optionCode":"1756057","optionName":"HOT","price":0,"quantity":1}]},{"name":"아메리카노","productNo":"16642168","options":[{"optionCode":"1756058","optionName":"ICE","price":0,"quantity":1}]}]
[2026-09-26 15:26:52.885] [info]  [TOSS ITEM RESOLVED] orderId=758937726522075564, item="아메리카노" (16642168) | rawOptions=[{"optionCode":"1756057","optionName":"HOT","price":0,"quantity":1}] ➔ resolved="HOT 아메리카노 (시그니처)" (GSH1002) steps={"step1":["CUP","HOT"],"step2":["COFFEE","60"],"step3":["HOT",280]}
[2026-09-26 15:26:52.895] [info]  [TOSS ITEM RESOLVED] orderId=758937726522075564, item="아메리카노" (16642168) | rawOptions=[{"optionCode":"1756058","optionName":"ICE","price":0,"quantity":1}] ➔ resolved="ICE 아메리카노 (시그니처)" (MSI1002) steps={"step1":["CUP","ICE"],"step2":["COFFEE","60"],"step3":["ICE",6000],"step4":["COLD",155]}
[2026-09-26 15:27:28.869] [info]  [TOSS RAW ORDER] orderId=758937873746341084, items=[{"name":"두쫀쿠","productNo":"16642249","options":[]}]
[2026-09-26 15:27:28.882] [info]  [TOSS ITEM RESOLVED] orderId=758937873746341084, item="두쫀쿠" (16642249) | rawOptions=[] ➔ resolved="undefined" (undefined) steps=undefined
[2026-09-26 15:28:36.236] [info]  [toss] event=order.completed status=success source=toss virtual=off mode=order orderId=758937726522075564 bill=758937726522075564 menuCount=2
[2026-09-26 15:28:36.251] [info]  [toss] event=order.completed status=success source=toss virtual=on mode=order orderId=758937873746341084 bill=758937873746341084 menuCount=0
[2026-09-26 15:47:13.923] [info]  [TOSS RAW ORDER] orderId=758942837776605053, items=[{"name":"바닐라라떼","productNo":"16642172","options":[{"optionCode":"1756058","optionName":"ICE","price":0,"quantity":1},{"optionCode":"1756065","optionName":"샷추가","price":500,"quantity":1}]}]
[2026-09-26 15:47:13.933] [info]  [TOSS ITEM RESOLVED] orderId=758942837776605053, item="바닐라라떼" (16642172) | rawOptions=[{"optionCode":"1756058","optionName":"ICE","price":0,"quantity":1},{"optionCode":"1756065","optionName":"샷추가","price":500,"quantity":1}] ➔ resolved="ICE 바닐라라떼 (시그니처) (샷추가)" (MSI2003) steps={"step1":["CUP","ICE"],"step2":["COFFEE","90"],"step3":["ICE","6000"],"step4":["COLD_MILK","120"],"step5":["바닐라","35"]}
[2026-09-26 15:48:36.162] [info]  [toss] event=order.completed status=success source=toss virtual=off mode=order orderId=758942837776605053 bill=758942837776605053 menuCount=1
[2026-09-26 15:52:14.895] [info]  [TOSS RAW ORDER] orderId=758944097707773477, items=[{"name":"아메리카노(연하게)","productNo":"17283380","options":[{"optionCode":"1756058","optionName":"ICE","price":0,"quantity":1}]}]
[2026-09-26 15:52:14.902] [info]  [TOSS ITEM RESOLVED] orderId=758944097707773477, item="아메리카노(연하게)" (17283380) | rawOptions=[{"optionCode":"1756058","optionName":"ICE","price":0,"quantity":1}] ➔ resolved="ICE 아메리카노 (시그니처) (연하게)" (MSI1001) steps={"step1":["CUP","ICE"],"step2":["COFFEE","45"],"step3":["ICE",6000],"step4":["COLD",170]}
[2026-09-26 15:52:49.819] [info]  [toss] event=order.completed status=success source=toss virtual=off mode=order orderId=758944097707773477 bill=758944097707773477 menuCount=1
[2026-09-26 16:16:21.862] [info]  [TOSS RAW ORDER] orderId=758950171118529685, items=[{"name":"소프트콘(3줄)","productNo":"16642237","options":[]}]
[2026-09-26 16:16:21.870] [info]  [TOSS ITEM RESOLVED] orderId=758950171118529685, item="소프트콘(3줄)" (16642237) | rawOptions=[] ➔ resolved="undefined" (undefined) steps=undefined
[2026-09-26 16:16:21.889] [info]  [toss] event=order.completed status=success source=toss virtual=on mode=order orderId=758950171118529685 bill=758950171118529685 menuCount=0
[2026-09-26 16:40:41.859] [info]  [TOSS RAW ORDER] orderId=758956300653578056, items=[{"name":"아메리카노(디카페인)","productNo":"16711181","options":[{"optionCode":"1756058","optionName":"ICE","price":0,"quantity":1},{"optionCode":"1757867","optionName":"연하게","price":0,"quantity":1}]}]
[2026-09-26 16:40:41.867] [info]  [TOSS ITEM RESOLVED] orderId=758956300653578056, item="아메리카노(디카페인)" (16711181) | rawOptions=[{"optionCode":"1756058","optionName":"ICE","price":0,"quantity":1},{"optionCode":"1757867","optionName":"연하게","price":0,"quantity":1}] ➔ resolved="ICE 아메리카노 (디카페인) (연하게)" (MNI1001) steps={"step1":["CUP","ICE"],"step2":["COFFEE","46"],"step3":["ICE",6000],"step4":["COLD",170]}
[2026-09-26 16:41:26.611] [info]  [toss] event=order.completed status=success source=toss virtual=off mode=order orderId=758956300653578056 bill=758956300653578056 menuCount=1
[2026-09-26 17:27:46.993] [info]  [TOSS RAW ORDER] orderId=758968150770182539, items=[{"name":"소프트콘(3줄)","productNo":"16642237","options":[]}]
[2026-09-26 17:27:47.001] [info]  [TOSS ITEM RESOLVED] orderId=758968150770182539, item="소프트콘(3줄)" (16642237) | rawOptions=[] ➔ resolved="undefined" (undefined) steps=undefined
[2026-09-26 17:27:47.011] [info]  [toss] event=order.completed status=success source=toss virtual=on mode=order orderId=758968150770182539 bill=758968150770182539 menuCount=0
[2026-09-26 17:49:52.847] [info]  [TOSS RAW ORDER] orderId=758973681727550707, items=[{"name":"아메리카노(연하게)","productNo":"17283380","options":[{"optionCode":"1756058","optionName":"ICE","price":0,"quantity":1}]}]
[2026-09-26 17:49:52.855] [info]  [TOSS ITEM RESOLVED] orderId=758973681727550707, item="아메리카노(연하게)" (17283380) | rawOptions=[{"optionCode":"1756058","optionName":"ICE","price":0,"quantity":1}] ➔ resolved="ICE 아메리카노 (시그니처) (연하게)" (MSI1001) steps={"step1":["CUP","ICE"],"step2":["COFFEE","45"],"step3":["ICE",6000],"step4":["COLD",170]}
[2026-09-26 17:50:33.224] [info]  [toss] event=order.completed status=success source=toss virtual=off mode=order orderId=758973681727550707 bill=758973681727550707 menuCount=1
[2026-09-26 17:52:48.995] [info]  [TOSS RAW ORDER] orderId=758974450392479727, items=[{"name":"소프트콘(3줄)","productNo":"16642237","options":[]}]
[2026-09-26 17:52:49.003] [info]  [TOSS ITEM RESOLVED] orderId=758974450392479727, item="소프트콘(3줄)" (16642237) | rawOptions=[] ➔ resolved="undefined" (undefined) steps=undefined
[2026-09-26 17:52:49.012] [info]  [toss] event=order.completed status=success source=toss virtual=on mode=order orderId=758974450392479727 bill=758974450392479727 menuCount=0
[2026-09-26 18:07:58.862] [info]  [TOSS RAW ORDER] orderId=758978278286444058, items=[{"name":"마카롱","productNo":"16642251","options":[]}]
[2026-09-26 18:07:58.864] [info]  [TOSS ITEM RESOLVED] orderId=758978278286444058, item="마카롱" (16642251) | rawOptions=[] ➔ resolved="마카롱" (16642251) steps={}
[2026-09-26 18:07:58.876] [info]  [toss] event=order.completed status=success source=toss virtual=on mode=order orderId=758978278286444058 bill=758978278286444058 menuCount=0
[2026-09-26 18:34:25.974] [info]  [TOSS RAW ORDER] orderId=758984912786023298, items=[{"name":"대만샌드위치","productNo":"16642248","options":[]},{"name":"아메리카노","productNo":"16642168","options":[{"optionCode":"1756058","optionName":"ICE","price":0,"quantity":1}]}]
[2026-09-26 18:34:25.980] [info]  [TOSS ITEM RESOLVED] orderId=758984912786023298, item="대만샌드위치" (16642248) | rawOptions=[] ➔ resolved="undefined" (undefined) steps=undefined
[2026-09-26 18:34:25.988] [info]  [TOSS ITEM RESOLVED] orderId=758984912786023298, item="아메리카노" (16642168) | rawOptions=[{"optionCode":"1756058","optionName":"ICE","price":0,"quantity":1}] ➔ resolved="ICE 아메리카노 (시그니처)" (MSI1002) steps={"step1":["CUP","ICE"],"step2":["COFFEE","60"],"step3":["ICE",6000],"step4":["COLD",155]}
[2026-09-26 18:35:06.934] [info]  [toss] event=order.completed status=success source=toss virtual=off mode=order orderId=758984912786023298 bill=758984912786023298 menuCount=1
[2026-09-26 18:51:37.843] [info]  [TOSS RAW ORDER] orderId=758989245850338779, items=[{"name":"자몽에이드","productNo":"16642223","options":[]}]
[2026-09-26 18:51:37.850] [info]  [TOSS ITEM RESOLVED] orderId=758989245850338779, item="자몽에이드" (16642223) | rawOptions=[] ➔ resolved="ICE 자몽에이드" (MAI4004) steps={"step1":["CUP","ICE"],"step2":["ICE",6000],"step3":["SPARKLE",240],"step4":["자몽","70"]}
[2026-09-26 18:51:59.275] [info]  [toss] event=order.completed status=success source=toss virtual=off mode=order orderId=758989245850338779 bill=758989245850338779 menuCount=1
[2026-09-26 19:23:39.885] [info]  [TOSS RAW ORDER] orderId=758997304668448745, items=[{"name":"아메리카노(연하게)","productNo":"17283380","options":[{"optionCode":"1756058","optionName":"ICE","price":0,"quantity":1}]}]
[2026-09-26 19:23:39.892] [info]  [TOSS ITEM RESOLVED] orderId=758997304668448745, item="아메리카노(연하게)" (17283380) | rawOptions=[{"optionCode":"1756058","optionName":"ICE","price":0,"quantity":1}] ➔ resolved="ICE 아메리카노 (시그니처) (연하게)" (MSI1001) steps={"step1":["CUP","ICE"],"step2":["COFFEE","45"],"step3":["ICE",6000],"step4":["COLD",170]}
[2026-09-26 19:24:29.400] [info]  [toss] event=order.completed status=success source=toss virtual=off mode=order orderId=758997304668448745 bill=758997304668448745 menuCount=1
[2026-09-26 19:25:43.869] [info]  [TOSS RAW ORDER] orderId=758997837189860732, items=[{"name":"소프트콘(3줄)","productNo":"16642237","options":[]}]
[2026-09-26 19:25:43.877] [info]  [TOSS ITEM RESOLVED] orderId=758997837189860732, item="소프트콘(3줄)" (16642237) | rawOptions=[] ➔ resolved="undefined" (undefined) steps=undefined
[2026-09-26 19:25:43.892] [info]  [toss] event=order.completed status=success source=toss virtual=on mode=order orderId=758997837189860732 bill=758997837189860732 menuCount=0
[2026-09-26 19:28:23.866] [info]  [TOSS RAW ORDER] orderId=758998512993060518, items=[{"name":"아메리카노","productNo":"16642168","options":[{"optionCode":"1756058","optionName":"ICE","price":0,"quantity":1}]}]
[2026-09-26 19:28:23.874] [info]  [TOSS ITEM RESOLVED] orderId=758998512993060518, item="아메리카노" (16642168) | rawOptions=[{"optionCode":"1756058","optionName":"ICE","price":0,"quantity":1}] ➔ resolved="ICE 아메리카노 (시그니처)" (MSI1002) steps={"step1":["CUP","ICE"],"step2":["COFFEE","60"],"step3":["ICE",6000],"step4":["COLD",155]}
[2026-09-26 19:29:06.052] [info]  [toss] event=order.completed status=success source=toss virtual=off mode=order orderId=758998512993060518 bill=758998512993060518 menuCount=1
[2026-09-26 19:30:45.926] [info]  [TOSS RAW ORDER] orderId=758999102804306778, items=[{"name":"바나나샷라떼","productNo":"16642181","options":[{"optionCode":"1756058","optionName":"ICE","price":0,"quantity":1}]}]
[2026-09-26 19:30:45.933] [info]  [TOSS ITEM RESOLVED] orderId=758999102804306778, item="바나나샷라떼" (16642181) | rawOptions=[{"optionCode":"1756058","optionName":"ICE","price":0,"quantity":1}] ➔ resolved="ICE 바나나샷라떼 (시그니처)" (MSI2015) steps={"step1":["CUP","ICE"],"step2":["COFFEE","45"],"step3":["ICE","6000"],"step4":["COLD_MILK","160"],"step5":["바나나","60"],"step6":["헤이즐넛","10"]}
[2026-09-26 19:31:42.517] [info]  [toss] event=order.completed status=success source=toss virtual=off mode=order orderId=758999102804306778 bill=758999102804306778 menuCount=1
[2026-09-26 20:37:16.621] [info]  [TOSS RAW ORDER] orderId=759015814429785189, items=[{"name":"프리미엄티","productNo":"16642212","options":[{"optionCode":"1756058","optionName":"ICE","price":0,"quantity":1}]}]
[2026-09-26 20:37:16.626] [info]  [TOSS ITEM RESOLVED] orderId=759015814429785189, item="프리미엄티" (16642212) | rawOptions=[{"optionCode":"1756058","optionName":"ICE","price":0,"quantity":1}] ➔ resolved="ICE 프리미엄티" (MTI5013) steps={"step1":["CUP","ICE"],"step2":["ICE","6000"],"step3":["COLD","215"]}
[2026-09-26 20:37:35.239] [info]  [toss] event=order.completed status=success source=toss virtual=off mode=order orderId=759015814429785189 bill=759015814429785189 menuCount=1
[2026-09-26 20:46:26.462] [info]  [TOSS RAW ORDER] orderId=759018143254163504, items=[{"name":"뚱카롱","productNo":"16642250","options":[]}]
[2026-09-26 20:46:26.470] [info]  [TOSS ITEM RESOLVED] orderId=759018143254163504, item="뚱카롱" (16642250) | rawOptions=[] ➔ resolved="undefined" (undefined) steps=undefined
[2026-09-26 20:46:26.483] [info]  [toss] event=order.completed status=success source=toss virtual=on mode=order orderId=759018143254163504 bill=759018143254163504 menuCount=0
[2026-09-26 20:56:37.342] [info]  [TOSS RAW ORDER] orderId=759020682246731179, items=[{"name":"초코머핀","productNo":"16642246","options":[]}]
[2026-09-26 20:56:37.350] [info]  [TOSS ITEM RESOLVED] orderId=759020682246731179, item="초코머핀" (16642246) | rawOptions=[] ➔ resolved="undefined" (undefined) steps=undefined
[2026-09-26 20:56:37.370] [info]  [toss] event=order.completed status=success source=toss virtual=on mode=order orderId=759020682246731179 bill=759020682246731179 menuCount=0
[2026-09-26 20:57:39.443] [info]  [TOSS RAW ORDER] orderId=759020938493553464, items=[{"name":"복숭아티","productNo":"16642200","options":[{"optionCode":"1756058","optionName":"ICE","price":0,"quantity":1}]},{"name":"아메리카노(연하게)","productNo":"17283380","options":[{"optionCode":"1756058","optionName":"ICE","price":0,"quantity":1}]}]
[2026-09-26 20:57:39.451] [info]  [TOSS ITEM RESOLVED] orderId=759020938493553464, item="복숭아티" (16642200) | rawOptions=[{"optionCode":"1756058","optionName":"ICE","price":0,"quantity":1}] ➔ resolved="ICE 복숭아티" (MTI5000) steps={"step1":["CUP","ICE"],"step2":["ICE","6000"],"step3":["COLD","145"],"step4":["복숭아","60"],"step5":["얼그레이","10"]}
[2026-09-26 20:57:39.458] [info]  [TOSS ITEM RESOLVED] orderId=759020938493553464, item="아메리카노(연하게)" (17283380) | rawOptions=[{"optionCode":"1756058","optionName":"ICE","price":0,"quantity":1}] ➔ resolved="ICE 아메리카노 (시그니처) (연하게)" (MSI1001) steps={"step1":["CUP","ICE"],"step2":["COFFEE","45"],"step3":["ICE",6000],"step4":["COLD",170]}
[2026-09-26 20:58:43.746] [info]  [toss] event=order.completed status=success source=toss virtual=off mode=order orderId=759020938493553464 bill=759020938493553464 menuCount=2
[2026-09-26 21:25:49.352] [info]  [TOSS RAW ORDER] orderId=759028049201973369, items=[{"name":"레인보우조각케익","productNo":"17277454","options":[]}]
[2026-09-26 21:25:49.355] [info]  [TOSS ITEM RESOLVED] orderId=759028049201973369, item="레인보우조각케익" (17277454) | rawOptions=[] ➔ resolved="레인보우조각케익" (17277454) steps={}
[2026-09-26 21:25:49.366] [info]  [toss] event=order.completed status=success source=toss virtual=on mode=order orderId=759028049201973369 bill=759028049201973369 menuCount=0
[2026-09-26 21:42:47.486] [info]  [TOSS RAW ORDER] orderId=759032310002478249, items=[{"name":"말차라떼","productNo":"16642185","options":[{"optionCode":"1756058","optionName":"ICE","price":0,"quantity":1}]},{"name":"밀크티","productNo":"16642207","options":[{"optionCode":"1756058","optionName":"ICE","price":0,"quantity":1}]}]
[2026-09-26 21:42:47.494] [info]  [TOSS ITEM RESOLVED] orderId=759032310002478249, item="말차라떼" (16642185) | rawOptions=[{"optionCode":"1756058","optionName":"ICE","price":0,"quantity":1}] ➔ resolved="ICE 말차라떼" (MMI3008) steps={"step1":["CUP","ICE"],"step2":["ICE","6000"],"step3":["COLD_MILK","180"],"step4":["말차","60"]}
[2026-09-26 21:42:47.501] [info]  [TOSS ITEM RESOLVED] orderId=759032310002478249, item="밀크티" (16642207) | rawOptions=[{"optionCode":"1756058","optionName":"ICE","price":0,"quantity":1}] ➔ resolved="ICE 밀크티" (MTI5008) steps={"step1":["CUP","ICE"],"step2":["ICE","6000"],"step3":["COLD_MILK","180"],"step4":["얼그레이","60"]}
[2026-09-26 21:43:22.448] [error] [toss] event=order.failed status=failed stage=HARDWARE source=toss virtual=off mode=order orderId=759032310002478249 bill=759032310002478249 menuCount=2 error=HW물리검증_실패:_[759032310002478249]_[ICE_말차라떼]_주문스텝4_실패
[2026-09-26 21:46:51.390] [info]  [TOSS RAW ORDER] orderId=759033361476729749, items=[{"name":"아메리카노(연하게)","productNo":"17283380","options":[{"optionCode":"1756058","optionName":"ICE","price":0,"quantity":1}]}]
[2026-09-26 21:46:51.397] [info]  [TOSS ITEM RESOLVED] orderId=759033361476729749, item="아메리카노(연하게)" (17283380) | rawOptions=[{"optionCode":"1756058","optionName":"ICE","price":0,"quantity":1}] ➔ resolved="ICE 아메리카노 (시그니처) (연하게)" (MSI1001) steps={"step1":["CUP","ICE"],"step2":["COFFEE","45"],"step3":["ICE",6000],"step4":["COLD",170]}
[2026-09-26 21:46:58.384] [info]  [TOSS RAW ORDER] orderId=759033392573302779, items=[{"name":"밀크티","productNo":"16642207","options":[{"optionCode":"1756058","optionName":"ICE","price":0,"quantity":1}]}]
[2026-09-26 21:46:58.392] [info]  [TOSS ITEM RESOLVED] orderId=759033392573302779, item="밀크티" (16642207) | rawOptions=[{"optionCode":"1756058","optionName":"ICE","price":0,"quantity":1}] ➔ resolved="ICE 밀크티" (MTI5008) steps={"step1":["CUP","ICE"],"step2":["ICE","6000"],"step3":["COLD_MILK","180"],"step4":["얼그레이","60"]}
[2026-09-26 21:47:31.422] [info]  [toss] event=order.completed status=success source=toss virtual=off mode=order orderId=759033361476729749 bill=759033361476729749 menuCount=1
[2026-09-26 21:48:13.502] [info]  [toss] event=order.completed status=success source=toss virtual=off mode=order orderId=759033392573302779 bill=759033392573302779 menuCount=1
[2026-09-26 22:16:05.364] [info]  [TOSS RAW ORDER] orderId=759040711340189944, items=[{"name":"레몬에이드","productNo":"16642219","options":[]}]
[2026-09-26 22:16:05.371] [info]  [TOSS ITEM RESOLVED] orderId=759040711340189944, item="레몬에이드" (16642219) | rawOptions=[] ➔ resolved="ICE 레몬에이드" (MAI4000) steps={"step1":["CUP","ICE"],"step2":["ICE",6000],"step3":["SPARKLE",240],"step4":["레몬","70"]}
[2026-09-26 22:16:32.039] [info]  [toss] event=order.completed status=success source=toss virtual=off mode=order orderId=759040711340189944 bill=759040711340189944 menuCount=1
[2026-09-26 22:18:29.367] [info]  [TOSS RAW ORDER] orderId=759041284592493410, items=[{"name":"초코라떼","productNo":"16642188","options":[{"optionCode":"1756057","optionName":"HOT","price":0,"quantity":1}]},{"name":"바닐라라떼","productNo":"16642172","options":[{"optionCode":"1756058","optionName":"ICE","price":0,"quantity":1}]}]
[2026-09-26 22:18:29.377] [info]  [TOSS ITEM RESOLVED] orderId=759041284592493410, item="초코라떼" (16642188) | rawOptions=[{"optionCode":"1756057","optionName":"HOT","price":0,"quantity":1}] ➔ resolved="HOT 초코라떼" (GMH3006) steps={"step1":["CUP","HOT"],"step2":["HOT_MILK","260"],"step3":["초코","60"]}
[2026-09-26 22:18:29.387] [info]  [TOSS ITEM RESOLVED] orderId=759041284592493410, item="바닐라라떼" (16642172) | rawOptions=[{"optionCode":"1756058","optionName":"ICE","price":0,"quantity":1}] ➔ resolved="ICE 바닐라라떼 (시그니처)" (MSI2003) steps={"step1":["CUP","ICE"],"step2":["COFFEE",60],"step3":["ICE",6000],"step4":["COLD_MILK",140],"step5":["바닐라",35]}
[2026-09-26 22:20:14.092] [info]  [toss] event=order.completed status=success source=toss virtual=off mode=order orderId=759041284592493410 bill=759041284592493410 menuCount=2
[2026-09-26 22:29:30.337] [info]  [TOSS RAW ORDER] orderId=759044067555142045, items=[{"name":"소프트콘(3줄)","productNo":"16642237","options":[]}]
[2026-09-26 22:29:30.346] [info]  [TOSS ITEM RESOLVED] orderId=759044067555142045, item="소프트콘(3줄)" (16642237) | rawOptions=[] ➔ resolved="undefined" (undefined) steps=undefined
[2026-09-26 22:29:30.357] [info]  [toss] event=order.completed status=success source=toss virtual=on mode=order orderId=759044067555142045 bill=759044067555142045 menuCount=0
[2026-09-26 23:01:34.520] [info]  [TOSS RAW ORDER] orderId=759052166286389977, items=[{"name":"복숭아티","productNo":"16642200","options":[{"optionCode":"1756058","optionName":"ICE","price":0,"quantity":1}]}]
[2026-09-26 23:01:34.527] [info]  [TOSS ITEM RESOLVED] orderId=759052166286389977, item="복숭아티" (16642200) | rawOptions=[{"optionCode":"1756058","optionName":"ICE","price":0,"quantity":1}] ➔ resolved="ICE 복숭아티" (MTI5000) steps={"step1":["CUP","ICE"],"step2":["ICE","6000"],"step3":["COLD","145"],"step4":["복숭아","60"],"step5":["얼그레이","10"]}
[2026-09-26 23:01:50.038] [info]  [toss] event=order.completed status=success source=toss virtual=off mode=order orderId=759052166286389977 bill=759052166286389977 menuCount=1
[2026-09-26 23:05:00.336] [info]  [TOSS RAW ORDER] orderId=759053028454952224, items=[{"name":"뽀로로워터젤리","productNo":"16642363","options":[]}]
[2026-09-26 23:05:00.344] [info]  [TOSS ITEM RESOLVED] orderId=759053028454952224, item="뽀로로워터젤리" (16642363) | rawOptions=[] ➔ resolved="undefined" (undefined) steps=undefined
[2026-09-26 23:05:00.352] [info]  [toss] event=order.completed status=success source=toss virtual=on mode=order orderId=759053028454952224 bill=759053028454952224 menuCount=0