[2026-08-19 21:38:01.567] [info]  [serialport] event=serialport.connect status=started scope=all
[2026-08-19 21:38:01.588] [info]  [serialport] event=serialport.connect status=started scope=all
[2026-08-19 21:38:01.686] [error] [serialport] event=serialport.error status=failed reason=port_error boardName=board1 port=COM3 message="Opening COM3: Access denied"
[2026-08-19 21:38:01.936] [debug] [serialport] event=serialport.connect status=success boardName=board1 port=COM3
[2026-08-19 21:38:02.272] [debug] [serialport] event=serialport.packet status=success boardName=board1 length=24 message="bytearray(b'\\x020A1DCP0201A00101A10344\\x03')"
[2026-08-19 21:39:20.799] [info]  [serialport] event=serialport.connect status=started scope=all
[2026-08-19 21:39:20.818] [info]  [serialport] event=serialport.connect status=started scope=all
[2026-08-19 21:39:20.947] [error] [serialport] event=serialport.error status=failed reason=port_error boardName=board1 port=COM3 message="Opening COM3: Access denied"
[2026-08-19 21:39:21.084] [debug] [serialport] event=serialport.connect status=success boardName=board1 port=COM3
[2026-08-19 21:39:21.131] [debug] [serialport] event=serialport.packet status=success boardName=board1 length=24 message="bytearray(b'\\x020A1DCP0201A00101A10344\\x03')"
[2026-08-19 21:39:58.323] [info]  [serialport] event=settings.change status=success scope=all
[2026-08-19 21:39:58.325] [info]  [serialport] event=serialport.connect status=started scope=all
[2026-08-19 21:39:58.328] [info]  [serialport] event=serialport.connect status=started scope=all
[2026-08-19 21:39:58.363] [info]  [serialport] event=serialport.connect status=started scope=all
[2026-08-19 21:39:58.450] [error] [serialport] event=serialport.error status=failed reason=port_error boardName=board1 port=COM5 message="Opening COM5: Access denied"
[2026-08-19 21:39:58.585] [debug] [serialport] event=serialport.close status=success boardName=board1 port=COM3
[2026-08-19 21:39:58.587] [error] [serialport] event=serialport.error status=failed reason=port_error boardName=board1 port=COM5 message="Opening COM5: Access denied"
[2026-08-19 21:39:58.617] [debug] [serialport] event=serialport.connect status=success boardName=board1 port=COM5
[2026-08-19 21:39:58.671] [debug] [serialport] event=serialport.packet status=success boardName=board1 length=24 message="bytearray(b'\\x020A1DCP0201A00101A10344\\x03')"
[2026-08-19 21:39:58.707] [debug] [serialport] event=serialport.packet status=success boardName=board1 length=24 message="bytearray(b'\\x020A1DPC0200A00101A00342\\x03')"
[2026-08-19 21:39:58.709] [debug] [serialport] event=serialport.packet.parse status=success boardName=board1 message="{\"isValidStx\":true,\"isValidEtx\":true,\"isValidDst\":true,\"isValidSrc\":true,\"isValidLength\":true,\"fnc\":\"1\",\"act\":\"D\",\"data\":{\"0\":48,\"1\":50,\"2\":48,\"3\":48,\"4\":65,\"5\":48,\"6\":48,\"7\":49,\"8\":48,\"9\":49,\"10\":65,\"11\":48,\"12\":48,\"13\":51,\"14\":52},\"values\":[\"02\",\"00\",\"A0\",\"01\",\"01\",\"A0\",\"03\"],\"part\":{},\"isValidChecksum\":true}"
[2026-08-19 22:15:18.348] [info]  [serialport] event=serialport.connect status=started scope=all
[2026-08-19 22:15:18.369] [info]  [serialport] event=serialport.connect status=started scope=all
[2026-08-19 22:15:18.530] [error] [serialport] event=serialport.error status=failed reason=port_error boardName=board1 port=COM5 message="Opening COM5: Access denied"
[2026-08-19 22:15:19.027] [debug] [serialport] event=serialport.connect status=success boardName=board1 port=COM5
[2026-08-19 22:15:19.753] [debug] [serialport] event=serialport.packet status=success boardName=board1 length=24 message="bytearray(b'\\x020A1DPC0200A00101A00342\\x03')"
[2026-08-19 22:15:19.755] [debug] [serialport] event=serialport.packet.parse status=success boardName=board1 message="{\"isValidStx\":true,\"isValidEtx\":true,\"isValidDst\":true,\"isValidSrc\":true,\"isValidLength\":true,\"fnc\":\"1\",\"act\":\"D\",\"data\":{\"0\":48,\"1\":50,\"2\":48,\"3\":48,\"4\":65,\"5\":48,\"6\":48,\"7\":49,\"8\":48,\"9\":49,\"10\":65,\"11\":48,\"12\":48,\"13\":51,\"14\":52},\"values\":[\"02\",\"00\",\"A0\",\"01\",\"01\",\"A0\",\"03\"],\"part\":{},\"isValidChecksum\":true}"
[2026-08-19 22:15:19.756] [debug] [serialport] event=serialport.packet status=success boardName=board1 length=24 message="bytearray(b'\\x020A1DCP0201A00101A10344\\x03')"
[2026-08-19 22:25:40.463] [info]  [serialport] event=serialport.connect status=started scope=all
[2026-08-19 22:25:40.486] [info]  [serialport] event=serialport.connect status=started scope=all
[2026-08-19 22:25:40.552] [error] [serialport] event=serialport.error status=failed reason=port_error boardName=board1 port=COM5 message="Opening COM5: Access denied"
[2026-08-19 22:25:40.669] [debug] [serialport] event=serialport.connect status=success boardName=board1 port=COM5
[2026-08-19 22:25:40.805] [debug] [serialport] event=serialport.packet status=success boardName=board1 length=24 message="bytearray(b'\\x020A1DCP0201A00101A10344\\x03')"
[2026-08-19 22:25:40.886] [debug] [serialport] event=serialport.packet status=success boardName=board1 length=24 message="bytearray(b'\\x020A1DPC0200A00101A00342\\x03')"
[2026-08-19 22:25:40.887] [debug] [serialport] event=serialport.packet.parse status=success boardName=board1 message="{\"isValidStx\":true,\"isValidEtx\":true,\"isValidDst\":true,\"isValidSrc\":true,\"isValidLength\":true,\"fnc\":\"1\",\"act\":\"D\",\"data\":{\"0\":48,\"1\":50,\"2\":48,\"3\":48,\"4\":65,\"5\":48,\"6\":48,\"7\":49,\"8\":48,\"9\":49,\"10\":65,\"11\":48,\"12\":48,\"13\":51,\"14\":52},\"values\":[\"02\",\"00\",\"A0\",\"01\",\"01\",\"A0\",\"03\"],\"part\":{},\"isValidChecksum\":true}"
[2026-08-19 22:29:21.655] [info]  [serialport] event=serialport.connect status=started scope=all
[2026-08-19 22:29:21.676] [info]  [serialport] event=serialport.connect status=started scope=all
[2026-08-19 22:29:21.752] [error] [serialport] event=serialport.error status=failed reason=port_error boardName=board1 port=COM5 message="Opening COM5: Access denied"
[2026-08-19 22:29:22.196] [debug] [serialport] event=serialport.connect status=success boardName=board1 port=COM5
[2026-08-19 22:29:22.678] [debug] [serialport] event=serialport.packet status=success boardName=board1 length=24 message="bytearray(b'\\x020A1DCP0201A00101A10344\\x03')"
[2026-08-19 22:29:23.236] [debug] [serialport] event=serialport.packet status=success boardName=board1 length=24 message="bytearray(b'\\x020A1DPC0200A00101A00342\\x03')"
[2026-08-19 22:29:23.238] [debug] [serialport] event=serialport.packet.parse status=success boardName=board1 message="{\"isValidStx\":true,\"isValidEtx\":true,\"isValidDst\":true,\"isValidSrc\":true,\"isValidLength\":true,\"fnc\":\"1\",\"act\":\"D\",\"data\":{\"0\":48,\"1\":50,\"2\":48,\"3\":48,\"4\":65,\"5\":48,\"6\":48,\"7\":49,\"8\":48,\"9\":49,\"10\":65,\"11\":48,\"12\":48,\"13\":51,\"14\":52},\"values\":[\"02\",\"00\",\"A0\",\"01\",\"01\",\"A0\",\"03\"],\"part\":{},\"isValidChecksum\":true}"
[2026-08-19 22:32:39.412] [info]  [serialport] event=serialport.connect status=started scope=all
[2026-08-19 22:32:39.435] [info]  [serialport] event=serialport.connect status=started scope=all
[2026-08-19 22:32:39.544] [error] [serialport] event=serialport.error status=failed reason=port_error boardName=board1 port=COM5 message="Opening COM5: Access denied"
[2026-08-19 22:32:39.702] [debug] [serialport] event=serialport.connect status=success boardName=board1 port=COM5
[2026-08-19 22:32:39.766] [debug] [serialport] event=serialport.packet status=success boardName=board1 length=24 message="bytearray(b'\\x020A1DCP0201A00101A10344\\x03')"
[2026-08-19 22:32:39.883] [debug] [serialport] event=serialport.packet status=success boardName=board1 length=24 message="bytearray(b'\\x020A1DPC0200A00101A00342\\x03')"
[2026-08-19 22:32:39.885] [debug] [serialport] event=serialport.packet.parse status=success boardName=board1 message="{\"isValidStx\":true,\"isValidEtx\":true,\"isValidDst\":true,\"isValidSrc\":true,\"isValidLength\":true,\"fnc\":\"1\",\"act\":\"D\",\"data\":{\"0\":48,\"1\":50,\"2\":48,\"3\":48,\"4\":65,\"5\":48,\"6\":48,\"7\":49,\"8\":48,\"9\":49,\"10\":65,\"11\":48,\"12\":48,\"13\":51,\"14\":52},\"values\":[\"02\",\"00\",\"A0\",\"01\",\"01\",\"A0\",\"03\"],\"part\":{},\"isValidChecksum\":true}"