[2026-10-07 17:24:11.340] [info]  [app] event=app.startup status=success message="subscriptions registered"
[2026-10-07 17:24:11.343] [debug] [task] [SYS:OP_601] STAT:200 [H:HASTE_ENC:630e72c9bdf49b7d09db22a9:0a0252ebc52149707d93976d003a5d16:f6764f96d8fa10c2e1a73f63f8b15d6f3d7ca13d21fd8679976a29f4f8ead80cff63dafefad9b284bb9c15d1093a648f1cf5e8e86518a51dff61d408fa74511a4963a238851d3f532ed0f4ede1f519e56d5b869dfd5f651f1631607a1c2f21d64396468ef1c871aeb096c567338735]
[2026-10-07 17:24:11.346] [info]  [HASTE Foamer Schedule] Resuming existing schedule: remaining 59m until next rinse (smart milk reset applied).
[2026-10-07 17:24:11.348] [debug] [task] [SYS:OP_601] STAT:200 [H:HASTE_ENC:658c9adcb18e54f11a666ea7:6d25505a64c9bc12ce4d22091b07d129:37de7cddd04a16a38d18315a24b132544ac8d11d192c937a4deccbe1f425c243127479bce219abd9c256203c948b21369de370ef6100da60d6040c75878fd1c17ea9a56279d3314c28cfe4348b5fb5cb601f188d1115615a362f760de0273da75d0b743a3afe37]
[2026-10-07 17:24:11.349] [debug] [task] [SYS:OP_601] STAT:200 [H:HASTE_ENC:e6830b26d4446f5a881eeda7:8ebeabf8b0c9135953595af1c31ed697:3674ed781323cb3a31ea62a3a3b5f47ea57344574048955490c7e98e0f9d2543e6cf58328decc258248dcdf77ff5786fd71ae7b848ecd2f4c91f59dad35d4f9e96e37bca145d7b370f333529400e57fa33eac55b516e7e32436111203b586608ae898ea9dfa8e524]
[2026-10-07 17:24:11.350] [debug] [task] [SYS:OP_601] STAT:200 [H:HASTE_ENC:b17b182bed1b82140ef45e54:404ee4009f12f9f1e3310ea91fc7f74b:f6d76972681f501b40c95d94e681de420f7482016dec65ea0532587b3527226111cd50e0b4e46b2680397ce518d2c4acb956ca22043079507fc1f3e147e92b675ef5cc9e9a708c078fce1820e1ac93380634fd52d7fe53ebf1862231042c3d5e1c33f0642188dd4d9b7c]
[2026-10-07 17:24:11.351] [debug] [task] [SYS:OP_601] STAT:200 [H:HASTE_ENC:01436d2fde7cc1be4fe1f635:cc8ff012c642369efdfd8b9543b694db:0feb4683aaa6c5ff04048757b6389898430d91ca732f9eaffbd6ab193e401eac987a261784c35b042c4e6ef353ca9ad92cc1fe203e3f809beb0a6d3dfb1450228e1e08ed65b9204b44593d66f0dcb4c35e64e281f83eac2c86e9f6c2280a705adcf3e2a87822c8de1de1]
[2026-10-07 17:24:11.353] [debug] [task] [SYS:OP_601] STAT:200 [H:HASTE_ENC:bdfdb3941933e53201a4e320:86b020c3631f0402bf9f35641824842c:dcb3e6156e88b78877df996ac55388829e744d83987904c200cb94c1b86896ae712c4da21c6935b23e73908d66c7ede576792ca5ae8d29083a3caa7b80afcc7c21c5ca093fe2bbfcac127f323696af84ca6f8d5ac3b389773759e901bcfcefc88a3f71d6bfc80b263d]
[2026-10-07 17:24:11.354] [debug] [app] event=scheduler.change status=success routine=license.verify intervalSec=86400
[2026-10-07 17:24:11.354] [info]  [app] event=app.startup status=success message="schedulers registered"
[2026-10-07 17:24:11.357] [info]  [HASTE Guard] enableHasteAgent is false (OFF). Skipping agent bot launch.
[2026-10-07 17:24:11.357] [info]  [HASTE Official Auto-Updater] Initialized background auto-updater (Target hotpatches & Official releases).
[2026-10-07 17:24:11.392] [debug] [api] [HASTE DevTools Sync] Current window DevTools opened state: false, Target state: false
[2026-10-07 17:24:11.474] [debug] [coffee] [SYS:OP_402] STAT:200 [H:HASTE_ENC:77d758af23076f6ed9630879:dc06cffa2ebd587d71461da4991f4fa4:e55b37675fef4d1ab48bed082cf49d1b8984f64740cdb0be36ba88f3e32dd07e47ed6dea0575e1032530bd3cff7a3473ee0c4ebc376ef3903bf32eb63cde48a65086fe319e7f2b55c1faa54b13543392fa42f5aec2644961bb2253d9757cc63e7e857e379dcd9bf6a28e45f419d2dc4d9de1ff8ccb86]
[2026-10-07 17:24:11.490] [debug] [coffee] [SYS:OP_402] STAT:200 [H:HASTE_ENC:f60fd12c7164918b0b026bd5:5c18b4ce009be0060d23348f2f06b1d1:1fff1331195fc17bf62b87d5fd57dc4a8dfd38ccb91b6b7e98bf61b72bf7fe17263d49b37a516ef56a52fd389137be681547fef1ad63b7030a79335ca5d0bba4f8cf09acb5604fb12d1936e5c7d708ff9d9cbdbd718a176f1d]
[2026-10-07 17:24:11.529] [debug] [coffee] [SYS:OP_402] STAT:200 [H:HASTE_ENC:a5d98f59438e8520134b8b71:95e35aee9d6a63085a25afafeabb1fec:13cce72f8fb8d2f584c734d8dcf7e86557eb69c69a38ad12c94756f5967936aa68d32c51a4c4227979036400f5ad1a66080e10883fdc49e36ae98cc1357290b5d13145c0df5dbfa0cb3c9dfa5e894b9d760b834df28f3f46f11618384e172a51b4c8789f44f5839fb6c73b7484c244]
[2026-10-07 17:24:12.020] [info]  [HASTE DB Save] Settings category "information" has been updated and saved to SQLite successfully.
[2026-10-07 17:24:12.035] [debug] [coffee] [SYS:OP_402] STAT:200 [H:HASTE_ENC:45deea13442fdfae0b763db3:3321ef482c698be59f60c6e6dd84c178:4f004e44b64bcddc2256173405632a56ace91ea8d23fee094af1a5b3668b6c759b94b1d2b1a6f3ba3376b4d43319312f0d77b31b8c33d372140ac1313493d37f2e76a3e3b74ddb86473586c196ec6fa971b99b81477c6a95409259bea538cdc339324aaa9ab9f71c8b6dd5eb4418c4]
[2026-10-07 17:24:12.037] [debug] [coffee] [SYS:OP_402] STAT:200 [H:HASTE_ENC:204ff71750f148bf8efeca69:30949432eacb070dc8eca1f4d6537dc6:412594d99ca42f6e01e6a8614e58336642f4ce7b5ff2614c7d851447da068f6d8dd6c68564379979f7c7974cfa91873e9982d262080e3b41dc]
[2026-10-07 17:24:12.038] [debug] [api] [api] event=did.callback status=ignored reason=local_did_not_open screen=temperature
[2026-10-07 17:24:12.274] [info]  [HASTE DB Save] Settings category "information" has been updated and saved to SQLite successfully.
[2026-10-07 17:24:12.281] [info]  [app] event=license.verify status=success state=approved storeId=01028730515
[2026-10-07 17:24:12.561] [info]  [task] [SYS:OP_601] STAT:200 [H:HASTE_ENC:e10f6f44056cd42c42a20cea:d4d50c4ff69c17663e22ddca858f6839:b9787355c974991da3e4e925efc2b8e5f115a58e489cba93c806b43f29f50b12fe2adf479d9e9961876c8122710a81945bb882ca2ec1c7358168f17ff2646dc63330437954abd8e8afaa8a900986b3b73ec8d250e28b9f6fd5a4ac520c0e2d5bed0f8bcd96d4b61baa155a56]
[2026-10-07 17:24:13.163] [debug] [coffee] [SYS:OP_402] STAT:200 [H:HASTE_ENC:85690971e19a327f0d4147f5:3467e0cbe13fcef6bc32bbe182d81123:ac6a71a6831545717cc4d437142d173d880bd00195dde1c3f43ef96a0cacedb2a6e3545d9a0a11f32d03efc688016d276c4e3a028ab794c1e0d3382d799cf837ec2c11223f89a635969b515686c56c74a2e4ea0ee981e793ecf79280f70d2f02b0449cce0b69dd612fedc7cf]
[2026-10-07 17:24:13.366] [info]  [HASTE Startup Auto-Rescue] Serialport incomplete after boot. Executing 1-shot automatic refresh reconnection...
[2026-10-07 17:24:13.367] [info]  [serialport] [serialport] event=serialport.connect status=started scope=all
[2026-10-07 17:24:13.510] [info]  [task] [SYS:OP_601] STAT:200 [H:HASTE_ENC:b675c739e1ce9696e60c0c47:a293034aafc0bf4f6a983651ee800abe:fe99e4895d399913c208178ef5982b1a412f6a5cb3c130cc72fe0a5ac9768cfc9180b871faac1ad7d1e94bd78584644c8d3d0c8f2dffd21b142eaf3d83e7f5481d418d3af0713a0df41a5c98a744]
[2026-10-07 17:24:13.548] [debug] [api] [api] event=did.callback status=started target=local screen=main
[2026-10-07 17:24:13.550] [debug] [serialport] [serialport] event=serialport.connect status=success boardName=board1 port=COM5
[2026-10-07 17:24:13.622] [debug] [serialport] [serialport] event=serialport.packet status=success boardName=board1 length=24 message="[RAW:ENC:HASTE_ENC:2b357359333ab92f8334b5fc:f27f4dd6330ebb62d82867301571caaa:691167a2e408e725a4ac7229af0a0e0b10d3bfe2907ee6f72544875ff480992cd1fcfe7b08d502663d976ee9940b]"
[2026-10-07 17:24:13.677] [debug] [serialport] [serialport] event=serialport.packet status=success boardName=board1 length=24 message="[RAW:ENC:HASTE_ENC:0dd7be225bdb367682862113:82c8b0f370a3b13838dc86633b3769aa:208627eca62e457dbca833487db057194584f2c8dfdcd53b84334c76dcc91fc47edcc4f4798c64f8ebbc24ba1572]"
[2026-10-07 17:24:13.678] [debug] [serialport] [serialport] event=serialport.packet.parse status=success boardName=board1 message="{\"isValidStx\":true,\"isValidEtx\":true,\"isValidDst\":true,\"isValidSrc\":true,\"isValidLength\":true,\"fnc\":\"1\",\"act\":\"D\",\"data\":{\"0\":48,\"1\":50,\"2\":48,\"3\":48,\"4\":65,\"5\":48,\"6\":48,\"7\":49,\"8\":48,\"9\":49,\"10\":65,\"11\":48,\"12\":48,\"13\":51,\"14\":52},\"values\":[\"02\",\"00\",\"A0\",\"01\",\"01\",\"A0\",\"03\"],\"part\":{},\"isValidChecksum\":true}"
[2026-10-07 17:24:14.909] [debug] [task] [SYS:OP_601] STAT:200 [H:HASTE_ENC:ef575c7abbd6537b368656ca:6931434de4832eaea51153b49a9ffd2b:2d6831a04988553fc1d17c3e84cbe512acbd47ef7521590143fca7cb0368bb37d68392a8a3af252fa98a0e97589a2d2564f7f6e113c2daa11f68bceca7f59cd08b7edfee8105176ed878847edb91aad306997f02818c73fd871d5d71fd47cc735f66eeb3b7b9ece86caef6378795181d41353153033318cd49c9685666830aef0baada4f4a01beec12e98c56f0cc798dc1e08e2badf1b64c9828f56dd464]
[2026-10-07 17:24:15.101] [debug] [task] [SYS:OP_601] STAT:200 [H:HASTE_ENC:7e8698d090b680c7fec8a76c:46e6e1528915e6cf377ee07b20f9cbe1:090390a8bf714909695169530ca14d1244278aa5a15d2e68fa24f87845908d2ba140350ef5ac167c63dd1d42868179475677c3d34bd5d25a26c51fb8b3e6da9763d0ed2462cb86b43b1adda88bb8ad41e854a04c54b2e6894c062792fa9e11acd70cd63263b2ca2082950de055a5cdd851]
[2026-10-07 17:24:15.103] [info]  [HASTE Auto-DID] Successfully auto-launched dual DIDs for approved store "01028730515"!
[2026-10-07 17:24:22.021] [info]  [api] [GoldenRecipeAPI] Successfully uploaded 84 sales stats to HQ DB
[2026-10-07 17:24:22.023] [info]  [api] [GoldenRecipe] Flushed 84 recipe sales stats to HQ Cloud Server.
[2026-10-07 17:25:00.402] [info]  [HASTE Menu Alignment] Active store syrups (12 registered, maxSlots: 12): [초코, 카라멜, 자몽, 오미자, 딸기, 설탕, 헤이즐넛, 바닐라, 레몬, 청포도, 복숭아, 얼그레이]
[2026-10-07 17:25:00.409] [info]  [HASTE Menu Alignment Completed] Activated: 0, Deactivated: 0
[2026-10-07 17:25:12.054] [info]  [HASTE Menu Alignment] Active store syrups (12 registered, maxSlots: 12): [초코, 카라멜, 자몽, 오미자, 딸기, 설탕, 헤이즐넛, 바닐라, 레몬, 청포도, 복숭아, 얼그레이]
[2026-10-07 17:25:12.059] [info]  [HASTE Menu Alignment Completed] Activated: 0, Deactivated: 0
[2026-10-07 17:25:22.454] [info]  [HASTE Menu Alignment] Active store syrups (12 registered, maxSlots: 12): [초코, 카라멜, 자몽, 오미자, 딸기, 설탕, 헤이즐넛, 바닐라, 레몬, 청포도, 복숭아, 얼그레이]
[2026-10-07 17:25:22.460] [info]  [HASTE Menu Alignment Completed] Activated: 0, Deactivated: 0
[2026-10-07 17:25:29.582] [info]  [HASTE Menu Alignment] Active store syrups (12 registered, maxSlots: 12): [초코, 카라멜, 자몽, 오미자, 딸기, 설탕, 헤이즐넛, 바닐라, 레몬, 청포도, 복숭아, 얼그레이]
[2026-10-07 17:25:29.588] [info]  [HASTE Menu Alignment Completed] Activated: 0, Deactivated: 0
[2026-10-07 17:25:57.898] [info]  [HASTE Menu Alignment] Active store syrups (12 registered, maxSlots: 12): [초코, 카라멜, 자몽, 오미자, 딸기, 설탕, 헤이즐넛, 바닐라, 레몬, 청포도, 복숭아, 얼그레이]
[2026-10-07 17:25:57.904] [info]  [HASTE Menu Alignment Completed] Activated: 0, Deactivated: 0
[2026-10-07 17:26:07.283] [info]  [HASTE Menu Alignment] Active store syrups (12 registered, maxSlots: 12): [초코, 카라멜, 자몽, 오미자, 딸기, 설탕, 헤이즐넛, 바닐라, 레몬, 청포도, 복숭아, 얼그레이]
[2026-10-07 17:26:07.291] [info]  [HASTE Menu Alignment Completed] Activated: 0, Deactivated: 0
[2026-10-07 17:26:50.363] [info]  [HASTE Menu Alignment] Active store syrups (12 registered, maxSlots: 12): [초코, 카라멜, 자몽, 오미자, 딸기, 설탕, 헤이즐넛, 바닐라, 레몬, 청포도, 복숭아, 얼그레이]
[2026-10-07 17:26:50.371] [info]  [HASTE Menu Alignment Completed] Activated: 0, Deactivated: 0
[2026-10-07 17:27:11.927] [info]  [HASTE Menu Alignment] Active store syrups (12 registered, maxSlots: 12): [초코, 카라멜, 자몽, 오미자, 딸기, 설탕, 헤이즐넛, 바닐라, 레몬, 청포도, 복숭아, 얼그레이]
[2026-10-07 17:27:11.934] [info]  [HASTE Menu Alignment Completed] Activated: 0, Deactivated: 0
[2026-10-07 17:27:18.041] [info]  [HASTE Menu Alignment] Active store syrups (12 registered, maxSlots: 12): [초코, 카라멜, 자몽, 오미자, 딸기, 설탕, 헤이즐넛, 바닐라, 레몬, 청포도, 복숭아, 얼그레이]
[2026-10-07 17:27:18.047] [info]  [HASTE Menu Alignment Completed] Activated: 0, Deactivated: 0
[2026-10-07 17:27:30.871] [info]  [HASTE Menu Alignment] Active store syrups (12 registered, maxSlots: 12): [초코, 카라멜, 자몽, 오미자, 딸기, 설탕, 헤이즐넛, 바닐라, 레몬, 청포도, 복숭아, 얼그레이]
[2026-10-07 17:27:30.891] [info]  [HASTE Menu Alignment Completed] Activated: 0, Deactivated: 0
[2026-10-07 17:27:32.321] [info]  [HASTE Menu Alignment] Active store syrups (12 registered, maxSlots: 12): [초코, 카라멜, 자몽, 오미자, 딸기, 설탕, 헤이즐넛, 바닐라, 레몬, 청포도, 복숭아, 얼그레이]
[2026-10-07 17:27:32.327] [info]  [HASTE Menu Alignment Completed] Activated: 0, Deactivated: 0
[2026-10-07 17:27:34.330] [info]  [HASTE Menu Alignment] Active store syrups (12 registered, maxSlots: 12): [초코, 카라멜, 자몽, 오미자, 딸기, 설탕, 헤이즐넛, 바닐라, 레몬, 청포도, 복숭아, 얼그레이]
[2026-10-07 17:27:34.343] [info]  [HASTE Menu Alignment Completed] Activated: 0, Deactivated: 0
[2026-10-07 17:31:42.280] [info]  [HASTE DB Save] Settings category "inventory" has been updated and saved to SQLite successfully.
[2026-10-07 17:31:42.285] [info]  [HASTE DB Save] Settings category "cup" has been updated and saved to SQLite successfully.
[2026-10-07 17:31:42.332] [info]  [HASTE DB Save] Settings category "information" has been updated and saved to SQLite successfully.
[2026-10-07 17:31:42.335] [info]  [HASTE DB Save] Settings category "information" has been updated and saved to SQLite successfully.
[2026-10-07 17:31:42.337] [info]  [HASTE DB Save] Settings category "information" has been updated and saved to SQLite successfully.
[2026-10-07 17:31:42.416] [info]  [HASTE Menu Alignment] Active store syrups (12 registered, maxSlots: 12): [초코, 카라멜, 자몽, 오미자, 딸기, 설탕, 헤이즐넛, 바닐라, 레몬, 청포도, 복숭아, 얼그레이]
[2026-10-07 17:31:42.420] [info]  [HASTE Menu Alignment Completed] Activated: 0, Deactivated: 0
[2026-10-07 17:31:42.857] [info]  [HASTE DB Save] Settings category "information" has been updated and saved to SQLite successfully.
[2026-10-07 17:31:43.383] [info]  [task] [SYS:OP_601] STAT:200 [H:HASTE_ENC:5854bcaae9c57555784c0fa7:d1e79df5c7f8f0b667ae51e759d1b624:e270aa108ae3fe2f79fc6ee9c4c56dd08847abfcc8a2ab372079d0a4baf38cad01781e4441eca416ec3d0b3f8446622873cc79396450c852fc499d81e2e7387ee34eb5edfd931490711f18f5e32ec3f7d90db93b877b80532767ffc3b3abc154660f3f7f77a41b6f450bb834]
[2026-10-07 17:31:43.389] [info]  [HASTE DB Save] Settings category "information" has been updated and saved to SQLite successfully.
[2026-10-07 17:31:50.117] [info]  [HASTE DB Save] Settings category "information" has been updated and saved to SQLite successfully.
[2026-10-07 17:31:50.121] [info]  [HASTE DB Save] Settings category "information" has been updated and saved to SQLite successfully.
[2026-10-07 17:31:50.125] [info]  [HASTE DB Save] Settings category "information" has been updated and saved to SQLite successfully.