[2026-08-16 23:58:04.279] [debug] [cup] [cup] event=cup.sensor status=success cupName=컵1 sensor=motorRotationCheckSwitch1 value=0
[2026-08-16 23:58:04.379] [debug] [cup] [cup] event=cup.sensor status=success cupName=컵1 sensor=motorRotationCheckSwitch1 value=0
[2026-08-16 23:58:04.422] [debug] [serialport] [serialport] event=serialport.packet status=success boardName=board1 length=10 message="bytearray(b'\\x02034QCP7B\\x03')"
[2026-08-16 23:58:04.428] [debug] [serialport] [serialport] event=serialport.packet status=success boardName=board1 length=10 message="bytearray(b'\\x02034QCP7B\\x03')"
[2026-08-16 23:58:04.432] [debug] [serialport] [serialport] event=serialport.packet status=success boardName=board1 length=10 message="bytearray(b'\\x02034QCP7B\\x03')"
[2026-08-16 23:58:04.488] [debug] [cup] [cup] event=cup.sensor status=success cupName=컵1 sensor=motorRotationCheckSwitch1 value=0
[2026-08-16 23:58:04.564] [debug] [serialport] [serialport] event=serialport.packet status=success boardName=board1 length=70 message="bytearray(b'\\x02174DPC00\\x02174DPC0000\\x02174DPC0000100000000010000100000000000000000000F6\\x03')"
[2026-08-16 23:58:04.566] [debug] [serialport] [serialport] event=serialport.packet.parse status=success boardName=board1 message="{\"isValidStx\":true,\"isValidEtx\":true,\"isValidDst\":true,\"isValidSrc\":true,\"isValidLength\":false,\"fnc\":\"4\",\"act\":\"D\",\"data\":{\"0\":48,\"1\":48,\"2\":2,\"3\":49,\"4\":55,\"5\":52,\"6\":68,\"7\":80,\"8\":67,\"9\":48,\"10\":48,\"11\":48,\"12\":48,\"13\":2,\"14\":49,\"15\":55,\"16\":52,\"17\":68,\"18\":80,\"19\":67,\"20\":48,\"21\":48,\"22\":48,\"23\":48,\"24\":49,\"25\":48,\"26\":48,\"27\":48,\"28\":48,\"29\":48,\"30\":48,\"31\":48,\"32\":48,\"33\":48,\"34\":49,\"35\":48,\"36\":48,\"37\":48,\"38\":48,\"39\":49,\"40\":48,\"41\":48,\"42\":48,\"43\":48,\"44\":48,\"45\":48,\"46\":48,\"47\":48,\"48\":48,\"49\":48,\"50\":48,\"51\":48,\"52\":48,\"53\":48,\"54\":48,\"55\":48,\"56\":48,\"57\":48,\"58\":48,\"59\":48,\"60\":70},..."
[2026-08-16 23:58:04.568] [debug] [serialport] [serialport] event=serialport.packet.parse status=ignored reason=invalid_packet boardName=board1
[2026-08-16 23:58:04.605] [debug] [cup] [cup] event=cup.sensor status=success cupName=컵1 sensor=motorRotationCheckSwitch1 value=0
[2026-08-16 23:58:04.629] [debug] [serialport] [serialport] event=serialport.packet status=success boardName=board1 length=10 message="bytearray(b'\\x02034QCP7B\\x03')"
[2026-08-16 23:58:04.631] [debug] [serialport] [serialport] event=serialport.packet status=success boardName=board1 length=10 message="bytearray(b'\\x02034QCP7B\\x03')"
[2026-08-16 23:58:04.633] [debug] [serialport] [serialport] event=serialport.packet status=success boardName=board1 length=10 message="bytearray(b'\\x02034QCP7B\\x03')"
[2026-08-16 23:58:04.638] [debug] [serialport] [serialport] event=serialport.packet status=success boardName=board1 length=10 message="bytearray(b'\\x02034QCP7B\\x03')"
[2026-08-16 23:58:04.707] [debug] [cup] [cup] event=cup.sensor status=success cupName=컵1 sensor=motorRotationCheckSwitch1 value=0
[2026-08-16 23:58:04.763] [debug] [serialport] [serialport] event=serialport.packet status=success boardName=board1 length=82 message="bytearray(b'\\x02174DPC000010\\x02174DPC0\\x02174DPC0000\\x02174DPC0000100000000010000100000000000000000000F6\\x03')"
[2026-08-16 23:58:04.767] [debug] [serialport] [serialport] event=serialport.packet.parse status=success boardName=board1 message="{\"isValidStx\":true,\"isValidEtx\":true,\"isValidDst\":true,\"isValidSrc\":true,\"isValidLength\":false,\"fnc\":\"4\",\"act\":\"D\",\"data\":{\"0\":48,\"1\":48,\"2\":48,\"3\":48,\"4\":49,\"5\":48,\"6\":2,\"7\":49,\"8\":55,\"9\":52,\"10\":68,\"11\":80,\"12\":67,\"13\":48,\"14\":2,\"15\":49,\"16\":55,\"17\":52,\"18\":68,\"19\":80,\"20\":67,\"21\":48,\"22\":48,\"23\":48,\"24\":48,\"25\":2,\"26\":49,\"27\":55,\"28\":52,\"29\":68,\"30\":80,\"31\":67,\"32\":48,\"33\":48,\"34\":48,\"35\":48,\"36\":49,\"37\":48,\"38\":48,\"39\":48,\"40\":48,\"41\":48,\"42\":48,\"43\":48,\"44\":48,\"45\":48,\"46\":49,\"47\":48,\"48\":48,\"49\":48,\"50\":48,\"51\":49,\"52\":48,\"53\":48,\"54\":48,\"55\":48,\"56\":48,\"57\":48,\"58\":48,\"59\":48,\"60\":48,\"6..."
[2026-08-16 23:58:04.771] [debug] [serialport] [serialport] event=serialport.packet.parse status=ignored reason=invalid_packet boardName=board1
[2026-08-16 23:58:04.812] [debug] [cup] [cup] event=cup.sensor status=success cupName=컵1 sensor=motorRotationCheckSwitch1 value=0
[2026-08-16 23:58:04.832] [debug] [serialport] [serialport] event=serialport.packet status=success boardName=board1 length=10 message="bytearray(b'\\x02034QCP7B\\x03')"
[2026-08-16 23:58:04.835] [debug] [serialport] [serialport] event=serialport.packet status=success boardName=board1 length=10 message="bytearray(b'\\x02034QCP7B\\x03')"
[2026-08-16 23:58:04.920] [debug] [cup] [cup] event=cup.sensor status=success cupName=컵1 sensor=motorRotationCheckSwitch1 value=0
[2026-08-16 23:58:04.987] [debug] [serialport] [serialport] event=serialport.packet status=success boardName=board1 length=59 message="bytearray(b'\\x02174DPC00\\x02174DPC0000101000000010000100000000000000000000F7\\x03')"
[2026-08-16 23:58:04.990] [debug] [serialport] [serialport] event=serialport.packet.parse status=success boardName=board1 message="{\"isValidStx\":true,\"isValidEtx\":true,\"isValidDst\":true,\"isValidSrc\":true,\"isValidLength\":false,\"fnc\":\"4\",\"act\":\"D\",\"data\":{\"0\":48,\"1\":48,\"2\":2,\"3\":49,\"4\":55,\"5\":52,\"6\":68,\"7\":80,\"8\":67,\"9\":48,\"10\":48,\"11\":48,\"12\":48,\"13\":49,\"14\":48,\"15\":49,\"16\":48,\"17\":48,\"18\":48,\"19\":48,\"20\":48,\"21\":48,\"22\":48,\"23\":49,\"24\":48,\"25\":48,\"26\":48,\"27\":48,\"28\":49,\"29\":48,\"30\":48,\"31\":48,\"32\":48,\"33\":48,\"34\":48,\"35\":48,\"36\":48,\"37\":48,\"38\":48,\"39\":48,\"40\":48,\"41\":48,\"42\":48,\"43\":48,\"44\":48,\"45\":48,\"46\":48,\"47\":48,\"48\":48,\"49\":70},\"values\":[0,0,-46,1,7,4,20,32,19,0,0,0,0,1,0,1,0,0,0,0,0,0,0,1,0,0,0,0,1,0,0,0,0,0,0,0,..."
[2026-08-16 23:58:04.991] [debug] [serialport] [serialport] event=serialport.packet.parse status=ignored reason=invalid_packet boardName=board1
[2026-08-16 23:58:05.009] [debug] [serialport] [serialport] event=serialport.packet status=success boardName=board1 length=10 message="bytearray(b'\\x02034QCP7B\\x03')"
[2026-08-16 23:58:05.015] [debug] [serialport] [serialport] event=serialport.packet status=success boardName=board1 length=10 message="bytearray(b'\\x02034QCP7B\\x03')"
[2026-08-16 23:58:05.020] [debug] [cup] [cup] event=cup.sensor status=success cupName=컵1 sensor=motorRotationCheckSwitch1 value=0
[2026-08-16 23:58:05.132] [debug] [cup] [cup] event=cup.sensor status=success cupName=컵1 sensor=motorRotationCheckSwitch1 value=0
[2026-08-16 23:58:05.177] [debug] [serialport] [serialport] event=serialport.packet status=success boardName=board1 length=63 message="bytearray(b'\\x02174DPC000010\\x02174DPC0000100000000010000100000000000000000000F6\\x03')"
[2026-08-16 23:58:05.180] [debug] [serialport] [serialport] event=serialport.packet.parse status=success boardName=board1 message="{\"isValidStx\":true,\"isValidEtx\":true,\"isValidDst\":true,\"isValidSrc\":true,\"isValidLength\":false,\"fnc\":\"4\",\"act\":\"D\",\"data\":{\"0\":48,\"1\":48,\"2\":48,\"3\":48,\"4\":49,\"5\":48,\"6\":2,\"7\":49,\"8\":55,\"9\":52,\"10\":68,\"11\":80,\"12\":67,\"13\":48,\"14\":48,\"15\":48,\"16\":48,\"17\":49,\"18\":48,\"19\":48,\"20\":48,\"21\":48,\"22\":48,\"23\":48,\"24\":48,\"25\":48,\"26\":48,\"27\":49,\"28\":48,\"29\":48,\"30\":48,\"31\":48,\"32\":49,\"33\":48,\"34\":48,\"35\":48,\"36\":48,\"37\":48,\"38\":48,\"39\":48,\"40\":48,\"41\":48,\"42\":48,\"43\":48,\"44\":48,\"45\":48,\"46\":48,\"47\":48,\"48\":48,\"49\":48,\"50\":48,\"51\":48,\"52\":48,\"53\":70},\"values\":[0,0,0,0,1,0,-46,1,7,4,20,32,19,0,0,0,0,1,0,0,..."
[2026-08-16 23:58:05.181] [debug] [serialport] [serialport] event=serialport.packet.parse status=ignored reason=invalid_packet boardName=board1
[2026-08-16 23:58:05.233] [debug] [cup] [cup] event=cup.sensor status=success cupName=컵1 sensor=motorRotationCheckSwitch1 value=0
[2026-08-16 23:58:05.236] [debug] [serialport] [serialport] event=serialport.packet status=success boardName=board1 length=10 message="bytearray(b'\\x02034QCP7B\\x03')"
[2026-08-16 23:58:05.341] [debug] [cup] [cup] event=cup.sensor status=success cupName=컵1 sensor=motorRotationCheckSwitch1 value=0
[2026-08-16 23:58:05.388] [debug] [serialport] [serialport] event=serialport.packet status=success boardName=board1 length=50 message="bytearray(b'\\x02174DPC0000100000000010000100000000000000000000F6\\x03')"
[2026-08-16 23:58:05.391] [debug] [serialport] [serialport] event=serialport.packet.parse status=success boardName=board1 message="{\"isValidStx\":true,\"isValidEtx\":true,\"isValidDst\":true,\"isValidSrc\":true,\"isValidLength\":true,\"fnc\":\"4\",\"act\":\"D\",\"data\":{\"0\":48,\"1\":48,\"2\":48,\"3\":48,\"4\":49,\"5\":48,\"6\":48,\"7\":48,\"8\":48,\"9\":48,\"10\":48,\"11\":48,\"12\":48,\"13\":48,\"14\":49,\"15\":48,\"16\":48,\"17\":48,\"18\":48,\"19\":49,\"20\":48,\"21\":48,\"22\":48,\"23\":48,\"24\":48,\"25\":48,\"26\":48,\"27\":48,\"28\":48,\"29\":48,\"30\":48,\"31\":48,\"32\":48,\"33\":48,\"34\":48,\"35\":48,\"36\":48,\"37\":48,\"38\":48,\"39\":48,\"40\":70},\"values\":[0,0,0,0,1,0,0,0,0,0,0,0,0,0,1,0,0,0,0,1,0,0,0,0,0,0,0,0,0,0,0,0,0,0,0,0,0,0,0,0,22],\"part\":{},\"isValidChecksum\":true}"
[2026-08-16 23:58:05.446] [debug] [cup] [cup] event=cup.sensor status=success cupName=컵1 sensor=motorRotationCheckSwitch1 value=0
[2026-08-16 23:58:05.477] [debug] [serialport] [serialport] event=serialport.packet status=success boardName=board1 length=10 message="bytearray(b'\\x02034QCP7B\\x03')"
[2026-08-16 23:58:05.480] [debug] [serialport] [serialport] event=serialport.packet status=success boardName=board1 length=10 message="bytearray(b'\\x02034QCP7B\\x03')"
[2026-08-16 23:58:05.481] [debug] [serialport] [serialport] event=serialport.packet status=success boardName=board1 length=10 message="bytearray(b'\\x02034QCP7B\\x03')"
[2026-08-16 23:58:05.555] [debug] [cup] [cup] event=cup.sensor status=success cupName=컵1 sensor=motorRotationCheckSwitch1 value=0
[2026-08-16 23:58:05.626] [debug] [serialport] [serialport] event=serialport.packet status=success boardName=board1 length=70 message="bytearray(b'\\x02174DPC000010\\x02174DPC\\x02174DPC0000100000000010000100000000000000000000F6\\x03')"
[2026-08-16 23:58:05.628] [debug] [serialport] [serialport] event=serialport.packet.parse status=success boardName=board1 message="{\"isValidStx\":true,\"isValidEtx\":true,\"isValidDst\":true,\"isValidSrc\":true,\"isValidLength\":false,\"fnc\":\"4\",\"act\":\"D\",\"data\":{\"0\":48,\"1\":48,\"2\":48,\"3\":48,\"4\":49,\"5\":48,\"6\":2,\"7\":49,\"8\":55,\"9\":52,\"10\":68,\"11\":80,\"12\":67,\"13\":2,\"14\":49,\"15\":55,\"16\":52,\"17\":68,\"18\":80,\"19\":67,\"20\":48,\"21\":48,\"22\":48,\"23\":48,\"24\":49,\"25\":48,\"26\":48,\"27\":48,\"28\":48,\"29\":48,\"30\":48,\"31\":48,\"32\":48,\"33\":48,\"34\":49,\"35\":48,\"36\":48,\"37\":48,\"38\":48,\"39\":49,\"40\":48,\"41\":48,\"42\":48,\"43\":48,\"44\":48,\"45\":48,\"46\":48,\"47\":48,\"48\":48,\"49\":48,\"50\":48,\"51\":48,\"52\":48,\"53\":48,\"54\":48,\"55\":48,\"56\":48,\"57\":48,\"58\":48,\"59\":48,\"60\":70},..."
[2026-08-16 23:58:05.630] [debug] [serialport] [serialport] event=serialport.packet.parse status=ignored reason=invalid_packet boardName=board1
[2026-08-16 23:58:05.638] [debug] [serialport] [serialport] event=serialport.packet status=success boardName=board1 length=10 message="bytearray(b'\\x02034QCP7B\\x03')"
[2026-08-16 23:58:05.640] [debug] [serialport] [serialport] event=serialport.packet status=success boardName=board1 length=10 message="bytearray(b'\\x02034QCP7B\\x03')"
[2026-08-16 23:58:05.665] [debug] [cup] [cup] event=cup.sensor status=success cupName=컵1 sensor=motorRotationCheckSwitch1 value=0
[2026-08-16 23:58:05.760] [debug] [serialport] [serialport] event=serialport.packet status=success boardName=board1 length=10 message="bytearray(b'\\x02034QCP7B\\x03')"
[2026-08-16 23:58:05.765] [debug] [cup] [cup] event=cup.sensor status=success cupName=컵1 sensor=motorRotationCheckSwitch1 value=0
[2026-08-16 23:58:05.797] [debug] [serialport] [serialport] event=serialport.packet status=success boardName=board1 length=63 message="bytearray(b'\\x02174DPC000010\\x02174DPC0000100000000010000100000000000000000000F6\\x03')"
[2026-08-16 23:58:05.799] [debug] [serialport] [serialport] event=serialport.packet.parse status=success boardName=board1 message="{\"isValidStx\":true,\"isValidEtx\":true,\"isValidDst\":true,\"isValidSrc\":true,\"isValidLength\":false,\"fnc\":\"4\",\"act\":\"D\",\"data\":{\"0\":48,\"1\":48,\"2\":48,\"3\":48,\"4\":49,\"5\":48,\"6\":2,\"7\":49,\"8\":55,\"9\":52,\"10\":68,\"11\":80,\"12\":67,\"13\":48,\"14\":48,\"15\":48,\"16\":48,\"17\":49,\"18\":48,\"19\":48,\"20\":48,\"21\":48,\"22\":48,\"23\":48,\"24\":48,\"25\":48,\"26\":48,\"27\":49,\"28\":48,\"29\":48,\"30\":48,\"31\":48,\"32\":49,\"33\":48,\"34\":48,\"35\":48,\"36\":48,\"37\":48,\"38\":48,\"39\":48,\"40\":48,\"41\":48,\"42\":48,\"43\":48,\"44\":48,\"45\":48,\"46\":48,\"47\":48,\"48\":48,\"49\":48,\"50\":48,\"51\":48,\"52\":48,\"53\":70},\"values\":[0,0,0,0,1,0,-46,1,7,4,20,32,19,0,0,0,0,1,0,0,..."
[2026-08-16 23:58:05.801] [debug] [serialport] [serialport] event=serialport.packet.parse status=ignored reason=invalid_packet boardName=board1
[2026-08-16 23:58:05.867] [debug] [cup] [cup] event=cup.sensor status=success cupName=컵1 sensor=motorRotationCheckSwitch1 value=0
[2026-08-16 23:58:05.881] [debug] [serialport] [serialport] event=serialport.packet status=success boardName=board1 length=10 message="bytearray(b'\\x02034QCP7B\\x03')"
[2026-08-16 23:58:05.887] [debug] [serialport] [serialport] event=serialport.packet status=success boardName=board1 length=50 message="bytearray(b'\\x02174DPC0000100000000010000100000000000000000000F6\\x03')"
[2026-08-16 23:58:05.891] [debug] [serialport] [serialport] event=serialport.packet.parse status=success boardName=board1 message="{\"isValidStx\":true,\"isValidEtx\":true,\"isValidDst\":true,\"isValidSrc\":true,\"isValidLength\":true,\"fnc\":\"4\",\"act\":\"D\",\"data\":{\"0\":48,\"1\":48,\"2\":48,\"3\":48,\"4\":49,\"5\":48,\"6\":48,\"7\":48,\"8\":48,\"9\":48,\"10\":48,\"11\":48,\"12\":48,\"13\":48,\"14\":49,\"15\":48,\"16\":48,\"17\":48,\"18\":48,\"19\":49,\"20\":48,\"21\":48,\"22\":48,\"23\":48,\"24\":48,\"25\":48,\"26\":48,\"27\":48,\"28\":48,\"29\":48,\"30\":48,\"31\":48,\"32\":48,\"33\":48,\"34\":48,\"35\":48,\"36\":48,\"37\":48,\"38\":48,\"39\":48,\"40\":70},\"values\":[0,0,0,0,1,0,0,0,0,0,0,0,0,0,1,0,0,0,0,1,0,0,0,0,0,0,0,0,0,0,0,0,0,0,0,0,0,0,0,0,22],\"part\":{},\"isValidChecksum\":true}"
[2026-08-16 23:58:05.976] [debug] [cup] [cup] event=cup.sensor status=success cupName=컵1 sensor=motorRotationCheckSwitch1 value=0
[2026-08-16 23:58:05.999] [debug] [serialport] [serialport] event=serialport.packet status=success boardName=board1 length=10 message="bytearray(b'\\x02034QCP7B\\x03')"
[2026-08-16 23:58:06.001] [debug] [serialport] [serialport] event=serialport.packet status=success boardName=board1 length=10 message="bytearray(b'\\x02034QCP7B\\x03')"
[2026-08-16 23:58:06.037] [debug] [serialport] [serialport] event=serialport.packet status=success boardName=board1 length=50 message="bytearray(b'\\x02174DPC0000100000000010000100000000000000000000F6\\x03')"
[2026-08-16 23:58:06.045] [debug] [serialport] [serialport] event=serialport.packet.parse status=success boardName=board1 message="{\"isValidStx\":true,\"isValidEtx\":true,\"isValidDst\":true,\"isValidSrc\":true,\"isValidLength\":true,\"fnc\":\"4\",\"act\":\"D\",\"data\":{\"0\":48,\"1\":48,\"2\":48,\"3\":48,\"4\":49,\"5\":48,\"6\":48,\"7\":48,\"8\":48,\"9\":48,\"10\":48,\"11\":48,\"12\":48,\"13\":48,\"14\":49,\"15\":48,\"16\":48,\"17\":48,\"18\":48,\"19\":49,\"20\":48,\"21\":48,\"22\":48,\"23\":48,\"24\":48,\"25\":48,\"26\":48,\"27\":48,\"28\":48,\"29\":48,\"30\":48,\"31\":48,\"32\":48,\"33\":48,\"34\":48,\"35\":48,\"36\":48,\"37\":48,\"38\":48,\"39\":48,\"40\":70},\"values\":[0,0,0,0,1,0,0,0,0,0,0,0,0,0,1,0,0,0,0,1,0,0,0,0,0,0,0,0,0,0,0,0,0,0,0,0,0,0,0,0,22],\"part\":{},\"isValidChecksum\":true}"
[2026-08-16 23:58:06.086] [debug] [cup] [cup] event=cup.sensor status=success cupName=컵1 sensor=motorRotationCheckSwitch1 value=0
[2026-08-16 23:58:06.108] [debug] [serialport] [serialport] event=serialport.packet status=success boardName=board1 length=59 message="bytearray(b'\\x02174DPC00\\x02174DPC0000100000000010000100000000000000000000F6\\x03')"
[2026-08-16 23:58:06.112] [debug] [serialport] [serialport] event=serialport.packet.parse status=success boardName=board1 message="{\"isValidStx\":true,\"isValidEtx\":true,\"isValidDst\":true,\"isValidSrc\":true,\"isValidLength\":false,\"fnc\":\"4\",\"act\":\"D\",\"data\":{\"0\":48,\"1\":48,\"2\":2,\"3\":49,\"4\":55,\"5\":52,\"6\":68,\"7\":80,\"8\":67,\"9\":48,\"10\":48,\"11\":48,\"12\":48,\"13\":49,\"14\":48,\"15\":48,\"16\":48,\"17\":48,\"18\":48,\"19\":48,\"20\":48,\"21\":48,\"22\":48,\"23\":49,\"24\":48,\"25\":48,\"26\":48,\"27\":48,\"28\":49,\"29\":48,\"30\":48,\"31\":48,\"32\":48,\"33\":48,\"34\":48,\"35\":48,\"36\":48,\"37\":48,\"38\":48,\"39\":48,\"40\":48,\"41\":48,\"42\":48,\"43\":48,\"44\":48,\"45\":48,\"46\":48,\"47\":48,\"48\":48,\"49\":70},\"values\":[0,0,-46,1,7,4,20,32,19,0,0,0,0,1,0,0,0,0,0,0,0,0,0,1,0,0,0,0,1,0,0,0,0,0,0,0,..."
[2026-08-16 23:58:06.116] [debug] [serialport] [serialport] event=serialport.packet.parse status=ignored reason=invalid_packet boardName=board1
[2026-08-16 23:58:06.197] [debug] [cup] [cup] event=cup.sensor status=success cupName=컵1 sensor=motorRotationCheckSwitch1 value=0
[2026-08-16 23:58:06.240] [debug] [serialport] [serialport] event=serialport.packet status=success boardName=board1 length=10 message="bytearray(b'\\x02034QCP7B\\x03')"
[2026-08-16 23:58:06.263] [debug] [serialport] [serialport] event=serialport.packet status=success boardName=board1 length=50 message="bytearray(b'\\x02174DPC0000100000000010000100000000000000000000F6\\x03')"
[2026-08-16 23:58:06.266] [debug] [serialport] [serialport] event=serialport.packet.parse status=success boardName=board1 message="{\"isValidStx\":true,\"isValidEtx\":true,\"isValidDst\":true,\"isValidSrc\":true,\"isValidLength\":true,\"fnc\":\"4\",\"act\":\"D\",\"data\":{\"0\":48,\"1\":48,\"2\":48,\"3\":48,\"4\":49,\"5\":48,\"6\":48,\"7\":48,\"8\":48,\"9\":48,\"10\":48,\"11\":48,\"12\":48,\"13\":48,\"14\":49,\"15\":48,\"16\":48,\"17\":48,\"18\":48,\"19\":49,\"20\":48,\"21\":48,\"22\":48,\"23\":48,\"24\":48,\"25\":48,\"26\":48,\"27\":48,\"28\":48,\"29\":48,\"30\":48,\"31\":48,\"32\":48,\"33\":48,\"34\":48,\"35\":48,\"36\":48,\"37\":48,\"38\":48,\"39\":48,\"40\":70},\"values\":[0,0,0,0,1,0,0,0,0,0,0,0,0,0,1,0,0,0,0,1,0,0,0,0,0,0,0,0,0,0,0,0,0,0,0,0,0,0,0,0,22],\"part\":{},\"isValidChecksum\":true}"
[2026-08-16 23:58:06.305] [debug] [cup] [cup] event=cup.sensor status=success cupName=컵1 sensor=motorRotationCheckSwitch1 value=0
[2026-08-16 23:58:06.326] [error] [cup] [cup] event=cup.out status=failed reason=timeout cupName=컵1 sensor=motorRotationCheckSwitch1 motor=cupDropMotor1 timeoutMs=4000
[2026-08-16 23:58:06.415] [debug] [serialport] [serialport] event=serialport.packet status=success boardName=board1 length=10 message="bytearray(b'\\x02034QCP7B\\x03')"
[2026-08-16 23:58:06.418] [debug] [serialport] [serialport] event=serialport.packet status=success boardName=board1 length=10 message="bytearray(b'\\x02034QCP7B\\x03')"
[2026-08-16 23:58:06.461] [debug] [serialport] [serialport] event=serialport.packet status=success boardName=board1 length=59 message="bytearray(b'\\x02174DPC00\\x02174DPC0000100000000010000100000000000000000000F6\\x03')"
[2026-08-16 23:58:06.464] [debug] [serialport] [serialport] event=serialport.packet.parse status=success boardName=board1 message="{\"isValidStx\":true,\"isValidEtx\":true,\"isValidDst\":true,\"isValidSrc\":true,\"isValidLength\":false,\"fnc\":\"4\",\"act\":\"D\",\"data\":{\"0\":48,\"1\":48,\"2\":2,\"3\":49,\"4\":55,\"5\":52,\"6\":68,\"7\":80,\"8\":67,\"9\":48,\"10\":48,\"11\":48,\"12\":48,\"13\":49,\"14\":48,\"15\":48,\"16\":48,\"17\":48,\"18\":48,\"19\":48,\"20\":48,\"21\":48,\"22\":48,\"23\":49,\"24\":48,\"25\":48,\"26\":48,\"27\":48,\"28\":49,\"29\":48,\"30\":48,\"31\":48,\"32\":48,\"33\":48,\"34\":48,\"35\":48,\"36\":48,\"37\":48,\"38\":48,\"39\":48,\"40\":48,\"41\":48,\"42\":48,\"43\":48,\"44\":48,\"45\":48,\"46\":48,\"47\":48,\"48\":48,\"49\":70},\"values\":[0,0,-46,1,7,4,20,32,19,0,0,0,0,1,0,0,0,0,0,0,0,0,0,1,0,0,0,0,1,0,0,0,0,0,0,0,..."
[2026-08-16 23:58:06.465] [debug] [serialport] [serialport] event=serialport.packet.parse status=ignored reason=invalid_packet boardName=board1
[2026-08-16 23:58:06.538] [debug] [serialport] [serialport] event=serialport.packet status=success boardName=board1 length=10 message="bytearray(b'\\x02034QCP7B\\x03')"
[2026-08-16 23:58:06.544] [debug] [serialport] [serialport] event=serialport.packet status=success boardName=board1 length=14 message="bytearray(b'\\x02056DCP300035\\x03')"
[2026-08-16 23:58:06.550] [error] [task] [task] event=brew.step status=failed orderId=INSTANT_1786892280110 menuName=ICED아메리카노(다크시그니처)(연하게) step=step2 reason=step_failed message="[INSTANT_1786892280110] [ICED아메리카노(다크시그니처)(연하게)] 컵 추출 실패: 컵1"
[2026-08-16 23:58:06.553] [debug] [api] [api] event=did.callback status=started orderId=INSTANT_1786892280110 menuName=ICED아메리카노(다크시그니처)(연하게) state=2 target=local url=http://127.0.0.1:8080/sse/did
[2026-08-16 23:58:06.569] [debug] [api] [api] event=did.callback status=started orderId=INSTANT_1786892280110 menuName=ICED아메리카노(다크시그니처)(연하게) state=2 target=remote url=http://127.0.0.1:8080/sse/did
[2026-08-16 23:58:06.635] [debug] [api] [api] event=did.callback status=success attempt=1 httpStatus=202 url=http://127.0.0.1:8080/sse/did
[2026-08-16 23:58:06.656] [debug] [api] [api] event=did.callback status=success attempt=1 httpStatus=202 url=http://127.0.0.1:8080/sse/did
[2026-08-16 23:58:06.662] [error] [task] [task] event=task.fail status=failed orderId=INSTANT_1786892280110 reason=brew_failed message="[INSTANT_1786892280110] [ICED아메리카노(다크시그니처)(연하게)] 컵 추출 실패: 컵1"
[2026-08-16 23:58:06.716] [error] [task] [task] event=task.queue status=failed orderId=INSTANT_1786892280110 reason=task_run_failed description=음료_제조_(INSTANT_1786892280110) message="BREW_STEP_FAILED:2:[INSTANT_1786892280110] [ICED아메리카노(다크시그니처)(연하게)] 컵 추출 실패: 컵1"
[2026-08-16 23:58:07.081] [debug] [serialport] [serialport] event=serialport.packet status=success boardName=board1 length=27 message="bytearray(b'\\x02174DPC0000100000\\x02036APC6D\\x03')"
[2026-08-16 23:58:07.083] [debug] [serialport] [serialport] event=serialport.packet.parse status=success boardName=board1 message="{\"isValidStx\":true,\"isValidEtx\":true,\"isValidDst\":true,\"isValidSrc\":true,\"isValidLength\":false,\"fnc\":\"4\",\"act\":\"D\",\"data\":{\"0\":48,\"1\":48,\"2\":48,\"3\":48,\"4\":49,\"5\":48,\"6\":48,\"7\":48,\"8\":48,\"9\":48,\"10\":2,\"11\":48,\"12\":51,\"13\":54,\"14\":65,\"15\":80,\"16\":67,\"17\":54},\"values\":[0,0,0,0,1,0,0,0,0,0,-46,0,3,6,17,32,19,6],\"part\":{},\"isValidChecksum\":false}"
[2026-08-16 23:58:07.085] [debug] [serialport] [serialport] event=serialport.packet.parse status=ignored reason=invalid_packet boardName=board1