[2026-08-18 02:45:53.855] [debug] [water] event=test.water status=started waterType=purified amount=45
[2026-08-18 02:45:54.954] [debug] [water] event=test.water status=success waterType=purified amount=45
[2026-08-18 03:09:29.029] [debug] [water] event=ice.out status=success protocol=ICE amount=4000 goal=4400 current=0 phase=started
[2026-08-18 03:09:29.035] [debug] [water] event=water.out status=success protocol=COLD name=정수 amount=200 goal=252 sec=4 phase=started
[2026-08-18 03:09:29.164] [debug] [water] event=ice.out status=success protocol=ICE amount=4000 goal=4400 boardName=board1 phase=complete current=4400
[2026-08-18 03:09:33.317] [debug] [water] event=water.out status=success protocol=COLD name=정수 amount=200 phase=complete current=200
[2026-08-18 03:15:10.072] [debug] [water] event=ice.out status=success protocol=ICE amount=4000 goal=4400 current=0 phase=started
[2026-08-18 03:15:10.074] [debug] [water] event=water.out status=success protocol=COLD name=정수 amount=200 goal=252 sec=4 phase=started
[2026-08-18 03:15:10.258] [debug] [water] event=ice.out status=success protocol=ICE amount=4000 goal=4400 boardName=board1 phase=complete current=4400
[2026-08-18 03:15:14.364] [debug] [water] event=water.out status=success protocol=COLD name=정수 amount=200 phase=complete current=200
[2026-08-18 03:41:27.042] [debug] [water] event=ice.out status=success protocol=ICE amount=5100 goal=5610 current=0 phase=started
[2026-08-18 03:41:27.047] [debug] [water] event=water.out status=success protocol=COLD name=정수 amount=240 goal=302 sec=5 phase=started
[2026-08-18 03:41:27.202] [debug] [water] event=ice.out status=success protocol=ICE amount=5100 goal=5610 boardName=board1 phase=complete current=5610
[2026-08-18 03:41:32.363] [debug] [water] event=water.out status=success protocol=COLD name=정수 amount=240 phase=complete current=240
[2026-08-18 03:42:25.845] [debug] [water] event=ice.out status=success protocol=ICE amount=4000 goal=4400 current=0 phase=started
[2026-08-18 03:42:25.848] [debug] [water] event=water.out status=success protocol=COLD name=정수 amount=200 goal=252 sec=4 phase=started
[2026-08-18 03:42:25.962] [debug] [water] event=ice.out status=success protocol=ICE amount=4000 goal=4400 boardName=board1 phase=complete current=4400
[2026-08-18 03:42:30.074] [debug] [water] event=water.out status=success protocol=COLD name=정수 amount=200 phase=complete current=200
[2026-08-18 04:30:16.522] [debug] [water] event=ice.out status=success protocol=ICE amount=4000 goal=4400 current=0 phase=started
[2026-08-18 04:30:16.524] [debug] [water] event=water.out status=success protocol=COLD name=정수 amount=200 goal=252 sec=4 phase=started
[2026-08-18 04:30:16.626] [debug] [water] event=ice.out status=success protocol=ICE amount=4000 goal=4400 boardName=board1 phase=complete current=4400
[2026-08-18 04:30:20.788] [debug] [water] event=water.out status=success protocol=COLD name=정수 amount=200 phase=complete current=200
[2026-08-18 04:53:12.476] [debug] [water] event=ice.out status=success protocol=ICE amount=5100 goal=5610 current=0 phase=started
[2026-08-18 04:53:12.479] [debug] [water] event=water.out status=success protocol=COLD name=정수 amount=240 goal=302 sec=5 phase=started
[2026-08-18 04:53:12.762] [debug] [water] event=ice.out status=success protocol=ICE amount=5100 goal=5610 boardName=board1 phase=complete current=5610
[2026-08-18 04:53:17.939] [debug] [water] event=water.out status=success protocol=COLD name=정수 amount=240 phase=complete current=240
[2026-08-18 04:53:20.732] [debug] [water] event=ice.out status=success protocol=ICE amount=5100 goal=5610 current=0 phase=started
[2026-08-18 04:53:20.734] [debug] [water] event=water.out status=success protocol=COLD name=정수 amount=240 goal=302 sec=5 phase=started
[2026-08-18 04:53:21.127] [debug] [water] event=ice.out status=success protocol=ICE amount=5100 goal=5610 boardName=board1 phase=complete current=5610
[2026-08-18 04:53:26.204] [debug] [water] event=water.out status=success protocol=COLD name=정수 amount=240 phase=complete current=240
[2026-08-18 04:53:29.029] [debug] [water] event=ice.out status=success protocol=ICE amount=5100 goal=5610 current=0 phase=started
[2026-08-18 04:53:29.032] [debug] [water] event=water.out status=success protocol=COLD name=정수 amount=240 goal=302 sec=5 phase=started
[2026-08-18 04:53:29.377] [debug] [water] event=ice.out status=success protocol=ICE amount=5100 goal=5610 boardName=board1 phase=complete current=5610
[2026-08-18 04:53:34.526] [debug] [water] event=water.out status=success protocol=COLD name=정수 amount=240 phase=complete current=240
[2026-08-18 04:56:24.001] [debug] [water] event=ice.out status=success protocol=ICE amount=5100 goal=5610 current=0 phase=started
[2026-08-18 04:56:24.004] [debug] [water] event=water.out status=success protocol=COLD name=정수 amount=155 goal=195 sec=3 phase=started
[2026-08-18 04:56:24.153] [debug] [water] event=ice.out status=success protocol=ICE amount=5100 goal=5610 boardName=board1 phase=complete current=5610
[2026-08-18 04:56:27.312] [debug] [water] event=water.out status=success protocol=COLD name=정수 amount=155 phase=complete current=155
[2026-08-18 04:57:15.605] [debug] [water] event=ice.out status=success protocol=ICE amount=5100 goal=5610 current=0 phase=started
[2026-08-18 04:57:15.607] [debug] [water] event=water.out status=success protocol=COLD name=정수 amount=155 goal=195 sec=3 phase=started
[2026-08-18 04:57:15.856] [debug] [water] event=ice.out status=success protocol=ICE amount=5100 goal=5610 boardName=board1 phase=complete current=5610
[2026-08-18 04:57:19.010] [debug] [water] event=water.out status=success protocol=COLD name=정수 amount=155 phase=complete current=155
[2026-08-18 04:58:04.243] [debug] [water] event=ice.out status=success protocol=ICE amount=5100 goal=5610 current=0 phase=started
[2026-08-18 04:58:04.246] [debug] [water] event=water.out status=success protocol=COLD name=정수 amount=155 goal=195 sec=3 phase=started
[2026-08-18 04:58:04.326] [debug] [water] event=ice.out status=success protocol=ICE amount=5100 goal=5610 boardName=board1 phase=complete current=5610
[2026-08-18 04:58:07.485] [debug] [water] event=water.out status=success protocol=COLD name=정수 amount=155 phase=complete current=155
[2026-08-18 04:58:58.651] [debug] [water] event=ice.out status=success protocol=ICE amount=5100 goal=5610 current=0 phase=started
[2026-08-18 04:58:58.653] [debug] [water] event=water.out status=success protocol=SPARKLE name=탄산수 amount=200 goal=4 current=0 phase=started
[2026-08-18 04:58:58.809] [debug] [water] event=ice.out status=success protocol=ICE amount=5100 goal=5610 boardName=board1 phase=complete current=5610
[2026-08-18 04:59:02.922] [debug] [water] event=water.out status=success protocol=SPARKLE name=탄산수 amount=200 phase=complete current=200
[2026-08-18 05:00:37.632] [debug] [water] event=ice.out status=success protocol=ICE amount=5100 goal=5610 current=0 phase=started
[2026-08-18 05:00:37.634] [debug] [water] event=water.out status=success protocol=SPARKLE name=탄산수 amount=200 goal=4 current=0 phase=started
[2026-08-18 05:00:37.846] [debug] [water] event=ice.out status=success protocol=ICE amount=5100 goal=5610 boardName=board1 phase=complete current=5610
[2026-08-18 05:00:41.977] [debug] [water] event=water.out status=success protocol=SPARKLE name=탄산수 amount=200 phase=complete current=200
[2026-08-18 05:00:58.597] [debug] [water] event=test.water status=started waterType=carbonated amount=50
[2026-08-18 05:00:58.598] [debug] [water] event=water.out status=success protocol=SPARKLE name=탄산수 amount=50 goal=1 current=0 phase=started
[2026-08-18 05:00:59.647] [debug] [water] event=water.out status=success protocol=SPARKLE name=탄산수 amount=50 phase=complete current=50
[2026-08-18 05:00:59.650] [debug] [water] event=test.water status=success waterType=carbonated amount=50
[2026-08-18 05:01:03.148] [debug] [water] event=test.water status=started waterType=carbonated amount=150
[2026-08-18 05:01:03.149] [debug] [water] event=water.out status=success protocol=SPARKLE name=탄산수 amount=150 goal=3 current=0 phase=started
[2026-08-18 05:01:06.183] [debug] [water] event=water.out status=success protocol=SPARKLE name=탄산수 amount=150 phase=complete current=150
[2026-08-18 05:01:06.184] [debug] [water] event=test.water status=success waterType=carbonated amount=150