[2026-08-18 00:03:53.457] [info]  [serialport] event=serialport.connect status=started scope=all
[2026-08-18 00:03:53.478] [info]  [serialport] event=serialport.connect status=started scope=all
[2026-08-18 00:03:53.866] [error] [SerialPort Error] board1 (COM6): Opening COM6: Access denied
[2026-08-18 00:03:53.867] [error] [serialport] event=serialport.error status=failed reason=port_error boardName=board1 port=COM6 message="Opening COM6: Access denied"
[2026-08-18 00:03:53.869] [error] [SerialPort Error] board2 (COM7): Opening COM7: Access denied
[2026-08-18 00:03:53.870] [error] [serialport] event=serialport.error status=failed reason=port_error boardName=board2 port=COM7 message="Opening COM7: Access denied"
[2026-08-18 00:03:54.108] [debug] [serialport] event=serialport.connect status=success boardName=board2 port=COM7
[2026-08-18 00:03:54.113] [debug] [serialport] event=serialport.connect status=success boardName=board1 port=COM6
[2026-08-18 00:03:55.071] [debug] [serialport] event=serialport.packet status=success boardName=board1 length=24 message="bytearray(b'\\x020A1DPC0200A00101A00342\\x03')"
[2026-08-18 00:03:55.072] [debug] [serialport] event=serialport.packet.parse status=success boardName=board1 message="{\"isValidStx\":true,\"isValidEtx\":true,\"isValidDst\":true,\"isValidSrc\":true,\"isValidLength\":true,\"fnc\":\"1\",\"act\":\"D\",\"data\":{\"0\":48,\"1\":50,\"2\":48,\"3\":48,\"4\":65,\"5\":48,\"6\":48,\"7\":49,\"8\":48,\"9\":49,\"10\":65,\"11\":48,\"12\":48,\"13\":51,\"14\":52},\"values\":[\"02\",\"00\",\"A0\",\"01\",\"01\",\"A0\",\"03\"],\"part\":{},\"isValidChecksum\":true}"
[2026-08-18 00:03:55.074] [debug] [serialport] event=serialport.packet status=success boardName=board1 length=24 message="bytearray(b'\\x020A1DCP0201A00101A10344\\x03')"
[2026-08-18 00:24:18.754] [info]  [serialport] event=serialport.connect status=started scope=all
[2026-08-18 00:24:18.776] [info]  [serialport] event=serialport.connect status=started scope=all
[2026-08-18 00:24:19.146] [error] [SerialPort Error] board1 (COM6): Opening COM6: Access denied
[2026-08-18 00:24:19.147] [error] [serialport] event=serialport.error status=failed reason=port_error boardName=board1 port=COM6 message="Opening COM6: Access denied"
[2026-08-18 00:24:19.148] [error] [SerialPort Error] board2 (COM7): Opening COM7: Access denied
[2026-08-18 00:24:19.149] [error] [serialport] event=serialport.error status=failed reason=port_error boardName=board2 port=COM7 message="Opening COM7: Access denied"
[2026-08-18 00:24:19.151] [error] [SerialPort Error] board1 (COM6): Opening COM6: Access denied
[2026-08-18 00:24:19.152] [error] [serialport] event=serialport.error status=failed reason=port_error boardName=board1 port=COM6 message="Opening COM6: Access denied"
[2026-08-18 00:24:19.153] [error] [SerialPort Error] board2 (COM7): Opening COM7: Access denied
[2026-08-18 00:24:19.154] [error] [serialport] event=serialport.error status=failed reason=port_error boardName=board2 port=COM7 message="Opening COM7: Access denied"
[2026-08-18 00:24:43.620] [info]  [serialport] event=serialport.connect status=started scope=all
[2026-08-18 00:24:43.639] [info]  [serialport] event=serialport.connect status=started scope=all
[2026-08-18 00:24:44.035] [error] [SerialPort Error] board1 (COM6): Opening COM6: Access denied
[2026-08-18 00:24:44.036] [error] [serialport] event=serialport.error status=failed reason=port_error boardName=board1 port=COM6 message="Opening COM6: Access denied"
[2026-08-18 00:24:44.037] [error] [SerialPort Error] board2 (COM7): Opening COM7: Access denied
[2026-08-18 00:24:44.038] [error] [serialport] event=serialport.error status=failed reason=port_error boardName=board2 port=COM7 message="Opening COM7: Access denied"
[2026-08-18 00:24:44.449] [debug] [serialport] event=serialport.connect status=success boardName=board1 port=COM6
[2026-08-18 00:24:44.452] [debug] [serialport] event=serialport.connect status=success boardName=board2 port=COM7
[2026-08-18 00:24:45.480] [debug] [serialport] event=serialport.packet status=success boardName=board1 length=24 message="bytearray(b'\\x020A1DPC0200A00101A00342\\x03')"
[2026-08-18 00:24:45.482] [debug] [serialport] event=serialport.packet.parse status=success boardName=board1 message="{\"isValidStx\":true,\"isValidEtx\":true,\"isValidDst\":true,\"isValidSrc\":true,\"isValidLength\":true,\"fnc\":\"1\",\"act\":\"D\",\"data\":{\"0\":48,\"1\":50,\"2\":48,\"3\":48,\"4\":65,\"5\":48,\"6\":48,\"7\":49,\"8\":48,\"9\":49,\"10\":65,\"11\":48,\"12\":48,\"13\":51,\"14\":52},\"values\":[\"02\",\"00\",\"A0\",\"01\",\"01\",\"A0\",\"03\"],\"part\":{},\"isValidChecksum\":true}"
[2026-08-18 00:24:45.484] [debug] [serialport] event=serialport.packet status=success boardName=board1 length=24 message="bytearray(b'\\x020A1DCP0201A00101A10344\\x03')"
[2026-08-18 02:25:01.747] [info]  [serialport] event=serialport.connect status=started scope=all
[2026-08-18 02:25:01.771] [info]  [serialport] event=serialport.connect status=started scope=all
[2026-08-18 02:25:02.111] [error] [SerialPort Error] board1 (COM6): Opening COM6: Access denied
[2026-08-18 02:25:02.112] [error] [serialport] event=serialport.error status=failed reason=port_error boardName=board1 port=COM6 message="Opening COM6: Access denied"
[2026-08-18 02:25:02.113] [error] [SerialPort Error] board2 (COM7): Opening COM7: Access denied
[2026-08-18 02:25:02.115] [error] [serialport] event=serialport.error status=failed reason=port_error boardName=board2 port=COM7 message="Opening COM7: Access denied"
[2026-08-18 02:25:02.129] [debug] [serialport] event=serialport.connect status=success boardName=board1 port=COM6
[2026-08-18 02:25:02.132] [debug] [serialport] event=serialport.connect status=success boardName=board2 port=COM7
[2026-08-18 02:25:02.157] [debug] [serialport] event=serialport.packet status=success boardName=board1 length=24 message="bytearray(b'\\x020A1DCP0201A00101A10344\\x03')"
[2026-08-18 02:25:02.206] [debug] [serialport] event=serialport.packet status=success boardName=board1 length=24 message="bytearray(b'\\x020A1DPC0200A00101A00342\\x03')"
[2026-08-18 02:25:02.208] [debug] [serialport] event=serialport.packet.parse status=success boardName=board1 message="{\"isValidStx\":true,\"isValidEtx\":true,\"isValidDst\":true,\"isValidSrc\":true,\"isValidLength\":true,\"fnc\":\"1\",\"act\":\"D\",\"data\":{\"0\":48,\"1\":50,\"2\":48,\"3\":48,\"4\":65,\"5\":48,\"6\":48,\"7\":49,\"8\":48,\"9\":49,\"10\":65,\"11\":48,\"12\":48,\"13\":51,\"14\":52},\"values\":[\"02\",\"00\",\"A0\",\"01\",\"01\",\"A0\",\"03\"],\"part\":{},\"isValidChecksum\":true}"
[2026-08-18 02:26:05.102] [info]  [serialport] event=serialport.connect status=started scope=all
[2026-08-18 02:26:05.124] [info]  [serialport] event=serialport.connect status=started scope=all
[2026-08-18 02:26:05.546] [error] [SerialPort Error] board1 (COM6): Opening COM6: Access denied
[2026-08-18 02:26:05.548] [error] [serialport] event=serialport.error status=failed reason=port_error boardName=board1 port=COM6 message="Opening COM6: Access denied"
[2026-08-18 02:26:05.549] [error] [SerialPort Error] board1 (COM6): Opening COM6: Access denied
[2026-08-18 02:26:05.550] [error] [serialport] event=serialport.error status=failed reason=port_error boardName=board1 port=COM6 message="Opening COM6: Access denied"
[2026-08-18 02:26:05.552] [error] [SerialPort Error] board2 (COM7): Opening COM7: Access denied
[2026-08-18 02:26:05.553] [error] [serialport] event=serialport.error status=failed reason=port_error boardName=board2 port=COM7 message="Opening COM7: Access denied"
[2026-08-18 02:26:06.005] [debug] [serialport] event=serialport.connect status=success boardName=board2 port=COM7
[2026-08-18 02:26:08.589] [debug] [serialport] event=serialport.connect status=success boardName=board1 port=COM6
[2026-08-18 02:26:08.591] [info]  [HASTE Auto-Reconnect] board1 (COM6) reconnected successfully!
[2026-08-18 02:26:08.687] [debug] [serialport] event=serialport.packet status=success boardName=board1 length=24 message="bytearray(b'\\x020A1DCP0201A00101A10344\\x03')"
[2026-08-18 02:26:08.727] [debug] [serialport] event=serialport.packet status=success boardName=board1 length=24 message="bytearray(b'\\x020A1DPC0200A00101A00342\\x03')"
[2026-08-18 02:26:08.728] [debug] [serialport] event=serialport.packet.parse status=success boardName=board1 message="{\"isValidStx\":true,\"isValidEtx\":true,\"isValidDst\":true,\"isValidSrc\":true,\"isValidLength\":true,\"fnc\":\"1\",\"act\":\"D\",\"data\":{\"0\":48,\"1\":50,\"2\":48,\"3\":48,\"4\":65,\"5\":48,\"6\":48,\"7\":49,\"8\":48,\"9\":49,\"10\":65,\"11\":48,\"12\":48,\"13\":51,\"14\":52},\"values\":[\"02\",\"00\",\"A0\",\"01\",\"01\",\"A0\",\"03\"],\"part\":{},\"isValidChecksum\":true}"