[2026-08-23 00:20:08.487] [info]  [manual] event=order.received status=success source=manual virtual=on mode=test orderId=INSTANT-1787412008159 bill=0000 menuCount=1 mappings=[{"baseCode":"MDI1002","recipeCode":"MDI1002","matchedMenuName":"ICED아메리카노(다크시그니처)","stepsSummary":"CUP:ICE,_COFFEE:62,_ICE:5100,_COLD:155,_NONE:NONE,_NONE:NONE,_NONE:NONE,_NONE:NONE,_NONE:NONE,_NONE:NONE"}] isTestBrew=true
[2026-08-23 00:20:08.579] [error] [manual] event=order.failed status=failed stage=HARDWARE source=manual virtual=on mode=test orderId=INSTANT-1787412008159 bill=0000 menuCount=1 error=HW물리검증_실패:_Error:_Missing_parts_options:_motorRotationCheckSwitch1
[2026-08-23 00:20:16.557] [info]  [manual] event=order.received status=success source=manual virtual=on mode=test orderId=INSTANT-1787412016546 bill=0000 menuCount=1 mappings=[{"baseCode":"MDI1001","recipeCode":"MDI1001","matchedMenuName":"ICED아메리카노(다크시그니처)(연하게)","stepsSummary":"CUP:ICE,_COFFEE:45,_ICE:5100,_COLD:155,_NONE:NONE,_NONE:NONE,_NONE:NONE,_NONE:NONE,_NONE:NONE,_NONE:NONE"}] isTestBrew=true
[2026-08-23 00:20:16.631] [error] [manual] event=order.failed status=failed stage=HARDWARE source=manual virtual=on mode=test orderId=INSTANT-1787412016546 bill=0000 menuCount=1 error=HW물리검증_실패:_Error:_Missing_parts_options:_motorRotationCheckSwitch1
[2026-08-23 00:20:28.421] [info]  [manual] event=order.received status=success source=manual virtual=on mode=test orderId=INSTANT-1787412028101 bill=0000 menuCount=1 mappings=[{"baseCode":"MDI2003","recipeCode":"MDI2003","matchedMenuName":"ICED바닐라라떼(다크시그니처)","stepsSummary":"CUP:ICE,_COFFEE:62,_ICE:5100,_COLD_MILK:160,_SIRUP8:40,_NONE:NONE,_NONE:NONE,_NONE:NONE,_NONE:NONE,_NONE:NONE"}] isTestBrew=true
[2026-08-23 00:20:28.498] [error] [manual] event=order.failed status=failed stage=HARDWARE source=manual virtual=on mode=test orderId=INSTANT-1787412028101 bill=0000 menuCount=1 error=HW물리검증_실패:_Error:_Missing_parts_options:_motorRotationCheckSwitch1
[2026-08-23 00:20:35.496] [info]  [manual] event=order.received status=success source=manual virtual=on mode=test orderId=INSTANT-1787412035481 bill=0000 menuCount=1 mappings=[{"baseCode":"MDI1007","recipeCode":"MDI1007","matchedMenuName":"ICED아메리카노(다크시그니처)(설탕)","stepsSummary":"CUP:ICE,_COFFEE:62,_ICE:5100,_COLD:155,_SIRUP6:25,_NONE:NONE,_NONE:NONE,_NONE:NONE,_NONE:NONE,_NONE:NONE"}] isTestBrew=true
[2026-08-23 00:20:35.574] [error] [manual] event=order.failed status=failed stage=HARDWARE source=manual virtual=on mode=test orderId=INSTANT-1787412035481 bill=0000 menuCount=1 error=HW물리검증_실패:_Error:_Missing_parts_options:_motorRotationCheckSwitch1
[2026-08-23 00:20:40.583] [info]  [manual] event=order.received status=success source=manual virtual=on mode=test orderId=INSTANT-1787412040573 bill=0000 menuCount=1 mappings=[{"baseCode":"MDI2012","recipeCode":"MDI2012","matchedMenuName":"ICED녹차샷라떼(다크시그니처)","stepsSummary":"CUP:ICE,_COFFEE:45,_ICE:5100,_COLD_MILK:200,_SIRUP6:10,_SIRUP15:55,_NONE:NONE,_NONE:NONE,_NONE:NONE,_NONE:NONE"}] isTestBrew=true
[2026-08-23 00:20:40.652] [error] [manual] event=order.failed status=failed stage=HARDWARE source=manual virtual=on mode=test orderId=INSTANT-1787412040573 bill=0000 menuCount=1 error=HW물리검증_실패:_Error:_Missing_parts_options:_motorRotationCheckSwitch1
[2026-08-23 00:20:56.398] [info]  [manual] event=order.received status=success source=manual virtual=on mode=test orderId=INSTANT-1787412056071 bill=0000 menuCount=1 mappings=[{"baseCode":"MAI4010","recipeCode":"MAI4010","matchedMenuName":"ICED레몬딸기에이드","stepsSummary":"CUP:ICE,_ICE:5100,_SPARKLE:200,_SIRUP3:40,_SIRUP9:40,_NONE:NONE,_NONE:NONE,_NONE:NONE,_NONE:NONE,_NONE:NONE"}] isTestBrew=true
[2026-08-23 00:20:56.483] [error] [manual] event=order.failed status=failed stage=HARDWARE source=manual virtual=on mode=test orderId=INSTANT-1787412056071 bill=0000 menuCount=1 error=HW물리검증_실패:_Error:_Missing_parts_options:_motorRotationCheckSwitch1
[2026-08-23 00:21:34.896] [info]  [manual] event=order.received status=success source=manual virtual=on mode=test orderId=INSTANT-1787412094885 bill=0000 menuCount=1 mappings=[{"baseCode":"MMI3024","recipeCode":"MMI3024","matchedMenuName":"ICED바나나라떼(카라멜)","stepsSummary":"CUP:ICE,_ICE:5100,_COLD_MILK:220,_SIRUP13:25,_SIRUP17:35,_NONE:NONE,_NONE:NONE,_NONE:NONE,_NONE:NONE,_NONE:NONE"}] isTestBrew=true
[2026-08-23 00:21:34.986] [error] [manual] event=order.failed status=failed stage=HARDWARE source=manual virtual=on mode=test orderId=INSTANT-1787412094885 bill=0000 menuCount=1 error=HW물리검증_실패:_Error:_Missing_parts_options:_motorRotationCheckSwitch1
[2026-08-23 00:33:17.865] [info]  [toss] event=order.received status=success source=toss virtual=off mode=order orderId=746391480207170733 menuCount=1 mappings=[{"baseCode":"MDI2001","recipeCode":"MDI2001","matchedMenuName":"ICED카페라떼(다크시그니처)","stepsSummary":"CUP:1,_COFFEE:62,_ICE:5100,_COLD_MILK:180"}]
[2026-08-23 00:33:17.940] [error] [toss] event=order.failed status=failed stage=HARDWARE source=toss virtual=off mode=order orderId=746391480207170733 bill=746391480207170733 menuCount=1 error=HW물리검증_실패:_Error:_Missing_parts_options:_motorRotationCheckSwitch1
[2026-08-23 00:35:01.794] [info]  [toss] event=order.received status=success source=toss virtual=off mode=order orderId=746391916108581146 menuCount=1 mappings=[{"baseCode":"MDI1005","recipeCode":"MDI1005","matchedMenuName":"ICED아메리카노(다크시그니처)(샷추가)","stepsSummary":"CUP:1,_COFFEE:90,_ICE:5100,_COLD:140"}]
[2026-08-23 00:35:01.889] [error] [toss] event=order.failed status=failed stage=HARDWARE source=toss virtual=off mode=order orderId=746391916108581146 bill=746391916108581146 menuCount=1 error=HW물리검증_실패:_Error:_Missing_parts_options:_motorRotationCheckSwitch1
[2026-08-23 04:51:38.918] [info]  [toss] event=order.received status=success source=toss virtual=on mode=order orderId=746456488442084220 menuCount=1 mappings=[{"baseCode":"MDI2000","recipeCode":"MDI2000","matchedMenuName":"ICED카페라떼(다크시그니처)(연하게)","stepsSummary":"CUP:1,_COFFEE:45,_ICE:5100,_COLD_MILK:200"}]
[2026-08-23 04:51:40.956] [info]  [toss] event=order.completed status=success source=toss virtual=on mode=order orderId=746456488442084220 bill=746456488442084220 menuCount=1
[2026-08-23 04:56:46.888] [info]  [toss] event=order.received status=success source=toss virtual=on mode=order orderId=746457787032166274 menuCount=1 mappings=[{"baseCode":"MNI2004","recipeCode":"MNI2004","matchedMenuName":"ICED헤이즐넛라떼(디카페인)","stepsSummary":"CUP:1,_COFFEE:61,_ICE:5100,_COLD_MILK:160,_SIRUP7:40"}]
[2026-08-23 04:56:49.339] [info]  [toss] event=order.completed status=success source=toss virtual=on mode=order orderId=746457787032166274 bill=746457787032166274 menuCount=1
[2026-08-23 05:19:29.378] [info]  [toss] event=order.received status=success source=toss virtual=on mode=order orderId=746463501305786784 menuCount=1 mappings=[{"baseCode":"MDI1002","recipeCode":"MDI1002","matchedMenuName":"ICED아메리카노(다크시그니처)","stepsSummary":"CUP:1,_COFFEE:62,_ICE:5100,_COLD:155"}]
[2026-08-23 05:19:31.464] [info]  [toss] event=order.completed status=success source=toss virtual=on mode=order orderId=746463501305786784 bill=746463501305786784 menuCount=1
[2026-08-23 05:36:10.791] [info]  [manual] event=order.received status=success source=manual virtual=on mode=test orderId=INSTANT-1787430970471 bill=0000 menuCount=1 mappings=[{"baseCode":"MDI2000","recipeCode":"MDI2000","matchedMenuName":"ICED카페라떼(다크시그니처)(연하게)","stepsSummary":"CUP:ICE,_COFFEE:45,_ICE:5100,_COLD_MILK:200,_NONE:NONE,_NONE:NONE,_NONE:NONE,_NONE:NONE,_NONE:NONE,_NONE:NONE"}] isTestBrew=true
[2026-08-23 05:36:12.856] [info]  [manual] event=order.completed status=success source=manual virtual=on mode=test orderId=INSTANT-1787430970471 bill=0000 menuCount=1
[2026-08-23 05:47:45.396] [info]  [manual] event=order.received status=success source=manual virtual=on mode=test orderId=INSTANT-1787431665067 bill=0000 menuCount=1 mappings=[{"baseCode":"MDI2003","recipeCode":"MDI2003","matchedMenuName":"ICED바닐라라떼(다크시그니처)","stepsSummary":"CUP:ICE,_COFFEE:62,_ICE:5100,_COLD_MILK:160,_SIRUP8:40,_NONE:NONE,_NONE:NONE,_NONE:NONE,_NONE:NONE,_NONE:NONE"}] isTestBrew=true
[2026-08-23 05:47:47.806] [info]  [manual] event=order.completed status=success source=manual virtual=on mode=test orderId=INSTANT-1787431665067 bill=0000 menuCount=1
[2026-08-23 05:47:55.552] [info]  [manual] event=order.received status=success source=manual virtual=on mode=test orderId=INSTANT-1787431675540 bill=0000 menuCount=1 mappings=[{"baseCode":"MDI2008","recipeCode":"MDI2008","matchedMenuName":"ICED카페라떼(다크시그니처)(설탕)","stepsSummary":"CUP:ICE,_COFFEE:62,_ICE:5100,_COLD_MILK:160,_SIRUP6:25,_NONE:NONE,_NONE:NONE,_NONE:NONE,_NONE:NONE,_NONE:NONE"}] isTestBrew=true
[2026-08-23 05:47:57.966] [info]  [manual] event=order.completed status=success source=manual virtual=on mode=test orderId=INSTANT-1787431675540 bill=0000 menuCount=1
[2026-08-23 07:28:46.678] [info]  [toss] event=order.received status=success source=toss virtual=off mode=order orderId=746496033728498316 menuCount=1 mappings=[{"baseCode":"MDI1005","recipeCode":"MDI1005","matchedMenuName":"ICED아메리카노(다크시그니처)(샷추가)","stepsSummary":"CUP:1,_COFFEE:90,_ICE:5100,_COLD:140"}]
[2026-08-23 07:28:46.767] [error] [toss] event=order.failed status=failed stage=HARDWARE source=toss virtual=off mode=order orderId=746496033728498316 bill=746496033728498316 menuCount=1 error=HW물리검증_실패:_Error:_Missing_parts_options:_motorRotationCheckSwitch1
[2026-08-23 07:43:36.622] [info]  [toss] event=order.received status=success source=toss virtual=off mode=order orderId=746499770186469630 menuCount=1 mappings=[{"baseCode":"MDI1002","recipeCode":"MDI1002","matchedMenuName":"ICED아메리카노(다크시그니처)","stepsSummary":"CUP:1,_COFFEE:62,_ICE:5100,_COLD:155"}]
[2026-08-23 07:43:36.730] [error] [toss] event=order.failed status=failed stage=HARDWARE source=toss virtual=off mode=order orderId=746499770186469630 bill=746499770186469630 menuCount=1 error=HW물리검증_실패:_Error:_Missing_parts_options:_motorRotationCheckSwitch1
[2026-08-23 08:02:58.042] [info]  [manual] event=order.received status=success source=manual virtual=on mode=test orderId=INSTANT-1787439777722 bill=0000 menuCount=1 mappings=[{"baseCode":"MDI2000","recipeCode":"MDI2000","matchedMenuName":"ICED카페라떼(다크시그니처)(연하게)","stepsSummary":"CUP:ICE,_COFFEE:45,_ICE:5100,_COLD_MILK:200,_NONE:NONE,_NONE:NONE,_NONE:NONE,_NONE:NONE,_NONE:NONE,_NONE:NONE"}] isTestBrew=true
[2026-08-23 08:03:00.113] [info]  [manual] event=order.completed status=success source=manual virtual=on mode=test orderId=INSTANT-1787439777722 bill=0000 menuCount=1
[2026-08-23 08:03:12.002] [info]  [manual] event=order.received status=success source=manual virtual=on mode=test orderId=INSTANT-1787439791991 bill=0000 menuCount=1 mappings=[{"baseCode":"MMI3003","recipeCode":"MMI3003","matchedMenuName":"ICED말차라떼(초코)","stepsSummary":"CUP:ICE,_ICE:5100,_COLD_MILK:220,_SIRUP1:40,_SIRUP16:30,_NONE:NONE,_NONE:NONE,_NONE:NONE,_NONE:NONE,_NONE:NONE"}] isTestBrew=true
[2026-08-23 08:03:14.422] [info]  [manual] event=order.completed status=success source=manual virtual=on mode=test orderId=INSTANT-1787439791991 bill=0000 menuCount=1
[2026-08-23 08:03:54.070] [info]  [manual] event=order.received status=success source=manual virtual=on mode=test orderId=INSTANT-1787439833755 bill=0000 menuCount=1 mappings=[{"baseCode":"MMI3024","recipeCode":"MMI3024","matchedMenuName":"ICED바나나라떼(카라멜)","stepsSummary":"CUP:ICE,_ICE:5100,_COLD_MILK:220,_SIRUP13:25,_SIRUP17:35,_NONE:NONE,_NONE:NONE,_NONE:NONE,_NONE:NONE,_NONE:NONE"}] isTestBrew=true
[2026-08-23 08:03:56.497] [info]  [manual] event=order.completed status=success source=manual virtual=on mode=test orderId=INSTANT-1787439833755 bill=0000 menuCount=1
[2026-08-23 21:30:58.498] [info]  [manual] event=order.received status=success source=manual virtual=on mode=test orderId=INSTANT-1787488258177 bill=0000 menuCount=1 mappings=[{"baseCode":"MNI2003","recipeCode":"MNI2003","matchedMenuName":"ICED바닐라라떼(디카페인)(샷추가)","stepsSummary":"CUP:ICE,_COFFEE:61,_ICE:5600,_COLD_MILK:200,_SIRUP5:35,_NONE:NONE,_NONE:NONE,_NONE:NONE,_NONE:NONE,_NONE:NONE"}] isTestBrew=true
[2026-08-23 21:31:00.894] [info]  [manual] event=order.completed status=success source=manual virtual=on mode=test orderId=INSTANT-1787488258177 bill=0000 menuCount=1
[2026-08-23 21:31:21.874] [info]  [manual] event=order.received status=success source=manual virtual=on mode=test orderId=INSTANT-1787488281868 bill=0000 menuCount=1 mappings=[{"baseCode":"MNI2001","recipeCode":"MNI2001","matchedMenuName":"ICED카페라떼(디카페인)","stepsSummary":"CUP:ICE,_COFFEE:61,_ICE:5600,_COLD_MILK:200,_NONE:NONE,_NONE:NONE,_NONE:NONE,_NONE:NONE,_NONE:NONE,_NONE:NONE"}] isTestBrew=true
[2026-08-23 21:31:23.855] [info]  [manual] event=order.completed status=success source=manual virtual=on mode=test orderId=INSTANT-1787488281868 bill=0000 menuCount=1
[2026-08-23 21:31:29.325] [info]  [manual] event=order.received status=success source=manual virtual=on mode=test orderId=INSTANT-1787488289008 bill=0000 menuCount=1 mappings=[{"baseCode":"MNI1002","recipeCode":"MNI1002","matchedMenuName":"ICED아메리카노(디카페인)","stepsSummary":"CUP:ICE,_COFFEE:61,_ICE:5600,_COLD:165,_NONE:NONE,_NONE:NONE,_NONE:NONE,_NONE:NONE,_NONE:NONE,_NONE:NONE"}] isTestBrew=true
[2026-08-23 21:31:31.323] [info]  [manual] event=order.completed status=success source=manual virtual=on mode=test orderId=INSTANT-1787488289008 bill=0000 menuCount=1
[2026-08-23 21:31:37.917] [info]  [manual] event=order.received status=success source=manual virtual=on mode=test orderId=INSTANT-1787488297913 bill=0000 menuCount=1 mappings=[{"baseCode":"MNI1005","recipeCode":"MNI1005","matchedMenuName":"ICED아메리카노(디카페인)(샷추가)","stepsSummary":"CUP:ICE,_COFFEE:61,_ICE:5600,_COLD:140,_NONE:NONE,_NONE:NONE,_NONE:NONE,_NONE:NONE,_NONE:NONE,_NONE:NONE"}] isTestBrew=true
[2026-08-23 21:31:39.930] [info]  [manual] event=order.completed status=success source=manual virtual=on mode=test orderId=INSTANT-1787488297913 bill=0000 menuCount=1