[2026-09-17 04:06:42.735] [info]  [TOSS RAW ORDER] orderId=755504875654659835, items=[{"name":"복숭아티","productNo":"GTI5000","options":[{"optionCode":"1759895","optionName":"ICE","price":0,"quantity":1}]}]
[2026-09-17 04:06:42.739] [info]  [TOSS ITEM RESOLVED] orderId=755504875654659835, item="복숭아티" (GTI5000) | rawOptions=[{"optionCode":"1759895","optionName":"ICE","price":0,"quantity":1}] ➔ resolved="ICE 복숭아티" (GTI5000) steps={"step1":["CUP","ICE"],"step2":["ICE",5000],"step3":["COLD",130],"step4":["복숭아",40],"step5":["얼그레이",10]}
[2026-09-17 04:07:05.469] [info]  [toss] event=order.completed status=success source=toss virtual=off mode=order orderId=755504875654659835 bill=755504875654659835 menuCount=1
[2026-09-17 07:06:01.248] [info]  [TOSS RAW ORDER] orderId=755550007615597968, items=[{"name":"카페라떼","productNo":"GSI2001","options":[{"optionCode":"1759894","optionName":"HOT","price":0,"quantity":1}]}]
[2026-09-17 07:06:01.254] [info]  [TOSS ITEM RESOLVED] orderId=755550007615597968, item="카페라떼" (GSI2001) | rawOptions=[{"optionCode":"1759894","optionName":"HOT","price":0,"quantity":1}] ➔ resolved="HOT 카페라떼 (시그니처)" (GSH2001) steps={"step1":["CUP","HOT"],"step2":["COFFEE","60"],"step3":["HOT_MILK",240]}
[2026-09-17 07:07:06.158] [info]  [toss] event=order.completed status=success source=toss virtual=off mode=order orderId=755550007615597968 bill=755550007615597968 menuCount=1
[2026-09-17 07:08:09.246] [info]  [TOSS RAW ORDER] orderId=755550531165405058, items=[{"name":"아메리카노","productNo":"GSI1002","options":[{"optionCode":"1759895","optionName":"ICE","price":0,"quantity":1}]}]
[2026-09-17 07:08:09.251] [info]  [TOSS ITEM RESOLVED] orderId=755550531165405058, item="아메리카노" (GSI1002) | rawOptions=[{"optionCode":"1759895","optionName":"ICE","price":0,"quantity":1}] ➔ resolved="ICE 아메리카노 (시그니처)" (GSI1002) steps={"step1":["CUP","ICE"],"step2":["COFFEE","60"],"step3":["ICE",5500],"step4":["COLD",120]}
[2026-09-17 07:09:03.840] [info]  [toss] event=order.completed status=success source=toss virtual=off mode=order orderId=755550531165405058 bill=755550531165405058 menuCount=1
[2026-09-17 07:27:47.248] [info]  [TOSS RAW ORDER] orderId=755555482507716498, items=[{"name":"아메리카노","productNo":"GSI1002","options":[{"optionCode":"1759895","optionName":"ICE","price":0,"quantity":1}]},{"name":"바닐라라떼","productNo":"GSI2003","options":[{"optionCode":"1759895","optionName":"ICE","price":0,"quantity":1},{"optionCode":"1759898","optionName":"연하게","price":0,"quantity":1}]}]
[2026-09-17 07:27:47.252] [info]  [TOSS ITEM RESOLVED] orderId=755555482507716498, item="아메리카노" (GSI1002) | rawOptions=[{"optionCode":"1759895","optionName":"ICE","price":0,"quantity":1}] ➔ resolved="ICE 아메리카노 (시그니처)" (GSI1002) steps={"step1":["CUP","ICE"],"step2":["COFFEE","60"],"step3":["ICE",5500],"step4":["COLD",120]}
[2026-09-17 07:27:47.259] [info]  [TOSS ITEM RESOLVED] orderId=755555482507716498, item="바닐라라떼" (GSI2003) | rawOptions=[{"optionCode":"1759895","optionName":"ICE","price":0,"quantity":1},{"optionCode":"1759898","optionName":"연하게","price":0,"quantity":1}] ➔ resolved="ICE 바닐라라떼 (시그니처) (연하게)" (GSI2003) steps={"step1":["CUP","ICE"],"step2":["COFFEE","30"],"step3":["ICE",5200],"step4":["COLD_MILK",120],"step5":["바닐라","35"]}
[2026-09-17 07:29:26.979] [info]  [toss] event=order.completed status=success source=toss virtual=off mode=order orderId=755555482507716498 bill=755555482507716498 menuCount=2
[2026-09-17 07:50:57.251] [info]  [TOSS RAW ORDER] orderId=755561295871801270, items=[{"name":"아메리카노","productNo":"GSI1002","options":[{"optionCode":"1759895","optionName":"ICE","price":0,"quantity":1}]}]
[2026-09-17 07:50:57.256] [info]  [TOSS ITEM RESOLVED] orderId=755561295871801270, item="아메리카노" (GSI1002) | rawOptions=[{"optionCode":"1759895","optionName":"ICE","price":0,"quantity":1}] ➔ resolved="ICE 아메리카노 (시그니처)" (GSI1002) steps={"step1":["CUP","ICE"],"step2":["COFFEE","60"],"step3":["ICE",5500],"step4":["COLD",120]}
[2026-09-17 07:51:52.969] [info]  [toss] event=order.completed status=success source=toss virtual=off mode=order orderId=755561295871801270 bill=755561295871801270 menuCount=1
[2026-09-17 08:19:54.236] [info]  [TOSS RAW ORDER] orderId=755568592173975398, items=[{"name":"아메리카노","productNo":"GSI1002","options":[{"optionCode":"1759895","optionName":"ICE","price":0,"quantity":1},{"optionCode":"1759903","optionName":"연하게","price":0,"quantity":1}]}]
[2026-09-17 08:19:54.261] [info]  [TOSS ITEM RESOLVED] orderId=755568592173975398, item="아메리카노" (GSI1002) | rawOptions=[{"optionCode":"1759895","optionName":"ICE","price":0,"quantity":1},{"optionCode":"1759903","optionName":"연하게","price":0,"quantity":1}] ➔ resolved="ICE 아메리카노 (시그니처) (연하게)" (GSI1001) steps={"step1":["CUP","ICE"],"step2":["COFFEE","30"],"step3":["ICE",5500],"step4":["COLD",150]}
[2026-09-17 08:20:31.370] [info]  [toss] event=order.completed status=success source=toss virtual=off mode=order orderId=755568592173975398 bill=755568592173975398 menuCount=1
[2026-09-17 09:48:19.251] [info]  [TOSS RAW ORDER] orderId=755590849088781895, items=[{"name":"카라멜마끼아또","productNo":"GDI2005","options":[{"optionCode":"1759895","optionName":"ICE","price":0,"quantity":1}]},{"name":"바닐라라떼","productNo":"GSI2003","options":[{"optionCode":"1759895","optionName":"ICE","price":0,"quantity":1}]}]
[2026-09-17 09:48:19.257] [info]  [TOSS ITEM RESOLVED] orderId=755590849088781895, item="카라멜마끼아또" (GDI2005) | rawOptions=[{"optionCode":"1759895","optionName":"ICE","price":0,"quantity":1}] ➔ resolved="ICE 카라멜마끼아또 (딥리치)" (GDI2005) steps={"step1":["CUP","ICE"],"step2":["COFFEE",60],"step3":["ICE",5000],"step4":["COLD_MILK",100],"step5":["카라멜",30]}
[2026-09-17 09:48:19.263] [info]  [TOSS ITEM RESOLVED] orderId=755590849088781895, item="바닐라라떼" (GSI2003) | rawOptions=[{"optionCode":"1759895","optionName":"ICE","price":0,"quantity":1}] ➔ resolved="ICE 바닐라라떼 (시그니처)" (GSI2003) steps={"step1":["CUP","ICE"],"step2":["COFFEE","60"],"step3":["ICE",5200],"step4":["COLD_MILK",120],"step5":["바닐라","35"]}
[2026-09-17 09:50:22.436] [info]  [toss] event=order.completed status=success source=toss virtual=off mode=order orderId=755590849088781895 bill=755590849088781895 menuCount=2
[2026-09-17 10:05:04.260] [info]  [TOSS RAW ORDER] orderId=755595009624425037, items=[{"name":"(스페셜티) 카페라떼","productNo":"16707903","options":[{"optionCode":"1759895","optionName":"ICE","price":0,"quantity":1}]}]
[2026-09-17 10:05:04.265] [info]  [TOSS ITEM RESOLVED] orderId=755595009624425037, item="(스페셜티) 카페라떼" (16707903) | rawOptions=[{"optionCode":"1759895","optionName":"ICE","price":0,"quantity":1}] ➔ resolved="ICE 카페라떼 (스페셜티)" (GPI2001) steps={"step1":["CUP","ICE"],"step2":["COFFEE","61"],"step3":["ICE",5200],"step4":["COLD_MILK",140]}
[2026-09-17 10:06:00.549] [info]  [toss] event=order.completed status=success source=toss virtual=off mode=order orderId=755595009624425037 bill=755595009624425037 menuCount=1
[2026-09-17 10:14:51.291] [info]  [TOSS RAW ORDER] orderId=755597524055149458, items=[{"name":"카페모카","productNo":"GDI2006","options":[{"optionCode":"1759895","optionName":"ICE","price":0,"quantity":1},{"optionCode":"1759898","optionName":"연하게","price":0,"quantity":1}]}]
[2026-09-17 10:14:51.297] [info]  [TOSS ITEM RESOLVED] orderId=755597524055149458, item="카페모카" (GDI2006) | rawOptions=[{"optionCode":"1759895","optionName":"ICE","price":0,"quantity":1},{"optionCode":"1759898","optionName":"연하게","price":0,"quantity":1}] ➔ resolved="ICE 카페모카 (딥리치) (연하게)" (GDI2006) steps={"step1":["CUP","ICE"],"step2":["COFFEE",30],"step3":["ICE",5000],"step4":["COLD_MILK",100],"step5":["초코",30]}
[2026-09-17 10:15:38.795] [info]  [toss] event=order.completed status=success source=toss virtual=off mode=order orderId=755597524055149458 bill=755597524055149458 menuCount=1
[2026-09-17 10:30:00.258] [info]  [TOSS RAW ORDER] orderId=755601324727912205, items=[{"name":"아메리카노","productNo":"GSI1002","options":[{"optionCode":"1759895","optionName":"ICE","price":0,"quantity":1}]}]
[2026-09-17 10:30:00.263] [info]  [TOSS ITEM RESOLVED] orderId=755601324727912205, item="아메리카노" (GSI1002) | rawOptions=[{"optionCode":"1759895","optionName":"ICE","price":0,"quantity":1}] ➔ resolved="ICE 아메리카노 (시그니처)" (GSI1002) steps={"step1":["CUP","ICE"],"step2":["COFFEE","60"],"step3":["ICE",5500],"step4":["COLD",120]}
[2026-09-17 10:30:45.992] [info]  [toss] event=order.completed status=success source=toss virtual=off mode=order orderId=755601324727912205 bill=755601324727912205 menuCount=1
[2026-09-17 11:32:23.263] [info]  [TOSS RAW ORDER] orderId=755617042424969257, items=[{"name":"아메리카노","productNo":"GSI1002","options":[{"optionCode":"1759895","optionName":"ICE","price":0,"quantity":1}]}]
[2026-09-17 11:32:23.267] [info]  [TOSS ITEM RESOLVED] orderId=755617042424969257, item="아메리카노" (GSI1002) | rawOptions=[{"optionCode":"1759895","optionName":"ICE","price":0,"quantity":1}] ➔ resolved="ICE 아메리카노 (시그니처)" (GSI1002) steps={"step1":["CUP","ICE"],"step2":["COFFEE","60"],"step3":["ICE",5500],"step4":["COLD",120]}
[2026-09-17 11:33:27.949] [info]  [toss] event=order.completed status=success source=toss virtual=off mode=order orderId=755617042424969257 bill=755617042424969257 menuCount=1
[2026-09-17 12:11:49.221] [info]  [TOSS RAW ORDER] orderId=755626942987284668, items=[{"name":"딸기라떼","productNo":"GMI3009","options":[{"optionCode":"1759895","optionName":"ICE","price":0,"quantity":1}]}]
[2026-09-17 12:11:49.226] [info]  [TOSS ITEM RESOLVED] orderId=755626942987284668, item="딸기라떼" (GMI3009) | rawOptions=[{"optionCode":"1759895","optionName":"ICE","price":0,"quantity":1}] ➔ resolved="ICE 딸기라떼" (GMI3009) steps={"step1":["CUP","ICE"],"step2":["ICE","5000"],"step3":["COLD_MILK","160"],"step4":["딸기","50"]}
[2026-09-17 12:12:15.458] [info]  [toss] event=order.completed status=success source=toss virtual=off mode=order orderId=755626942987284668 bill=755626942987284668 menuCount=1
[2026-09-17 12:20:51.279] [info]  [TOSS RAW ORDER] orderId=755629235409300512, items=[{"name":"아메리카노","productNo":"GSI1002","options":[{"optionCode":"1759895","optionName":"ICE","price":0,"quantity":1},{"optionCode":"1759903","optionName":"연하게","price":0,"quantity":1}]}]
[2026-09-17 12:20:51.284] [info]  [TOSS ITEM RESOLVED] orderId=755629235409300512, item="아메리카노" (GSI1002) | rawOptions=[{"optionCode":"1759895","optionName":"ICE","price":0,"quantity":1},{"optionCode":"1759903","optionName":"연하게","price":0,"quantity":1}] ➔ resolved="ICE 아메리카노 (시그니처) (연하게)" (GSI1001) steps={"step1":["CUP","ICE"],"step2":["COFFEE","30"],"step3":["ICE",5500],"step4":["COLD",150]}
[2026-09-17 12:22:16.249] [info]  [TOSS RAW ORDER] orderId=755629588037086641, items=[{"name":"카페라떼","productNo":"GSI2001","options":[{"optionCode":"1759895","optionName":"ICE","price":0,"quantity":1}]}]
[2026-09-17 12:22:16.253] [info]  [TOSS ITEM RESOLVED] orderId=755629588037086641, item="카페라떼" (GSI2001) | rawOptions=[{"optionCode":"1759895","optionName":"ICE","price":0,"quantity":1}] ➔ resolved="ICE 카페라떼 (시그니처)" (GSI2001) steps={"step1":["CUP","ICE"],"step2":["COFFEE","60"],"step3":["ICE",5200],"step4":["COLD_MILK",140]}
[2026-09-17 12:22:21.357] [info]  [toss] event=order.completed status=success source=toss virtual=off mode=order orderId=755629235409300512 bill=755629235409300512 menuCount=1
[2026-09-17 12:23:29.571] [info]  [toss] event=order.completed status=success source=toss virtual=off mode=order orderId=755629588037086641 bill=755629588037086641 menuCount=1
[2026-09-17 14:12:36.304] [info]  [TOSS RAW ORDER] orderId=755657349246009388, items=[{"name":"바닐라라떼","productNo":"GSI2003","options":[{"optionCode":"1759895","optionName":"ICE","price":0,"quantity":1}]}]
[2026-09-17 14:12:36.308] [info]  [TOSS ITEM RESOLVED] orderId=755657349246009388, item="바닐라라떼" (GSI2003) | rawOptions=[{"optionCode":"1759895","optionName":"ICE","price":0,"quantity":1}] ➔ resolved="ICE 바닐라라떼 (시그니처)" (GSI2003) steps={"step1":["CUP","ICE"],"step2":["COFFEE","60"],"step3":["ICE",5200],"step4":["COLD_MILK",120],"step5":["바닐라","35"]}
[2026-09-17 14:12:38.260] [info]  [TOSS RAW ORDER] orderId=755657375779232536, items=[{"name":"아메리카노","productNo":"16702755","options":[{"optionCode":"1759894","optionName":"HOT","price":0,"quantity":1}]}]
[2026-09-17 14:12:38.263] [info]  [TOSS ITEM RESOLVED] orderId=755657375779232536, item="아메리카노" (16702755) | rawOptions=[{"optionCode":"1759894","optionName":"HOT","price":0,"quantity":1}] ➔ resolved="HOT 아메리카노 (시그니처)" (GSH1002) steps={"step1":["CUP","HOT"],"step2":["COFFEE","60"],"step3":["HOT",270]}
[2026-09-17 14:13:40.796] [info]  [toss] event=order.completed status=success source=toss virtual=off mode=order orderId=755657349246009388 bill=755657349246009388 menuCount=1
[2026-09-17 14:14:34.899] [info]  [toss] event=order.completed status=success source=toss virtual=off mode=order orderId=755657375779232536 bill=755657375779232536 menuCount=1
[2026-09-17 14:17:16.342] [info]  [TOSS RAW ORDER] orderId=755658544698146812, items=[{"name":"아메리카노","productNo":"GSI1002","options":[{"optionCode":"1759894","optionName":"HOT","price":0,"quantity":1}]}]
[2026-09-17 14:17:16.348] [info]  [TOSS ITEM RESOLVED] orderId=755658544698146812, item="아메리카노" (GSI1002) | rawOptions=[{"optionCode":"1759894","optionName":"HOT","price":0,"quantity":1}] ➔ resolved="HOT 아메리카노 (시그니처)" (GSH1002) steps={"step1":["CUP","HOT"],"step2":["COFFEE","60"],"step3":["HOT",270]}
[2026-09-17 14:18:00.716] [info]  [toss] event=order.completed status=success source=toss virtual=off mode=order orderId=755658544698146812 bill=755658544698146812 menuCount=1