[2026-09-03 00:00:35.534] [info]  [HASTE DB Load] Loaded settings from SQLite database successfully. StoreName: "헤이스트 김포운양역점", StoreNo: "010-7477-9363", ThemeMode: "Light", isKioskDryRun: "false"
[2026-09-03 00:00:35.984] [info]  [app] event=app.startup status=started appVersion=3.3.1r143 packaged=false
[2026-09-03 00:00:36.040] [info]  [app] event=app.window status=success
[2026-09-03 00:00:36.096] [info]  [app] event=app.tray status=success
[2026-09-03 00:00:36.097] [info]  [app] event=updater.check status=ignored reason=store_managed_distribution
[2026-09-03 00:00:36.102] [info]  [app] event=app.ipc status=success
[2026-09-03 00:00:36.139] [info]  [app] event=task.start status=success
[2026-09-03 00:00:36.141] [debug] [api] [api] event=settings.change status=success port=8080 posStoreNo=010-7477-9363 deviceModelId=D0000
[2026-09-03 00:00:36.147] [info]  [api] [HASTE] Found SSL Certificates at: C:\Users\김성규\Desktop\HASTE-AI\src\cafehaste-client\src\lilly-electron\resources
[2026-09-03 00:00:36.150] [info]  [api] [HASTE] Started HTTP Hono Server on port 8080 (Toss Place HTTP Mode).
[2026-09-03 00:00:36.153] [info]  [api] [HASTE] Started HTTPS Hono Server on port 8443 (Toss Kiosk Mode).
[2026-09-03 00:00:36.155] [debug] [api] [api] event=api.server status=success port=8080 host=0.0.0.0
[2026-09-03 00:00:36.157] [debug] [coffee] [coffee] event=settings.change status=success field=thirdpartyType value=Lilly_(WMF)
[2026-09-03 00:00:36.163] [debug] [coffee] [coffee] event=coffee.socket status=started transport=ws machineName=WMF model=Lilly_(WMF) ip=192.168.10.99 port=25000
[2026-09-03 00:00:36.171] [debug] [coffee] [coffee] event=temperature.change status=success
[2026-09-03 00:00:36.172] [debug] [api] [api] event=did.callback status=ignored reason=local_did_not_open screen=temperature
[2026-09-03 00:00:36.181] [info]  [HASTE DB Save] Settings category "inventory" has been updated and saved to SQLite successfully.
[2026-09-03 00:00:36.186] [info]  [HASTE DB Save] Settings category "inventory" has been updated and saved to SQLite successfully.
[2026-09-03 00:00:36.190] [info]  [HASTE DB Save] Settings category "inventory" has been updated and saved to SQLite successfully.
[2026-09-03 00:00:36.193] [info]  [HASTE DB Save] Settings category "inventory" has been updated and saved to SQLite successfully.
[2026-09-03 00:00:36.195] [debug] [api] [HASTE Theme Sync] Applied local UI theme: isDark=false
[2026-09-03 00:00:36.199] [debug] [api] [api] event=did.callback status=started target=local screen=main
[2026-09-03 00:00:36.201] [info]  [app] event=app.startup status=success message="subscriptions registered"
[2026-09-03 00:00:36.202] [debug] [task] [task] event=scheduler.change status=success routine=FOAMER_RINSING intervalSec=3600 normalizedIntervalSec=3600
[2026-09-03 00:00:36.206] [debug] [task] [task] event=scheduler.change status=success routine=WARM_RINSING intervalSec=0 normalizedIntervalSec=0
[2026-09-03 00:00:36.208] [debug] [task] [task] event=scheduler.change status=success routine=MIXER_RINSING intervalSec=0 normalizedIntervalSec=0
[2026-09-03 00:00:36.210] [debug] [task] [task] event=scheduler.change status=success routine=ERROR_CHECK intervalSec=1800 normalizedIntervalSec=1800
[2026-09-03 00:00:36.215] [debug] [task] [task] event=scheduler.change status=success routine=ICE_MAKER intervalSec=1800 normalizedIntervalSec=1800
[2026-09-03 00:00:36.217] [debug] [task] [task] event=scheduler.change status=success routine=TEMP_CHECK intervalSec=600 normalizedIntervalSec=600
[2026-09-03 00:00:36.218] [debug] [app] event=scheduler.change status=success routine=license.verify intervalSec=86400
[2026-09-03 00:00:36.219] [info]  [app] event=app.startup status=success message="schedulers registered"
[2026-09-03 00:00:36.222] [info]  [HASTE Guard] enableHasteAgent is false (OFF). Skipping agent bot launch.
[2026-09-03 00:00:36.223] [info]  [HASTE Official Auto-Updater] Initialized background auto-updater (Target hotpatches & Official releases).
[2026-09-03 00:00:36.252] [debug] [api] [HASTE DevTools Sync] Current window DevTools opened state: false, Target state: false
[2026-09-03 00:00:36.510] [info]  [HASTE DB Save] Settings category "information" has been updated and saved to SQLite successfully.
[2026-09-03 00:00:36.559] [info]  [HASTE DB Save] Settings category "information" has been updated and saved to SQLite successfully.
[2026-09-03 00:00:36.565] [info]  [app] event=license.verify status=success state=approved storeId=010-7477-9363
[2026-09-03 00:00:38.230] [info]  [HASTE Startup Auto-Rescue] Serialport incomplete after boot. Executing 1-shot automatic refresh reconnection...
[2026-09-03 00:00:38.231] [info]  [serialport] [serialport] event=serialport.connect status=started scope=all
[2026-09-03 00:00:38.237] [error] [serialport] [serialport] event=serialport.error status=failed reason=port_error boardName=board1 port=COM6 message="Opening COM6: File not found"
[2026-09-03 00:00:38.240] [error] [serialport] [serialport] event=serialport.error status=failed reason=port_error boardName=board2 port=COM7 message="Opening COM7: File not found"
[2026-09-03 00:00:39.853] [debug] [task] [app] event=did.open status=success reason=electron_window_local_webview_monitor url=http://127.0.0.1:8080/did/index.html?clientId=00%3AD8%3A61%3A38%3A09%3A29
[2026-09-03 00:00:39.977] [debug] [task] [app] event=did.open status=success reason=electron_window_remote_webview_monitor url=http://127.0.0.1:8080/promo
[2026-09-03 00:00:39.982] [info]  [HASTE Auto-DID] Successfully auto-launched dual DIDs for approved store "010-7477-9363"!
[2026-09-03 00:00:41.177] [error] [coffee] [coffee] event=coffee.socket status=failed reason=open_timeout transport=ws machineName=WMF model=Lilly_(WMF) ip=192.168.10.99 port=25000
[2026-09-03 00:00:41.182] [error] [coffee] [coffee] event=coffee.socket status=failed reason=connect_failed transport=ws machineName=WMF model=Lilly_(WMF) ip=192.168.10.99 port=25000
[2026-09-03 00:00:57.264] [error] [coffee] [coffee] event=coffee.socket status=failed reason=ws_error machineName=WMF model=Lilly_(WMF) ip=192.168.10.99 port=25000 message="connect ETIMEDOUT 192.168.10.99:25000"
[2026-09-03 00:35:09.767] [info]  [HASTE DB Load] Loaded settings from SQLite database successfully. StoreName: "헤이스트 김포운양역점", StoreNo: "010-7477-9363", ThemeMode: "Light", isKioskDryRun: "false"
[2026-09-03 00:35:10.301] [info]  [app] event=app.startup status=started appVersion=3.3.1r145 packaged=false
[2026-09-03 00:35:10.361] [info]  [app] event=app.window status=success
[2026-09-03 00:35:10.419] [info]  [app] event=app.tray status=success
[2026-09-03 00:35:10.420] [info]  [app] event=updater.check status=ignored reason=store_managed_distribution
[2026-09-03 00:35:10.426] [info]  [app] event=app.ipc status=success
[2026-09-03 00:35:10.460] [info]  [app] event=task.start status=success
[2026-09-03 00:35:10.462] [debug] [api] [api] event=settings.change status=success port=8080 posStoreNo=010-7477-9363 deviceModelId=D0000
[2026-09-03 00:35:10.468] [info]  [api] [HASTE] Found SSL Certificates at: C:\Users\김성규\Desktop\HASTE-AI\src\cafehaste-client\src\lilly-electron\resources
[2026-09-03 00:35:10.471] [info]  [api] [HASTE] Started HTTP Hono Server on port 8080 (Toss Place HTTP Mode).
[2026-09-03 00:35:10.473] [info]  [api] [HASTE] Started HTTPS Hono Server on port 8443 (Toss Kiosk Mode).
[2026-09-03 00:35:10.475] [debug] [api] [api] event=api.server status=success port=8080 host=0.0.0.0
[2026-09-03 00:35:10.477] [debug] [coffee] [coffee] event=settings.change status=success field=thirdpartyType value=Lilly_(WMF)
[2026-09-03 00:35:10.479] [debug] [coffee] [coffee] event=coffee.socket status=started transport=ws machineName=WMF model=Lilly_(WMF) ip=192.168.10.99 port=25000
[2026-09-03 00:35:10.491] [debug] [coffee] [coffee] event=temperature.change status=success
[2026-09-03 00:35:10.493] [debug] [api] [api] event=did.callback status=ignored reason=local_did_not_open screen=temperature
[2026-09-03 00:35:10.503] [info]  [HASTE DB Save] Settings category "inventory" has been updated and saved to SQLite successfully.
[2026-09-03 00:35:10.507] [info]  [HASTE DB Save] Settings category "inventory" has been updated and saved to SQLite successfully.
[2026-09-03 00:35:10.511] [info]  [HASTE DB Save] Settings category "inventory" has been updated and saved to SQLite successfully.
[2026-09-03 00:35:10.515] [info]  [HASTE DB Save] Settings category "inventory" has been updated and saved to SQLite successfully.
[2026-09-03 00:35:10.519] [debug] [api] [HASTE Theme Sync] Applied local UI theme: isDark=false
[2026-09-03 00:35:10.521] [debug] [api] [api] event=did.callback status=started target=local screen=main
[2026-09-03 00:35:10.525] [info]  [app] event=app.startup status=success message="subscriptions registered"
[2026-09-03 00:35:10.526] [debug] [task] [task] event=scheduler.change status=success routine=FOAMER_RINSING intervalSec=3600 normalizedIntervalSec=3600
[2026-09-03 00:35:10.530] [info]  [HASTE Foamer Schedule] No foamer history today (fresh install / daily first boot). Triggering initial rinse in 5s!
[2026-09-03 00:35:10.535] [debug] [task] [task] event=scheduler.change status=success routine=WARM_RINSING intervalSec=0 normalizedIntervalSec=0
[2026-09-03 00:35:10.537] [debug] [task] [task] event=scheduler.change status=success routine=MIXER_RINSING intervalSec=0 normalizedIntervalSec=0
[2026-09-03 00:35:10.539] [debug] [task] [task] event=scheduler.change status=success routine=ERROR_CHECK intervalSec=1800 normalizedIntervalSec=1800
[2026-09-03 00:35:10.541] [debug] [task] [task] event=scheduler.change status=success routine=ICE_MAKER intervalSec=1800 normalizedIntervalSec=1800
[2026-09-03 00:35:10.543] [debug] [task] [task] event=scheduler.change status=success routine=TEMP_CHECK intervalSec=600 normalizedIntervalSec=600
[2026-09-03 00:35:10.546] [debug] [app] event=scheduler.change status=success routine=license.verify intervalSec=86400
[2026-09-03 00:35:10.550] [info]  [app] event=app.startup status=success message="schedulers registered"
[2026-09-03 00:35:10.554] [info]  [HASTE Guard] enableHasteAgent is false (OFF). Skipping agent bot launch.
[2026-09-03 00:35:10.555] [info]  [HASTE Official Auto-Updater] Initialized background auto-updater (Target hotpatches & Official releases).
[2026-09-03 00:35:10.573] [debug] [api] [HASTE DevTools Sync] Current window DevTools opened state: false, Target state: false
[2026-09-03 00:35:10.807] [info]  [HASTE DB Save] Settings category "information" has been updated and saved to SQLite successfully.
[2026-09-03 00:35:10.864] [info]  [HASTE DB Save] Settings category "information" has been updated and saved to SQLite successfully.
[2026-09-03 00:35:10.871] [info]  [app] event=license.verify status=success state=approved storeId=010-7477-9363
[2026-09-03 00:35:12.563] [info]  [HASTE Startup Auto-Rescue] Serialport incomplete after boot. Executing 1-shot automatic refresh reconnection...
[2026-09-03 00:35:12.565] [info]  [serialport] [serialport] event=serialport.connect status=started scope=all
[2026-09-03 00:35:12.573] [error] [serialport] [serialport] event=serialport.error status=failed reason=port_error boardName=board1 port=COM6 message="Opening COM6: File not found"
[2026-09-03 00:35:12.578] [error] [serialport] [serialport] event=serialport.error status=failed reason=port_error boardName=board2 port=COM7 message="Opening COM7: File not found"
[2026-09-03 00:35:14.176] [debug] [task] [app] event=did.open status=success reason=electron_window_local_webview_monitor url=http://127.0.0.1:8080/did/index.html?clientId=00%3AD8%3A61%3A38%3A09%3A29
[2026-09-03 00:35:14.281] [debug] [task] [app] event=did.open status=success reason=electron_window_remote_webview_monitor url=http://127.0.0.1:8080/promo
[2026-09-03 00:35:14.291] [info]  [HASTE Auto-DID] Successfully auto-launched dual DIDs for approved store "010-7477-9363"!
[2026-09-03 00:35:15.484] [error] [coffee] [coffee] event=coffee.socket status=failed reason=open_timeout transport=ws machineName=WMF model=Lilly_(WMF) ip=192.168.10.99 port=25000
[2026-09-03 00:35:15.490] [error] [coffee] [coffee] event=coffee.socket status=failed reason=connect_failed transport=ws machineName=WMF model=Lilly_(WMF) ip=192.168.10.99 port=25000
[2026-09-03 00:35:31.616] [error] [coffee] [coffee] event=coffee.socket status=failed reason=ws_error machineName=WMF model=Lilly_(WMF) ip=192.168.10.99 port=25000 message="connect ETIMEDOUT 192.168.10.99:25000"
[2026-09-03 00:46:08.530] [info]  [HASTE DB Load] Loaded settings from SQLite database successfully. StoreName: "헤이스트 김포운양역점", StoreNo: "010-7477-9363", ThemeMode: "Light", isKioskDryRun: "false"
[2026-09-03 00:46:09.500] [info]  [app] event=app.startup status=started appVersion=3.3.1r146 packaged=false
[2026-09-03 00:46:09.582] [info]  [app] event=app.window status=success
[2026-09-03 00:46:09.632] [info]  [app] event=app.tray status=success
[2026-09-03 00:46:09.633] [info]  [app] event=updater.check status=ignored reason=store_managed_distribution
[2026-09-03 00:46:09.639] [info]  [app] event=app.ipc status=success
[2026-09-03 00:46:09.673] [info]  [app] event=task.start status=success
[2026-09-03 00:46:09.676] [debug] [api] [api] event=settings.change status=success port=8080 posStoreNo=010-7477-9363 deviceModelId=D0000
[2026-09-03 00:46:09.680] [info]  [api] [HASTE] Found SSL Certificates at: C:\Users\김성규\Desktop\HASTE-AI\src\cafehaste-client\src\lilly-electron\resources
[2026-09-03 00:46:09.698] [info]  [api] [HASTE] Started HTTP Hono Server on port 8080 (Toss Place HTTP Mode).
[2026-09-03 00:46:09.700] [info]  [api] [HASTE] Started HTTPS Hono Server on port 8443 (Toss Kiosk Mode).
[2026-09-03 00:46:09.702] [debug] [api] [api] event=api.server status=success port=8080 host=0.0.0.0
[2026-09-03 00:46:09.704] [debug] [coffee] [coffee] event=settings.change status=success field=thirdpartyType value=Lilly_(WMF)
[2026-09-03 00:46:09.709] [debug] [coffee] [coffee] event=coffee.socket status=started transport=ws machineName=WMF model=Lilly_(WMF) ip=192.168.10.99 port=25000
[2026-09-03 00:46:09.718] [debug] [coffee] [coffee] event=temperature.change status=success
[2026-09-03 00:46:09.723] [debug] [api] [api] event=did.callback status=ignored reason=local_did_not_open screen=temperature
[2026-09-03 00:46:09.733] [info]  [HASTE DB Save] Settings category "inventory" has been updated and saved to SQLite successfully.
[2026-09-03 00:46:09.738] [info]  [HASTE DB Save] Settings category "inventory" has been updated and saved to SQLite successfully.
[2026-09-03 00:46:09.742] [info]  [HASTE DB Save] Settings category "inventory" has been updated and saved to SQLite successfully.
[2026-09-03 00:46:09.746] [info]  [HASTE DB Save] Settings category "inventory" has been updated and saved to SQLite successfully.
[2026-09-03 00:46:09.747] [debug] [api] [HASTE Theme Sync] Applied local UI theme: isDark=false
[2026-09-03 00:46:09.750] [debug] [api] [api] event=did.callback status=started target=local screen=main
[2026-09-03 00:46:09.753] [info]  [app] event=app.startup status=success message="subscriptions registered"
[2026-09-03 00:46:09.757] [debug] [task] [task] event=scheduler.change status=success routine=FOAMER_RINSING intervalSec=3600 normalizedIntervalSec=3600
[2026-09-03 00:46:09.762] [info]  [HASTE Foamer Schedule] No foamer history today (fresh install / daily first boot). Triggering initial rinse in 5s!
[2026-09-03 00:46:09.764] [debug] [task] [task] event=scheduler.change status=success routine=WARM_RINSING intervalSec=0 normalizedIntervalSec=0
[2026-09-03 00:46:09.765] [debug] [task] [task] event=scheduler.change status=success routine=MIXER_RINSING intervalSec=0 normalizedIntervalSec=0
[2026-09-03 00:46:09.767] [debug] [task] [task] event=scheduler.change status=success routine=ERROR_CHECK intervalSec=1800 normalizedIntervalSec=1800
[2026-09-03 00:46:09.773] [debug] [task] [task] event=scheduler.change status=success routine=ICE_MAKER intervalSec=1800 normalizedIntervalSec=1800
[2026-09-03 00:46:09.775] [debug] [task] [task] event=scheduler.change status=success routine=TEMP_CHECK intervalSec=600 normalizedIntervalSec=600
[2026-09-03 00:46:09.777] [debug] [app] event=scheduler.change status=success routine=license.verify intervalSec=86400
[2026-09-03 00:46:09.778] [info]  [app] event=app.startup status=success message="schedulers registered"
[2026-09-03 00:46:09.781] [info]  [HASTE Guard] enableHasteAgent is false (OFF). Skipping agent bot launch.
[2026-09-03 00:46:09.782] [info]  [HASTE Official Auto-Updater] Initialized background auto-updater (Target hotpatches & Official releases).
[2026-09-03 00:46:09.808] [debug] [api] [HASTE DevTools Sync] Current window DevTools opened state: false, Target state: false
[2026-09-03 00:46:10.072] [info]  [HASTE DB Save] Settings category "information" has been updated and saved to SQLite successfully.
[2026-09-03 00:46:10.077] [info]  [app] event=license.verify status=success state=approved storeId=010-7477-9363
[2026-09-03 00:46:10.112] [info]  [HASTE DB Save] Settings category "information" has been updated and saved to SQLite successfully.
[2026-09-03 00:46:11.784] [info]  [HASTE Startup Auto-Rescue] Serialport incomplete after boot. Executing 1-shot automatic refresh reconnection...
[2026-09-03 00:46:11.785] [info]  [serialport] [serialport] event=serialport.connect status=started scope=all
[2026-09-03 00:46:11.792] [error] [serialport] [serialport] event=serialport.error status=failed reason=port_error boardName=board1 port=COM6 message="Opening COM6: File not found"
[2026-09-03 00:46:11.794] [error] [serialport] [serialport] event=serialport.error status=failed reason=port_error boardName=board2 port=COM7 message="Opening COM7: File not found"
[2026-09-03 00:46:13.387] [debug] [task] [app] event=did.open status=success reason=electron_window_local_webview_monitor url=http://127.0.0.1:8080/did/index.html?clientId=00%3AD8%3A61%3A38%3A09%3A29
[2026-09-03 00:46:13.496] [debug] [task] [app] event=did.open status=success reason=electron_window_remote_webview_monitor url=http://127.0.0.1:8080/promo
[2026-09-03 00:46:13.501] [info]  [HASTE Auto-DID] Successfully auto-launched dual DIDs for approved store "010-7477-9363"!
[2026-09-03 00:46:14.719] [error] [coffee] [coffee] event=coffee.socket status=failed reason=open_timeout transport=ws machineName=WMF model=Lilly_(WMF) ip=192.168.10.99 port=25000
[2026-09-03 00:46:14.724] [error] [coffee] [coffee] event=coffee.socket status=failed reason=connect_failed transport=ws machineName=WMF model=Lilly_(WMF) ip=192.168.10.99 port=25000
[2026-09-03 00:46:30.835] [error] [coffee] [coffee] event=coffee.socket status=failed reason=ws_error machineName=WMF model=Lilly_(WMF) ip=192.168.10.99 port=25000 message="connect ETIMEDOUT 192.168.10.99:25000"
[2026-09-03 00:51:05.020] [info]  [HASTE DB Save] Settings category "menu" has been updated and saved to SQLite successfully.
[2026-09-03 00:51:05.024] [info]  [Client] [POS_SYNC] [UPDATE_KIOSK] Saved kiosk & local item MDI9001 (리얼100수박주스, is_customized=1) and broadcasted to renderer.
[2026-09-03 00:51:05.106] [info]  [HASTE DB Save] Settings category "menu" has been updated and saved to SQLite successfully.
[2026-09-03 00:51:05.202] [info]  [HASTE DB Save] Settings category "information" has been updated and saved to SQLite successfully.
[2026-09-03 00:51:05.204] [info]  [HASTE DB Save] Settings category "information" has been updated and saved to SQLite successfully.
[2026-09-03 00:51:05.208] [info]  [HASTE DB Save] Settings category "information" has been updated and saved to SQLite successfully.