[2026-08-08 12:06:00.754] [info]  [serialport] event=serialport.connect status=started scope=all
[2026-08-08 12:06:00.809] [info]  [serialport] event=serialport.connect status=started scope=all
[2026-08-08 12:06:00.898] [error] [serialport] event=serialport.error status=failed reason=port_error boardName=board1 port=COM3 message="Opening COM3: File not found"
[2026-08-08 12:06:00.904] [error] [serialport] event=serialport.error status=failed reason=port_error boardName=board1 port=COM3 message="Opening COM3: File not found"
[2026-08-08 12:17:57.889] [info]  [serialport] event=serialport.connect status=started scope=all
[2026-08-08 12:17:57.937] [info]  [serialport] event=serialport.connect status=started scope=all
[2026-08-08 12:17:58.018] [error] [serialport] event=serialport.error status=failed reason=port_error boardName=board1 port=COM3 message="Opening COM3: File not found"
[2026-08-08 12:17:58.021] [error] [serialport] event=serialport.error status=failed reason=port_error boardName=board1 port=COM3 message="Opening COM3: File not found"
[2026-08-08 12:20:22.925] [info]  [serialport] event=serialport.connect status=started scope=all
[2026-08-08 12:20:22.982] [info]  [serialport] event=serialport.connect status=started scope=all
[2026-08-08 12:20:23.085] [error] [serialport] event=serialport.error status=failed reason=port_error boardName=board1 port=COM3 message="Opening COM3: File not found"
[2026-08-08 12:20:23.089] [error] [serialport] event=serialport.error status=failed reason=port_error boardName=board1 port=COM3 message="Opening COM3: File not found"
[2026-08-08 12:21:08.291] [error] [serialport] event=serialport.send status=failed reason=not_connected boardName=board1
[2026-08-08 12:21:12.609] [error] [serialport] event=serialport.send status=failed reason=not_connected boardName=board1
[2026-08-08 12:21:13.471] [error] [serialport] event=serialport.send status=failed reason=not_connected boardName=board1
[2026-08-08 12:21:13.870] [error] [serialport] event=serialport.send status=failed reason=not_connected boardName=board1
[2026-08-08 12:33:05.079] [info]  [serialport] event=serialport.connect status=started scope=all
[2026-08-08 12:33:05.138] [info]  [serialport] event=serialport.connect status=started scope=all
[2026-08-08 12:33:05.234] [error] [serialport] event=serialport.error status=failed reason=port_error boardName=board1 port=COM3 message="Opening COM3: File not found"
[2026-08-08 12:33:05.237] [error] [serialport] event=serialport.error status=failed reason=port_error boardName=board1 port=COM3 message="Opening COM3: File not found"
[2026-08-08 12:38:27.943] [info]  [serialport] event=serialport.connect status=started scope=all
[2026-08-08 12:38:28.002] [info]  [serialport] event=serialport.connect status=started scope=all
[2026-08-08 12:38:28.099] [error] [serialport] event=serialport.error status=failed reason=port_error boardName=board1 port=COM3 message="Opening COM3: File not found"
[2026-08-08 12:38:28.102] [error] [serialport] event=serialport.error status=failed reason=port_error boardName=board1 port=COM3 message="Opening COM3: File not found"
[2026-08-08 13:04:13.696] [info]  [serialport] event=serialport.connect status=started scope=all
[2026-08-08 13:04:13.798] [info]  [serialport] event=serialport.connect status=started scope=all
[2026-08-08 13:04:13.979] [error] [serialport] event=serialport.error status=failed reason=port_error boardName=board1 port=COM3 message="Opening COM3: File not found"
[2026-08-08 13:04:13.985] [error] [serialport] event=serialport.error status=failed reason=port_error boardName=board1 port=COM3 message="Opening COM3: File not found"
[2026-08-08 13:20:30.442] [info]  [serialport] event=serialport.connect status=started scope=all
[2026-08-08 13:20:30.501] [info]  [serialport] event=serialport.connect status=started scope=all
[2026-08-08 13:20:30.601] [error] [serialport] event=serialport.error status=failed reason=port_error boardName=board1 port=COM3 message="Opening COM3: File not found"
[2026-08-08 13:20:30.605] [error] [serialport] event=serialport.error status=failed reason=port_error boardName=board1 port=COM3 message="Opening COM3: File not found"
[2026-08-08 13:20:53.177] [info]  [serialport] event=settings.change status=success scope=all
[2026-08-08 13:20:53.179] [info]  [serialport] event=serialport.connect status=started scope=all
[2026-08-08 13:20:53.180] [info]  [serialport] event=serialport.connect status=started scope=all
[2026-08-08 13:20:53.305] [info]  [serialport] event=settings.change status=success scope=all
[2026-08-08 13:20:53.311] [info]  [serialport] event=serialport.connect status=started scope=all
[2026-08-08 13:20:53.313] [info]  [serialport] event=serialport.connect status=started scope=all
[2026-08-08 13:20:53.537] [error] [serialport] event=serialport.error status=failed reason=port_error boardName=board1 port=COM1 message="Opening COM1: Access denied"
[2026-08-08 13:20:53.540] [error] [serialport] event=serialport.error status=failed reason=port_error boardName=board1 port=COM6 message="Opening COM6: File not found"
[2026-08-08 13:20:53.544] [error] [serialport] event=serialport.error status=failed reason=port_error boardName=board2 port=COM7 message="Opening COM7: File not found"
[2026-08-08 13:20:53.547] [error] [serialport] event=serialport.error status=failed reason=port_error boardName=board1 port=COM6 message="Opening COM6: File not found"
[2026-08-08 13:20:53.551] [error] [serialport] event=serialport.error status=failed reason=port_error boardName=board2 port=COM7 message="Opening COM7: File not found"
[2026-08-08 13:20:53.554] [debug] [serialport] event=serialport.connect status=success boardName=board1 port=COM1
[2026-08-08 13:20:53.582] [debug] [serialport] event=serialport.packet status=success boardName=board1 length=24 message="bytearray(b'\\x020A1DCP0201A00101A10344\\x03')"
[2026-08-08 13:25:45.102] [debug] [serialport] event=serialport.close status=success boardName=board1 port=COM1
[2026-08-08 14:10:57.101] [info]  [serialport] event=serialport.connect status=started scope=all
[2026-08-08 14:10:57.152] [info]  [serialport] event=serialport.connect status=started scope=all
[2026-08-08 14:10:57.243] [error] [serialport] event=serialport.error status=failed reason=port_error boardName=board1 port=COM6 message="Opening COM6: File not found"
[2026-08-08 14:10:57.247] [error] [serialport] event=serialport.error status=failed reason=port_error boardName=board2 port=COM7 message="Opening COM7: File not found"
[2026-08-08 14:10:57.250] [error] [serialport] event=serialport.error status=failed reason=port_error boardName=board1 port=COM6 message="Opening COM6: File not found"
[2026-08-08 14:10:57.253] [error] [serialport] event=serialport.error status=failed reason=port_error boardName=board2 port=COM7 message="Opening COM7: File not found"
[2026-08-08 14:13:55.945] [info]  [serialport] event=settings.change status=success scope=all
[2026-08-08 14:13:55.946] [info]  [serialport] event=serialport.connect status=started scope=all
[2026-08-08 14:13:55.950] [info]  [serialport] event=serialport.connect status=started scope=all
[2026-08-08 14:13:56.025] [error] [serialport] event=serialport.error status=failed reason=port_error boardName=board1 port=COM3 message="Opening COM3: File not found"
[2026-08-08 14:13:56.029] [error] [serialport] event=serialport.error status=failed reason=port_error boardName=board1 port=COM3 message="Opening COM3: File not found"
[2026-08-08 14:36:45.337] [info]  [serialport] event=serialport.connect status=started scope=all
[2026-08-08 14:36:45.384] [info]  [serialport] event=serialport.connect status=started scope=all
[2026-08-08 14:36:45.470] [error] [serialport] event=serialport.error status=failed reason=port_error boardName=board1 port=COM3 message="Opening COM3: File not found"
[2026-08-08 14:36:45.473] [error] [serialport] event=serialport.error status=failed reason=port_error boardName=board1 port=COM3 message="Opening COM3: File not found"
[2026-08-08 14:50:10.652] [info]  [serialport] event=serialport.connect status=started scope=all
[2026-08-08 14:50:10.703] [info]  [serialport] event=serialport.connect status=started scope=all
[2026-08-08 14:50:10.797] [error] [serialport] event=serialport.error status=failed reason=port_error boardName=board1 port=COM3 message="Opening COM3: File not found"
[2026-08-08 14:50:10.801] [error] [serialport] event=serialport.error status=failed reason=port_error boardName=board1 port=COM3 message="Opening COM3: File not found"
[2026-08-08 14:52:09.093] [info]  [serialport] event=serialport.connect status=started scope=all
[2026-08-08 14:52:09.139] [info]  [serialport] event=serialport.connect status=started scope=all
[2026-08-08 14:52:09.225] [error] [serialport] event=serialport.error status=failed reason=port_error boardName=board1 port=COM3 message="Opening COM3: File not found"
[2026-08-08 14:52:09.228] [error] [serialport] event=serialport.error status=failed reason=port_error boardName=board1 port=COM3 message="Opening COM3: File not found"
[2026-08-08 14:52:37.715] [info]  [serialport] event=serialport.connect status=started scope=all
[2026-08-08 14:52:37.778] [info]  [serialport] event=serialport.connect status=started scope=all
[2026-08-08 14:52:37.911] [error] [serialport] event=serialport.error status=failed reason=port_error boardName=board1 port=COM3 message="Opening COM3: File not found"
[2026-08-08 14:52:37.915] [error] [serialport] event=serialport.error status=failed reason=port_error boardName=board1 port=COM3 message="Opening COM3: File not found"
[2026-08-08 14:54:12.211] [info]  [serialport] event=serialport.connect status=started scope=all
[2026-08-08 14:54:12.278] [info]  [serialport] event=serialport.connect status=started scope=all
[2026-08-08 14:54:12.415] [error] [serialport] event=serialport.error status=failed reason=port_error boardName=board1 port=COM3 message="Opening COM3: File not found"
[2026-08-08 14:54:12.421] [error] [serialport] event=serialport.error status=failed reason=port_error boardName=board1 port=COM3 message="Opening COM3: File not found"
[2026-08-08 14:54:57.322] [info]  [serialport] event=serialport.connect status=started scope=all
[2026-08-08 14:54:57.394] [info]  [serialport] event=serialport.connect status=started scope=all
[2026-08-08 14:54:57.521] [error] [serialport] event=serialport.error status=failed reason=port_error boardName=board1 port=COM3 message="Opening COM3: File not found"
[2026-08-08 14:54:57.525] [error] [serialport] event=serialport.error status=failed reason=port_error boardName=board1 port=COM3 message="Opening COM3: File not found"
[2026-08-08 14:55:55.241] [info]  [serialport] event=serialport.connect status=started scope=all
[2026-08-08 14:55:55.287] [info]  [serialport] event=serialport.connect status=started scope=all
[2026-08-08 14:55:55.375] [error] [serialport] event=serialport.error status=failed reason=port_error boardName=board1 port=COM3 message="Opening COM3: File not found"
[2026-08-08 14:55:55.379] [error] [serialport] event=serialport.error status=failed reason=port_error boardName=board1 port=COM3 message="Opening COM3: File not found"
[2026-08-08 14:57:07.111] [info]  [serialport] event=serialport.connect status=started scope=all
[2026-08-08 14:57:07.158] [info]  [serialport] event=serialport.connect status=started scope=all
[2026-08-08 14:57:07.246] [error] [serialport] event=serialport.error status=failed reason=port_error boardName=board1 port=COM3 message="Opening COM3: File not found"
[2026-08-08 14:57:07.251] [error] [serialport] event=serialport.error status=failed reason=port_error boardName=board1 port=COM3 message="Opening COM3: File not found"
[2026-08-08 14:58:13.350] [info]  [serialport] event=serialport.connect status=started scope=all
[2026-08-08 14:58:13.402] [info]  [serialport] event=serialport.connect status=started scope=all
[2026-08-08 14:58:13.494] [error] [serialport] event=serialport.error status=failed reason=port_error boardName=board1 port=COM3 message="Opening COM3: File not found"
[2026-08-08 14:58:13.498] [error] [serialport] event=serialport.error status=failed reason=port_error boardName=board1 port=COM3 message="Opening COM3: File not found"
[2026-08-08 15:02:21.755] [info]  [serialport] event=serialport.connect status=started scope=all
[2026-08-08 15:02:21.805] [info]  [serialport] event=serialport.connect status=started scope=all
[2026-08-08 15:02:21.893] [error] [serialport] event=serialport.error status=failed reason=port_error boardName=board1 port=COM3 message="Opening COM3: File not found"
[2026-08-08 15:02:21.897] [error] [serialport] event=serialport.error status=failed reason=port_error boardName=board1 port=COM3 message="Opening COM3: File not found"
[2026-08-08 15:04:18.330] [info]  [serialport] event=serialport.connect status=started scope=all
[2026-08-08 15:04:18.391] [info]  [serialport] event=serialport.connect status=started scope=all
[2026-08-08 15:04:18.508] [error] [serialport] event=serialport.error status=failed reason=port_error boardName=board1 port=COM3 message="Opening COM3: File not found"
[2026-08-08 15:04:18.512] [error] [serialport] event=serialport.error status=failed reason=port_error boardName=board1 port=COM3 message="Opening COM3: File not found"
[2026-08-08 15:05:48.195] [info]  [serialport] event=serialport.connect status=started scope=all
[2026-08-08 15:05:48.243] [info]  [serialport] event=serialport.connect status=started scope=all
[2026-08-08 15:05:48.333] [error] [serialport] event=serialport.error status=failed reason=port_error boardName=board1 port=COM3 message="Opening COM3: File not found"
[2026-08-08 15:05:48.335] [error] [serialport] event=serialport.error status=failed reason=port_error boardName=board1 port=COM3 message="Opening COM3: File not found"
[2026-08-08 15:07:30.612] [info]  [serialport] event=serialport.connect status=started scope=all
[2026-08-08 15:07:30.659] [info]  [serialport] event=serialport.connect status=started scope=all
[2026-08-08 15:07:30.749] [error] [serialport] event=serialport.error status=failed reason=port_error boardName=board1 port=COM3 message="Opening COM3: File not found"
[2026-08-08 15:07:30.752] [error] [serialport] event=serialport.error status=failed reason=port_error boardName=board1 port=COM3 message="Opening COM3: File not found"
[2026-08-08 15:09:07.412] [info]  [serialport] event=serialport.connect status=started scope=all
[2026-08-08 15:09:07.463] [info]  [serialport] event=serialport.connect status=started scope=all
[2026-08-08 15:09:07.556] [error] [serialport] event=serialport.error status=failed reason=port_error boardName=board1 port=COM3 message="Opening COM3: File not found"
[2026-08-08 15:09:07.560] [error] [serialport] event=serialport.error status=failed reason=port_error boardName=board1 port=COM3 message="Opening COM3: File not found"
[2026-08-08 15:12:07.034] [info]  [serialport] event=serialport.connect status=started scope=all
[2026-08-08 15:12:07.085] [info]  [serialport] event=serialport.connect status=started scope=all
[2026-08-08 15:12:07.175] [error] [serialport] event=serialport.error status=failed reason=port_error boardName=board1 port=COM3 message="Opening COM3: File not found"
[2026-08-08 15:12:07.179] [error] [serialport] event=serialport.error status=failed reason=port_error boardName=board1 port=COM3 message="Opening COM3: File not found"
[2026-08-08 15:24:05.023] [info]  [serialport] event=serialport.connect status=started scope=all
[2026-08-08 15:24:05.072] [info]  [serialport] event=serialport.connect status=started scope=all
[2026-08-08 15:24:05.158] [error] [serialport] event=serialport.error status=failed reason=port_error boardName=board1 port=COM3 message="Opening COM3: File not found"
[2026-08-08 15:24:05.161] [error] [serialport] event=serialport.error status=failed reason=port_error boardName=board1 port=COM3 message="Opening COM3: File not found"
[2026-08-08 15:26:33.081] [info]  [serialport] event=serialport.connect status=started scope=all
[2026-08-08 15:26:33.134] [info]  [serialport] event=serialport.connect status=started scope=all
[2026-08-08 15:26:33.229] [error] [serialport] event=serialport.error status=failed reason=port_error boardName=board1 port=COM3 message="Opening COM3: File not found"
[2026-08-08 15:26:33.234] [error] [serialport] event=serialport.error status=failed reason=port_error boardName=board1 port=COM3 message="Opening COM3: File not found"
[2026-08-08 15:28:13.653] [info]  [serialport] event=serialport.connect status=started scope=all
[2026-08-08 15:28:13.723] [info]  [serialport] event=serialport.connect status=started scope=all
[2026-08-08 15:28:13.837] [error] [serialport] event=serialport.error status=failed reason=port_error boardName=board1 port=COM3 message="Opening COM3: File not found"
[2026-08-08 15:28:13.842] [error] [serialport] event=serialport.error status=failed reason=port_error boardName=board1 port=COM3 message="Opening COM3: File not found"
[2026-08-08 15:31:07.727] [info]  [serialport] event=serialport.connect status=started scope=all
[2026-08-08 15:31:07.773] [info]  [serialport] event=serialport.connect status=started scope=all
[2026-08-08 15:31:07.860] [error] [serialport] event=serialport.error status=failed reason=port_error boardName=board1 port=COM3 message="Opening COM3: File not found"
[2026-08-08 15:31:07.864] [error] [serialport] event=serialport.error status=failed reason=port_error boardName=board1 port=COM3 message="Opening COM3: File not found"
[2026-08-08 15:32:53.813] [info]  [serialport] event=serialport.connect status=started scope=all
[2026-08-08 15:32:53.863] [info]  [serialport] event=serialport.connect status=started scope=all
[2026-08-08 15:32:53.956] [error] [serialport] event=serialport.error status=failed reason=port_error boardName=board1 port=COM3 message="Opening COM3: File not found"
[2026-08-08 15:32:53.959] [error] [serialport] event=serialport.error status=failed reason=port_error boardName=board1 port=COM3 message="Opening COM3: File not found"
[2026-08-08 15:36:17.653] [info]  [serialport] event=serialport.connect status=started scope=all
[2026-08-08 15:36:17.706] [info]  [serialport] event=serialport.connect status=started scope=all
[2026-08-08 15:36:17.808] [error] [serialport] event=serialport.error status=failed reason=port_error boardName=board1 port=COM3 message="Opening COM3: File not found"
[2026-08-08 15:36:17.815] [error] [serialport] event=serialport.error status=failed reason=port_error boardName=board1 port=COM3 message="Opening COM3: File not found"
[2026-08-08 15:38:19.484] [info]  [serialport] event=serialport.connect status=started scope=all
[2026-08-08 15:38:19.553] [info]  [serialport] event=serialport.connect status=started scope=all
[2026-08-08 15:38:19.701] [error] [serialport] event=serialport.error status=failed reason=port_error boardName=board1 port=COM3 message="Opening COM3: File not found"
[2026-08-08 15:38:19.707] [error] [serialport] event=serialport.error status=failed reason=port_error boardName=board1 port=COM3 message="Opening COM3: File not found"
[2026-08-08 15:39:51.803] [info]  [serialport] event=serialport.connect status=started scope=all
[2026-08-08 15:39:51.859] [info]  [serialport] event=serialport.connect status=started scope=all
[2026-08-08 15:39:51.957] [error] [serialport] event=serialport.error status=failed reason=port_error boardName=board1 port=COM3 message="Opening COM3: File not found"
[2026-08-08 15:39:51.963] [error] [serialport] event=serialport.error status=failed reason=port_error boardName=board1 port=COM3 message="Opening COM3: File not found"
[2026-08-08 15:42:21.216] [info]  [serialport] event=serialport.connect status=started scope=all
[2026-08-08 15:42:21.266] [info]  [serialport] event=serialport.connect status=started scope=all
[2026-08-08 15:42:21.363] [error] [serialport] event=serialport.error status=failed reason=port_error boardName=board1 port=COM3 message="Opening COM3: File not found"
[2026-08-08 15:42:21.368] [error] [serialport] event=serialport.error status=failed reason=port_error boardName=board1 port=COM3 message="Opening COM3: File not found"
[2026-08-08 15:43:00.351] [info]  [serialport] event=serialport.connect status=started scope=all
[2026-08-08 15:43:00.404] [info]  [serialport] event=serialport.connect status=started scope=all
[2026-08-08 15:43:00.494] [error] [serialport] event=serialport.error status=failed reason=port_error boardName=board1 port=COM3 message="Opening COM3: File not found"
[2026-08-08 15:43:00.498] [error] [serialport] event=serialport.error status=failed reason=port_error boardName=board1 port=COM3 message="Opening COM3: File not found"
[2026-08-08 15:43:24.613] [info]  [serialport] event=serialport.connect status=started scope=all
[2026-08-08 15:43:24.662] [info]  [serialport] event=serialport.connect status=started scope=all
[2026-08-08 15:43:24.754] [error] [serialport] event=serialport.error status=failed reason=port_error boardName=board1 port=COM3 message="Opening COM3: File not found"
[2026-08-08 15:43:24.760] [error] [serialport] event=serialport.error status=failed reason=port_error boardName=board1 port=COM3 message="Opening COM3: File not found"
[2026-08-08 15:47:35.312] [info]  [serialport] event=serialport.connect status=started scope=all
[2026-08-08 15:47:35.360] [info]  [serialport] event=serialport.connect status=started scope=all
[2026-08-08 15:47:35.451] [error] [serialport] event=serialport.error status=failed reason=port_error boardName=board1 port=COM3 message="Opening COM3: File not found"
[2026-08-08 15:47:35.454] [error] [serialport] event=serialport.error status=failed reason=port_error boardName=board1 port=COM3 message="Opening COM3: File not found"
[2026-08-08 15:49:24.410] [info]  [serialport] event=serialport.connect status=started scope=all
[2026-08-08 15:49:24.458] [info]  [serialport] event=serialport.connect status=started scope=all
[2026-08-08 15:49:24.552] [error] [serialport] event=serialport.error status=failed reason=port_error boardName=board1 port=COM3 message="Opening COM3: File not found"
[2026-08-08 15:49:24.555] [error] [serialport] event=serialport.error status=failed reason=port_error boardName=board1 port=COM3 message="Opening COM3: File not found"
[2026-08-08 16:03:48.875] [info]  [serialport] event=serialport.connect status=started scope=all
[2026-08-08 16:03:48.932] [info]  [serialport] event=serialport.connect status=started scope=all
[2026-08-08 16:03:49.056] [error] [serialport] event=serialport.error status=failed reason=port_error boardName=board1 port=COM3 message="Opening COM3: File not found"
[2026-08-08 16:03:49.061] [error] [serialport] event=serialport.error status=failed reason=port_error boardName=board1 port=COM3 message="Opening COM3: File not found"
[2026-08-08 16:38:11.611] [info]  [serialport] event=serialport.connect status=started scope=all
[2026-08-08 16:38:11.658] [info]  [serialport] event=serialport.connect status=started scope=all
[2026-08-08 16:38:11.740] [error] [serialport] event=serialport.error status=failed reason=port_error boardName=board1 port=COM3 message="Opening COM3: File not found"
[2026-08-08 16:38:11.743] [error] [serialport] event=serialport.error status=failed reason=port_error boardName=board1 port=COM3 message="Opening COM3: File not found"
[2026-08-08 16:40:28.399] [info]  [serialport] event=serialport.connect status=started scope=all
[2026-08-08 16:40:28.445] [info]  [serialport] event=serialport.connect status=started scope=all
[2026-08-08 16:40:28.535] [error] [serialport] event=serialport.error status=failed reason=port_error boardName=board1 port=COM3 message="Opening COM3: File not found"
[2026-08-08 16:40:28.538] [error] [serialport] event=serialport.error status=failed reason=port_error boardName=board1 port=COM3 message="Opening COM3: File not found"
[2026-08-08 16:47:22.996] [info]  [serialport] event=serialport.connect status=started scope=all
[2026-08-08 16:47:23.043] [info]  [serialport] event=serialport.connect status=started scope=all
[2026-08-08 16:47:23.139] [error] [serialport] event=serialport.error status=failed reason=port_error boardName=board1 port=COM3 message="Opening COM3: File not found"
[2026-08-08 16:47:23.143] [error] [serialport] event=serialport.error status=failed reason=port_error boardName=board1 port=COM3 message="Opening COM3: File not found"
[2026-08-08 16:51:13.785] [info]  [serialport] event=serialport.connect status=started scope=all
[2026-08-08 16:51:13.846] [info]  [serialport] event=serialport.connect status=started scope=all
[2026-08-08 16:51:13.956] [error] [serialport] event=serialport.error status=failed reason=port_error boardName=board1 port=COM3 message="Opening COM3: File not found"
[2026-08-08 16:51:13.962] [error] [serialport] event=serialport.error status=failed reason=port_error boardName=board1 port=COM3 message="Opening COM3: File not found"
[2026-08-08 16:53:44.490] [info]  [serialport] event=serialport.connect status=started scope=all
[2026-08-08 16:53:44.539] [info]  [serialport] event=serialport.connect status=started scope=all
[2026-08-08 16:53:44.630] [error] [serialport] event=serialport.error status=failed reason=port_error boardName=board1 port=COM3 message="Opening COM3: File not found"
[2026-08-08 16:53:44.634] [error] [serialport] event=serialport.error status=failed reason=port_error boardName=board1 port=COM3 message="Opening COM3: File not found"
[2026-08-08 16:54:44.998] [info]  [serialport] event=settings.change status=success scope=all
[2026-08-08 16:54:44.999] [info]  [serialport] event=serialport.connect status=started scope=all
[2026-08-08 16:54:45.001] [info]  [serialport] event=serialport.connect status=started scope=all
[2026-08-08 16:54:45.070] [info]  [serialport] event=serialport.connect status=started scope=all
[2026-08-08 16:54:45.100] [error] [serialport] event=serialport.error status=failed reason=port_error boardName=board1 port=COM6 message="Opening COM6: File not found"
[2026-08-08 16:54:45.102] [error] [serialport] event=serialport.error status=failed reason=port_error boardName=board2 port=COM7 message="Opening COM7: File not found"
[2026-08-08 16:54:45.104] [error] [serialport] event=serialport.error status=failed reason=port_error boardName=board1 port=COM6 message="Opening COM6: File not found"
[2026-08-08 16:54:45.106] [error] [serialport] event=serialport.error status=failed reason=port_error boardName=board2 port=COM7 message="Opening COM7: File not found"
[2026-08-08 16:54:45.109] [error] [serialport] event=serialport.error status=failed reason=port_error boardName=board1 port=COM6 message="Opening COM6: File not found"
[2026-08-08 16:54:45.115] [error] [serialport] event=serialport.error status=failed reason=port_error boardName=board2 port=COM7 message="Opening COM7: File not found"
[2026-08-08 16:56:14.884] [info]  [serialport] event=serialport.connect status=started scope=all
[2026-08-08 16:56:14.944] [info]  [serialport] event=serialport.connect status=started scope=all
[2026-08-08 16:56:15.062] [error] [serialport] event=serialport.error status=failed reason=port_error boardName=board1 port=COM6 message="Opening COM6: File not found"
[2026-08-08 16:56:15.066] [error] [serialport] event=serialport.error status=failed reason=port_error boardName=board2 port=COM7 message="Opening COM7: File not found"
[2026-08-08 16:56:15.069] [error] [serialport] event=serialport.error status=failed reason=port_error boardName=board1 port=COM6 message="Opening COM6: File not found"
[2026-08-08 16:56:15.071] [error] [serialport] event=serialport.error status=failed reason=port_error boardName=board2 port=COM7 message="Opening COM7: File not found"
[2026-08-08 17:01:01.510] [info]  [serialport] event=serialport.connect status=started scope=all
[2026-08-08 17:01:01.582] [info]  [serialport] event=serialport.connect status=started scope=all
[2026-08-08 17:01:01.673] [error] [serialport] event=serialport.error status=failed reason=port_error boardName=board1 port=COM6 message="Opening COM6: File not found"
[2026-08-08 17:01:01.679] [error] [serialport] event=serialport.error status=failed reason=port_error boardName=board2 port=COM7 message="Opening COM7: File not found"
[2026-08-08 17:01:01.688] [error] [serialport] event=serialport.error status=failed reason=port_error boardName=board1 port=COM6 message="Opening COM6: File not found"
[2026-08-08 17:01:01.691] [error] [serialport] event=serialport.error status=failed reason=port_error boardName=board2 port=COM7 message="Opening COM7: File not found"
[2026-08-08 17:01:52.673] [info]  [serialport] event=settings.change status=success scope=all
[2026-08-08 17:01:52.675] [info]  [serialport] event=serialport.connect status=started scope=all
[2026-08-08 17:01:52.677] [info]  [serialport] event=serialport.connect status=started scope=all
[2026-08-08 17:01:52.770] [info]  [serialport] event=settings.change status=success scope=all
[2026-08-08 17:01:52.771] [info]  [serialport] event=serialport.connect status=started scope=all
[2026-08-08 17:01:52.773] [info]  [serialport] event=serialport.connect status=started scope=all
[2026-08-08 17:01:52.835] [info]  [serialport] event=serialport.connect status=started scope=all
[2026-08-08 17:01:52.864] [error] [serialport] event=serialport.error status=failed reason=port_error boardName=board1 port=COM3 message="Opening COM3: File not found"
[2026-08-08 17:01:52.867] [error] [serialport] event=serialport.error status=failed reason=port_error boardName=board1 port=COM3 message="Opening COM3: File not found"
[2026-08-08 17:01:52.868] [error] [serialport] event=serialport.error status=failed reason=port_error boardName=board1 port=COM6 message="Opening COM6: File not found"
[2026-08-08 17:01:52.871] [error] [serialport] event=serialport.error status=failed reason=port_error boardName=board2 port=COM7 message="Opening COM7: File not found"
[2026-08-08 17:01:52.873] [error] [serialport] event=serialport.error status=failed reason=port_error boardName=board1 port=COM6 message="Opening COM6: File not found"
[2026-08-08 17:01:52.877] [error] [serialport] event=serialport.error status=failed reason=port_error boardName=board2 port=COM7 message="Opening COM7: File not found"
[2026-08-08 17:01:52.880] [error] [serialport] event=serialport.error status=failed reason=port_error boardName=board1 port=COM6 message="Opening COM6: File not found"
[2026-08-08 17:01:52.882] [error] [serialport] event=serialport.error status=failed reason=port_error boardName=board2 port=COM7 message="Opening COM7: File not found"
[2026-08-08 17:04:42.840] [info]  [serialport] event=serialport.connect status=started scope=all
[2026-08-08 17:04:42.893] [info]  [serialport] event=serialport.connect status=started scope=all
[2026-08-08 17:04:42.987] [error] [serialport] event=serialport.error status=failed reason=port_error boardName=board1 port=COM6 message="Opening COM6: File not found"
[2026-08-08 17:04:42.991] [error] [serialport] event=serialport.error status=failed reason=port_error boardName=board2 port=COM7 message="Opening COM7: File not found"
[2026-08-08 17:04:42.994] [error] [serialport] event=serialport.error status=failed reason=port_error boardName=board1 port=COM6 message="Opening COM6: File not found"
[2026-08-08 17:04:42.996] [error] [serialport] event=serialport.error status=failed reason=port_error boardName=board2 port=COM7 message="Opening COM7: File not found"
[2026-08-08 17:07:00.663] [info]  [serialport] event=settings.change status=success scope=all
[2026-08-08 17:07:00.665] [info]  [serialport] event=serialport.connect status=started scope=all
[2026-08-08 17:07:00.667] [info]  [serialport] event=serialport.connect status=started scope=all
[2026-08-08 17:07:00.754] [info]  [serialport] event=settings.change status=success scope=all
[2026-08-08 17:07:00.756] [info]  [serialport] event=serialport.connect status=started scope=all
[2026-08-08 17:07:00.758] [info]  [serialport] event=serialport.connect status=started scope=all
[2026-08-08 17:07:00.833] [info]  [serialport] event=serialport.connect status=started scope=all
[2026-08-08 17:07:00.858] [error] [serialport] event=serialport.error status=failed reason=port_error boardName=board1 port=COM3 message="Opening COM3: File not found"
[2026-08-08 17:07:00.860] [error] [serialport] event=serialport.error status=failed reason=port_error boardName=board1 port=COM3 message="Opening COM3: File not found"
[2026-08-08 17:07:00.862] [error] [serialport] event=serialport.error status=failed reason=port_error boardName=board1 port=COM6 message="Opening COM6: File not found"
[2026-08-08 17:07:00.865] [error] [serialport] event=serialport.error status=failed reason=port_error boardName=board2 port=COM7 message="Opening COM7: File not found"
[2026-08-08 17:07:00.869] [error] [serialport] event=serialport.error status=failed reason=port_error boardName=board1 port=COM6 message="Opening COM6: File not found"
[2026-08-08 17:07:00.871] [error] [serialport] event=serialport.error status=failed reason=port_error boardName=board2 port=COM7 message="Opening COM7: File not found"
[2026-08-08 17:07:00.873] [error] [serialport] event=serialport.error status=failed reason=port_error boardName=board1 port=COM6 message="Opening COM6: File not found"
[2026-08-08 17:07:00.875] [error] [serialport] event=serialport.error status=failed reason=port_error boardName=board2 port=COM7 message="Opening COM7: File not found"
[2026-08-08 17:07:20.014] [info]  [serialport] event=settings.change status=success scope=all
[2026-08-08 17:07:20.016] [info]  [serialport] event=serialport.connect status=started scope=all
[2026-08-08 17:07:20.018] [info]  [serialport] event=serialport.connect status=started scope=all
[2026-08-08 17:07:20.085] [error] [serialport] event=serialport.error status=failed reason=port_error boardName=board1 port=COM3 message="Opening COM3: File not found"
[2026-08-08 17:07:20.087] [error] [serialport] event=serialport.error status=failed reason=port_error boardName=board1 port=COM3 message="Opening COM3: File not found"
[2026-08-08 17:07:29.823] [info]  [serialport] event=settings.change status=success scope=all
[2026-08-08 17:07:29.827] [info]  [serialport] event=serialport.connect status=started scope=all
[2026-08-08 17:07:29.828] [info]  [serialport] event=serialport.connect status=started scope=all
[2026-08-08 17:07:30.027] [error] [serialport] event=serialport.error status=failed reason=port_error boardName=board1 port=COM6 message="Opening COM6: File not found"
[2026-08-08 17:07:30.029] [error] [serialport] event=serialport.error status=failed reason=port_error boardName=board2 port=COM7 message="Opening COM7: File not found"
[2026-08-08 17:07:30.031] [error] [serialport] event=serialport.error status=failed reason=port_error boardName=board1 port=COM6 message="Opening COM6: File not found"
[2026-08-08 17:07:30.034] [error] [serialport] event=serialport.error status=failed reason=port_error boardName=board2 port=COM7 message="Opening COM7: File not found"
[2026-08-08 17:07:33.223] [info]  [serialport] event=settings.change status=success scope=all
[2026-08-08 17:07:33.225] [info]  [serialport] event=serialport.connect status=started scope=all
[2026-08-08 17:07:33.226] [info]  [serialport] event=serialport.connect status=started scope=all
[2026-08-08 17:07:33.370] [error] [serialport] event=serialport.error status=failed reason=port_error boardName=board1 port=COM3 message="Opening COM3: File not found"
[2026-08-08 17:07:33.373] [error] [serialport] event=serialport.error status=failed reason=port_error boardName=board1 port=COM3 message="Opening COM3: File not found"
[2026-08-08 17:08:02.145] [info]  [serialport] event=serialport.connect status=started scope=all
[2026-08-08 17:08:02.243] [info]  [serialport] event=serialport.connect status=started scope=all
[2026-08-08 17:08:02.386] [error] [serialport] event=serialport.error status=failed reason=port_error boardName=board1 port=COM3 message="Opening COM3: File not found"
[2026-08-08 17:08:02.392] [error] [serialport] event=serialport.error status=failed reason=port_error boardName=board1 port=COM3 message="Opening COM3: File not found"
[2026-08-08 17:22:47.457] [info]  [serialport] event=serialport.connect status=started scope=all
[2026-08-08 17:22:47.502] [info]  [serialport] event=serialport.connect status=started scope=all
[2026-08-08 17:22:47.594] [error] [serialport] event=serialport.error status=failed reason=port_error boardName=board1 port=COM3 message="Opening COM3: File not found"
[2026-08-08 17:22:47.598] [error] [serialport] event=serialport.error status=failed reason=port_error boardName=board1 port=COM3 message="Opening COM3: File not found"
[2026-08-08 17:28:26.941] [info]  [serialport] event=serialport.connect status=started scope=all
[2026-08-08 17:28:26.988] [info]  [serialport] event=serialport.connect status=started scope=all
[2026-08-08 17:28:27.077] [error] [serialport] event=serialport.error status=failed reason=port_error boardName=board1 port=COM3 message="Opening COM3: File not found"
[2026-08-08 17:28:27.081] [error] [serialport] event=serialport.error status=failed reason=port_error boardName=board1 port=COM3 message="Opening COM3: File not found"
[2026-08-08 17:29:02.666] [info]  [serialport] event=serialport.connect status=started scope=all
[2026-08-08 17:29:02.713] [info]  [serialport] event=serialport.connect status=started scope=all
[2026-08-08 17:29:02.794] [error] [serialport] event=serialport.error status=failed reason=port_error boardName=board1 port=COM3 message="Opening COM3: File not found"
[2026-08-08 17:29:02.798] [error] [serialport] event=serialport.error status=failed reason=port_error boardName=board1 port=COM3 message="Opening COM3: File not found"
[2026-08-08 17:29:40.312] [info]  [serialport] event=settings.change status=success scope=all
[2026-08-08 17:29:40.313] [info]  [serialport] event=serialport.connect status=started scope=all
[2026-08-08 17:29:40.315] [info]  [serialport] event=serialport.connect status=started scope=all
[2026-08-08 17:29:40.398] [info]  [serialport] event=serialport.connect status=started scope=all
[2026-08-08 17:29:40.426] [error] [serialport] event=serialport.error status=failed reason=port_error boardName=board1 port=COM6 message="Opening COM6: File not found"
[2026-08-08 17:29:40.429] [error] [serialport] event=serialport.error status=failed reason=port_error boardName=board2 port=COM7 message="Opening COM7: File not found"
[2026-08-08 17:29:40.433] [error] [serialport] event=serialport.error status=failed reason=port_error boardName=board1 port=COM6 message="Opening COM6: File not found"
[2026-08-08 17:29:40.435] [error] [serialport] event=serialport.error status=failed reason=port_error boardName=board2 port=COM7 message="Opening COM7: File not found"
[2026-08-08 17:29:40.437] [error] [serialport] event=serialport.error status=failed reason=port_error boardName=board1 port=COM6 message="Opening COM6: File not found"
[2026-08-08 17:29:40.439] [error] [serialport] event=serialport.error status=failed reason=port_error boardName=board2 port=COM7 message="Opening COM7: File not found"
[2026-08-08 17:32:28.500] [info]  [serialport] event=serialport.connect status=started scope=all
[2026-08-08 17:32:28.568] [info]  [serialport] event=serialport.connect status=started scope=all
[2026-08-08 17:32:28.688] [error] [serialport] event=serialport.error status=failed reason=port_error boardName=board1 port=COM6 message="Opening COM6: File not found"
[2026-08-08 17:32:28.692] [error] [serialport] event=serialport.error status=failed reason=port_error boardName=board2 port=COM7 message="Opening COM7: File not found"
[2026-08-08 17:32:28.695] [error] [serialport] event=serialport.error status=failed reason=port_error boardName=board1 port=COM6 message="Opening COM6: File not found"
[2026-08-08 17:32:28.698] [error] [serialport] event=serialport.error status=failed reason=port_error boardName=board2 port=COM7 message="Opening COM7: File not found"
[2026-08-08 17:35:00.949] [info]  [serialport] event=serialport.connect status=started scope=all
[2026-08-08 17:35:00.995] [info]  [serialport] event=serialport.connect status=started scope=all
[2026-08-08 17:35:01.077] [error] [serialport] event=serialport.error status=failed reason=port_error boardName=board1 port=COM6 message="Opening COM6: File not found"
[2026-08-08 17:35:01.081] [error] [serialport] event=serialport.error status=failed reason=port_error boardName=board2 port=COM7 message="Opening COM7: File not found"
[2026-08-08 17:35:01.083] [error] [serialport] event=serialport.error status=failed reason=port_error boardName=board1 port=COM6 message="Opening COM6: File not found"
[2026-08-08 17:35:01.086] [error] [serialport] event=serialport.error status=failed reason=port_error boardName=board2 port=COM7 message="Opening COM7: File not found"
[2026-08-08 17:35:30.819] [info]  [serialport] event=serialport.connect status=started scope=all
[2026-08-08 17:35:30.843] [error] [serialport] event=serialport.error status=failed reason=port_error boardName=board1 port=COM6 message="Opening COM6: File not found"
[2026-08-08 17:35:30.844] [error] [serialport] event=serialport.error status=failed reason=port_error boardName=board2 port=COM7 message="Opening COM7: File not found"
[2026-08-08 17:36:39.696] [info]  [serialport] event=serialport.connect status=started scope=all
[2026-08-08 17:36:39.741] [info]  [serialport] event=serialport.connect status=started scope=all
[2026-08-08 17:36:39.822] [error] [serialport] event=serialport.error status=failed reason=port_error boardName=board1 port=COM6 message="Opening COM6: File not found"
[2026-08-08 17:36:39.825] [error] [serialport] event=serialport.error status=failed reason=port_error boardName=board2 port=COM7 message="Opening COM7: File not found"
[2026-08-08 17:36:39.827] [error] [serialport] event=serialport.error status=failed reason=port_error boardName=board1 port=COM6 message="Opening COM6: File not found"
[2026-08-08 17:36:39.829] [error] [serialport] event=serialport.error status=failed reason=port_error boardName=board2 port=COM7 message="Opening COM7: File not found"
[2026-08-08 17:37:44.508] [info]  [serialport] event=serialport.connect status=started scope=all
[2026-08-08 17:37:44.552] [info]  [serialport] event=serialport.connect status=started scope=all
[2026-08-08 17:37:44.635] [error] [serialport] event=serialport.error status=failed reason=port_error boardName=board1 port=COM6 message="Opening COM6: File not found"
[2026-08-08 17:37:44.638] [error] [serialport] event=serialport.error status=failed reason=port_error boardName=board2 port=COM7 message="Opening COM7: File not found"
[2026-08-08 17:37:44.640] [error] [serialport] event=serialport.error status=failed reason=port_error boardName=board1 port=COM6 message="Opening COM6: File not found"
[2026-08-08 17:37:44.642] [error] [serialport] event=serialport.error status=failed reason=port_error boardName=board2 port=COM7 message="Opening COM7: File not found"
[2026-08-08 17:38:06.020] [info]  [serialport] event=serialport.connect status=started scope=all
[2026-08-08 17:38:06.046] [error] [serialport] event=serialport.error status=failed reason=port_error boardName=board1 port=COM6 message="Opening COM6: File not found"
[2026-08-08 17:38:06.048] [error] [serialport] event=serialport.error status=failed reason=port_error boardName=board2 port=COM7 message="Opening COM7: File not found"
[2026-08-08 17:41:44.806] [info]  [serialport] event=serialport.connect status=started scope=all
[2026-08-08 17:41:44.847] [info]  [serialport] event=serialport.connect status=started scope=all
[2026-08-08 17:41:44.923] [error] [serialport] event=serialport.error status=failed reason=port_error boardName=board1 port=COM6 message="Opening COM6: File not found"
[2026-08-08 17:41:44.927] [error] [serialport] event=serialport.error status=failed reason=port_error boardName=board2 port=COM7 message="Opening COM7: File not found"
[2026-08-08 17:41:44.930] [error] [serialport] event=serialport.error status=failed reason=port_error boardName=board1 port=COM6 message="Opening COM6: File not found"
[2026-08-08 17:41:44.932] [error] [serialport] event=serialport.error status=failed reason=port_error boardName=board2 port=COM7 message="Opening COM7: File not found"
[2026-08-08 17:44:02.539] [info]  [serialport] event=serialport.connect status=started scope=all
[2026-08-08 17:44:02.583] [info]  [serialport] event=serialport.connect status=started scope=all
[2026-08-08 17:44:02.663] [error] [serialport] event=serialport.error status=failed reason=port_error boardName=board1 port=COM6 message="Opening COM6: File not found"
[2026-08-08 17:44:02.667] [error] [serialport] event=serialport.error status=failed reason=port_error boardName=board2 port=COM7 message="Opening COM7: File not found"
[2026-08-08 17:44:02.670] [error] [serialport] event=serialport.error status=failed reason=port_error boardName=board1 port=COM6 message="Opening COM6: File not found"
[2026-08-08 17:44:02.672] [error] [serialport] event=serialport.error status=failed reason=port_error boardName=board2 port=COM7 message="Opening COM7: File not found"
[2026-08-08 17:59:36.643] [info]  [serialport] event=serialport.connect status=started scope=all
[2026-08-08 17:59:36.703] [info]  [serialport] event=serialport.connect status=started scope=all
[2026-08-08 17:59:36.827] [error] [serialport] event=serialport.error status=failed reason=port_error boardName=board1 port=COM6 message="Opening COM6: File not found"
[2026-08-08 17:59:36.832] [error] [serialport] event=serialport.error status=failed reason=port_error boardName=board2 port=COM7 message="Opening COM7: File not found"
[2026-08-08 17:59:36.834] [error] [serialport] event=serialport.error status=failed reason=port_error boardName=board1 port=COM6 message="Opening COM6: File not found"
[2026-08-08 17:59:36.836] [error] [serialport] event=serialport.error status=failed reason=port_error boardName=board2 port=COM7 message="Opening COM7: File not found"
[2026-08-08 18:00:28.522] [info]  [serialport] event=serialport.connect status=started scope=all
[2026-08-08 18:00:28.568] [info]  [serialport] event=serialport.connect status=started scope=all
[2026-08-08 18:00:28.647] [error] [serialport] event=serialport.error status=failed reason=port_error boardName=board1 port=COM6 message="Opening COM6: File not found"
[2026-08-08 18:00:28.651] [error] [serialport] event=serialport.error status=failed reason=port_error boardName=board2 port=COM7 message="Opening COM7: File not found"
[2026-08-08 18:00:28.653] [error] [serialport] event=serialport.error status=failed reason=port_error boardName=board1 port=COM6 message="Opening COM6: File not found"
[2026-08-08 18:00:28.655] [error] [serialport] event=serialport.error status=failed reason=port_error boardName=board2 port=COM7 message="Opening COM7: File not found"
[2026-08-08 18:05:15.543] [info]  [serialport] event=serialport.connect status=started scope=all
[2026-08-08 18:05:15.588] [info]  [serialport] event=serialport.connect status=started scope=all
[2026-08-08 18:05:15.668] [error] [serialport] event=serialport.error status=failed reason=port_error boardName=board1 port=COM6 message="Opening COM6: File not found"
[2026-08-08 18:05:15.672] [error] [serialport] event=serialport.error status=failed reason=port_error boardName=board2 port=COM7 message="Opening COM7: File not found"
[2026-08-08 18:05:15.674] [error] [serialport] event=serialport.error status=failed reason=port_error boardName=board1 port=COM6 message="Opening COM6: File not found"
[2026-08-08 18:05:15.676] [error] [serialport] event=serialport.error status=failed reason=port_error boardName=board2 port=COM7 message="Opening COM7: File not found"
[2026-08-08 18:05:48.498] [info]  [serialport] event=serialport.connect status=started scope=all
[2026-08-08 18:05:48.526] [error] [serialport] event=serialport.error status=failed reason=port_error boardName=board1 port=COM6 message="Opening COM6: File not found"
[2026-08-08 18:05:48.529] [error] [serialport] event=serialport.error status=failed reason=port_error boardName=board2 port=COM7 message="Opening COM7: File not found"
[2026-08-08 18:07:17.819] [info]  [serialport] event=serialport.connect status=started scope=all
[2026-08-08 18:07:17.863] [info]  [serialport] event=serialport.connect status=started scope=all
[2026-08-08 18:07:17.947] [error] [serialport] event=serialport.error status=failed reason=port_error boardName=board1 port=COM6 message="Opening COM6: File not found"
[2026-08-08 18:07:17.951] [error] [serialport] event=serialport.error status=failed reason=port_error boardName=board2 port=COM7 message="Opening COM7: File not found"
[2026-08-08 18:07:17.954] [error] [serialport] event=serialport.error status=failed reason=port_error boardName=board1 port=COM6 message="Opening COM6: File not found"
[2026-08-08 18:07:17.955] [error] [serialport] event=serialport.error status=failed reason=port_error boardName=board2 port=COM7 message="Opening COM7: File not found"
[2026-08-08 18:08:45.605] [info]  [serialport] event=serialport.connect status=started scope=all
[2026-08-08 18:08:45.650] [info]  [serialport] event=serialport.connect status=started scope=all
[2026-08-08 18:08:45.738] [error] [serialport] event=serialport.error status=failed reason=port_error boardName=board1 port=COM6 message="Opening COM6: File not found"
[2026-08-08 18:08:45.742] [error] [serialport] event=serialport.error status=failed reason=port_error boardName=board2 port=COM7 message="Opening COM7: File not found"
[2026-08-08 18:08:45.744] [error] [serialport] event=serialport.error status=failed reason=port_error boardName=board1 port=COM6 message="Opening COM6: File not found"
[2026-08-08 18:08:45.746] [error] [serialport] event=serialport.error status=failed reason=port_error boardName=board2 port=COM7 message="Opening COM7: File not found"
[2026-08-08 18:09:42.265] [info]  [serialport] event=serialport.connect status=started scope=all
[2026-08-08 18:09:42.298] [error] [serialport] event=serialport.error status=failed reason=port_error boardName=board1 port=COM6 message="Opening COM6: File not found"
[2026-08-08 18:09:42.300] [error] [serialport] event=serialport.error status=failed reason=port_error boardName=board2 port=COM7 message="Opening COM7: File not found"
[2026-08-08 18:11:31.830] [info]  [serialport] event=serialport.connect status=started scope=all
[2026-08-08 18:11:31.874] [info]  [serialport] event=serialport.connect status=started scope=all
[2026-08-08 18:11:31.955] [error] [serialport] event=serialport.error status=failed reason=port_error boardName=board1 port=COM6 message="Opening COM6: File not found"
[2026-08-08 18:11:31.958] [error] [serialport] event=serialport.error status=failed reason=port_error boardName=board2 port=COM7 message="Opening COM7: File not found"
[2026-08-08 18:11:31.960] [error] [serialport] event=serialport.error status=failed reason=port_error boardName=board1 port=COM6 message="Opening COM6: File not found"
[2026-08-08 18:11:31.962] [error] [serialport] event=serialport.error status=failed reason=port_error boardName=board2 port=COM7 message="Opening COM7: File not found"
[2026-08-08 18:12:07.980] [info]  [serialport] event=serialport.connect status=started scope=all
[2026-08-08 18:12:08.017] [error] [serialport] event=serialport.error status=failed reason=port_error boardName=board1 port=COM6 message="Opening COM6: File not found"
[2026-08-08 18:12:08.019] [error] [serialport] event=serialport.error status=failed reason=port_error boardName=board2 port=COM7 message="Opening COM7: File not found"
[2026-08-08 18:13:09.434] [info]  [serialport] event=serialport.connect status=started scope=all
[2026-08-08 18:13:09.486] [info]  [serialport] event=serialport.connect status=started scope=all
[2026-08-08 18:13:09.571] [error] [serialport] event=serialport.error status=failed reason=port_error boardName=board1 port=COM6 message="Opening COM6: File not found"
[2026-08-08 18:13:09.576] [error] [serialport] event=serialport.error status=failed reason=port_error boardName=board2 port=COM7 message="Opening COM7: File not found"
[2026-08-08 18:13:09.578] [error] [serialport] event=serialport.error status=failed reason=port_error boardName=board1 port=COM6 message="Opening COM6: File not found"
[2026-08-08 18:13:09.580] [error] [serialport] event=serialport.error status=failed reason=port_error boardName=board2 port=COM7 message="Opening COM7: File not found"
[2026-08-08 18:28:21.774] [info]  [serialport] event=serialport.connect status=started scope=all
[2026-08-08 18:28:21.819] [info]  [serialport] event=serialport.connect status=started scope=all
[2026-08-08 18:28:21.901] [error] [serialport] event=serialport.error status=failed reason=port_error boardName=board1 port=COM6 message="Opening COM6: File not found"
[2026-08-08 18:28:21.904] [error] [serialport] event=serialport.error status=failed reason=port_error boardName=board2 port=COM7 message="Opening COM7: File not found"
[2026-08-08 18:28:21.906] [error] [serialport] event=serialport.error status=failed reason=port_error boardName=board1 port=COM6 message="Opening COM6: File not found"
[2026-08-08 18:28:21.908] [error] [serialport] event=serialport.error status=failed reason=port_error boardName=board2 port=COM7 message="Opening COM7: File not found"
[2026-08-08 18:28:46.687] [info]  [serialport] event=serialport.connect status=started scope=all
[2026-08-08 18:28:46.747] [error] [serialport] event=serialport.error status=failed reason=port_error boardName=board1 port=COM6 message="Opening COM6: File not found"
[2026-08-08 18:28:46.749] [error] [serialport] event=serialport.error status=failed reason=port_error boardName=board2 port=COM7 message="Opening COM7: File not found"