[2026-10-02 07:28:02.838] [info]  [TOSS RAW ORDER] orderId=760991359653149076, items=[{"name":"아메리카노","productNo":"GSI1002","options":[{"optionCode":"1759895","optionName":"ICE","price":0,"quantity":1}]}]
[2026-10-02 07:28:02.849] [info]  [TOSS ITEM RESOLVED] orderId=760991359653149076, item="아메리카노" (GSI1002) | rawOptions=[{"optionCode":"1759895","optionName":"ICE","price":0,"quantity":1}] ➔ resolved="ICE 아메리카노 (시그니처)" (GSI1002) steps={"step1":["CUP","ICE"],"step2":["COFFEE","60"],"step3":["ICE",5400],"step4":["COLD",117]}
[2026-10-02 07:28:48.721] [info]  [toss] event=order.completed status=success source=toss virtual=off mode=order orderId=760991359653149076 bill=760991359653149076 menuCount=1
[2026-10-02 08:42:07.915] [info]  [TOSS RAW ORDER] orderId=761009997948939363, items=[{"name":"아메리카노","productNo":"GSI1002","options":[{"optionCode":"1759895","optionName":"ICE","price":0,"quantity":1}]}]
[2026-10-02 08:42:07.920] [info]  [TOSS ITEM RESOLVED] orderId=761009997948939363, item="아메리카노" (GSI1002) | rawOptions=[{"optionCode":"1759895","optionName":"ICE","price":0,"quantity":1}] ➔ resolved="ICE 아메리카노 (시그니처)" (GSI1002) steps={"step1":["CUP","ICE"],"step2":["COFFEE","60"],"step3":["ICE",5400],"step4":["COLD",117]}
[2026-10-02 08:42:45.359] [info]  [TOSS RAW ORDER] orderId=761010155528946718, items=[{"name":"아메리카노","productNo":"GSI1002","options":[{"optionCode":"1759894","optionName":"HOT","price":0,"quantity":1}]}]
[2026-10-02 08:42:45.364] [info]  [TOSS ITEM RESOLVED] orderId=761010155528946718, item="아메리카노" (GSI1002) | rawOptions=[{"optionCode":"1759894","optionName":"HOT","price":0,"quantity":1}] ➔ resolved="HOT 아메리카노 (시그니처)" (GSH1002) steps={"step1":["CUP","HOT"],"step2":["COFFEE","60"],"step3":["HOT",267]}
[2026-10-02 08:42:49.790] [info]  [toss] event=order.completed status=success source=toss virtual=off mode=order orderId=761009997948939363 bill=761009997948939363 menuCount=1
[2026-10-02 08:43:37.662] [info]  [toss] event=order.completed status=success source=toss virtual=off mode=order orderId=761010155528946718 bill=761010155528946718 menuCount=1
[2026-10-02 10:23:46.319] [info]  [TOSS RAW ORDER] orderId=761035587389265430, items=[{"name":"아메리카노","productNo":"GSI1002","options":[{"optionCode":"1759894","optionName":"HOT","price":0,"quantity":1},{"optionCode":"1759906","optionName":"헤이즐넛","price":500,"quantity":1}]}]
[2026-10-02 10:23:46.325] [info]  [TOSS ITEM RESOLVED] orderId=761035587389265430, item="아메리카노" (GSI1002) | rawOptions=[{"optionCode":"1759894","optionName":"HOT","price":0,"quantity":1},{"optionCode":"1759906","optionName":"헤이즐넛","price":500,"quantity":1}] ➔ resolved="HOT 아메리카노 (시그니처) (헤이즐넛)" (GSH1010) steps={"step1":["CUP","HOT"],"step2":["COFFEE","60"],"step3":["HOT",242],"step4":["헤이즐넛","25"]}
[2026-10-02 10:24:39.267] [info]  [toss] event=order.completed status=success source=toss virtual=off mode=order orderId=761035587389265430 bill=761035587389265430 menuCount=1
[2026-10-02 10:27:15.373] [info]  [TOSS RAW ORDER] orderId=761036355034976662, items=[{"name":"딸기바나나라떼","productNo":"GMI3021","options":[]}]
[2026-10-02 10:27:15.380] [info]  [TOSS ITEM RESOLVED] orderId=761036355034976662, item="딸기바나나라떼" (GMI3021) | rawOptions=[] ➔ resolved="ICE 딸기라떼 (바나나)" (GMI3021) steps={"step1":["CUP","ICE"],"step2":["ICE",5300],"step3":["COLD_MILK",160],"step4":["딸기","50"],"step5":["바나나","15"]}
[2026-10-02 10:27:48.335] [info]  [toss] event=order.completed status=success source=toss virtual=off mode=order orderId=761036355034976662 bill=761036355034976662 menuCount=1
[2026-10-02 10:34:19.368] [info]  [TOSS RAW ORDER] orderId=761038231965037988, items=[{"name":"(스페셜티) 아메리카노","productNo":"16707171","options":[{"optionCode":"1759895","optionName":"ICE","price":0,"quantity":1}]}]
[2026-10-02 10:34:19.375] [info]  [TOSS ITEM RESOLVED] orderId=761038231965037988, item="(스페셜티) 아메리카노" (16707171) | rawOptions=[{"optionCode":"1759895","optionName":"ICE","price":0,"quantity":1}] ➔ resolved="ICE 아메리카노 (스페셜티)" (GPI1002) steps={"step1":["CUP","ICE"],"step2":["COFFEE","61"],"step3":["ICE",5400],"step4":["COLD",117]}
[2026-10-02 10:35:06.827] [info]  [toss] event=order.completed status=success source=toss virtual=off mode=order orderId=761038231965037988 bill=761038231965037988 menuCount=1
[2026-10-02 10:36:41.790] [info]  [TOSS RAW ORDER] orderId=761038848825517526, items=[{"name":"아메리카노","productNo":"16702755","options":[{"optionCode":"1759895","optionName":"ICE","price":0,"quantity":1}]}]
[2026-10-02 10:36:41.796] [info]  [TOSS ITEM RESOLVED] orderId=761038848825517526, item="아메리카노" (16702755) | rawOptions=[{"optionCode":"1759895","optionName":"ICE","price":0,"quantity":1}] ➔ resolved="ICE 아메리카노 (시그니처)" (GSI1002) steps={"step1":["CUP","ICE"],"step2":["COFFEE","60"],"step3":["ICE",5400],"step4":["COLD",117]}
[2026-10-02 10:37:35.284] [info]  [toss] event=order.completed status=success source=toss virtual=off mode=order orderId=761038848825517526 bill=761038848825517526 menuCount=1
[2026-10-02 11:18:57.316] [info]  [TOSS RAW ORDER] orderId=761049483261016239, items=[{"name":"복숭아티","productNo":"16702806","options":[{"optionCode":"1759895","optionName":"ICE","price":0,"quantity":1}]}]
[2026-10-02 11:18:57.321] [info]  [TOSS ITEM RESOLVED] orderId=761049483261016239, item="복숭아티" (16702806) | rawOptions=[{"optionCode":"1759895","optionName":"ICE","price":0,"quantity":1}] ➔ resolved="ICE 복숭아티" (GTI5000) steps={"step1":["CUP","ICE"],"step2":["ICE",6000],"step3":["COLD",160],"step4":["복숭아","40"],"step5":["얼그레이","10"]}
[2026-10-02 11:19:19.715] [info]  [toss] event=order.completed status=success source=toss virtual=off mode=order orderId=761049483261016239 bill=761049483261016239 menuCount=1
[2026-10-02 12:03:51.352] [info]  [TOSS RAW ORDER] orderId=761060739648879835, items=[{"name":"(스페셜티) 아메리카노","productNo":"16707171","options":[{"optionCode":"1759895","optionName":"ICE","price":0,"quantity":1}]}]
[2026-10-02 12:03:51.359] [info]  [TOSS ITEM RESOLVED] orderId=761060739648879835, item="(스페셜티) 아메리카노" (16707171) | rawOptions=[{"optionCode":"1759895","optionName":"ICE","price":0,"quantity":1}] ➔ resolved="ICE 아메리카노 (스페셜티)" (GPI1002) steps={"step1":["CUP","ICE"],"step2":["COFFEE","61"],"step3":["ICE",5400],"step4":["COLD",117]}
[2026-10-02 12:04:31.586] [info]  [toss] event=order.completed status=success source=toss virtual=off mode=order orderId=761060739648879835 bill=761060739648879835 menuCount=1
[2026-10-02 12:13:43.475] [info]  [TOSS RAW ORDER] orderId=761063235440162545, items=[{"name":"아메리카노","productNo":"GSI1002","options":[{"optionCode":"1759895","optionName":"ICE","price":0,"quantity":1}]}]
[2026-10-02 12:13:43.482] [info]  [TOSS ITEM RESOLVED] orderId=761063235440162545, item="아메리카노" (GSI1002) | rawOptions=[{"optionCode":"1759895","optionName":"ICE","price":0,"quantity":1}] ➔ resolved="ICE 아메리카노 (시그니처)" (GSI1002) steps={"step1":["CUP","ICE"],"step2":["COFFEE","60"],"step3":["ICE",5400],"step4":["COLD",117]}
[2026-10-02 12:17:22.267] [error] [toss] event=order.failed status=failed stage=HARDWARE source=toss virtual=off mode=order orderId=761063235440162545 bill=761063235440162545 menuCount=1 error=HW물리검증_실패:_Timeout_has_occurred