[2026-08-23 20:42:31.538] [info]  [HASTE DB SOT] Populated initial default SETTINGS on fresh install.
[2026-08-23 20:42:31.543] [error] [HASTE DB SOT] Failed to populate default menu_item: no such table: menu_item
[2026-08-23 20:42:31.556] [info]  [HASTE DB Load] Loaded settings from SQLite database successfully. StoreName: "미인증", StoreNo: "미인증", ThemeMode: "Light", isKioskDryRun: "false"
[2026-08-23 20:42:32.192] [info]  [app] event=app.startup status=started appVersion=3.1.2r25 packaged=true
[2026-08-23 20:42:32.198] [info]  [HASTE Setup] Unactivated device detected. Launching Setup Wizard Window only (skipping main subscriptions and schedulers).
[2026-08-23 20:42:49.668] [info]  [HASTE DB Save] Settings category "information" has been updated and saved to SQLite successfully.
[2026-08-23 20:42:49.890] [info]  [HASTE DB Save] Settings category "information" has been updated and saved to SQLite successfully.
[2026-08-23 20:42:49.904] [info]  [HASTE DB Save] Settings category "information" has been updated and saved to SQLite successfully.
[2026-08-23 20:42:49.922] [info]  [HASTE DB Save] Settings category "information" has been updated and saved to SQLite successfully.
[2026-08-23 20:42:49.934] [info]  [HASTE DB Save] Settings category "information" has been updated and saved to SQLite successfully.
[2026-08-23 20:42:49.937] [info]  [task] [HASTE Hard-Relaunch] App exit triggered from Renderer safely. Executing OS-Level Hard Relaunch...
[2026-08-23 20:42:49.939] [info]  [task] [HASTE Hard-Relaunch] Gracefully releasing all serial ports before OS-level exit...
[2026-08-23 20:42:49.940] [info]  [task] [HASTE Hard-Relaunch] [Prod Mode] Spawning next Lilly process with 2s delay to allow port release: C:\Users\CoffeeVanada\AppData\Local\haste_client3.1\haste3.1.exe with args []
[2026-08-23 20:42:50.063] [info]  [task] [HASTE Hard-Relaunch] Current process exiting via app.exit(0) safely.
[2026-08-23 20:43:07.915] [info]  [HASTE DB Load] Loaded settings from SQLite database successfully. StoreName: "헤이스트 김포운양역점", StoreNo: "3412109495", ThemeMode: "Light", isKioskDryRun: "false"
[2026-08-23 20:43:08.301] [info]  [app] event=app.startup status=started appVersion=3.1.2r25 packaged=true
[2026-08-23 20:43:08.402] [info]  [app] event=app.window status=success
[2026-08-23 20:43:08.418] [info]  [app] event=app.tray status=success
[2026-08-23 20:43:08.419] [info]  [app] event=updater.check status=ignored reason=store_managed_distribution
[2026-08-23 20:43:08.424] [info]  [app] event=app.ipc status=success
[2026-08-23 20:43:08.437] [info]  [app] event=task.start status=success
[2026-08-23 20:43:08.440] [debug] [api] [api] event=settings.change status=success port=8080 posStoreNo=3412109495 deviceModelId=D0000
[2026-08-23 20:43:08.443] [info]  [api] [HASTE] Found SSL Certificates at: C:\Users\CoffeeVanada\AppData\Local\haste_client3.1\resources\resources
[2026-08-23 20:43:08.504] [info]  [api] [HASTE] Started HTTP Hono Server on port 8080 (Toss Place HTTP Mode).
[2026-08-23 20:43:08.509] [info]  [api] [HASTE] Started HTTPS Hono Server on port 8443 (Toss Kiosk Mode).
[2026-08-23 20:43:08.510] [debug] [api] [api] event=api.server status=success port=8080 host=0.0.0.0
[2026-08-23 20:43:08.512] [info]  [serialport] [serialport] event=serialport.connect status=started scope=all
[2026-08-23 20:43:08.514] [debug] [coffee] [coffee] event=settings.change status=success field=thirdpartyType value=Lilly_(WMF)
[2026-08-23 20:43:08.516] [debug] [coffee] [coffee] event=coffee.socket status=started transport=ws machineName=WMF model=Lilly_(WMF) ip=192.168.10.138 port=25000
[2026-08-23 20:43:08.523] [debug] [coffee] [coffee] event=temperature.change status=success
[2026-08-23 20:43:08.524] [debug] [api] [api] event=did.callback status=ignored reason=local_did_not_open screen=temperature
[2026-08-23 20:43:08.535] [info]  [HASTE DB Save] Settings category "inventory" has been updated and saved to SQLite successfully.
[2026-08-23 20:43:08.537] [info]  [HASTE DB Save] Settings category "inventory" has been updated and saved to SQLite successfully.
[2026-08-23 20:43:08.538] [info]  [serialport] [serialport] event=serialport.connect status=started scope=all
[2026-08-23 20:43:08.541] [info]  [HASTE DB Save] Settings category "inventory" has been updated and saved to SQLite successfully.
[2026-08-23 20:43:08.543] [info]  [HASTE DB Save] Settings category "inventory" has been updated and saved to SQLite successfully.
[2026-08-23 20:43:08.544] [debug] [api] [HASTE Theme Sync] Applied local UI theme: isDark=false
[2026-08-23 20:43:08.545] [debug] [api] [api] event=did.callback status=started target=local screen=/ reason=local_api_down
[2026-08-23 20:43:08.547] [info]  [app] event=app.startup status=success message="subscriptions registered"
[2026-08-23 20:43:08.548] [debug] [task] [task] event=scheduler.change status=success routine=FOAMER_RINSING intervalSec=1800 normalizedIntervalSec=1800
[2026-08-23 20:43:08.550] [debug] [task] [task] event=scheduler.change status=success routine=WARM_RINSING intervalSec=0 normalizedIntervalSec=0
[2026-08-23 20:43:08.551] [debug] [task] [task] event=scheduler.change status=success routine=MIXER_RINSING intervalSec=0 normalizedIntervalSec=0
[2026-08-23 20:43:08.552] [debug] [task] [task] event=scheduler.change status=success routine=ERROR_CHECK intervalSec=600 normalizedIntervalSec=600
[2026-08-23 20:43:08.554] [debug] [task] [task] event=scheduler.change status=success routine=ICE_MAKER intervalSec=1800 normalizedIntervalSec=1800
[2026-08-23 20:43:08.555] [debug] [task] [task] event=scheduler.change status=success routine=TEMP_CHECK intervalSec=60 normalizedIntervalSec=60
[2026-08-23 20:43:08.556] [debug] [app] event=scheduler.change status=success routine=license.verify intervalSec=86400
[2026-08-23 20:43:08.557] [info]  [app] event=app.startup status=success message="schedulers registered"
[2026-08-23 20:43:08.559] [info]  [HASTE Guard] enableHasteAgent is false (OFF). Skipping agent bot launch.
[2026-08-23 20:43:08.649] [error] [serialport] [serialport] event=serialport.error status=failed reason=port_error boardName=board1 port=COM3 message="Opening COM3: Access denied"
[2026-08-23 20:43:08.652] [debug] [api] [HASTE DevTools Sync] Current window DevTools opened state: false, Target state: false
[2026-08-23 20:43:08.885] [debug] [serialport] [serialport] event=serialport.connect status=success boardName=board1 port=COM3
[2026-08-23 20:43:08.949] [info]  [HASTE DB Save] Settings category "information" has been updated and saved to SQLite successfully.
[2026-08-23 20:43:08.953] [info]  [HASTE DB Save] Settings category "information" has been updated and saved to SQLite successfully.
[2026-08-23 20:43:08.954] [info]  [app] event=license.verify status=success state=approved storeId=3412109495
[2026-08-23 20:43:09.003] [debug] [serialport] [serialport] event=serialport.packet status=success boardName=board1 length=24 message="bytearray(b'\\x020A1DCP0201A00101A10344\\x03')"
[2026-08-23 20:43:13.525] [error] [coffee] [coffee] event=coffee.socket status=failed reason=open_timeout transport=ws machineName=WMF model=Lilly_(WMF) ip=192.168.10.138 port=25000
[2026-08-23 20:43:13.526] [error] [coffee] [coffee] event=coffee.socket status=failed reason=connect_failed transport=ws machineName=WMF model=Lilly_(WMF) ip=192.168.10.138 port=25000
[2026-08-23 20:43:15.924] [debug] [api] [HASTE Theme Sync] Applied local UI theme: isDark=false
[2026-08-23 20:43:15.927] [info]  [HASTE DB Save] Settings category "information" has been updated and saved to SQLite successfully.
[2026-08-23 20:43:15.996] [info]  [HASTE DB Save] Settings category "information" has been updated and saved to SQLite successfully.
[2026-08-23 20:43:16.000] [info]  [HASTE DB Save] Settings category "information" has been updated and saved to SQLite successfully.
[2026-08-23 20:43:16.003] [info]  [HASTE DB Save] Settings category "information" has been updated and saved to SQLite successfully.
[2026-08-23 20:43:16.071] [error] [Client] [POS_SYNC] [IMPORT_FAIL] : 가져올 키오스크 상품 번호가 전달되지 않았습니다.
[2026-08-23 20:43:16.079] [info]  [HASTE DB Save] Settings category "menu" has been updated and saved to SQLite successfully.
[2026-08-23 20:43:16.082] [info]  [HASTE DB Save] Settings category "product" has been updated and saved to SQLite successfully.
[2026-08-23 20:43:16.082] [info]  [HASTE DB Sync] Reloading memory settingsStore from SQLite database...
[2026-08-23 20:43:16.085] [info]  [HASTE DB Load] Loaded settings from SQLite database successfully. StoreName: "헤이스트 김포운양역점", StoreNo: "3412109495", ThemeMode: "Light", isKioskDryRun: "true"
[2026-08-23 20:43:16.129] [info]  [HASTE Standard Recipe Apply] Successfully synced 46 Toss Kiosk products for store hoppers from Google Sheet SOT! (Tier: MV_STD)
[2026-08-23 20:43:16.130] [info]  [HASTE Standard Recipe Apply] Successfully generated and injected 226 store-matched physical recipes & Toss Kiosk menu from Google Sheet SOT! (Hopper1: D, Hopper2: N, Board: 2(24종))
[2026-08-23 20:43:16.145] [debug] [api] [HASTE Theme Sync] Applied local UI theme: isDark=false
[2026-08-23 20:43:16.148] [info]  [HASTE DB Save] Settings category "information" has been updated and saved to SQLite successfully.
[2026-08-23 20:43:16.148] [info]  [task] [HASTE Pricing] Successfully applied pricing tier 'MV_STANDARD' to 46 kiosk menu items.
[2026-08-23 20:43:16.157] [debug] [api] [HASTE DevTools Sync] Current window DevTools opened state: false, Target state: false
[2026-08-23 20:43:16.212] [debug] [api] [HASTE DevTools Sync] Current window DevTools opened state: false, Target state: false
[2026-08-23 20:43:16.400] [info]  [HASTE DB Save] Settings category "information" has been updated and saved to SQLite successfully.
[2026-08-23 20:43:16.667] [info]  [HASTE DB Save] Settings category "information" has been updated and saved to SQLite successfully.
[2026-08-23 20:43:19.953] [info]  [HASTE DB Save] Settings category "menu" has been updated and saved to SQLite successfully.
[2026-08-23 20:43:19.954] [info]  [HASTE DB Save] Settings category "product" has been updated and saved to SQLite successfully.
[2026-08-23 20:43:19.955] [info]  [HASTE DB Sync] Reloading memory settingsStore from SQLite database...
[2026-08-23 20:43:19.958] [info]  [HASTE DB Load] Loaded settings from SQLite database successfully. StoreName: "헤이스트 김포운양역점", StoreNo: "3412109495", ThemeMode: "Light", isKioskDryRun: "true"
[2026-08-23 20:43:20.010] [info]  [HASTE Standard Recipe Apply] Successfully synced 46 Toss Kiosk products for store hoppers from Google Sheet SOT! (Tier: MV_STD)
[2026-08-23 20:43:20.011] [info]  [HASTE Standard Recipe Apply] Successfully generated and injected 226 store-matched physical recipes & Toss Kiosk menu from Google Sheet SOT! (Hopper1: D, Hopper2: N, Board: 2(24종))
[2026-08-23 20:43:20.188] [info]  [HASTE DB Save] Settings category "information" has been updated and saved to SQLite successfully.
[2026-08-23 20:43:20.191] [info]  [HASTE DB Save] Settings category "information" has been updated and saved to SQLite successfully.
[2026-08-23 20:43:20.192] [info]  [HASTE DB Save] Settings category "information" has been updated and saved to SQLite successfully.