[2026-09-18 05:07:20.824] [info]  [TOSS RAW ORDER] orderId=755882464843974538, items=[{"name":"아메리카노","productNo":"GSI1002","options":[{"optionCode":"1759895","optionName":"ICE","price":0,"quantity":1}]}]
[2026-09-18 05:07:20.832] [info]  [TOSS ITEM RESOLVED] orderId=755882464843974538, item="아메리카노" (GSI1002) | rawOptions=[{"optionCode":"1759895","optionName":"ICE","price":0,"quantity":1}] ➔ resolved="ICE 아메리카노 (시그니처)" (GSI1002) steps={"step1":["CUP","ICE"],"step2":["COFFEE","60"],"step3":["ICE",5500],"step4":["COLD",120]}
[2026-09-18 05:08:05.397] [info]  [toss] event=order.completed status=success source=toss virtual=off mode=order orderId=755882464843974538 bill=755882464843974538 menuCount=1
[2026-09-18 05:29:40.794] [info]  [TOSS RAW ORDER] orderId=755888132778947000, items=[{"name":"카페라떼","productNo":"GSI2001","options":[{"optionCode":"1759894","optionName":"HOT","price":0,"quantity":1}]}]
[2026-09-18 05:29:40.799] [info]  [TOSS ITEM RESOLVED] orderId=755888132778947000, item="카페라떼" (GSI2001) | rawOptions=[{"optionCode":"1759894","optionName":"HOT","price":0,"quantity":1}] ➔ resolved="HOT 카페라떼 (시그니처)" (GSH2001) steps={"step1":["CUP","HOT"],"step2":["COFFEE","60"],"step3":["HOT_MILK",240]}
[2026-09-18 05:30:45.550] [info]  [toss] event=order.completed status=success source=toss virtual=off mode=order orderId=755888132778947000 bill=755888132778947000 menuCount=1
[2026-09-18 07:14:36.837] [info]  [TOSS RAW ORDER] orderId=755914554566309063, items=[{"name":"아메리카노","productNo":"GSI1002","options":[{"optionCode":"1759895","optionName":"ICE","price":0,"quantity":1}]}]
[2026-09-18 07:14:36.850] [info]  [TOSS ITEM RESOLVED] orderId=755914554566309063, item="아메리카노" (GSI1002) | rawOptions=[{"optionCode":"1759895","optionName":"ICE","price":0,"quantity":1}] ➔ resolved="ICE 아메리카노 (시그니처)" (GSI1002) steps={"step1":["CUP","ICE"],"step2":["COFFEE","60"],"step3":["ICE",5500],"step4":["COLD",120]}
[2026-09-18 07:16:10.115] [info]  [toss] event=order.completed status=success source=toss virtual=off mode=order orderId=755914554566309063 bill=755914554566309063 menuCount=2
[2026-09-18 07:57:21.801] [info]  [TOSS RAW ORDER] orderId=755925295281254638, items=[{"name":"아메리카노","productNo":"GSI1002","options":[{"optionCode":"1759895","optionName":"ICE","price":0,"quantity":1}]}]
[2026-09-18 07:57:21.806] [info]  [TOSS ITEM RESOLVED] orderId=755925295281254638, item="아메리카노" (GSI1002) | rawOptions=[{"optionCode":"1759895","optionName":"ICE","price":0,"quantity":1}] ➔ resolved="ICE 아메리카노 (시그니처)" (GSI1002) steps={"step1":["CUP","ICE"],"step2":["COFFEE","60"],"step3":["ICE",5500],"step4":["COLD",120]}
[2026-09-18 07:58:15.362] [info]  [toss] event=order.completed status=success source=toss virtual=off mode=order orderId=755925295281254638 bill=755925295281254638 menuCount=1
[2026-09-18 10:39:01.318] [info]  [TOSS RAW ORDER] orderId=755965932240173964, items=[{"name":"아메리카노","productNo":"GSI1002","options":[{"optionCode":"1759895","optionName":"ICE","price":0,"quantity":1}]}]
[2026-09-18 10:39:01.323] [info]  [TOSS ITEM RESOLVED] orderId=755965932240173964, item="아메리카노" (GSI1002) | rawOptions=[{"optionCode":"1759895","optionName":"ICE","price":0,"quantity":1}] ➔ resolved="ICE 아메리카노 (시그니처)" (GSI1002) steps={"step1":["CUP","ICE"],"step2":["COFFEE","60"],"step3":["ICE",5500],"step4":["COLD",120]}
[2026-09-18 10:39:46.880] [info]  [toss] event=order.completed status=success source=toss virtual=off mode=order orderId=755965932240173964 bill=755965932240173964 menuCount=1
[2026-09-18 10:42:06.337] [info]  [TOSS RAW ORDER] orderId=755966762360027171, items=[{"name":"아메리카노","productNo":"GSI1002","options":[{"optionCode":"1759895","optionName":"ICE","price":0,"quantity":1}]}]
[2026-09-18 10:42:06.343] [info]  [TOSS ITEM RESOLVED] orderId=755966762360027171, item="아메리카노" (GSI1002) | rawOptions=[{"optionCode":"1759895","optionName":"ICE","price":0,"quantity":1}] ➔ resolved="ICE 아메리카노 (시그니처)" (GSI1002) steps={"step1":["CUP","ICE"],"step2":["COFFEE","60"],"step3":["ICE",5500],"step4":["COLD",120]}
[2026-09-18 10:42:49.671] [info]  [toss] event=order.completed status=success source=toss virtual=off mode=order orderId=755966762360027171 bill=755966762360027171 menuCount=1
[2026-09-18 11:44:56.332] [info]  [TOSS RAW ORDER] orderId=755982583727789274, items=[{"name":"아메리카노","productNo":"GSI1002","options":[{"optionCode":"1759895","optionName":"ICE","price":0,"quantity":1},{"optionCode":"1759904","optionName":"샷추가","price":800,"quantity":1}]}]
[2026-09-18 11:44:56.338] [info]  [TOSS ITEM RESOLVED] orderId=755982583727789274, item="아메리카노" (GSI1002) | rawOptions=[{"optionCode":"1759895","optionName":"ICE","price":0,"quantity":1},{"optionCode":"1759904","optionName":"샷추가","price":800,"quantity":1}] ➔ resolved="ICE 아메리카노 (시그니처) (샷추가)" (GSI1005) steps={"step1":["CUP","ICE"],"step2":["COFFEE","90"],"step3":["ICE",5500],"step4":["COLD",90]}
[2026-09-18 11:46:29.397] [info]  [toss] event=order.completed status=success source=toss virtual=off mode=order orderId=755982583727789274 bill=755982583727789274 menuCount=1
[2026-09-18 12:15:26.304] [info]  [TOSS RAW ORDER] orderId=755990235358832343, items=[{"name":"레몬차","productNo":"GTI5002","options":[{"optionCode":"1759895","optionName":"ICE","price":0,"quantity":1}]}]
[2026-09-18 12:15:26.308] [info]  [TOSS ITEM RESOLVED] orderId=755990235358832343, item="레몬차" (GTI5002) | rawOptions=[{"optionCode":"1759895","optionName":"ICE","price":0,"quantity":1}] ➔ resolved="ICE 레몬차" (GTI5002) steps={"step1":["CUP","ICE"],"step2":["ICE",6100],"step3":["COLD",145],"step4":["레몬","60"],"step5":["설탕","10"]}
[2026-09-18 12:16:18.010] [info]  [toss] event=order.completed status=success source=toss virtual=off mode=order orderId=755990235358832343 bill=755990235358832343 menuCount=1
[2026-09-18 13:32:00.395] [info]  [TOSS RAW ORDER] orderId=756009514774959380, items=[{"name":"아메리카노","productNo":"GSI1002","options":[{"optionCode":"1759895","optionName":"ICE","price":0,"quantity":1}]}]
[2026-09-18 13:32:00.400] [info]  [TOSS ITEM RESOLVED] orderId=756009514774959380, item="아메리카노" (GSI1002) | rawOptions=[{"optionCode":"1759895","optionName":"ICE","price":0,"quantity":1}] ➔ resolved="ICE 아메리카노 (시그니처)" (GSI1002) steps={"step1":["CUP","ICE"],"step2":["COFFEE","60"],"step3":["ICE",5500],"step4":["COLD",120]}
[2026-09-18 13:32:44.119] [info]  [toss] event=order.completed status=success source=toss virtual=off mode=order orderId=756009514774959380 bill=756009514774959380 menuCount=1
[2026-09-18 14:41:08.353] [info]  [TOSS RAW ORDER] orderId=756026924177336057, items=[{"name":"(스페셜티) 카라멜마끼아또","productNo":"16707967","options":[{"optionCode":"1759895","optionName":"ICE","price":0,"quantity":1}]}]
[2026-09-18 14:41:08.359] [info]  [TOSS ITEM RESOLVED] orderId=756026924177336057, item="(스페셜티) 카라멜마끼아또" (16707967) | rawOptions=[{"optionCode":"1759895","optionName":"ICE","price":0,"quantity":1}] ➔ resolved="ICE 카라멜마끼아또 (스페셜티)" (GPI2005) steps={"step1":["CUP","ICE"],"step2":["COFFEE","61"],"step3":["ICE",5500],"step4":["COLD_MILK",100],"step5":["카라멜","30"]}
[2026-09-18 14:41:58.969] [error] [toss] event=order.failed status=failed stage=HARDWARE source=toss virtual=off mode=order orderId=756026924177336057 bill=756026924177336057 menuCount=1 error=HW물리검증_실패:_[756026924177336057]_[ICE_카라멜마끼아또_(스페셜티)]_주문스텝4_실패