[2026-08-31 17:09:17.323] [info]  [HASTE DB Load] Loaded settings from SQLite database successfully. StoreName: "김포집", StoreNo: "01012345678", ThemeMode: "Light", isKioskDryRun: "false"
[2026-08-31 17:09:18.689] [info]  [app] event=app.startup status=started appVersion=3.3.1 packaged=false
[2026-08-31 17:09:19.507] [info]  [app] event=app.window status=success
[2026-08-31 17:09:19.574] [info]  [app] event=app.tray status=success
[2026-08-31 17:09:19.575] [info]  [app] event=updater.check status=ignored reason=store_managed_distribution
[2026-08-31 17:09:19.582] [info]  [app] event=app.ipc status=success
[2026-08-31 17:09:19.652] [info]  [app] event=task.start status=success
[2026-08-31 17:09:19.654] [debug] [api] [api] event=settings.change status=success port=8080 posStoreNo=01012345678 deviceModelId=D0000
[2026-08-31 17:09:19.660] [info]  [api] [HASTE] Found SSL Certificates at: C:\Users\김성규\Desktop\HASTE-AI\src\cafehaste-client\src\lilly-electron\resources
[2026-08-31 17:09:19.683] [info]  [api] [HASTE] Started HTTP Hono Server on port 8080 (Toss Place HTTP Mode).
[2026-08-31 17:09:19.705] [info]  [api] [HASTE] Started HTTPS Hono Server on port 8443 (Toss Kiosk Mode).
[2026-08-31 17:09:19.707] [debug] [api] [api] event=api.server status=success port=8080 host=0.0.0.0
[2026-08-31 17:09:19.710] [debug] [coffee] [coffee] event=settings.change status=success field=thirdpartyType value=Lilly_(WMF)
[2026-08-31 17:09:19.713] [debug] [coffee] [coffee] event=coffee.socket status=started transport=ws machineName=WMF model=Lilly_(WMF) ip=192.168.10.99 port=25000
[2026-08-31 17:09:19.725] [debug] [coffee] [coffee] event=temperature.change status=success
[2026-08-31 17:09:19.727] [debug] [api] [api] event=did.callback status=ignored reason=local_did_not_open screen=temperature
[2026-08-31 17:09:19.739] [info]  [HASTE DB Save] Settings category "inventory" has been updated and saved to SQLite successfully.
[2026-08-31 17:09:19.743] [info]  [HASTE DB Save] Settings category "inventory" has been updated and saved to SQLite successfully.
[2026-08-31 17:09:19.745] [info]  [serialport] [serialport] event=serialport.connect status=started scope=all
[2026-08-31 17:09:19.751] [info]  [HASTE DB Save] Settings category "inventory" has been updated and saved to SQLite successfully.
[2026-08-31 17:09:19.755] [info]  [HASTE DB Save] Settings category "inventory" has been updated and saved to SQLite successfully.
[2026-08-31 17:09:19.757] [debug] [api] [HASTE Theme Sync] Applied local UI theme: isDark=false
[2026-08-31 17:09:19.761] [debug] [api] [api] event=did.callback status=started target=local screen=main
[2026-08-31 17:09:19.765] [info]  [app] event=app.startup status=success message="subscriptions registered"
[2026-08-31 17:09:19.766] [debug] [task] [task] event=scheduler.change status=success routine=FOAMER_RINSING intervalSec=3600 normalizedIntervalSec=3600
[2026-08-31 17:09:19.770] [debug] [task] [task] event=scheduler.change status=success routine=WARM_RINSING intervalSec=0 normalizedIntervalSec=0
[2026-08-31 17:09:19.772] [debug] [task] [task] event=scheduler.change status=success routine=MIXER_RINSING intervalSec=0 normalizedIntervalSec=0
[2026-08-31 17:09:19.774] [debug] [task] [task] event=scheduler.change status=success routine=ERROR_CHECK intervalSec=1800 normalizedIntervalSec=1800
[2026-08-31 17:09:19.776] [debug] [task] [task] event=scheduler.change status=success routine=ICE_MAKER intervalSec=1800 normalizedIntervalSec=1800
[2026-08-31 17:09:19.778] [debug] [task] [task] event=scheduler.change status=success routine=TEMP_CHECK intervalSec=600 normalizedIntervalSec=600
[2026-08-31 17:09:19.785] [debug] [app] event=scheduler.change status=success routine=license.verify intervalSec=86400
[2026-08-31 17:09:19.786] [info]  [app] event=app.startup status=success message="schedulers registered"
[2026-08-31 17:09:19.788] [info]  [HASTE Guard] enableHasteAgent is false (OFF). Skipping agent bot launch.
[2026-08-31 17:09:19.826] [error] [serialport] [serialport] event=serialport.error status=failed reason=port_error boardName=board1 port=COM6 message="Opening COM6: File not found"
[2026-08-31 17:09:19.830] [error] [serialport] [serialport] event=serialport.error status=failed reason=port_error boardName=board2 port=COM7 message="Opening COM7: File not found"
[2026-08-31 17:09:19.833] [debug] [api] [HASTE DevTools Sync] Current window DevTools opened state: false, Target state: false
[2026-08-31 17:09:20.183] [info]  [HASTE DB Save] Settings category "information" has been updated and saved to SQLite successfully.
[2026-08-31 17:09:20.204] [info]  [HASTE DB Save] Settings category "information" has been updated and saved to SQLite successfully.
[2026-08-31 17:09:20.205] [info]  [app] event=license.verify status=success state=approved storeId=01012345678
[2026-08-31 17:09:24.723] [error] [coffee] [coffee] event=coffee.socket status=failed reason=open_timeout transport=ws machineName=WMF model=Lilly_(WMF) ip=192.168.10.99 port=25000
[2026-08-31 17:09:24.728] [error] [coffee] [coffee] event=coffee.socket status=failed reason=connect_failed transport=ws machineName=WMF model=Lilly_(WMF) ip=192.168.10.99 port=25000
[2026-08-31 17:09:32.358] [debug] [api] [HASTE Theme Sync] Applied local UI theme: isDark=false
[2026-08-31 17:09:32.366] [info]  [HASTE DB Save] Settings category "information" has been updated and saved to SQLite successfully.
[2026-08-31 17:09:32.424] [debug] [api] [HASTE DevTools Sync] Current window DevTools opened state: false, Target state: false
[2026-08-31 17:09:32.743] [info]  [HASTE DB Save] Settings category "information" has been updated and saved to SQLite successfully.
[2026-08-31 17:09:32.982] [info]  [HASTE DB Save] Settings category "information" has been updated and saved to SQLite successfully.
[2026-08-31 17:09:33.005] [debug] [api] [HASTE Theme Sync] Applied local UI theme: isDark=false
[2026-08-31 17:09:33.012] [info]  [HASTE DB Save] Settings category "information" has been updated and saved to SQLite successfully.
[2026-08-31 17:09:33.059] [debug] [api] [HASTE DevTools Sync] Current window DevTools opened state: false, Target state: false
[2026-08-31 17:09:33.193] [debug] [api] [HASTE Theme Sync] Applied local UI theme: isDark=false
[2026-08-31 17:09:33.203] [info]  [HASTE DB Save] Settings category "information" has been updated and saved to SQLite successfully.
[2026-08-31 17:09:33.255] [debug] [api] [HASTE DevTools Sync] Current window DevTools opened state: false, Target state: false
[2026-08-31 17:09:33.713] [debug] [api] [HASTE Theme Sync] Applied local UI theme: isDark=false
[2026-08-31 17:09:33.725] [info]  [HASTE DB Save] Settings category "information" has been updated and saved to SQLite successfully.
[2026-08-31 17:09:33.771] [debug] [api] [HASTE DevTools Sync] Current window DevTools opened state: false, Target state: false
[2026-08-31 17:09:33.905] [info]  [task] [HASTE IPC] Executing executeApplyStandardRecipes (Store Environment Optimized SOT)...
[2026-08-31 17:09:33.931] [info]  [HASTE DB Save] Settings category "menu" has been updated and saved to SQLite successfully.
[2026-08-31 17:09:33.934] [info]  [HASTE DB Save] Settings category "menu" has been updated and saved to SQLite successfully.
[2026-08-31 17:09:33.939] [info]  [HASTE DB Load] Loaded settings from SQLite database successfully. StoreName: "김포집", StoreNo: "01012345678", ThemeMode: "Light", isKioskDryRun: "false"
[2026-08-31 17:09:33.943] [info]  [HASTE DB Reload] Reloaded settingsStore in-memory cache with fresh DB values.
[2026-08-31 17:09:33.945] [info]  [task] [HASTE SOT] Successfully injected standard recipes. Total: 255.
[2026-08-31 17:09:33.948] [warn]  [task] [HASTE SOT] Kiosk DB sync notice: FOREIGN KEY constraint failed
[2026-08-31 17:09:35.198] [info]  [HASTE DB Save] Settings category "information" has been updated and saved to SQLite successfully.
[2026-08-31 17:09:35.580] [debug] [api] [HASTE Theme Sync] Applied local UI theme: isDark=false
[2026-08-31 17:09:35.586] [info]  [HASTE DB Save] Settings category "information" has been updated and saved to SQLite successfully.
[2026-08-31 17:09:35.645] [debug] [api] [HASTE DevTools Sync] Current window DevTools opened state: false, Target state: false
[2026-08-31 17:09:35.978] [info]  [HASTE DB Save] Settings category "information" has been updated and saved to SQLite successfully.
[2026-08-31 17:09:36.417] [info]  [HASTE DB Save] Settings category "information" has been updated and saved to SQLite successfully.
[2026-08-31 17:09:36.425] [info]  [HASTE DB Save] Settings category "information" has been updated and saved to SQLite successfully.
[2026-08-31 17:09:36.429] [info]  [HASTE DB Save] Settings category "information" has been updated and saved to SQLite successfully.
[2026-08-31 17:09:36.432] [info]  [task] [HASTE IPC] Executing executeApplyStandardRecipes (Store Environment Optimized SOT)...
[2026-08-31 17:09:36.446] [info]  [HASTE DB Save] Settings category "menu" has been updated and saved to SQLite successfully.
[2026-08-31 17:09:36.450] [info]  [HASTE DB Save] Settings category "menu" has been updated and saved to SQLite successfully.
[2026-08-31 17:09:36.455] [info]  [HASTE DB Load] Loaded settings from SQLite database successfully. StoreName: "김포집", StoreNo: "01012345678", ThemeMode: "Light", isKioskDryRun: "false"
[2026-08-31 17:09:36.457] [info]  [HASTE DB Reload] Reloaded settingsStore in-memory cache with fresh DB values.
[2026-08-31 17:09:36.459] [info]  [task] [HASTE SOT] Successfully injected standard recipes. Total: 255.
[2026-08-31 17:09:36.464] [warn]  [task] [HASTE SOT] Kiosk DB sync notice: FOREIGN KEY constraint failed
[2026-08-31 17:09:38.207] [info]  [HASTE DB Save] Settings category "information" has been updated and saved to SQLite successfully.
[2026-08-31 17:09:38.220] [info]  [HASTE DB Save] Settings category "information" has been updated and saved to SQLite successfully.
[2026-08-31 17:09:38.231] [debug] [api] [HASTE Theme Sync] Applied local UI theme: isDark=false
[2026-08-31 17:09:38.236] [info]  [HASTE DB Save] Settings category "information" has been updated and saved to SQLite successfully.
[2026-08-31 17:09:38.286] [debug] [api] [HASTE DevTools Sync] Current window DevTools opened state: false, Target state: false
[2026-08-31 17:09:38.463] [info]  [HASTE DB Save] Settings category "information" has been updated and saved to SQLite successfully.
[2026-08-31 17:09:38.694] [info]  [HASTE DB Save] Settings category "information" has been updated and saved to SQLite successfully.
[2026-08-31 17:09:38.699] [info]  [HASTE DB Save] Settings category "information" has been updated and saved to SQLite successfully.
[2026-08-31 17:09:38.709] [info]  [task] [HASTE IPC] Executing executeApplyStandardRecipes (Store Environment Optimized SOT)...
[2026-08-31 17:09:38.731] [info]  [HASTE DB Save] Settings category "menu" has been updated and saved to SQLite successfully.
[2026-08-31 17:09:38.734] [info]  [HASTE DB Save] Settings category "menu" has been updated and saved to SQLite successfully.
[2026-08-31 17:09:38.739] [info]  [HASTE DB Load] Loaded settings from SQLite database successfully. StoreName: "김포집", StoreNo: "01012345678", ThemeMode: "Light", isKioskDryRun: "false"
[2026-08-31 17:09:38.743] [info]  [HASTE DB Reload] Reloaded settingsStore in-memory cache with fresh DB values.
[2026-08-31 17:09:38.745] [info]  [task] [HASTE SOT] Successfully injected standard recipes. Total: 261.
[2026-08-31 17:09:38.749] [warn]  [task] [HASTE SOT] Kiosk DB sync notice: FOREIGN KEY constraint failed
[2026-08-31 17:09:40.031] [info]  [task] [HASTE Google Sheet Sync] Synchronizing latest SOT directly from Google Sheets...
[2026-08-31 17:09:40.841] [error] [coffee] [coffee] event=coffee.socket status=failed reason=ws_error machineName=WMF model=Lilly_(WMF) ip=192.168.10.99 port=25000 message="connect ETIMEDOUT 192.168.10.99:25000"
[2026-08-31 17:09:41.059] [info]  [task] [HASTE Google Sheet Sync] ✅ 실시간 파싱 무결성 100% 검증 통과! (총 794개 레시피, 커피 556개 펄스 정상)
[2026-08-31 17:09:41.068] [info]  [task] [HASTE IPC] Executing executeApplyStandardRecipes (Store Environment Optimized SOT)...
[2026-08-31 17:09:41.084] [info]  [HASTE DB Save] Settings category "menu" has been updated and saved to SQLite successfully.
[2026-08-31 17:09:41.087] [info]  [HASTE DB Save] Settings category "menu" has been updated and saved to SQLite successfully.
[2026-08-31 17:09:41.092] [info]  [HASTE DB Load] Loaded settings from SQLite database successfully. StoreName: "김포집", StoreNo: "01012345678", ThemeMode: "Light", isKioskDryRun: "false"
[2026-08-31 17:09:41.094] [info]  [HASTE DB Reload] Reloaded settingsStore in-memory cache with fresh DB values.
[2026-08-31 17:09:41.097] [info]  [task] [HASTE SOT] Successfully injected standard recipes. Total: 261.
[2026-08-31 17:09:41.099] [warn]  [task] [HASTE SOT] Kiosk DB sync notice: FOREIGN KEY constraint failed
[2026-08-31 17:09:41.105] [info]  [HASTE DB Load] Loaded settings from SQLite database successfully. StoreName: "김포집", StoreNo: "01012345678", ThemeMode: "Light", isKioskDryRun: "false"
[2026-08-31 17:09:41.108] [info]  [HASTE DB Reload] Reloaded settingsStore in-memory cache with fresh DB values.
[2026-08-31 17:09:41.109] [info]  [task] [HASTE Google Sheet Sync] Live sync & local DB injection completed successfully!
[2026-08-31 17:09:41.232] [info]  [HASTE DB Save] Settings category "information" has been updated and saved to SQLite successfully.
[2026-08-31 17:09:41.235] [info]  [HASTE DB Save] Settings category "information" has been updated and saved to SQLite successfully.
[2026-08-31 17:09:41.237] [info]  [HASTE DB Save] Settings category "information" has been updated and saved to SQLite successfully.
[2026-08-31 17:09:41.525] [info]  [HASTE DB Save] Settings category "information" has been updated and saved to SQLite successfully.
[2026-08-31 17:09:41.747] [info]  [HASTE DB Save] Settings category "information" has been updated and saved to SQLite successfully.
[2026-08-31 18:51:26.829] [info]  [HASTE DB Load] Loaded settings from SQLite database successfully. StoreName: "김포집", StoreNo: "01012345678", ThemeMode: "Light", isKioskDryRun: "false"
[2026-08-31 18:51:27.419] [info]  [app] event=app.startup status=started appVersion=3.3.1r4 packaged=false
[2026-08-31 18:51:27.503] [info]  [app] event=app.window status=success
[2026-08-31 18:51:27.575] [info]  [app] event=app.tray status=success
[2026-08-31 18:51:27.575] [info]  [app] event=updater.check status=ignored reason=store_managed_distribution
[2026-08-31 18:51:27.581] [info]  [app] event=app.ipc status=success
[2026-08-31 18:51:27.616] [info]  [app] event=task.start status=success
[2026-08-31 18:51:27.618] [debug] [api] [api] event=settings.change status=success port=8080 posStoreNo=01012345678 deviceModelId=D0000
[2026-08-31 18:51:27.621] [info]  [api] [HASTE] Found SSL Certificates at: C:\Users\김성규\Desktop\HASTE-AI\src\cafehaste-client\src\lilly-electron\resources
[2026-08-31 18:51:27.624] [info]  [api] [HASTE] Started HTTP Hono Server on port 8080 (Toss Place HTTP Mode).
[2026-08-31 18:51:27.627] [info]  [api] [HASTE] Started HTTPS Hono Server on port 8443 (Toss Kiosk Mode).
[2026-08-31 18:51:27.628] [debug] [api] [api] event=api.server status=success port=8080 host=0.0.0.0
[2026-08-31 18:51:27.630] [debug] [coffee] [coffee] event=settings.change status=success field=thirdpartyType value=Lilly_(WMF)
[2026-08-31 18:51:27.637] [debug] [coffee] [coffee] event=coffee.socket status=started transport=ws machineName=WMF model=Lilly_(WMF) ip=192.168.10.99 port=25000
[2026-08-31 18:51:27.644] [debug] [coffee] [coffee] event=temperature.change status=success
[2026-08-31 18:51:27.646] [debug] [api] [api] event=did.callback status=ignored reason=local_did_not_open screen=temperature
[2026-08-31 18:51:27.654] [info]  [HASTE DB Save] Settings category "inventory" has been updated and saved to SQLite successfully.
[2026-08-31 18:51:27.656] [info]  [HASTE DB Save] Settings category "inventory" has been updated and saved to SQLite successfully.
[2026-08-31 18:51:27.658] [info]  [serialport] [serialport] event=serialport.connect status=started scope=all
[2026-08-31 18:51:27.661] [info]  [HASTE DB Save] Settings category "inventory" has been updated and saved to SQLite successfully.
[2026-08-31 18:51:27.665] [info]  [HASTE DB Save] Settings category "inventory" has been updated and saved to SQLite successfully.
[2026-08-31 18:51:27.666] [debug] [api] [HASTE Theme Sync] Applied local UI theme: isDark=false
[2026-08-31 18:51:27.669] [debug] [api] [api] event=did.callback status=started target=local screen=main
[2026-08-31 18:51:27.671] [info]  [app] event=app.startup status=success message="subscriptions registered"
[2026-08-31 18:51:27.672] [debug] [task] [task] event=scheduler.change status=success routine=FOAMER_RINSING intervalSec=3600 normalizedIntervalSec=3600
[2026-08-31 18:51:27.675] [debug] [task] [task] event=scheduler.change status=success routine=WARM_RINSING intervalSec=0 normalizedIntervalSec=0
[2026-08-31 18:51:27.680] [debug] [task] [task] event=scheduler.change status=success routine=MIXER_RINSING intervalSec=0 normalizedIntervalSec=0
[2026-08-31 18:51:27.682] [debug] [task] [task] event=scheduler.change status=success routine=ERROR_CHECK intervalSec=1800 normalizedIntervalSec=1800
[2026-08-31 18:51:27.684] [debug] [task] [task] event=scheduler.change status=success routine=ICE_MAKER intervalSec=1800 normalizedIntervalSec=1800
[2026-08-31 18:51:27.690] [debug] [task] [task] event=scheduler.change status=success routine=TEMP_CHECK intervalSec=600 normalizedIntervalSec=600
[2026-08-31 18:51:27.696] [debug] [app] event=scheduler.change status=success routine=license.verify intervalSec=86400
[2026-08-31 18:51:27.710] [info]  [app] event=app.startup status=success message="schedulers registered"
[2026-08-31 18:51:27.715] [info]  [HASTE Guard] enableHasteAgent is false (OFF). Skipping agent bot launch.
[2026-08-31 18:51:27.745] [error] [serialport] [serialport] event=serialport.error status=failed reason=port_error boardName=board1 port=COM6 message="Opening COM6: File not found"
[2026-08-31 18:51:27.751] [error] [serialport] [serialport] event=serialport.error status=failed reason=port_error boardName=board2 port=COM7 message="Opening COM7: File not found"
[2026-08-31 18:51:27.759] [debug] [api] [HASTE DevTools Sync] Current window DevTools opened state: false, Target state: false
[2026-08-31 18:51:28.062] [info]  [HASTE DB Save] Settings category "information" has been updated and saved to SQLite successfully.
[2026-08-31 18:51:28.107] [info]  [HASTE DB Save] Settings category "information" has been updated and saved to SQLite successfully.
[2026-08-31 18:51:28.111] [info]  [app] event=license.verify status=success state=approved storeId=01012345678
[2026-08-31 18:51:32.646] [error] [coffee] [coffee] event=coffee.socket status=failed reason=open_timeout transport=ws machineName=WMF model=Lilly_(WMF) ip=192.168.10.99 port=25000
[2026-08-31 18:51:32.650] [error] [coffee] [coffee] event=coffee.socket status=failed reason=connect_failed transport=ws machineName=WMF model=Lilly_(WMF) ip=192.168.10.99 port=25000
[2026-08-31 18:51:48.765] [error] [coffee] [coffee] event=coffee.socket status=failed reason=ws_error machineName=WMF model=Lilly_(WMF) ip=192.168.10.99 port=25000 message="connect ETIMEDOUT 192.168.10.99:25000"
[2026-08-31 18:52:06.864] [debug] [api] [HASTE Theme Sync] Applied local UI theme: isDark=false
[2026-08-31 18:52:06.869] [info]  [HASTE DB Save] Settings category "information" has been updated and saved to SQLite successfully.
[2026-08-31 18:52:06.931] [debug] [api] [HASTE DevTools Sync] Current window DevTools opened state: false, Target state: false
[2026-08-31 18:52:14.090] [info]  [task] [HASTE Google Sheet Sync] Synchronizing latest SOT directly from Google Sheets...
[2026-08-31 18:52:15.265] [info]  [task] [HASTE Google Sheet Sync] ✅ 실시간 파싱 무결성 100% 검증 통과! (총 794개 레시피, 커피 556개 펄스 정상)
[2026-08-31 18:52:15.275] [info]  [task] [HASTE IPC] Executing executeApplyStandardRecipes (Store Environment Optimized SOT)...
[2026-08-31 18:52:15.287] [info]  [HASTE DB Save] Settings category "menu" has been updated and saved to SQLite successfully.
[2026-08-31 18:52:15.290] [info]  [HASTE DB Save] Settings category "menu" has been updated and saved to SQLite successfully.
[2026-08-31 18:52:15.297] [info]  [HASTE DB Load] Loaded settings from SQLite database successfully. StoreName: "김포집", StoreNo: "01012345678", ThemeMode: "Light", isKioskDryRun: "false"
[2026-08-31 18:52:15.300] [info]  [HASTE DB Reload] Reloaded settingsStore in-memory cache with fresh DB values.
[2026-08-31 18:52:15.301] [info]  [task] [HASTE SOT] Successfully injected standard recipes. Total: 261.
[2026-08-31 18:52:15.304] [warn]  [task] [HASTE SOT] Kiosk DB sync notice: FOREIGN KEY constraint failed
[2026-08-31 18:52:15.309] [info]  [HASTE DB Load] Loaded settings from SQLite database successfully. StoreName: "김포집", StoreNo: "01012345678", ThemeMode: "Light", isKioskDryRun: "false"
[2026-08-31 18:52:15.312] [info]  [HASTE DB Reload] Reloaded settingsStore in-memory cache with fresh DB values.
[2026-08-31 18:52:15.312] [info]  [task] [HASTE Google Sheet Sync] Live sync & local DB injection completed successfully!
[2026-08-31 18:52:15.628] [info]  [HASTE DB Save] Settings category "information" has been updated and saved to SQLite successfully.
[2026-08-31 18:52:15.630] [info]  [HASTE DB Save] Settings category "information" has been updated and saved to SQLite successfully.
[2026-08-31 18:52:15.632] [info]  [HASTE DB Save] Settings category "information" has been updated and saved to SQLite successfully.
[2026-08-31 18:52:15.929] [info]  [HASTE DB Save] Settings category "information" has been updated and saved to SQLite successfully.
[2026-08-31 18:52:16.175] [info]  [HASTE DB Save] Settings category "information" has been updated and saved to SQLite successfully.
[2026-08-31 19:43:14.355] [info]  [HASTE DB Load] Loaded settings from SQLite database successfully. StoreName: "김포집", StoreNo: "01012345678", ThemeMode: "Light", isKioskDryRun: "false"
[2026-08-31 19:43:14.889] [info]  [app] event=app.startup status=started appVersion=3.3.1r4 packaged=false
[2026-08-31 19:43:14.999] [info]  [app] event=app.window status=success
[2026-08-31 19:43:15.128] [info]  [app] event=app.tray status=success
[2026-08-31 19:43:15.130] [info]  [app] event=updater.check status=ignored reason=store_managed_distribution
[2026-08-31 19:43:15.136] [info]  [app] event=app.ipc status=success
[2026-08-31 19:43:15.172] [info]  [app] event=task.start status=success
[2026-08-31 19:43:15.175] [debug] [api] [api] event=settings.change status=success port=8080 posStoreNo=01012345678 deviceModelId=D0000
[2026-08-31 19:43:15.178] [info]  [api] [HASTE] Found SSL Certificates at: C:\Users\김성규\Desktop\HASTE-AI\src\cafehaste-client\src\lilly-electron\resources
[2026-08-31 19:43:15.184] [info]  [api] [HASTE] Started HTTP Hono Server on port 8080 (Toss Place HTTP Mode).
[2026-08-31 19:43:15.187] [info]  [api] [HASTE] Started HTTPS Hono Server on port 8443 (Toss Kiosk Mode).
[2026-08-31 19:43:15.190] [debug] [api] [api] event=api.server status=success port=8080 host=0.0.0.0
[2026-08-31 19:43:15.194] [debug] [coffee] [coffee] event=settings.change status=success field=thirdpartyType value=Lilly_(WMF)
[2026-08-31 19:43:15.200] [debug] [coffee] [coffee] event=coffee.socket status=started transport=ws machineName=WMF model=Lilly_(WMF) ip=192.168.10.99 port=25000
[2026-08-31 19:43:15.212] [debug] [coffee] [coffee] event=temperature.change status=success
[2026-08-31 19:43:15.217] [debug] [api] [api] event=did.callback status=ignored reason=local_did_not_open screen=temperature
[2026-08-31 19:43:15.226] [info]  [HASTE DB Save] Settings category "inventory" has been updated and saved to SQLite successfully.
[2026-08-31 19:43:15.229] [info]  [HASTE DB Save] Settings category "inventory" has been updated and saved to SQLite successfully.
[2026-08-31 19:43:15.232] [info]  [serialport] [serialport] event=serialport.connect status=started scope=all
[2026-08-31 19:43:15.239] [info]  [HASTE DB Save] Settings category "inventory" has been updated and saved to SQLite successfully.
[2026-08-31 19:43:15.242] [info]  [HASTE DB Save] Settings category "inventory" has been updated and saved to SQLite successfully.
[2026-08-31 19:43:15.243] [debug] [api] [HASTE Theme Sync] Applied local UI theme: isDark=false
[2026-08-31 19:43:15.248] [debug] [api] [api] event=did.callback status=started target=local screen=main
[2026-08-31 19:43:15.253] [info]  [app] event=app.startup status=success message="subscriptions registered"
[2026-08-31 19:43:15.254] [debug] [task] [task] event=scheduler.change status=success routine=FOAMER_RINSING intervalSec=3600 normalizedIntervalSec=3600
[2026-08-31 19:43:15.259] [debug] [task] [task] event=scheduler.change status=success routine=WARM_RINSING intervalSec=0 normalizedIntervalSec=0
[2026-08-31 19:43:15.264] [debug] [task] [task] event=scheduler.change status=success routine=MIXER_RINSING intervalSec=0 normalizedIntervalSec=0
[2026-08-31 19:43:15.272] [debug] [task] [task] event=scheduler.change status=success routine=ERROR_CHECK intervalSec=1800 normalizedIntervalSec=1800
[2026-08-31 19:43:15.275] [debug] [task] [task] event=scheduler.change status=success routine=ICE_MAKER intervalSec=1800 normalizedIntervalSec=1800
[2026-08-31 19:43:15.282] [debug] [task] [task] event=scheduler.change status=success routine=TEMP_CHECK intervalSec=600 normalizedIntervalSec=600
[2026-08-31 19:43:15.289] [debug] [app] event=scheduler.change status=success routine=license.verify intervalSec=86400
[2026-08-31 19:43:15.292] [info]  [app] event=app.startup status=success message="schedulers registered"
[2026-08-31 19:43:15.297] [info]  [HASTE Guard] enableHasteAgent is false (OFF). Skipping agent bot launch.
[2026-08-31 19:43:15.321] [error] [serialport] [serialport] event=serialport.error status=failed reason=port_error boardName=board1 port=COM6 message="Opening COM6: File not found"
[2026-08-31 19:43:15.327] [error] [serialport] [serialport] event=serialport.error status=failed reason=port_error boardName=board2 port=COM7 message="Opening COM7: File not found"
[2026-08-31 19:43:15.332] [debug] [api] [HASTE DevTools Sync] Current window DevTools opened state: false, Target state: false
[2026-08-31 19:43:15.667] [info]  [HASTE DB Save] Settings category "information" has been updated and saved to SQLite successfully.
[2026-08-31 19:43:15.676] [info]  [HASTE DB Save] Settings category "information" has been updated and saved to SQLite successfully.
[2026-08-31 19:43:15.678] [info]  [app] event=license.verify status=success state=approved storeId=01012345678
[2026-08-31 19:43:20.211] [error] [coffee] [coffee] event=coffee.socket status=failed reason=open_timeout transport=ws machineName=WMF model=Lilly_(WMF) ip=192.168.10.99 port=25000
[2026-08-31 19:43:20.219] [error] [coffee] [coffee] event=coffee.socket status=failed reason=connect_failed transport=ws machineName=WMF model=Lilly_(WMF) ip=192.168.10.99 port=25000
[2026-08-31 19:43:36.337] [error] [coffee] [coffee] event=coffee.socket status=failed reason=ws_error machineName=WMF model=Lilly_(WMF) ip=192.168.10.99 port=25000 message="connect ETIMEDOUT 192.168.10.99:25000"
[2026-08-31 19:58:16.611] [info]  [HASTE DB Load] Loaded settings from SQLite database successfully. StoreName: "김포집", StoreNo: "01012345678", ThemeMode: "Light", isKioskDryRun: "false"
[2026-08-31 19:58:17.149] [info]  [app] event=app.startup status=started appVersion=3.3.1r7 packaged=false
[2026-08-31 19:58:17.246] [info]  [app] event=app.window status=success
[2026-08-31 19:58:17.362] [info]  [app] event=app.tray status=success
[2026-08-31 19:58:17.363] [info]  [app] event=updater.check status=ignored reason=store_managed_distribution
[2026-08-31 19:58:17.370] [info]  [app] event=app.ipc status=success
[2026-08-31 19:58:17.415] [info]  [app] event=task.start status=success
[2026-08-31 19:58:17.418] [debug] [api] [api] event=settings.change status=success port=8080 posStoreNo=01012345678 deviceModelId=D0000
[2026-08-31 19:58:17.423] [info]  [api] [HASTE] Found SSL Certificates at: C:\Users\김성규\Desktop\HASTE-AI\src\cafehaste-client\src\lilly-electron\resources
[2026-08-31 19:58:17.428] [info]  [api] [HASTE] Started HTTP Hono Server on port 8080 (Toss Place HTTP Mode).
[2026-08-31 19:58:17.431] [info]  [api] [HASTE] Started HTTPS Hono Server on port 8443 (Toss Kiosk Mode).
[2026-08-31 19:58:17.433] [debug] [api] [api] event=api.server status=success port=8080 host=0.0.0.0
[2026-08-31 19:58:17.435] [debug] [coffee] [coffee] event=settings.change status=success field=thirdpartyType value=Lilly_(WMF)
[2026-08-31 19:58:17.438] [debug] [coffee] [coffee] event=coffee.socket status=started transport=ws machineName=WMF model=Lilly_(WMF) ip=192.168.10.99 port=25000
[2026-08-31 19:58:17.451] [debug] [coffee] [coffee] event=temperature.change status=success
[2026-08-31 19:58:17.452] [debug] [api] [api] event=did.callback status=ignored reason=local_did_not_open screen=temperature
[2026-08-31 19:58:17.467] [info]  [HASTE DB Save] Settings category "inventory" has been updated and saved to SQLite successfully.
[2026-08-31 19:58:17.471] [info]  [HASTE DB Save] Settings category "inventory" has been updated and saved to SQLite successfully.
[2026-08-31 19:58:17.476] [info]  [serialport] [serialport] event=serialport.connect status=started scope=all
[2026-08-31 19:58:17.480] [info]  [HASTE DB Save] Settings category "inventory" has been updated and saved to SQLite successfully.
[2026-08-31 19:58:17.482] [info]  [HASTE DB Save] Settings category "inventory" has been updated and saved to SQLite successfully.
[2026-08-31 19:58:17.483] [debug] [api] [HASTE Theme Sync] Applied local UI theme: isDark=false
[2026-08-31 19:58:17.489] [debug] [api] [api] event=did.callback status=started target=local screen=main
[2026-08-31 19:58:17.492] [info]  [app] event=app.startup status=success message="subscriptions registered"
[2026-08-31 19:58:17.494] [debug] [task] [task] event=scheduler.change status=success routine=FOAMER_RINSING intervalSec=3600 normalizedIntervalSec=3600
[2026-08-31 19:58:17.500] [debug] [task] [task] event=scheduler.change status=success routine=WARM_RINSING intervalSec=0 normalizedIntervalSec=0
[2026-08-31 19:58:17.507] [debug] [task] [task] event=scheduler.change status=success routine=MIXER_RINSING intervalSec=0 normalizedIntervalSec=0
[2026-08-31 19:58:17.510] [debug] [task] [task] event=scheduler.change status=success routine=ERROR_CHECK intervalSec=1800 normalizedIntervalSec=1800
[2026-08-31 19:58:17.513] [debug] [task] [task] event=scheduler.change status=success routine=ICE_MAKER intervalSec=1800 normalizedIntervalSec=1800
[2026-08-31 19:58:17.515] [debug] [task] [task] event=scheduler.change status=success routine=TEMP_CHECK intervalSec=600 normalizedIntervalSec=600
[2026-08-31 19:58:17.522] [debug] [app] event=scheduler.change status=success routine=license.verify intervalSec=86400
[2026-08-31 19:58:17.523] [info]  [app] event=app.startup status=success message="schedulers registered"
[2026-08-31 19:58:17.525] [info]  [HASTE Guard] enableHasteAgent is false (OFF). Skipping agent bot launch.
[2026-08-31 19:58:17.546] [error] [serialport] [serialport] event=serialport.error status=failed reason=port_error boardName=board1 port=COM6 message="Opening COM6: File not found"
[2026-08-31 19:58:17.553] [error] [serialport] [serialport] event=serialport.error status=failed reason=port_error boardName=board2 port=COM7 message="Opening COM7: File not found"
[2026-08-31 19:58:17.560] [debug] [api] [HASTE DevTools Sync] Current window DevTools opened state: false, Target state: false
[2026-08-31 19:58:17.882] [info]  [HASTE DB Save] Settings category "information" has been updated and saved to SQLite successfully.
[2026-08-31 19:58:17.888] [info]  [HASTE DB Save] Settings category "information" has been updated and saved to SQLite successfully.
[2026-08-31 19:58:17.889] [info]  [app] event=license.verify status=success state=approved storeId=01012345678
[2026-08-31 19:58:22.456] [error] [coffee] [coffee] event=coffee.socket status=failed reason=open_timeout transport=ws machineName=WMF model=Lilly_(WMF) ip=192.168.10.99 port=25000
[2026-08-31 19:58:22.463] [error] [coffee] [coffee] event=coffee.socket status=failed reason=connect_failed transport=ws machineName=WMF model=Lilly_(WMF) ip=192.168.10.99 port=25000
[2026-08-31 19:58:38.561] [error] [coffee] [coffee] event=coffee.socket status=failed reason=ws_error machineName=WMF model=Lilly_(WMF) ip=192.168.10.99 port=25000 message="connect ETIMEDOUT 192.168.10.99:25000"
[2026-08-31 23:07:28.099] [info]  [HASTE DB Load] Loaded settings from SQLite database successfully. StoreName: "김포집", StoreNo: "01012345678", ThemeMode: "Light", isKioskDryRun: "false"
[2026-08-31 23:07:28.527] [info]  [app] event=app.startup status=started appVersion=3.3.1r10 packaged=false
[2026-08-31 23:07:28.590] [info]  [app] event=app.window status=success
[2026-08-31 23:07:28.622] [info]  [app] event=app.tray status=success
[2026-08-31 23:07:28.623] [info]  [app] event=updater.check status=ignored reason=store_managed_distribution
[2026-08-31 23:07:28.629] [info]  [app] event=app.ipc status=success
[2026-08-31 23:07:28.665] [info]  [app] event=task.start status=success
[2026-08-31 23:07:28.667] [debug] [api] [api] event=settings.change status=success port=8080 posStoreNo=01012345678 deviceModelId=D0000
[2026-08-31 23:07:28.672] [info]  [api] [HASTE] Found SSL Certificates at: C:\Users\김성규\Desktop\HASTE-AI\src\cafehaste-client\src\lilly-electron\resources
[2026-08-31 23:07:28.675] [info]  [api] [HASTE] Started HTTP Hono Server on port 8080 (Toss Place HTTP Mode).
[2026-08-31 23:07:28.679] [info]  [api] [HASTE] Started HTTPS Hono Server on port 8443 (Toss Kiosk Mode).
[2026-08-31 23:07:28.682] [debug] [api] [api] event=api.server status=success port=8080 host=0.0.0.0
[2026-08-31 23:07:28.685] [debug] [coffee] [coffee] event=settings.change status=success field=thirdpartyType value=Lilly_(WMF)
[2026-08-31 23:07:28.690] [debug] [coffee] [coffee] event=coffee.socket status=started transport=ws machineName=WMF model=Lilly_(WMF) ip=192.168.10.99 port=25000
[2026-08-31 23:07:28.702] [debug] [coffee] [coffee] event=temperature.change status=success
[2026-08-31 23:07:28.705] [debug] [api] [api] event=did.callback status=ignored reason=local_did_not_open screen=temperature
[2026-08-31 23:07:28.710] [info]  [HASTE DB Save] Settings category "inventory" has been updated and saved to SQLite successfully.
[2026-08-31 23:07:28.713] [info]  [HASTE DB Save] Settings category "inventory" has been updated and saved to SQLite successfully.
[2026-08-31 23:07:28.714] [info]  [serialport] [serialport] event=serialport.connect status=started scope=all
[2026-08-31 23:07:28.719] [info]  [HASTE DB Save] Settings category "inventory" has been updated and saved to SQLite successfully.
[2026-08-31 23:07:28.722] [info]  [HASTE DB Save] Settings category "inventory" has been updated and saved to SQLite successfully.
[2026-08-31 23:07:28.724] [debug] [api] [HASTE Theme Sync] Applied local UI theme: isDark=false
[2026-08-31 23:07:28.727] [debug] [api] [api] event=did.callback status=started target=local screen=main
[2026-08-31 23:07:28.730] [info]  [app] event=app.startup status=success message="subscriptions registered"
[2026-08-31 23:07:28.732] [debug] [task] [task] event=scheduler.change status=success routine=FOAMER_RINSING intervalSec=3600 normalizedIntervalSec=3600
[2026-08-31 23:07:28.736] [debug] [task] [task] event=scheduler.change status=success routine=WARM_RINSING intervalSec=0 normalizedIntervalSec=0
[2026-08-31 23:07:28.739] [debug] [task] [task] event=scheduler.change status=success routine=MIXER_RINSING intervalSec=0 normalizedIntervalSec=0
[2026-08-31 23:07:28.740] [debug] [task] [task] event=scheduler.change status=success routine=ERROR_CHECK intervalSec=1800 normalizedIntervalSec=1800
[2026-08-31 23:07:28.742] [debug] [task] [task] event=scheduler.change status=success routine=ICE_MAKER intervalSec=1800 normalizedIntervalSec=1800
[2026-08-31 23:07:28.744] [debug] [task] [task] event=scheduler.change status=success routine=TEMP_CHECK intervalSec=600 normalizedIntervalSec=600
[2026-08-31 23:07:28.746] [debug] [app] event=scheduler.change status=success routine=license.verify intervalSec=86400
[2026-08-31 23:07:28.746] [info]  [app] event=app.startup status=success message="schedulers registered"
[2026-08-31 23:07:28.750] [info]  [HASTE Guard] enableHasteAgent is false (OFF). Skipping agent bot launch.
[2026-08-31 23:07:28.769] [error] [serialport] [serialport] event=serialport.error status=failed reason=port_error boardName=board1 port=COM6 message="Opening COM6: File not found"
[2026-08-31 23:07:28.773] [error] [serialport] [serialport] event=serialport.error status=failed reason=port_error boardName=board2 port=COM7 message="Opening COM7: File not found"
[2026-08-31 23:07:28.786] [debug] [api] [HASTE DevTools Sync] Current window DevTools opened state: false, Target state: false
[2026-08-31 23:07:29.055] [info]  [HASTE DB Save] Settings category "information" has been updated and saved to SQLite successfully.
[2026-08-31 23:07:29.101] [info]  [HASTE DB Save] Settings category "information" has been updated and saved to SQLite successfully.
[2026-08-31 23:07:29.103] [info]  [app] event=license.verify status=success state=approved storeId=01012345678
[2026-08-31 23:07:33.704] [error] [coffee] [coffee] event=coffee.socket status=failed reason=open_timeout transport=ws machineName=WMF model=Lilly_(WMF) ip=192.168.10.99 port=25000
[2026-08-31 23:07:33.709] [error] [coffee] [coffee] event=coffee.socket status=failed reason=connect_failed transport=ws machineName=WMF model=Lilly_(WMF) ip=192.168.10.99 port=25000
[2026-08-31 23:07:47.608] [info]  [HASTE DB Save] Settings category "information" has been updated and saved to SQLite successfully.
[2026-08-31 23:07:47.617] [debug] [api] [HASTE Theme Sync] Applied local UI theme: isDark=false
[2026-08-31 23:07:47.639] [info]  [HASTE DB Save] Settings category "information" has been updated and saved to SQLite successfully.
[2026-08-31 23:07:47.676] [debug] [api] [HASTE DevTools Sync] Current window DevTools opened state: false, Target state: false
[2026-08-31 23:07:47.990] [info]  [HASTE DB Save] Settings category "information" has been updated and saved to SQLite successfully.
[2026-08-31 23:07:48.240] [info]  [HASTE DB Save] Settings category "information" has been updated and saved to SQLite successfully.
[2026-08-31 23:07:48.247] [info]  [HASTE DB Save] Settings category "information" has been updated and saved to SQLite successfully.
[2026-08-31 23:07:48.249] [info]  [HASTE DB Save] Settings category "information" has been updated and saved to SQLite successfully.
[2026-08-31 23:07:48.252] [info]  [task] [HASTE IPC] Executing executeApplyStandardRecipes (Store Environment Optimized SOT)...
[2026-08-31 23:07:48.275] [info]  [HASTE DB Save] Settings category "menu" has been updated and saved to SQLite successfully.
[2026-08-31 23:07:48.277] [info]  [HASTE DB Save] Settings category "menu" has been updated and saved to SQLite successfully.
[2026-08-31 23:07:48.283] [info]  [HASTE DB Load] Loaded settings from SQLite database successfully. StoreName: "김포집", StoreNo: "01012345678", ThemeMode: "Light", isKioskDryRun: "false"
[2026-08-31 23:07:48.285] [info]  [HASTE DB Reload] Reloaded settingsStore in-memory cache with fresh DB values.
[2026-08-31 23:07:48.286] [info]  [task] [HASTE SOT] Successfully injected standard recipes. Total: 261.
[2026-08-31 23:07:48.290] [warn]  [task] [HASTE SOT] Kiosk DB sync notice: FOREIGN KEY constraint failed
[2026-08-31 23:07:49.794] [error] [coffee] [coffee] event=coffee.socket status=failed reason=ws_error machineName=WMF model=Lilly_(WMF) ip=192.168.10.99 port=25000 message="connect ETIMEDOUT 192.168.10.99:25000"
[2026-08-31 23:07:49.907] [info]  [HASTE DB Save] Settings category "information" has been updated and saved to SQLite successfully.
[2026-08-31 23:07:49.931] [info]  [HASTE DB Save] Settings category "information" has been updated and saved to SQLite successfully.
[2026-08-31 23:07:49.933] [debug] [api] [HASTE Theme Sync] Applied local UI theme: isDark=false
[2026-08-31 23:07:49.937] [info]  [HASTE DB Save] Settings category "information" has been updated and saved to SQLite successfully.
[2026-08-31 23:07:49.991] [debug] [api] [HASTE DevTools Sync] Current window DevTools opened state: false, Target state: false
[2026-08-31 23:07:50.047] [info]  [HASTE DB Save] Settings category "information" has been updated and saved to SQLite successfully.
[2026-08-31 23:07:50.151] [info]  [HASTE DB Save] Settings category "information" has been updated and saved to SQLite successfully.
[2026-08-31 23:07:50.161] [info]  [HASTE DB Save] Settings category "information" has been updated and saved to SQLite successfully.
[2026-08-31 23:07:50.163] [info]  [task] [HASTE IPC] Executing executeApplyStandardRecipes (Store Environment Optimized SOT)...
[2026-08-31 23:07:50.176] [info]  [HASTE DB Save] Settings category "menu" has been updated and saved to SQLite successfully.
[2026-08-31 23:07:50.179] [info]  [HASTE DB Save] Settings category "menu" has been updated and saved to SQLite successfully.
[2026-08-31 23:07:50.190] [info]  [HASTE DB Load] Loaded settings from SQLite database successfully. StoreName: "김포집", StoreNo: "01012345678", ThemeMode: "Light", isKioskDryRun: "false"
[2026-08-31 23:07:50.193] [info]  [HASTE DB Reload] Reloaded settingsStore in-memory cache with fresh DB values.
[2026-08-31 23:07:50.195] [info]  [task] [HASTE SOT] Successfully injected standard recipes. Total: 261.
[2026-08-31 23:07:50.197] [warn]  [task] [HASTE SOT] Kiosk DB sync notice: FOREIGN KEY constraint failed
[2026-08-31 23:07:51.962] [info]  [HASTE DB Save] Settings category "information" has been updated and saved to SQLite successfully.
[2026-08-31 23:07:51.966] [info]  [HASTE DB Save] Settings category "information" has been updated and saved to SQLite successfully.
[2026-08-31 23:07:51.968] [info]  [HASTE DB Save] Settings category "information" has been updated and saved to SQLite successfully.
[2026-08-31 23:07:51.969] [debug] [api] [HASTE Theme Sync] Applied local UI theme: isDark=false
[2026-08-31 23:07:51.972] [info]  [HASTE DB Save] Settings category "information" has been updated and saved to SQLite successfully.
[2026-08-31 23:07:52.030] [debug] [api] [HASTE DevTools Sync] Current window DevTools opened state: false, Target state: false
[2026-08-31 23:07:52.208] [info]  [HASTE DB Save] Settings category "information" has been updated and saved to SQLite successfully.
[2026-08-31 23:07:52.312] [debug] [api] [HASTE Theme Sync] Applied local UI theme: isDark=false
[2026-08-31 23:07:52.315] [info]  [HASTE DB Save] Settings category "information" has been updated and saved to SQLite successfully.
[2026-08-31 23:07:52.377] [debug] [api] [HASTE DevTools Sync] Current window DevTools opened state: false, Target state: false
[2026-08-31 23:07:52.431] [info]  [task] [HASTE IPC] Executing executeApplyStandardRecipes (Store Environment Optimized SOT)...
[2026-08-31 23:07:52.441] [info]  [HASTE DB Save] Settings category "menu" has been updated and saved to SQLite successfully.
[2026-08-31 23:07:52.443] [info]  [HASTE DB Save] Settings category "menu" has been updated and saved to SQLite successfully.
[2026-08-31 23:07:52.449] [info]  [HASTE DB Load] Loaded settings from SQLite database successfully. StoreName: "김포집", StoreNo: "01012345678", ThemeMode: "Light", isKioskDryRun: "false"
[2026-08-31 23:07:52.451] [info]  [HASTE DB Reload] Reloaded settingsStore in-memory cache with fresh DB values.
[2026-08-31 23:07:52.453] [info]  [task] [HASTE SOT] Successfully injected standard recipes. Total: 261.
[2026-08-31 23:07:52.456] [warn]  [task] [HASTE SOT] Kiosk DB sync notice: FOREIGN KEY constraint failed
[2026-08-31 23:07:58.036] [info]  [HASTE DB Save] Settings category "information" has been updated and saved to SQLite successfully.
[2026-08-31 23:07:58.043] [info]  [HASTE DB Save] Settings category "information" has been updated and saved to SQLite successfully.
[2026-08-31 23:07:58.045] [debug] [api] [HASTE Theme Sync] Applied local UI theme: isDark=false
[2026-08-31 23:07:58.047] [info]  [HASTE DB Save] Settings category "information" has been updated and saved to SQLite successfully.
[2026-08-31 23:07:58.107] [debug] [api] [HASTE DevTools Sync] Current window DevTools opened state: false, Target state: false
[2026-08-31 23:07:58.286] [info]  [HASTE DB Save] Settings category "information" has been updated and saved to SQLite successfully.
[2026-08-31 23:07:58.398] [info]  [HASTE DB Save] Settings category "information" has been updated and saved to SQLite successfully.
[2026-08-31 23:07:58.410] [info]  [HASTE DB Save] Settings category "information" has been updated and saved to SQLite successfully.
[2026-08-31 23:07:58.421] [info]  [task] [HASTE IPC] Executing executeApplyStandardRecipes (Store Environment Optimized SOT)...
[2026-08-31 23:07:58.446] [info]  [HASTE DB Save] Settings category "menu" has been updated and saved to SQLite successfully.
[2026-08-31 23:07:58.450] [info]  [HASTE DB Save] Settings category "menu" has been updated and saved to SQLite successfully.
[2026-08-31 23:07:58.458] [info]  [HASTE DB Load] Loaded settings from SQLite database successfully. StoreName: "김포집", StoreNo: "01012345678", ThemeMode: "Light", isKioskDryRun: "false"
[2026-08-31 23:07:58.460] [info]  [HASTE DB Reload] Reloaded settingsStore in-memory cache with fresh DB values.
[2026-08-31 23:07:58.462] [info]  [task] [HASTE SOT] Successfully injected standard recipes. Total: 255.
[2026-08-31 23:07:58.465] [warn]  [task] [HASTE SOT] Kiosk DB sync notice: FOREIGN KEY constraint failed
[2026-08-31 23:07:59.355] [info]  [task] [HASTE Google Sheet Sync] Synchronizing latest SOT directly from Google Sheets...
[2026-08-31 23:08:00.595] [info]  [task] [HASTE Google Sheet Sync] ✅ 실시간 파싱 무결성 100% 검증 통과! (총 794개 레시피, 커피 556개 펄스 정상)
[2026-08-31 23:08:00.603] [info]  [task] [HASTE IPC] Executing executeApplyStandardRecipes (Store Environment Optimized SOT)...
[2026-08-31 23:08:00.614] [info]  [HASTE DB Save] Settings category "menu" has been updated and saved to SQLite successfully.
[2026-08-31 23:08:00.618] [info]  [HASTE DB Save] Settings category "menu" has been updated and saved to SQLite successfully.
[2026-08-31 23:08:00.623] [info]  [HASTE DB Load] Loaded settings from SQLite database successfully. StoreName: "김포집", StoreNo: "01012345678", ThemeMode: "Light", isKioskDryRun: "false"
[2026-08-31 23:08:00.625] [info]  [HASTE DB Reload] Reloaded settingsStore in-memory cache with fresh DB values.
[2026-08-31 23:08:00.626] [info]  [task] [HASTE SOT] Successfully injected standard recipes. Total: 255.
[2026-08-31 23:08:00.627] [warn]  [task] [HASTE SOT] Kiosk DB sync notice: FOREIGN KEY constraint failed
[2026-08-31 23:08:00.633] [info]  [HASTE DB Load] Loaded settings from SQLite database successfully. StoreName: "김포집", StoreNo: "01012345678", ThemeMode: "Light", isKioskDryRun: "false"
[2026-08-31 23:08:00.634] [info]  [HASTE DB Reload] Reloaded settingsStore in-memory cache with fresh DB values.
[2026-08-31 23:08:00.635] [info]  [task] [HASTE Google Sheet Sync] Live sync & local DB injection completed successfully!
[2026-08-31 23:08:00.855] [info]  [HASTE DB Save] Settings category "information" has been updated and saved to SQLite successfully.
[2026-08-31 23:08:00.856] [info]  [HASTE DB Save] Settings category "information" has been updated and saved to SQLite successfully.
[2026-08-31 23:08:00.858] [info]  [HASTE DB Save] Settings category "information" has been updated and saved to SQLite successfully.
[2026-08-31 23:08:01.119] [info]  [HASTE DB Save] Settings category "information" has been updated and saved to SQLite successfully.
[2026-08-31 23:08:01.358] [info]  [HASTE DB Save] Settings category "information" has been updated and saved to SQLite successfully.
[2026-08-31 23:08:05.740] [debug] [api] [HASTE Theme Sync] Applied local UI theme: isDark=false
[2026-08-31 23:08:05.744] [info]  [HASTE DB Save] Settings category "information" has been updated and saved to SQLite successfully.
[2026-08-31 23:08:05.803] [debug] [api] [HASTE DevTools Sync] Current window DevTools opened state: false, Target state: false
[2026-08-31 23:08:05.984] [info]  [HASTE DB Save] Settings category "information" has been updated and saved to SQLite successfully.
[2026-08-31 23:08:06.097] [info]  [HASTE DB Save] Settings category "information" has been updated and saved to SQLite successfully.
[2026-08-31 23:08:06.102] [info]  [HASTE DB Save] Settings category "information" has been updated and saved to SQLite successfully.
[2026-08-31 23:08:06.108] [info]  [HASTE DB Save] Settings category "information" has been updated and saved to SQLite successfully.
[2026-08-31 23:08:06.113] [info]  [HASTE DB Save] Settings category "information" has been updated and saved to SQLite successfully.
[2026-08-31 23:08:06.115] [info]  [task] [HASTE IPC] Executing executeApplyStandardRecipes (Store Environment Optimized SOT)...
[2026-08-31 23:08:06.139] [info]  [HASTE DB Save] Settings category "menu" has been updated and saved to SQLite successfully.
[2026-08-31 23:08:06.142] [info]  [HASTE DB Save] Settings category "menu" has been updated and saved to SQLite successfully.
[2026-08-31 23:08:06.149] [info]  [HASTE DB Load] Loaded settings from SQLite database successfully. StoreName: "김포집", StoreNo: "01012345678", ThemeMode: "Light", isKioskDryRun: "false"
[2026-08-31 23:08:06.151] [info]  [HASTE DB Reload] Reloaded settingsStore in-memory cache with fresh DB values.
[2026-08-31 23:08:06.154] [info]  [task] [HASTE SOT] Successfully injected standard recipes. Total: 255.
[2026-08-31 23:08:06.156] [warn]  [task] [HASTE SOT] Kiosk DB sync notice: FOREIGN KEY constraint failed
[2026-08-31 23:08:12.827] [info]  [task] [HASTE Google Sheet Sync] Synchronizing latest SOT directly from Google Sheets...
[2026-08-31 23:08:13.618] [info]  [task] [HASTE Google Sheet Sync] ✅ 실시간 파싱 무결성 100% 검증 통과! (총 794개 레시피, 커피 556개 펄스 정상)
[2026-08-31 23:08:13.628] [info]  [task] [HASTE IPC] Executing executeApplyStandardRecipes (Store Environment Optimized SOT)...
[2026-08-31 23:08:13.640] [info]  [HASTE DB Save] Settings category "menu" has been updated and saved to SQLite successfully.
[2026-08-31 23:08:13.644] [info]  [HASTE DB Save] Settings category "menu" has been updated and saved to SQLite successfully.
[2026-08-31 23:08:13.648] [info]  [HASTE DB Load] Loaded settings from SQLite database successfully. StoreName: "김포집", StoreNo: "01012345678", ThemeMode: "Light", isKioskDryRun: "false"
[2026-08-31 23:08:13.650] [info]  [HASTE DB Reload] Reloaded settingsStore in-memory cache with fresh DB values.
[2026-08-31 23:08:13.651] [info]  [task] [HASTE SOT] Successfully injected standard recipes. Total: 255.
[2026-08-31 23:08:13.653] [warn]  [task] [HASTE SOT] Kiosk DB sync notice: FOREIGN KEY constraint failed
[2026-08-31 23:08:13.659] [info]  [HASTE DB Load] Loaded settings from SQLite database successfully. StoreName: "김포집", StoreNo: "01012345678", ThemeMode: "Light", isKioskDryRun: "false"
[2026-08-31 23:08:13.661] [info]  [HASTE DB Reload] Reloaded settingsStore in-memory cache with fresh DB values.
[2026-08-31 23:08:13.662] [info]  [task] [HASTE Google Sheet Sync] Live sync & local DB injection completed successfully!
[2026-08-31 23:08:13.757] [info]  [HASTE DB Save] Settings category "information" has been updated and saved to SQLite successfully.
[2026-08-31 23:08:13.759] [info]  [HASTE DB Save] Settings category "information" has been updated and saved to SQLite successfully.
[2026-08-31 23:08:13.761] [info]  [HASTE DB Save] Settings category "information" has been updated and saved to SQLite successfully.