[2026-09-07 00:06:52.894] [info]  [serialport] event=serialport.connect status=started scope=all
[2026-09-07 00:06:52.941] [debug] [serialport] event=serialport.connect status=success boardName=board1 port=COM6
[2026-09-07 00:06:52.945] [debug] [serialport] event=serialport.connect status=success boardName=board2 port=COM7
[2026-09-07 00:06:53.032] [debug] [serialport] event=serialport.packet status=success boardName=board1 length=24 message="bytearray(b'\\x020A1DCP0201A00101A10344\\x03')"
[2026-09-07 00:06:53.085] [debug] [serialport] event=serialport.packet status=success boardName=board1 length=24 message="bytearray(b'\\x020A1DPC0200A00101A00342\\x03')"
[2026-09-07 00:06:53.087] [debug] [serialport] event=serialport.packet.parse status=success boardName=board1 message="{\"isValidStx\":true,\"isValidEtx\":true,\"isValidDst\":true,\"isValidSrc\":true,\"isValidLength\":true,\"fnc\":\"1\",\"act\":\"D\",\"data\":{\"0\":48,\"1\":50,\"2\":48,\"3\":48,\"4\":65,\"5\":48,\"6\":48,\"7\":49,\"8\":48,\"9\":49,\"10\":65,\"11\":48,\"12\":48,\"13\":51,\"14\":52},\"values\":[\"02\",\"00\",\"A0\",\"01\",\"01\",\"A0\",\"03\"],\"part\":{},\"isValidChecksum\":true}"
[2026-09-07 00:06:57.973] [debug] [serialport] event=serialport.packet status=success boardName=board1 length=14 message="bytearray(b'\\x02055DCP300A45\\x03')"
[2026-09-07 00:06:58.072] [debug] [serialport] event=serialport.packet status=success boardName=board1 length=10 message="bytearray(b'\\x02035APC6C\\x03')"
[2026-09-07 00:06:58.074] [debug] [serialport] event=serialport.packet.parse status=success boardName=board1 message="{\"isValidStx\":true,\"isValidEtx\":true,\"isValidDst\":true,\"isValidSrc\":true,\"isValidLength\":true,\"fnc\":\"5\",\"act\":\"A\",\"data\":{\"0\":54},\"values\":[],\"part\":{},\"isValidChecksum\":true}"
[2026-09-07 00:06:58.075] [debug] [serialport] event=serialport.packet.response status=success boardName=board1 functionGroup=5 action=A
[2026-09-07 00:06:58.203] [debug] [serialport] event=serialport.packet status=success boardName=board1 length=14 message="bytearray(b'\\x02055DCP200A44\\x03')"
[2026-09-07 00:06:58.219] [debug] [serialport] event=serialport.packet status=success boardName=board1 length=10 message="bytearray(b'\\x02035APC6C\\x03')"
[2026-09-07 00:06:58.220] [debug] [serialport] event=serialport.packet.parse status=success boardName=board1 message="{\"isValidStx\":true,\"isValidEtx\":true,\"isValidDst\":true,\"isValidSrc\":true,\"isValidLength\":true,\"fnc\":\"5\",\"act\":\"A\",\"data\":{\"0\":54},\"values\":[],\"part\":{},\"isValidChecksum\":true}"
[2026-09-07 00:06:58.221] [debug] [serialport] event=serialport.packet.response status=success boardName=board1 functionGroup=5 action=A
[2026-09-07 00:06:59.153] [debug] [serialport] event=serialport.packet status=success boardName=board1 length=14 message="bytearray(b'\\x02055DCP300034\\x03')"
[2026-09-07 00:06:59.159] [debug] [serialport] event=serialport.packet status=success boardName=board1 length=10 message="bytearray(b'\\x02035APC6C\\x03')"
[2026-09-07 00:06:59.160] [debug] [serialport] event=serialport.packet.parse status=success boardName=board1 message="{\"isValidStx\":true,\"isValidEtx\":true,\"isValidDst\":true,\"isValidSrc\":true,\"isValidLength\":true,\"fnc\":\"5\",\"act\":\"A\",\"data\":{\"0\":54},\"values\":[],\"part\":{},\"isValidChecksum\":true}"
[2026-09-07 00:06:59.162] [debug] [serialport] event=serialport.packet.response status=success boardName=board1 functionGroup=5 action=A
[2026-09-07 00:06:59.250] [debug] [serialport] event=serialport.packet status=success boardName=board1 length=14 message="bytearray(b'\\x02055DCP200033\\x03')"
[2026-09-07 00:06:59.293] [debug] [serialport] event=serialport.packet status=success boardName=board1 length=10 message="bytearray(b'\\x02035APC6C\\x03')"
[2026-09-07 00:06:59.294] [debug] [serialport] event=serialport.packet.parse status=success boardName=board1 message="{\"isValidStx\":true,\"isValidEtx\":true,\"isValidDst\":true,\"isValidSrc\":true,\"isValidLength\":true,\"fnc\":\"5\",\"act\":\"A\",\"data\":{\"0\":54},\"values\":[],\"part\":{},\"isValidChecksum\":true}"
[2026-09-07 00:06:59.296] [debug] [serialport] event=serialport.packet.response status=success boardName=board1 functionGroup=5 action=A
[2026-09-07 00:06:59.375] [debug] [serialport] event=serialport.packet status=success boardName=board1 length=78 message="bytearray(b'\\x02253DCP100020003000400050006000700080009000:000;000<000=000>000?000@000A000CA\\x03')"
[2026-09-07 00:06:59.574] [debug] [serialport] event=serialport.packet status=success boardName=board1 length=90 message="bytearray(b'\\x022B3DPC1000204A3000400050006000700080009000:000;000<000=000>000?000@000A03FB000C000D0007E\\x03')"
[2026-09-07 00:06:59.575] [debug] [serialport] event=serialport.packet.parse status=success boardName=board1 message="{\"isValidStx\":true,\"isValidEtx\":true,\"isValidDst\":true,\"isValidSrc\":true,\"isValidLength\":true,\"fnc\":\"3\",\"act\":\"D\",\"data\":{\"0\":49,\"1\":48,\"2\":48,\"3\":48,\"4\":50,\"5\":48,\"6\":52,\"7\":65,\"8\":51,\"9\":48,\"10\":48,\"11\":48,\"12\":52,\"13\":48,\"14\":48,\"15\":48,\"16\":53,\"17\":48,\"18\":48,\"19\":48,\"20\":54,\"21\":48,\"22\":48,\"23\":48,\"24\":55,\"25\":48,\"26\":48,\"27\":48,\"28\":56,\"29\":48,\"30\":48,\"31\":48,\"32\":57,\"33\":48,\"34\":48,\"35\":48,\"36\":58,\"37\":48,\"38\":48,\"39\":48,\"40\":59,\"41\":48,\"42\":48,\"43\":48,\"44\":60,\"45\":48,\"46\":48,\"47\":48,\"48\":61,\"49\":48,\"50\":48,\"51\":48,\"52\":62,\"53\":48,\"54\":48,\"55\":48,\"56\":63,\"57\":48,\"58\":48,\"59\":48,\"60\":64,..."
[2026-09-07 00:06:59.640] [debug] [serialport] event=serialport.packet status=success boardName=board1 length=14 message="bytearray(b'\\x02055DCP30C84F\\x03')"
[2026-09-07 00:06:59.819] [debug] [serialport] event=serialport.packet status=success boardName=board1 length=10 message="bytearray(b'\\x02035APC6C\\x03')"
[2026-09-07 00:06:59.821] [debug] [serialport] event=serialport.packet.parse status=success boardName=board1 message="{\"isValidStx\":true,\"isValidEtx\":true,\"isValidDst\":true,\"isValidSrc\":true,\"isValidLength\":true,\"fnc\":\"5\",\"act\":\"A\",\"data\":{\"0\":54},\"values\":[],\"part\":{},\"isValidChecksum\":true}"
[2026-09-07 00:06:59.823] [debug] [serialport] event=serialport.packet.response status=success boardName=board1 functionGroup=5 action=A
[2026-09-07 00:06:59.835] [debug] [serialport] event=serialport.packet status=success boardName=board1 length=14 message="bytearray(b'\\x02055DCP20C84E\\x03')"
[2026-09-07 00:06:59.873] [debug] [serialport] event=serialport.packet status=success boardName=board1 length=10 message="bytearray(b'\\x02035APC6C\\x03')"
[2026-09-07 00:06:59.874] [debug] [serialport] event=serialport.packet.parse status=success boardName=board1 message="{\"isValidStx\":true,\"isValidEtx\":true,\"isValidDst\":true,\"isValidSrc\":true,\"isValidLength\":true,\"fnc\":\"5\",\"act\":\"A\",\"data\":{\"0\":54},\"values\":[],\"part\":{},\"isValidChecksum\":true}"
[2026-09-07 00:06:59.874] [debug] [serialport] event=serialport.packet.response status=success boardName=board1 functionGroup=5 action=A
[2026-09-07 00:07:00.005] [debug] [serialport] event=serialport.packet status=success boardName=board1 length=10 message="bytearray(b'\\x02033QCP7A\\x03')"