[2026-10-08 00:31:16.915] [info]  [TOSS RAW ORDER] orderId=763061222240527095, items=[{"name":"바닐라라떼","productNo":"17033258","options":[{"optionCode":"1794776","optionName":"ICE","price":0,"quantity":1}]}]
[2026-10-08 00:31:16.926] [info]  [TOSS ITEM RESOLVED] orderId=763061222240527095, item="바닐라라떼" (17033258) | rawOptions=[{"optionCode":"1794776","optionName":"ICE","price":0,"quantity":1}] ➔ resolved="ICE 바닐라라떼 (시그니처)" (GSI2003) steps={"step1":["CUP","ICE"],"step2":["COFFEE",60],"step3":["ICE",5000],"step4":["COLD_MILK",120],"step5":["바닐라",35]}
[2026-10-08 00:31:50.903] [info]  [toss] event=order.completed status=success source=toss virtual=on mode=order orderId=763061222240527095 bill=763061222240527095 menuCount=1
[2026-10-08 00:32:23.885] [info]  [TOSS RAW ORDER] orderId=763061503812532376, items=[{"name":"바닐라라떼","productNo":"17033258","options":[{"optionCode":"1794775","optionName":"HOT","price":0,"quantity":1}]}]
[2026-10-08 00:32:23.894] [info]  [TOSS ITEM RESOLVED] orderId=763061503812532376, item="바닐라라떼" (17033258) | rawOptions=[{"optionCode":"1794775","optionName":"HOT","price":0,"quantity":1}] ➔ resolved="HOT 바닐라라떼 (시그니처)" (GSH2003) steps={"step1":["CUP","HOT"],"step2":["COFFEE",60],"step3":["HOT_MILK","240"],"step4":["바닐라","35"]}
[2026-10-08 00:32:45.832] [info]  [manual] event=order.received status=success source=manual virtual=on mode=test orderId=BULK-TEST-1791387165509 bill=0000 menuCount=1 mappings=[{"baseCode":"GSI2003","recipeCode":"GSI2003","matchedMenuName":"ICED_바닐라라떼(시그니처)","stepsSummary":"CUP:ICE,_COFFEE:61,_ICE:5000,_COLD_MILK:140,_바닐라:35,_NONE:NONE,_NONE:NONE,_NONE:NONE,_NONE:NONE,_NONE:NONE"}] isTestBrew=true
[2026-10-08 00:33:19.386] [info]  [TOSS RAW ORDER] orderId=763061731164793147, items=[{"name":"아메리카노","productNo":"17033250","options":[{"optionCode":"1794775","optionName":"HOT","price":0,"quantity":1}]}]
[2026-10-08 00:33:19.395] [info]  [TOSS ITEM RESOLVED] orderId=763061731164793147, item="아메리카노" (17033250) | rawOptions=[{"optionCode":"1794775","optionName":"HOT","price":0,"quantity":1}] ➔ resolved="HOT 아메리카노 (시그니처)" (GSH1002) steps={"step1":["CUP","HOT"],"step2":["COFFEE","60"],"step3":["HOT","240"],"options":[{"name":"아이스","code":"IC","group":"온도","price":0}]}
[2026-10-08 00:34:07.921] [info]  [TOSS RAW ORDER] orderId=763061939411980471, items=[{"name":"카페라떼","productNo":"17033256","options":[{"optionCode":"1794776","optionName":"ICE","price":0,"quantity":1}]}]
[2026-10-08 00:34:07.926] [info]  [TOSS ITEM RESOLVED] orderId=763061939411980471, item="카페라떼" (17033256) | rawOptions=[{"optionCode":"1794776","optionName":"ICE","price":0,"quantity":1}] ➔ resolved="ICE 카페라떼 (시그니처)" (GSI2001) steps={"step1":["CUP","ICE"],"step2":["COFFEE",60],"step3":["ICE","5000"],"step4":["COLD_MILK","160"]}
[2026-10-08 00:34:49.349] [info]  [TOSS RAW ORDER] orderId=763062111143558737, items=[{"name":"카페라떼","productNo":"17033256","options":[{"optionCode":"1794775","optionName":"HOT","price":0,"quantity":1}]},{"name":"카페라떼","productNo":"17033256","options":[{"optionCode":"1794776","optionName":"ICE","price":0,"quantity":1}]}]
[2026-10-08 00:34:49.357] [info]  [TOSS ITEM RESOLVED] orderId=763062111143558737, item="카페라떼" (17033256) | rawOptions=[{"optionCode":"1794775","optionName":"HOT","price":0,"quantity":1}] ➔ resolved="HOT 카페라떼 (시그니처)" (GSH2001) steps={"step1":["CUP","HOT"],"step2":["COFFEE",60],"step3":["HOT_MILK","260"]}
[2026-10-08 00:34:49.364] [info]  [TOSS ITEM RESOLVED] orderId=763062111143558737, item="카페라떼" (17033256) | rawOptions=[{"optionCode":"1794776","optionName":"ICE","price":0,"quantity":1}] ➔ resolved="ICE 카페라떼 (시그니처)" (GSI2001) steps={"step1":["CUP","ICE"],"step2":["COFFEE",60],"step3":["ICE","5000"],"step4":["COLD_MILK","160"]}
[2026-10-08 00:35:47.230] [error] [manual] event=order.failed status=failed stage=HARDWARE source=manual virtual=on mode=test orderId=BULK-TEST-1791387165509 bill=0000 menuCount=1 error=HW물리검증_실패:_Timeout_has_occurred
[2026-10-08 00:37:48.805] [info]  [manual] event=order.received status=success source=manual virtual=on mode=test orderId=INSTANT-1791387468462 bill=0000 menuCount=1 mappings=[{"baseCode":"GSI2003","recipeCode":"GSI2003","matchedMenuName":"ICED_바닐라라떼(시그니처)","stepsSummary":"CUP:ICE,_COFFEE:61,_ICE:5000,_COLD_MILK:140,_바닐라:35,_NONE:NONE,_NONE:NONE,_NONE:NONE,_NONE:NONE,_NONE:NONE"}] isTestBrew=true
[2026-10-08 00:38:01.563] [info]  [manual] event=order.received status=success source=manual virtual=on mode=test orderId=INSTANT-1791387481556 bill=0000 menuCount=1 mappings=[{"baseCode":"GSH2003","recipeCode":"GSH2003","matchedMenuName":"HOT_바닐라라떼_(시그니처)","stepsSummary":"CUP:HOT,_COFFEE:60,_HOT_MILK:240,_바닐라:35,_NONE:NONE,_NONE:NONE,_NONE:NONE,_NONE:NONE,_NONE:NONE,_NONE:NONE"}] isTestBrew=true
[2026-10-08 00:38:09.344] [info]  [manual] event=order.received status=success source=manual virtual=on mode=test orderId=INSTANT-1791387488942 bill=0000 menuCount=1 mappings=[{"baseCode":"GPI2003","recipeCode":"GPI2003","matchedMenuName":"ICED_바닐라라떼(스페셜티)","stepsSummary":"CUP:ICE,_COFFEE:61,_ICE:5000,_COLD_MILK:120,_바닐라:35,_NONE:NONE,_NONE:NONE,_NONE:NONE,_NONE:NONE,_NONE:NONE"}] isTestBrew=true
[2026-10-08 00:38:47.475] [error] [toss] event=order.failed status=failed stage=HARDWARE source=toss virtual=on mode=order orderId=763061731164793147 bill=763061731164793147 menuCount=1 error=HW물리검증_실패:_Timeout_has_occurred
[2026-10-08 00:39:13.693] [info]  [manual] event=order.received status=success source=manual virtual=on mode=test orderId=INSTANT-1791387553301 bill=0000 menuCount=1 mappings=[{"baseCode":"GSI2003","recipeCode":"GSI2003","matchedMenuName":"ICED_바닐라라떼(시그니처)","stepsSummary":"CUP:ICE,_COFFEE:61,_ICE:5000,_COLD_MILK:140,_바닐라:35,_NONE:NONE,_NONE:NONE,_NONE:NONE,_NONE:NONE,_NONE:NONE"}] isTestBrew=true
[2026-10-08 00:39:19.648] [info]  [manual] event=order.received status=success source=manual virtual=on mode=test orderId=INSTANT-1791387559641 bill=0000 menuCount=1 mappings=[{"baseCode":"GSI2001","recipeCode":"GSI2001","matchedMenuName":"ICE_카페라떼_(시그니처)","stepsSummary":"CUP:ICE,_COFFEE:60,_ICE:5000,_COLD_MILK:160,_NONE:NONE,_NONE:NONE,_NONE:NONE,_NONE:NONE,_NONE:NONE,_NONE:NONE"}] isTestBrew=true
[2026-10-08 00:39:25.184] [info]  [manual] event=order.received status=success source=manual virtual=on mode=test orderId=INSTANT-1791387565180 bill=0000 menuCount=1 mappings=[{"baseCode":"GSI1002","recipeCode":"GSI1002","matchedMenuName":"ICE_아메리카노_(시그니처)","stepsSummary":"CUP:ICE,_COFFEE:60,_ICE:5000,_COLD:120,_NONE:NONE,_NONE:NONE,_NONE:NONE,_NONE:NONE,_NONE:NONE,_NONE:NONE"}] isTestBrew=true
[2026-10-08 00:40:03.514] [info]  [TOSS RAW ORDER] orderId=763063426364055516, items=[{"name":"카페라떼","productNo":"17033256","options":[{"optionCode":"1794776","optionName":"ICE","price":0,"quantity":1}]},{"name":"카페라떼","productNo":"17033256","options":[{"optionCode":"1794775","optionName":"HOT","price":0,"quantity":1}]},{"name":"더블아샷추","productNo":"17033254","options":[]},{"name":"아샷추","productNo":"17033252","options":[]},{"name":"아메리카노","productNo":"17033250","options":[{"optionCode":"1794775","optionName":"HOT","price":0,"quantity":1}]},{"name":"아메리카노","productNo":"17033250","options":[{"optionCode":"1794776","optionName":"ICE","price":0,"quantity":1}]}]
[2026-10-08 00:40:03.521] [info]  [TOSS ITEM RESOLVED] orderId=763063426364055516, item="카페라떼" (17033256) | rawOptions=[{"optionCode":"1794776","optionName":"ICE","price":0,"quantity":1}] ➔ resolved="ICE 카페라떼 (시그니처)" (GSI2001) steps={"step1":["CUP","ICE"],"step2":["COFFEE",60],"step3":["ICE","5000"],"step4":["COLD_MILK","160"]}
[2026-10-08 00:40:03.529] [info]  [TOSS ITEM RESOLVED] orderId=763063426364055516, item="카페라떼" (17033256) | rawOptions=[{"optionCode":"1794775","optionName":"HOT","price":0,"quantity":1}] ➔ resolved="HOT 카페라떼 (시그니처)" (GSH2001) steps={"step1":["CUP","HOT"],"step2":["COFFEE",60],"step3":["HOT_MILK","260"]}
[2026-10-08 00:40:03.543] [info]  [TOSS ITEM RESOLVED] orderId=763063426364055516, item="더블아샷추" (17033254) | rawOptions=[] ➔ resolved="ICE 더블아샷추 (시그니처)" (GSI1004) steps={"step1":["CUP","ICE"],"step2":["COFFEE",30],"step3":["ICE","5000"],"step4":["COLD","105"],"step5":["복숭아","45"]}
[2026-10-08 00:40:03.550] [info]  [TOSS ITEM RESOLVED] orderId=763063426364055516, item="아샷추" (17033252) | rawOptions=[] ➔ resolved="ICE 아샷추 (시그니처)" (GSI1003) steps={"step1":["CUP","ICE"],"step2":["COFFEE",30],"step3":["ICE","5000"],"step4":["COLD","105"],"step5":["복숭아","45"]}
[2026-10-08 00:40:03.562] [info]  [TOSS ITEM RESOLVED] orderId=763063426364055516, item="아메리카노" (17033250) | rawOptions=[{"optionCode":"1794775","optionName":"HOT","price":0,"quantity":1}] ➔ resolved="HOT 아메리카노 (시그니처)" (GSH1002) steps={"step1":["CUP","HOT"],"step2":["COFFEE","60"],"step3":["HOT","240"],"options":[{"name":"아이스","code":"IC","group":"온도","price":0}]}
[2026-10-08 00:40:03.568] [info]  [TOSS ITEM RESOLVED] orderId=763063426364055516, item="아메리카노" (17033250) | rawOptions=[{"optionCode":"1794776","optionName":"ICE","price":0,"quantity":1}] ➔ resolved="ICE 아메리카노 (시그니처)" (GSI1002) steps={"step1":["CUP","ICE"],"step2":["COFFEE",60],"step3":["ICE","5000"],"step4":["COLD","120"]}
[2026-10-08 00:40:30.306] [info]  [TOSS RAW ORDER] orderId=763063541912929935, items=[{"name":"아메리카노","productNo":"17033250","options":[{"optionCode":"1794775","optionName":"HOT","price":0,"quantity":1}]}]
[2026-10-08 00:40:30.311] [info]  [TOSS ITEM RESOLVED] orderId=763063541912929935, item="아메리카노" (17033250) | rawOptions=[{"optionCode":"1794775","optionName":"HOT","price":0,"quantity":1}] ➔ resolved="HOT 아메리카노 (시그니처)" (GSH1002) steps={"step1":["CUP","HOT"],"step2":["COFFEE","60"],"step3":["HOT","240"],"options":[{"name":"아이스","code":"IC","group":"온도","price":0}]}
[2026-10-08 00:41:47.307] [error] [manual] event=order.failed status=failed stage=HARDWARE source=manual virtual=on mode=test orderId=INSTANT-1791387468462 bill=0000 menuCount=1 error=HW물리검증_실패:_Timeout_has_occurred
[2026-10-08 00:42:52.710] [info]  [manual] event=order.completed status=success source=manual virtual=on mode=test orderId=INSTANT-1791387481556 bill=0000 menuCount=1
[2026-10-08 00:43:00.743] [info]  [manual] event=order.completed status=success source=manual virtual=on mode=test orderId=INSTANT-1791387488942 bill=0000 menuCount=1
[2026-10-08 00:43:08.950] [info]  [manual] event=order.completed status=success source=manual virtual=on mode=test orderId=INSTANT-1791387553301 bill=0000 menuCount=1
[2026-10-08 00:43:23.315] [info]  [manual] event=order.completed status=success source=manual virtual=on mode=test orderId=INSTANT-1791387559641 bill=0000 menuCount=1
[2026-10-08 00:43:31.568] [info]  [manual] event=order.completed status=success source=manual virtual=on mode=test orderId=INSTANT-1791387565180 bill=0000 menuCount=1
[2026-10-08 00:43:39.111] [info]  [toss] event=order.completed status=success source=toss virtual=on mode=order orderId=763063426364055516 bill=763063426364055516 menuCount=1
[2026-10-08 00:43:46.054] [info]  [toss] event=order.completed status=success source=toss virtual=on mode=order orderId=763063541912929935 bill=763063541912929935 menuCount=1
[2026-10-08 00:44:09.812] [info]  [manual] event=order.received status=success source=manual virtual=on mode=test orderId=INSTANT-1791387849492 bill=0000 menuCount=1 mappings=[{"baseCode":"GSH2001","recipeCode":"GSH2001","matchedMenuName":"HOT_카페라떼_(시그니처)","stepsSummary":"CUP:HOT,_COFFEE:60,_HOT_MILK:260,_NONE:NONE,_NONE:NONE,_NONE:NONE,_NONE:NONE,_NONE:NONE,_NONE:NONE,_NONE:NONE"}] isTestBrew=true
[2026-10-08 00:44:19.239] [info]  [manual] event=order.completed status=success source=manual virtual=on mode=test orderId=INSTANT-1791387849492 bill=0000 menuCount=1
[2026-10-08 00:44:27.309] [info]  [manual] event=order.received status=success source=manual virtual=on mode=test orderId=INSTANT-1791387867294 bill=0000 menuCount=1 mappings=[{"baseCode":"GSH2003","recipeCode":"GSH2003","matchedMenuName":"HOT_바닐라라떼_(시그니처)","stepsSummary":"CUP:HOT,_COFFEE:60,_HOT_MILK:240,_바닐라:35,_NONE:NONE,_NONE:NONE,_NONE:NONE,_NONE:NONE,_NONE:NONE,_NONE:NONE"}] isTestBrew=true
[2026-10-08 00:44:41.456] [info]  [manual] event=order.completed status=success source=manual virtual=on mode=test orderId=INSTANT-1791387867294 bill=0000 menuCount=1
[2026-10-08 00:45:12.402] [info]  [TOSS RAW ORDER] orderId=763064722651445150, items=[{"name":"아메리카노","productNo":"17033250","options":[{"optionCode":"1794775","optionName":"HOT","price":0,"quantity":1}]}]
[2026-10-08 00:45:12.410] [info]  [TOSS ITEM RESOLVED] orderId=763064722651445150, item="아메리카노" (17033250) | rawOptions=[{"optionCode":"1794775","optionName":"HOT","price":0,"quantity":1}] ➔ resolved="HOT 아메리카노 (시그니처)" (GSH1002) steps={"step1":["CUP","HOT"],"step2":["COFFEE","60"],"step3":["HOT","240"],"options":[{"name":"아이스","code":"IC","group":"온도","price":0}]}
[2026-10-08 00:45:33.939] [info]  [TOSS RAW ORDER] orderId=763064793908477975, items=[{"name":"아메리카노","productNo":"17033250","options":[{"optionCode":"1794776","optionName":"ICE","price":0,"quantity":1}]}]
[2026-10-08 00:45:33.948] [info]  [TOSS ITEM RESOLVED] orderId=763064793908477975, item="아메리카노" (17033250) | rawOptions=[{"optionCode":"1794776","optionName":"ICE","price":0,"quantity":1}] ➔ resolved="ICE 아메리카노 (시그니처)" (GSI1002) steps={"step1":["CUP","ICE"],"step2":["COFFEE",60],"step3":["ICE","5000"],"step4":["COLD","120"]}
[2026-10-08 00:45:41.348] [info]  [toss] event=order.completed status=success source=toss virtual=on mode=order orderId=763064722651445150 bill=763064722651445150 menuCount=1
[2026-10-08 00:46:25.305] [info]  [TOSS RAW ORDER] orderId=763065028751761456, items=[{"name":"아메리카노","productNo":"17033250","options":[{"optionCode":"1794776","optionName":"ICE","price":0,"quantity":1}]}]
[2026-10-08 00:46:25.310] [info]  [TOSS ITEM RESOLVED] orderId=763065028751761456, item="아메리카노" (17033250) | rawOptions=[{"optionCode":"1794776","optionName":"ICE","price":0,"quantity":1}] ➔ resolved="ICE 아메리카노 (시그니처)" (GSI1002) steps={"step1":["CUP","ICE"],"step2":["COFFEE",60],"step3":["ICE","5000"],"step4":["COLD","120"]}
[2026-10-08 00:46:46.299] [info]  [TOSS RAW ORDER] orderId=763065115276057282, items=[{"name":"아메리카노","productNo":"17033250","options":[{"optionCode":"1794776","optionName":"ICE","price":0,"quantity":1}]}]
[2026-10-08 00:46:46.305] [info]  [TOSS ITEM RESOLVED] orderId=763065115276057282, item="아메리카노" (17033250) | rawOptions=[{"optionCode":"1794776","optionName":"ICE","price":0,"quantity":1}] ➔ resolved="ICE 아메리카노 (시그니처)" (GSI1002) steps={"step1":["CUP","ICE"],"step2":["COFFEE",60],"step3":["ICE","5000"],"step4":["COLD","120"]}
[2026-10-08 00:47:25.285] [info]  [TOSS RAW ORDER] orderId=763065279193642639, items=[{"name":"아메리카노","productNo":"17033250","options":[{"optionCode":"1794776","optionName":"ICE","price":0,"quantity":1}]}]
[2026-10-08 00:47:25.292] [info]  [TOSS ITEM RESOLVED] orderId=763065279193642639, item="아메리카노" (17033250) | rawOptions=[{"optionCode":"1794776","optionName":"ICE","price":0,"quantity":1}] ➔ resolved="ICE 아메리카노 (시그니처)" (GSI1002) steps={"step1":["CUP","ICE"],"step2":["COFFEE",60],"step3":["ICE","5000"],"step4":["COLD","120"]}
[2026-10-08 00:47:37.282] [info]  [TOSS RAW ORDER] orderId=763065331496617688, items=[{"name":"아샷추","productNo":"17033252","options":[]}]
[2026-10-08 00:47:37.288] [info]  [TOSS ITEM RESOLVED] orderId=763065331496617688, item="아샷추" (17033252) | rawOptions=[] ➔ resolved="ICE 아샷추 (시그니처)" (GSI1003) steps={"step1":["CUP","ICE"],"step2":["COFFEE",30],"step3":["ICE","5000"],"step4":["COLD","105"],"step5":["복숭아","45"]}
[2026-10-08 00:49:57.401] [info]  [TOSS RAW ORDER] orderId=763065917180835661, items=[{"name":"카페라떼","productNo":"17033256","options":[{"optionCode":"1794775","optionName":"HOT","price":0,"quantity":1}]}]
[2026-10-08 00:49:57.409] [info]  [TOSS ITEM RESOLVED] orderId=763065917180835661, item="카페라떼" (17033256) | rawOptions=[{"optionCode":"1794775","optionName":"HOT","price":0,"quantity":1}] ➔ resolved="HOT 카페라떼 (시그니처)" (GSH2001) steps={"step1":["CUP","HOT"],"step2":["COFFEE",60],"step3":["HOT_MILK","260"]}
[2026-10-08 00:51:18.300] [info]  [TOSS RAW ORDER] orderId=763066256634258607, items=[{"name":"초코밀크티","productNo":"17033284","options":[{"optionCode":"1794775","optionName":"HOT","price":0,"quantity":1}]}]
[2026-10-08 00:51:18.308] [info]  [TOSS ITEM RESOLVED] orderId=763066256634258607, item="초코밀크티" (17033284) | rawOptions=[{"optionCode":"1794775","optionName":"HOT","price":0,"quantity":1}] ➔ resolved="HOT 초코밀크티" (GMH3005) steps={"step1":["CUP","HOT"],"step2":["HOT_MILK","260"],"step3":["얼그레이","40"],"step4":["초코","30"]}
[2026-10-08 00:51:34.093] [info]  [toss] event=order.completed status=success source=toss virtual=on mode=order orderId=763066256634258607 bill=763066256634258607 menuCount=1
[2026-10-08 00:51:49.720] [info]  [TOSS RAW ORDER] orderId=763066387442009656, items=[{"name":"헤이즐넛라떼","productNo":"17033260","options":[{"optionCode":"1794775","optionName":"HOT","price":0,"quantity":1}]}]
[2026-10-08 00:51:49.730] [info]  [TOSS ITEM RESOLVED] orderId=763066387442009656, item="헤이즐넛라떼" (17033260) | rawOptions=[{"optionCode":"1794775","optionName":"HOT","price":0,"quantity":1}] ➔ resolved="HOT 헤이즐넛라떼 (시그니처)" (GSH2004) steps={"step1":["CUP","HOT"],"step2":["COFFEE",60],"step3":["HOT_MILK","240"],"step4":["헤이즐넛","35"]}
[2026-10-08 00:52:05.463] [info]  [TOSS RAW ORDER] orderId=763066455746255147, items=[{"name":"아메리카노","productNo":"17033250","options":[{"optionCode":"1794776","optionName":"ICE","price":0,"quantity":1}]}]
[2026-10-08 00:52:05.477] [info]  [TOSS ITEM RESOLVED] orderId=763066455746255147, item="아메리카노" (17033250) | rawOptions=[{"optionCode":"1794776","optionName":"ICE","price":0,"quantity":1}] ➔ resolved="ICE 아메리카노 (시그니처)" (GSI1002) steps={"step1":["CUP","ICE"],"step2":["COFFEE",60],"step3":["ICE","5000"],"step4":["COLD","120"]}
[2026-10-08 01:00:03.218] [info]  [TOSS RAW ORDER] orderId=763068326430996112, items=[{"name":"아메리카노","productNo":"17033250","options":[{"optionCode":"1794775","optionName":"HOT","price":0,"quantity":1}]}]
[2026-10-08 01:00:03.223] [info]  [TOSS ITEM RESOLVED] orderId=763068326430996112, item="아메리카노" (17033250) | rawOptions=[{"optionCode":"1794775","optionName":"HOT","price":0,"quantity":1}] ➔ resolved="HOT 아메리카노 (시그니처)" (GSH1002) steps={"step1":["CUP","HOT"],"step2":["COFFEE","60"],"step3":["HOT","240"],"options":[{"name":"아이스","code":"IC","group":"온도","price":0}]}
[2026-10-08 01:00:13.897] [info]  [toss] event=order.completed status=success source=toss virtual=on mode=order orderId=763068326430996112 bill=763068326430996112 menuCount=1
[2026-10-08 01:00:21.295] [info]  [TOSS RAW ORDER] orderId=763068402570198322, items=[{"name":"아메리카노","productNo":"17033250","options":[{"optionCode":"1794776","optionName":"ICE","price":0,"quantity":1}]}]
[2026-10-08 01:00:21.303] [info]  [TOSS ITEM RESOLVED] orderId=763068402570198322, item="아메리카노" (17033250) | rawOptions=[{"optionCode":"1794776","optionName":"ICE","price":0,"quantity":1}] ➔ resolved="ICE 아메리카노 (시그니처)" (GSI1002) steps={"step1":["CUP","ICE"],"step2":["COFFEE",60],"step3":["ICE","5000"],"step4":["COLD","120"]}
[2026-10-08 01:00:30.117] [info]  [toss] event=order.completed status=success source=toss virtual=on mode=order orderId=763068402570198322 bill=763068402570198322 menuCount=1
[2026-10-08 01:00:35.405] [info]  [TOSS RAW ORDER] orderId=763068461424671529, items=[{"name":"아샷추","productNo":"17033252","options":[]}]
[2026-10-08 01:00:35.412] [info]  [TOSS ITEM RESOLVED] orderId=763068461424671529, item="아샷추" (17033252) | rawOptions=[] ➔ resolved="ICE 아샷추 (시그니처)" (GSI1003) steps={"step1":["CUP","ICE"],"step2":["COFFEE",30],"step3":["ICE","5000"],"step4":["COLD","105"],"step5":["복숭아","45"]}
[2026-10-08 01:01:00.705] [info]  [toss] event=order.completed status=success source=toss virtual=on mode=order orderId=763068461424671529 bill=763068461424671529 menuCount=1
[2026-10-08 01:01:09.927] [info]  [TOSS RAW ORDER] orderId=763068609617832334, items=[{"name":"카페라떼","productNo":"17033256","options":[{"optionCode":"1794775","optionName":"HOT","price":0,"quantity":1}]},{"name":"더블아샷추","productNo":"17033254","options":[]}]
[2026-10-08 01:01:09.932] [info]  [TOSS ITEM RESOLVED] orderId=763068609617832334, item="카페라떼" (17033256) | rawOptions=[{"optionCode":"1794775","optionName":"HOT","price":0,"quantity":1}] ➔ resolved="HOT 카페라떼 (시그니처)" (GSH2001) steps={"step1":["CUP","HOT"],"step2":["COFFEE",60],"step3":["HOT_MILK","260"]}
[2026-10-08 01:01:09.935] [info]  [TOSS ITEM RESOLVED] orderId=763068609617832334, item="더블아샷추" (17033254) | rawOptions=[] ➔ resolved="ICE 더블아샷추 (시그니처)" (GSI1004) steps={"step1":["CUP","ICE"],"step2":["COFFEE",30],"step3":["ICE","5000"],"step4":["COLD","105"],"step5":["복숭아","45"]}
[2026-10-08 01:01:28.302] [info]  [toss] event=order.completed status=success source=toss virtual=on mode=order orderId=763068609617832334 bill=763068609617832334 menuCount=2
[2026-10-08 01:01:39.229] [info]  [TOSS RAW ORDER] orderId=763068728668950553, items=[{"name":"카페라떼","productNo":"17033256","options":[{"optionCode":"1794776","optionName":"ICE","price":0,"quantity":1}]}]
[2026-10-08 01:01:39.236] [info]  [TOSS ITEM RESOLVED] orderId=763068728668950553, item="카페라떼" (17033256) | rawOptions=[{"optionCode":"1794776","optionName":"ICE","price":0,"quantity":1}] ➔ resolved="ICE 카페라떼 (시그니처)" (GSI2001) steps={"step1":["CUP","ICE"],"step2":["COFFEE",60],"step3":["ICE","5000"],"step4":["COLD_MILK","160"]}
[2026-10-08 01:01:47.925] [info]  [toss] event=order.completed status=success source=toss virtual=on mode=order orderId=763068728668950553 bill=763068728668950553 menuCount=1
[2026-10-08 01:01:53.177] [info]  [TOSS RAW ORDER] orderId=763068790643991199, items=[{"name":"바닐라라떼","productNo":"17033258","options":[{"optionCode":"1794776","optionName":"ICE","price":0,"quantity":1}]},{"name":"바닐라라떼","productNo":"17033258","options":[{"optionCode":"1794775","optionName":"HOT","price":0,"quantity":1}]}]
[2026-10-08 01:01:53.185] [info]  [TOSS ITEM RESOLVED] orderId=763068790643991199, item="바닐라라떼" (17033258) | rawOptions=[{"optionCode":"1794776","optionName":"ICE","price":0,"quantity":1}] ➔ resolved="ICE 바닐라라떼 (시그니처)" (GSI2003) steps={"step1":["CUP","ICE"],"step2":["COFFEE",60],"step3":["ICE",5000],"step4":["COLD_MILK",120],"step5":["바닐라",35]}
[2026-10-08 01:01:53.189] [info]  [TOSS ITEM RESOLVED] orderId=763068790643991199, item="바닐라라떼" (17033258) | rawOptions=[{"optionCode":"1794775","optionName":"HOT","price":0,"quantity":1}] ➔ resolved="HOT 바닐라라떼 (시그니처)" (GSH2003) steps={"step1":["CUP","HOT"],"step2":["COFFEE",60],"step3":["HOT_MILK","240"],"step4":["바닐라","35"]}
[2026-10-08 01:02:10.877] [info]  [toss] event=order.completed status=success source=toss virtual=on mode=order orderId=763068790643991199 bill=763068790643991199 menuCount=2
[2026-10-08 01:02:21.167] [info]  [TOSS RAW ORDER] orderId=763068908264858007, items=[{"name":"헤이즐넛라떼","productNo":"17033260","options":[{"optionCode":"1794776","optionName":"ICE","price":0,"quantity":1}]},{"name":"헤이즐넛라떼","productNo":"17033260","options":[{"optionCode":"1794775","optionName":"HOT","price":0,"quantity":1}]}]
[2026-10-08 01:02:21.170] [info]  [TOSS ITEM RESOLVED] orderId=763068908264858007, item="헤이즐넛라떼" (17033260) | rawOptions=[{"optionCode":"1794776","optionName":"ICE","price":0,"quantity":1}] ➔ resolved="ICE 헤이즐넛라떼 (시그니처)" (GSI2004) steps={"step1":["CUP","ICE"],"step2":["COFFEE",60],"step3":["ICE",5000],"step4":["COLD_MILK",120],"step5":["헤이즐넛",35]}
[2026-10-08 01:02:21.174] [info]  [TOSS ITEM RESOLVED] orderId=763068908264858007, item="헤이즐넛라떼" (17033260) | rawOptions=[{"optionCode":"1794775","optionName":"HOT","price":0,"quantity":1}] ➔ resolved="HOT 헤이즐넛라떼 (시그니처)" (GSH2004) steps={"step1":["CUP","HOT"],"step2":["COFFEE",60],"step3":["HOT_MILK","240"],"step4":["헤이즐넛","35"]}
[2026-10-08 01:02:40.942] [info]  [toss] event=order.completed status=success source=toss virtual=on mode=order orderId=763068908264858007 bill=763068908264858007 menuCount=2
[2026-10-08 01:02:56.046] [info]  [TOSS RAW ORDER] orderId=763069053576512557, items=[{"name":"카페모카","productNo":"17033264","options":[{"optionCode":"1794776","optionName":"ICE","price":0,"quantity":1}]},{"name":"카페모카","productNo":"17033264","options":[{"optionCode":"1794775","optionName":"HOT","price":0,"quantity":1}]},{"name":"카라멜마끼아또","productNo":"17033262","options":[{"optionCode":"1794776","optionName":"ICE","price":0,"quantity":1}]},{"name":"카라멜마끼아또","productNo":"17033262","options":[{"optionCode":"1794775","optionName":"HOT","price":0,"quantity":1}]}]
[2026-10-08 01:02:56.057] [info]  [TOSS ITEM RESOLVED] orderId=763069053576512557, item="카페모카" (17033264) | rawOptions=[{"optionCode":"1794776","optionName":"ICE","price":0,"quantity":1}] ➔ resolved="ICE 카페모카 (시그니처)" (GSI2006) steps={"step1":["CUP","ICE"],"step2":["COFFEE","60"],"step3":["ICE","5000"],"step4":["COLD_MILK","140"],"step5":["초코","30"],"options":[{"group":"온도","name":"아이스","code":"IC","price":0},{"name":"연하게","code":"LT","group":"SHOT","price":0},{"name":"샷추가","code":"1S","group":"SHOT","price":500}]}
[2026-10-08 01:02:56.065] [info]  [TOSS ITEM RESOLVED] orderId=763069053576512557, item="카페모카" (17033264) | rawOptions=[{"optionCode":"1794775","optionName":"HOT","price":0,"quantity":1}] ➔ resolved="HOT 카페모카 (시그니처)" (GSH2006) steps={"step1":["CUP","HOT"],"step2":["COFFEE",60],"step3":["HOT_MILK","220"],"step4":["초코","50"]}
[2026-10-08 01:02:56.076] [info]  [TOSS ITEM RESOLVED] orderId=763069053576512557, item="카라멜마끼아또" (17033262) | rawOptions=[{"optionCode":"1794776","optionName":"ICE","price":0,"quantity":1}] ➔ resolved="ICE 카라멜마끼아또 (시그니처)" (GSI2005) steps={"step1":["CUP","ICE"],"step2":["COFFEE","60"],"step3":["ICE","5000"],"step4":["COLD_MILK","140"],"step5":["카라멜","30"],"options":[{"name":"아이스","code":"IC","group":"온도","price":0},{"name":"연하게","code":"LT","group":"SHOT","price":0},{"name":"샷추가","code":"1S","group":"SHOT","price":500}]}
[2026-10-08 01:02:56.084] [info]  [TOSS ITEM RESOLVED] orderId=763069053576512557, item="카라멜마끼아또" (17033262) | rawOptions=[{"optionCode":"1794775","optionName":"HOT","price":0,"quantity":1}] ➔ resolved="HOT 카라멜마끼아또 (시그니처)" (GSH2005) steps={"step1":["CUP","HOT"],"step2":["COFFEE",60],"step3":["HOT_MILK","220"],"step4":["카라멜","50"]}
[2026-10-08 01:03:36.794] [info]  [toss] event=order.completed status=success source=toss virtual=on mode=order orderId=763069053576512557 bill=763069053576512557 menuCount=4
[2026-10-08 01:04:33.394] [info]  [TOSS RAW ORDER] orderId=763069460709221735, items=[{"name":"바닐라라떼","productNo":"17033258","options":[{"optionCode":"1794776","optionName":"ICE","price":0,"quantity":1}]}]
[2026-10-08 01:04:33.401] [info]  [TOSS ITEM RESOLVED] orderId=763069460709221735, item="바닐라라떼" (17033258) | rawOptions=[{"optionCode":"1794776","optionName":"ICE","price":0,"quantity":1}] ➔ resolved="ICE 바닐라라떼 (시그니처)" (GSI2003) steps={"step1":["CUP","ICE"],"step2":["COFFEE",60],"step3":["ICE",5000],"step4":["COLD_MILK",120],"step5":["바닐라",35]}
[2026-10-08 01:04:45.048] [info]  [toss] event=order.completed status=success source=toss virtual=on mode=order orderId=763069460709221735 bill=763069460709221735 menuCount=1
[2026-10-08 01:04:56.505] [info]  [TOSS RAW ORDER] orderId=763069557287253105, items=[{"name":"바닐라라떼","productNo":"17033258","options":[{"optionCode":"1794775","optionName":"HOT","price":0,"quantity":1}]}]
[2026-10-08 01:04:56.514] [info]  [TOSS ITEM RESOLVED] orderId=763069557287253105, item="바닐라라떼" (17033258) | rawOptions=[{"optionCode":"1794775","optionName":"HOT","price":0,"quantity":1}] ➔ resolved="HOT 바닐라라떼 (시그니처)" (GSH2003) steps={"step1":["CUP","HOT"],"step2":["COFFEE",60],"step3":["HOT_MILK","240"],"step4":["바닐라","35"]}
[2026-10-08 01:05:07.003] [info]  [toss] event=order.completed status=success source=toss virtual=on mode=order orderId=763069557287253105 bill=763069557287253105 menuCount=1
[2026-10-08 01:05:58.462] [info]  [TOSS RAW ORDER] orderId=763069814549098449, items=[{"name":"오미자에이드","productNo":"17033339","options":[]}]
[2026-10-08 01:05:58.467] [info]  [TOSS ITEM RESOLVED] orderId=763069814549098449, item="오미자에이드" (17033339) | rawOptions=[] ➔ resolved="ICE 오미자에이드" (GAI4005) steps={"step1":["CUP","ICE"],"step2":["ICE","5000"],"step3":["SPARKLE","160"],"step4":["오미자","60"]}
[2026-10-08 01:06:11.254] [info]  [toss] event=order.completed status=success source=toss virtual=on mode=order orderId=763069814549098449 bill=763069814549098449 menuCount=1
[2026-10-08 01:06:49.449] [info]  [TOSS RAW ORDER] orderId=763070027791698027, items=[{"name":"오미자에이드","productNo":"17033339","options":[]}]
[2026-10-08 01:06:49.455] [info]  [TOSS ITEM RESOLVED] orderId=763070027791698027, item="오미자에이드" (17033339) | rawOptions=[] ➔ resolved="ICE 오미자에이드" (GAI4005) steps={"step1":["CUP","ICE"],"step2":["ICE","5000"],"step3":["SPARKLE","160"],"step4":["오미자","60"]}
[2026-10-08 01:07:52.140] [info]  [toss] event=order.completed status=success source=toss virtual=off mode=order orderId=763070027791698027 bill=763070027791698027 menuCount=1
[2026-10-08 01:09:08.619] [info]  [TOSS RAW ORDER] orderId=763070613136183417, items=[{"name":"허니레몬블랙에이드","productNo":"17033350","options":[]}]
[2026-10-08 01:09:08.627] [info]  [TOSS ITEM RESOLVED] orderId=763070613136183417, item="허니레몬블랙에이드" (17033350) | rawOptions=[] ➔ resolved="ICE 허니레몬블랙에이드" (GAI4020) steps={"step1":["CUP","ICE"],"step2":["ICE","5000"],"step3":["SPARKLE","160"],"step4":["레몬","20"],"step5":["바닐라","10"],"step6":["얼그레이","20"]}
[2026-10-08 01:09:31.160] [info]  [toss] event=order.completed status=success source=toss virtual=off mode=order orderId=763070613136183417 bill=763070613136183417 menuCount=1
[2026-10-08 01:13:07.411] [info]  [TOSS RAW ORDER] orderId=763071616786997815, items=[{"name":"허니자몽블랙에이드","productNo":"17033351","options":[]}]
[2026-10-08 01:13:07.417] [info]  [TOSS ITEM RESOLVED] orderId=763071616786997815, item="허니자몽블랙에이드" (17033351) | rawOptions=[] ➔ resolved="ICE 허니자몽블랙에이드" (GAI4021) steps={"step1":["CUP","ICE"],"step2":["ICE",5000],"step3":["SPARKLE",180],"step4":["바닐라","10"],"step5":["얼그레이","20"],"step6":["자몽","20"]}
[2026-10-08 01:13:26.384] [info]  [toss] event=order.completed status=success source=toss virtual=off mode=order orderId=763071616786997815 bill=763071616786997815 menuCount=1
[2026-10-08 01:13:48.412] [info]  [TOSS RAW ORDER] orderId=763071787881043698, items=[{"name":"바닐라라떼","productNo":"17033258","options":[{"optionCode":"1794776","optionName":"ICE","price":0,"quantity":1}]}]
[2026-10-08 01:13:48.418] [info]  [TOSS ITEM RESOLVED] orderId=763071787881043698, item="바닐라라떼" (17033258) | rawOptions=[{"optionCode":"1794776","optionName":"ICE","price":0,"quantity":1}] ➔ resolved="ICE 바닐라라떼 (시그니처)" (GSI2003) steps={"step1":["CUP","ICE"],"step2":["COFFEE",60],"step3":["ICE",5000],"step4":["COLD_MILK",120],"step5":["바닐라",35]}
[2026-10-08 01:14:42.646] [info]  [toss] event=order.completed status=success source=toss virtual=off mode=order orderId=763071787881043698 bill=763071787881043698 menuCount=1
[2026-10-08 01:15:02.401] [info]  [TOSS RAW ORDER] orderId=763072097395505537, items=[{"name":"카페라떼","productNo":"17033256","options":[{"optionCode":"1794775","optionName":"HOT","price":0,"quantity":1}]}]
[2026-10-08 01:15:02.407] [info]  [TOSS ITEM RESOLVED] orderId=763072097395505537, item="카페라떼" (17033256) | rawOptions=[{"optionCode":"1794775","optionName":"HOT","price":0,"quantity":1}] ➔ resolved="HOT 카페라떼 (시그니처)" (GSH2001) steps={"step1":["CUP","HOT"],"step2":["COFFEE",60],"step3":["HOT_MILK","260"]}
[2026-10-08 01:16:23.021] [info]  [toss] event=order.completed status=success source=toss virtual=off mode=order orderId=763072097395505537 bill=763072097395505537 menuCount=1
[2026-10-08 01:17:43.589] [info]  [TOSS RAW ORDER] orderId=763072773320183533, items=[{"name":"아메리카노(스페셜티)","productNo":"17033251","options":[{"optionCode":"1794775","optionName":"HOT","price":0,"quantity":1},{"optionCode":"1794785","optionName":"샷추가","price":500,"quantity":1}]}]
[2026-10-08 01:17:43.594] [info]  [TOSS ITEM RESOLVED] orderId=763072773320183533, item="아메리카노(스페셜티)" (17033251) | rawOptions=[{"optionCode":"1794775","optionName":"HOT","price":0,"quantity":1},{"optionCode":"1794785","optionName":"샷추가","price":500,"quantity":1}] ➔ resolved="HOT 아메리카노 (스페셜티) (샷추가)" (GPH1005) steps={"step1":["CUP","HOT"],"step2":["COFFEE",91],"step3":["HOT","250"]}
[2026-10-08 01:18:53.124] [info]  [toss] event=order.completed status=success source=toss virtual=off mode=order orderId=763072773320183533 bill=763072773320183533 menuCount=1
[2026-10-08 01:19:16.678] [info]  [TOSS RAW ORDER] orderId=763073164325780367, items=[{"name":"아메리카노(스페셜티)","productNo":"17033251","options":[{"optionCode":"1794775","optionName":"HOT","price":0,"quantity":1},{"optionCode":"1794785","optionName":"샷추가","price":500,"quantity":1}]}]
[2026-10-08 01:19:16.687] [info]  [TOSS ITEM RESOLVED] orderId=763073164325780367, item="아메리카노(스페셜티)" (17033251) | rawOptions=[{"optionCode":"1794775","optionName":"HOT","price":0,"quantity":1},{"optionCode":"1794785","optionName":"샷추가","price":500,"quantity":1}] ➔ resolved="HOT 아메리카노 (스페셜티) (샷추가)" (GPH1005) steps={"step1":["CUP","HOT"],"step2":["COFFEE",91],"step3":["HOT","250"]}
[2026-10-08 01:21:29.825] [info]  [toss] event=order.completed status=success source=toss virtual=off mode=order orderId=763073164325780367 bill=763073164325780367 menuCount=1
[2026-10-08 04:17:03.402] [info]  [TOSS RAW ORDER] orderId=763117898553460059, items=[{"name":"아메리카노","productNo":"17033250","options":[{"optionCode":"1794775","optionName":"HOT","price":0,"quantity":1}]}]
[2026-10-08 04:17:03.406] [info]  [TOSS ITEM RESOLVED] orderId=763117898553460059, item="아메리카노" (17033250) | rawOptions=[{"optionCode":"1794775","optionName":"HOT","price":0,"quantity":1}] ➔ resolved="HOT 아메리카노 (시그니처)" (GSH1002) steps={"step1":["CUP","HOT"],"step2":["COFFEE","60"],"step3":["HOT","240"],"options":[{"name":"아이스","code":"IC","group":"온도","price":0}]}
[2026-10-08 04:17:53.002] [info]  [toss] event=order.completed status=success source=toss virtual=off mode=order orderId=763117898553460059 bill=763117898553460059 menuCount=1
[2026-10-08 05:22:51.404] [info]  [TOSS RAW ORDER] orderId=763134453668475484, items=[{"name":"아메리카노","productNo":"17033250","options":[{"optionCode":"1794776","optionName":"ICE","price":0,"quantity":1}]}]
[2026-10-08 05:22:51.409] [info]  [TOSS ITEM RESOLVED] orderId=763134453668475484, item="아메리카노" (17033250) | rawOptions=[{"optionCode":"1794776","optionName":"ICE","price":0,"quantity":1}] ➔ resolved="ICE 아메리카노 (시그니처)" (GSI1002) steps={"step1":["CUP","ICE"],"step2":["COFFEE",60],"step3":["ICE","5000"],"step4":["COLD","120"]}
[2026-10-08 05:25:43.803] [info]  [toss] event=order.completed status=success source=toss virtual=off mode=order orderId=763134453668475484 bill=763134453668475484 menuCount=4
[2026-10-08 05:30:03.947] [info]  [TOSS RAW ORDER] orderId=763136244971842680, items=[{"name":"아메리카노","productNo":"17033250","options":[{"optionCode":"1794776","optionName":"ICE","price":0,"quantity":1}]}]
[2026-10-08 05:30:03.951] [info]  [TOSS ITEM RESOLVED] orderId=763136244971842680, item="아메리카노" (17033250) | rawOptions=[{"optionCode":"1794776","optionName":"ICE","price":0,"quantity":1}] ➔ resolved="ICE 아메리카노 (시그니처)" (GSI1002) steps={"step1":["CUP","ICE"],"step2":["COFFEE",60],"step3":["ICE","5000"],"step4":["COLD","120"]}
[2026-10-08 05:30:58.428] [info]  [toss] event=order.completed status=success source=toss virtual=off mode=order orderId=763136244971842680 bill=763136244971842680 menuCount=1
[2026-10-08 05:44:49.478] [info]  [TOSS RAW ORDER] orderId=763139943370688297, items=[{"name":"아메리카노","productNo":"17033250","options":[{"optionCode":"1794776","optionName":"ICE","price":0,"quantity":1}]}]
[2026-10-08 05:44:49.483] [info]  [TOSS ITEM RESOLVED] orderId=763139943370688297, item="아메리카노" (17033250) | rawOptions=[{"optionCode":"1794776","optionName":"ICE","price":0,"quantity":1}] ➔ resolved="ICE 아메리카노 (시그니처)" (GSI1002) steps={"step1":["CUP","ICE"],"step2":["COFFEE",60],"step3":["ICE","5000"],"step4":["COLD","120"]}
[2026-10-08 05:45:38.373] [info]  [toss] event=order.completed status=success source=toss virtual=off mode=order orderId=763139943370688297 bill=763139943370688297 menuCount=1
[2026-10-08 06:26:28.960] [info]  [TOSS RAW ORDER] orderId=763150464702576893, items=[{"name":"아메리카노","productNo":"17033250","options":[{"optionCode":"1794775","optionName":"HOT","price":0,"quantity":1}]}]
[2026-10-08 06:26:28.964] [info]  [TOSS ITEM RESOLVED] orderId=763150464702576893, item="아메리카노" (17033250) | rawOptions=[{"optionCode":"1794775","optionName":"HOT","price":0,"quantity":1}] ➔ resolved="HOT 아메리카노 (시그니처)" (GSH1002) steps={"step1":["CUP","HOT"],"step2":["COFFEE","60"],"step3":["HOT","240"],"options":[{"name":"아이스","code":"IC","group":"온도","price":0}]}
[2026-10-08 06:27:11.644] [info]  [toss] event=order.completed status=success source=toss virtual=off mode=order orderId=763150464702576893 bill=763150464702576893 menuCount=1
[2026-10-08 06:56:58.002] [info]  [TOSS RAW ORDER] orderId=763158119378681544, items=[{"name":"아메리카노","productNo":"17033250","options":[{"optionCode":"1794775","optionName":"HOT","price":0,"quantity":1}]}]
[2026-10-08 06:56:58.006] [info]  [TOSS ITEM RESOLVED] orderId=763158119378681544, item="아메리카노" (17033250) | rawOptions=[{"optionCode":"1794775","optionName":"HOT","price":0,"quantity":1}] ➔ resolved="HOT 아메리카노 (시그니처)" (GSH1002) steps={"step1":["CUP","HOT"],"step2":["COFFEE","60"],"step3":["HOT","240"],"options":[{"name":"아이스","code":"IC","group":"온도","price":0}]}
[2026-10-08 06:57:41.846] [info]  [toss] event=order.completed status=success source=toss virtual=off mode=order orderId=763158119378681544 bill=763158119378681544 menuCount=1
[2026-10-08 08:31:20.371] [info]  [TOSS RAW ORDER] orderId=763181749420523875, items=[{"name":"아메리카노","productNo":"17033250","options":[{"optionCode":"1794776","optionName":"ICE","price":0,"quantity":1}]}]
[2026-10-08 08:31:20.377] [info]  [TOSS ITEM RESOLVED] orderId=763181749420523875, item="아메리카노" (17033250) | rawOptions=[{"optionCode":"1794776","optionName":"ICE","price":0,"quantity":1}] ➔ resolved="ICE 아메리카노 (시그니처)" (GSI1002) steps={"step1":["CUP","ICE"],"step2":["COFFEE",60],"step3":["ICE","5000"],"step4":["COLD","120"]}
[2026-10-08 08:32:05.362] [info]  [toss] event=order.completed status=success source=toss virtual=off mode=order orderId=763181749420523875 bill=763181749420523875 menuCount=1
[2026-10-08 08:59:13.427] [info]  [TOSS RAW ORDER] orderId=763188902176855836, items=[{"name":"아메리카노","productNo":"17033250","options":[{"optionCode":"1794776","optionName":"ICE","price":0,"quantity":1}]}]
[2026-10-08 08:59:13.432] [info]  [TOSS ITEM RESOLVED] orderId=763188902176855836, item="아메리카노" (17033250) | rawOptions=[{"optionCode":"1794776","optionName":"ICE","price":0,"quantity":1}] ➔ resolved="ICE 아메리카노 (시그니처)" (GSI1002) steps={"step1":["CUP","ICE"],"step2":["COFFEE",60],"step3":["ICE","5000"],"step4":["COLD","120"]}
[2026-10-08 08:59:56.083] [info]  [toss] event=order.completed status=success source=toss virtual=off mode=order orderId=763188902176855836 bill=763188902176855836 menuCount=1
[2026-10-08 09:09:58.954] [info]  [TOSS RAW ORDER] orderId=763191605389001142, items=[{"name":"아메리카노","productNo":"17033250","options":[{"optionCode":"1794776","optionName":"ICE","price":0,"quantity":1}]}]
[2026-10-08 09:09:58.959] [info]  [TOSS ITEM RESOLVED] orderId=763191605389001142, item="아메리카노" (17033250) | rawOptions=[{"optionCode":"1794776","optionName":"ICE","price":0,"quantity":1}] ➔ resolved="ICE 아메리카노 (시그니처)" (GSI1002) steps={"step1":["CUP","ICE"],"step2":["COFFEE",60],"step3":["ICE","5000"],"step4":["COLD","120"]}
[2026-10-08 09:11:32.687] [info]  [toss] event=order.completed status=success source=toss virtual=off mode=order orderId=763191605389001142 bill=763191605389001142 menuCount=2
[2026-10-08 09:20:51.069] [info]  [TOSS RAW ORDER] orderId=763194334400323183, items=[{"name":"아메리카노","productNo":"17033250","options":[{"optionCode":"1794775","optionName":"HOT","price":0,"quantity":1}]}]
[2026-10-08 09:20:51.074] [info]  [TOSS ITEM RESOLVED] orderId=763194334400323183, item="아메리카노" (17033250) | rawOptions=[{"optionCode":"1794775","optionName":"HOT","price":0,"quantity":1}] ➔ resolved="HOT 아메리카노 (시그니처)" (GSH1002) steps={"step1":["CUP","HOT"],"step2":["COFFEE","60"],"step3":["HOT","240"],"options":[{"name":"아이스","code":"IC","group":"온도","price":0}]}
[2026-10-08 09:21:32.288] [info]  [toss] event=order.completed status=success source=toss virtual=off mode=order orderId=763194334400323183 bill=763194334400323183 menuCount=1
[2026-10-08 09:31:39.496] [info]  [TOSS RAW ORDER] orderId=763197056495224344, items=[{"name":"헤이즐넛라떼","productNo":"17033260","options":[{"optionCode":"1794776","optionName":"ICE","price":0,"quantity":1}]}]
[2026-10-08 09:31:39.501] [info]  [TOSS ITEM RESOLVED] orderId=763197056495224344, item="헤이즐넛라떼" (17033260) | rawOptions=[{"optionCode":"1794776","optionName":"ICE","price":0,"quantity":1}] ➔ resolved="ICE 헤이즐넛라떼 (시그니처)" (GSI2004) steps={"step1":["CUP","ICE"],"step2":["COFFEE",60],"step3":["ICE",5000],"step4":["COLD_MILK",120],"step5":["헤이즐넛",35]}
[2026-10-08 09:33:56.654] [info]  [toss] event=order.completed status=success source=toss virtual=off mode=order orderId=763197056495224344 bill=763197056495224344 menuCount=2
[2026-10-08 12:11:16.897] [info]  [TOSS RAW ORDER] orderId=763237238531742382, items=[{"name":"아메리카노","productNo":"17033250","options":[{"optionCode":"1794776","optionName":"ICE","price":0,"quantity":1}]}]
[2026-10-08 12:11:16.902] [info]  [TOSS ITEM RESOLVED] orderId=763237238531742382, item="아메리카노" (17033250) | rawOptions=[{"optionCode":"1794776","optionName":"ICE","price":0,"quantity":1}] ➔ resolved="ICE 아메리카노 (시그니처)" (GSI1002) steps={"step1":["CUP","ICE"],"step2":["COFFEE",60],"step3":["ICE","5000"],"step4":["COLD","120"]}
[2026-10-08 12:11:58.987] [info]  [toss] event=order.completed status=success source=toss virtual=off mode=order orderId=763237238531742382 bill=763237238531742382 menuCount=1
[2026-10-08 12:32:17.436] [info]  [TOSS RAW ORDER] orderId=763242511644062581, items=[{"name":"아메리카노","productNo":"17033250","options":[{"optionCode":"1794776","optionName":"ICE","price":0,"quantity":1},{"optionCode":"1794787","optionName":"헤이즐넛","price":500,"quantity":1}]}]
[2026-10-08 12:32:17.442] [info]  [TOSS ITEM RESOLVED] orderId=763242511644062581, item="아메리카노" (17033250) | rawOptions=[{"optionCode":"1794776","optionName":"ICE","price":0,"quantity":1},{"optionCode":"1794787","optionName":"헤이즐넛","price":500,"quantity":1}] ➔ resolved="ICE 아메리카노 (시그니처) (헤이즐넛)" (GSI1010) steps={"step1":["CUP","ICE"],"step2":["COFFEE",60],"step3":["ICE","5000"],"step4":["COLD","100"],"step5":["헤이즐넛","20"]}
[2026-10-08 12:33:08.207] [info]  [toss] event=order.completed status=success source=toss virtual=off mode=order orderId=763242511644062581 bill=763242511644062581 menuCount=1
[2026-10-08 12:54:16.891] [info]  [TOSS RAW ORDER] orderId=763248052353201647, items=[{"name":"아메리카노","productNo":"17033250","options":[{"optionCode":"1794776","optionName":"ICE","price":0,"quantity":1},{"optionCode":"1794785","optionName":"샷추가","price":500,"quantity":1}]}]
[2026-10-08 12:54:16.896] [info]  [TOSS ITEM RESOLVED] orderId=763248052353201647, item="아메리카노" (17033250) | rawOptions=[{"optionCode":"1794776","optionName":"ICE","price":0,"quantity":1},{"optionCode":"1794785","optionName":"샷추가","price":500,"quantity":1}] ➔ resolved="ICE 아메리카노 (시그니처) (샷추가)" (GSI1005) steps={"step1":["CUP","ICE"],"step2":["COFFEE",90],"step3":["ICE","5000"],"step4":["COLD","90"]}
[2026-10-08 12:55:17.332] [info]  [toss] event=order.completed status=success source=toss virtual=off mode=order orderId=763248052353201647 bill=763248052353201647 menuCount=1
[2026-10-08 13:37:20.884] [info]  [TOSS RAW ORDER] orderId=763258907585468610, items=[{"name":"아메리카노","productNo":"17033250","options":[{"optionCode":"1794776","optionName":"ICE","price":0,"quantity":1}]}]
[2026-10-08 13:37:20.889] [info]  [TOSS ITEM RESOLVED] orderId=763258907585468610, item="아메리카노" (17033250) | rawOptions=[{"optionCode":"1794776","optionName":"ICE","price":0,"quantity":1}] ➔ resolved="ICE 아메리카노 (시그니처)" (GSI1002) steps={"step1":["CUP","ICE"],"step2":["COFFEE",60],"step3":["ICE","5000"],"step4":["COLD","120"]}
[2026-10-08 13:38:10.183] [info]  [toss] event=order.completed status=success source=toss virtual=off mode=order orderId=763258907585468610 bill=763258907585468610 menuCount=1
[2026-10-08 13:39:23.368] [info]  [TOSS RAW ORDER] orderId=763259420494322168, items=[{"name":"초코헤이즐넛라떼","productNo":"17033306","options":[{"optionCode":"1794776","optionName":"ICE","price":0,"quantity":1}]}]
[2026-10-08 13:39:23.373] [info]  [TOSS ITEM RESOLVED] orderId=763259420494322168, item="초코헤이즐넛라떼" (17033306) | rawOptions=[{"optionCode":"1794776","optionName":"ICE","price":0,"quantity":1}] ➔ resolved="ICE 초코라떼 (헤이즐넛)" (GMI3031) steps={"step1":["CUP","ICE"],"step2":["ICE",5000],"step3":["COLD_MILK",160],"step4":["초코",60],"step5":["헤이즐넛",15]}
[2026-10-08 13:39:56.060] [info]  [toss] event=order.completed status=success source=toss virtual=off mode=order orderId=763259420494322168 bill=763259420494322168 menuCount=1
[2026-10-08 14:23:10.511] [info]  [TOSS RAW ORDER] orderId=763270430273665460, items=[{"name":"오미자차","productNo":"17033316","options":[{"optionCode":"1794775","optionName":"HOT","price":0,"quantity":1}]}]
[2026-10-08 14:23:10.515] [info]  [TOSS ITEM RESOLVED] orderId=763270430273665460, item="오미자차" (17033316) | rawOptions=[{"optionCode":"1794775","optionName":"HOT","price":0,"quantity":1}] ➔ resolved="HOT 오미자차" (GTH5001) steps={"step1":["CUP","HOT"],"step2":["HOT","300"],"step3":["오미자","60"]}
[2026-10-08 14:23:36.805] [info]  [toss] event=order.completed status=success source=toss virtual=off mode=order orderId=763270430273665460 bill=763270430273665460 menuCount=1
[2026-10-08 18:12:59.962] [info]  [TOSS RAW ORDER] orderId=763328259537865991, items=[{"name":"아메리카노","productNo":"17033250","options":[{"optionCode":"1794776","optionName":"ICE","price":0,"quantity":1}]}]
[2026-10-08 18:12:59.967] [info]  [TOSS ITEM RESOLVED] orderId=763328259537865991, item="아메리카노" (17033250) | rawOptions=[{"optionCode":"1794776","optionName":"ICE","price":0,"quantity":1}] ➔ resolved="ICE 아메리카노 (시그니처)" (GSI1002) steps={"step1":["CUP","ICE"],"step2":["COFFEE",60],"step3":["ICE","5000"],"step4":["COLD","120"]}
[2026-10-08 18:13:41.482] [info]  [toss] event=order.completed status=success source=toss virtual=off mode=order orderId=763328259537865991 bill=763328259537865991 menuCount=1
[2026-10-08 18:38:37.872] [info]  [TOSS RAW ORDER] orderId=763334705956628312, items=[{"name":"아메리카노","productNo":"17033250","options":[{"optionCode":"1794775","optionName":"HOT","price":0,"quantity":1},{"optionCode":"1794784","optionName":"연하게","price":0,"quantity":1}]}]
[2026-10-08 18:38:37.877] [info]  [TOSS ITEM RESOLVED] orderId=763334705956628312, item="아메리카노" (17033250) | rawOptions=[{"optionCode":"1794775","optionName":"HOT","price":0,"quantity":1},{"optionCode":"1794784","optionName":"연하게","price":0,"quantity":1}] ➔ resolved="HOT 아메리카노 (시그니처) (연하게)" (GSH1001) steps={"step1":["CUP","HOT"],"step2":["COFFEE",30],"step3":["HOT","310"]}