[2026-08-20 14:18:41.753] [info]  [HASTE DB Load] Loaded settings from SQLite database successfully. StoreName: "미인증", StoreNo: "미인증", ThemeMode: "Light", isKioskDryRun: "false"
[2026-08-20 14:18:42.600] [info]  [app] event=app.startup status=started appVersion=3.1.1-r1 packaged=true
[2026-08-20 14:18:42.649] [info]  [HASTE Setup] Unactivated device detected. Launching Setup Wizard Window only (skipping main subscriptions and schedulers).
[2026-08-20 14:19:17.087] [info]  [HASTE DB Save] Settings category "information" has been updated and saved to SQLite successfully.
[2026-08-20 14:19:17.121] [info]  [HASTE DB Save] Settings category "information" has been updated and saved to SQLite successfully.
[2026-08-20 14:19:17.124] [info]  [HASTE DB Save] Settings category "information" has been updated and saved to SQLite successfully.
[2026-08-20 14:19:17.128] [info]  [HASTE DB Save] Settings category "information" has been updated and saved to SQLite successfully.
[2026-08-20 14:19:17.138] [info]  [task] [HASTE Hard-Relaunch] App exit triggered from Renderer safely. Executing OS-Level Hard Relaunch...
[2026-08-20 14:19:17.141] [info]  [task] [HASTE Hard-Relaunch] Gracefully releasing all serial ports before OS-level exit...
[2026-08-20 14:19:17.142] [info]  [task] [HASTE Hard-Relaunch] [Prod Mode] Spawning next Lilly process with 2s delay to allow port release: C:\Users\COFFEE~1\AppData\Local\Temp\3IAMYZIwRd0qlpO7hM8unqWXQbF\haste_client3.1.exe with args []
[2026-08-20 14:19:17.266] [info]  [task] [HASTE Hard-Relaunch] Current process exiting via app.exit(0) safely.
[2026-08-20 14:20:21.101] [info]  [HASTE DB Load] Loaded settings from SQLite database successfully. StoreName: "헤이스트 김포운양역점", StoreNo: "3412109495", ThemeMode: "Light", isKioskDryRun: "false"
[2026-08-20 14:20:21.585] [info]  [app] event=app.startup status=started appVersion=3.1.1-r1 packaged=true
[2026-08-20 14:20:21.685] [info]  [app] event=app.window status=success
[2026-08-20 14:20:21.704] [info]  [app] event=app.tray status=success
[2026-08-20 14:20:21.705] [info]  [app] event=updater.check status=ignored reason=store_managed_distribution
[2026-08-20 14:20:21.709] [info]  [app] event=app.ipc status=success
[2026-08-20 14:20:21.710] [info]  [app] event=task.start status=success
[2026-08-20 14:20:21.713] [debug] [api] [api] event=settings.change status=success port=8080 posStoreNo=3412109495 deviceModelId=D0000
[2026-08-20 14:20:21.716] [info]  [api] [HASTE] Found SSL Certificates at: C:\Users\COFFEE~1\AppData\Local\Temp\3IAMYZIwRd0qlpO7hM8unqWXQbF\resources\resources
[2026-08-20 14:20:21.745] [info]  [api] [HASTE] Started HTTP Hono Server on port 8080 (Toss Place HTTP Mode).
[2026-08-20 14:20:21.750] [info]  [api] [HASTE] Started HTTPS Hono Server on port 8443 (Toss Kiosk Mode).
[2026-08-20 14:20:21.751] [debug] [api] [api] event=api.server status=success port=8080 host=0.0.0.0
[2026-08-20 14:20:21.753] [info]  [serialport] [serialport] event=serialport.connect status=started scope=all
[2026-08-20 14:20:21.755] [debug] [coffee] [coffee] event=settings.change status=success field=thirdpartyType value=Lilly_(WMF)
[2026-08-20 14:20:21.757] [debug] [coffee] [coffee] event=coffee.socket status=started transport=ws machineName=WMF model=Lilly_(WMF) ip=192.168.10.138 port=25000
[2026-08-20 14:20:21.765] [debug] [coffee] [coffee] event=temperature.change status=success
[2026-08-20 14:20:21.766] [debug] [api] [api] event=did.callback status=ignored reason=local_did_not_open screen=temperature
[2026-08-20 14:20:21.774] [info]  [HASTE DB Save] Settings category "inventory" has been updated and saved to SQLite successfully.
[2026-08-20 14:20:21.776] [info]  [HASTE DB Save] Settings category "inventory" has been updated and saved to SQLite successfully.
[2026-08-20 14:20:21.777] [info]  [serialport] [serialport] event=serialport.connect status=started scope=all
[2026-08-20 14:20:21.780] [info]  [HASTE DB Save] Settings category "inventory" has been updated and saved to SQLite successfully.
[2026-08-20 14:20:21.782] [info]  [HASTE DB Save] Settings category "inventory" has been updated and saved to SQLite successfully.
[2026-08-20 14:20:21.783] [debug] [api] [HASTE Theme Sync] Applied local UI theme: isDark=false
[2026-08-20 14:20:21.784] [debug] [api] [api] event=did.callback status=started target=local screen=/ reason=local_api_down
[2026-08-20 14:20:21.787] [info]  [app] event=app.startup status=success message="subscriptions registered"
[2026-08-20 14:20:21.787] [debug] [task] [task] event=scheduler.change status=success routine=FOAMER_RINSING intervalSec=1800 normalizedIntervalSec=1800
[2026-08-20 14:20:21.790] [debug] [task] [task] event=scheduler.change status=success routine=WARM_RINSING intervalSec=0 normalizedIntervalSec=0
[2026-08-20 14:20:21.791] [debug] [task] [task] event=scheduler.change status=success routine=MIXER_RINSING intervalSec=0 normalizedIntervalSec=0
[2026-08-20 14:20:21.792] [debug] [task] [task] event=scheduler.change status=success routine=ERROR_CHECK intervalSec=600 normalizedIntervalSec=600
[2026-08-20 14:20:21.793] [debug] [task] [task] event=scheduler.change status=success routine=ICE_MAKER intervalSec=1800 normalizedIntervalSec=1800
[2026-08-20 14:20:21.794] [debug] [task] [task] event=scheduler.change status=success routine=TEMP_CHECK intervalSec=60 normalizedIntervalSec=60
[2026-08-20 14:20:21.795] [debug] [app] event=scheduler.change status=success routine=license.verify intervalSec=86400
[2026-08-20 14:20:21.796] [info]  [app] event=app.startup status=success message="schedulers registered"
[2026-08-20 14:20:21.797] [info]  [HASTE Guard] enableHasteAgent is false (OFF). Skipping agent bot launch.
[2026-08-20 14:20:21.798] [info]  [app] event=license.verify status=success state=approved storeId=3412109495
[2026-08-20 14:20:21.880] [error] [serialport] [serialport] event=serialport.error status=failed reason=port_error boardName=board1 port=COM3 message="Opening COM3: Access denied"
[2026-08-20 14:20:21.881] [debug] [api] [HASTE DevTools Sync] Current window DevTools opened state: false, Target state: false
[2026-08-20 14:20:21.967] [debug] [serialport] [serialport] event=serialport.connect status=success boardName=board1 port=COM3
[2026-08-20 14:20:22.030] [debug] [serialport] [serialport] event=serialport.packet status=success boardName=board1 length=24 message="bytearray(b'\\x020A1DCP0201A00101A10344\\x03')"
[2026-08-20 14:20:26.769] [error] [coffee] [coffee] event=coffee.socket status=failed reason=open_timeout transport=ws machineName=WMF model=Lilly_(WMF) ip=192.168.10.138 port=25000
[2026-08-20 14:20:26.770] [error] [coffee] [coffee] event=coffee.socket status=failed reason=connect_failed transport=ws machineName=WMF model=Lilly_(WMF) ip=192.168.10.138 port=25000
[2026-08-20 14:20:43.006] [error] [coffee] [coffee] event=coffee.socket status=failed reason=ws_error machineName=WMF model=Lilly_(WMF) ip=192.168.10.138 port=25000 message="connect ETIMEDOUT 192.168.10.138:25000"
[2026-08-20 14:20:47.047] [info]  [HASTE Shutdown] Releasing all serial ports...
[2026-08-20 14:20:47.049] [info]  [app] event=app.shutdown status=started
[2026-08-20 14:23:53.971] [info]  [HASTE DB Load] Loaded settings from SQLite database successfully. StoreName: "헤이스트 김포운양역점", StoreNo: "3412109495", ThemeMode: "Light", isKioskDryRun: "false"
[2026-08-20 14:23:54.873] [info]  [app] event=app.startup status=started appVersion=3.1.1-r1 packaged=true
[2026-08-20 14:23:55.086] [info]  [app] event=app.window status=success
[2026-08-20 14:23:55.116] [info]  [app] event=app.tray status=success
[2026-08-20 14:23:55.117] [info]  [app] event=updater.check status=ignored reason=store_managed_distribution
[2026-08-20 14:23:55.130] [info]  [app] event=app.ipc status=success
[2026-08-20 14:23:55.139] [info]  [app] event=task.start status=success
[2026-08-20 14:23:55.145] [debug] [api] [api] event=settings.change status=success port=8080 posStoreNo=3412109495 deviceModelId=D0000
[2026-08-20 14:23:55.149] [info]  [api] [HASTE] Found SSL Certificates at: C:\Users\COFFEE~1\AppData\Local\Temp\3IAMYZIwRd0qlpO7hM8unqWXQbF\resources\resources
[2026-08-20 14:23:55.162] [info]  [api] [HASTE] Started HTTP Hono Server on port 8080 (Toss Place HTTP Mode).
[2026-08-20 14:23:55.172] [info]  [api] [HASTE] Started HTTPS Hono Server on port 8443 (Toss Kiosk Mode).
[2026-08-20 14:23:55.175] [debug] [api] [api] event=api.server status=success port=8080 host=0.0.0.0
[2026-08-20 14:23:55.183] [info]  [serialport] [serialport] event=serialport.connect status=started scope=all
[2026-08-20 14:23:55.186] [debug] [coffee] [coffee] event=settings.change status=success field=thirdpartyType value=Lilly_(WMF)
[2026-08-20 14:23:55.189] [debug] [coffee] [coffee] event=coffee.socket status=started transport=ws machineName=WMF model=Lilly_(WMF) ip=192.168.10.138 port=25000
[2026-08-20 14:23:55.198] [debug] [coffee] [coffee] event=temperature.change status=success
[2026-08-20 14:23:55.199] [debug] [api] [api] event=did.callback status=ignored reason=local_did_not_open screen=temperature
[2026-08-20 14:23:55.212] [info]  [HASTE DB Save] Settings category "inventory" has been updated and saved to SQLite successfully.
[2026-08-20 14:23:55.218] [info]  [HASTE DB Save] Settings category "inventory" has been updated and saved to SQLite successfully.
[2026-08-20 14:23:55.220] [info]  [serialport] [serialport] event=serialport.connect status=started scope=all
[2026-08-20 14:23:55.224] [info]  [HASTE DB Save] Settings category "inventory" has been updated and saved to SQLite successfully.
[2026-08-20 14:23:55.227] [info]  [HASTE DB Save] Settings category "inventory" has been updated and saved to SQLite successfully.
[2026-08-20 14:23:55.228] [debug] [api] [HASTE Theme Sync] Applied local UI theme: isDark=false
[2026-08-20 14:23:55.230] [debug] [api] [api] event=did.callback status=started target=local screen=/ reason=local_api_down
[2026-08-20 14:23:55.233] [info]  [app] event=app.startup status=success message="subscriptions registered"
[2026-08-20 14:23:55.234] [debug] [task] [task] event=scheduler.change status=success routine=FOAMER_RINSING intervalSec=1800 normalizedIntervalSec=1800
[2026-08-20 14:23:55.238] [debug] [task] [task] event=scheduler.change status=success routine=WARM_RINSING intervalSec=0 normalizedIntervalSec=0
[2026-08-20 14:23:55.239] [debug] [task] [task] event=scheduler.change status=success routine=MIXER_RINSING intervalSec=0 normalizedIntervalSec=0
[2026-08-20 14:23:55.240] [debug] [task] [task] event=scheduler.change status=success routine=ERROR_CHECK intervalSec=600 normalizedIntervalSec=600
[2026-08-20 14:23:55.246] [debug] [task] [task] event=scheduler.change status=success routine=ICE_MAKER intervalSec=1800 normalizedIntervalSec=1800
[2026-08-20 14:23:55.254] [debug] [task] [task] event=scheduler.change status=success routine=TEMP_CHECK intervalSec=60 normalizedIntervalSec=60
[2026-08-20 14:23:55.256] [debug] [app] event=scheduler.change status=success routine=license.verify intervalSec=86400
[2026-08-20 14:23:55.257] [info]  [app] event=app.startup status=success message="schedulers registered"
[2026-08-20 14:23:55.259] [info]  [HASTE Guard] enableHasteAgent is false (OFF). Skipping agent bot launch.
[2026-08-20 14:23:55.260] [info]  [app] event=license.verify status=success state=approved storeId=3412109495
[2026-08-20 14:23:55.411] [error] [serialport] [serialport] event=serialport.error status=failed reason=port_error boardName=board1 port=COM3 message="Opening COM3: Access denied"
[2026-08-20 14:23:55.413] [debug] [api] [HASTE DevTools Sync] Current window DevTools opened state: false, Target state: false
[2026-08-20 14:23:55.750] [debug] [serialport] [serialport] event=serialport.connect status=success boardName=board1 port=COM3
[2026-08-20 14:23:56.164] [debug] [serialport] [serialport] event=serialport.packet status=success boardName=board1 length=24 message="bytearray(b'\\x020A1DCP0201A00101A10344\\x03')"
[2026-08-20 14:24:00.232] [error] [coffee] [coffee] event=coffee.socket status=failed reason=open_timeout transport=ws machineName=WMF model=Lilly_(WMF) ip=192.168.10.138 port=25000
[2026-08-20 14:24:00.234] [error] [coffee] [coffee] event=coffee.socket status=failed reason=connect_failed transport=ws machineName=WMF model=Lilly_(WMF) ip=192.168.10.138 port=25000
[2026-08-20 14:24:16.513] [error] [coffee] [coffee] event=coffee.socket status=failed reason=ws_error machineName=WMF model=Lilly_(WMF) ip=192.168.10.138 port=25000 message="connect ETIMEDOUT 192.168.10.138:25000"
[2026-08-20 14:25:36.539] [info]  [HASTE Shutdown] Releasing all serial ports...
[2026-08-20 14:25:36.542] [info]  [app] event=app.shutdown status=started
[2026-08-20 14:29:47.645] [info]  [HASTE DB Load] Loaded settings from SQLite database successfully. StoreName: "헤이스트 김포운양역점", StoreNo: "3412109495", ThemeMode: "Light", isKioskDryRun: "false"
[2026-08-20 14:29:48.288] [info]  [app] event=app.startup status=started appVersion=3.1.1-r1 packaged=true
[2026-08-20 14:29:48.474] [info]  [app] event=app.window status=success
[2026-08-20 14:29:48.495] [info]  [app] event=app.tray status=success
[2026-08-20 14:29:48.495] [info]  [app] event=updater.check status=ignored reason=store_managed_distribution
[2026-08-20 14:29:48.500] [info]  [app] event=app.ipc status=success
[2026-08-20 14:29:48.502] [info]  [app] event=task.start status=success
[2026-08-20 14:29:48.504] [debug] [api] [api] event=settings.change status=success port=8080 posStoreNo=3412109495 deviceModelId=D0000
[2026-08-20 14:29:48.507] [info]  [api] [HASTE] Found SSL Certificates at: C:\Program Files\haste_client3.1\resources\resources
[2026-08-20 14:29:48.524] [info]  [api] [HASTE] Started HTTP Hono Server on port 8080 (Toss Place HTTP Mode).
[2026-08-20 14:29:48.532] [info]  [api] [HASTE] Started HTTPS Hono Server on port 8443 (Toss Kiosk Mode).
[2026-08-20 14:29:48.534] [debug] [api] [api] event=api.server status=success port=8080 host=0.0.0.0
[2026-08-20 14:29:48.535] [info]  [serialport] [serialport] event=serialport.connect status=started scope=all
[2026-08-20 14:29:48.537] [debug] [coffee] [coffee] event=settings.change status=success field=thirdpartyType value=Lilly_(WMF)
[2026-08-20 14:29:48.539] [debug] [coffee] [coffee] event=coffee.socket status=started transport=ws machineName=WMF model=Lilly_(WMF) ip=192.168.10.138 port=25000
[2026-08-20 14:29:48.547] [debug] [coffee] [coffee] event=temperature.change status=success
[2026-08-20 14:29:48.548] [debug] [api] [api] event=did.callback status=ignored reason=local_did_not_open screen=temperature
[2026-08-20 14:29:48.551] [info]  [HASTE DB Save] Settings category "inventory" has been updated and saved to SQLite successfully.
[2026-08-20 14:29:48.554] [info]  [HASTE DB Save] Settings category "inventory" has been updated and saved to SQLite successfully.
[2026-08-20 14:29:48.555] [info]  [serialport] [serialport] event=serialport.connect status=started scope=all
[2026-08-20 14:29:48.557] [info]  [HASTE DB Save] Settings category "inventory" has been updated and saved to SQLite successfully.
[2026-08-20 14:29:48.559] [info]  [HASTE DB Save] Settings category "inventory" has been updated and saved to SQLite successfully.
[2026-08-20 14:29:48.562] [debug] [api] [HASTE Theme Sync] Applied local UI theme: isDark=false
[2026-08-20 14:29:48.563] [debug] [api] [api] event=did.callback status=started target=local screen=/ reason=local_api_down
[2026-08-20 14:29:48.565] [info]  [app] event=app.startup status=success message="subscriptions registered"
[2026-08-20 14:29:48.566] [debug] [task] [task] event=scheduler.change status=success routine=FOAMER_RINSING intervalSec=1800 normalizedIntervalSec=1800
[2026-08-20 14:29:48.568] [debug] [task] [task] event=scheduler.change status=success routine=WARM_RINSING intervalSec=0 normalizedIntervalSec=0
[2026-08-20 14:29:48.569] [debug] [task] [task] event=scheduler.change status=success routine=MIXER_RINSING intervalSec=0 normalizedIntervalSec=0
[2026-08-20 14:29:48.570] [debug] [task] [task] event=scheduler.change status=success routine=ERROR_CHECK intervalSec=600 normalizedIntervalSec=600
[2026-08-20 14:29:48.571] [debug] [task] [task] event=scheduler.change status=success routine=ICE_MAKER intervalSec=1800 normalizedIntervalSec=1800
[2026-08-20 14:29:48.572] [debug] [task] [task] event=scheduler.change status=success routine=TEMP_CHECK intervalSec=60 normalizedIntervalSec=60
[2026-08-20 14:29:48.574] [debug] [app] event=scheduler.change status=success routine=license.verify intervalSec=86400
[2026-08-20 14:29:48.574] [info]  [app] event=app.startup status=success message="schedulers registered"
[2026-08-20 14:29:48.576] [info]  [HASTE Guard] enableHasteAgent is false (OFF). Skipping agent bot launch.
[2026-08-20 14:29:48.577] [info]  [app] event=license.verify status=success state=approved storeId=3412109495
[2026-08-20 14:29:48.762] [error] [serialport] [serialport] event=serialport.error status=failed reason=port_error boardName=board1 port=COM3 message="Opening COM3: Access denied"
[2026-08-20 14:29:48.764] [debug] [api] [HASTE DevTools Sync] Current window DevTools opened state: false, Target state: false
[2026-08-20 14:29:48.894] [debug] [serialport] [serialport] event=serialport.connect status=success boardName=board1 port=COM3
[2026-08-20 14:29:49.018] [debug] [serialport] [serialport] event=serialport.packet status=success boardName=board1 length=24 message="bytearray(b'\\x020A1DCP0201A00101A10344\\x03')"
[2026-08-20 14:29:53.555] [error] [coffee] [coffee] event=coffee.socket status=failed reason=open_timeout transport=ws machineName=WMF model=Lilly_(WMF) ip=192.168.10.138 port=25000
[2026-08-20 14:29:53.557] [error] [coffee] [coffee] event=coffee.socket status=failed reason=connect_failed transport=ws machineName=WMF model=Lilly_(WMF) ip=192.168.10.138 port=25000
[2026-08-20 14:30:04.691] [error] [task] [HASTE Simulate] Recipe validation failed: Cannot find module '../../shared/wmf_coffee_standard'
Require stack:
- C:\Program Files\haste_client3.1\resources\app.asar\out\main\index.js
- 
[2026-08-20 14:30:07.373] [info]  [HASTE Restore] Triggering partial overwrite for HARDWARE CONFIG settings only...
[2026-08-20 14:30:07.375] [debug] [coffee] [coffee] event=settings.change status=success machineName=WMF_1 ip=192.168.10.99 port=25000
[2026-08-20 14:30:07.376] [debug] [coffee] [coffee] event=coffee.socket status=started transport=ws machineName=WMF_1 model=Lilly_(WMF) ip=192.168.10.99 port=25000
[2026-08-20 14:30:07.381] [debug] [task] [task] event=scheduler.change status=success routine=FOAMER_RINSING intervalSec=6000 normalizedIntervalSec=6000
[2026-08-20 14:30:07.383] [debug] [task] [task] event=scheduler.change status=success routine=ERROR_CHECK intervalSec=1800 normalizedIntervalSec=1800
[2026-08-20 14:30:07.385] [debug] [task] [task] event=scheduler.change status=success routine=TEMP_CHECK intervalSec=600 normalizedIntervalSec=600
[2026-08-20 14:30:07.390] [info]  [HASTE DB Save] Settings category "inventory" has been updated and saved to SQLite successfully.
[2026-08-20 14:30:07.393] [info]  [HASTE DB Save] Settings category "coffee" has been updated and saved to SQLite successfully.
[2026-08-20 14:30:07.396] [info]  [HASTE DB Save] Settings category "cup" has been updated and saved to SQLite successfully.
[2026-08-20 14:30:07.400] [info]  [HASTE DB Save] Settings category "parts" has been updated and saved to SQLite successfully.
[2026-08-20 14:30:07.401] [info]  [serialport] [serialport] event=settings.change status=success scope=all
[2026-08-20 14:30:07.402] [info]  [serialport] [serialport] event=serialport.connect status=started scope=all
[2026-08-20 14:30:07.405] [info]  [serialport] [serialport] event=serialport.connect status=started scope=all
[2026-08-20 14:30:07.408] [info]  [HASTE DB Save] Settings category "serialport" has been updated and saved to SQLite successfully.
[2026-08-20 14:30:07.412] [info]  [HASTE DB Save] Settings category "inventory" has been updated and saved to SQLite successfully.
[2026-08-20 14:30:07.416] [info]  [HASTE DB Save] Settings category "sirubs" has been updated and saved to SQLite successfully.
[2026-08-20 14:30:07.419] [info]  [HASTE DB Save] Settings category "inventory" has been updated and saved to SQLite successfully.
[2026-08-20 14:30:07.422] [info]  [HASTE DB Save] Settings category "water" has been updated and saved to SQLite successfully.
[2026-08-20 14:30:07.424] [info]  [HASTE DB Save] Settings category "unexpected" has been updated and saved to SQLite successfully.
[2026-08-20 14:30:07.428] [info]  [HASTE DB Save] Settings category "information" has been updated and saved to SQLite successfully.
[2026-08-20 14:30:07.432] [info]  [HASTE DB Save] Settings category "inventory" has been updated and saved to SQLite successfully.
[2026-08-20 14:30:07.435] [info]  [HASTE DB Save] Settings category "coffee" has been updated and saved to SQLite successfully.
[2026-08-20 14:30:07.435] [info]  [HASTE Restore Success] Forcing physical serial port reconnection...
[2026-08-20 14:30:07.436] [info]  [serialport] [serialport] event=serialport.connect status=started scope=all
[2026-08-20 14:30:07.438] [info]  [HASTE DB Restore] Settings backup restored and applied successfully. Path: "unknown_stream", AppliedCategories: [all_settings]
[2026-08-20 14:30:07.440] [info]  [HASTE DB Sync] Reloading memory settingsStore from SQLite database...
[2026-08-20 14:30:07.448] [info]  [HASTE DB Load] Loaded settings from SQLite database successfully. StoreName: "헤이스트 김포운양역점", StoreNo: "3412109495", ThemeMode: "Light", isKioskDryRun: "false"
[2026-08-20 14:30:07.450] [debug] [coffee] [coffee] event=settings.change status=success machineName=WMF ip=192.168.10.99 port=25000
[2026-08-20 14:30:07.453] [debug] [coffee] [coffee] event=coffee.socket status=started transport=ws machineName=WMF model=Lilly_(WMF) ip=192.168.10.99 port=25000
[2026-08-20 14:30:07.459] [info]  [HASTE DB Save] Settings category "inventory" has been updated and saved to SQLite successfully.
[2026-08-20 14:30:07.468] [info]  [task] [HASTE Autoload Commit] License auto-activated for: 3412109495
[2026-08-20 14:30:07.492] [info]   [HASTE Guard] Backup JSON successfully saved under SQLite DB folder: C:\Users\CoffeeVanada\AppData\Roaming\haste_client3.1\haste_injected_config_raw.json
[2026-08-20 14:30:07.534] [error] [serialport] [serialport] event=serialport.error status=failed reason=port_error boardName=board1 port=COM6 message="Opening COM6: Access denied"
[2026-08-20 14:30:07.536] [error] [serialport] [serialport] event=serialport.error status=failed reason=port_error boardName=board2 port=COM7 message="Opening COM7: Access denied"
[2026-08-20 14:30:07.544] [debug] [coffee] [coffee] event=coffee.socket status=success transport=ws machineName=WMF_1 action=connected
[2026-08-20 14:30:07.546] [error] [coffee] [coffee] event=hardware.command status=failed reason=not_connected machineName=WMF command=getApiVersion
[2026-08-20 14:30:07.547] [error] [coffee] [coffee] event=hardware.command status=failed reason=not_connected machineName=WMF command=getDiagnosticData
[2026-08-20 14:30:07.548] [error] [coffee] [coffee] event=hardware.command status=failed reason=not_connected machineName=WMF command=getMachineInfo
[2026-08-20 14:30:07.565] [debug] [coffee] [coffee] event=coffee.socket status=success transport=ws machineName=WMF action=connected
[2026-08-20 14:30:07.586] [debug] [serialport] [serialport] event=serialport.close status=success boardName=board1 port=COM3
[2026-08-20 14:30:07.587] [error] [serialport] [serialport] event=serialport.error status=failed reason=port_error boardName=board1 port=COM6 message="Opening COM6: Access denied"
[2026-08-20 14:30:07.589] [error] [serialport] [serialport] event=serialport.error status=failed reason=port_error boardName=board2 port=COM7 message="Opening COM7: Access denied"
[2026-08-20 14:30:07.596] [debug] [coffee] [coffee] event=hardware.response status=success machineName=Lilly_(WMF) command=getApiVersion returnvalue=40501
[2026-08-20 14:30:07.715] [debug] [serialport] [serialport] event=serialport.connect status=success boardName=board2 port=COM7
[2026-08-20 14:30:07.717] [debug] [api] [api] event=did.callback status=started target=local screen=main
[2026-08-20 14:30:07.718] [debug] [serialport] [serialport] event=serialport.connect status=success boardName=board1 port=COM6
[2026-08-20 14:30:07.799] [debug] [serialport] [serialport] event=serialport.packet status=success boardName=board1 length=24 message="bytearray(b'\\x020A1DCP0201A00101A10344\\x03')"
[2026-08-20 14:30:07.844] [debug] [serialport] [serialport] event=serialport.packet status=success boardName=board1 length=24 message="bytearray(b'\\x020A1DPC0200A00101A00342\\x03')"
[2026-08-20 14:30:07.846] [debug] [serialport] [serialport] event=serialport.packet.parse status=success boardName=board1 message="{\"isValidStx\":true,\"isValidEtx\":true,\"isValidDst\":true,\"isValidSrc\":true,\"isValidLength\":true,\"fnc\":\"1\",\"act\":\"D\",\"data\":{\"0\":48,\"1\":50,\"2\":48,\"3\":48,\"4\":65,\"5\":48,\"6\":48,\"7\":49,\"8\":48,\"9\":49,\"10\":65,\"11\":48,\"12\":48,\"13\":51,\"14\":52},\"values\":[\"02\",\"00\",\"A0\",\"01\",\"01\",\"A0\",\"03\"],\"part\":{},\"isValidChecksum\":true}"
[2026-08-20 14:30:08.104] [debug] [coffee] [coffee] event=hardware.response status=success machineName=Lilly_(WMF) command=getDiagnosticData returnvalue=0
[2026-08-20 14:30:08.105] [debug] [coffee] [coffee] event=temperature.change status=success value=96
[2026-08-20 14:30:08.106] [debug] [api] [api] event=did.callback status=ignored reason=local_did_not_open screen=temperature
[2026-08-20 14:30:08.530] [info]  [task] [HASTE Auto-Backup] Settings auto-backup slot rotation completed successfully.
[2026-08-20 14:30:08.560] [info]  [HASTE DB Save] Settings category "information" has been updated and saved to SQLite successfully.
[2026-08-20 14:30:08.562] [info]  [HASTE DB Save] Settings category "information" has been updated and saved to SQLite successfully.
[2026-08-20 14:30:08.564] [info]  [HASTE DB Save] Settings category "information" has been updated and saved to SQLite successfully.
[2026-08-20 14:30:08.606] [info]  [task] [HASTE Single Correct] Corrected productNo=undefined (type=name_only) to match Google standard
[2026-08-20 14:30:08.607] [error] [Client] [POS_SYNC] [IMPORT_FAIL] : 가져올 키오스크 상품 번호가 전달되지 않았습니다.
[2026-08-20 14:30:08.618] [info]  [HASTE DB Save] Settings category "menu" has been updated and saved to SQLite successfully.
[2026-08-20 14:30:08.619] [info]  [HASTE DB Save] Settings category "product" has been updated and saved to SQLite successfully.
[2026-08-20 14:30:08.620] [info]  [HASTE DB Sync] Reloading memory settingsStore from SQLite database...
[2026-08-20 14:30:08.623] [info]  [HASTE DB Load] Loaded settings from SQLite database successfully. StoreName: "헤이스트 김포운양역점", StoreNo: "3412109495", ThemeMode: "Light", isKioskDryRun: "false"
[2026-08-20 14:30:08.694] [info]  [HASTE Standard Recipe Apply] Successfully synced 42 Toss Kiosk products from Google Sheet SOT! (Tier: MV_STANDARD)
[2026-08-20 14:30:08.694] [info]  [HASTE Standard Recipe Apply] Successfully generated and injected 292 store-matched physical recipes & Toss Kiosk menu from Google Sheet SOT! (Hopper1: D, Hopper2: N, Board: 2(24종))
[2026-08-20 14:30:08.707] [debug] [api] [HASTE Theme Sync] Applied local UI theme: isDark=false
[2026-08-20 14:30:08.710] [info]  [HASTE DB Save] Settings category "information" has been updated and saved to SQLite successfully.
[2026-08-20 14:30:08.710] [info]  [task] [HASTE Pricing] Successfully applied pricing tier 'MV_STANDARD' to 27 kiosk menu items.
[2026-08-20 14:30:08.770] [info]  [HASTE DB Save] Settings category "information" has been updated and saved to SQLite successfully.
[2026-08-20 14:30:08.772] [debug] [api] [HASTE DevTools Sync] Current window DevTools opened state: false, Target state: false
[2026-08-20 14:30:09.475] [debug] [coffee] [coffee] event=hardware.response status=success machineName=Lilly_(WMF) command=getMachineInfo returnvalue=0
[2026-08-20 14:30:09.890] [error] [coffee] [coffee] event=coffee.socket status=failed reason=ws_error machineName=WMF model=Lilly_(WMF) ip=192.168.10.138 port=25000 message="connect ETIMEDOUT 192.168.10.138:25000"
[2026-08-20 14:30:09.893] [debug] [api] [api] event=did.callback status=started target=local screen=/ reason=coffee_machine_down
[2026-08-20 14:30:12.774] [debug] [api] [HASTE Theme Sync] Applied local UI theme: isDark=false
[2026-08-20 14:30:12.776] [info]  [HASTE DB Save] Settings category "information" has been updated and saved to SQLite successfully.
[2026-08-20 14:30:12.839] [info]  [HASTE DB Save] Settings category "information" has been updated and saved to SQLite successfully.
[2026-08-20 14:30:12.840] [info]  [HASTE DB Save] Settings category "information" has been updated and saved to SQLite successfully.
[2026-08-20 14:30:12.841] [info]  [HASTE DB Save] Settings category "information" has been updated and saved to SQLite successfully.
[2026-08-20 14:30:12.874] [info]  [task] [HASTE Single Correct] Corrected productNo=undefined (type=name_only) to match Google standard
[2026-08-20 14:30:12.875] [error] [Client] [POS_SYNC] [IMPORT_FAIL] : 가져올 키오스크 상품 번호가 전달되지 않았습니다.
[2026-08-20 14:30:12.882] [info]  [HASTE DB Save] Settings category "menu" has been updated and saved to SQLite successfully.
[2026-08-20 14:30:12.883] [info]  [HASTE DB Save] Settings category "product" has been updated and saved to SQLite successfully.
[2026-08-20 14:30:12.884] [info]  [HASTE DB Sync] Reloading memory settingsStore from SQLite database...
[2026-08-20 14:30:12.886] [info]  [HASTE DB Load] Loaded settings from SQLite database successfully. StoreName: "헤이스트 김포운양역점", StoreNo: "3412109495", ThemeMode: "Light", isKioskDryRun: "false"
[2026-08-20 14:30:12.887] [info]  [HASTE] Successfully cloned 41 kiosk items to local SQLite DB & store!
[2026-08-20 14:30:12.893] [info]  [HASTE DB Save] Settings category "menu" has been updated and saved to SQLite successfully.
[2026-08-20 14:30:12.895] [info]  [HASTE DB Save] Settings category "product" has been updated and saved to SQLite successfully.
[2026-08-20 14:30:12.895] [info]  [HASTE DB Sync] Reloading memory settingsStore from SQLite database...
[2026-08-20 14:30:12.899] [info]  [HASTE DB Load] Loaded settings from SQLite database successfully. StoreName: "헤이스트 김포운양역점", StoreNo: "3412109495", ThemeMode: "Light", isKioskDryRun: "false"
[2026-08-20 14:30:12.975] [info]  [HASTE Standard Recipe Apply] Successfully synced 42 Toss Kiosk products from Google Sheet SOT! (Tier: MV_STANDARD)
[2026-08-20 14:30:12.975] [info]  [HASTE Standard Recipe Apply] Successfully generated and injected 292 store-matched physical recipes & Toss Kiosk menu from Google Sheet SOT! (Hopper1: D, Hopper2: N_SAVE, Board: 2(24종))
[2026-08-20 14:30:12.994] [info]  [HASTE DB Save] Settings category "information" has been updated and saved to SQLite successfully.
[2026-08-20 14:30:12.995] [info]  [task] [HASTE Pricing] Successfully applied pricing tier 'MV_STANDARD' to 27 kiosk menu items.
[2026-08-20 14:30:13.013] [debug] [api] [HASTE DevTools Sync] Current window DevTools opened state: false, Target state: false
[2026-08-20 14:30:13.185] [info]  [HASTE DB Save] Settings category "information" has been updated and saved to SQLite successfully.
[2026-08-20 14:30:14.474] [debug] [api] [HASTE Theme Sync] Applied local UI theme: isDark=false
[2026-08-20 14:30:14.476] [info]  [HASTE DB Save] Settings category "information" has been updated and saved to SQLite successfully.
[2026-08-20 14:30:14.733] [info]  [HASTE DB Save] Settings category "information" has been updated and saved to SQLite successfully.
[2026-08-20 14:30:14.735] [info]  [HASTE DB Save] Settings category "information" has been updated and saved to SQLite successfully.
[2026-08-20 14:30:14.740] [info]  [HASTE DB Save] Settings category "information" has been updated and saved to SQLite successfully.