[2026-08-09 07:52:17.602] [error] [HASTE Agent] [HASTE] Direct SQLite Load Failed, falling back to env: Cannot find module 'better-sqlite3'
Require stack:
- C:\Users\CoffeeVanada\AppData\Local\Programs\haste-client\resources\haste_agent_bridge.js
[2026-08-09 07:52:17.602] [error] [HASTE] Direct SQLite Load Failed, falling back to env: Cannot find module 'better-sqlite3'
[2026-08-09 07:52:17.603] [error] [HASTE Agent] Critical Error: DISCORD_BOT_TOKEN environment variable & DB storage are missing! Fail-Fast exit.
[2026-08-09 07:52:17.604] [error] Require stack:
[2026-08-09 07:52:17.604] [error] - C:\Users\CoffeeVanada\AppData\Local\Programs\haste-client\resources\haste_agent_bridge.js
[2026-08-09 07:52:17.606] [error] [2026-08-09 07:52:17.603] [error] [HASTE Agent] Critical Error: DISCORD_BOT_TOKEN environment variable & DB storage are missing! Fail-Fast exit.
[2026-08-09 07:52:26.359] [info] [HASTE Agent] [HASTE Agent Bot] Successfully initialized using injected env variables. StoreCode: store075575
[2026-08-09 07:52:26.359] [info]  [HASTE Agent Bot] Successfully initialized using injected env variables. StoreCode: store075575
[2026-08-09 07:52:26.374] [info] [HASTE Agent] [HQ Origin] HASTE Cloud designated via --prod launch argument.
[2026-08-09 07:52:26.374] [info]  [HQ Origin] HASTE Cloud designated via --prod launch argument.
[2026-08-09 07:52:26.374] [info] [HASTE Agent] Targeting endpoint: https://cloud.cafehaste.com
[2026-08-09 07:52:26.375] [info]  Targeting endpoint: https://cloud.cafehaste.com
[2026-08-09 07:52:26.444] [info] [HASTE Agent] [HASTE Agent Server] Hono Gateway running on Port 8082 (Relaying to Port 8080)
[2026-08-09 07:52:26.444] [info]  [HASTE Agent Server] Hono Gateway running on Port 8082 (Relaying to Port 8080)
[2026-08-09 07:52:26.445] [info] [HASTE Agent] Stealth Standby mode active. Waiting for remote connection requests...
[2026-08-09 07:52:26.445] [info] [HASTE Agent] [HEALTH] [RUN] (store075575) : Checking Lilly Engine API (Attempt: 1/5)
[2026-08-09 07:52:26.445] [info]  [2026-08-09 07:52:26.444] [info] [HASTE Agent] Stealth Standby mode active. Waiting for remote connection requests...
[2026-08-09 07:52:26.457] [info] [HASTE Agent] [HASTE] [Step 0: HEALTH] [INFO] Starting diagnostics for local hardware and internet connectivity...
[2026-08-09 07:52:26.457] [info]  [2026-08-09 07:52:26.445] [info] [HASTE Agent] [HEALTH] [RUN] (store075575) : Checking Lilly Engine API (Attempt: 1/5)
[2026-08-09 07:52:26.458] [info]  [HASTE] [Step 0: HEALTH] [INFO] Starting diagnostics for local hardware and internet connectivity...
[2026-08-09 07:52:26.768] [info] [HASTE Agent] Discord client skipped. Running in Direct Webhook/SSE Tunnel Mode.
[2026-08-09 07:52:26.769] [info]  [2026-08-09 07:52:26.767] [info] [HASTE Agent] Discord client skipped. Running in Direct Webhook/SSE Tunnel Mode.
[2026-08-09 07:52:50.032] [info]  [HASTE Agent Bot] Successfully initialized using injected env variables. StoreCode: store075575
[2026-08-09 07:52:50.033] [info] [HASTE Agent] [HASTE Agent Bot] Successfully initialized using injected env variables. StoreCode: store075575
[2026-08-09 07:52:50.035] [info]  [HQ Origin] HASTE Cloud designated via --prod launch argument.
[2026-08-09 07:52:50.035] [info] [HASTE Agent] [HQ Origin] HASTE Cloud designated via --prod launch argument.
[2026-08-09 07:52:50.037] [info]  Targeting endpoint: https://cloud.cafehaste.com
[2026-08-09 07:52:50.037] [info] [HASTE Agent] Targeting endpoint: https://cloud.cafehaste.com
[2026-08-09 07:52:50.173] [info] [HASTE Agent] [HASTE Agent Server] Hono Gateway running on Port 8082 (Relaying to Port 8080)
[2026-08-09 07:52:50.174] [info]  [HASTE Agent Server] Hono Gateway running on Port 8082 (Relaying to Port 8080)
[2026-08-09 07:52:50.175] [info]  [2026-08-09 07:52:50.174] [info] [HASTE Agent] Stealth Standby mode active. Waiting for remote connection requests...
[2026-08-09 07:52:50.174] [info] [HASTE Agent] Stealth Standby mode active. Waiting for remote connection requests...
[2026-08-09 07:52:50.178] [info]  [2026-08-09 07:52:50.177] [info] [HASTE Agent] [HEALTH] [RUN] (store075575) : Checking Lilly Engine API (Attempt: 1/5)
[2026-08-09 07:52:50.180] [info] [HASTE Agent] [HEALTH] [RUN] (store075575) : Checking Lilly Engine API (Attempt: 1/5)
[2026-08-09 07:52:50.183] [info]  [HASTE] [Step 0: HEALTH] [INFO] Starting diagnostics for local hardware and internet connectivity...
[2026-08-09 07:52:50.184] [info] [HASTE Agent] [HASTE] [Step 0: HEALTH] [INFO] Starting diagnostics for local hardware and internet connectivity...
[2026-08-09 07:52:50.623] [info] [HASTE Agent] Discord client skipped. Running in Direct Webhook/SSE Tunnel Mode.
[2026-08-09 07:52:50.624] [info]  [2026-08-09 07:52:50.623] [info] [HASTE Agent] Discord client skipped. Running in Direct Webhook/SSE Tunnel Mode.
[2026-08-09 07:54:03.443] [info]  [HASTE Agent Bot] Successfully initialized using injected env variables. StoreCode: store075575
[2026-08-09 07:54:03.445] [info] [HASTE Agent] [HASTE Agent Bot] Successfully initialized using injected env variables. StoreCode: store075575
[2026-08-09 07:54:03.446] [info]  [HQ Origin] HASTE Cloud designated via --prod launch argument.
[2026-08-09 07:54:03.447] [info] [HASTE Agent] [HQ Origin] HASTE Cloud designated via --prod launch argument.
[2026-08-09 07:54:03.448] [info]  Targeting endpoint: https://cloud.cafehaste.com
[2026-08-09 07:54:03.448] [info] [HASTE Agent] Targeting endpoint: https://cloud.cafehaste.com
[2026-08-09 07:54:03.549] [info]  [HASTE Agent Server] Hono Gateway running on Port 8082 (Relaying to Port 8080)
[2026-08-09 07:54:03.550] [info] [HASTE Agent] [HASTE Agent Server] Hono Gateway running on Port 8082 (Relaying to Port 8080)
[2026-08-09 07:54:03.551] [info]  [2026-08-09 07:54:03.550] [info] [HASTE Agent] Stealth Standby mode active. Waiting for remote connection requests...
[2026-08-09 07:54:03.552] [info] [HASTE Agent] Stealth Standby mode active. Waiting for remote connection requests...
[2026-08-09 07:54:03.553] [info]  [2026-08-09 07:54:03.553] [info] [HASTE Agent] [HEALTH] [RUN] (store075575) : Checking Lilly Engine API (Attempt: 1/5)
[2026-08-09 07:54:03.554] [info] [HASTE Agent] [HEALTH] [RUN] (store075575) : Checking Lilly Engine API (Attempt: 1/5)
[2026-08-09 07:54:03.555] [info]  [HASTE] [Step 0: HEALTH] [INFO] Starting diagnostics for local hardware and internet connectivity...
[2026-08-09 07:54:03.556] [info] [HASTE Agent] [HASTE] [Step 0: HEALTH] [INFO] Starting diagnostics for local hardware and internet connectivity...
[2026-08-09 07:54:03.892] [info]  [2026-08-09 07:54:03.891] [info] [HASTE Agent] Discord client skipped. Running in Direct Webhook/SSE Tunnel Mode.
[2026-08-09 07:54:03.893] [info] [HASTE Agent] Discord client skipped. Running in Direct Webhook/SSE Tunnel Mode.
[2026-08-09 08:04:24.695] [info]  [HASTE Agent Bot] Successfully initialized using injected env variables. StoreCode: 075575
[2026-08-09 08:04:24.697] [info] [HASTE Agent] [HASTE Agent Bot] Successfully initialized using injected env variables. StoreCode: 075575
[2026-08-09 08:04:24.698] [info]  [HQ Origin] HASTE Cloud designated via --prod launch argument.
[2026-08-09 08:04:24.699] [info] [HASTE Agent] [HQ Origin] HASTE Cloud designated via --prod launch argument.
[2026-08-09 08:04:24.702] [info]  Targeting endpoint: https://cloud.cafehaste.com
[2026-08-09 08:04:24.703] [info] [HASTE Agent] Targeting endpoint: https://cloud.cafehaste.com
[2026-08-09 08:04:24.865] [info]  [HASTE Agent Server] Hono Gateway running on Port 8082 (Relaying to Port 8080)
[2026-08-09 08:04:24.866] [info] [HASTE Agent] [HASTE Agent Server] Hono Gateway running on Port 8082 (Relaying to Port 8080)
[2026-08-09 08:04:24.867] [info]  [2026-08-09 08:04:24.867] [info] [HASTE Agent] Stealth Standby mode active. Waiting for remote connection requests...
[2026-08-09 08:04:24.868] [info] [HASTE Agent] Stealth Standby mode active. Waiting for remote connection requests...
[2026-08-09 08:04:24.869] [info]  [2026-08-09 08:04:24.869] [info] [HASTE Agent] [HEALTH] [RUN] (075575) : Checking Lilly Engine API (Attempt: 1/5)
[2026-08-09 08:04:24.870] [info] [HASTE Agent] [HEALTH] [RUN] (075575) : Checking Lilly Engine API (Attempt: 1/5)
[2026-08-09 08:04:24.871] [info]  [HASTE] [Step 0: HEALTH] [INFO] Starting diagnostics for local hardware and internet connectivity...
[2026-08-09 08:04:24.873] [info] [HASTE Agent] [HASTE] [Step 0: HEALTH] [INFO] Starting diagnostics for local hardware and internet connectivity...
[2026-08-09 08:04:25.688] [info]  [2026-08-09 08:04:25.688] [info] [HASTE Agent] Discord client skipped. Running in Direct Webhook/SSE Tunnel Mode.
[2026-08-09 08:04:25.690] [info] [HASTE Agent] Discord client skipped. Running in Direct Webhook/SSE Tunnel Mode.
[2026-08-09 08:10:00.464] [info]  [HASTE Agent Bot] Successfully initialized using injected env variables. StoreCode: 075575
[2026-08-09 08:10:00.465] [info] [HASTE Agent] [HASTE Agent Bot] Successfully initialized using injected env variables. StoreCode: 075575
[2026-08-09 08:10:00.467] [info]  [HQ Origin] HASTE Cloud designated via --prod launch argument.
[2026-08-09 08:10:00.467] [info] [HASTE Agent] [HQ Origin] HASTE Cloud designated via --prod launch argument.
[2026-08-09 08:10:00.468] [info]  Targeting endpoint: https://cloud.cafehaste.com
[2026-08-09 08:10:00.469] [info] [HASTE Agent] Targeting endpoint: https://cloud.cafehaste.com
[2026-08-09 08:10:00.625] [info] [HASTE Agent] [HASTE Agent Server] Hono Gateway running on Port 8082 (Relaying to Port 8080)
[2026-08-09 08:10:00.626] [info]  [HASTE Agent Server] Hono Gateway running on Port 8082 (Relaying to Port 8080)
[2026-08-09 08:10:00.626] [info] [HASTE Agent] Stealth Standby mode active. Waiting for remote connection requests...
[2026-08-09 08:10:00.627] [info]  [2026-08-09 08:10:00.626] [info] [HASTE Agent] Stealth Standby mode active. Waiting for remote connection requests...
[2026-08-09 08:10:00.627] [info] [HASTE Agent] [HEALTH] [RUN] (075575) : Checking Lilly Engine API (Attempt: 1/5)
[2026-08-09 08:10:00.629] [info]  [2026-08-09 08:10:00.627] [info] [HASTE Agent] [HEALTH] [RUN] (075575) : Checking Lilly Engine API (Attempt: 1/5)
[2026-08-09 08:10:00.629] [info] [HASTE Agent] [HASTE] [Step 0: HEALTH] [INFO] Starting diagnostics for local hardware and internet connectivity...
[2026-08-09 08:10:00.630] [info]  [HASTE] [Step 0: HEALTH] [INFO] Starting diagnostics for local hardware and internet connectivity...
[2026-08-09 08:10:02.403] [info] [HASTE Agent] Discord client skipped. Running in Direct Webhook/SSE Tunnel Mode.
[2026-08-09 08:10:02.404] [info]  [2026-08-09 08:10:02.403] [info] [HASTE Agent] Discord client skipped. Running in Direct Webhook/SSE Tunnel Mode.
[2026-08-09 08:15:29.935] [info]  [HASTE Agent Bot] Successfully initialized using injected env variables. StoreCode: 075575
[2026-08-09 08:15:29.936] [info] [HASTE Agent] [HASTE Agent Bot] Successfully initialized using injected env variables. StoreCode: 075575
[2026-08-09 08:15:29.939] [info]  [HQ Origin] HASTE Cloud designated via --prod launch argument.
[2026-08-09 08:15:29.940] [info] [HASTE Agent] [HQ Origin] HASTE Cloud designated via --prod launch argument.
[2026-08-09 08:15:29.941] [info]  Targeting endpoint: https://cloud.cafehaste.com
[2026-08-09 08:15:29.942] [info] [HASTE Agent] Targeting endpoint: https://cloud.cafehaste.com
[2026-08-09 08:15:30.497] [info] [HASTE Agent] [HASTE Agent Server] Hono Gateway running on Port 8082 (Relaying to Port 8080)
[2026-08-09 08:15:30.497] [info] [HASTE Agent] Stealth Standby mode active. Waiting for remote connection requests...
[2026-08-09 08:15:30.498] [info] [HASTE Agent] [HEALTH] [RUN] (075575) : Checking Lilly Engine API (Attempt: 1/5)
[2026-08-09 08:15:30.500] [info] [HASTE Agent] [HASTE] [Step 0: HEALTH] [INFO] Starting diagnostics for local hardware and internet connectivity...
[2026-08-09 08:15:30.557] [info]  [HASTE Agent Server] Hono Gateway running on Port 8082 (Relaying to Port 8080)
[2026-08-09 08:15:30.558] [info]  [2026-08-09 08:15:30.497] [info] [HASTE Agent] Stealth Standby mode active. Waiting for remote connection requests...
[2026-08-09 08:15:30.558] [info]  [2026-08-09 08:15:30.498] [info] [HASTE Agent] [HEALTH] [RUN] (075575) : Checking Lilly Engine API (Attempt: 1/5)
[2026-08-09 08:15:30.559] [info]  [HASTE] [Step 0: HEALTH] [INFO] Starting diagnostics for local hardware and internet connectivity...
[2026-08-09 08:15:31.573] [info] [HASTE Agent] Discord client skipped. Running in Direct Webhook/SSE Tunnel Mode.
[2026-08-09 08:15:31.574] [info]  [2026-08-09 08:15:31.573] [info] [HASTE Agent] Discord client skipped. Running in Direct Webhook/SSE Tunnel Mode.
[2026-08-09 08:19:09.803] [info]  [HASTE Agent Bot] Successfully initialized using injected env variables. StoreCode: 075575
[2026-08-09 08:19:09.804] [info] [HASTE Agent] [HASTE Agent Bot] Successfully initialized using injected env variables. StoreCode: 075575
[2026-08-09 08:19:09.806] [info]  [HQ Origin] HASTE Cloud designated via --prod launch argument.
[2026-08-09 08:19:09.807] [info] [HASTE Agent] [HQ Origin] HASTE Cloud designated via --prod launch argument.
[2026-08-09 08:19:09.808] [info]  Targeting endpoint: https://cloud.cafehaste.com
[2026-08-09 08:19:09.808] [info] [HASTE Agent] Targeting endpoint: https://cloud.cafehaste.com
[2026-08-09 08:19:10.577] [info]  [HASTE Agent Server] Hono Gateway running on Port 8082 (Relaying to Port 8080)
[2026-08-09 08:19:10.587] [info] [HASTE Agent] [HASTE Agent Server] Hono Gateway running on Port 8082 (Relaying to Port 8080)
[2026-08-09 08:19:10.589] [info]  [2026-08-09 08:19:10.588] [info] [HASTE Agent] Stealth Standby mode active. Waiting for remote connection requests...
[2026-08-09 08:19:10.590] [info] [HASTE Agent] Stealth Standby mode active. Waiting for remote connection requests...
[2026-08-09 08:19:10.592] [info]  [2026-08-09 08:19:10.591] [info] [HASTE Agent] [HEALTH] [RUN] (075575) : Checking Lilly Engine API (Attempt: 1/5)
[2026-08-09 08:19:10.598] [info] [HASTE Agent] [HEALTH] [RUN] (075575) : Checking Lilly Engine API (Attempt: 1/5)
[2026-08-09 08:19:10.600] [info]  [HASTE] [Step 0: HEALTH] [INFO] Starting diagnostics for local hardware and internet connectivity...
[2026-08-09 08:19:10.601] [info] [HASTE Agent] [HASTE] [Step 0: HEALTH] [INFO] Starting diagnostics for local hardware and internet connectivity...
[2026-08-09 08:19:11.257] [info] [HASTE Agent] Discord client skipped. Running in Direct Webhook/SSE Tunnel Mode.
[2026-08-09 08:19:11.258] [info]  [2026-08-09 08:19:11.257] [info] [HASTE Agent] Discord client skipped. Running in Direct Webhook/SSE Tunnel Mode.
[2026-08-09 08:27:35.004] [info]  [HASTE Agent Bot] Successfully initialized using injected env variables. StoreCode: 075575
[2026-08-09 08:27:35.005] [info] [HASTE Agent] [HASTE Agent Bot] Successfully initialized using injected env variables. StoreCode: 075575
[2026-08-09 08:27:35.008] [info]  [HQ Origin] HASTE Cloud designated via --prod launch argument.
[2026-08-09 08:27:35.008] [info] [HASTE Agent] [HQ Origin] HASTE Cloud designated via --prod launch argument.
[2026-08-09 08:27:35.010] [info]  Targeting endpoint: https://cloud.cafehaste.com
[2026-08-09 08:27:35.010] [info] [HASTE Agent] Targeting endpoint: https://cloud.cafehaste.com
[2026-08-09 08:27:35.780] [info] [HASTE Agent] [HASTE Agent Server] Hono Gateway running on Port 8082 (Relaying to Port 8080)
[2026-08-09 08:27:35.782] [info]  [HASTE Agent Server] Hono Gateway running on Port 8082 (Relaying to Port 8080)
[2026-08-09 08:27:35.785] [info] [HASTE Agent] Stealth Standby mode active. Waiting for remote connection requests...
[2026-08-09 08:27:35.786] [info]  [2026-08-09 08:27:35.785] [info] [HASTE Agent] Stealth Standby mode active. Waiting for remote connection requests...
[2026-08-09 08:27:35.786] [info] [HASTE Agent] [HEALTH] [RUN] (075575) : Checking Lilly Engine API (Attempt: 1/5)
[2026-08-09 08:27:35.787] [info] [HASTE Agent] [HASTE] [Step 0: HEALTH] [INFO] Starting diagnostics for local hardware and internet connectivity...
[2026-08-09 08:27:35.788] [info]  [2026-08-09 08:27:35.786] [info] [HASTE Agent] [HEALTH] [RUN] (075575) : Checking Lilly Engine API (Attempt: 1/5)
[2026-08-09 08:27:35.790] [info]  [HASTE] [Step 0: HEALTH] [INFO] Starting diagnostics for local hardware and internet connectivity...
[2026-08-09 08:27:36.194] [info] [HASTE Agent] Discord client skipped. Running in Direct Webhook/SSE Tunnel Mode.
[2026-08-09 08:27:36.195] [info]  [2026-08-09 08:27:36.193] [info] [HASTE Agent] Discord client skipped. Running in Direct Webhook/SSE Tunnel Mode.
[2026-08-09 08:34:14.977] [info] [HASTE Agent] [HASTE Agent Bot] Successfully initialized using injected env variables. StoreCode: 075575
[2026-08-09 08:34:14.978] [info]  [HASTE Agent Bot] Successfully initialized using injected env variables. StoreCode: 075575
[2026-08-09 08:34:14.979] [info] [HASTE Agent] [HQ Origin] HASTE Cloud designated via --prod launch argument.
[2026-08-09 08:34:14.980] [info]  [HQ Origin] HASTE Cloud designated via --prod launch argument.
[2026-08-09 08:34:14.979] [info] [HASTE Agent] Targeting endpoint: https://cloud.cafehaste.com
[2026-08-09 08:34:14.981] [info]  Targeting endpoint: https://cloud.cafehaste.com
[2026-08-09 08:34:15.114] [info] [HASTE Agent] [HASTE Agent Server] Hono Gateway running on Port 8082 (Relaying to Port 8080)
[2026-08-09 08:34:15.114] [info]  [HASTE Agent Server] Hono Gateway running on Port 8082 (Relaying to Port 8080)
[2026-08-09 08:34:15.114] [info] [HASTE Agent] Stealth Standby mode active. Waiting for remote connection requests...
[2026-08-09 08:34:15.115] [info]  [2026-08-09 08:34:15.114] [info] [HASTE Agent] Stealth Standby mode active. Waiting for remote connection requests...
[2026-08-09 08:34:15.117] [info]  [2026-08-09 08:34:15.116] [info] [HASTE Agent] [HEALTH] [RUN] (075575) : Checking Lilly Engine API (Attempt: 1/5)
[2026-08-09 08:34:15.117] [info] [HASTE Agent] [HEALTH] [RUN] (075575) : Checking Lilly Engine API (Attempt: 1/5)
[2026-08-09 08:34:15.119] [info]  [HASTE] [Step 0: HEALTH] [INFO] Starting diagnostics for local hardware and internet connectivity...
[2026-08-09 08:34:15.119] [info] [HASTE Agent] [HASTE] [Step 0: HEALTH] [INFO] Starting diagnostics for local hardware and internet connectivity...
[2026-08-09 08:34:15.542] [info] [HASTE Agent] Discord client skipped. Running in Direct Webhook/SSE Tunnel Mode.
[2026-08-09 08:34:15.543] [info]  [2026-08-09 08:34:15.542] [info] [HASTE Agent] Discord client skipped. Running in Direct Webhook/SSE Tunnel Mode.
[2026-08-09 08:41:39.995] [info]  [HASTE Agent Bot] Successfully initialized using injected env variables. StoreCode: 075575
[2026-08-09 08:41:39.994] [info] [HASTE Agent] [HASTE Agent Bot] Successfully initialized using injected env variables. StoreCode: 075575
[2026-08-09 08:41:39.997] [info] [HASTE Agent] [HQ Origin] HASTE Cloud designated via --prod launch argument.
[2026-08-09 08:41:39.997] [info]  [HQ Origin] HASTE Cloud designated via --prod launch argument.
[2026-08-09 08:41:39.998] [info] [HASTE Agent] Targeting endpoint: https://cloud.cafehaste.com
[2026-08-09 08:41:39.998] [info]  Targeting endpoint: https://cloud.cafehaste.com
[2026-08-09 08:41:40.448] [info]  [HASTE Agent Server] Hono Gateway running on Port 8082 (Relaying to Port 8080)
[2026-08-09 08:41:40.449] [info] [HASTE Agent] [HASTE Agent Server] Hono Gateway running on Port 8082 (Relaying to Port 8080)
[2026-08-09 08:41:40.451] [info]  [2026-08-09 08:41:40.450] [info] [HASTE Agent] Stealth Standby mode active. Waiting for remote connection requests...
[2026-08-09 08:41:40.452] [info] [HASTE Agent] Stealth Standby mode active. Waiting for remote connection requests...
[2026-08-09 08:41:40.453] [info]  [2026-08-09 08:41:40.453] [info] [HASTE Agent] [HEALTH] [RUN] (075575) : Checking Lilly Engine API (Attempt: 1/5)
[2026-08-09 08:41:40.454] [info] [HASTE Agent] [HEALTH] [RUN] (075575) : Checking Lilly Engine API (Attempt: 1/5)
[2026-08-09 08:41:40.455] [info]  [HASTE] [Step 0: HEALTH] [INFO] Starting diagnostics for local hardware and internet connectivity...
[2026-08-09 08:41:40.456] [info] [HASTE Agent] [HASTE] [Step 0: HEALTH] [INFO] Starting diagnostics for local hardware and internet connectivity...
[2026-08-09 08:41:41.386] [info] [HASTE Agent] Discord client skipped. Running in Direct Webhook/SSE Tunnel Mode.
[2026-08-09 08:41:41.386] [info]  [2026-08-09 08:41:41.385] [info] [HASTE Agent] Discord client skipped. Running in Direct Webhook/SSE Tunnel Mode.
[2026-08-09 08:50:44.042] [info]  [HASTE Agent Bot] Successfully initialized using injected env variables. StoreCode: 075575
[2026-08-09 08:50:44.042] [info] [HASTE Agent] [HASTE Agent Bot] Successfully initialized using injected env variables. StoreCode: 075575
[2026-08-09 08:50:44.044] [info]  [HQ Origin] HASTE Cloud designated via --prod launch argument.
[2026-08-09 08:50:44.045] [info] [HASTE Agent] [HQ Origin] HASTE Cloud designated via --prod launch argument.
[2026-08-09 08:50:44.046] [info]  Targeting endpoint: https://cloud.cafehaste.com
[2026-08-09 08:50:44.047] [info] [HASTE Agent] Targeting endpoint: https://cloud.cafehaste.com
[2026-08-09 08:50:44.315] [info]  [HASTE Agent Server] Hono Gateway running on Port 8082 (Relaying to Port 8080)
[2026-08-09 08:50:44.315] [info] [HASTE Agent] [HASTE Agent Server] Hono Gateway running on Port 8082 (Relaying to Port 8080)
[2026-08-09 08:50:44.316] [info]  [2026-08-09 08:50:44.316] [info] [HASTE Agent] Stealth Standby mode active. Waiting for remote connection requests...
[2026-08-09 08:50:44.547] [info] [HASTE Agent] Stealth Standby mode active. Waiting for remote connection requests...
[2026-08-09 08:50:44.549] [info]  [2026-08-09 08:50:44.548] [info] [HASTE Agent] [HEALTH] [RUN] (075575) : Checking Lilly Engine API (Attempt: 1/5)
[2026-08-09 08:50:44.583] [info] [HASTE Agent] [HEALTH] [RUN] (075575) : Checking Lilly Engine API (Attempt: 1/5)
[2026-08-09 08:50:44.584] [info]  [HASTE] [Step 0: HEALTH] [INFO] Starting diagnostics for local hardware and internet connectivity...
[2026-08-09 08:50:44.585] [info] [HASTE Agent] [HASTE] [Step 0: HEALTH] [INFO] Starting diagnostics for local hardware and internet connectivity...
[2026-08-09 08:50:45.358] [info]  [2026-08-09 08:50:45.353] [info] [HASTE Agent] Discord client skipped. Running in Direct Webhook/SSE Tunnel Mode.
[2026-08-09 08:50:45.359] [info] [HASTE Agent] Discord client skipped. Running in Direct Webhook/SSE Tunnel Mode.
[2026-08-09 09:00:02.290] [info]  [HASTE Agent Bot] Successfully initialized using injected env variables. StoreCode: 075575
[2026-08-09 09:00:02.291] [info] [HASTE Agent] [HASTE Agent Bot] Successfully initialized using injected env variables. StoreCode: 075575
[2026-08-09 09:00:02.293] [info]  [HQ Origin] HASTE Cloud designated via --prod launch argument.
[2026-08-09 09:00:02.293] [info] [HASTE Agent] [HQ Origin] HASTE Cloud designated via --prod launch argument.
[2026-08-09 09:00:02.295] [info]  Targeting endpoint: https://cloud.cafehaste.com
[2026-08-09 09:00:02.295] [info] [HASTE Agent] Targeting endpoint: https://cloud.cafehaste.com
[2026-08-09 09:00:02.990] [info] [HASTE Agent] [HASTE Agent Server] Hono Gateway running on Port 8082 (Relaying to Port 8080)
[2026-08-09 09:00:02.991] [info]  [HASTE Agent Server] Hono Gateway running on Port 8082 (Relaying to Port 8080)
[2026-08-09 09:00:02.991] [info] [HASTE Agent] Stealth Standby mode active. Waiting for remote connection requests...
[2026-08-09 09:00:02.997] [info] [HASTE Agent] [HEALTH] [RUN] (075575) : Checking Lilly Engine API (Attempt: 1/5)
[2026-08-09 09:00:02.998] [info]  [2026-08-09 09:00:02.991] [info] [HASTE Agent] Stealth Standby mode active. Waiting for remote connection requests...
[2026-08-09 09:00:02.999] [info]  [2026-08-09 09:00:02.997] [info] [HASTE Agent] [HEALTH] [RUN] (075575) : Checking Lilly Engine API (Attempt: 1/5)
[2026-08-09 09:00:03.016] [info]  [HASTE] [Step 0: HEALTH] [INFO] Starting diagnostics for local hardware and internet connectivity...
[2026-08-09 09:00:03.021] [info] [HASTE Agent] [HASTE] [Step 0: HEALTH] [INFO] Starting diagnostics for local hardware and internet connectivity...
[2026-08-09 09:00:03.398] [info] [HASTE Agent] Discord client skipped. Running in Direct Webhook/SSE Tunnel Mode.
[2026-08-09 09:00:03.399] [info]  [2026-08-09 09:00:03.398] [info] [HASTE Agent] Discord client skipped. Running in Direct Webhook/SSE Tunnel Mode.
[2026-08-09 09:09:22.211] [info]  [HASTE Agent Bot] Successfully initialized using injected env variables. StoreCode: 075575
[2026-08-09 09:09:22.216] [info] [HASTE Agent] [HASTE Agent Bot] Successfully initialized using injected env variables. StoreCode: 075575
[2026-08-09 09:09:22.219] [info]  [HQ Origin] HASTE Cloud designated via --prod launch argument.
[2026-08-09 09:09:22.221] [info] [HASTE Agent] [HQ Origin] HASTE Cloud designated via --prod launch argument.
[2026-08-09 09:09:22.222] [info]  Targeting endpoint: https://cloud.cafehaste.com
[2026-08-09 09:09:22.223] [info] [HASTE Agent] Targeting endpoint: https://cloud.cafehaste.com
[2026-08-09 09:09:23.034] [info]  [HASTE Agent Server] Hono Gateway running on Port 8082 (Relaying to Port 8080)
[2026-08-09 09:09:23.033] [info] [HASTE Agent] [HASTE Agent Server] Hono Gateway running on Port 8082 (Relaying to Port 8080)
[2026-08-09 09:09:23.042] [info]  [2026-08-09 09:09:23.041] [info] [HASTE Agent] Stealth Standby mode active. Waiting for remote connection requests...
[2026-08-09 09:09:23.043] [info] [HASTE Agent] Stealth Standby mode active. Waiting for remote connection requests...
[2026-08-09 09:09:23.044] [info] [HASTE Agent] [HEALTH] [RUN] (075575) : Checking Lilly Engine API (Attempt: 1/5)
[2026-08-09 09:09:23.045] [info]  [2026-08-09 09:09:23.044] [info] [HASTE Agent] [HEALTH] [RUN] (075575) : Checking Lilly Engine API (Attempt: 1/5)
[2026-08-09 09:09:23.045] [info] [HASTE Agent] [HASTE] [Step 0: HEALTH] [INFO] Starting diagnostics for local hardware and internet connectivity...
[2026-08-09 09:09:23.046] [info]  [HASTE] [Step 0: HEALTH] [INFO] Starting diagnostics for local hardware and internet connectivity...
[2026-08-09 09:09:23.458] [info] [HASTE Agent] Discord client skipped. Running in Direct Webhook/SSE Tunnel Mode.
[2026-08-09 09:09:23.458] [info]  [2026-08-09 09:09:23.458] [info] [HASTE Agent] Discord client skipped. Running in Direct Webhook/SSE Tunnel Mode.
[2026-08-09 09:56:39.292] [info]  [HASTE Agent Bot] Successfully initialized using injected env variables. StoreCode: 075575
[2026-08-09 09:56:39.294] [info] [HASTE Agent] [HASTE Agent Bot] Successfully initialized using injected env variables. StoreCode: 075575
[2026-08-09 09:56:39.295] [info] [HASTE Agent] [HQ Origin] HASTE Cloud designated via --prod launch argument.
[2026-08-09 09:56:39.296] [info]  [HQ Origin] HASTE Cloud designated via --prod launch argument.
[2026-08-09 09:56:39.400] [info]  Targeting endpoint: https://cloud.cafehaste.com
[2026-08-09 09:56:39.401] [info] [HASTE Agent] Targeting endpoint: https://cloud.cafehaste.com
[2026-08-09 09:56:40.096] [info] [HASTE Agent] [HASTE Agent Server] Hono Gateway running on Port 8082 (Relaying to Port 8080)
[2026-08-09 09:56:40.097] [info]  [HASTE Agent Server] Hono Gateway running on Port 8082 (Relaying to Port 8080)
[2026-08-09 09:56:40.097] [info] [HASTE Agent] Stealth Standby mode active. Waiting for remote connection requests...
[2026-08-09 09:56:40.098] [info] [HASTE Agent] [HEALTH] [RUN] (075575) : Checking Lilly Engine API (Attempt: 1/5)
[2026-08-09 09:56:40.098] [info]  [2026-08-09 09:56:40.097] [info] [HASTE Agent] Stealth Standby mode active. Waiting for remote connection requests...
[2026-08-09 09:56:40.099] [info] [HASTE Agent] [HASTE] [Step 0: HEALTH] [INFO] Starting diagnostics for local hardware and internet connectivity...
[2026-08-09 09:56:40.099] [info]  [2026-08-09 09:56:40.098] [info] [HASTE Agent] [HEALTH] [RUN] (075575) : Checking Lilly Engine API (Attempt: 1/5)
[2026-08-09 09:56:40.100] [info]  [HASTE] [Step 0: HEALTH] [INFO] Starting diagnostics for local hardware and internet connectivity...
[2026-08-09 09:56:41.327] [info] [HASTE Agent] Discord client skipped. Running in Direct Webhook/SSE Tunnel Mode.
[2026-08-09 09:56:41.329] [info]  [2026-08-09 09:56:41.327] [info] [HASTE Agent] Discord client skipped. Running in Direct Webhook/SSE Tunnel Mode.
[2026-08-09 10:13:51.302] [info]  [HASTE Agent Bot] Successfully initialized using injected env variables. StoreCode: 075575
[2026-08-09 10:13:51.303] [info] [HASTE Agent] [HASTE Agent Bot] Successfully initialized using injected env variables. StoreCode: 075575
[2026-08-09 10:13:51.309] [info]  [HQ Origin] HASTE Cloud designated via --prod launch argument.
[2026-08-09 10:13:51.310] [info] [HASTE Agent] [HQ Origin] HASTE Cloud designated via --prod launch argument.
[2026-08-09 10:13:51.311] [info]  Targeting endpoint: https://cloud.cafehaste.com
[2026-08-09 10:13:51.311] [info] [HASTE Agent] Targeting endpoint: https://cloud.cafehaste.com
[2026-08-09 10:13:51.480] [info]  [HASTE Agent Server] Hono Gateway running on Port 8082 (Relaying to Port 8080)
[2026-08-09 10:13:51.480] [info] [HASTE Agent] [HASTE Agent Server] Hono Gateway running on Port 8082 (Relaying to Port 8080)
[2026-08-09 10:13:51.482] [info]  [2026-08-09 10:13:51.481] [info] [HASTE Agent] Stealth Standby mode active. Waiting for remote connection requests...
[2026-08-09 10:13:51.482] [info] [HASTE Agent] Stealth Standby mode active. Waiting for remote connection requests...
[2026-08-09 10:13:51.484] [info]  [2026-08-09 10:13:51.483] [info] [HASTE Agent] [HEALTH] [RUN] (075575) : Checking Lilly Engine API (Attempt: 1/5)
[2026-08-09 10:13:51.484] [info] [HASTE Agent] [HEALTH] [RUN] (075575) : Checking Lilly Engine API (Attempt: 1/5)
[2026-08-09 10:13:51.486] [info]  [HASTE] [Step 0: HEALTH] [INFO] Starting diagnostics for local hardware and internet connectivity...
[2026-08-09 10:13:51.486] [info] [HASTE Agent] [HASTE] [Step 0: HEALTH] [INFO] Starting diagnostics for local hardware and internet connectivity...
[2026-08-09 10:13:52.477] [info] [HASTE Agent] Discord client skipped. Running in Direct Webhook/SSE Tunnel Mode.
[2026-08-09 10:13:52.478] [info]  [2026-08-09 10:13:52.477] [info] [HASTE Agent] Discord client skipped. Running in Direct Webhook/SSE Tunnel Mode.
[2026-08-09 10:14:08.617] [info]  [HASTE Agent Bot] Successfully initialized using injected env variables. StoreCode: 075575
[2026-08-09 10:14:08.620] [info] [HASTE Agent] [HASTE Agent Bot] Successfully initialized using injected env variables. StoreCode: 075575
[2026-08-09 10:14:08.623] [info]  [HQ Origin] HASTE Cloud designated via --prod launch argument.
[2026-08-09 10:14:08.623] [info] [HASTE Agent] [HQ Origin] HASTE Cloud designated via --prod launch argument.
[2026-08-09 10:14:08.625] [info]  Targeting endpoint: https://cloud.cafehaste.com
[2026-08-09 10:14:08.626] [info] [HASTE Agent] Targeting endpoint: https://cloud.cafehaste.com
[2026-08-09 10:14:09.278] [info]  [HASTE Agent Server] Hono Gateway running on Port 8082 (Relaying to Port 8080)
[2026-08-09 10:14:09.278] [info] [HASTE Agent] [HASTE Agent Server] Hono Gateway running on Port 8082 (Relaying to Port 8080)
[2026-08-09 10:14:09.280] [info]  [2026-08-09 10:14:09.279] [info] [HASTE Agent] Stealth Standby mode active. Waiting for remote connection requests...
[2026-08-09 10:14:09.280] [info] [HASTE Agent] Stealth Standby mode active. Waiting for remote connection requests...
[2026-08-09 10:14:09.281] [info]  [2026-08-09 10:14:09.281] [info] [HASTE Agent] [HEALTH] [RUN] (075575) : Checking Lilly Engine API (Attempt: 1/5)
[2026-08-09 10:14:09.282] [info] [HASTE Agent] [HEALTH] [RUN] (075575) : Checking Lilly Engine API (Attempt: 1/5)
[2026-08-09 10:14:09.283] [info]  [HASTE] [Step 0: HEALTH] [INFO] Starting diagnostics for local hardware and internet connectivity...
[2026-08-09 10:14:09.284] [info] [HASTE Agent] [HASTE] [Step 0: HEALTH] [INFO] Starting diagnostics for local hardware and internet connectivity...
[2026-08-09 10:14:09.852] [info] [HASTE Agent] Discord client skipped. Running in Direct Webhook/SSE Tunnel Mode.
[2026-08-09 10:14:09.853] [info]  [2026-08-09 10:14:09.852] [info] [HASTE Agent] Discord client skipped. Running in Direct Webhook/SSE Tunnel Mode.
[2026-08-09 10:40:14.442] [info] [HASTE Agent] [HASTE Agent Bot] Successfully initialized using injected env variables. StoreCode: 075575
[2026-08-09 10:40:14.443] [info] [HASTE Agent] [HQ Origin] HASTE Cloud designated via --prod launch argument.
[2026-08-09 10:40:14.442] [info]  [HASTE Agent Bot] Successfully initialized using injected env variables. StoreCode: 075575
[2026-08-09 10:40:14.444] [info] [HASTE Agent] Targeting endpoint: https://cloud.cafehaste.com
[2026-08-09 10:40:14.444] [info]  [HQ Origin] HASTE Cloud designated via --prod launch argument.
[2026-08-09 10:40:14.445] [info]  Targeting endpoint: https://cloud.cafehaste.com
[2026-08-09 10:40:14.779] [info]  [HASTE Agent Server] Hono Gateway running on Port 8082 (Relaying to Port 8080)
[2026-08-09 10:40:14.781] [info] [HASTE Agent] [HASTE Agent Server] Hono Gateway running on Port 8082 (Relaying to Port 8080)
[2026-08-09 10:40:14.782] [info]  [2026-08-09 10:40:14.782] [info] [HASTE Agent] Stealth Standby mode active. Waiting for remote connection requests...
[2026-08-09 10:40:14.787] [info] [HASTE Agent] Stealth Standby mode active. Waiting for remote connection requests...
[2026-08-09 10:40:14.788] [info] [HASTE Agent] [HEALTH] [RUN] (075575) : Checking Lilly Engine API (Attempt: 1/5)
[2026-08-09 10:40:14.788] [info]  [2026-08-09 10:40:14.787] [info] [HASTE Agent] [HEALTH] [RUN] (075575) : Checking Lilly Engine API (Attempt: 1/5)
[2026-08-09 10:40:14.788] [info] [HASTE Agent] [HASTE] [Step 0: HEALTH] [INFO] Starting diagnostics for local hardware and internet connectivity...
[2026-08-09 10:40:14.789] [info]  [HASTE] [Step 0: HEALTH] [INFO] Starting diagnostics for local hardware and internet connectivity...
[2026-08-09 10:40:16.666] [info] [HASTE Agent] Discord client skipped. Running in Direct Webhook/SSE Tunnel Mode.
[2026-08-09 10:40:16.666] [info]  [2026-08-09 10:40:16.666] [info] [HASTE Agent] Discord client skipped. Running in Direct Webhook/SSE Tunnel Mode.
[2026-08-09 10:43:31.261] [info]  [HASTE Agent Bot] Successfully initialized using injected env variables. StoreCode: 075575
[2026-08-09 10:43:31.264] [info] [HASTE Agent] [HASTE Agent Bot] Successfully initialized using injected env variables. StoreCode: 075575
[2026-08-09 10:43:31.266] [info]  [HQ Origin] HASTE Cloud designated via --prod launch argument.
[2026-08-09 10:43:31.267] [info] [HASTE Agent] [HQ Origin] HASTE Cloud designated via --prod launch argument.
[2026-08-09 10:43:31.268] [info]  Targeting endpoint: https://cloud.cafehaste.com
[2026-08-09 10:43:31.269] [info] [HASTE Agent] Targeting endpoint: https://cloud.cafehaste.com
[2026-08-09 10:43:31.661] [info] [HASTE Agent] [HASTE Agent Server] Hono Gateway running on Port 8082 (Relaying to Port 8080)
[2026-08-09 10:43:31.661] [info]  [HASTE Agent Server] Hono Gateway running on Port 8082 (Relaying to Port 8080)
[2026-08-09 10:43:31.662] [info] [HASTE Agent] Stealth Standby mode active. Waiting for remote connection requests...
[2026-08-09 10:43:31.662] [info]  [2026-08-09 10:43:31.662] [info] [HASTE Agent] Stealth Standby mode active. Waiting for remote connection requests...
[2026-08-09 10:43:31.663] [info] [HASTE Agent] [HEALTH] [RUN] (075575) : Checking Lilly Engine API (Attempt: 1/5)
[2026-08-09 10:43:31.664] [info]  [2026-08-09 10:43:31.663] [info] [HASTE Agent] [HEALTH] [RUN] (075575) : Checking Lilly Engine API (Attempt: 1/5)
[2026-08-09 10:43:31.664] [info] [HASTE Agent] [HASTE] [Step 0: HEALTH] [INFO] Starting diagnostics for local hardware and internet connectivity...
[2026-08-09 10:43:31.665] [info]  [HASTE] [Step 0: HEALTH] [INFO] Starting diagnostics for local hardware and internet connectivity...
[2026-08-09 10:43:32.426] [info] [HASTE Agent] Discord client skipped. Running in Direct Webhook/SSE Tunnel Mode.
[2026-08-09 10:43:32.427] [info]  [2026-08-09 10:43:32.426] [info] [HASTE Agent] Discord client skipped. Running in Direct Webhook/SSE Tunnel Mode.
[2026-08-09 11:03:38.784] [info]  [HASTE Agent Bot] Successfully initialized using injected env variables. StoreCode: 075575
[2026-08-09 11:03:38.785] [info] [HASTE Agent] [HASTE Agent Bot] Successfully initialized using injected env variables. StoreCode: 075575
[2026-08-09 11:03:38.786] [info] [HASTE Agent] [HQ Origin] HASTE Cloud designated via --prod launch argument.
[2026-08-09 11:03:38.786] [info]  [HQ Origin] HASTE Cloud designated via --prod launch argument.
[2026-08-09 11:03:38.787] [info] [HASTE Agent] Targeting endpoint: https://cloud.cafehaste.com
[2026-08-09 11:03:38.787] [info]  Targeting endpoint: https://cloud.cafehaste.com
[2026-08-09 11:03:38.958] [info]  [HASTE Agent Server] Hono Gateway running on Port 8082 (Relaying to Port 8080)
[2026-08-09 11:03:38.958] [info] [HASTE Agent] [HASTE Agent Server] Hono Gateway running on Port 8082 (Relaying to Port 8080)
[2026-08-09 11:03:38.960] [info]  [2026-08-09 11:03:38.959] [info] [HASTE Agent] Stealth Standby mode active. Waiting for remote connection requests...
[2026-08-09 11:03:38.961] [info] [HASTE Agent] Stealth Standby mode active. Waiting for remote connection requests...
[2026-08-09 11:03:38.961] [info]  [2026-08-09 11:03:38.961] [info] [HASTE Agent] [HEALTH] [RUN] (075575) : Checking Lilly Engine API (Attempt: 1/5)
[2026-08-09 11:03:38.962] [info] [HASTE Agent] [HEALTH] [RUN] (075575) : Checking Lilly Engine API (Attempt: 1/5)
[2026-08-09 11:03:38.963] [info] [HASTE Agent] [HASTE] [Step 0: HEALTH] [INFO] Starting diagnostics for local hardware and internet connectivity...
[2026-08-09 11:03:38.963] [info]  [HASTE] [Step 0: HEALTH] [INFO] Starting diagnostics for local hardware and internet connectivity...
[2026-08-09 11:03:40.533] [info] [HASTE Agent] Discord client skipped. Running in Direct Webhook/SSE Tunnel Mode.
[2026-08-09 11:03:40.532] [info]  [2026-08-09 11:03:40.532] [info] [HASTE Agent] Discord client skipped. Running in Direct Webhook/SSE Tunnel Mode.