[2026-08-19 21:18:02.791] [error] [serialport] [serialport] event=serialport.error status=failed reason=port_error boardName=board2 port=COM7 message="Opening COM7: File not found"
[2026-08-19 21:18:02.802] [error] [serialport] [serialport] event=serialport.error status=failed reason=port_error boardName=board1 port=COM6 message="Opening COM6: File not found"
[2026-08-19 21:18:02.804] [error] [serialport] [serialport] event=serialport.error status=failed reason=port_error boardName=board2 port=COM7 message="Opening COM7: File not found"
[2026-08-19 21:18:02.805] [debug] [api] [HASTE DevTools Sync] Current window DevTools opened state: false, Target state: false
[2026-08-19 21:18:07.728] [error] [coffee] [coffee] event=coffee.socket status=failed reason=open_timeout transport=ws machineName=WMF model=Lilly_(WMF) ip=192.168.10.99 port=25000
[2026-08-19 21:18:07.730] [error] [coffee] [coffee] event=coffee.socket status=failed reason=connect_failed transport=ws machineName=WMF model=Lilly_(WMF) ip=192.168.10.99 port=25000
[2026-08-19 21:18:08.380] [info]  [task] [HASTE Direct File Hotpatch] Selected file: C:\Users\김성규\Desktop\VERSION\hasteai_client_v3.1.0t17.asar
[2026-08-19 21:18:10.083] [info]  [HASTE Shutdown] Releasing all serial ports...
[2026-08-19 21:18:10.084] [info]  [app] event=app.shutdown status=started
[2026-08-19 21:19:49.327] [info]  [HASTE DB Load] Loaded settings from SQLite database successfully. StoreName: "김포집", StoreNo: "01012345678", ThemeMode: "Light", isKioskDryRun: "false"
[2026-08-19 21:19:49.848] [info]  [app] event=app.startup status=started appVersion=3.1.0t16 packaged=true
[2026-08-19 21:19:49.949] [info]  [app] event=app.window status=success
[2026-08-19 21:19:50.004] [info]  [app] event=app.tray status=success
[2026-08-19 21:19:50.005] [info]  [app] event=updater.check status=ignored reason=store_managed_distribution
[2026-08-19 21:19:50.009] [info]  [app] event=app.ipc status=success
[2026-08-19 21:19:50.011] [info]  [app] event=task.start status=success
[2026-08-19 21:19:50.013] [debug] [api] [api] event=settings.change status=success port=8080 posStoreNo=01012345678 deviceModelId=D0000
[2026-08-19 21:19:50.017] [info]  [api] [HASTE] Found SSL Certificates at: C:\Users\김성규\AppData\Local\Programs\haste_client3.1\resources\resources
[2026-08-19 21:19:50.031] [info]  [api] [HASTE] Started HTTP Hono Server on port 8080 (Toss Place HTTP Mode).
[2026-08-19 21:19:50.041] [info]  [api] [HASTE] Started HTTPS Hono Server on port 8443 (Toss Kiosk Mode).
[2026-08-19 21:19:50.042] [debug] [api] [api] event=api.server status=success port=8080 host=0.0.0.0
[2026-08-19 21:19:50.044] [info]  [serialport] [serialport] event=serialport.connect status=started scope=all
[2026-08-19 21:19:50.046] [debug] [coffee] [coffee] event=settings.change status=success field=thirdpartyType value=Lilly_(WMF)
[2026-08-19 21:19:50.048] [debug] [coffee] [coffee] event=coffee.socket status=started transport=ws machineName=WMF model=Lilly_(WMF) ip=192.168.10.99 port=25000
[2026-08-19 21:19:50.060] [debug] [coffee] [coffee] event=temperature.change status=success
[2026-08-19 21:19:50.062] [debug] [api] [api] event=did.callback status=ignored reason=local_did_not_open screen=temperature
[2026-08-19 21:19:50.066] [info]  [HASTE DB Save] Settings category "inventory" has been updated and saved to SQLite successfully.
[2026-08-19 21:19:50.070] [info]  [HASTE DB Save] Settings category "inventory" has been updated and saved to SQLite successfully.
[2026-08-19 21:19:50.072] [info]  [serialport] [serialport] event=serialport.connect status=started scope=all
[2026-08-19 21:19:50.074] [info]  [HASTE DB Save] Settings category "inventory" has been updated and saved to SQLite successfully.
[2026-08-19 21:19:50.076] [info]  [HASTE DB Save] Settings category "inventory" has been updated and saved to SQLite successfully.
[2026-08-19 21:19:50.077] [debug] [api] [HASTE Theme Sync] Applied local UI theme: isDark=false
[2026-08-19 21:19:50.079] [debug] [api] [api] event=did.callback status=started target=local screen=/ reason=local_api_down
[2026-08-19 21:19:50.080] [info]  [app] event=app.startup status=success message="subscriptions registered"
[2026-08-19 21:19:50.081] [debug] [task] [task] event=scheduler.change status=success routine=FOAMER_RINSING intervalSec=6000 normalizedIntervalSec=6000
[2026-08-19 21:19:50.085] [debug] [task] [task] event=scheduler.change status=success routine=WARM_RINSING intervalSec=0 normalizedIntervalSec=0
[2026-08-19 21:19:50.087] [debug] [task] [task] event=scheduler.change status=success routine=MIXER_RINSING intervalSec=0 normalizedIntervalSec=0
[2026-08-19 21:19:50.088] [debug] [task] [task] event=scheduler.change status=success routine=ERROR_CHECK intervalSec=1800 normalizedIntervalSec=1800
[2026-08-19 21:19:50.089] [debug] [task] [task] event=scheduler.change status=success routine=ICE_MAKER intervalSec=1800 normalizedIntervalSec=1800
[2026-08-19 21:19:50.090] [debug] [task] [task] event=scheduler.change status=success routine=TEMP_CHECK intervalSec=600 normalizedIntervalSec=600
[2026-08-19 21:19:50.091] [debug] [app] event=scheduler.change status=success routine=license.verify intervalSec=86400
[2026-08-19 21:19:50.092] [info]  [app] event=app.startup status=success message="schedulers registered"
[2026-08-19 21:19:50.093] [info]  [HASTE Guard] enableHasteAgent is false (OFF). Skipping agent bot launch.
[2026-08-19 21:19:50.094] [info]  [app] event=license.verify status=success state=approved storeId=01012345678
[2026-08-19 21:19:50.128] [error] [serialport] [serialport] event=serialport.error status=failed reason=port_error boardName=board1 port=COM6 message="Opening COM6: File not found"
[2026-08-19 21:19:50.130] [error] [serialport] [serialport] event=serialport.error status=failed reason=port_error boardName=board2 port=COM7 message="Opening COM7: File not found"
[2026-08-19 21:19:50.132] [error] [serialport] [serialport] event=serialport.error status=failed reason=port_error boardName=board1 port=COM6 message="Opening COM6: File not found"
[2026-08-19 21:19:50.135] [error] [serialport] [serialport] event=serialport.error status=failed reason=port_error boardName=board2 port=COM7 message="Opening COM7: File not found"
[2026-08-19 21:19:50.137] [debug] [api] [HASTE DevTools Sync] Current window DevTools opened state: false, Target state: false
[2026-08-19 21:19:55.060] [error] [coffee] [coffee] event=coffee.socket status=failed reason=open_timeout transport=ws machineName=WMF model=Lilly_(WMF) ip=192.168.10.99 port=25000
[2026-08-19 21:19:55.061] [error] [coffee] [coffee] event=coffee.socket status=failed reason=connect_failed transport=ws machineName=WMF model=Lilly_(WMF) ip=192.168.10.99 port=25000
[2026-08-19 21:19:55.721] [info]  [task] [HASTE Direct File Hotpatch] Selected file: C:\Users\김성규\Desktop\VERSION\hasteai_client_v3.1.0t17.asar
[2026-08-19 21:19:56.055] [info]  [HASTE Shutdown] Releasing all serial ports...
[2026-08-19 21:19:56.055] [info]  [app] event=app.shutdown status=started
[2026-08-19 21:21:35.454] [info]  [HASTE DB Load] Loaded settings from SQLite database successfully. StoreName: "김포집", StoreNo: "01012345678", ThemeMode: "Light", isKioskDryRun: "false"
[2026-08-19 21:21:35.963] [info]  [app] event=app.startup status=started appVersion=3.1.0t18 packaged=true
[2026-08-19 21:21:36.058] [info]  [app] event=app.window status=success
[2026-08-19 21:21:36.105] [info]  [app] event=app.tray status=success
[2026-08-19 21:21:36.106] [info]  [app] event=updater.check status=ignored reason=store_managed_distribution
[2026-08-19 21:21:36.110] [info]  [app] event=app.ipc status=success
[2026-08-19 21:21:36.112] [info]  [app] event=task.start status=success
[2026-08-19 21:21:36.114] [debug] [api] [api] event=settings.change status=success port=8080 posStoreNo=01012345678 deviceModelId=D0000
[2026-08-19 21:21:36.118] [info]  [api] [HASTE] Found SSL Certificates at: C:\Users\김성규\AppData\Local\Programs\haste_client3.1\resources\resources
[2026-08-19 21:21:36.131] [info]  [api] [HASTE] Started HTTP Hono Server on port 8080 (Toss Place HTTP Mode).
[2026-08-19 21:21:36.137] [info]  [api] [HASTE] Started HTTPS Hono Server on port 8443 (Toss Kiosk Mode).
[2026-08-19 21:21:36.139] [debug] [api] [api] event=api.server status=success port=8080 host=0.0.0.0
[2026-08-19 21:21:36.140] [info]  [serialport] [serialport] event=serialport.connect status=started scope=all
[2026-08-19 21:21:36.142] [debug] [coffee] [coffee] event=settings.change status=success field=thirdpartyType value=Lilly_(WMF)
[2026-08-19 21:21:36.144] [debug] [coffee] [coffee] event=coffee.socket status=started transport=ws machineName=WMF model=Lilly_(WMF) ip=192.168.10.99 port=25000
[2026-08-19 21:21:36.153] [debug] [coffee] [coffee] event=temperature.change status=success
[2026-08-19 21:21:36.156] [debug] [api] [api] event=did.callback status=ignored reason=local_did_not_open screen=temperature
[2026-08-19 21:21:36.162] [info]  [HASTE DB Save] Settings category "inventory" has been updated and saved to SQLite successfully.
[2026-08-19 21:21:36.164] [info]  [HASTE DB Save] Settings category "inventory" has been updated and saved to SQLite successfully.
[2026-08-19 21:21:36.165] [info]  [serialport] [serialport] event=serialport.connect status=started scope=all
[2026-08-19 21:21:36.169] [info]  [HASTE DB Save] Settings category "inventory" has been updated and saved to SQLite successfully.
[2026-08-19 21:21:36.173] [info]  [HASTE DB Save] Settings category "inventory" has been updated and saved to SQLite successfully.
[2026-08-19 21:21:36.174] [debug] [api] [HASTE Theme Sync] Applied local UI theme: isDark=false
[2026-08-19 21:21:36.175] [debug] [api] [api] event=did.callback status=started target=local screen=/ reason=local_api_down
[2026-08-19 21:21:36.177] [info]  [app] event=app.startup status=success message="subscriptions registered"
[2026-08-19 21:21:36.178] [debug] [task] [task] event=scheduler.change status=success routine=FOAMER_RINSING intervalSec=6000 normalizedIntervalSec=6000
[2026-08-19 21:21:36.180] [debug] [task] [task] event=scheduler.change status=success routine=WARM_RINSING intervalSec=0 normalizedIntervalSec=0
[2026-08-19 21:21:36.181] [debug] [task] [task] event=scheduler.change status=success routine=MIXER_RINSING intervalSec=0 normalizedIntervalSec=0
[2026-08-19 21:21:36.182] [debug] [task] [task] event=scheduler.change status=success routine=ERROR_CHECK intervalSec=1800 normalizedIntervalSec=1800
[2026-08-19 21:21:36.183] [debug] [task] [task] event=scheduler.change status=success routine=ICE_MAKER intervalSec=1800 normalizedIntervalSec=1800
[2026-08-19 21:21:36.185] [debug] [task] [task] event=scheduler.change status=success routine=TEMP_CHECK intervalSec=600 normalizedIntervalSec=600
[2026-08-19 21:21:36.187] [debug] [app] event=scheduler.change status=success routine=license.verify intervalSec=86400
[2026-08-19 21:21:36.188] [info]  [app] event=app.startup status=success message="schedulers registered"
[2026-08-19 21:21:36.190] [info]  [HASTE Guard] enableHasteAgent is false (OFF). Skipping agent bot launch.
[2026-08-19 21:21:36.191] [info]  [app] event=license.verify status=success state=approved storeId=01012345678
[2026-08-19 21:21:36.219] [error] [serialport] [serialport] event=serialport.error status=failed reason=port_error boardName=board1 port=COM6 message="Opening COM6: File not found"
[2026-08-19 21:21:36.221] [error] [serialport] [serialport] event=serialport.error status=failed reason=port_error boardName=board2 port=COM7 message="Opening COM7: File not found"
[2026-08-19 21:21:36.222] [error] [serialport] [serialport] event=serialport.error status=failed reason=port_error boardName=board1 port=COM6 message="Opening COM6: File not found"
[2026-08-19 21:21:36.223] [error] [serialport] [serialport] event=serialport.error status=failed reason=port_error boardName=board2 port=COM7 message="Opening COM7: File not found"
[2026-08-19 21:21:36.235] [debug] [api] [HASTE DevTools Sync] Current window DevTools opened state: false, Target state: false
[2026-08-19 21:21:41.145] [error] [coffee] [coffee] event=coffee.socket status=failed reason=open_timeout transport=ws machineName=WMF model=Lilly_(WMF) ip=192.168.10.99 port=25000
[2026-08-19 21:21:41.146] [error] [coffee] [coffee] event=coffee.socket status=failed reason=connect_failed transport=ws machineName=WMF model=Lilly_(WMF) ip=192.168.10.99 port=25000
[2026-08-19 21:21:42.483] [info]  [task] [HASTE Direct File Hotpatch] Selected file: C:\Users\김성규\Desktop\VERSION\hasteai_client_v3.1.0t19.asar
[2026-08-19 21:21:43.526] [info]  [HASTE Shutdown] Releasing all serial ports...
[2026-08-19 21:21:43.526] [info]  [app] event=app.shutdown status=started
[2026-08-19 21:22:38.880] [info]  [HASTE DB Load] Loaded settings from SQLite database successfully. StoreName: "김포집", StoreNo: "01012345678", ThemeMode: "Light", isKioskDryRun: "false"
[2026-08-19 21:22:39.370] [info]  [app] event=app.startup status=started appVersion=3.1.0t18 packaged=true
[2026-08-19 21:22:39.441] [info]  [app] event=app.window status=success
[2026-08-19 21:22:39.453] [info]  [app] event=app.tray status=success
[2026-08-19 21:22:39.455] [info]  [app] event=updater.check status=ignored reason=store_managed_distribution
[2026-08-19 21:22:39.461] [info]  [app] event=app.ipc status=success
[2026-08-19 21:22:39.463] [info]  [app] event=task.start status=success
[2026-08-19 21:22:39.465] [debug] [api] [api] event=settings.change status=success port=8080 posStoreNo=01012345678 deviceModelId=D0000
[2026-08-19 21:22:39.471] [info]  [api] [HASTE] Found SSL Certificates at: C:\Users\김성규\AppData\Local\Programs\haste_client3.1\resources\resources
[2026-08-19 21:22:39.484] [info]  [api] [HASTE] Started HTTP Hono Server on port 8080 (Toss Place HTTP Mode).
[2026-08-19 21:22:39.492] [info]  [api] [HASTE] Started HTTPS Hono Server on port 8443 (Toss Kiosk Mode).
[2026-08-19 21:22:39.494] [debug] [api] [api] event=api.server status=success port=8080 host=0.0.0.0
[2026-08-19 21:22:39.496] [info]  [serialport] [serialport] event=serialport.connect status=started scope=all
[2026-08-19 21:22:39.498] [debug] [coffee] [coffee] event=settings.change status=success field=thirdpartyType value=Lilly_(WMF)
[2026-08-19 21:22:39.500] [debug] [coffee] [coffee] event=coffee.socket status=started transport=ws machineName=WMF model=Lilly_(WMF) ip=192.168.10.99 port=25000
[2026-08-19 21:22:39.511] [debug] [coffee] [coffee] event=temperature.change status=success
[2026-08-19 21:22:39.513] [debug] [api] [api] event=did.callback status=ignored reason=local_did_not_open screen=temperature
[2026-08-19 21:22:39.520] [info]  [HASTE DB Save] Settings category "inventory" has been updated and saved to SQLite successfully.
[2026-08-19 21:22:39.523] [info]  [HASTE DB Save] Settings category "inventory" has been updated and saved to SQLite successfully.
[2026-08-19 21:22:39.524] [info]  [serialport] [serialport] event=serialport.connect status=started scope=all
[2026-08-19 21:22:39.527] [info]  [HASTE DB Save] Settings category "inventory" has been updated and saved to SQLite successfully.
[2026-08-19 21:22:39.529] [info]  [HASTE DB Save] Settings category "inventory" has been updated and saved to SQLite successfully.
[2026-08-19 21:22:39.531] [debug] [api] [HASTE Theme Sync] Applied local UI theme: isDark=false
[2026-08-19 21:22:39.533] [debug] [api] [api] event=did.callback status=started target=local screen=/ reason=local_api_down
[2026-08-19 21:22:39.538] [info]  [app] event=app.startup status=success message="subscriptions registered"
[2026-08-19 21:22:39.540] [debug] [task] [task] event=scheduler.change status=success routine=FOAMER_RINSING intervalSec=6000 normalizedIntervalSec=6000
[2026-08-19 21:22:39.543] [debug] [task] [task] event=scheduler.change status=success routine=WARM_RINSING intervalSec=0 normalizedIntervalSec=0
[2026-08-19 21:22:39.545] [debug] [task] [task] event=scheduler.change status=success routine=MIXER_RINSING intervalSec=0 normalizedIntervalSec=0
[2026-08-19 21:22:39.548] [debug] [task] [task] event=scheduler.change status=success routine=ERROR_CHECK intervalSec=1800 normalizedIntervalSec=1800
[2026-08-19 21:22:39.550] [debug] [task] [task] event=scheduler.change status=success routine=ICE_MAKER intervalSec=1800 normalizedIntervalSec=1800
[2026-08-19 21:22:39.553] [debug] [task] [task] event=scheduler.change status=success routine=TEMP_CHECK intervalSec=600 normalizedIntervalSec=600
[2026-08-19 21:22:39.556] [debug] [app] event=scheduler.change status=success routine=license.verify intervalSec=86400
[2026-08-19 21:22:39.557] [info]  [app] event=app.startup status=success message="schedulers registered"
[2026-08-19 21:22:39.558] [info]  [HASTE Guard] enableHasteAgent is false (OFF). Skipping agent bot launch.
[2026-08-19 21:22:39.559] [info]  [app] event=license.verify status=success state=approved storeId=01012345678
[2026-08-19 21:22:39.580] [error] [serialport] [serialport] event=serialport.error status=failed reason=port_error boardName=board1 port=COM6 message="Opening COM6: File not found"
[2026-08-19 21:22:39.582] [error] [serialport] [serialport] event=serialport.error status=failed reason=port_error boardName=board2 port=COM7 message="Opening COM7: File not found"
[2026-08-19 21:22:39.587] [error] [serialport] [serialport] event=serialport.error status=failed reason=port_error boardName=board1 port=COM6 message="Opening COM6: File not found"
[2026-08-19 21:22:39.590] [error] [serialport] [serialport] event=serialport.error status=failed reason=port_error boardName=board2 port=COM7 message="Opening COM7: File not found"
[2026-08-19 21:22:39.593] [debug] [api] [HASTE DevTools Sync] Current window DevTools opened state: false, Target state: false
[2026-08-19 21:23:23.691] [info]  [HASTE DB Load] Loaded settings from SQLite database successfully. StoreName: "김포집", StoreNo: "01012345678", ThemeMode: "Light", isKioskDryRun: "false"
[2026-08-19 21:23:24.125] [info]  [app] event=app.startup status=started appVersion=3.1.0t18 packaged=true
[2026-08-19 21:23:24.200] [info]  [app] event=app.window status=success
[2026-08-19 21:23:24.213] [info]  [app] event=app.tray status=success
[2026-08-19 21:23:24.213] [info]  [app] event=updater.check status=ignored reason=store_managed_distribution
[2026-08-19 21:23:24.217] [info]  [app] event=app.ipc status=success
[2026-08-19 21:23:24.220] [info]  [app] event=task.start status=success
[2026-08-19 21:23:24.223] [debug] [api] [api] event=settings.change status=success port=8080 posStoreNo=01012345678 deviceModelId=D0000
[2026-08-19 21:23:24.226] [info]  [api] [HASTE] Found SSL Certificates at: C:\Users\김성규\AppData\Local\Programs\haste_client3.1\resources\resources
[2026-08-19 21:23:24.236] [info]  [api] [HASTE] Started HTTP Hono Server on port 8080 (Toss Place HTTP Mode).
[2026-08-19 21:23:24.243] [info]  [api] [HASTE] Started HTTPS Hono Server on port 8443 (Toss Kiosk Mode).
[2026-08-19 21:23:24.245] [debug] [api] [api] event=api.server status=success port=8080 host=0.0.0.0
[2026-08-19 21:23:24.246] [info]  [serialport] [serialport] event=serialport.connect status=started scope=all
[2026-08-19 21:23:24.248] [debug] [coffee] [coffee] event=settings.change status=success field=thirdpartyType value=Lilly_(WMF)
[2026-08-19 21:23:24.250] [debug] [coffee] [coffee] event=coffee.socket status=started transport=ws machineName=WMF model=Lilly_(WMF) ip=192.168.10.99 port=25000
[2026-08-19 21:23:24.261] [debug] [coffee] [coffee] event=temperature.change status=success
[2026-08-19 21:23:24.262] [debug] [api] [api] event=did.callback status=ignored reason=local_did_not_open screen=temperature
[2026-08-19 21:23:24.266] [info]  [HASTE DB Save] Settings category "inventory" has been updated and saved to SQLite successfully.
[2026-08-19 21:23:24.270] [info]  [HASTE DB Save] Settings category "inventory" has been updated and saved to SQLite successfully.
[2026-08-19 21:23:24.272] [info]  [serialport] [serialport] event=serialport.connect status=started scope=all
[2026-08-19 21:23:24.275] [info]  [HASTE DB Save] Settings category "inventory" has been updated and saved to SQLite successfully.
[2026-08-19 21:23:24.277] [info]  [HASTE DB Save] Settings category "inventory" has been updated and saved to SQLite successfully.
[2026-08-19 21:23:24.278] [debug] [api] [HASTE Theme Sync] Applied local UI theme: isDark=false
[2026-08-19 21:23:24.280] [debug] [api] [api] event=did.callback status=started target=local screen=/ reason=local_api_down
[2026-08-19 21:23:24.282] [info]  [app] event=app.startup status=success message="subscriptions registered"
[2026-08-19 21:23:24.283] [debug] [task] [task] event=scheduler.change status=success routine=FOAMER_RINSING intervalSec=6000 normalizedIntervalSec=6000
[2026-08-19 21:23:24.287] [debug] [task] [task] event=scheduler.change status=success routine=WARM_RINSING intervalSec=0 normalizedIntervalSec=0
[2026-08-19 21:23:24.289] [debug] [task] [task] event=scheduler.change status=success routine=MIXER_RINSING intervalSec=0 normalizedIntervalSec=0
[2026-08-19 21:23:24.290] [debug] [task] [task] event=scheduler.change status=success routine=ERROR_CHECK intervalSec=1800 normalizedIntervalSec=1800
[2026-08-19 21:23:24.291] [debug] [task] [task] event=scheduler.change status=success routine=ICE_MAKER intervalSec=1800 normalizedIntervalSec=1800
[2026-08-19 21:23:24.292] [debug] [task] [task] event=scheduler.change status=success routine=TEMP_CHECK intervalSec=600 normalizedIntervalSec=600
[2026-08-19 21:23:24.293] [debug] [app] event=scheduler.change status=success routine=license.verify intervalSec=86400
[2026-08-19 21:23:24.293] [info]  [app] event=app.startup status=success message="schedulers registered"
[2026-08-19 21:23:24.294] [info]  [HASTE Guard] enableHasteAgent is false (OFF). Skipping agent bot launch.
[2026-08-19 21:23:24.295] [info]  [app] event=license.verify status=success state=approved storeId=01012345678
[2026-08-19 21:23:24.317] [error] [serialport] [serialport] event=serialport.error status=failed reason=port_error boardName=board1 port=COM6 message="Opening COM6: File not found"
[2026-08-19 21:23:24.320] [error] [serialport] [serialport] event=serialport.error status=failed reason=port_error boardName=board2 port=COM7 message="Opening COM7: File not found"
[2026-08-19 21:23:24.323] [error] [serialport] [serialport] event=serialport.error status=failed reason=port_error boardName=board1 port=COM6 message="Opening COM6: File not found"
[2026-08-19 21:23:24.325] [error] [serialport] [serialport] event=serialport.error status=failed reason=port_error boardName=board2 port=COM7 message="Opening COM7: File not found"
[2026-08-19 21:23:24.333] [debug] [api] [HASTE DevTools Sync] Current window DevTools opened state: false, Target state: false
[2026-08-19 21:24:22.532] [info]  [HASTE DB Load] Loaded settings from SQLite database successfully. StoreName: "김포집", StoreNo: "01012345678", ThemeMode: "Light", isKioskDryRun: "false"
[2026-08-19 21:24:22.991] [info]  [app] event=app.startup status=started appVersion=3.1.0t19 packaged=true
[2026-08-19 21:24:23.079] [info]  [app] event=app.window status=success
[2026-08-19 21:24:23.181] [info]  [app] event=app.tray status=success
[2026-08-19 21:24:23.182] [info]  [app] event=updater.check status=ignored reason=store_managed_distribution
[2026-08-19 21:24:23.187] [info]  [app] event=app.ipc status=success
[2026-08-19 21:24:23.189] [info]  [app] event=task.start status=success
[2026-08-19 21:24:23.191] [debug] [api] [api] event=settings.change status=success port=8080 posStoreNo=01012345678 deviceModelId=D0000
[2026-08-19 21:24:23.194] [info]  [api] [HASTE] Found SSL Certificates at: C:\Users\김성규\AppData\Local\Programs\haste_client3.1\resources\resources
[2026-08-19 21:24:23.203] [info]  [api] [HASTE] Started HTTP Hono Server on port 8080 (Toss Place HTTP Mode).
[2026-08-19 21:24:23.209] [info]  [api] [HASTE] Started HTTPS Hono Server on port 8443 (Toss Kiosk Mode).
[2026-08-19 21:24:23.210] [debug] [api] [api] event=api.server status=success port=8080 host=0.0.0.0
[2026-08-19 21:24:23.210] [info]  [serialport] [serialport] event=serialport.connect status=started scope=all
[2026-08-19 21:24:23.212] [debug] [coffee] [coffee] event=settings.change status=success field=thirdpartyType value=Lilly_(WMF)
[2026-08-19 21:24:23.215] [debug] [coffee] [coffee] event=coffee.socket status=started transport=ws machineName=WMF model=Lilly_(WMF) ip=192.168.10.99 port=25000
[2026-08-19 21:24:23.223] [debug] [coffee] [coffee] event=temperature.change status=success
[2026-08-19 21:24:23.224] [debug] [api] [api] event=did.callback status=ignored reason=local_did_not_open screen=temperature
[2026-08-19 21:24:23.229] [info]  [HASTE DB Save] Settings category "inventory" has been updated and saved to SQLite successfully.
[2026-08-19 21:24:23.231] [info]  [HASTE DB Save] Settings category "inventory" has been updated and saved to SQLite successfully.
[2026-08-19 21:24:23.232] [info]  [serialport] [serialport] event=serialport.connect status=started scope=all
[2026-08-19 21:24:23.234] [info]  [HASTE DB Save] Settings category "inventory" has been updated and saved to SQLite successfully.
[2026-08-19 21:24:23.237] [info]  [HASTE DB Save] Settings category "inventory" has been updated and saved to SQLite successfully.
[2026-08-19 21:24:23.238] [debug] [api] [HASTE Theme Sync] Applied local UI theme: isDark=false
[2026-08-19 21:24:23.240] [debug] [api] [api] event=did.callback status=started target=local screen=/ reason=local_api_down
[2026-08-19 21:24:23.242] [info]  [app] event=app.startup status=success message="subscriptions registered"
[2026-08-19 21:24:23.243] [debug] [task] [task] event=scheduler.change status=success routine=FOAMER_RINSING intervalSec=6000 normalizedIntervalSec=6000
[2026-08-19 21:24:23.246] [debug] [task] [task] event=scheduler.change status=success routine=WARM_RINSING intervalSec=0 normalizedIntervalSec=0
[2026-08-19 21:24:23.247] [debug] [task] [task] event=scheduler.change status=success routine=MIXER_RINSING intervalSec=0 normalizedIntervalSec=0
[2026-08-19 21:24:23.248] [debug] [task] [task] event=scheduler.change status=success routine=ERROR_CHECK intervalSec=1800 normalizedIntervalSec=1800
[2026-08-19 21:24:23.249] [debug] [task] [task] event=scheduler.change status=success routine=ICE_MAKER intervalSec=1800 normalizedIntervalSec=1800
[2026-08-19 21:24:23.250] [debug] [task] [task] event=scheduler.change status=success routine=TEMP_CHECK intervalSec=600 normalizedIntervalSec=600
[2026-08-19 21:24:23.251] [debug] [app] event=scheduler.change status=success routine=license.verify intervalSec=86400
[2026-08-19 21:24:23.252] [info]  [app] event=app.startup status=success message="schedulers registered"
[2026-08-19 21:24:23.254] [info]  [HASTE Guard] enableHasteAgent is false (OFF). Skipping agent bot launch.
[2026-08-19 21:24:23.255] [info]  [app] event=license.verify status=success state=approved storeId=01012345678
[2026-08-19 21:24:23.280] [error] [serialport] [serialport] event=serialport.error status=failed reason=port_error boardName=board1 port=COM6 message="Opening COM6: File not found"
[2026-08-19 21:24:23.281] [error] [serialport] [serialport] event=serialport.error status=failed reason=port_error boardName=board2 port=COM7 message="Opening COM7: File not found"
[2026-08-19 21:24:23.283] [error] [serialport] [serialport] event=serialport.error status=failed reason=port_error boardName=board1 port=COM6 message="Opening COM6: File not found"
[2026-08-19 21:24:23.284] [error] [serialport] [serialport] event=serialport.error status=failed reason=port_error boardName=board2 port=COM7 message="Opening COM7: File not found"
[2026-08-19 21:24:23.296] [debug] [api] [HASTE DevTools Sync] Current window DevTools opened state: false, Target state: false
[2026-08-19 21:24:28.230] [error] [coffee] [coffee] event=coffee.socket status=failed reason=open_timeout transport=ws machineName=WMF model=Lilly_(WMF) ip=192.168.10.99 port=25000
[2026-08-19 21:24:28.232] [error] [coffee] [coffee] event=coffee.socket status=failed reason=connect_failed transport=ws machineName=WMF model=Lilly_(WMF) ip=192.168.10.99 port=25000
[2026-08-19 21:24:29.895] [info]  [task] [HASTE Direct File Hotpatch] Selected file: C:\Users\김성규\Desktop\VERSION\hasteai_client_v3.1.0t20.asar
[2026-08-19 21:24:31.634] [info]  [HASTE Shutdown] Releasing all serial ports...
[2026-08-19 21:24:31.636] [info]  [app] event=app.shutdown status=started
[2026-08-19 21:24:33.516] [info]  [HASTE DB Load] Loaded settings from SQLite database successfully. StoreName: "김포집", StoreNo: "01012345678", ThemeMode: "Light", isKioskDryRun: "false"
[2026-08-19 21:24:34.038] [info]  [app] event=app.startup status=started appVersion=3.1.0t19 packaged=true
[2026-08-19 21:24:34.127] [info]  [app] event=app.window status=success
[2026-08-19 21:24:34.174] [info]  [app] event=app.tray status=success
[2026-08-19 21:24:34.175] [info]  [app] event=updater.check status=ignored reason=store_managed_distribution
[2026-08-19 21:24:34.178] [info]  [app] event=app.ipc status=success
[2026-08-19 21:24:34.180] [info]  [app] event=task.start status=success
[2026-08-19 21:24:34.182] [debug] [api] [api] event=settings.change status=success port=8080 posStoreNo=01012345678 deviceModelId=D0000
[2026-08-19 21:24:34.185] [info]  [api] [HASTE] Found SSL Certificates at: C:\Users\김성규\AppData\Local\Programs\haste_client3.1\resources\resources
[2026-08-19 21:24:34.197] [info]  [api] [HASTE] Started HTTP Hono Server on port 8080 (Toss Place HTTP Mode).
[2026-08-19 21:24:34.203] [info]  [api] [HASTE] Started HTTPS Hono Server on port 8443 (Toss Kiosk Mode).
[2026-08-19 21:24:34.205] [debug] [api] [api] event=api.server status=success port=8080 host=0.0.0.0
[2026-08-19 21:24:34.206] [info]  [serialport] [serialport] event=serialport.connect status=started scope=all
[2026-08-19 21:24:34.208] [debug] [coffee] [coffee] event=settings.change status=success field=thirdpartyType value=Lilly_(WMF)
[2026-08-19 21:24:34.210] [debug] [coffee] [coffee] event=coffee.socket status=started transport=ws machineName=WMF model=Lilly_(WMF) ip=192.168.10.99 port=25000
[2026-08-19 21:24:34.217] [debug] [coffee] [coffee] event=temperature.change status=success
[2026-08-19 21:24:34.219] [debug] [api] [api] event=did.callback status=ignored reason=local_did_not_open screen=temperature
[2026-08-19 21:24:34.225] [info]  [HASTE DB Save] Settings category "inventory" has been updated and saved to SQLite successfully.
[2026-08-19 21:24:34.227] [info]  [HASTE DB Save] Settings category "inventory" has been updated and saved to SQLite successfully.
[2026-08-19 21:24:34.229] [info]  [serialport] [serialport] event=serialport.connect status=started scope=all
[2026-08-19 21:24:34.232] [info]  [HASTE DB Save] Settings category "inventory" has been updated and saved to SQLite successfully.
[2026-08-19 21:24:34.234] [info]  [HASTE DB Save] Settings category "inventory" has been updated and saved to SQLite successfully.
[2026-08-19 21:24:34.236] [debug] [api] [HASTE Theme Sync] Applied local UI theme: isDark=false
[2026-08-19 21:24:34.239] [debug] [api] [api] event=did.callback status=started target=local screen=/ reason=local_api_down
[2026-08-19 21:24:34.241] [info]  [app] event=app.startup status=success message="subscriptions registered"
[2026-08-19 21:24:34.242] [debug] [task] [task] event=scheduler.change status=success routine=FOAMER_RINSING intervalSec=6000 normalizedIntervalSec=6000
[2026-08-19 21:24:34.244] [debug] [task] [task] event=scheduler.change status=success routine=WARM_RINSING intervalSec=0 normalizedIntervalSec=0
[2026-08-19 21:24:34.245] [debug] [task] [task] event=scheduler.change status=success routine=MIXER_RINSING intervalSec=0 normalizedIntervalSec=0
[2026-08-19 21:24:34.246] [debug] [task] [task] event=scheduler.change status=success routine=ERROR_CHECK intervalSec=1800 normalizedIntervalSec=1800
[2026-08-19 21:24:34.247] [debug] [task] [task] event=scheduler.change status=success routine=ICE_MAKER intervalSec=1800 normalizedIntervalSec=1800
[2026-08-19 21:24:34.248] [debug] [task] [task] event=scheduler.change status=success routine=TEMP_CHECK intervalSec=600 normalizedIntervalSec=600
[2026-08-19 21:24:34.249] [debug] [app] event=scheduler.change status=success routine=license.verify intervalSec=86400
[2026-08-19 21:24:34.249] [info]  [app] event=app.startup status=success message="schedulers registered"
[2026-08-19 21:24:34.250] [info]  [HASTE Guard] enableHasteAgent is false (OFF). Skipping agent bot launch.
[2026-08-19 21:24:34.251] [info]  [app] event=license.verify status=success state=approved storeId=01012345678
[2026-08-19 21:24:34.275] [error] [serialport] [serialport] event=serialport.error status=failed reason=port_error boardName=board1 port=COM6 message="Opening COM6: File not found"
[2026-08-19 21:24:34.276] [error] [serialport] [serialport] event=serialport.error status=failed reason=port_error boardName=board2 port=COM7 message="Opening COM7: File not found"
[2026-08-19 21:24:34.277] [error] [serialport] [serialport] event=serialport.error status=failed reason=port_error boardName=board1 port=COM6 message="Opening COM6: File not found"
[2026-08-19 21:24:34.278] [error] [serialport] [serialport] event=serialport.error status=failed reason=port_error boardName=board2 port=COM7 message="Opening COM7: File not found"
[2026-08-19 21:24:34.348] [debug] [api] [HASTE DevTools Sync] Current window DevTools opened state: false, Target state: false
[2026-08-19 21:24:39.216] [error] [coffee] [coffee] event=coffee.socket status=failed reason=open_timeout transport=ws machineName=WMF model=Lilly_(WMF) ip=192.168.10.99 port=25000
[2026-08-19 21:24:39.217] [error] [coffee] [coffee] event=coffee.socket status=failed reason=connect_failed transport=ws machineName=WMF model=Lilly_(WMF) ip=192.168.10.99 port=25000
[2026-08-19 21:24:55.296] [error] [coffee] [coffee] event=coffee.socket status=failed reason=ws_error machineName=WMF model=Lilly_(WMF) ip=192.168.10.99 port=25000 message="connect ETIMEDOUT 192.168.10.99:25000"
[2026-08-19 21:25:20.571] [info]  [HASTE Shutdown] Releasing all serial ports...
[2026-08-19 21:25:20.572] [info]  [app] event=app.shutdown status=started
[2026-08-19 21:32:49.658] [info]  [HASTE DB Load] Loaded settings from SQLite database successfully. StoreName: "김포집", StoreNo: "01012345678", ThemeMode: "Light", isKioskDryRun: "false"
[2026-08-19 21:32:50.349] [info]  [app] event=app.startup status=started appVersion=3.1.0t19 packaged=true
[2026-08-19 21:32:50.472] [info]  [app] event=app.window status=success
[2026-08-19 21:32:50.568] [info]  [app] event=app.tray status=success
[2026-08-19 21:32:50.569] [info]  [app] event=updater.check status=ignored reason=store_managed_distribution
[2026-08-19 21:32:50.572] [info]  [app] event=app.ipc status=success
[2026-08-19 21:32:50.575] [info]  [app] event=task.start status=success
[2026-08-19 21:32:50.578] [debug] [api] [api] event=settings.change status=success port=8080 posStoreNo=01012345678 deviceModelId=D0000
[2026-08-19 21:32:50.581] [info]  [api] [HASTE] Found SSL Certificates at: C:\Users\김성규\AppData\Local\Programs\haste_client3.1\resources\resources
[2026-08-19 21:32:50.602] [info]  [api] [HASTE] Started HTTP Hono Server on port 8080 (Toss Place HTTP Mode).
[2026-08-19 21:32:50.608] [info]  [api] [HASTE] Started HTTPS Hono Server on port 8443 (Toss Kiosk Mode).
[2026-08-19 21:32:50.610] [debug] [api] [api] event=api.server status=success port=8080 host=0.0.0.0
[2026-08-19 21:32:50.611] [info]  [serialport] [serialport] event=serialport.connect status=started scope=all
[2026-08-19 21:32:50.613] [debug] [coffee] [coffee] event=settings.change status=success field=thirdpartyType value=Lilly_(WMF)
[2026-08-19 21:32:50.616] [debug] [coffee] [coffee] event=coffee.socket status=started transport=ws machineName=WMF model=Lilly_(WMF) ip=192.168.10.99 port=25000
[2026-08-19 21:32:50.626] [debug] [coffee] [coffee] event=temperature.change status=success
[2026-08-19 21:32:50.628] [debug] [api] [api] event=did.callback status=ignored reason=local_did_not_open screen=temperature
[2026-08-19 21:32:50.633] [info]  [HASTE DB Save] Settings category "inventory" has been updated and saved to SQLite successfully.
[2026-08-19 21:32:50.635] [info]  [HASTE DB Save] Settings category "inventory" has been updated and saved to SQLite successfully.
[2026-08-19 21:32:50.637] [info]  [serialport] [serialport] event=serialport.connect status=started scope=all
[2026-08-19 21:32:50.643] [info]  [HASTE DB Save] Settings category "inventory" has been updated and saved to SQLite successfully.
[2026-08-19 21:32:50.645] [info]  [HASTE DB Save] Settings category "inventory" has been updated and saved to SQLite successfully.
[2026-08-19 21:32:50.646] [debug] [api] [HASTE Theme Sync] Applied local UI theme: isDark=false
[2026-08-19 21:32:50.647] [debug] [api] [api] event=did.callback status=started target=local screen=/ reason=local_api_down
[2026-08-19 21:32:50.649] [info]  [app] event=app.startup status=success message="subscriptions registered"
[2026-08-19 21:32:50.650] [debug] [task] [task] event=scheduler.change status=success routine=FOAMER_RINSING intervalSec=6000 normalizedIntervalSec=6000
[2026-08-19 21:32:50.654] [debug] [task] [task] event=scheduler.change status=success routine=WARM_RINSING intervalSec=0 normalizedIntervalSec=0
[2026-08-19 21:32:50.655] [debug] [task] [task] event=scheduler.change status=success routine=MIXER_RINSING intervalSec=0 normalizedIntervalSec=0
[2026-08-19 21:32:50.657] [debug] [task] [task] event=scheduler.change status=success routine=ERROR_CHECK intervalSec=1800 normalizedIntervalSec=1800
[2026-08-19 21:32:50.659] [debug] [task] [task] event=scheduler.change status=success routine=ICE_MAKER intervalSec=1800 normalizedIntervalSec=1800
[2026-08-19 21:32:50.661] [debug] [task] [task] event=scheduler.change status=success routine=TEMP_CHECK intervalSec=600 normalizedIntervalSec=600
[2026-08-19 21:32:50.663] [debug] [app] event=scheduler.change status=success routine=license.verify intervalSec=86400
[2026-08-19 21:32:50.663] [info]  [app] event=app.startup status=success message="schedulers registered"
[2026-08-19 21:32:50.666] [info]  [HASTE Guard] enableHasteAgent is false (OFF). Skipping agent bot launch.
[2026-08-19 21:32:50.667] [info]  [app] event=license.verify status=success state=approved storeId=01012345678
[2026-08-19 21:32:50.698] [error] [serialport] [serialport] event=serialport.error status=failed reason=port_error boardName=board1 port=COM6 message="Opening COM6: File not found"
[2026-08-19 21:32:50.701] [error] [serialport] [serialport] event=serialport.error status=failed reason=port_error boardName=board2 port=COM7 message="Opening COM7: File not found"
[2026-08-19 21:32:50.703] [error] [serialport] [serialport] event=serialport.error status=failed reason=port_error boardName=board1 port=COM6 message="Opening COM6: File not found"
[2026-08-19 21:32:50.706] [error] [serialport] [serialport] event=serialport.error status=failed reason=port_error boardName=board2 port=COM7 message="Opening COM7: File not found"
[2026-08-19 21:32:50.708] [debug] [api] [HASTE DevTools Sync] Current window DevTools opened state: false, Target state: false
[2026-08-19 21:32:55.619] [error] [coffee] [coffee] event=coffee.socket status=failed reason=open_timeout transport=ws machineName=WMF model=Lilly_(WMF) ip=192.168.10.99 port=25000
[2026-08-19 21:32:55.620] [error] [coffee] [coffee] event=coffee.socket status=failed reason=connect_failed transport=ws machineName=WMF model=Lilly_(WMF) ip=192.168.10.99 port=25000
[2026-08-19 21:32:58.002] [debug] [task] [app] event=did.open status=success reason=electron_window_local_webview_monitor url=http://127.0.0.1:8080/did/index.html?clientId=00%3AD8%3A61%3A38%3A09%3A29
[2026-08-19 21:32:58.005] [info]  [HASTE DB Save] Settings category "information" has been updated and saved to SQLite successfully.
[2026-08-19 21:33:02.800] [info]  [HASTE DB Save] Settings category "menu" has been updated and saved to SQLite successfully.
[2026-08-19 21:33:02.802] [info]  [HASTE DB Save] Settings category "product" has been updated and saved to SQLite successfully.
[2026-08-19 21:33:02.803] [info]  [HASTE DB Sync] Reloading memory settingsStore from SQLite database...
[2026-08-19 21:33:02.807] [info]  [HASTE DB Load] Loaded settings from SQLite database successfully. StoreName: "김포집", StoreNo: "01012345678", ThemeMode: "Light", isKioskDryRun: "false"
[2026-08-19 21:33:02.885] [info]  [HASTE Standard Recipe Apply] Successfully synced 61 Toss Kiosk products from Google Sheet SOT! (Tier: MV_STANDARD)
[2026-08-19 21:33:02.886] [info]  [HASTE Standard Recipe Apply] Successfully generated and injected 218 store-matched physical recipes & Toss Kiosk menu from Google Sheet SOT! (Hopper1: D_SAVE, Hopper2: N_SAVE)
[2026-08-19 21:33:02.932] [info]  [HASTE DB Save] Settings category "information" has been updated and saved to SQLite successfully.
[2026-08-19 21:33:02.933] [info]  [HASTE DB Save] Settings category "information" has been updated and saved to SQLite successfully.
[2026-08-19 21:33:02.935] [info]  [HASTE DB Save] Settings category "information" has been updated and saved to SQLite successfully.
[2026-08-19 21:33:03.031] [info]  [task] [HASTE Single Correct] Corrected productNo=undefined (type=name_only) to match Google standard
[2026-08-19 21:33:03.033] [error] [Client] [POS_SYNC] [IMPORT_FAIL] : 가져올 키오스크 상품 번호가 전달되지 않았습니다.
[2026-08-19 21:33:03.041] [info]  [HASTE DB Save] Settings category "menu" has been updated and saved to SQLite successfully.
[2026-08-19 21:33:03.043] [info]  [HASTE DB Save] Settings category "product" has been updated and saved to SQLite successfully.
[2026-08-19 21:33:03.044] [info]  [HASTE DB Sync] Reloading memory settingsStore from SQLite database...
[2026-08-19 21:33:03.046] [info]  [HASTE DB Load] Loaded settings from SQLite database successfully. StoreName: "김포집", StoreNo: "01012345678", ThemeMode: "Light", isKioskDryRun: "false"
[2026-08-19 21:33:03.048] [info]  [HASTE] Successfully cloned 61 kiosk items to local SQLite DB & store!
[2026-08-19 21:33:03.053] [info]  [HASTE DB Save] Settings category "menu" has been updated and saved to SQLite successfully.
[2026-08-19 21:33:03.056] [info]  [HASTE DB Save] Settings category "product" has been updated and saved to SQLite successfully.
[2026-08-19 21:33:03.057] [info]  [HASTE DB Sync] Reloading memory settingsStore from SQLite database...
[2026-08-19 21:33:03.060] [info]  [HASTE DB Load] Loaded settings from SQLite database successfully. StoreName: "김포집", StoreNo: "01012345678", ThemeMode: "Light", isKioskDryRun: "false"
[2026-08-19 21:33:03.137] [info]  [HASTE Standard Recipe Apply] Successfully synced 61 Toss Kiosk products from Google Sheet SOT! (Tier: MV_STANDARD)
[2026-08-19 21:33:03.137] [info]  [HASTE Standard Recipe Apply] Successfully generated and injected 218 store-matched physical recipes & Toss Kiosk menu from Google Sheet SOT! (Hopper1: D_SAVE, Hopper2: N_SAVE)
[2026-08-19 21:33:03.161] [info]  [HASTE DB Save] Settings category "information" has been updated and saved to SQLite successfully.
[2026-08-19 21:33:03.161] [info]  [task] [HASTE Pricing] Successfully applied pricing tier 'MV_STANDARD' to 61 kiosk menu items.
[2026-08-19 21:33:03.564] [info]  [HASTE DB Save] Settings category "information" has been updated and saved to SQLite successfully.
[2026-08-19 21:33:11.719] [error] [coffee] [coffee] event=coffee.socket status=failed reason=ws_error machineName=WMF model=Lilly_(WMF) ip=192.168.10.99 port=25000 message="connect ETIMEDOUT 192.168.10.99:25000"
[2026-08-19 21:33:52.374] [info]  [task] [HASTE Remote Hotpatch] Downloading ASAR from: https://github.com/rst9374-tech/haste_client_version/releases/download/v3.1.0t20/hasteai_client_v3.1.0t20.asar
[2026-08-19 21:34:03.169] [info]  [HASTE Shutdown] Releasing all serial ports...
[2026-08-19 21:34:03.170] [info]  [app] event=app.shutdown status=started
[2026-08-19 21:34:05.936] [info]  [HASTE DB Load] Loaded settings from SQLite database successfully. StoreName: "김포집", StoreNo: "01012345678", ThemeMode: "Light", isKioskDryRun: "false"
[2026-08-19 21:34:06.386] [info]  [app] event=app.startup status=started appVersion=3.1.0t20 packaged=true
[2026-08-19 21:34:06.478] [info]  [app] event=app.window status=success
[2026-08-19 21:34:06.527] [info]  [app] event=app.tray status=success
[2026-08-19 21:34:06.528] [info]  [app] event=updater.check status=ignored reason=store_managed_distribution
[2026-08-19 21:34:06.531] [info]  [app] event=app.ipc status=success
[2026-08-19 21:34:06.533] [info]  [app] event=task.start status=success
[2026-08-19 21:34:06.535] [debug] [api] [api] event=settings.change status=success port=8080 posStoreNo=01012345678 deviceModelId=D0000
[2026-08-19 21:34:06.538] [info]  [api] [HASTE] Found SSL Certificates at: C:\Users\김성규\AppData\Local\Programs\haste_client3.1\resources\resources
[2026-08-19 21:34:06.548] [info]  [api] [HASTE] Started HTTP Hono Server on port 8080 (Toss Place HTTP Mode).
[2026-08-19 21:34:06.553] [info]  [api] [HASTE] Started HTTPS Hono Server on port 8443 (Toss Kiosk Mode).
[2026-08-19 21:34:06.554] [debug] [api] [api] event=api.server status=success port=8080 host=0.0.0.0
[2026-08-19 21:34:06.555] [info]  [serialport] [serialport] event=serialport.connect status=started scope=all
[2026-08-19 21:34:06.558] [debug] [coffee] [coffee] event=settings.change status=success field=thirdpartyType value=Lilly_(WMF)
[2026-08-19 21:34:06.560] [debug] [coffee] [coffee] event=coffee.socket status=started transport=ws machineName=WMF model=Lilly_(WMF) ip=192.168.10.99 port=25000
[2026-08-19 21:34:06.566] [debug] [coffee] [coffee] event=temperature.change status=success
[2026-08-19 21:34:06.568] [debug] [api] [api] event=did.callback status=ignored reason=local_did_not_open screen=temperature
[2026-08-19 21:34:06.573] [info]  [HASTE DB Save] Settings category "inventory" has been updated and saved to SQLite successfully.
[2026-08-19 21:34:06.576] [info]  [HASTE DB Save] Settings category "inventory" has been updated and saved to SQLite successfully.
[2026-08-19 21:34:06.577] [info]  [serialport] [serialport] event=serialport.connect status=started scope=all
[2026-08-19 21:34:06.580] [info]  [HASTE DB Save] Settings category "inventory" has been updated and saved to SQLite successfully.
[2026-08-19 21:34:06.582] [info]  [HASTE DB Save] Settings category "inventory" has been updated and saved to SQLite successfully.
[2026-08-19 21:34:06.584] [debug] [api] [HASTE Theme Sync] Applied local UI theme: isDark=false
[2026-08-19 21:34:06.586] [debug] [api] [api] event=did.callback status=started target=local screen=/ reason=local_api_down
[2026-08-19 21:34:06.589] [info]  [app] event=app.startup status=success message="subscriptions registered"
[2026-08-19 21:34:06.590] [debug] [task] [task] event=scheduler.change status=success routine=FOAMER_RINSING intervalSec=6000 normalizedIntervalSec=6000
[2026-08-19 21:34:06.593] [debug] [task] [task] event=scheduler.change status=success routine=WARM_RINSING intervalSec=0 normalizedIntervalSec=0
[2026-08-19 21:34:06.594] [debug] [task] [task] event=scheduler.change status=success routine=MIXER_RINSING intervalSec=0 normalizedIntervalSec=0
[2026-08-19 21:34:06.595] [debug] [task] [task] event=scheduler.change status=success routine=ERROR_CHECK intervalSec=1800 normalizedIntervalSec=1800
[2026-08-19 21:34:06.596] [debug] [task] [task] event=scheduler.change status=success routine=ICE_MAKER intervalSec=1800 normalizedIntervalSec=1800
[2026-08-19 21:34:06.597] [debug] [task] [task] event=scheduler.change status=success routine=TEMP_CHECK intervalSec=600 normalizedIntervalSec=600
[2026-08-19 21:34:06.598] [debug] [app] event=scheduler.change status=success routine=license.verify intervalSec=86400
[2026-08-19 21:34:06.598] [info]  [app] event=app.startup status=success message="schedulers registered"
[2026-08-19 21:34:06.600] [info]  [HASTE Guard] enableHasteAgent is false (OFF). Skipping agent bot launch.
[2026-08-19 21:34:06.601] [info]  [app] event=license.verify status=success state=approved storeId=01012345678
[2026-08-19 21:34:06.624] [error] [serialport] [serialport] event=serialport.error status=failed reason=port_error boardName=board1 port=COM6 message="Opening COM6: File not found"
[2026-08-19 21:34:06.626] [error] [serialport] [serialport] event=serialport.error status=failed reason=port_error boardName=board2 port=COM7 message="Opening COM7: File not found"
[2026-08-19 21:34:06.627] [error] [serialport] [serialport] event=serialport.error status=failed reason=port_error boardName=board1 port=COM6 message="Opening COM6: File not found"
[2026-08-19 21:34:06.629] [error] [serialport] [serialport] event=serialport.error status=failed reason=port_error boardName=board2 port=COM7 message="Opening COM7: File not found"
[2026-08-19 21:34:06.639] [debug] [api] [HASTE DevTools Sync] Current window DevTools opened state: false, Target state: false
[2026-08-19 21:34:11.563] [error] [coffee] [coffee] event=coffee.socket status=failed reason=open_timeout transport=ws machineName=WMF model=Lilly_(WMF) ip=192.168.10.99 port=25000
[2026-08-19 21:34:11.564] [error] [coffee] [coffee] event=coffee.socket status=failed reason=connect_failed transport=ws machineName=WMF model=Lilly_(WMF) ip=192.168.10.99 port=25000
[2026-08-19 21:34:27.648] [error] [coffee] [coffee] event=coffee.socket status=failed reason=ws_error machineName=WMF model=Lilly_(WMF) ip=192.168.10.99 port=25000 message="connect ETIMEDOUT 192.168.10.99:25000"
[2026-08-19 22:12:53.417] [info]  [api] [RESOLVE DEBUG] input productNo=MAI4000 name=레몬에이드 options=[] combinedPoolLength=656
[2026-08-19 22:12:53.420] [info]  [api] [RESOLVE DEBUG] input productNo=MAI4000 name=레몬에이드 options=[{"optionCode":"ST","optionName":"딸기"}] combinedPoolLength=656
[2026-08-19 22:12:53.422] [info]  [api] [RESOLVE DEBUG] input productNo=MAI4000 name=레몬에이드 options=[{"optionCode":"BN","optionName":"바나나"}] combinedPoolLength=656
[2026-08-19 22:12:53.424] [info]  [api] [RESOLVE DEBUG] input productNo=MAI4002 name=딸기자몽에이드 options=[] combinedPoolLength=656
[2026-08-19 22:12:53.426] [info]  [api] [RESOLVE DEBUG] input productNo=MAI4004 name=자몽에이드 options=[] combinedPoolLength=656
[2026-08-19 22:12:53.428] [info]  [api] [RESOLVE DEBUG] input productNo=MAI4004 name=자몽에이드 options=[{"optionCode":"BN","optionName":"바나나"}] combinedPoolLength=656
[2026-08-19 22:12:53.430] [info]  [api] [RESOLVE DEBUG] input productNo=MAI4004 name=자몽에이드 options=[{"optionCode":"ST","optionName":"딸기"}] combinedPoolLength=656
[2026-08-19 22:12:53.431] [info]  [api] [RESOLVE DEBUG] input productNo=MAI4005 name=오미자에이드 options=[] combinedPoolLength=656
[2026-08-19 22:12:53.432] [info]  [api] [RESOLVE DEBUG] input productNo=MAI4006 name=청포도에이드 options=[] combinedPoolLength=656
[2026-08-19 22:12:53.433] [info]  [api] [RESOLVE DEBUG] input productNo=MAI4007 name=자두에이드 options=[] combinedPoolLength=656
[2026-08-19 22:12:53.434] [info]  [api] [RESOLVE DEBUG] input productNo=MAI4009 name=딸기에이드 options=[] combinedPoolLength=656
[2026-08-19 22:12:53.435] [info]  [api] [RESOLVE DEBUG] input productNo=MAI4010 name=레몬딸기에이드 options=[] combinedPoolLength=656
[2026-08-19 22:12:53.436] [info]  [api] [RESOLVE DEBUG] input productNo=MAI4012 name=바나나에이드 options=[] combinedPoolLength=656
[2026-08-19 22:12:53.437] [info]  [api] [RESOLVE DEBUG] input productNo=MAI4013 name=복숭아에이드 options=[] combinedPoolLength=656
[2026-08-19 22:12:53.438] [info]  [api] [RESOLVE DEBUG] input productNo=MAI4014 name=오렌지에이드 options=[] combinedPoolLength=656
[2026-08-19 22:12:53.439] [info]  [api] [RESOLVE DEBUG] input productNo=MAI4015 name=오렌지피치에이드 options=[] combinedPoolLength=656
[2026-08-19 22:12:53.440] [info]  [api] [RESOLVE DEBUG] input productNo=MAI4018 name=플럼피치에이드 options=[] combinedPoolLength=656
[2026-08-19 22:12:53.441] [info]  [api] [RESOLVE DEBUG] input productNo=MAI4019 name=피치딸기에이드 options=[] combinedPoolLength=656
[2026-08-19 22:12:53.442] [info]  [api] [RESOLVE DEBUG] input productNo=MAI4020 name=허니레몬블랙에이드 options=[] combinedPoolLength=656
[2026-08-19 22:12:53.443] [info]  [api] [RESOLVE DEBUG] input productNo=MAI4021 name=허니자몽블랙에이드 options=[] combinedPoolLength=656
[2026-08-19 22:12:53.444] [info]  [api] [RESOLVE DEBUG] input productNo=MDH1000 name=에스프레소 도피오 options=[] combinedPoolLength=656
[2026-08-19 22:12:53.445] [info]  [api] [RESOLVE DEBUG] input productNo=MDH1000 name=에스프레소 도피오 options=[{"optionCode":"HT","optionName":"HOT"}] combinedPoolLength=656
[2026-08-19 22:12:53.446] [info]  [api] [RESOLVE DEBUG] input productNo=MDH1000 name=에스프레소 도피오 options=[{"optionCode":"IC","optionName":"ICE"}] combinedPoolLength=656
[2026-08-19 22:12:53.447] [info]  [api] [RESOLVE DEBUG] input productNo=MDH1000 name=에스프레소 도피오 options=[{"optionCode":"DK","optionName":"다크시그니처"}] combinedPoolLength=656
[2026-08-19 22:12:53.449] [info]  [api] [RESOLVE DEBUG] input productNo=MDH1000 name=에스프레소 도피오 options=[{"optionCode":"DC","optionName":"디카페인"}] combinedPoolLength=656
[2026-08-19 22:12:53.450] [info]  [api] [RESOLVE DEBUG] input productNo=MDH1002 name=아메리카노 options=[] combinedPoolLength=656
[2026-08-19 22:12:53.451] [info]  [api] [RESOLVE DEBUG] input productNo=MDH1002 name=아메리카노 options=[{"optionCode":"HT","optionName":"HOT"}] combinedPoolLength=656
[2026-08-19 22:12:53.452] [info]  [api] [RESOLVE DEBUG] input productNo=MDH1002 name=아메리카노 options=[{"optionCode":"IC","optionName":"ICE"}] combinedPoolLength=656
[2026-08-19 22:12:53.453] [info]  [api] [RESOLVE DEBUG] input productNo=MDH1002 name=아메리카노 options=[{"optionCode":"DK","optionName":"다크시그니처"}] combinedPoolLength=656
[2026-08-19 22:12:53.455] [info]  [api] [RESOLVE DEBUG] input productNo=MDH1002 name=아메리카노 options=[{"optionCode":"DC","optionName":"디카페인"}] combinedPoolLength=656
[2026-08-19 22:12:53.456] [info]  [api] [RESOLVE DEBUG] input productNo=MDH1002 name=아메리카노 options=[{"optionCode":"LT","optionName":"연하게"}] combinedPoolLength=656
[2026-08-19 22:12:53.458] [info]  [api] [RESOLVE DEBUG] input productNo=MDH1002 name=아메리카노 options=[{"optionCode":"1S","optionName":"샷추가"}] combinedPoolLength=656
[2026-08-19 22:12:53.459] [info]  [api] [RESOLVE DEBUG] input productNo=MDH1002 name=아메리카노 options=[{"optionCode":"SU","optionName":"설탕"}] combinedPoolLength=656
[2026-08-19 22:12:53.461] [info]  [api] [RESOLVE DEBUG] input productNo=MDH1002 name=아메리카노 options=[{"optionCode":"HZ","optionName":"헤이즐넛"}] combinedPoolLength=656
[2026-08-19 22:12:53.462] [info]  [api] [RESOLVE DEBUG] input productNo=MDH2001 name=카페라떼 options=[] combinedPoolLength=656
[2026-08-19 22:12:53.463] [info]  [api] [RESOLVE DEBUG] input productNo=MDH2001 name=카페라떼 options=[{"optionCode":"HT","optionName":"HOT"}] combinedPoolLength=656
[2026-08-19 22:12:53.465] [info]  [api] [RESOLVE DEBUG] input productNo=MDH2001 name=카페라떼 options=[{"optionCode":"IC","optionName":"ICE"}] combinedPoolLength=656
[2026-08-19 22:12:53.466] [info]  [api] [RESOLVE DEBUG] input productNo=MDH2001 name=카페라떼 options=[{"optionCode":"DK","optionName":"다크시그니처"}] combinedPoolLength=656
[2026-08-19 22:12:53.467] [info]  [api] [RESOLVE DEBUG] input productNo=MDH2001 name=카페라떼 options=[{"optionCode":"DC","optionName":"디카페인"}] combinedPoolLength=656
[2026-08-19 22:12:53.468] [info]  [api] [RESOLVE DEBUG] input productNo=MDH2001 name=카페라떼 options=[{"optionCode":"LT","optionName":"연하게"}] combinedPoolLength=656
[2026-08-19 22:12:53.470] [info]  [api] [RESOLVE DEBUG] input productNo=MDH2001 name=카페라떼 options=[{"optionCode":"1S","optionName":"샷추가"}] combinedPoolLength=656
[2026-08-19 22:12:53.471] [info]  [api] [RESOLVE DEBUG] input productNo=MDH2001 name=카페라떼 options=[{"optionCode":"SU","optionName":"설탕"}] combinedPoolLength=656
[2026-08-19 22:12:53.472] [info]  [api] [RESOLVE DEBUG] input productNo=MDH2001 name=카페라떼 options=[{"optionCode":"VN","optionName":"바닐라"}] combinedPoolLength=656
[2026-08-19 22:12:53.473] [info]  [api] [RESOLVE DEBUG] input productNo=MDH2001 name=카페라떼 options=[{"optionCode":"CR","optionName":"카라멜"}] combinedPoolLength=656
[2026-08-19 22:12:53.475] [info]  [api] [RESOLVE DEBUG] input productNo=MDH2001 name=카페라떼 options=[{"optionCode":"CH","optionName":"초코"}] combinedPoolLength=656
[2026-08-19 22:12:53.477] [info]  [api] [RESOLVE DEBUG] input productNo=MDH2001 name=카페라떼 options=[{"optionCode":"HZ","optionName":"헤이즐넛"}] combinedPoolLength=656
[2026-08-19 22:12:53.479] [info]  [api] [RESOLVE DEBUG] input productNo=MDH2001 name=카페라떼 options=[{"optionCode":"SC","optionName":"슈크림"}] combinedPoolLength=656
[2026-08-19 22:12:53.480] [info]  [api] [RESOLVE DEBUG] input productNo=MDH2001 name=카페라떼 options=[{"optionCode":"BN","optionName":"바나나"}] combinedPoolLength=656
[2026-08-19 22:12:53.481] [info]  [api] [RESOLVE DEBUG] input productNo=MDH2003 name=바닐라라떼 options=[] combinedPoolLength=656
[2026-08-19 22:12:53.482] [info]  [api] [RESOLVE DEBUG] input productNo=MDH2003 name=바닐라라떼 options=[{"optionCode":"HT","optionName":"HOT"}] combinedPoolLength=656
[2026-08-19 22:12:53.483] [info]  [api] [RESOLVE DEBUG] input productNo=MDH2003 name=바닐라라떼 options=[{"optionCode":"IC","optionName":"ICE"}] combinedPoolLength=656
[2026-08-19 22:12:53.485] [info]  [api] [RESOLVE DEBUG] input productNo=MDH2003 name=바닐라라떼 options=[{"optionCode":"DK","optionName":"다크시그니처"}] combinedPoolLength=656
[2026-08-19 22:12:53.486] [info]  [api] [RESOLVE DEBUG] input productNo=MDH2003 name=바닐라라떼 options=[{"optionCode":"DC","optionName":"디카페인"}] combinedPoolLength=656
[2026-08-19 22:12:53.487] [info]  [api] [RESOLVE DEBUG] input productNo=MDH2004 name=헤이즐넛라떼 options=[] combinedPoolLength=656
[2026-08-19 22:12:53.488] [info]  [api] [RESOLVE DEBUG] input productNo=MDH2004 name=헤이즐넛라떼 options=[{"optionCode":"HT","optionName":"HOT"}] combinedPoolLength=656
[2026-08-19 22:12:53.490] [info]  [api] [RESOLVE DEBUG] input productNo=MDH2004 name=헤이즐넛라떼 options=[{"optionCode":"IC","optionName":"ICE"}] combinedPoolLength=656
[2026-08-19 22:12:53.491] [info]  [api] [RESOLVE DEBUG] input productNo=MDH2004 name=헤이즐넛라떼 options=[{"optionCode":"DK","optionName":"다크시그니처"}] combinedPoolLength=656
[2026-08-19 22:12:53.492] [info]  [api] [RESOLVE DEBUG] input productNo=MDH2004 name=헤이즐넛라떼 options=[{"optionCode":"DC","optionName":"디카페인"}] combinedPoolLength=656
[2026-08-19 22:12:53.494] [info]  [api] [RESOLVE DEBUG] input productNo=MDH2005 name=카라멜마끼아또 options=[] combinedPoolLength=656
[2026-08-19 22:12:53.495] [info]  [api] [RESOLVE DEBUG] input productNo=MDH2005 name=카라멜마끼아또 options=[{"optionCode":"HT","optionName":"HOT"}] combinedPoolLength=656
[2026-08-19 22:12:53.496] [info]  [api] [RESOLVE DEBUG] input productNo=MDH2005 name=카라멜마끼아또 options=[{"optionCode":"IC","optionName":"ICE"}] combinedPoolLength=656
[2026-08-19 22:12:53.497] [info]  [api] [RESOLVE DEBUG] input productNo=MDH2005 name=카라멜마끼아또 options=[{"optionCode":"DK","optionName":"다크시그니처"}] combinedPoolLength=656
[2026-08-19 22:12:53.499] [info]  [api] [RESOLVE DEBUG] input productNo=MDH2005 name=카라멜마끼아또 options=[{"optionCode":"DC","optionName":"디카페인"}] combinedPoolLength=656
[2026-08-19 22:12:53.500] [info]  [api] [RESOLVE DEBUG] input productNo=MDH2006 name=카페모카 options=[] combinedPoolLength=656
[2026-08-19 22:12:53.501] [info]  [api] [RESOLVE DEBUG] input productNo=MDH2006 name=카페모카 options=[{"optionCode":"HT","optionName":"HOT"}] combinedPoolLength=656
[2026-08-19 22:12:53.502] [info]  [api] [RESOLVE DEBUG] input productNo=MDH2006 name=카페모카 options=[{"optionCode":"IC","optionName":"ICE"}] combinedPoolLength=656
[2026-08-19 22:12:53.503] [info]  [api] [RESOLVE DEBUG] input productNo=MDH2006 name=카페모카 options=[{"optionCode":"DK","optionName":"다크시그니처"}] combinedPoolLength=656
[2026-08-19 22:12:53.504] [info]  [api] [RESOLVE DEBUG] input productNo=MDH2006 name=카페모카 options=[{"optionCode":"DC","optionName":"디카페인"}] combinedPoolLength=656
[2026-08-19 22:12:53.505] [info]  [api] [RESOLVE DEBUG] input productNo=MDH2010 name=밤샷라떼 options=[] combinedPoolLength=656
[2026-08-19 22:12:53.506] [info]  [api] [RESOLVE DEBUG] input productNo=MDH2010 name=밤샷라떼 options=[{"optionCode":"HT","optionName":"HOT"}] combinedPoolLength=656
[2026-08-19 22:12:53.508] [info]  [api] [RESOLVE DEBUG] input productNo=MDH2010 name=밤샷라떼 options=[{"optionCode":"IC","optionName":"ICE"}] combinedPoolLength=656
[2026-08-19 22:12:53.509] [info]  [api] [RESOLVE DEBUG] input productNo=MDH2010 name=밤샷라떼 options=[{"optionCode":"DK","optionName":"다크시그니처"}] combinedPoolLength=656
[2026-08-19 22:12:53.511] [info]  [api] [RESOLVE DEBUG] input productNo=MDH2010 name=밤샷라떼 options=[{"optionCode":"DC","optionName":"디카페인"}] combinedPoolLength=656
[2026-08-19 22:12:53.512] [info]  [api] [RESOLVE DEBUG] input productNo=MDH2011 name=군고구마샷라떼 options=[] combinedPoolLength=656
[2026-08-19 22:12:53.513] [info]  [api] [RESOLVE DEBUG] input productNo=MDH2011 name=군고구마샷라떼 options=[{"optionCode":"HT","optionName":"HOT"}] combinedPoolLength=656
[2026-08-19 22:12:53.514] [info]  [api] [RESOLVE DEBUG] input productNo=MDH2011 name=군고구마샷라떼 options=[{"optionCode":"IC","optionName":"ICE"}] combinedPoolLength=656
[2026-08-19 22:12:53.515] [info]  [api] [RESOLVE DEBUG] input productNo=MDH2011 name=군고구마샷라떼 options=[{"optionCode":"DK","optionName":"다크시그니처"}] combinedPoolLength=656
[2026-08-19 22:12:53.517] [info]  [api] [RESOLVE DEBUG] input productNo=MDH2011 name=군고구마샷라떼 options=[{"optionCode":"DC","optionName":"디카페인"}] combinedPoolLength=656
[2026-08-19 22:12:53.518] [info]  [api] [RESOLVE DEBUG] input productNo=MDH2012 name=녹차샷라떼 options=[] combinedPoolLength=656
[2026-08-19 22:12:53.519] [info]  [api] [RESOLVE DEBUG] input productNo=MDH2012 name=녹차샷라떼 options=[{"optionCode":"HT","optionName":"HOT"}] combinedPoolLength=656
[2026-08-19 22:12:53.521] [info]  [api] [RESOLVE DEBUG] input productNo=MDH2012 name=녹차샷라떼 options=[{"optionCode":"IC","optionName":"ICE"}] combinedPoolLength=656
[2026-08-19 22:12:53.522] [info]  [api] [RESOLVE DEBUG] input productNo=MDH2012 name=녹차샷라떼 options=[{"optionCode":"DK","optionName":"다크시그니처"}] combinedPoolLength=656
[2026-08-19 22:12:53.523] [info]  [api] [RESOLVE DEBUG] input productNo=MDH2012 name=녹차샷라떼 options=[{"optionCode":"DC","optionName":"디카페인"}] combinedPoolLength=656
[2026-08-19 22:12:53.525] [info]  [api] [RESOLVE DEBUG] input productNo=MDH2013 name=말차샷라떼 options=[] combinedPoolLength=656
[2026-08-19 22:12:53.526] [info]  [api] [RESOLVE DEBUG] input productNo=MDH2013 name=말차샷라떼 options=[{"optionCode":"HT","optionName":"HOT"}] combinedPoolLength=656
[2026-08-19 22:12:53.527] [info]  [api] [RESOLVE DEBUG] input productNo=MDH2013 name=말차샷라떼 options=[{"optionCode":"IC","optionName":"ICE"}] combinedPoolLength=656
[2026-08-19 22:12:53.528] [info]  [api] [RESOLVE DEBUG] input productNo=MDH2013 name=말차샷라떼 options=[{"optionCode":"DK","optionName":"다크시그니처"}] combinedPoolLength=656
[2026-08-19 22:12:53.530] [info]  [api] [RESOLVE DEBUG] input productNo=MDH2013 name=말차샷라떼 options=[{"optionCode":"DC","optionName":"디카페인"}] combinedPoolLength=656
[2026-08-19 22:12:53.531] [info]  [api] [RESOLVE DEBUG] input productNo=MDH2014 name=민트샷라떼 options=[] combinedPoolLength=656
[2026-08-19 22:12:53.532] [info]  [api] [RESOLVE DEBUG] input productNo=MDH2014 name=민트샷라떼 options=[{"optionCode":"HT","optionName":"HOT"}] combinedPoolLength=656
[2026-08-19 22:12:53.533] [info]  [api] [RESOLVE DEBUG] input productNo=MDH2014 name=민트샷라떼 options=[{"optionCode":"IC","optionName":"ICE"}] combinedPoolLength=656
[2026-08-19 22:12:53.534] [info]  [api] [RESOLVE DEBUG] input productNo=MDH2014 name=민트샷라떼 options=[{"optionCode":"DK","optionName":"다크시그니처"}] combinedPoolLength=656
[2026-08-19 22:12:53.535] [info]  [api] [RESOLVE DEBUG] input productNo=MDH2014 name=민트샷라떼 options=[{"optionCode":"DC","optionName":"디카페인"}] combinedPoolLength=656
[2026-08-19 22:12:53.536] [info]  [api] [RESOLVE DEBUG] input productNo=MDH2015 name=바나나샷라떼 options=[] combinedPoolLength=656
[2026-08-19 22:12:53.537] [info]  [api] [RESOLVE DEBUG] input productNo=MDH2015 name=바나나샷라떼 options=[{"optionCode":"HT","optionName":"HOT"}] combinedPoolLength=656
[2026-08-19 22:12:53.539] [info]  [api] [RESOLVE DEBUG] input productNo=MDH2015 name=바나나샷라떼 options=[{"optionCode":"IC","optionName":"ICE"}] combinedPoolLength=656
[2026-08-19 22:12:53.541] [info]  [api] [RESOLVE DEBUG] input productNo=MDH2015 name=바나나샷라떼 options=[{"optionCode":"DK","optionName":"다크시그니처"}] combinedPoolLength=656
[2026-08-19 22:12:53.542] [info]  [api] [RESOLVE DEBUG] input productNo=MDH2015 name=바나나샷라떼 options=[{"optionCode":"DC","optionName":"디카페인"}] combinedPoolLength=656
[2026-08-19 22:12:53.544] [info]  [api] [RESOLVE DEBUG] input productNo=MDH2016 name=슈크림샷라떼 options=[] combinedPoolLength=656
[2026-08-19 22:12:53.545] [info]  [api] [RESOLVE DEBUG] input productNo=MDH2016 name=슈크림샷라떼 options=[{"optionCode":"HT","optionName":"HOT"}] combinedPoolLength=656
[2026-08-19 22:12:53.546] [info]  [api] [RESOLVE DEBUG] input productNo=MDH2016 name=슈크림샷라떼 options=[{"optionCode":"IC","optionName":"ICE"}] combinedPoolLength=656
[2026-08-19 22:12:53.548] [info]  [api] [RESOLVE DEBUG] input productNo=MDH2016 name=슈크림샷라떼 options=[{"optionCode":"DK","optionName":"다크시그니처"}] combinedPoolLength=656
[2026-08-19 22:12:53.549] [info]  [api] [RESOLVE DEBUG] input productNo=MDH2016 name=슈크림샷라떼 options=[{"optionCode":"DC","optionName":"디카페인"}] combinedPoolLength=656
[2026-08-19 22:12:53.550] [info]  [api] [RESOLVE DEBUG] input productNo=MDI1003 name=아샷추 options=[] combinedPoolLength=656
[2026-08-19 22:12:53.551] [info]  [api] [RESOLVE DEBUG] input productNo=MDI1003 name=아샷추 options=[{"optionCode":"HT","optionName":"HOT"}] combinedPoolLength=656
[2026-08-19 22:12:53.552] [info]  [api] [RESOLVE DEBUG] input productNo=MDI1003 name=아샷추 options=[{"optionCode":"IC","optionName":"ICE"}] combinedPoolLength=656
[2026-08-19 22:12:53.553] [info]  [api] [RESOLVE DEBUG] input productNo=MDI1003 name=아샷추 options=[{"optionCode":"DK","optionName":"다크시그니처"}] combinedPoolLength=656
[2026-08-19 22:12:53.554] [info]  [api] [RESOLVE DEBUG] input productNo=MDI1003 name=아샷추 options=[{"optionCode":"DC","optionName":"디카페인"}] combinedPoolLength=656
[2026-08-19 22:12:53.555] [info]  [api] [RESOLVE DEBUG] input productNo=MDI1004 name=더블아샷추 options=[] combinedPoolLength=656
[2026-08-19 22:12:53.556] [info]  [api] [RESOLVE DEBUG] input productNo=MDI1004 name=더블아샷추 options=[{"optionCode":"HT","optionName":"HOT"}] combinedPoolLength=656
[2026-08-19 22:12:53.557] [info]  [api] [RESOLVE DEBUG] input productNo=MDI1004 name=더블아샷추 options=[{"optionCode":"IC","optionName":"ICE"}] combinedPoolLength=656
[2026-08-19 22:12:53.558] [info]  [api] [RESOLVE DEBUG] input productNo=MDI1004 name=더블아샷추 options=[{"optionCode":"DK","optionName":"다크시그니처"}] combinedPoolLength=656
[2026-08-19 22:12:53.559] [info]  [api] [RESOLVE DEBUG] input productNo=MDI1004 name=더블아샷추 options=[{"optionCode":"DC","optionName":"디카페인"}] combinedPoolLength=656
[2026-08-19 22:12:53.560] [info]  [api] [RESOLVE DEBUG] input productNo=MMH3006 name=초코라떼 options=[] combinedPoolLength=656
[2026-08-19 22:12:53.561] [info]  [api] [RESOLVE DEBUG] input productNo=MMH3006 name=초코라떼 options=[{"optionCode":"HT","optionName":"HOT"}] combinedPoolLength=656
[2026-08-19 22:12:53.563] [info]  [api] [RESOLVE DEBUG] input productNo=MMH3006 name=초코라떼 options=[{"optionCode":"IC","optionName":"ICE"}] combinedPoolLength=656
[2026-08-19 22:12:53.566] [info]  [api] [RESOLVE DEBUG] input productNo=MMH3006 name=초코라떼 options=[{"optionCode":"1S","optionName":"샷추가"}] combinedPoolLength=656
[2026-08-19 22:12:53.568] [info]  [api] [RESOLVE DEBUG] input productNo=MMH3006 name=초코라떼 options=[{"optionCode":"SC","optionName":"슈크림"}] combinedPoolLength=656
[2026-08-19 22:12:53.569] [info]  [api] [RESOLVE DEBUG] input productNo=MMH3006 name=초코라떼 options=[{"optionCode":"BN","optionName":"바나나"}] combinedPoolLength=656
[2026-08-19 22:12:53.570] [info]  [api] [RESOLVE DEBUG] input productNo=MMH3006 name=초코라떼 options=[{"optionCode":"HZ","optionName":"헤이즐넛"}] combinedPoolLength=656
[2026-08-19 22:12:53.572] [info]  [api] [RESOLVE DEBUG] input productNo=MMH3006 name=초코라떼 options=[{"optionCode":"ST","optionName":"딸기"}] combinedPoolLength=656
[2026-08-19 22:12:53.573] [info]  [api] [RESOLVE DEBUG] input productNo=MMH3008 name=말차라떼 options=[] combinedPoolLength=656
[2026-08-19 22:12:53.574] [info]  [api] [RESOLVE DEBUG] input productNo=MMH3008 name=말차라떼 options=[{"optionCode":"HT","optionName":"HOT"}] combinedPoolLength=656
[2026-08-19 22:12:53.575] [info]  [api] [RESOLVE DEBUG] input productNo=MMH3008 name=말차라떼 options=[{"optionCode":"IC","optionName":"ICE"}] combinedPoolLength=656
[2026-08-19 22:12:53.578] [info]  [api] [RESOLVE DEBUG] input productNo=MMH3008 name=말차라떼 options=[{"optionCode":"1S","optionName":"샷추가"}] combinedPoolLength=656
[2026-08-19 22:12:53.580] [info]  [api] [RESOLVE DEBUG] input productNo=MMH3008 name=말차라떼 options=[{"optionCode":"CH","optionName":"초코"}] combinedPoolLength=656
[2026-08-19 22:12:53.582] [info]  [api] [RESOLVE DEBUG] input productNo=MMH3010 name=바나나라떼 options=[] combinedPoolLength=656
[2026-08-19 22:12:53.583] [info]  [api] [RESOLVE DEBUG] input productNo=MMH3010 name=바나나라떼 options=[{"optionCode":"HT","optionName":"HOT"}] combinedPoolLength=656
[2026-08-19 22:12:53.584] [info]  [api] [RESOLVE DEBUG] input productNo=MMH3010 name=바나나라떼 options=[{"optionCode":"IC","optionName":"ICE"}] combinedPoolLength=656
[2026-08-19 22:12:53.586] [info]  [api] [RESOLVE DEBUG] input productNo=MMH3010 name=바나나라떼 options=[{"optionCode":"CH","optionName":"초코"}] combinedPoolLength=656
[2026-08-19 22:12:53.587] [info]  [api] [RESOLVE DEBUG] input productNo=MMH3010 name=바나나라떼 options=[{"optionCode":"HZ","optionName":"헤이즐넛"}] combinedPoolLength=656
[2026-08-19 22:12:53.588] [info]  [api] [RESOLVE DEBUG] input productNo=MMH3010 name=바나나라떼 options=[{"optionCode":"CR","optionName":"카라멜"}] combinedPoolLength=656
[2026-08-19 22:12:53.589] [info]  [api] [RESOLVE DEBUG] input productNo=MMH3010 name=바나나라떼 options=[{"optionCode":"ST","optionName":"딸기"}] combinedPoolLength=656
[2026-08-19 22:12:53.590] [info]  [api] [RESOLVE DEBUG] input productNo=MMH3012 name=군고구마라떼 options=[] combinedPoolLength=656
[2026-08-19 22:12:53.591] [info]  [api] [RESOLVE DEBUG] input productNo=MMH3012 name=군고구마라떼 options=[{"optionCode":"HT","optionName":"HOT"}] combinedPoolLength=656
[2026-08-19 22:12:53.593] [info]  [api] [RESOLVE DEBUG] input productNo=MMH3012 name=군고구마라떼 options=[{"optionCode":"IC","optionName":"ICE"}] combinedPoolLength=656
[2026-08-19 22:12:53.594] [info]  [api] [RESOLVE DEBUG] input productNo=MMH3012 name=군고구마라떼 options=[{"optionCode":"1S","optionName":"샷추가"}] combinedPoolLength=656
[2026-08-19 22:12:53.595] [info]  [api] [RESOLVE DEBUG] input productNo=MMH3012 name=군고구마라떼 options=[{"optionCode":"CH","optionName":"초코"}] combinedPoolLength=656
[2026-08-19 22:12:53.597] [info]  [api] [RESOLVE DEBUG] input productNo=MMH3012 name=군고구마라떼 options=[{"optionCode":"CR","optionName":"카라멜"}] combinedPoolLength=656
[2026-08-19 22:12:53.598] [info]  [api] [RESOLVE DEBUG] input productNo=MMH3016 name=밤라떼 options=[] combinedPoolLength=656
[2026-08-19 22:12:53.599] [info]  [api] [RESOLVE DEBUG] input productNo=MMH3016 name=밤라떼 options=[{"optionCode":"HT","optionName":"HOT"}] combinedPoolLength=656
[2026-08-19 22:12:53.600] [info]  [api] [RESOLVE DEBUG] input productNo=MMH3016 name=밤라떼 options=[{"optionCode":"IC","optionName":"ICE"}] combinedPoolLength=656
[2026-08-19 22:12:53.601] [info]  [api] [RESOLVE DEBUG] input productNo=MMH3016 name=밤라떼 options=[{"optionCode":"1S","optionName":"샷추가"}] combinedPoolLength=656
[2026-08-19 22:12:53.602] [info]  [api] [RESOLVE DEBUG] input productNo=MMH3016 name=밤라떼 options=[{"optionCode":"CH","optionName":"초코"}] combinedPoolLength=656
[2026-08-19 22:12:53.603] [info]  [api] [RESOLVE DEBUG] input productNo=MMH3020 name=녹차라떼 options=[] combinedPoolLength=656
[2026-08-19 22:12:53.604] [info]  [api] [RESOLVE DEBUG] input productNo=MMH3020 name=녹차라떼 options=[{"optionCode":"HT","optionName":"HOT"}] combinedPoolLength=656
[2026-08-19 22:12:53.605] [info]  [api] [RESOLVE DEBUG] input productNo=MMH3020 name=녹차라떼 options=[{"optionCode":"IC","optionName":"ICE"}] combinedPoolLength=656
[2026-08-19 22:12:53.606] [info]  [api] [RESOLVE DEBUG] input productNo=MMH3020 name=녹차라떼 options=[{"optionCode":"1S","optionName":"샷추가"}] combinedPoolLength=656
[2026-08-19 22:12:53.607] [info]  [api] [RESOLVE DEBUG] input productNo=MMH3020 name=녹차라떼 options=[{"optionCode":"CH","optionName":"초코"}] combinedPoolLength=656
[2026-08-19 22:12:53.609] [info]  [api] [RESOLVE DEBUG] input productNo=MMH3020 name=녹차라떼 options=[{"optionCode":"HZ","optionName":"헤이즐넛"}] combinedPoolLength=656
[2026-08-19 22:12:53.610] [info]  [api] [RESOLVE DEBUG] input productNo=MMH3023 name=민트라떼 options=[] combinedPoolLength=656
[2026-08-19 22:12:53.611] [info]  [api] [RESOLVE DEBUG] input productNo=MMH3023 name=민트라떼 options=[{"optionCode":"HT","optionName":"HOT"}] combinedPoolLength=656
[2026-08-19 22:12:53.612] [info]  [api] [RESOLVE DEBUG] input productNo=MMH3023 name=민트라떼 options=[{"optionCode":"IC","optionName":"ICE"}] combinedPoolLength=656
[2026-08-19 22:12:53.613] [info]  [api] [RESOLVE DEBUG] input productNo=MMH3023 name=민트라떼 options=[{"optionCode":"1S","optionName":"샷추가"}] combinedPoolLength=656
[2026-08-19 22:12:53.614] [info]  [api] [RESOLVE DEBUG] input productNo=MMH3023 name=민트라떼 options=[{"optionCode":"CH","optionName":"초코"}] combinedPoolLength=656
[2026-08-19 22:12:53.615] [info]  [api] [RESOLVE DEBUG] input productNo=MMH3027 name=슈크림라떼 options=[] combinedPoolLength=656
[2026-08-19 22:12:53.616] [info]  [api] [RESOLVE DEBUG] input productNo=MMH3027 name=슈크림라떼 options=[{"optionCode":"HT","optionName":"HOT"}] combinedPoolLength=656
[2026-08-19 22:12:53.617] [info]  [api] [RESOLVE DEBUG] input productNo=MMH3027 name=슈크림라떼 options=[{"optionCode":"IC","optionName":"ICE"}] combinedPoolLength=656
[2026-08-19 22:12:53.618] [info]  [api] [RESOLVE DEBUG] input productNo=MMH3027 name=슈크림라떼 options=[{"optionCode":"1S","optionName":"샷추가"}] combinedPoolLength=656
[2026-08-19 22:12:53.619] [info]  [api] [RESOLVE DEBUG] input productNo=MMH3027 name=슈크림라떼 options=[{"optionCode":"얼그레이","optionName":"얼그레이"}] combinedPoolLength=656
[2026-08-19 22:12:53.620] [info]  [api] [RESOLVE DEBUG] input productNo=MMH3034 name=흑당라떼 options=[] combinedPoolLength=656
[2026-08-19 22:12:53.621] [info]  [api] [RESOLVE DEBUG] input productNo=MMH3034 name=흑당라떼 options=[{"optionCode":"HT","optionName":"HOT"}] combinedPoolLength=656
[2026-08-19 22:12:53.622] [info]  [api] [RESOLVE DEBUG] input productNo=MMH3034 name=흑당라떼 options=[{"optionCode":"IC","optionName":"ICE"}] combinedPoolLength=656
[2026-08-19 22:12:53.624] [info]  [api] [RESOLVE DEBUG] input productNo=MMI3009 name=딸기라떼 options=[] combinedPoolLength=656
[2026-08-19 22:12:53.625] [info]  [api] [RESOLVE DEBUG] input productNo=MMI3009 name=딸기라떼 options=[{"optionCode":"HT","optionName":"HOT"}] combinedPoolLength=656
[2026-08-19 22:12:53.627] [info]  [api] [RESOLVE DEBUG] input productNo=MMI3009 name=딸기라떼 options=[{"optionCode":"IC","optionName":"ICE"}] combinedPoolLength=656
[2026-08-19 22:12:53.628] [info]  [api] [RESOLVE DEBUG] input productNo=MMI3009 name=딸기라떼 options=[{"optionCode":"CH","optionName":"초코"}] combinedPoolLength=656
[2026-08-19 22:12:53.629] [info]  [api] [RESOLVE DEBUG] input productNo=MMI3009 name=딸기라떼 options=[{"optionCode":"SC","optionName":"슈크림"}] combinedPoolLength=656
[2026-08-19 22:12:53.630] [info]  [api] [RESOLVE DEBUG] input productNo=MMI3009 name=딸기라떼 options=[{"optionCode":"BN","optionName":"바나나"}] combinedPoolLength=656
[2026-08-19 22:12:53.631] [info]  [api] [RESOLVE DEBUG] input productNo=MMI3029 name=오렌지바닐라라떼 options=[] combinedPoolLength=656
[2026-08-19 22:12:53.632] [info]  [api] [RESOLVE DEBUG] input productNo=MMI3029 name=오렌지바닐라라떼 options=[{"optionCode":"HT","optionName":"HOT"}] combinedPoolLength=656
[2026-08-19 22:12:53.633] [info]  [api] [RESOLVE DEBUG] input productNo=MMI3029 name=오렌지바닐라라떼 options=[{"optionCode":"IC","optionName":"ICE"}] combinedPoolLength=656
[2026-08-19 22:12:53.634] [info]  [api] [RESOLVE DEBUG] input productNo=MMI3033 name=플럼바닐라라떼 options=[] combinedPoolLength=656
[2026-08-19 22:12:53.635] [info]  [api] [RESOLVE DEBUG] input productNo=MMI3033 name=플럼바닐라라떼 options=[{"optionCode":"HT","optionName":"HOT"}] combinedPoolLength=656
[2026-08-19 22:12:53.636] [info]  [api] [RESOLVE DEBUG] input productNo=MMI3033 name=플럼바닐라라떼 options=[{"optionCode":"IC","optionName":"ICE"}] combinedPoolLength=656
[2026-08-19 22:12:53.637] [info]  [api] [RESOLVE DEBUG] input productNo=MTH5000 name=복숭아티 options=[] combinedPoolLength=656
[2026-08-19 22:12:53.638] [info]  [api] [RESOLVE DEBUG] input productNo=MTH5000 name=복숭아티 options=[{"optionCode":"HT","optionName":"HOT"}] combinedPoolLength=656
[2026-08-19 22:12:53.640] [info]  [api] [RESOLVE DEBUG] input productNo=MTH5000 name=복숭아티 options=[{"optionCode":"IC","optionName":"ICE"}] combinedPoolLength=656
[2026-08-19 22:12:53.641] [info]  [api] [RESOLVE DEBUG] input productNo=MTH5001 name=오미자차 options=[] combinedPoolLength=656
[2026-08-19 22:12:53.643] [info]  [api] [RESOLVE DEBUG] input productNo=MTH5001 name=오미자차 options=[{"optionCode":"HT","optionName":"HOT"}] combinedPoolLength=656
[2026-08-19 22:12:53.644] [info]  [api] [RESOLVE DEBUG] input productNo=MTH5001 name=오미자차 options=[{"optionCode":"IC","optionName":"ICE"}] combinedPoolLength=656
[2026-08-19 22:12:53.645] [info]  [api] [RESOLVE DEBUG] input productNo=MTH5002 name=레몬차 options=[] combinedPoolLength=656
[2026-08-19 22:12:53.646] [info]  [api] [RESOLVE DEBUG] input productNo=MTH5002 name=레몬차 options=[{"optionCode":"HT","optionName":"HOT"}] combinedPoolLength=656
[2026-08-19 22:12:53.647] [info]  [api] [RESOLVE DEBUG] input productNo=MTH5002 name=레몬차 options=[{"optionCode":"IC","optionName":"ICE"}] combinedPoolLength=656
[2026-08-19 22:12:53.648] [info]  [api] [RESOLVE DEBUG] input productNo=MTH5003 name=자몽차 options=[] combinedPoolLength=656
[2026-08-19 22:12:53.649] [info]  [api] [RESOLVE DEBUG] input productNo=MTH5003 name=자몽차 options=[{"optionCode":"HT","optionName":"HOT"}] combinedPoolLength=656
[2026-08-19 22:12:53.650] [info]  [api] [RESOLVE DEBUG] input productNo=MTH5003 name=자몽차 options=[{"optionCode":"IC","optionName":"ICE"}] combinedPoolLength=656
[2026-08-19 22:12:53.651] [info]  [api] [RESOLVE DEBUG] input productNo=MTH5004 name=딸기레몬얼그레이티 options=[] combinedPoolLength=656
[2026-08-19 22:12:53.652] [info]  [api] [RESOLVE DEBUG] input productNo=MTH5004 name=딸기레몬얼그레이티 options=[{"optionCode":"HT","optionName":"HOT"}] combinedPoolLength=656
[2026-08-19 22:12:53.653] [info]  [api] [RESOLVE DEBUG] input productNo=MTH5004 name=딸기레몬얼그레이티 options=[{"optionCode":"IC","optionName":"ICE"}] combinedPoolLength=656
[2026-08-19 22:12:53.654] [info]  [api] [RESOLVE DEBUG] input productNo=MTH5006 name=딸기티 options=[] combinedPoolLength=656
[2026-08-19 22:12:53.655] [info]  [api] [RESOLVE DEBUG] input productNo=MTH5006 name=딸기티 options=[{"optionCode":"HT","optionName":"HOT"}] combinedPoolLength=656
[2026-08-19 22:12:53.656] [info]  [api] [RESOLVE DEBUG] input productNo=MTH5006 name=딸기티 options=[{"optionCode":"IC","optionName":"ICE"}] combinedPoolLength=656
[2026-08-19 22:12:53.658] [info]  [api] [RESOLVE DEBUG] input productNo=MTH5007 name=레몬얼그레이티 options=[] combinedPoolLength=656
[2026-08-19 22:12:53.659] [info]  [api] [RESOLVE DEBUG] input productNo=MTH5007 name=레몬얼그레이티 options=[{"optionCode":"HT","optionName":"HOT"}] combinedPoolLength=656
[2026-08-19 22:12:53.661] [info]  [api] [RESOLVE DEBUG] input productNo=MTH5007 name=레몬얼그레이티 options=[{"optionCode":"IC","optionName":"ICE"}] combinedPoolLength=656
[2026-08-19 22:12:53.662] [info]  [api] [RESOLVE DEBUG] input productNo=MTH5008 name=밀크티 options=[] combinedPoolLength=656
[2026-08-19 22:12:53.664] [info]  [api] [RESOLVE DEBUG] input productNo=MTH5008 name=밀크티 options=[{"optionCode":"HT","optionName":"HOT"}] combinedPoolLength=656
[2026-08-19 22:12:53.665] [info]  [api] [RESOLVE DEBUG] input productNo=MTH5008 name=밀크티 options=[{"optionCode":"IC","optionName":"ICE"}] combinedPoolLength=656
[2026-08-19 22:12:53.666] [info]  [api] [RESOLVE DEBUG] input productNo=MTH5008 name=밀크티 options=[{"optionCode":"CH","optionName":"초코"}] combinedPoolLength=656
[2026-08-19 22:12:53.667] [info]  [api] [RESOLVE DEBUG] input productNo=MTH5008 name=밀크티 options=[{"optionCode":"SC","optionName":"슈크림"}] combinedPoolLength=656
[2026-08-19 22:12:53.668] [info]  [api] [RESOLVE DEBUG] input productNo=MTH5008 name=밀크티 options=[{"optionCode":"ST","optionName":"딸기"}] combinedPoolLength=656
[2026-08-19 22:12:53.669] [info]  [api] [RESOLVE DEBUG] input productNo=MTH5009 name=얼그레이티 options=[] combinedPoolLength=656
[2026-08-19 22:12:53.670] [info]  [api] [RESOLVE DEBUG] input productNo=MTH5009 name=얼그레이티 options=[{"optionCode":"HT","optionName":"HOT"}] combinedPoolLength=656
[2026-08-19 22:12:53.671] [info]  [api] [RESOLVE DEBUG] input productNo=MTH5009 name=얼그레이티 options=[{"optionCode":"IC","optionName":"ICE"}] combinedPoolLength=656
[2026-08-19 22:12:53.672] [info]  [api] [RESOLVE DEBUG] input productNo=MTH5010 name=오렌지민트차 options=[] combinedPoolLength=656
[2026-08-19 22:12:53.673] [info]  [api] [RESOLVE DEBUG] input productNo=MTH5010 name=오렌지민트차 options=[{"optionCode":"HT","optionName":"HOT"}] combinedPoolLength=656
[2026-08-19 22:12:53.674] [info]  [api] [RESOLVE DEBUG] input productNo=MTH5010 name=오렌지민트차 options=[{"optionCode":"IC","optionName":"ICE"}] combinedPoolLength=656
[2026-08-19 22:12:53.677] [info]  [api] [RESOLVE DEBUG] input productNo=MTH5011 name=오렌지자몽블랙티 options=[] combinedPoolLength=656
[2026-08-19 22:12:53.678] [info]  [api] [RESOLVE DEBUG] input productNo=MTH5011 name=오렌지자몽블랙티 options=[{"optionCode":"HT","optionName":"HOT"}] combinedPoolLength=656
[2026-08-19 22:12:53.680] [info]  [api] [RESOLVE DEBUG] input productNo=MTH5011 name=오렌지자몽블랙티 options=[{"optionCode":"IC","optionName":"ICE"}] combinedPoolLength=656
[2026-08-19 22:12:53.682] [info]  [api] [RESOLVE DEBUG] input productNo=MTH5012 name=자두차 options=[] combinedPoolLength=656
[2026-08-19 22:12:53.684] [info]  [api] [RESOLVE DEBUG] input productNo=MTH5012 name=자두차 options=[{"optionCode":"HT","optionName":"HOT"}] combinedPoolLength=656
[2026-08-19 22:12:53.685] [info]  [api] [RESOLVE DEBUG] input productNo=MTH5012 name=자두차 options=[{"optionCode":"IC","optionName":"ICE"}] combinedPoolLength=656
[2026-08-19 22:12:53.686] [info]  [api] [RESOLVE DEBUG] input productNo=MTH5013 name=프리미엄티 options=[] combinedPoolLength=656
[2026-08-19 22:12:53.687] [info]  [api] [RESOLVE DEBUG] input productNo=MTH5013 name=프리미엄티 options=[{"optionCode":"HT","optionName":"HOT"}] combinedPoolLength=656
[2026-08-19 22:12:53.688] [info]  [api] [RESOLVE DEBUG] input productNo=MTH5013 name=프리미엄티 options=[{"optionCode":"IC","optionName":"ICE"}] combinedPoolLength=656
[2026-08-19 22:12:53.690] [info]  [api] [RESOLVE DEBUG] input productNo=MTH5014 name=피치민트차 options=[] combinedPoolLength=656
[2026-08-19 22:12:53.691] [info]  [api] [RESOLVE DEBUG] input productNo=MTH5014 name=피치민트차 options=[{"optionCode":"HT","optionName":"HOT"}] combinedPoolLength=656
[2026-08-19 22:12:53.694] [info]  [api] [RESOLVE DEBUG] input productNo=MTH5014 name=피치민트차 options=[{"optionCode":"IC","optionName":"ICE"}] combinedPoolLength=656
[2026-08-19 22:12:53.695] [info]  [api] [RESOLVE DEBUG] input productNo=MTH5015 name=피치오렌지자몽블랙티 options=[] combinedPoolLength=656
[2026-08-19 22:12:53.696] [info]  [api] [RESOLVE DEBUG] input productNo=MTH5015 name=피치오렌지자몽블랙티 options=[{"optionCode":"HT","optionName":"HOT"}] combinedPoolLength=656
[2026-08-19 22:12:53.698] [info]  [api] [RESOLVE DEBUG] input productNo=MTH5015 name=피치오렌지자몽블랙티 options=[{"optionCode":"IC","optionName":"ICE"}] combinedPoolLength=656
[2026-08-19 22:12:53.699] [info]  [api] [RESOLVE DEBUG] input productNo=MTH5016 name=허니레몬블랙티 options=[] combinedPoolLength=656
[2026-08-19 22:12:53.701] [info]  [api] [RESOLVE DEBUG] input productNo=MTH5016 name=허니레몬블랙티 options=[{"optionCode":"HT","optionName":"HOT"}] combinedPoolLength=656
[2026-08-19 22:12:53.702] [info]  [api] [RESOLVE DEBUG] input productNo=MTH5016 name=허니레몬블랙티 options=[{"optionCode":"IC","optionName":"ICE"}] combinedPoolLength=656
[2026-08-19 22:12:53.703] [info]  [api] [RESOLVE DEBUG] input productNo=MTH5017 name=허니자몽블랙티 options=[] combinedPoolLength=656
[2026-08-19 22:12:53.704] [info]  [api] [RESOLVE DEBUG] input productNo=MTH5017 name=허니자몽블랙티 options=[{"optionCode":"HT","optionName":"HOT"}] combinedPoolLength=656
[2026-08-19 22:12:53.706] [info]  [api] [RESOLVE DEBUG] input productNo=MTH5017 name=허니자몽블랙티 options=[{"optionCode":"IC","optionName":"ICE"}] combinedPoolLength=656
[2026-08-19 22:12:53.708] [info]  [api] [RESOLVE DEBUG] input productNo=MTH5018 name=흑당밀크티 options=[] combinedPoolLength=656
[2026-08-19 22:12:53.710] [info]  [api] [RESOLVE DEBUG] input productNo=MTH5018 name=흑당밀크티 options=[{"optionCode":"HT","optionName":"HOT"}] combinedPoolLength=656
[2026-08-19 22:12:53.714] [info]  [api] [RESOLVE DEBUG] input productNo=MTH5018 name=흑당밀크티 options=[{"optionCode":"IC","optionName":"ICE"}] combinedPoolLength=656
[2026-08-19 22:12:53.716] [info]  [api] [RESOLVE DEBUG] input productNo=MTI5005 name=딸기밀크티 options=[] combinedPoolLength=656
[2026-08-19 22:12:53.717] [info]  [api] [RESOLVE DEBUG] input productNo=MTI5005 name=딸기밀크티 options=[{"optionCode":"HT","optionName":"HOT"}] combinedPoolLength=656
[2026-08-19 22:12:53.718] [info]  [api] [RESOLVE DEBUG] input productNo=MTI5005 name=딸기밀크티 options=[{"optionCode":"IC","optionName":"ICE"}] combinedPoolLength=656
[2026-08-19 22:12:53.720] [info]  [api] [RESOLVE DEBUG] input productNo=16306617 name=소프트콘 options=[] combinedPoolLength=656
[2026-08-19 22:12:53.722] [info]  [api] [RESOLVE DEBUG] input productNo=16322252 name=쇼콜라크레이프 options=[] combinedPoolLength=656
[2026-08-19 22:12:53.725] [info]  [api] [RESOLVE DEBUG] input productNo=16322254 name=까망베르치즈무스 options=[] combinedPoolLength=656
[2026-08-19 22:12:53.728] [info]  [api] [RESOLVE DEBUG] input productNo=16322255 name=오레오생크림 options=[] combinedPoolLength=656
[2026-08-19 22:12:53.730] [info]  [api] [RESOLVE DEBUG] input productNo=16322258 name=버터소금빵 options=[] combinedPoolLength=656
[2026-08-19 22:12:53.732] [info]  [api] [RESOLVE DEBUG] input productNo=16322261 name=크로플 options=[] combinedPoolLength=656
[2026-08-19 22:12:53.734] [info]  [api] [RESOLVE DEBUG] input productNo=16322264 name=초코머핀 options=[] combinedPoolLength=656
[2026-08-19 22:12:53.735] [info]  [api] [RESOLVE DEBUG] input productNo=16322266 name=머핀 options=[] combinedPoolLength=656
[2026-08-19 22:12:53.736] [info]  [api] [RESOLVE DEBUG] input productNo=16322267 name=대만샌드위치 options=[] combinedPoolLength=656
[2026-08-19 22:12:53.738] [info]  [api] [RESOLVE DEBUG] input productNo=16322268 name=두쫀쿠 options=[] combinedPoolLength=656
[2026-08-19 22:12:53.740] [info]  [api] [RESOLVE DEBUG] input productNo=16322271 name=뚱카롱 options=[] combinedPoolLength=656
[2026-08-19 22:12:53.743] [info]  [api] [RESOLVE DEBUG] input productNo=16322279 name=빼빼로 options=[] combinedPoolLength=656
[2026-08-19 22:12:53.745] [info]  [api] [RESOLVE DEBUG] input productNo=16322280 name=모카번 options=[] combinedPoolLength=656
[2026-08-19 22:12:53.747] [info]  [api] [RESOLVE DEBUG] input productNo=16322284 name=분다버그 options=[] combinedPoolLength=656
[2026-08-19 22:12:53.748] [info]  [api] [RESOLVE DEBUG] input productNo=16322285 name=애플주스 options=[] combinedPoolLength=656
[2026-08-19 22:12:53.750] [info]  [api] [RESOLVE DEBUG] input productNo=16322291 name=스파클링애플주스 options=[] combinedPoolLength=656
[2026-08-19 22:12:53.753] [info]  [api] [RESOLVE DEBUG] input productNo=16322295 name=몽베스트생수 options=[] combinedPoolLength=656
[2026-08-19 22:12:53.755] [info]  [api] [RESOLVE DEBUG] input productNo=16322297 name=뽀로로(포도젤리) options=[] combinedPoolLength=656
[2026-08-19 22:12:53.758] [info]  [api] [RESOLVE DEBUG] input productNo=16322298 name=뽀로로음료 options=[] combinedPoolLength=656
[2026-08-19 22:29:47.409] [info]  [HASTE DB Load] Loaded settings from SQLite database successfully. StoreName: "김포집", StoreNo: "01012345678", ThemeMode: "Light", isKioskDryRun: "false"
[2026-08-19 22:29:48.160] [info]  [app] event=app.startup status=started appVersion=3.1.0t22 packaged=false
[2026-08-19 22:29:48.534] [info]  [app] event=app.window status=success
[2026-08-19 22:29:48.635] [info]  [app] event=app.tray status=success
[2026-08-19 22:29:48.636] [info]  [app] event=updater.check status=ignored reason=store_managed_distribution
[2026-08-19 22:29:48.639] [info]  [app] event=app.ipc status=success
[2026-08-19 22:29:48.641] [info]  [app] event=task.start status=success
[2026-08-19 22:29:48.643] [debug] [api] [api] event=settings.change status=success port=8080 posStoreNo=01012345678 deviceModelId=D0000
[2026-08-19 22:29:48.648] [info]  [api] [HASTE] Found SSL Certificates at: C:\Users\김성규\Desktop\HASTE-AI\src\cafehaste-client\src\lilly-electron\resources
[2026-08-19 22:29:48.661] [info]  [api] [HASTE] Started HTTP Hono Server on port 8080 (Toss Place HTTP Mode).
[2026-08-19 22:29:48.671] [info]  [api] [HASTE] Started HTTPS Hono Server on port 8443 (Toss Kiosk Mode).
[2026-08-19 22:29:48.672] [debug] [api] [api] event=api.server status=success port=8080 host=0.0.0.0
[2026-08-19 22:29:48.675] [info]  [serialport] [serialport] event=serialport.connect status=started scope=all
[2026-08-19 22:29:48.680] [debug] [coffee] [coffee] event=settings.change status=success field=thirdpartyType value=Lilly_(WMF)
[2026-08-19 22:29:48.685] [debug] [coffee] [coffee] event=coffee.socket status=started transport=ws machineName=WMF model=Lilly_(WMF) ip=192.168.10.99 port=25000
[2026-08-19 22:29:48.695] [debug] [coffee] [coffee] event=temperature.change status=success
[2026-08-19 22:29:48.697] [debug] [api] [api] event=did.callback status=ignored reason=local_did_not_open screen=temperature
[2026-08-19 22:29:48.703] [info]  [HASTE DB Save] Settings category "inventory" has been updated and saved to SQLite successfully.
[2026-08-19 22:29:48.706] [info]  [HASTE DB Save] Settings category "inventory" has been updated and saved to SQLite successfully.
[2026-08-19 22:29:48.708] [info]  [serialport] [serialport] event=serialport.connect status=started scope=all
[2026-08-19 22:29:48.713] [info]  [HASTE DB Save] Settings category "inventory" has been updated and saved to SQLite successfully.
[2026-08-19 22:29:48.716] [info]  [HASTE DB Save] Settings category "inventory" has been updated and saved to SQLite successfully.
[2026-08-19 22:29:48.718] [debug] [api] [HASTE Theme Sync] Applied local UI theme: isDark=false
[2026-08-19 22:29:48.721] [debug] [api] [api] event=did.callback status=started target=local screen=/ reason=local_api_down
[2026-08-19 22:29:48.727] [info]  [app] event=app.startup status=success message="subscriptions registered"
[2026-08-19 22:29:48.728] [debug] [task] [task] event=scheduler.change status=success routine=FOAMER_RINSING intervalSec=6000 normalizedIntervalSec=6000
[2026-08-19 22:29:48.733] [debug] [task] [task] event=scheduler.change status=success routine=WARM_RINSING intervalSec=0 normalizedIntervalSec=0
[2026-08-19 22:29:48.736] [debug] [task] [task] event=scheduler.change status=success routine=MIXER_RINSING intervalSec=0 normalizedIntervalSec=0
[2026-08-19 22:29:48.742] [debug] [task] [task] event=scheduler.change status=success routine=ERROR_CHECK intervalSec=1800 normalizedIntervalSec=1800
[2026-08-19 22:29:48.745] [debug] [task] [task] event=scheduler.change status=success routine=ICE_MAKER intervalSec=1800 normalizedIntervalSec=1800
[2026-08-19 22:29:48.747] [debug] [task] [task] event=scheduler.change status=success routine=TEMP_CHECK intervalSec=600 normalizedIntervalSec=600
[2026-08-19 22:29:48.749] [debug] [app] event=scheduler.change status=success routine=license.verify intervalSec=86400
[2026-08-19 22:29:48.750] [info]  [app] event=app.startup status=success message="schedulers registered"
[2026-08-19 22:29:48.755] [info]  [HASTE Guard] enableHasteAgent is false (OFF). Skipping agent bot launch.
[2026-08-19 22:29:48.756] [info]  [app] event=license.verify status=success state=approved storeId=01012345678
[2026-08-19 22:29:48.788] [error] [serialport] [serialport] event=serialport.error status=failed reason=port_error boardName=board1 port=COM6 message="Opening COM6: File not found"
[2026-08-19 22:29:48.793] [error] [serialport] [serialport] event=serialport.error status=failed reason=port_error boardName=board2 port=COM7 message="Opening COM7: File not found"
[2026-08-19 22:29:48.797] [error] [serialport] [serialport] event=serialport.error status=failed reason=port_error boardName=board1 port=COM6 message="Opening COM6: File not found"
[2026-08-19 22:29:48.801] [error] [serialport] [serialport] event=serialport.error status=failed reason=port_error boardName=board2 port=COM7 message="Opening COM7: File not found"
[2026-08-19 22:29:48.804] [debug] [api] [HASTE DevTools Sync] Current window DevTools opened state: false, Target state: false
[2026-08-19 22:29:53.691] [error] [coffee] [coffee] event=coffee.socket status=failed reason=open_timeout transport=ws machineName=WMF model=Lilly_(WMF) ip=192.168.10.99 port=25000
[2026-08-19 22:29:53.697] [error] [coffee] [coffee] event=coffee.socket status=failed reason=connect_failed transport=ws machineName=WMF model=Lilly_(WMF) ip=192.168.10.99 port=25000
[2026-08-19 22:29:58.271] [debug] [api] [HASTE Theme Sync] Applied local UI theme: isDark=false
[2026-08-19 22:29:58.277] [info]  [HASTE DB Save] Settings category "information" has been updated and saved to SQLite successfully.
[2026-08-19 22:29:58.326] [debug] [api] [HASTE DevTools Sync] Current window DevTools opened state: false, Target state: false
[2026-08-19 22:29:58.378] [info]  [HASTE DB Save] Settings category "information" has been updated and saved to SQLite successfully.
[2026-08-19 22:29:58.380] [info]  [HASTE DB Save] Settings category "information" has been updated and saved to SQLite successfully.
[2026-08-19 22:29:58.381] [info]  [HASTE DB Save] Settings category "information" has been updated and saved to SQLite successfully.