[2026-08-17 20:11:24.535] [debug] [water] event=test.water status=started waterType=purified amount=45
[2026-08-17 20:11:25.575] [debug] [water] event=test.water status=success waterType=purified amount=45
[2026-08-17 20:11:29.782] [debug] [water] event=test.water status=started waterType=purified amount=225
[2026-08-17 20:11:34.823] [debug] [water] event=test.water status=success waterType=purified amount=225
[2026-08-17 20:12:30.344] [debug] [water] event=ice.out status=success protocol=ICE amount=5100 goal=5457 current=0 phase=started
[2026-08-17 20:12:30.436] [debug] [water] event=ice.out status=success protocol=ICE amount=5100 goal=5457 boardName=board1 phase=complete current=5457
[2026-08-17 20:12:30.611] [debug] [water] event=water.out status=success protocol=COLD name=정수 amount=155 goal=217
[2026-08-17 20:12:30.720] [debug] [water] event=water.out status=success protocol=COLD name=정수 amount=155 goal=217 current=3
[2026-08-17 20:12:30.831] [debug] [water] event=water.out status=success protocol=COLD name=정수 amount=155 goal=217 current=9
[2026-08-17 20:12:30.942] [debug] [water] event=water.out status=success protocol=COLD name=정수 amount=155 goal=217 current=16
[2026-08-17 20:12:31.054] [debug] [water] event=water.out status=success protocol=COLD name=정수 amount=155 goal=217 current=24
[2026-08-17 20:12:31.167] [debug] [water] event=water.out status=success protocol=COLD name=정수 amount=155 goal=217 current=31
[2026-08-17 20:12:31.273] [debug] [water] event=water.out status=success protocol=COLD name=정수 amount=155 goal=217 current=39
[2026-08-17 20:12:31.384] [debug] [water] event=water.out status=success protocol=COLD name=정수 amount=155 goal=217 current=45
[2026-08-17 20:12:31.491] [debug] [water] event=water.out status=success protocol=COLD name=정수 amount=155 goal=217 current=52
[2026-08-17 20:12:31.602] [debug] [water] event=water.out status=success protocol=COLD name=정수 amount=155 goal=217 current=59
[2026-08-17 20:12:31.711] [debug] [water] event=water.out status=success protocol=COLD name=정수 amount=155 goal=217 current=66
[2026-08-17 20:12:31.821] [debug] [water] event=water.out status=success protocol=COLD name=정수 amount=155 goal=217 current=73
[2026-08-17 20:12:31.932] [debug] [water] event=water.out status=success protocol=COLD name=정수 amount=155 goal=217 current=81
[2026-08-17 20:12:32.041] [debug] [water] event=water.out status=success protocol=COLD name=정수 amount=155 goal=217 current=87
[2026-08-17 20:12:32.151] [debug] [water] event=water.out status=success protocol=COLD name=정수 amount=155 goal=217 current=95
[2026-08-17 20:12:32.263] [debug] [water] event=water.out status=success protocol=COLD name=정수 amount=155 goal=217 current=102
[2026-08-17 20:12:32.362] [debug] [water] event=water.out status=success protocol=COLD name=정수 amount=155 goal=217 current=109
[2026-08-17 20:12:32.468] [debug] [water] event=water.out status=success protocol=COLD name=정수 amount=155 goal=217 current=116
[2026-08-17 20:12:32.581] [debug] [water] event=water.out status=success protocol=COLD name=정수 amount=155 goal=217 current=122
[2026-08-17 20:12:32.690] [debug] [water] event=water.out status=success protocol=COLD name=정수 amount=155 goal=217 current=129
[2026-08-17 20:12:32.801] [debug] [water] event=water.out status=success protocol=COLD name=정수 amount=155 goal=217 current=137
[2026-08-17 20:12:32.909] [debug] [water] event=water.out status=success protocol=COLD name=정수 amount=155 goal=217 current=144
[2026-08-17 20:12:33.019] [debug] [water] event=water.out status=success protocol=COLD name=정수 amount=155 goal=217 current=151
[2026-08-17 20:12:33.129] [debug] [water] event=water.out status=success protocol=COLD name=정수 amount=155 goal=217 current=158
[2026-08-17 20:12:33.238] [debug] [water] event=water.out status=success protocol=COLD name=정수 amount=155 goal=217 current=167
[2026-08-17 20:12:33.349] [debug] [water] event=water.out status=success protocol=COLD name=정수 amount=155 goal=217 current=173
[2026-08-17 20:12:33.457] [debug] [water] event=water.out status=success protocol=COLD name=정수 amount=155 goal=217 current=181
[2026-08-17 20:12:33.567] [debug] [water] event=water.out status=success protocol=COLD name=정수 amount=155 goal=217 current=188
[2026-08-17 20:12:33.677] [debug] [water] event=water.out status=success protocol=COLD name=정수 amount=155 goal=217 current=195
[2026-08-17 20:12:33.787] [debug] [water] event=water.out status=success protocol=COLD name=정수 amount=155 goal=217 current=202
[2026-08-17 20:12:33.897] [debug] [water] event=water.out status=success protocol=COLD name=정수 amount=155 goal=217 current=209
[2026-08-17 20:12:34.006] [debug] [water] event=water.out status=success protocol=COLD name=정수 amount=155 goal=217 current=216
[2026-08-17 20:12:34.078] [debug] [water] event=water.out status=success protocol=COLD name=정수 amount=155 goal=217 current=223 lastValue=223
[2026-08-17 20:16:47.203] [debug] [water] event=ice.out status=success protocol=ICE amount=5100 goal=5865 current=0 phase=started
[2026-08-17 20:16:47.341] [debug] [water] event=ice.out status=success protocol=ICE amount=5100 goal=5865 boardName=board1 phase=complete current=5865
[2026-08-17 20:16:47.717] [debug] [water] event=water.out status=success protocol=COLD name=정수 amount=200 goal=238 current=243 lastValue=243
[2026-08-17 20:17:01.467] [debug] [water] event=test.water status=started waterType=carbonated amount=50
[2026-08-17 20:17:01.469] [debug] [water] event=water.out status=success protocol=SPARKLE name=탄산수 amount=50 goal=1 current=0 phase=started
[2026-08-17 20:17:02.523] [debug] [water] event=water.out status=success protocol=SPARKLE name=탄산수 amount=50 phase=complete current=50
[2026-08-17 20:17:02.523] [debug] [water] event=test.water status=success waterType=carbonated amount=50
[2026-08-17 20:17:06.062] [debug] [water] event=test.water status=started waterType=carbonated amount=250
[2026-08-17 20:17:06.063] [debug] [water] event=water.out status=success protocol=SPARKLE name=탄산수 amount=250 goal=5 current=0 phase=started
[2026-08-17 20:17:11.130] [debug] [water] event=water.out status=success protocol=SPARKLE name=탄산수 amount=250 phase=complete current=250
[2026-08-17 20:17:11.131] [debug] [water] event=test.water status=success waterType=carbonated amount=250
[2026-08-17 20:46:29.743] [debug] [water] event=ice.out status=success protocol=ICE amount=5100 goal=5865 current=0 phase=started
[2026-08-17 20:46:30.154] [debug] [water] event=ice.out status=success protocol=ICE amount=5100 goal=5865 boardName=board1 phase=complete current=5865
[2026-08-17 20:47:28.570] [debug] [water] event=ice.out status=success protocol=ICE amount=5100 goal=5865 current=0 phase=started
[2026-08-17 20:47:28.789] [debug] [water] event=ice.out status=success protocol=ICE amount=5100 goal=5865 boardName=board1 phase=complete current=5865
[2026-08-17 21:37:30.350] [debug] [water] event=ice.out status=success protocol=ICE amount=5100 goal=5865 current=0 phase=started
[2026-08-17 21:37:30.587] [debug] [water] event=ice.out status=success protocol=ICE amount=5100 goal=5865 boardName=board1 phase=complete current=5865
[2026-08-17 21:37:31.048] [debug] [water] event=water.out status=success protocol=COLD name=정수 amount=160 goal=190
[2026-08-17 21:37:31.153] [debug] [water] event=water.out status=success protocol=COLD name=정수 amount=160 goal=190
[2026-08-17 21:37:31.265] [debug] [water] event=water.out status=success protocol=COLD name=정수 amount=160 goal=190
[2026-08-17 21:37:31.365] [debug] [water] event=water.out status=success protocol=COLD name=정수 amount=160 goal=190 current=11
[2026-08-17 21:37:31.481] [debug] [water] event=water.out status=success protocol=COLD name=정수 amount=160 goal=190 current=16
[2026-08-17 21:37:31.590] [debug] [water] event=water.out status=success protocol=COLD name=정수 amount=160 goal=190 current=16
[2026-08-17 21:37:31.699] [debug] [water] event=water.out status=success protocol=COLD name=정수 amount=160 goal=190 current=25
[2026-08-17 21:37:31.798] [debug] [water] event=water.out status=success protocol=COLD name=정수 amount=160 goal=190 current=25
[2026-08-17 21:37:31.901] [debug] [water] event=water.out status=success protocol=COLD name=정수 amount=160 goal=190 current=49
[2026-08-17 21:37:32.006] [debug] [water] event=water.out status=success protocol=COLD name=정수 amount=160 goal=190 current=49
[2026-08-17 21:37:32.105] [debug] [water] event=water.out status=success protocol=COLD name=정수 amount=160 goal=190 current=62
[2026-08-17 21:37:32.207] [debug] [water] event=water.out status=success protocol=COLD name=정수 amount=160 goal=190 current=66
[2026-08-17 21:37:32.311] [debug] [water] event=water.out status=success protocol=COLD name=정수 amount=160 goal=190 current=66
[2026-08-17 21:37:32.414] [debug] [water] event=water.out status=success protocol=COLD name=정수 amount=160 goal=190 current=66
[2026-08-17 21:37:32.515] [debug] [water] event=water.out status=success protocol=COLD name=정수 amount=160 goal=190 current=83
[2026-08-17 21:37:32.627] [debug] [water] event=water.out status=success protocol=COLD name=정수 amount=160 goal=190 current=87
[2026-08-17 21:37:32.735] [debug] [water] event=water.out status=success protocol=COLD name=정수 amount=160 goal=190 current=98
[2026-08-17 21:37:32.847] [debug] [water] event=water.out status=success protocol=COLD name=정수 amount=160 goal=190 current=105
[2026-08-17 21:37:32.952] [debug] [water] event=water.out status=success protocol=COLD name=정수 amount=160 goal=190 current=105
[2026-08-17 21:37:33.054] [debug] [water] event=water.out status=success protocol=COLD name=정수 amount=160 goal=190 current=118
[2026-08-17 21:37:33.155] [debug] [water] event=water.out status=success protocol=COLD name=정수 amount=160 goal=190 current=118
[2026-08-17 21:37:33.254] [debug] [water] event=water.out status=success protocol=COLD name=정수 amount=160 goal=190 current=127
[2026-08-17 21:37:33.354] [debug] [water] event=water.out status=success protocol=COLD name=정수 amount=160 goal=190 current=139
[2026-08-17 21:37:33.456] [debug] [water] event=water.out status=success protocol=COLD name=정수 amount=160 goal=190 current=149
[2026-08-17 21:37:33.579] [debug] [water] event=water.out status=success protocol=COLD name=정수 amount=160 goal=190 current=153
[2026-08-17 21:37:33.700] [debug] [water] event=water.out status=success protocol=COLD name=정수 amount=160 goal=190 current=153
[2026-08-17 21:37:33.800] [debug] [water] event=water.out status=success protocol=COLD name=정수 amount=160 goal=190 current=161
[2026-08-17 21:37:33.900] [debug] [water] event=water.out status=success protocol=COLD name=정수 amount=160 goal=190 current=173
[2026-08-17 21:37:34.019] [debug] [water] event=water.out status=success protocol=COLD name=정수 amount=160 goal=190 current=180
[2026-08-17 21:37:34.136] [debug] [water] event=water.out status=success protocol=COLD name=정수 amount=160 goal=190 current=180
[2026-08-17 21:37:34.241] [debug] [water] event=water.out status=success protocol=COLD name=정수 amount=160 goal=190 current=180
[2026-08-17 21:37:34.542] [debug] [water] event=water.out status=success protocol=COLD name=정수 amount=160 goal=190 current=204 lastValue=204
[2026-08-17 21:39:09.204] [debug] [water] event=ice.out status=success protocol=ICE amount=5100 goal=5865 current=0 phase=started
[2026-08-17 21:39:09.565] [debug] [water] event=ice.out status=success protocol=ICE amount=5100 goal=5865 boardName=board1 phase=complete current=5865
[2026-08-17 21:39:09.792] [debug] [water] event=water.out status=success protocol=COLD name=정수 amount=155 goal=184 current=241 lastValue=241
[2026-08-17 21:41:04.321] [debug] [water] event=test.water status=started waterType=purified amount=180
[2026-08-17 21:41:08.394] [debug] [water] event=test.water status=success waterType=purified amount=180
[2026-08-17 21:49:35.373] [debug] [water] event=ice.out status=success protocol=ICE amount=5100 goal=5865 current=0 phase=started
[2026-08-17 21:49:35.375] [debug] [water] event=water.out status=success protocol=SPARKLE name=탄산수 amount=200 goal=4 current=0 phase=started
[2026-08-17 21:49:35.559] [debug] [water] event=ice.out status=success protocol=ICE amount=5100 goal=5865 boardName=board1 phase=complete current=5865
[2026-08-17 21:49:39.715] [debug] [water] event=water.out status=success protocol=SPARKLE name=탄산수 amount=200 phase=complete current=200
[2026-08-17 21:50:00.153] [debug] [water] event=ice.out status=success protocol=ICE amount=5100 goal=5865 current=0 phase=started
[2026-08-17 21:50:00.155] [debug] [water] event=water.out status=success protocol=SPARKLE name=탄산수 amount=200 goal=4 current=0 phase=started
[2026-08-17 21:50:00.331] [debug] [water] event=ice.out status=success protocol=ICE amount=5100 goal=5865 boardName=board1 phase=complete current=5865
[2026-08-17 21:50:04.487] [debug] [water] event=water.out status=success protocol=SPARKLE name=탄산수 amount=200 phase=complete current=200
[2026-08-17 21:58:49.918] [debug] [water] event=ice.out status=success protocol=ICE amount=5100 goal=5865 current=0 phase=started
[2026-08-17 21:58:50.122] [debug] [water] event=ice.out status=success protocol=ICE amount=5100 goal=5865 boardName=board1 phase=complete current=5865