[2026-08-10 23:51:23.060] [error] at wrapResolveFilename (node:internal/modules/cjs/loader:1078:27)
[2026-08-10 23:51:23.062] [error] at defaultResolveImplForCJSLoading (node:internal/modules/cjs/loader:1102:10)
[2026-08-10 23:51:23.063] [error] at resolveForCJSWithHooks (node:internal/modules/cjs/loader:1129:12)
[2026-08-10 23:51:23.063] [error] at Module._load (node:internal/modules/cjs/loader:1301:5)
[2026-08-10 23:51:23.064] [error] at c._load (node:electron/js2c/node_init:2:18060)
[2026-08-10 23:51:23.066] [error] at wrapModuleLoad (node:internal/modules/cjs/loader:262:19)
[2026-08-10 23:51:23.067] [error] at Module.require (node:internal/modules/cjs/loader:1624:12)
[2026-08-10 23:51:23.068] [error] at require (node:internal/modules/helpers:153:16)
[2026-08-10 23:51:23.070] [error] at Object.<anonymous> (C:\Users\커피에반하다\AppData\Local\Programs\haste-client\resources\app.asar\node_modules\discord.js\src\index.js:3:29) {
[2026-08-10 23:51:23.071] [error] code: 'MODULE_NOT_FOUND',
[2026-08-10 23:51:23.072] [error] requireStack: [
[2026-08-10 23:51:23.076] [error] 'C:\\Users\\커피에반하다\\AppData\\Local\\Programs\\haste-client\\resources\\app.asar\\node_modules\\discord.js\\src\\index.js',
[2026-08-10 23:51:23.079] [error] 'C:\\Users\\커피에반하다\\AppData\\Local\\Programs\\haste-client\\resources\\app.asar\\haste_agent_bridge.js'
[2026-08-10 23:51:23.081] [error] ]
[2026-08-10 23:51:23.082] [error] }
[2026-08-10 23:51:23.084] [error] Node.js v24.18.0
[2026-08-10 23:51:28.871] [error] node:internal/modules/cjs/loader:1527
[2026-08-10 23:51:28.873] [error] throw err;
[2026-08-10 23:51:28.875] [error] ^
[2026-08-10 23:51:28.877] [error] Error: Cannot find module '@discordjs/util'
[2026-08-10 23:51:28.878] [error] Require stack:
[2026-08-10 23:51:28.880] [error] - C:\Users\커피에반하다\AppData\Local\Programs\haste-client\resources\app.asar\node_modules\discord.js\src\index.js
[2026-08-10 23:51:28.881] [error] - C:\Users\커피에반하다\AppData\Local\Programs\haste-client\resources\app.asar\haste_agent_bridge.js
[2026-08-10 23:51:28.883] [error] at Module._resolveFilename (node:internal/modules/cjs/loader:1524:15)
[2026-08-10 23:51:28.886] [error] at wrapResolveFilename (node:internal/modules/cjs/loader:1078:27)
[2026-08-10 23:51:28.888] [error] at defaultResolveImplForCJSLoading (node:internal/modules/cjs/loader:1102:10)
[2026-08-10 23:51:28.889] [error] at resolveForCJSWithHooks (node:internal/modules/cjs/loader:1129:12)
[2026-08-10 23:51:28.891] [error] at Module._load (node:internal/modules/cjs/loader:1301:5)
[2026-08-10 23:51:28.892] [error] at c._load (node:electron/js2c/node_init:2:18060)
[2026-08-10 23:51:28.893] [error] at wrapModuleLoad (node:internal/modules/cjs/loader:262:19)
[2026-08-10 23:51:28.895] [error] at Module.require (node:internal/modules/cjs/loader:1624:12)
[2026-08-10 23:51:28.896] [error] at require (node:internal/modules/helpers:153:16)
[2026-08-10 23:51:28.898] [error] at Object.<anonymous> (C:\Users\커피에반하다\AppData\Local\Programs\haste-client\resources\app.asar\node_modules\discord.js\src\index.js:3:29) {
[2026-08-10 23:51:28.899] [error] code: 'MODULE_NOT_FOUND',
[2026-08-10 23:51:28.900] [error] requireStack: [
[2026-08-10 23:51:28.902] [error] 'C:\\Users\\커피에반하다\\AppData\\Local\\Programs\\haste-client\\resources\\app.asar\\node_modules\\discord.js\\src\\index.js',
[2026-08-10 23:51:28.903] [error] 'C:\\Users\\커피에반하다\\AppData\\Local\\Programs\\haste-client\\resources\\app.asar\\haste_agent_bridge.js'
[2026-08-10 23:51:28.905] [error] ]
[2026-08-10 23:51:28.907] [error] }
[2026-08-10 23:51:28.910] [error] Node.js v24.18.0
[2026-08-10 23:51:34.679] [error] node:internal/modules/cjs/loader:1527
[2026-08-10 23:51:34.681] [error] throw err;
[2026-08-10 23:51:34.682] [error] ^
[2026-08-10 23:51:34.683] [error] Error: Cannot find module '@discordjs/util'
[2026-08-10 23:51:34.685] [error] Require stack:
[2026-08-10 23:51:34.687] [error] - C:\Users\커피에반하다\AppData\Local\Programs\haste-client\resources\app.asar\node_modules\discord.js\src\index.js
[2026-08-10 23:51:34.688] [error] - C:\Users\커피에반하다\AppData\Local\Programs\haste-client\resources\app.asar\haste_agent_bridge.js
[2026-08-10 23:51:34.689] [error] at Module._resolveFilename (node:internal/modules/cjs/loader:1524:15)
[2026-08-10 23:51:34.691] [error] at wrapResolveFilename (node:internal/modules/cjs/loader:1078:27)
[2026-08-10 23:51:34.692] [error] at defaultResolveImplForCJSLoading (node:internal/modules/cjs/loader:1102:10)
[2026-08-10 23:51:34.693] [error] at resolveForCJSWithHooks (node:internal/modules/cjs/loader:1129:12)
[2026-08-10 23:51:34.694] [error] at Module._load (node:internal/modules/cjs/loader:1301:5)
[2026-08-10 23:51:34.695] [error] at c._load (node:electron/js2c/node_init:2:18060)
[2026-08-10 23:51:34.697] [error] at wrapModuleLoad (node:internal/modules/cjs/loader:262:19)
[2026-08-10 23:51:34.699] [error] at Module.require (node:internal/modules/cjs/loader:1624:12)
[2026-08-10 23:51:34.700] [error] at require (node:internal/modules/helpers:153:16)
[2026-08-10 23:51:34.703] [error] at Object.<anonymous> (C:\Users\커피에반하다\AppData\Local\Programs\haste-client\resources\app.asar\node_modules\discord.js\src\index.js:3:29) {
[2026-08-10 23:51:34.704] [error] code: 'MODULE_NOT_FOUND',
[2026-08-10 23:51:34.706] [error] requireStack: [
[2026-08-10 23:51:34.707] [error] 'C:\\Users\\커피에반하다\\AppData\\Local\\Programs\\haste-client\\resources\\app.asar\\node_modules\\discord.js\\src\\index.js',
[2026-08-10 23:51:34.709] [error] 'C:\\Users\\커피에반하다\\AppData\\Local\\Programs\\haste-client\\resources\\app.asar\\haste_agent_bridge.js'
[2026-08-10 23:51:34.710] [error] ]
[2026-08-10 23:51:34.712] [error] }
[2026-08-10 23:51:34.714] [error] Node.js v24.18.0
[2026-08-10 23:51:40.179] [error] node:internal/modules/cjs/loader:1527
[2026-08-10 23:51:40.181] [error] throw err;
[2026-08-10 23:51:40.182] [error] ^
[2026-08-10 23:51:40.184] [error] Error: Cannot find module '@discordjs/util'
[2026-08-10 23:51:40.186] [error] Require stack:
[2026-08-10 23:51:40.187] [error] - C:\Users\커피에반하다\AppData\Local\Programs\haste-client\resources\app.asar\node_modules\discord.js\src\index.js
[2026-08-10 23:51:40.189] [error] - C:\Users\커피에반하다\AppData\Local\Programs\haste-client\resources\app.asar\haste_agent_bridge.js
[2026-08-10 23:51:40.190] [error] at Module._resolveFilename (node:internal/modules/cjs/loader:1524:15)
[2026-08-10 23:51:40.192] [error] at wrapResolveFilename (node:internal/modules/cjs/loader:1078:27)
[2026-08-10 23:51:40.193] [error] at defaultResolveImplForCJSLoading (node:internal/modules/cjs/loader:1102:10)
[2026-08-10 23:51:40.195] [error] at resolveForCJSWithHooks (node:internal/modules/cjs/loader:1129:12)
[2026-08-10 23:51:40.197] [error] at Module._load (node:internal/modules/cjs/loader:1301:5)
[2026-08-10 23:51:40.198] [error] at c._load (node:electron/js2c/node_init:2:18060)
[2026-08-10 23:51:40.199] [error] at wrapModuleLoad (node:internal/modules/cjs/loader:262:19)
[2026-08-10 23:51:40.200] [error] at Module.require (node:internal/modules/cjs/loader:1624:12)
[2026-08-10 23:51:40.203] [error] at require (node:internal/modules/helpers:153:16)
[2026-08-10 23:51:40.204] [error] at Object.<anonymous> (C:\Users\커피에반하다\AppData\Local\Programs\haste-client\resources\app.asar\node_modules\discord.js\src\index.js:3:29) {
[2026-08-10 23:51:40.206] [error] code: 'MODULE_NOT_FOUND',
[2026-08-10 23:51:40.207] [error] requireStack: [
[2026-08-10 23:51:40.209] [error] 'C:\\Users\\커피에반하다\\AppData\\Local\\Programs\\haste-client\\resources\\app.asar\\node_modules\\discord.js\\src\\index.js',
[2026-08-10 23:51:40.210] [error] 'C:\\Users\\커피에반하다\\AppData\\Local\\Programs\\haste-client\\resources\\app.asar\\haste_agent_bridge.js'
[2026-08-10 23:51:40.211] [error] ]
[2026-08-10 23:51:40.212] [error] }
[2026-08-10 23:51:40.214] [error] Node.js v24.18.0
[2026-08-10 23:51:45.673] [error] node:internal/modules/cjs/loader:1527
[2026-08-10 23:51:45.675] [error] throw err;
[2026-08-10 23:51:45.676] [error] ^
[2026-08-10 23:51:45.678] [error] Error: Cannot find module '@discordjs/util'
[2026-08-10 23:51:45.680] [error] Require stack:
[2026-08-10 23:51:45.680] [error] - C:\Users\커피에반하다\AppData\Local\Programs\haste-client\resources\app.asar\node_modules\discord.js\src\index.js
[2026-08-10 23:51:45.682] [error] - C:\Users\커피에반하다\AppData\Local\Programs\haste-client\resources\app.asar\haste_agent_bridge.js
[2026-08-10 23:51:45.685] [error] at Module._resolveFilename (node:internal/modules/cjs/loader:1524:15)
[2026-08-10 23:51:45.687] [error] at wrapResolveFilename (node:internal/modules/cjs/loader:1078:27)
[2026-08-10 23:51:45.689] [error] at defaultResolveImplForCJSLoading (node:internal/modules/cjs/loader:1102:10)
[2026-08-10 23:51:45.690] [error] at resolveForCJSWithHooks (node:internal/modules/cjs/loader:1129:12)
[2026-08-10 23:51:45.692] [error] at Module._load (node:internal/modules/cjs/loader:1301:5)
[2026-08-10 23:51:45.693] [error] at c._load (node:electron/js2c/node_init:2:18060)
[2026-08-10 23:51:45.695] [error] at wrapModuleLoad (node:internal/modules/cjs/loader:262:19)
[2026-08-10 23:51:45.696] [error] at Module.require (node:internal/modules/cjs/loader:1624:12)
[2026-08-10 23:51:45.697] [error] at require (node:internal/modules/helpers:153:16)
[2026-08-10 23:51:45.698] [error] at Object.<anonymous> (C:\Users\커피에반하다\AppData\Local\Programs\haste-client\resources\app.asar\node_modules\discord.js\src\index.js:3:29) {
[2026-08-10 23:51:45.700] [error] code: 'MODULE_NOT_FOUND',
[2026-08-10 23:51:45.707] [error] requireStack: [
[2026-08-10 23:51:45.709] [error] 'C:\\Users\\커피에반하다\\AppData\\Local\\Programs\\haste-client\\resources\\app.asar\\node_modules\\discord.js\\src\\index.js',
[2026-08-10 23:51:45.710] [error] 'C:\\Users\\커피에반하다\\AppData\\Local\\Programs\\haste-client\\resources\\app.asar\\haste_agent_bridge.js'
[2026-08-10 23:51:45.713] [error] ]
[2026-08-10 23:51:45.714] [error] }
[2026-08-10 23:51:45.716] [error] Node.js v24.18.0
[2026-08-10 23:51:51.175] [error] node:internal/modules/cjs/loader:1527
[2026-08-10 23:51:51.177] [error] throw err;
[2026-08-10 23:51:51.178] [error] ^
[2026-08-10 23:51:51.180] [error] Error: Cannot find module '@discordjs/util'
[2026-08-10 23:51:51.182] [error] Require stack:
[2026-08-10 23:51:51.184] [error] - C:\Users\커피에반하다\AppData\Local\Programs\haste-client\resources\app.asar\node_modules\discord.js\src\index.js
[2026-08-10 23:51:51.185] [error] - C:\Users\커피에반하다\AppData\Local\Programs\haste-client\resources\app.asar\haste_agent_bridge.js
[2026-08-10 23:51:51.187] [error] at Module._resolveFilename (node:internal/modules/cjs/loader:1524:15)
[2026-08-10 23:51:51.189] [error] at wrapResolveFilename (node:internal/modules/cjs/loader:1078:27)
[2026-08-10 23:51:51.191] [error] at defaultResolveImplForCJSLoading (node:internal/modules/cjs/loader:1102:10)
[2026-08-10 23:51:51.192] [error] at resolveForCJSWithHooks (node:internal/modules/cjs/loader:1129:12)
[2026-08-10 23:51:51.193] [error] at Module._load (node:internal/modules/cjs/loader:1301:5)
[2026-08-10 23:51:51.194] [error] at c._load (node:electron/js2c/node_init:2:18060)
[2026-08-10 23:51:51.196] [error] at wrapModuleLoad (node:internal/modules/cjs/loader:262:19)
[2026-08-10 23:51:51.211] [error] at Module.require (node:internal/modules/cjs/loader:1624:12)
[2026-08-10 23:51:51.213] [error] at require (node:internal/modules/helpers:153:16)
[2026-08-10 23:51:51.214] [error] at Object.<anonymous> (C:\Users\커피에반하다\AppData\Local\Programs\haste-client\resources\app.asar\node_modules\discord.js\src\index.js:3:29) {
[2026-08-10 23:51:51.215] [error] code: 'MODULE_NOT_FOUND',
[2026-08-10 23:51:51.220] [error] requireStack: [
[2026-08-10 23:51:51.222] [error] 'C:\\Users\\커피에반하다\\AppData\\Local\\Programs\\haste-client\\resources\\app.asar\\node_modules\\discord.js\\src\\index.js',
[2026-08-10 23:51:51.224] [error] 'C:\\Users\\커피에반하다\\AppData\\Local\\Programs\\haste-client\\resources\\app.asar\\haste_agent_bridge.js'
[2026-08-10 23:51:51.225] [error] ]
[2026-08-10 23:51:51.226] [error] }
[2026-08-10 23:51:51.228] [error] Node.js v24.18.0
[2026-08-10 23:51:56.696] [error] node:internal/modules/cjs/loader:1527
[2026-08-10 23:51:56.698] [error] throw err;
[2026-08-10 23:51:56.699] [error] ^
[2026-08-10 23:51:56.700] [error] Error: Cannot find module '@discordjs/util'
[2026-08-10 23:51:56.703] [error] Require stack:
[2026-08-10 23:51:56.705] [error] - C:\Users\커피에반하다\AppData\Local\Programs\haste-client\resources\app.asar\node_modules\discord.js\src\index.js
[2026-08-10 23:51:56.707] [error] - C:\Users\커피에반하다\AppData\Local\Programs\haste-client\resources\app.asar\haste_agent_bridge.js
[2026-08-10 23:51:56.709] [error] at Module._resolveFilename (node:internal/modules/cjs/loader:1524:15)
[2026-08-10 23:51:56.710] [error] at wrapResolveFilename (node:internal/modules/cjs/loader:1078:27)
[2026-08-10 23:51:56.712] [error] at defaultResolveImplForCJSLoading (node:internal/modules/cjs/loader:1102:10)
[2026-08-10 23:51:56.714] [error] at resolveForCJSWithHooks (node:internal/modules/cjs/loader:1129:12)
[2026-08-10 23:51:56.715] [error] at Module._load (node:internal/modules/cjs/loader:1301:5)
[2026-08-10 23:51:56.718] [error] at c._load (node:electron/js2c/node_init:2:18060)
[2026-08-10 23:51:56.720] [error] at wrapModuleLoad (node:internal/modules/cjs/loader:262:19)
[2026-08-10 23:51:56.722] [error] at Module.require (node:internal/modules/cjs/loader:1624:12)
[2026-08-10 23:51:56.724] [error] at require (node:internal/modules/helpers:153:16)
[2026-08-10 23:51:56.727] [error] at Object.<anonymous> (C:\Users\커피에반하다\AppData\Local\Programs\haste-client\resources\app.asar\node_modules\discord.js\src\index.js:3:29) {
[2026-08-10 23:51:56.729] [error] code: 'MODULE_NOT_FOUND',
[2026-08-10 23:51:56.731] [error] requireStack: [
[2026-08-10 23:51:56.733] [error] 'C:\\Users\\커피에반하다\\AppData\\Local\\Programs\\haste-client\\resources\\app.asar\\node_modules\\discord.js\\src\\index.js',
[2026-08-10 23:51:56.734] [error] 'C:\\Users\\커피에반하다\\AppData\\Local\\Programs\\haste-client\\resources\\app.asar\\haste_agent_bridge.js'
[2026-08-10 23:51:56.737] [error] ]
[2026-08-10 23:51:56.740] [error] }
[2026-08-10 23:51:56.741] [error] Node.js v24.18.0
[2026-08-10 23:52:02.040] [error] node:internal/modules/cjs/loader:1527
[2026-08-10 23:52:02.041] [error] throw err;
[2026-08-10 23:52:02.041] [error] ^
[2026-08-10 23:52:02.042] [error] Error: Cannot find module '@discordjs/util'
[2026-08-10 23:52:02.043] [error] Require stack:
[2026-08-10 23:52:02.043] [error] - C:\Users\커피에반하다\AppData\Local\Programs\haste-client\resources\app.asar\node_modules\discord.js\src\index.js
[2026-08-10 23:52:02.044] [error] - C:\Users\커피에반하다\AppData\Local\Programs\haste-client\resources\app.asar\haste_agent_bridge.js
[2026-08-10 23:52:02.044] [error] at Module._resolveFilename (node:internal/modules/cjs/loader:1524:15)
[2026-08-10 23:52:02.045] [error] at wrapResolveFilename (node:internal/modules/cjs/loader:1078:27)
[2026-08-10 23:52:02.046] [error] at defaultResolveImplForCJSLoading (node:internal/modules/cjs/loader:1102:10)
[2026-08-10 23:52:02.046] [error] at resolveForCJSWithHooks (node:internal/modules/cjs/loader:1129:12)
[2026-08-10 23:52:02.047] [error] at Module._load (node:internal/modules/cjs/loader:1301:5)
[2026-08-10 23:52:02.047] [error] at c._load (node:electron/js2c/node_init:2:18060)
[2026-08-10 23:52:02.048] [error] at wrapModuleLoad (node:internal/modules/cjs/loader:262:19)
[2026-08-10 23:52:02.048] [error] at Module.require (node:internal/modules/cjs/loader:1624:12)
[2026-08-10 23:52:02.049] [error] at require (node:internal/modules/helpers:153:16)
[2026-08-10 23:52:02.049] [error] at Object.<anonymous> (C:\Users\커피에반하다\AppData\Local\Programs\haste-client\resources\app.asar\node_modules\discord.js\src\index.js:3:29) {
[2026-08-10 23:52:02.050] [error] code: 'MODULE_NOT_FOUND',
[2026-08-10 23:52:02.050] [error] requireStack: [
[2026-08-10 23:52:02.051] [error] 'C:\\Users\\커피에반하다\\AppData\\Local\\Programs\\haste-client\\resources\\app.asar\\node_modules\\discord.js\\src\\index.js',
[2026-08-10 23:52:02.052] [error] 'C:\\Users\\커피에반하다\\AppData\\Local\\Programs\\haste-client\\resources\\app.asar\\haste_agent_bridge.js'
[2026-08-10 23:52:02.052] [error] ]
[2026-08-10 23:52:02.053] [error] }
[2026-08-10 23:52:02.053] [error] Node.js v24.18.0
[2026-08-10 23:52:07.320] [error] node:internal/modules/cjs/loader:1527
[2026-08-10 23:52:07.320] [error] throw err;
[2026-08-10 23:52:07.321] [error] ^
[2026-08-10 23:52:07.322] [error] Error: Cannot find module '@discordjs/util'
[2026-08-10 23:52:07.323] [error] Require stack:
[2026-08-10 23:52:07.323] [error] - C:\Users\커피에반하다\AppData\Local\Programs\haste-client\resources\app.asar\node_modules\discord.js\src\index.js
[2026-08-10 23:52:07.324] [error] - C:\Users\커피에반하다\AppData\Local\Programs\haste-client\resources\app.asar\haste_agent_bridge.js
[2026-08-10 23:52:07.325] [error] at Module._resolveFilename (node:internal/modules/cjs/loader:1524:15)
[2026-08-10 23:52:07.325] [error] at wrapResolveFilename (node:internal/modules/cjs/loader:1078:27)
[2026-08-10 23:52:07.326] [error] at defaultResolveImplForCJSLoading (node:internal/modules/cjs/loader:1102:10)
[2026-08-10 23:52:07.326] [error] at resolveForCJSWithHooks (node:internal/modules/cjs/loader:1129:12)
[2026-08-10 23:52:07.327] [error] at Module._load (node:internal/modules/cjs/loader:1301:5)
[2026-08-10 23:52:07.327] [error] at c._load (node:electron/js2c/node_init:2:18060)
[2026-08-10 23:52:07.328] [error] at wrapModuleLoad (node:internal/modules/cjs/loader:262:19)
[2026-08-10 23:52:07.328] [error] at Module.require (node:internal/modules/cjs/loader:1624:12)
[2026-08-10 23:52:07.329] [error] at require (node:internal/modules/helpers:153:16)
[2026-08-10 23:52:07.329] [error] at Object.<anonymous> (C:\Users\커피에반하다\AppData\Local\Programs\haste-client\resources\app.asar\node_modules\discord.js\src\index.js:3:29) {
[2026-08-10 23:52:07.330] [error] code: 'MODULE_NOT_FOUND',
[2026-08-10 23:52:07.330] [error] requireStack: [
[2026-08-10 23:52:07.331] [error] 'C:\\Users\\커피에반하다\\AppData\\Local\\Programs\\haste-client\\resources\\app.asar\\node_modules\\discord.js\\src\\index.js',
[2026-08-10 23:52:07.331] [error] 'C:\\Users\\커피에반하다\\AppData\\Local\\Programs\\haste-client\\resources\\app.asar\\haste_agent_bridge.js'
[2026-08-10 23:52:07.332] [error] ]
[2026-08-10 23:52:07.332] [error] }
[2026-08-10 23:52:07.333] [error] Node.js v24.18.0
[2026-08-10 23:52:12.623] [error] node:internal/modules/cjs/loader:1527
[2026-08-10 23:52:12.623] [error] throw err;
[2026-08-10 23:52:12.624] [error] ^
[2026-08-10 23:52:12.625] [error] Error: Cannot find module '@discordjs/util'
[2026-08-10 23:52:12.625] [error] Require stack:
[2026-08-10 23:52:12.626] [error] - C:\Users\커피에반하다\AppData\Local\Programs\haste-client\resources\app.asar\node_modules\discord.js\src\index.js
[2026-08-10 23:52:12.626] [error] - C:\Users\커피에반하다\AppData\Local\Programs\haste-client\resources\app.asar\haste_agent_bridge.js
[2026-08-10 23:52:12.627] [error] at Module._resolveFilename (node:internal/modules/cjs/loader:1524:15)
[2026-08-10 23:52:12.627] [error] at wrapResolveFilename (node:internal/modules/cjs/loader:1078:27)
[2026-08-10 23:52:12.628] [error] at defaultResolveImplForCJSLoading (node:internal/modules/cjs/loader:1102:10)
[2026-08-10 23:52:12.629] [error] at resolveForCJSWithHooks (node:internal/modules/cjs/loader:1129:12)
[2026-08-10 23:52:12.629] [error] at Module._load (node:internal/modules/cjs/loader:1301:5)
[2026-08-10 23:52:12.630] [error] at c._load (node:electron/js2c/node_init:2:18060)
[2026-08-10 23:52:12.630] [error] at wrapModuleLoad (node:internal/modules/cjs/loader:262:19)
[2026-08-10 23:52:12.631] [error] at Module.require (node:internal/modules/cjs/loader:1624:12)
[2026-08-10 23:52:12.631] [error] at require (node:internal/modules/helpers:153:16)
[2026-08-10 23:52:12.632] [error] at Object.<anonymous> (C:\Users\커피에반하다\AppData\Local\Programs\haste-client\resources\app.asar\node_modules\discord.js\src\index.js:3:29) {
[2026-08-10 23:52:12.632] [error] code: 'MODULE_NOT_FOUND',
[2026-08-10 23:52:12.633] [error] requireStack: [
[2026-08-10 23:52:12.634] [error] 'C:\\Users\\커피에반하다\\AppData\\Local\\Programs\\haste-client\\resources\\app.asar\\node_modules\\discord.js\\src\\index.js',
[2026-08-10 23:52:12.635] [error] 'C:\\Users\\커피에반하다\\AppData\\Local\\Programs\\haste-client\\resources\\app.asar\\haste_agent_bridge.js'
[2026-08-10 23:52:12.636] [error] ]
[2026-08-10 23:52:12.637] [error] }
[2026-08-10 23:52:12.638] [error] Node.js v24.18.0
[2026-08-10 23:52:17.917] [error] node:internal/modules/cjs/loader:1527
[2026-08-10 23:52:17.918] [error] throw err;
[2026-08-10 23:52:17.919] [error] ^
[2026-08-10 23:52:17.919] [error] Error: Cannot find module '@discordjs/util'
[2026-08-10 23:52:17.920] [error] Require stack:
[2026-08-10 23:52:17.921] [error] - C:\Users\커피에반하다\AppData\Local\Programs\haste-client\resources\app.asar\node_modules\discord.js\src\index.js
[2026-08-10 23:52:17.922] [error] - C:\Users\커피에반하다\AppData\Local\Programs\haste-client\resources\app.asar\haste_agent_bridge.js
[2026-08-10 23:52:17.923] [error] at Module._resolveFilename (node:internal/modules/cjs/loader:1524:15)
[2026-08-10 23:52:17.924] [error] at wrapResolveFilename (node:internal/modules/cjs/loader:1078:27)
[2026-08-10 23:52:17.925] [error] at defaultResolveImplForCJSLoading (node:internal/modules/cjs/loader:1102:10)
[2026-08-10 23:52:17.926] [error] at resolveForCJSWithHooks (node:internal/modules/cjs/loader:1129:12)
[2026-08-10 23:52:17.927] [error] at Module._load (node:internal/modules/cjs/loader:1301:5)
[2026-08-10 23:52:17.927] [error] at c._load (node:electron/js2c/node_init:2:18060)
[2026-08-10 23:52:17.928] [error] at wrapModuleLoad (node:internal/modules/cjs/loader:262:19)
[2026-08-10 23:52:17.928] [error] at Module.require (node:internal/modules/cjs/loader:1624:12)
[2026-08-10 23:52:17.929] [error] at require (node:internal/modules/helpers:153:16)
[2026-08-10 23:52:17.929] [error] at Object.<anonymous> (C:\Users\커피에반하다\AppData\Local\Programs\haste-client\resources\app.asar\node_modules\discord.js\src\index.js:3:29) {
[2026-08-10 23:52:17.930] [error] code: 'MODULE_NOT_FOUND',
[2026-08-10 23:52:17.930] [error] requireStack: [
[2026-08-10 23:52:17.931] [error] 'C:\\Users\\커피에반하다\\AppData\\Local\\Programs\\haste-client\\resources\\app.asar\\node_modules\\discord.js\\src\\index.js',
[2026-08-10 23:52:17.931] [error] 'C:\\Users\\커피에반하다\\AppData\\Local\\Programs\\haste-client\\resources\\app.asar\\haste_agent_bridge.js'
[2026-08-10 23:52:17.932] [error] ]
[2026-08-10 23:52:17.932] [error] }
[2026-08-10 23:52:17.933] [error] Node.js v24.18.0
[2026-08-10 23:52:23.451] [error] node:internal/modules/cjs/loader:1527
[2026-08-10 23:52:23.455] [error] throw err;
[2026-08-10 23:52:23.456] [error] ^
[2026-08-10 23:52:23.457] [error] Error: Cannot find module '@discordjs/util'
[2026-08-10 23:52:23.458] [error] Require stack:
[2026-08-10 23:52:23.459] [error] - C:\Users\커피에반하다\AppData\Local\Programs\haste-client\resources\app.asar\node_modules\discord.js\src\index.js
[2026-08-10 23:52:23.459] [error] - C:\Users\커피에반하다\AppData\Local\Programs\haste-client\resources\app.asar\haste_agent_bridge.js
[2026-08-10 23:52:23.460] [error] at Module._resolveFilename (node:internal/modules/cjs/loader:1524:15)
[2026-08-10 23:52:23.461] [error] at wrapResolveFilename (node:internal/modules/cjs/loader:1078:27)
[2026-08-10 23:52:23.461] [error] at defaultResolveImplForCJSLoading (node:internal/modules/cjs/loader:1102:10)
[2026-08-10 23:52:23.462] [error] at resolveForCJSWithHooks (node:internal/modules/cjs/loader:1129:12)
[2026-08-10 23:52:23.463] [error] at Module._load (node:internal/modules/cjs/loader:1301:5)
[2026-08-10 23:52:23.464] [error] at c._load (node:electron/js2c/node_init:2:18060)
[2026-08-10 23:52:23.464] [error] at wrapModuleLoad (node:internal/modules/cjs/loader:262:19)
[2026-08-10 23:52:23.465] [error] at Module.require (node:internal/modules/cjs/loader:1624:12)
[2026-08-10 23:52:23.465] [error] at require (node:internal/modules/helpers:153:16)
[2026-08-10 23:52:23.466] [error] at Object.<anonymous> (C:\Users\커피에반하다\AppData\Local\Programs\haste-client\resources\app.asar\node_modules\discord.js\src\index.js:3:29) {
[2026-08-10 23:52:23.467] [error] code: 'MODULE_NOT_FOUND',
[2026-08-10 23:52:23.467] [error] requireStack: [
[2026-08-10 23:52:23.468] [error] 'C:\\Users\\커피에반하다\\AppData\\Local\\Programs\\haste-client\\resources\\app.asar\\node_modules\\discord.js\\src\\index.js',
[2026-08-10 23:52:23.469] [error] 'C:\\Users\\커피에반하다\\AppData\\Local\\Programs\\haste-client\\resources\\app.asar\\haste_agent_bridge.js'
[2026-08-10 23:52:23.470] [error] ]
[2026-08-10 23:52:23.471] [error] }
[2026-08-10 23:52:23.471] [error] Node.js v24.18.0
[2026-08-10 23:52:28.767] [error] node:internal/modules/cjs/loader:1527
[2026-08-10 23:52:28.768] [error] throw err;
[2026-08-10 23:52:28.769] [error] ^
[2026-08-10 23:52:28.770] [error] Error: Cannot find module '@discordjs/util'
[2026-08-10 23:52:28.771] [error] Require stack:
[2026-08-10 23:52:28.771] [error] - C:\Users\커피에반하다\AppData\Local\Programs\haste-client\resources\app.asar\node_modules\discord.js\src\index.js
[2026-08-10 23:52:28.772] [error] - C:\Users\커피에반하다\AppData\Local\Programs\haste-client\resources\app.asar\haste_agent_bridge.js
[2026-08-10 23:52:28.772] [error] at Module._resolveFilename (node:internal/modules/cjs/loader:1524:15)
[2026-08-10 23:52:28.773] [error] at wrapResolveFilename (node:internal/modules/cjs/loader:1078:27)
[2026-08-10 23:52:28.773] [error] at defaultResolveImplForCJSLoading (node:internal/modules/cjs/loader:1102:10)
[2026-08-10 23:52:28.774] [error] at resolveForCJSWithHooks (node:internal/modules/cjs/loader:1129:12)
[2026-08-10 23:52:28.775] [error] at Module._load (node:internal/modules/cjs/loader:1301:5)
[2026-08-10 23:52:28.776] [error] at c._load (node:electron/js2c/node_init:2:18060)
[2026-08-10 23:52:28.777] [error] at wrapModuleLoad (node:internal/modules/cjs/loader:262:19)
[2026-08-10 23:52:28.778] [error] at Module.require (node:internal/modules/cjs/loader:1624:12)
[2026-08-10 23:52:28.779] [error] at require (node:internal/modules/helpers:153:16)
[2026-08-10 23:52:28.779] [error] at Object.<anonymous> (C:\Users\커피에반하다\AppData\Local\Programs\haste-client\resources\app.asar\node_modules\discord.js\src\index.js:3:29) {
[2026-08-10 23:52:28.781] [error] code: 'MODULE_NOT_FOUND',
[2026-08-10 23:52:28.781] [error] requireStack: [
[2026-08-10 23:52:28.782] [error] 'C:\\Users\\커피에반하다\\AppData\\Local\\Programs\\haste-client\\resources\\app.asar\\node_modules\\discord.js\\src\\index.js',
[2026-08-10 23:52:28.782] [error] 'C:\\Users\\커피에반하다\\AppData\\Local\\Programs\\haste-client\\resources\\app.asar\\haste_agent_bridge.js'
[2026-08-10 23:52:28.783] [error] ]
[2026-08-10 23:52:28.783] [error] }
[2026-08-10 23:52:28.784] [error] Node.js v24.18.0
[2026-08-10 23:52:34.133] [error] node:internal/modules/cjs/loader:1527
[2026-08-10 23:52:34.134] [error] throw err;
[2026-08-10 23:52:34.136] [error] ^
[2026-08-10 23:52:34.137] [error] Error: Cannot find module '@discordjs/util'
[2026-08-10 23:52:34.137] [error] Require stack:
[2026-08-10 23:52:34.138] [error] - C:\Users\커피에반하다\AppData\Local\Programs\haste-client\resources\app.asar\node_modules\discord.js\src\index.js
[2026-08-10 23:52:34.139] [error] - C:\Users\커피에반하다\AppData\Local\Programs\haste-client\resources\app.asar\haste_agent_bridge.js
[2026-08-10 23:52:34.140] [error] at Module._resolveFilename (node:internal/modules/cjs/loader:1524:15)
[2026-08-10 23:52:34.141] [error] at wrapResolveFilename (node:internal/modules/cjs/loader:1078:27)
[2026-08-10 23:52:34.142] [error] at defaultResolveImplForCJSLoading (node:internal/modules/cjs/loader:1102:10)
[2026-08-10 23:52:34.142] [error] at resolveForCJSWithHooks (node:internal/modules/cjs/loader:1129:12)
[2026-08-10 23:52:34.143] [error] at Module._load (node:internal/modules/cjs/loader:1301:5)
[2026-08-10 23:52:34.143] [error] at c._load (node:electron/js2c/node_init:2:18060)
[2026-08-10 23:52:34.144] [error] at wrapModuleLoad (node:internal/modules/cjs/loader:262:19)
[2026-08-10 23:52:34.144] [error] at Module.require (node:internal/modules/cjs/loader:1624:12)
[2026-08-10 23:52:34.145] [error] at require (node:internal/modules/helpers:153:16)
[2026-08-10 23:52:34.145] [error] at Object.<anonymous> (C:\Users\커피에반하다\AppData\Local\Programs\haste-client\resources\app.asar\node_modules\discord.js\src\index.js:3:29) {
[2026-08-10 23:52:34.146] [error] code: 'MODULE_NOT_FOUND',
[2026-08-10 23:52:34.146] [error] requireStack: [
[2026-08-10 23:52:34.147] [error] 'C:\\Users\\커피에반하다\\AppData\\Local\\Programs\\haste-client\\resources\\app.asar\\node_modules\\discord.js\\src\\index.js',
[2026-08-10 23:52:34.147] [error] 'C:\\Users\\커피에반하다\\AppData\\Local\\Programs\\haste-client\\resources\\app.asar\\haste_agent_bridge.js'
[2026-08-10 23:52:34.148] [error] ]
[2026-08-10 23:52:34.149] [error] }
[2026-08-10 23:52:34.149] [error] Node.js v24.18.0
[2026-08-10 23:52:39.424] [error] node:internal/modules/cjs/loader:1527
[2026-08-10 23:52:39.425] [error] throw err;
[2026-08-10 23:52:39.425] [error] ^
[2026-08-10 23:52:39.426] [error] Error: Cannot find module '@discordjs/util'
[2026-08-10 23:52:39.427] [error] Require stack:
[2026-08-10 23:52:39.427] [error] - C:\Users\커피에반하다\AppData\Local\Programs\haste-client\resources\app.asar\node_modules\discord.js\src\index.js
[2026-08-10 23:52:39.428] [error] - C:\Users\커피에반하다\AppData\Local\Programs\haste-client\resources\app.asar\haste_agent_bridge.js
[2026-08-10 23:52:39.429] [error] at Module._resolveFilename (node:internal/modules/cjs/loader:1524:15)
[2026-08-10 23:52:39.429] [error] at wrapResolveFilename (node:internal/modules/cjs/loader:1078:27)
[2026-08-10 23:52:39.430] [error] at defaultResolveImplForCJSLoading (node:internal/modules/cjs/loader:1102:10)
[2026-08-10 23:52:39.430] [error] at resolveForCJSWithHooks (node:internal/modules/cjs/loader:1129:12)
[2026-08-10 23:52:39.431] [error] at Module._load (node:internal/modules/cjs/loader:1301:5)
[2026-08-10 23:52:39.431] [error] at c._load (node:electron/js2c/node_init:2:18060)
[2026-08-10 23:52:39.432] [error] at wrapModuleLoad (node:internal/modules/cjs/loader:262:19)
[2026-08-10 23:52:39.432] [error] at Module.require (node:internal/modules/cjs/loader:1624:12)
[2026-08-10 23:52:39.433] [error] at require (node:internal/modules/helpers:153:16)
[2026-08-10 23:52:39.433] [error] at Object.<anonymous> (C:\Users\커피에반하다\AppData\Local\Programs\haste-client\resources\app.asar\node_modules\discord.js\src\index.js:3:29) {
[2026-08-10 23:52:39.434] [error] code: 'MODULE_NOT_FOUND',
[2026-08-10 23:52:39.436] [error] requireStack: [
[2026-08-10 23:52:39.437] [error] 'C:\\Users\\커피에반하다\\AppData\\Local\\Programs\\haste-client\\resources\\app.asar\\node_modules\\discord.js\\src\\index.js',
[2026-08-10 23:52:39.437] [error] 'C:\\Users\\커피에반하다\\AppData\\Local\\Programs\\haste-client\\resources\\app.asar\\haste_agent_bridge.js'
[2026-08-10 23:52:39.438] [error] ]
[2026-08-10 23:52:39.438] [error] }
[2026-08-10 23:52:39.439] [error] Node.js v24.18.0
[2026-08-10 23:52:44.793] [error] node:internal/modules/cjs/loader:1527
[2026-08-10 23:52:44.793] [error] throw err;
[2026-08-10 23:52:44.794] [error] ^
[2026-08-10 23:52:44.795] [error] Error: Cannot find module '@discordjs/util'
[2026-08-10 23:52:44.795] [error] Require stack:
[2026-08-10 23:52:44.796] [error] - C:\Users\커피에반하다\AppData\Local\Programs\haste-client\resources\app.asar\node_modules\discord.js\src\index.js
[2026-08-10 23:52:44.796] [error] - C:\Users\커피에반하다\AppData\Local\Programs\haste-client\resources\app.asar\haste_agent_bridge.js
[2026-08-10 23:52:44.797] [error] at Module._resolveFilename (node:internal/modules/cjs/loader:1524:15)
[2026-08-10 23:52:44.797] [error] at wrapResolveFilename (node:internal/modules/cjs/loader:1078:27)
[2026-08-10 23:52:44.798] [error] at defaultResolveImplForCJSLoading (node:internal/modules/cjs/loader:1102:10)
[2026-08-10 23:52:44.798] [error] at resolveForCJSWithHooks (node:internal/modules/cjs/loader:1129:12)
[2026-08-10 23:52:44.799] [error] at Module._load (node:internal/modules/cjs/loader:1301:5)
[2026-08-10 23:52:44.799] [error] at c._load (node:electron/js2c/node_init:2:18060)
[2026-08-10 23:52:44.800] [error] at wrapModuleLoad (node:internal/modules/cjs/loader:262:19)
[2026-08-10 23:52:44.800] [error] at Module.require (node:internal/modules/cjs/loader:1624:12)
[2026-08-10 23:52:44.801] [error] at require (node:internal/modules/helpers:153:16)
[2026-08-10 23:52:44.802] [error] at Object.<anonymous> (C:\Users\커피에반하다\AppData\Local\Programs\haste-client\resources\app.asar\node_modules\discord.js\src\index.js:3:29) {
[2026-08-10 23:52:44.803] [error] code: 'MODULE_NOT_FOUND',
[2026-08-10 23:52:44.803] [error] requireStack: [
[2026-08-10 23:52:44.804] [error] 'C:\\Users\\커피에반하다\\AppData\\Local\\Programs\\haste-client\\resources\\app.asar\\node_modules\\discord.js\\src\\index.js',
[2026-08-10 23:52:44.805] [error] 'C:\\Users\\커피에반하다\\AppData\\Local\\Programs\\haste-client\\resources\\app.asar\\haste_agent_bridge.js'
[2026-08-10 23:52:44.805] [error] ]
[2026-08-10 23:52:44.806] [error] }
[2026-08-10 23:52:44.806] [error] Node.js v24.18.0
[2026-08-10 23:52:50.242] [error] node:internal/modules/cjs/loader:1527
[2026-08-10 23:52:50.243] [error] throw err;
[2026-08-10 23:52:50.243] [error] ^
[2026-08-10 23:52:50.244] [error] Error: Cannot find module '@discordjs/util'
[2026-08-10 23:52:50.244] [error] Require stack:
[2026-08-10 23:52:50.245] [error] - C:\Users\커피에반하다\AppData\Local\Programs\haste-client\resources\app.asar\node_modules\discord.js\src\index.js
[2026-08-10 23:52:50.245] [error] - C:\Users\커피에반하다\AppData\Local\Programs\haste-client\resources\app.asar\haste_agent_bridge.js
[2026-08-10 23:52:50.246] [error] at Module._resolveFilename (node:internal/modules/cjs/loader:1524:15)
[2026-08-10 23:52:50.246] [error] at wrapResolveFilename (node:internal/modules/cjs/loader:1078:27)
[2026-08-10 23:52:50.247] [error] at defaultResolveImplForCJSLoading (node:internal/modules/cjs/loader:1102:10)
[2026-08-10 23:52:50.247] [error] at resolveForCJSWithHooks (node:internal/modules/cjs/loader:1129:12)
[2026-08-10 23:52:50.248] [error] at Module._load (node:internal/modules/cjs/loader:1301:5)
[2026-08-10 23:52:50.248] [error] at c._load (node:electron/js2c/node_init:2:18060)
[2026-08-10 23:52:50.249] [error] at wrapModuleLoad (node:internal/modules/cjs/loader:262:19)
[2026-08-10 23:52:50.249] [error] at Module.require (node:internal/modules/cjs/loader:1624:12)
[2026-08-10 23:52:50.250] [error] at require (node:internal/modules/helpers:153:16)
[2026-08-10 23:52:50.250] [error] at Object.<anonymous> (C:\Users\커피에반하다\AppData\Local\Programs\haste-client\resources\app.asar\node_modules\discord.js\src\index.js:3:29) {
[2026-08-10 23:52:50.251] [error] code: 'MODULE_NOT_FOUND',
[2026-08-10 23:52:50.251] [error] requireStack: [
[2026-08-10 23:52:50.252] [error] 'C:\\Users\\커피에반하다\\AppData\\Local\\Programs\\haste-client\\resources\\app.asar\\node_modules\\discord.js\\src\\index.js',
[2026-08-10 23:52:50.253] [error] 'C:\\Users\\커피에반하다\\AppData\\Local\\Programs\\haste-client\\resources\\app.asar\\haste_agent_bridge.js'
[2026-08-10 23:52:50.253] [error] ]
[2026-08-10 23:52:50.254] [error] }
[2026-08-10 23:52:50.254] [error] Node.js v24.18.0
[2026-08-10 23:52:55.927] [error] node:internal/modules/cjs/loader:1527
[2026-08-10 23:52:55.929] [error] throw err;
[2026-08-10 23:52:55.930] [error] ^
[2026-08-10 23:52:55.932] [error] Error: Cannot find module '@discordjs/util'
[2026-08-10 23:52:55.934] [error] Require stack:
[2026-08-10 23:52:55.936] [error] - C:\Users\커피에반하다\AppData\Local\Programs\haste-client\resources\app.asar\node_modules\discord.js\src\index.js
[2026-08-10 23:52:55.937] [error] - C:\Users\커피에반하다\AppData\Local\Programs\haste-client\resources\app.asar\haste_agent_bridge.js
[2026-08-10 23:52:55.939] [error] at Module._resolveFilename (node:internal/modules/cjs/loader:1524:15)
[2026-08-10 23:52:55.940] [error] at wrapResolveFilename (node:internal/modules/cjs/loader:1078:27)
[2026-08-10 23:52:55.942] [error] at defaultResolveImplForCJSLoading (node:internal/modules/cjs/loader:1102:10)
[2026-08-10 23:52:55.944] [error] at resolveForCJSWithHooks (node:internal/modules/cjs/loader:1129:12)
[2026-08-10 23:52:55.945] [error] at Module._load (node:internal/modules/cjs/loader:1301:5)
[2026-08-10 23:52:55.946] [error] at c._load (node:electron/js2c/node_init:2:18060)
[2026-08-10 23:52:55.948] [error] at wrapModuleLoad (node:internal/modules/cjs/loader:262:19)
[2026-08-10 23:52:55.949] [error] at Module.require (node:internal/modules/cjs/loader:1624:12)
[2026-08-10 23:52:55.951] [error] at require (node:internal/modules/helpers:153:16)
[2026-08-10 23:52:55.953] [error] at Object.<anonymous> (C:\Users\커피에반하다\AppData\Local\Programs\haste-client\resources\app.asar\node_modules\discord.js\src\index.js:3:29) {
[2026-08-10 23:52:55.955] [error] code: 'MODULE_NOT_FOUND',
[2026-08-10 23:52:55.957] [error] requireStack: [
[2026-08-10 23:52:55.960] [error] 'C:\\Users\\커피에반하다\\AppData\\Local\\Programs\\haste-client\\resources\\app.asar\\node_modules\\discord.js\\src\\index.js',
[2026-08-10 23:52:55.961] [error] 'C:\\Users\\커피에반하다\\AppData\\Local\\Programs\\haste-client\\resources\\app.asar\\haste_agent_bridge.js'
[2026-08-10 23:52:55.963] [error] ]
[2026-08-10 23:52:55.964] [error] }
[2026-08-10 23:52:55.992] [error] Node.js v24.18.0
[2026-08-10 23:53:02.793] [error] node:internal/modules/cjs/loader:1527
[2026-08-10 23:53:02.795] [error] throw err;
[2026-08-10 23:53:02.796] [error] ^
[2026-08-10 23:53:02.797] [error] Error: Cannot find module '@discordjs/util'
[2026-08-10 23:53:02.799] [error] Require stack:
[2026-08-10 23:53:02.801] [error] - C:\Users\커피에반하다\AppData\Local\Programs\haste-client\resources\app.asar\node_modules\discord.js\src\index.js
[2026-08-10 23:53:02.802] [error] - C:\Users\커피에반하다\AppData\Local\Programs\haste-client\resources\app.asar\haste_agent_bridge.js
[2026-08-10 23:53:02.804] [error] at Module._resolveFilename (node:internal/modules/cjs/loader:1524:15)
[2026-08-10 23:53:02.806] [error] at wrapResolveFilename (node:internal/modules/cjs/loader:1078:27)
[2026-08-10 23:53:02.808] [error] at defaultResolveImplForCJSLoading (node:internal/modules/cjs/loader:1102:10)
[2026-08-10 23:53:02.810] [error] at resolveForCJSWithHooks (node:internal/modules/cjs/loader:1129:12)
[2026-08-10 23:53:02.812] [error] at Module._load (node:internal/modules/cjs/loader:1301:5)
[2026-08-10 23:53:02.814] [error] at c._load (node:electron/js2c/node_init:2:18060)
[2026-08-10 23:53:02.815] [error] at wrapModuleLoad (node:internal/modules/cjs/loader:262:19)
[2026-08-10 23:53:02.816] [error] at Module.require (node:internal/modules/cjs/loader:1624:12)
[2026-08-10 23:53:02.819] [error] at require (node:internal/modules/helpers:153:16)
[2026-08-10 23:53:02.821] [error] at Object.<anonymous> (C:\Users\커피에반하다\AppData\Local\Programs\haste-client\resources\app.asar\node_modules\discord.js\src\index.js:3:29) {
[2026-08-10 23:53:02.823] [error] code: 'MODULE_NOT_FOUND',
[2026-08-10 23:53:02.824] [error] requireStack: [
[2026-08-10 23:53:02.826] [error] 'C:\\Users\\커피에반하다\\AppData\\Local\\Programs\\haste-client\\resources\\app.asar\\node_modules\\discord.js\\src\\index.js',
[2026-08-10 23:53:02.827] [error] 'C:\\Users\\커피에반하다\\AppData\\Local\\Programs\\haste-client\\resources\\app.asar\\haste_agent_bridge.js'
[2026-08-10 23:53:02.829] [error] ]
[2026-08-10 23:53:02.831] [error] }
[2026-08-10 23:53:02.835] [error] Node.js v24.18.0
[2026-08-10 23:53:10.894] [error] node:internal/modules/cjs/loader:1527
[2026-08-10 23:53:10.896] [error] throw err;
[2026-08-10 23:53:10.898] [error] ^
[2026-08-10 23:53:10.898] [error] Error: Cannot find module '@discordjs/util'
[2026-08-10 23:53:10.899] [error] Require stack:
[2026-08-10 23:53:10.902] [error] - C:\Users\커피에반하다\AppData\Local\Programs\haste-client\resources\app.asar\node_modules\discord.js\src\index.js
[2026-08-10 23:53:10.903] [error] - C:\Users\커피에반하다\AppData\Local\Programs\haste-client\resources\app.asar\haste_agent_bridge.js
[2026-08-10 23:53:10.904] [error] at Module._resolveFilename (node:internal/modules/cjs/loader:1524:15)
[2026-08-10 23:53:10.906] [error] at wrapResolveFilename (node:internal/modules/cjs/loader:1078:27)
[2026-08-10 23:53:10.907] [error] at defaultResolveImplForCJSLoading (node:internal/modules/cjs/loader:1102:10)
[2026-08-10 23:53:10.908] [error] at resolveForCJSWithHooks (node:internal/modules/cjs/loader:1129:12)
[2026-08-10 23:53:10.910] [error] at Module._load (node:internal/modules/cjs/loader:1301:5)
[2026-08-10 23:53:10.912] [error] at c._load (node:electron/js2c/node_init:2:18060)
[2026-08-10 23:53:10.912] [error] at wrapModuleLoad (node:internal/modules/cjs/loader:262:19)
[2026-08-10 23:53:10.913] [error] at Module.require (node:internal/modules/cjs/loader:1624:12)
[2026-08-10 23:53:10.915] [error] at require (node:internal/modules/helpers:153:16)
[2026-08-10 23:53:10.916] [error] at Object.<anonymous> (C:\Users\커피에반하다\AppData\Local\Programs\haste-client\resources\app.asar\node_modules\discord.js\src\index.js:3:29) {
[2026-08-10 23:53:10.917] [error] code: 'MODULE_NOT_FOUND',
[2026-08-10 23:53:10.917] [error] requireStack: [
[2026-08-10 23:53:10.918] [error] 'C:\\Users\\커피에반하다\\AppData\\Local\\Programs\\haste-client\\resources\\app.asar\\node_modules\\discord.js\\src\\index.js',
[2026-08-10 23:53:10.920] [error] 'C:\\Users\\커피에반하다\\AppData\\Local\\Programs\\haste-client\\resources\\app.asar\\haste_agent_bridge.js'
[2026-08-10 23:53:10.922] [error] ]
[2026-08-10 23:53:10.923] [error] }
[2026-08-10 23:53:10.925] [error] Node.js v24.18.0
[2026-08-10 23:53:16.533] [error] node:internal/modules/cjs/loader:1527
[2026-08-10 23:53:16.535] [error] throw err;
[2026-08-10 23:53:16.537] [error] ^
[2026-08-10 23:53:16.538] [error] Error: Cannot find module '@discordjs/util'
[2026-08-10 23:53:16.540] [error] Require stack:
[2026-08-10 23:53:16.542] [error] - C:\Users\커피에반하다\AppData\Local\Programs\haste-client\resources\app.asar\node_modules\discord.js\src\index.js
[2026-08-10 23:53:16.544] [error] - C:\Users\커피에반하다\AppData\Local\Programs\haste-client\resources\app.asar\haste_agent_bridge.js
[2026-08-10 23:53:16.545] [error] at Module._resolveFilename (node:internal/modules/cjs/loader:1524:15)
[2026-08-10 23:53:16.547] [error] at wrapResolveFilename (node:internal/modules/cjs/loader:1078:27)
[2026-08-10 23:53:16.548] [error] at defaultResolveImplForCJSLoading (node:internal/modules/cjs/loader:1102:10)
[2026-08-10 23:53:16.550] [error] at resolveForCJSWithHooks (node:internal/modules/cjs/loader:1129:12)
[2026-08-10 23:53:16.551] [error] at Module._load (node:internal/modules/cjs/loader:1301:5)
[2026-08-10 23:53:16.553] [error] at c._load (node:electron/js2c/node_init:2:18060)
[2026-08-10 23:53:16.556] [error] at wrapModuleLoad (node:internal/modules/cjs/loader:262:19)
[2026-08-10 23:53:16.557] [error] at Module.require (node:internal/modules/cjs/loader:1624:12)
[2026-08-10 23:53:16.559] [error] at require (node:internal/modules/helpers:153:16)
[2026-08-10 23:53:16.560] [error] at Object.<anonymous> (C:\Users\커피에반하다\AppData\Local\Programs\haste-client\resources\app.asar\node_modules\discord.js\src\index.js:3:29) {
[2026-08-10 23:53:16.564] [error] code: 'MODULE_NOT_FOUND',
[2026-08-10 23:53:16.565] [error] requireStack: [
[2026-08-10 23:53:16.567] [error] 'C:\\Users\\커피에반하다\\AppData\\Local\\Programs\\haste-client\\resources\\app.asar\\node_modules\\discord.js\\src\\index.js',
[2026-08-10 23:53:16.572] [error] 'C:\\Users\\커피에반하다\\AppData\\Local\\Programs\\haste-client\\resources\\app.asar\\haste_agent_bridge.js'
[2026-08-10 23:53:16.573] [error] ]
[2026-08-10 23:53:16.576] [error] }
[2026-08-10 23:53:16.580] [error] Node.js v24.18.0
[2026-08-10 23:53:22.317] [error] node:internal/modules/cjs/loader:1527
[2026-08-10 23:53:22.319] [error] throw err;
[2026-08-10 23:53:22.320] [error] ^
[2026-08-10 23:53:22.322] [error] Error: Cannot find module '@discordjs/util'
[2026-08-10 23:53:22.324] [error] Require stack:
[2026-08-10 23:53:22.326] [error] - C:\Users\커피에반하다\AppData\Local\Programs\haste-client\resources\app.asar\node_modules\discord.js\src\index.js
[2026-08-10 23:53:22.327] [error] - C:\Users\커피에반하다\AppData\Local\Programs\haste-client\resources\app.asar\haste_agent_bridge.js
[2026-08-10 23:53:22.329] [error] at Module._resolveFilename (node:internal/modules/cjs/loader:1524:15)
[2026-08-10 23:53:22.330] [error] at wrapResolveFilename (node:internal/modules/cjs/loader:1078:27)
[2026-08-10 23:53:22.331] [error] at defaultResolveImplForCJSLoading (node:internal/modules/cjs/loader:1102:10)
[2026-08-10 23:53:22.334] [error] at resolveForCJSWithHooks (node:internal/modules/cjs/loader:1129:12)
[2026-08-10 23:53:22.335] [error] at Module._load (node:internal/modules/cjs/loader:1301:5)
[2026-08-10 23:53:22.337] [error] at c._load (node:electron/js2c/node_init:2:18060)
[2026-08-10 23:53:22.339] [error] at wrapModuleLoad (node:internal/modules/cjs/loader:262:19)
[2026-08-10 23:53:22.341] [error] at Module.require (node:internal/modules/cjs/loader:1624:12)
[2026-08-10 23:53:22.342] [error] at require (node:internal/modules/helpers:153:16)
[2026-08-10 23:53:22.344] [error] at Object.<anonymous> (C:\Users\커피에반하다\AppData\Local\Programs\haste-client\resources\app.asar\node_modules\discord.js\src\index.js:3:29) {
[2026-08-10 23:53:22.346] [error] code: 'MODULE_NOT_FOUND',
[2026-08-10 23:53:22.348] [error] requireStack: [
[2026-08-10 23:53:22.349] [error] 'C:\\Users\\커피에반하다\\AppData\\Local\\Programs\\haste-client\\resources\\app.asar\\node_modules\\discord.js\\src\\index.js',
[2026-08-10 23:53:22.353] [error] 'C:\\Users\\커피에반하다\\AppData\\Local\\Programs\\haste-client\\resources\\app.asar\\haste_agent_bridge.js'
[2026-08-10 23:53:22.354] [error] ]
[2026-08-10 23:53:22.358] [error] }
[2026-08-10 23:53:22.362] [error] Node.js v24.18.0
[2026-08-10 23:53:28.078] [error] node:internal/modules/cjs/loader:1527
[2026-08-10 23:53:28.080] [error] throw err;
[2026-08-10 23:53:28.081] [error] ^
[2026-08-10 23:53:28.082] [error] Error: Cannot find module '@discordjs/util'
[2026-08-10 23:53:28.084] [error] Require stack:
[2026-08-10 23:53:28.086] [error] - C:\Users\커피에반하다\AppData\Local\Programs\haste-client\resources\app.asar\node_modules\discord.js\src\index.js
[2026-08-10 23:53:28.088] [error] - C:\Users\커피에반하다\AppData\Local\Programs\haste-client\resources\app.asar\haste_agent_bridge.js
[2026-08-10 23:53:28.090] [error] at Module._resolveFilename (node:internal/modules/cjs/loader:1524:15)
[2026-08-10 23:53:28.091] [error] at wrapResolveFilename (node:internal/modules/cjs/loader:1078:27)
[2026-08-10 23:53:28.093] [error] at defaultResolveImplForCJSLoading (node:internal/modules/cjs/loader:1102:10)
[2026-08-10 23:53:28.095] [error] at resolveForCJSWithHooks (node:internal/modules/cjs/loader:1129:12)
[2026-08-10 23:53:28.096] [error] at Module._load (node:internal/modules/cjs/loader:1301:5)
[2026-08-10 23:53:28.098] [error] at c._load (node:electron/js2c/node_init:2:18060)
[2026-08-10 23:53:28.099] [error] at wrapModuleLoad (node:internal/modules/cjs/loader:262:19)
[2026-08-10 23:53:28.101] [error] at Module.require (node:internal/modules/cjs/loader:1624:12)
[2026-08-10 23:53:28.103] [error] at require (node:internal/modules/helpers:153:16)
[2026-08-10 23:53:28.105] [error] at Object.<anonymous> (C:\Users\커피에반하다\AppData\Local\Programs\haste-client\resources\app.asar\node_modules\discord.js\src\index.js:3:29) {
[2026-08-10 23:53:28.110] [error] code: 'MODULE_NOT_FOUND',
[2026-08-10 23:53:28.111] [error] requireStack: [
[2026-08-10 23:53:28.113] [error] 'C:\\Users\\커피에반하다\\AppData\\Local\\Programs\\haste-client\\resources\\app.asar\\node_modules\\discord.js\\src\\index.js',
[2026-08-10 23:53:28.114] [error] 'C:\\Users\\커피에반하다\\AppData\\Local\\Programs\\haste-client\\resources\\app.asar\\haste_agent_bridge.js'
[2026-08-10 23:53:28.116] [error] ]
[2026-08-10 23:53:28.118] [error] }
[2026-08-10 23:53:28.128] [error] Node.js v24.18.0
[2026-08-10 23:53:34.398] [error] node:internal/modules/cjs/loader:1527
[2026-08-10 23:53:34.399] [error] throw err;
[2026-08-10 23:53:34.401] [error] ^
[2026-08-10 23:53:34.403] [error] Error: Cannot find module '@discordjs/util'
[2026-08-10 23:53:34.405] [error] Require stack:
[2026-08-10 23:53:34.407] [error] - C:\Users\커피에반하다\AppData\Local\Programs\haste-client\resources\app.asar\node_modules\discord.js\src\index.js
[2026-08-10 23:53:34.409] [error] - C:\Users\커피에반하다\AppData\Local\Programs\haste-client\resources\app.asar\haste_agent_bridge.js
[2026-08-10 23:53:34.410] [error] at Module._resolveFilename (node:internal/modules/cjs/loader:1524:15)
[2026-08-10 23:53:34.412] [error] at wrapResolveFilename (node:internal/modules/cjs/loader:1078:27)
[2026-08-10 23:53:34.413] [error] at defaultResolveImplForCJSLoading (node:internal/modules/cjs/loader:1102:10)
[2026-08-10 23:53:34.414] [error] at resolveForCJSWithHooks (node:internal/modules/cjs/loader:1129:12)
[2026-08-10 23:53:34.416] [error] at Module._load (node:internal/modules/cjs/loader:1301:5)
[2026-08-10 23:53:34.418] [error] at c._load (node:electron/js2c/node_init:2:18060)
[2026-08-10 23:53:34.420] [error] at wrapModuleLoad (node:internal/modules/cjs/loader:262:19)
[2026-08-10 23:53:34.422] [error] at Module.require (node:internal/modules/cjs/loader:1624:12)
[2026-08-10 23:53:34.423] [error] at require (node:internal/modules/helpers:153:16)
[2026-08-10 23:53:34.425] [error] at Object.<anonymous> (C:\Users\커피에반하다\AppData\Local\Programs\haste-client\resources\app.asar\node_modules\discord.js\src\index.js:3:29) {
[2026-08-10 23:53:34.427] [error] code: 'MODULE_NOT_FOUND',
[2026-08-10 23:53:34.429] [error] requireStack: [
[2026-08-10 23:53:34.431] [error] 'C:\\Users\\커피에반하다\\AppData\\Local\\Programs\\haste-client\\resources\\app.asar\\node_modules\\discord.js\\src\\index.js',
[2026-08-10 23:53:34.432] [error] 'C:\\Users\\커피에반하다\\AppData\\Local\\Programs\\haste-client\\resources\\app.asar\\haste_agent_bridge.js'
[2026-08-10 23:53:34.433] [error] ]
[2026-08-10 23:53:34.436] [error] }
[2026-08-10 23:53:34.437] [error] Node.js v24.18.0
[2026-08-10 23:53:40.044] [error] node:internal/modules/cjs/loader:1527
[2026-08-10 23:53:40.046] [error] throw err;
[2026-08-10 23:53:40.047] [error] ^
[2026-08-10 23:53:40.049] [error] Error: Cannot find module '@discordjs/util'
[2026-08-10 23:53:40.050] [error] Require stack:
[2026-08-10 23:53:40.051] [error] - C:\Users\커피에반하다\AppData\Local\Programs\haste-client\resources\app.asar\node_modules\discord.js\src\index.js
[2026-08-10 23:53:40.053] [error] - C:\Users\커피에반하다\AppData\Local\Programs\haste-client\resources\app.asar\haste_agent_bridge.js
[2026-08-10 23:53:40.055] [error] at Module._resolveFilename (node:internal/modules/cjs/loader:1524:15)
[2026-08-10 23:53:40.056] [error] at wrapResolveFilename (node:internal/modules/cjs/loader:1078:27)
[2026-08-10 23:53:40.058] [error] at defaultResolveImplForCJSLoading (node:internal/modules/cjs/loader:1102:10)
[2026-08-10 23:53:40.060] [error] at resolveForCJSWithHooks (node:internal/modules/cjs/loader:1129:12)
[2026-08-10 23:53:40.061] [error] at Module._load (node:internal/modules/cjs/loader:1301:5)
[2026-08-10 23:53:40.062] [error] at c._load (node:electron/js2c/node_init:2:18060)
[2026-08-10 23:53:40.063] [error] at wrapModuleLoad (node:internal/modules/cjs/loader:262:19)
[2026-08-10 23:53:40.064] [error] at Module.require (node:internal/modules/cjs/loader:1624:12)
[2026-08-10 23:53:40.066] [error] at require (node:internal/modules/helpers:153:16)
[2026-08-10 23:53:40.069] [error] at Object.<anonymous> (C:\Users\커피에반하다\AppData\Local\Programs\haste-client\resources\app.asar\node_modules\discord.js\src\index.js:3:29) {
[2026-08-10 23:53:40.071] [error] code: 'MODULE_NOT_FOUND',
[2026-08-10 23:53:40.072] [error] requireStack: [
[2026-08-10 23:53:40.073] [error] 'C:\\Users\\커피에반하다\\AppData\\Local\\Programs\\haste-client\\resources\\app.asar\\node_modules\\discord.js\\src\\index.js',
[2026-08-10 23:53:40.082] [error] 'C:\\Users\\커피에반하다\\AppData\\Local\\Programs\\haste-client\\resources\\app.asar\\haste_agent_bridge.js'
[2026-08-10 23:53:40.089] [error] ]
[2026-08-10 23:53:40.091] [error] }
[2026-08-10 23:53:40.092] [error] Node.js v24.18.0
[2026-08-10 23:53:45.545] [error] node:internal/modules/cjs/loader:1527
[2026-08-10 23:53:45.547] [error] throw err;
[2026-08-10 23:53:45.548] [error] ^
[2026-08-10 23:53:45.550] [error] Error: Cannot find module '@discordjs/util'
[2026-08-10 23:53:45.558] [error] Require stack:
[2026-08-10 23:53:45.560] [error] - C:\Users\커피에반하다\AppData\Local\Programs\haste-client\resources\app.asar\node_modules\discord.js\src\index.js
[2026-08-10 23:53:45.561] [error] - C:\Users\커피에반하다\AppData\Local\Programs\haste-client\resources\app.asar\haste_agent_bridge.js
[2026-08-10 23:53:45.563] [error] at Module._resolveFilename (node:internal/modules/cjs/loader:1524:15)
[2026-08-10 23:53:45.565] [error] at wrapResolveFilename (node:internal/modules/cjs/loader:1078:27)
[2026-08-10 23:53:45.566] [error] at defaultResolveImplForCJSLoading (node:internal/modules/cjs/loader:1102:10)
[2026-08-10 23:53:45.567] [error] at resolveForCJSWithHooks (node:internal/modules/cjs/loader:1129:12)
[2026-08-10 23:53:45.570] [error] at Module._load (node:internal/modules/cjs/loader:1301:5)
[2026-08-10 23:53:45.574] [error] at c._load (node:electron/js2c/node_init:2:18060)
[2026-08-10 23:53:45.576] [error] at wrapModuleLoad (node:internal/modules/cjs/loader:262:19)
[2026-08-10 23:53:45.578] [error] at Module.require (node:internal/modules/cjs/loader:1624:12)
[2026-08-10 23:53:45.579] [error] at require (node:internal/modules/helpers:153:16)
[2026-08-10 23:53:45.581] [error] at Object.<anonymous> (C:\Users\커피에반하다\AppData\Local\Programs\haste-client\resources\app.asar\node_modules\discord.js\src\index.js:3:29) {
[2026-08-10 23:53:45.582] [error] code: 'MODULE_NOT_FOUND',
[2026-08-10 23:53:45.583] [error] requireStack: [
[2026-08-10 23:53:45.586] [error] 'C:\\Users\\커피에반하다\\AppData\\Local\\Programs\\haste-client\\resources\\app.asar\\node_modules\\discord.js\\src\\index.js',
[2026-08-10 23:53:45.590] [error] 'C:\\Users\\커피에반하다\\AppData\\Local\\Programs\\haste-client\\resources\\app.asar\\haste_agent_bridge.js'
[2026-08-10 23:53:45.592] [error] ]
[2026-08-10 23:53:45.593] [error] }
[2026-08-10 23:53:45.595] [error] Node.js v24.18.0
[2026-08-10 23:53:51.058] [error] node:internal/modules/cjs/loader:1527
[2026-08-10 23:53:51.061] [error] throw err;
[2026-08-10 23:53:51.062] [error] ^
[2026-08-10 23:53:51.063] [error] Error: Cannot find module '@discordjs/util'
[2026-08-10 23:53:51.065] [error] Require stack:
[2026-08-10 23:53:51.066] [error] - C:\Users\커피에반하다\AppData\Local\Programs\haste-client\resources\app.asar\node_modules\discord.js\src\index.js
[2026-08-10 23:53:51.067] [error] - C:\Users\커피에반하다\AppData\Local\Programs\haste-client\resources\app.asar\haste_agent_bridge.js
[2026-08-10 23:53:51.069] [error] at Module._resolveFilename (node:internal/modules/cjs/loader:1524:15)
[2026-08-10 23:53:51.071] [error] at wrapResolveFilename (node:internal/modules/cjs/loader:1078:27)
[2026-08-10 23:53:51.072] [error] at defaultResolveImplForCJSLoading (node:internal/modules/cjs/loader:1102:10)
[2026-08-10 23:53:51.074] [error] at resolveForCJSWithHooks (node:internal/modules/cjs/loader:1129:12)
[2026-08-10 23:53:51.075] [error] at Module._load (node:internal/modules/cjs/loader:1301:5)
[2026-08-10 23:53:51.076] [error] at c._load (node:electron/js2c/node_init:2:18060)
[2026-08-10 23:53:51.077] [error] at wrapModuleLoad (node:internal/modules/cjs/loader:262:19)
[2026-08-10 23:53:51.077] [error] at Module.require (node:internal/modules/cjs/loader:1624:12)
[2026-08-10 23:53:51.078] [error] at require (node:internal/modules/helpers:153:16)
[2026-08-10 23:53:51.088] [error] at Object.<anonymous> (C:\Users\커피에반하다\AppData\Local\Programs\haste-client\resources\app.asar\node_modules\discord.js\src\index.js:3:29) {
[2026-08-10 23:53:51.090] [error] code: 'MODULE_NOT_FOUND',
[2026-08-10 23:53:51.092] [error] requireStack: [
[2026-08-10 23:53:51.094] [error] 'C:\\Users\\커피에반하다\\AppData\\Local\\Programs\\haste-client\\resources\\app.asar\\node_modules\\discord.js\\src\\index.js',
[2026-08-10 23:53:51.095] [error] 'C:\\Users\\커피에반하다\\AppData\\Local\\Programs\\haste-client\\resources\\app.asar\\haste_agent_bridge.js'
[2026-08-10 23:53:51.097] [error] ]
[2026-08-10 23:53:51.099] [error] }
[2026-08-10 23:53:51.100] [error] Node.js v24.18.0
[2026-08-10 23:53:56.566] [error] node:internal/modules/cjs/loader:1527
[2026-08-10 23:53:56.567] [error] throw err;
[2026-08-10 23:53:56.568] [error] ^
[2026-08-10 23:53:56.570] [error] Error: Cannot find module '@discordjs/util'
[2026-08-10 23:53:56.571] [error] Require stack:
[2026-08-10 23:53:56.573] [error] - C:\Users\커피에반하다\AppData\Local\Programs\haste-client\resources\app.asar\node_modules\discord.js\src\index.js
[2026-08-10 23:53:56.575] [error] - C:\Users\커피에반하다\AppData\Local\Programs\haste-client\resources\app.asar\haste_agent_bridge.js
[2026-08-10 23:53:56.577] [error] at Module._resolveFilename (node:internal/modules/cjs/loader:1524:15)
[2026-08-10 23:53:56.578] [error] at wrapResolveFilename (node:internal/modules/cjs/loader:1078:27)
[2026-08-10 23:53:56.579] [error] at defaultResolveImplForCJSLoading (node:internal/modules/cjs/loader:1102:10)
[2026-08-10 23:53:56.580] [error] at resolveForCJSWithHooks (node:internal/modules/cjs/loader:1129:12)
[2026-08-10 23:53:56.583] [error] at Module._load (node:internal/modules/cjs/loader:1301:5)
[2026-08-10 23:53:56.584] [error] at c._load (node:electron/js2c/node_init:2:18060)
[2026-08-10 23:53:56.586] [error] at wrapModuleLoad (node:internal/modules/cjs/loader:262:19)
[2026-08-10 23:53:56.587] [error] at Module.require (node:internal/modules/cjs/loader:1624:12)
[2026-08-10 23:53:56.588] [error] at require (node:internal/modules/helpers:153:16)
[2026-08-10 23:53:56.591] [error] at Object.<anonymous> (C:\Users\커피에반하다\AppData\Local\Programs\haste-client\resources\app.asar\node_modules\discord.js\src\index.js:3:29) {
[2026-08-10 23:53:56.592] [error] code: 'MODULE_NOT_FOUND',
[2026-08-10 23:53:56.598] [error] requireStack: [
[2026-08-10 23:53:56.600] [error] 'C:\\Users\\커피에반하다\\AppData\\Local\\Programs\\haste-client\\resources\\app.asar\\node_modules\\discord.js\\src\\index.js',
[2026-08-10 23:53:56.606] [error] 'C:\\Users\\커피에반하다\\AppData\\Local\\Programs\\haste-client\\resources\\app.asar\\haste_agent_bridge.js'
[2026-08-10 23:53:56.608] [error] ]
[2026-08-10 23:53:56.609] [error] }
[2026-08-10 23:53:56.611] [error] Node.js v24.18.0
[2026-08-10 23:54:02.055] [error] node:internal/modules/cjs/loader:1527
[2026-08-10 23:54:02.057] [error] throw err;
[2026-08-10 23:54:02.058] [error] ^
[2026-08-10 23:54:02.059] [error] Error: Cannot find module '@discordjs/util'
[2026-08-10 23:54:02.061] [error] Require stack:
[2026-08-10 23:54:02.062] [error] - C:\Users\커피에반하다\AppData\Local\Programs\haste-client\resources\app.asar\node_modules\discord.js\src\index.js
[2026-08-10 23:54:02.062] [error] - C:\Users\커피에반하다\AppData\Local\Programs\haste-client\resources\app.asar\haste_agent_bridge.js
[2026-08-10 23:54:02.064] [error] at Module._resolveFilename (node:internal/modules/cjs/loader:1524:15)
[2026-08-10 23:54:02.066] [error] at wrapResolveFilename (node:internal/modules/cjs/loader:1078:27)
[2026-08-10 23:54:02.069] [error] at defaultResolveImplForCJSLoading (node:internal/modules/cjs/loader:1102:10)
[2026-08-10 23:54:02.070] [error] at resolveForCJSWithHooks (node:internal/modules/cjs/loader:1129:12)
[2026-08-10 23:54:02.072] [error] at Module._load (node:internal/modules/cjs/loader:1301:5)
[2026-08-10 23:54:02.073] [error] at c._load (node:electron/js2c/node_init:2:18060)
[2026-08-10 23:54:02.074] [error] at wrapModuleLoad (node:internal/modules/cjs/loader:262:19)
[2026-08-10 23:54:02.075] [error] at Module.require (node:internal/modules/cjs/loader:1624:12)
[2026-08-10 23:54:02.077] [error] at require (node:internal/modules/helpers:153:16)
[2026-08-10 23:54:02.079] [error] at Object.<anonymous> (C:\Users\커피에반하다\AppData\Local\Programs\haste-client\resources\app.asar\node_modules\discord.js\src\index.js:3:29) {
[2026-08-10 23:54:02.081] [error] code: 'MODULE_NOT_FOUND',
[2026-08-10 23:54:02.082] [error] requireStack: [
[2026-08-10 23:54:02.086] [error] 'C:\\Users\\커피에반하다\\AppData\\Local\\Programs\\haste-client\\resources\\app.asar\\node_modules\\discord.js\\src\\index.js',
[2026-08-10 23:54:02.089] [error] 'C:\\Users\\커피에반하다\\AppData\\Local\\Programs\\haste-client\\resources\\app.asar\\haste_agent_bridge.js'
[2026-08-10 23:54:02.091] [error] ]
[2026-08-10 23:54:02.093] [error] }
[2026-08-10 23:54:02.095] [error] Node.js v24.18.0
[2026-08-10 23:54:07.490] [error] node:internal/modules/cjs/loader:1527
[2026-08-10 23:54:07.490] [error] throw err;
[2026-08-10 23:54:07.491] [error] ^
[2026-08-10 23:54:07.492] [error] Error: Cannot find module '@discordjs/util'
[2026-08-10 23:54:07.492] [error] Require stack:
[2026-08-10 23:54:07.493] [error] - C:\Users\커피에반하다\AppData\Local\Programs\haste-client\resources\app.asar\node_modules\discord.js\src\index.js
[2026-08-10 23:54:07.493] [error] - C:\Users\커피에반하다\AppData\Local\Programs\haste-client\resources\app.asar\haste_agent_bridge.js
[2026-08-10 23:54:07.494] [error] at Module._resolveFilename (node:internal/modules/cjs/loader:1524:15)
[2026-08-10 23:54:07.494] [error] at wrapResolveFilename (node:internal/modules/cjs/loader:1078:27)
[2026-08-10 23:54:07.495] [error] at defaultResolveImplForCJSLoading (node:internal/modules/cjs/loader:1102:10)
[2026-08-10 23:54:07.495] [error] at resolveForCJSWithHooks (node:internal/modules/cjs/loader:1129:12)
[2026-08-10 23:54:07.496] [error] at Module._load (node:internal/modules/cjs/loader:1301:5)
[2026-08-10 23:54:07.496] [error] at c._load (node:electron/js2c/node_init:2:18060)
[2026-08-10 23:54:07.497] [error] at wrapModuleLoad (node:internal/modules/cjs/loader:262:19)
[2026-08-10 23:54:07.497] [error] at Module.require (node:internal/modules/cjs/loader:1624:12)
[2026-08-10 23:54:07.498] [error] at require (node:internal/modules/helpers:153:16)
[2026-08-10 23:54:07.500] [error] at Object.<anonymous> (C:\Users\커피에반하다\AppData\Local\Programs\haste-client\resources\app.asar\node_modules\discord.js\src\index.js:3:29) {
[2026-08-10 23:54:07.500] [error] code: 'MODULE_NOT_FOUND',
[2026-08-10 23:54:07.501] [error] requireStack: [
[2026-08-10 23:54:07.502] [error] 'C:\\Users\\커피에반하다\\AppData\\Local\\Programs\\haste-client\\resources\\app.asar\\node_modules\\discord.js\\src\\index.js',
[2026-08-10 23:54:07.502] [error] 'C:\\Users\\커피에반하다\\AppData\\Local\\Programs\\haste-client\\resources\\app.asar\\haste_agent_bridge.js'
[2026-08-10 23:54:07.503] [error] ]
[2026-08-10 23:54:07.504] [error] }
[2026-08-10 23:54:07.505] [error] Node.js v24.18.0
[2026-08-10 23:54:14.041] [error] node:internal/modules/cjs/loader:1527
[2026-08-10 23:54:14.043] [error] throw err;
[2026-08-10 23:54:14.044] [error] ^
[2026-08-10 23:54:14.045] [error] Error: Cannot find module '@discordjs/util'
[2026-08-10 23:54:14.047] [error] Require stack:
[2026-08-10 23:54:14.049] [error] - C:\Users\커피에반하다\AppData\Local\Programs\haste-client\resources\app.asar\node_modules\discord.js\src\index.js
[2026-08-10 23:54:14.050] [error] - C:\Users\커피에반하다\AppData\Local\Programs\haste-client\resources\app.asar\haste_agent_bridge.js
[2026-08-10 23:54:14.054] [error] at Module._resolveFilename (node:internal/modules/cjs/loader:1524:15)
[2026-08-10 23:54:14.055] [error] at wrapResolveFilename (node:internal/modules/cjs/loader:1078:27)
[2026-08-10 23:54:14.056] [error] at defaultResolveImplForCJSLoading (node:internal/modules/cjs/loader:1102:10)
[2026-08-10 23:54:14.057] [error] at resolveForCJSWithHooks (node:internal/modules/cjs/loader:1129:12)
[2026-08-10 23:54:14.058] [error] at Module._load (node:internal/modules/cjs/loader:1301:5)
[2026-08-10 23:54:14.059] [error] at c._load (node:electron/js2c/node_init:2:18060)
[2026-08-10 23:54:14.061] [error] at wrapModuleLoad (node:internal/modules/cjs/loader:262:19)
[2026-08-10 23:54:14.062] [error] at Module.require (node:internal/modules/cjs/loader:1624:12)
[2026-08-10 23:54:14.064] [error] at require (node:internal/modules/helpers:153:16)
[2026-08-10 23:54:14.065] [error] at Object.<anonymous> (C:\Users\커피에반하다\AppData\Local\Programs\haste-client\resources\app.asar\node_modules\discord.js\src\index.js:3:29) {
[2026-08-10 23:54:14.066] [error] code: 'MODULE_NOT_FOUND',
[2026-08-10 23:54:14.068] [error] requireStack: [
[2026-08-10 23:54:14.070] [error] 'C:\\Users\\커피에반하다\\AppData\\Local\\Programs\\haste-client\\resources\\app.asar\\node_modules\\discord.js\\src\\index.js',
[2026-08-10 23:54:14.072] [error] 'C:\\Users\\커피에반하다\\AppData\\Local\\Programs\\haste-client\\resources\\app.asar\\haste_agent_bridge.js'
[2026-08-10 23:54:14.073] [error] ]
[2026-08-10 23:54:14.075] [error] }
[2026-08-10 23:54:14.077] [error] Node.js v24.18.0
[2026-08-10 23:54:20.863] [error] node:internal/modules/cjs/loader:1527
[2026-08-10 23:54:20.864] [error] throw err;
[2026-08-10 23:54:20.866] [error] ^
[2026-08-10 23:54:20.866] [error] Error: Cannot find module '@discordjs/util'
[2026-08-10 23:54:20.868] [error] Require stack:
[2026-08-10 23:54:20.871] [error] - C:\Users\커피에반하다\AppData\Local\Programs\haste-client\resources\app.asar\node_modules\discord.js\src\index.js
[2026-08-10 23:54:20.872] [error] - C:\Users\커피에반하다\AppData\Local\Programs\haste-client\resources\app.asar\haste_agent_bridge.js
[2026-08-10 23:54:20.874] [error] at Module._resolveFilename (node:internal/modules/cjs/loader:1524:15)
[2026-08-10 23:54:20.875] [error] at wrapResolveFilename (node:internal/modules/cjs/loader:1078:27)
[2026-08-10 23:54:20.877] [error] at defaultResolveImplForCJSLoading (node:internal/modules/cjs/loader:1102:10)
[2026-08-10 23:54:20.878] [error] at resolveForCJSWithHooks (node:internal/modules/cjs/loader:1129:12)
[2026-08-10 23:54:20.879] [error] at Module._load (node:internal/modules/cjs/loader:1301:5)
[2026-08-10 23:54:20.881] [error] at c._load (node:electron/js2c/node_init:2:18060)
[2026-08-10 23:54:20.882] [error] at wrapModuleLoad (node:internal/modules/cjs/loader:262:19)
[2026-08-10 23:54:20.883] [error] at Module.require (node:internal/modules/cjs/loader:1624:12)
[2026-08-10 23:54:20.886] [error] at require (node:internal/modules/helpers:153:16)
[2026-08-10 23:54:20.888] [error] at Object.<anonymous> (C:\Users\커피에반하다\AppData\Local\Programs\haste-client\resources\app.asar\node_modules\discord.js\src\index.js:3:29) {
[2026-08-10 23:54:20.890] [error] code: 'MODULE_NOT_FOUND',
[2026-08-10 23:54:20.891] [error] requireStack: [
[2026-08-10 23:54:20.893] [error] 'C:\\Users\\커피에반하다\\AppData\\Local\\Programs\\haste-client\\resources\\app.asar\\node_modules\\discord.js\\src\\index.js',
[2026-08-10 23:54:20.895] [error] 'C:\\Users\\커피에반하다\\AppData\\Local\\Programs\\haste-client\\resources\\app.asar\\haste_agent_bridge.js'
[2026-08-10 23:54:20.897] [error] ]
[2026-08-10 23:54:20.899] [error] }
[2026-08-10 23:54:20.900] [error] Node.js v24.18.0
[2026-08-10 23:54:27.182] [error] node:internal/modules/cjs/loader:1527
[2026-08-10 23:54:27.185] [error] throw err;
[2026-08-10 23:54:27.187] [error] ^
[2026-08-10 23:54:27.189] [error] Error: Cannot find module '@discordjs/util'
[2026-08-10 23:54:27.191] [error] Require stack:
[2026-08-10 23:54:27.192] [error] - C:\Users\커피에반하다\AppData\Local\Programs\haste-client\resources\app.asar\node_modules\discord.js\src\index.js
[2026-08-10 23:54:27.194] [error] - C:\Users\커피에반하다\AppData\Local\Programs\haste-client\resources\app.asar\haste_agent_bridge.js
[2026-08-10 23:54:27.196] [error] at Module._resolveFilename (node:internal/modules/cjs/loader:1524:15)
[2026-08-10 23:54:27.198] [error] at wrapResolveFilename (node:internal/modules/cjs/loader:1078:27)
[2026-08-10 23:54:27.199] [error] at defaultResolveImplForCJSLoading (node:internal/modules/cjs/loader:1102:10)
[2026-08-10 23:54:27.200] [error] at resolveForCJSWithHooks (node:internal/modules/cjs/loader:1129:12)
[2026-08-10 23:54:27.203] [error] at Module._load (node:internal/modules/cjs/loader:1301:5)
[2026-08-10 23:54:27.205] [error] at c._load (node:electron/js2c/node_init:2:18060)
[2026-08-10 23:54:27.207] [error] at wrapModuleLoad (node:internal/modules/cjs/loader:262:19)
[2026-08-10 23:54:27.208] [error] at Module.require (node:internal/modules/cjs/loader:1624:12)
[2026-08-10 23:54:27.210] [error] at require (node:internal/modules/helpers:153:16)
[2026-08-10 23:54:27.212] [error] at Object.<anonymous> (C:\Users\커피에반하다\AppData\Local\Programs\haste-client\resources\app.asar\node_modules\discord.js\src\index.js:3:29) {
[2026-08-10 23:54:27.213] [error] code: 'MODULE_NOT_FOUND',
[2026-08-10 23:54:27.215] [error] requireStack: [
[2026-08-10 23:54:27.217] [error] 'C:\\Users\\커피에반하다\\AppData\\Local\\Programs\\haste-client\\resources\\app.asar\\node_modules\\discord.js\\src\\index.js',
[2026-08-10 23:54:27.218] [error] 'C:\\Users\\커피에반하다\\AppData\\Local\\Programs\\haste-client\\resources\\app.asar\\haste_agent_bridge.js'
[2026-08-10 23:54:27.220] [error] ]
[2026-08-10 23:54:27.222] [error] }
[2026-08-10 23:54:27.225] [error] Node.js v24.18.0
[2026-08-10 23:54:33.990] [error] node:internal/modules/cjs/loader:1527
[2026-08-10 23:54:33.991] [error] throw err;
[2026-08-10 23:54:33.993] [error] ^
[2026-08-10 23:54:33.994] [error] Error: Cannot find module '@discordjs/util'
[2026-08-10 23:54:33.996] [error] Require stack:
[2026-08-10 23:54:33.998] [error] - C:\Users\커피에반하다\AppData\Local\Programs\haste-client\resources\app.asar\node_modules\discord.js\src\index.js
[2026-08-10 23:54:33.999] [error] - C:\Users\커피에반하다\AppData\Local\Programs\haste-client\resources\app.asar\haste_agent_bridge.js
[2026-08-10 23:54:34.000] [error] at Module._resolveFilename (node:internal/modules/cjs/loader:1524:15)
[2026-08-10 23:54:34.001] [error] at wrapResolveFilename (node:internal/modules/cjs/loader:1078:27)
[2026-08-10 23:54:34.003] [error] at defaultResolveImplForCJSLoading (node:internal/modules/cjs/loader:1102:10)
[2026-08-10 23:54:34.005] [error] at resolveForCJSWithHooks (node:internal/modules/cjs/loader:1129:12)
[2026-08-10 23:54:34.006] [error] at Module._load (node:internal/modules/cjs/loader:1301:5)
[2026-08-10 23:54:34.008] [error] at c._load (node:electron/js2c/node_init:2:18060)
[2026-08-10 23:54:34.009] [error] at wrapModuleLoad (node:internal/modules/cjs/loader:262:19)
[2026-08-10 23:54:34.011] [error] at Module.require (node:internal/modules/cjs/loader:1624:12)
[2026-08-10 23:54:34.011] [error] at require (node:internal/modules/helpers:153:16)
[2026-08-10 23:54:34.012] [error] at Object.<anonymous> (C:\Users\커피에반하다\AppData\Local\Programs\haste-client\resources\app.asar\node_modules\discord.js\src\index.js:3:29) {
[2026-08-10 23:54:34.014] [error] code: 'MODULE_NOT_FOUND',
[2026-08-10 23:54:34.016] [error] requireStack: [
[2026-08-10 23:54:34.016] [error] 'C:\\Users\\커피에반하다\\AppData\\Local\\Programs\\haste-client\\resources\\app.asar\\node_modules\\discord.js\\src\\index.js',
[2026-08-10 23:54:34.018] [error] 'C:\\Users\\커피에반하다\\AppData\\Local\\Programs\\haste-client\\resources\\app.asar\\haste_agent_bridge.js'
[2026-08-10 23:54:34.019] [error] ]
[2026-08-10 23:54:34.021] [error] }
[2026-08-10 23:54:34.023] [error] Node.js v24.18.0
[2026-08-10 23:54:40.180] [error] node:internal/modules/cjs/loader:1527
[2026-08-10 23:54:40.181] [error] throw err;
[2026-08-10 23:54:40.183] [error] ^
[2026-08-10 23:54:40.185] [error] Error: Cannot find module '@discordjs/util'
[2026-08-10 23:54:40.187] [error] Require stack:
[2026-08-10 23:54:40.188] [error] - C:\Users\커피에반하다\AppData\Local\Programs\haste-client\resources\app.asar\node_modules\discord.js\src\index.js
[2026-08-10 23:54:40.190] [error] - C:\Users\커피에반하다\AppData\Local\Programs\haste-client\resources\app.asar\haste_agent_bridge.js
[2026-08-10 23:54:40.191] [error] at Module._resolveFilename (node:internal/modules/cjs/loader:1524:15)
[2026-08-10 23:54:40.192] [error] at wrapResolveFilename (node:internal/modules/cjs/loader:1078:27)
[2026-08-10 23:54:40.193] [error] at defaultResolveImplForCJSLoading (node:internal/modules/cjs/loader:1102:10)
[2026-08-10 23:54:40.195] [error] at resolveForCJSWithHooks (node:internal/modules/cjs/loader:1129:12)
[2026-08-10 23:54:40.196] [error] at Module._load (node:internal/modules/cjs/loader:1301:5)
[2026-08-10 23:54:40.197] [error] at c._load (node:electron/js2c/node_init:2:18060)
[2026-08-10 23:54:40.198] [error] at wrapModuleLoad (node:internal/modules/cjs/loader:262:19)
[2026-08-10 23:54:40.199] [error] at Module.require (node:internal/modules/cjs/loader:1624:12)
[2026-08-10 23:54:40.200] [error] at require (node:internal/modules/helpers:153:16)
[2026-08-10 23:54:40.202] [error] at Object.<anonymous> (C:\Users\커피에반하다\AppData\Local\Programs\haste-client\resources\app.asar\node_modules\discord.js\src\index.js:3:29) {
[2026-08-10 23:54:40.203] [error] code: 'MODULE_NOT_FOUND',
[2026-08-10 23:54:40.204] [error] requireStack: [
[2026-08-10 23:54:40.205] [error] 'C:\\Users\\커피에반하다\\AppData\\Local\\Programs\\haste-client\\resources\\app.asar\\node_modules\\discord.js\\src\\index.js',
[2026-08-10 23:54:40.206] [error] 'C:\\Users\\커피에반하다\\AppData\\Local\\Programs\\haste-client\\resources\\app.asar\\haste_agent_bridge.js'
[2026-08-10 23:54:40.207] [error] ]
[2026-08-10 23:54:40.209] [error] }
[2026-08-10 23:54:40.213] [error] Node.js v24.18.0
[2026-08-10 23:54:45.732] [error] node:internal/modules/cjs/loader:1527
[2026-08-10 23:54:45.734] [error] throw err;
[2026-08-10 23:54:45.736] [error] ^
[2026-08-10 23:54:45.738] [error] Error: Cannot find module '@discordjs/util'
[2026-08-10 23:54:45.739] [error] Require stack:
[2026-08-10 23:54:45.740] [error] - C:\Users\커피에반하다\AppData\Local\Programs\haste-client\resources\app.asar\node_modules\discord.js\src\index.js
[2026-08-10 23:54:45.741] [error] - C:\Users\커피에반하다\AppData\Local\Programs\haste-client\resources\app.asar\haste_agent_bridge.js
[2026-08-10 23:54:45.743] [error] at Module._resolveFilename (node:internal/modules/cjs/loader:1524:15)
[2026-08-10 23:54:45.744] [error] at wrapResolveFilename (node:internal/modules/cjs/loader:1078:27)
[2026-08-10 23:54:45.745] [error] at defaultResolveImplForCJSLoading (node:internal/modules/cjs/loader:1102:10)
[2026-08-10 23:54:45.747] [error] at resolveForCJSWithHooks (node:internal/modules/cjs/loader:1129:12)
[2026-08-10 23:54:45.747] [error] at Module._load (node:internal/modules/cjs/loader:1301:5)
[2026-08-10 23:54:45.748] [error] at c._load (node:electron/js2c/node_init:2:18060)
[2026-08-10 23:54:45.750] [error] at wrapModuleLoad (node:internal/modules/cjs/loader:262:19)
[2026-08-10 23:54:45.753] [error] at Module.require (node:internal/modules/cjs/loader:1624:12)
[2026-08-10 23:54:45.754] [error] at require (node:internal/modules/helpers:153:16)
[2026-08-10 23:54:45.756] [error] at Object.<anonymous> (C:\Users\커피에반하다\AppData\Local\Programs\haste-client\resources\app.asar\node_modules\discord.js\src\index.js:3:29) {
[2026-08-10 23:54:45.757] [error] code: 'MODULE_NOT_FOUND',
[2026-08-10 23:54:45.758] [error] requireStack: [
[2026-08-10 23:54:45.759] [error] 'C:\\Users\\커피에반하다\\AppData\\Local\\Programs\\haste-client\\resources\\app.asar\\node_modules\\discord.js\\src\\index.js',
[2026-08-10 23:54:45.761] [error] 'C:\\Users\\커피에반하다\\AppData\\Local\\Programs\\haste-client\\resources\\app.asar\\haste_agent_bridge.js'
[2026-08-10 23:54:45.762] [error] ]
[2026-08-10 23:54:45.764] [error] }
[2026-08-10 23:54:45.766] [error] Node.js v24.18.0
[2026-08-10 23:54:51.319] [error] node:internal/modules/cjs/loader:1527
[2026-08-10 23:54:51.321] [error] throw err;
[2026-08-10 23:54:51.322] [error] ^
[2026-08-10 23:54:51.324] [error] Error: Cannot find module '@discordjs/util'
[2026-08-10 23:54:51.325] [error] Require stack:
[2026-08-10 23:54:51.327] [error] - C:\Users\커피에반하다\AppData\Local\Programs\haste-client\resources\app.asar\node_modules\discord.js\src\index.js
[2026-08-10 23:54:51.329] [error] - C:\Users\커피에반하다\AppData\Local\Programs\haste-client\resources\app.asar\haste_agent_bridge.js
[2026-08-10 23:54:51.330] [error] at Module._resolveFilename (node:internal/modules/cjs/loader:1524:15)
[2026-08-10 23:54:51.332] [error] at wrapResolveFilename (node:internal/modules/cjs/loader:1078:27)
[2026-08-10 23:54:51.334] [error] at defaultResolveImplForCJSLoading (node:internal/modules/cjs/loader:1102:10)
[2026-08-10 23:54:51.336] [error] at resolveForCJSWithHooks (node:internal/modules/cjs/loader:1129:12)
[2026-08-10 23:54:51.338] [error] at Module._load (node:internal/modules/cjs/loader:1301:5)
[2026-08-10 23:54:51.340] [error] at c._load (node:electron/js2c/node_init:2:18060)
[2026-08-10 23:54:51.341] [error] at wrapModuleLoad (node:internal/modules/cjs/loader:262:19)
[2026-08-10 23:54:51.343] [error] at Module.require (node:internal/modules/cjs/loader:1624:12)
[2026-08-10 23:54:51.344] [error] at require (node:internal/modules/helpers:153:16)
[2026-08-10 23:54:51.346] [error] at Object.<anonymous> (C:\Users\커피에반하다\AppData\Local\Programs\haste-client\resources\app.asar\node_modules\discord.js\src\index.js:3:29) {
[2026-08-10 23:54:51.349] [error] code: 'MODULE_NOT_FOUND',
[2026-08-10 23:54:51.350] [error] requireStack: [
[2026-08-10 23:54:51.357] [error] 'C:\\Users\\커피에반하다\\AppData\\Local\\Programs\\haste-client\\resources\\app.asar\\node_modules\\discord.js\\src\\index.js',
[2026-08-10 23:54:51.359] [error] 'C:\\Users\\커피에반하다\\AppData\\Local\\Programs\\haste-client\\resources\\app.asar\\haste_agent_bridge.js'
[2026-08-10 23:54:51.360] [error] ]
[2026-08-10 23:54:51.362] [error] }
[2026-08-10 23:54:51.363] [error] Node.js v24.18.0
[2026-08-10 23:54:57.115] [error] node:internal/modules/cjs/loader:1527
[2026-08-10 23:54:57.116] [error] throw err;
[2026-08-10 23:54:57.120] [error] ^
[2026-08-10 23:54:57.121] [error] Error: Cannot find module '@discordjs/util'
[2026-08-10 23:54:57.123] [error] Require stack:
[2026-08-10 23:54:57.124] [error] - C:\Users\커피에반하다\AppData\Local\Programs\haste-client\resources\app.asar\node_modules\discord.js\src\index.js
[2026-08-10 23:54:57.125] [error] - C:\Users\커피에반하다\AppData\Local\Programs\haste-client\resources\app.asar\haste_agent_bridge.js
[2026-08-10 23:54:57.126] [error] at Module._resolveFilename (node:internal/modules/cjs/loader:1524:15)
[2026-08-10 23:54:57.127] [error] at wrapResolveFilename (node:internal/modules/cjs/loader:1078:27)
[2026-08-10 23:54:57.129] [error] at defaultResolveImplForCJSLoading (node:internal/modules/cjs/loader:1102:10)
[2026-08-10 23:54:57.131] [error] at resolveForCJSWithHooks (node:internal/modules/cjs/loader:1129:12)
[2026-08-10 23:54:57.132] [error] at Module._load (node:internal/modules/cjs/loader:1301:5)
[2026-08-10 23:54:57.134] [error] at c._load (node:electron/js2c/node_init:2:18060)
[2026-08-10 23:54:57.136] [error] at wrapModuleLoad (node:internal/modules/cjs/loader:262:19)
[2026-08-10 23:54:57.138] [error] at Module.require (node:internal/modules/cjs/loader:1624:12)
[2026-08-10 23:54:57.140] [error] at require (node:internal/modules/helpers:153:16)
[2026-08-10 23:54:57.141] [error] at Object.<anonymous> (C:\Users\커피에반하다\AppData\Local\Programs\haste-client\resources\app.asar\node_modules\discord.js\src\index.js:3:29) {
[2026-08-10 23:54:57.143] [error] code: 'MODULE_NOT_FOUND',
[2026-08-10 23:54:57.146] [error] requireStack: [
[2026-08-10 23:54:57.147] [error] 'C:\\Users\\커피에반하다\\AppData\\Local\\Programs\\haste-client\\resources\\app.asar\\node_modules\\discord.js\\src\\index.js',
[2026-08-10 23:54:57.149] [error] 'C:\\Users\\커피에반하다\\AppData\\Local\\Programs\\haste-client\\resources\\app.asar\\haste_agent_bridge.js'
[2026-08-10 23:54:57.151] [error] ]
[2026-08-10 23:54:57.153] [error] }
[2026-08-10 23:54:57.155] [error] Node.js v24.18.0
[2026-08-10 23:55:02.745] [error] node:internal/modules/cjs/loader:1527
[2026-08-10 23:55:02.747] [error] throw err;
[2026-08-10 23:55:02.748] [error] ^
[2026-08-10 23:55:02.750] [error] Error: Cannot find module '@discordjs/util'
[2026-08-10 23:55:02.753] [error] Require stack:
[2026-08-10 23:55:02.755] [error] - C:\Users\커피에반하다\AppData\Local\Programs\haste-client\resources\app.asar\node_modules\discord.js\src\index.js
[2026-08-10 23:55:02.757] [error] - C:\Users\커피에반하다\AppData\Local\Programs\haste-client\resources\app.asar\haste_agent_bridge.js
[2026-08-10 23:55:02.759] [error] at Module._resolveFilename (node:internal/modules/cjs/loader:1524:15)
[2026-08-10 23:55:02.760] [error] at wrapResolveFilename (node:internal/modules/cjs/loader:1078:27)
[2026-08-10 23:55:02.762] [error] at defaultResolveImplForCJSLoading (node:internal/modules/cjs/loader:1102:10)
[2026-08-10 23:55:02.764] [error] at resolveForCJSWithHooks (node:internal/modules/cjs/loader:1129:12)
[2026-08-10 23:55:02.765] [error] at Module._load (node:internal/modules/cjs/loader:1301:5)
[2026-08-10 23:55:02.767] [error] at c._load (node:electron/js2c/node_init:2:18060)
[2026-08-10 23:55:02.768] [error] at wrapModuleLoad (node:internal/modules/cjs/loader:262:19)
[2026-08-10 23:55:02.770] [error] at Module.require (node:internal/modules/cjs/loader:1624:12)
[2026-08-10 23:55:02.774] [error] at require (node:internal/modules/helpers:153:16)
[2026-08-10 23:55:02.778] [error] at Object.<anonymous> (C:\Users\커피에반하다\AppData\Local\Programs\haste-client\resources\app.asar\node_modules\discord.js\src\index.js:3:29) {
[2026-08-10 23:55:02.780] [error] code: 'MODULE_NOT_FOUND',
[2026-08-10 23:55:02.781] [error] requireStack: [
[2026-08-10 23:55:02.783] [error] 'C:\\Users\\커피에반하다\\AppData\\Local\\Programs\\haste-client\\resources\\app.asar\\node_modules\\discord.js\\src\\index.js',
[2026-08-10 23:55:02.787] [error] 'C:\\Users\\커피에반하다\\AppData\\Local\\Programs\\haste-client\\resources\\app.asar\\haste_agent_bridge.js'
[2026-08-10 23:55:02.788] [error] ]
[2026-08-10 23:55:02.790] [error] }
[2026-08-10 23:55:02.793] [error] Node.js v24.18.0
[2026-08-10 23:55:08.212] [error] node:internal/modules/cjs/loader:1527
[2026-08-10 23:55:08.213] [error] throw err;
[2026-08-10 23:55:08.213] [error] ^
[2026-08-10 23:55:08.214] [error] Error: Cannot find module '@discordjs/util'
[2026-08-10 23:55:08.215] [error] Require stack:
[2026-08-10 23:55:08.215] [error] - C:\Users\커피에반하다\AppData\Local\Programs\haste-client\resources\app.asar\node_modules\discord.js\src\index.js
[2026-08-10 23:55:08.216] [error] - C:\Users\커피에반하다\AppData\Local\Programs\haste-client\resources\app.asar\haste_agent_bridge.js
[2026-08-10 23:55:08.216] [error] at Module._resolveFilename (node:internal/modules/cjs/loader:1524:15)
[2026-08-10 23:55:08.217] [error] at wrapResolveFilename (node:internal/modules/cjs/loader:1078:27)
[2026-08-10 23:55:08.223] [error] at defaultResolveImplForCJSLoading (node:internal/modules/cjs/loader:1102:10)
[2026-08-10 23:55:08.224] [error] at resolveForCJSWithHooks (node:internal/modules/cjs/loader:1129:12)
[2026-08-10 23:55:08.224] [error] at Module._load (node:internal/modules/cjs/loader:1301:5)
[2026-08-10 23:55:08.225] [error] at c._load (node:electron/js2c/node_init:2:18060)
[2026-08-10 23:55:08.226] [error] at wrapModuleLoad (node:internal/modules/cjs/loader:262:19)
[2026-08-10 23:55:08.226] [error] at Module.require (node:internal/modules/cjs/loader:1624:12)
[2026-08-10 23:55:08.227] [error] at require (node:internal/modules/helpers:153:16)
[2026-08-10 23:55:08.228] [error] at Object.<anonymous> (C:\Users\커피에반하다\AppData\Local\Programs\haste-client\resources\app.asar\node_modules\discord.js\src\index.js:3:29) {
[2026-08-10 23:55:08.229] [error] code: 'MODULE_NOT_FOUND',
[2026-08-10 23:55:08.229] [error] requireStack: [
[2026-08-10 23:55:08.230] [error] 'C:\\Users\\커피에반하다\\AppData\\Local\\Programs\\haste-client\\resources\\app.asar\\node_modules\\discord.js\\src\\index.js',
[2026-08-10 23:55:08.231] [error] 'C:\\Users\\커피에반하다\\AppData\\Local\\Programs\\haste-client\\resources\\app.asar\\haste_agent_bridge.js'
[2026-08-10 23:55:08.232] [error] ]
[2026-08-10 23:55:08.233] [error] }
[2026-08-10 23:55:08.236] [error] Node.js v24.18.0
[2026-08-10 23:55:13.527] [error] node:internal/modules/cjs/loader:1527
[2026-08-10 23:55:13.528] [error] throw err;
[2026-08-10 23:55:13.529] [error] ^
[2026-08-10 23:55:13.529] [error] Error: Cannot find module '@discordjs/util'
[2026-08-10 23:55:13.530] [error] Require stack:
[2026-08-10 23:55:13.530] [error] - C:\Users\커피에반하다\AppData\Local\Programs\haste-client\resources\app.asar\node_modules\discord.js\src\index.js
[2026-08-10 23:55:13.531] [error] - C:\Users\커피에반하다\AppData\Local\Programs\haste-client\resources\app.asar\haste_agent_bridge.js
[2026-08-10 23:55:13.532] [error] at Module._resolveFilename (node:internal/modules/cjs/loader:1524:15)
[2026-08-10 23:55:13.532] [error] at wrapResolveFilename (node:internal/modules/cjs/loader:1078:27)
[2026-08-10 23:55:13.533] [error] at defaultResolveImplForCJSLoading (node:internal/modules/cjs/loader:1102:10)
[2026-08-10 23:55:13.534] [error] at resolveForCJSWithHooks (node:internal/modules/cjs/loader:1129:12)
[2026-08-10 23:55:13.535] [error] at Module._load (node:internal/modules/cjs/loader:1301:5)
[2026-08-10 23:55:13.536] [error] at c._load (node:electron/js2c/node_init:2:18060)
[2026-08-10 23:55:13.537] [error] at wrapModuleLoad (node:internal/modules/cjs/loader:262:19)
[2026-08-10 23:55:13.537] [error] at Module.require (node:internal/modules/cjs/loader:1624:12)
[2026-08-10 23:55:13.538] [error] at require (node:internal/modules/helpers:153:16)
[2026-08-10 23:55:13.538] [error] at Object.<anonymous> (C:\Users\커피에반하다\AppData\Local\Programs\haste-client\resources\app.asar\node_modules\discord.js\src\index.js:3:29) {
[2026-08-10 23:55:13.539] [error] code: 'MODULE_NOT_FOUND',
[2026-08-10 23:55:13.539] [error] requireStack: [
[2026-08-10 23:55:13.540] [error] 'C:\\Users\\커피에반하다\\AppData\\Local\\Programs\\haste-client\\resources\\app.asar\\node_modules\\discord.js\\src\\index.js',
[2026-08-10 23:55:13.541] [error] 'C:\\Users\\커피에반하다\\AppData\\Local\\Programs\\haste-client\\resources\\app.asar\\haste_agent_bridge.js'
[2026-08-10 23:55:13.541] [error] ]
[2026-08-10 23:55:13.542] [error] }
[2026-08-10 23:55:13.542] [error] Node.js v24.18.0
[2026-08-10 23:55:18.826] [error] node:internal/modules/cjs/loader:1527
[2026-08-10 23:55:18.827] [error] throw err;
[2026-08-10 23:55:18.828] [error] ^
[2026-08-10 23:55:18.829] [error] Error: Cannot find module '@discordjs/util'
[2026-08-10 23:55:18.829] [error] Require stack:
[2026-08-10 23:55:18.830] [error] - C:\Users\커피에반하다\AppData\Local\Programs\haste-client\resources\app.asar\node_modules\discord.js\src\index.js
[2026-08-10 23:55:18.830] [error] - C:\Users\커피에반하다\AppData\Local\Programs\haste-client\resources\app.asar\haste_agent_bridge.js
[2026-08-10 23:55:18.831] [error] at Module._resolveFilename (node:internal/modules/cjs/loader:1524:15)
[2026-08-10 23:55:18.831] [error] at wrapResolveFilename (node:internal/modules/cjs/loader:1078:27)
[2026-08-10 23:55:18.832] [error] at defaultResolveImplForCJSLoading (node:internal/modules/cjs/loader:1102:10)
[2026-08-10 23:55:18.833] [error] at resolveForCJSWithHooks (node:internal/modules/cjs/loader:1129:12)
[2026-08-10 23:55:18.833] [error] at Module._load (node:internal/modules/cjs/loader:1301:5)
[2026-08-10 23:55:18.834] [error] at c._load (node:electron/js2c/node_init:2:18060)
[2026-08-10 23:55:18.834] [error] at wrapModuleLoad (node:internal/modules/cjs/loader:262:19)
[2026-08-10 23:55:18.835] [error] at Module.require (node:internal/modules/cjs/loader:1624:12)
[2026-08-10 23:55:18.836] [error] at require (node:internal/modules/helpers:153:16)
[2026-08-10 23:55:18.836] [error] at Object.<anonymous> (C:\Users\커피에반하다\AppData\Local\Programs\haste-client\resources\app.asar\node_modules\discord.js\src\index.js:3:29) {
[2026-08-10 23:55:18.837] [error] code: 'MODULE_NOT_FOUND',
[2026-08-10 23:55:18.837] [error] requireStack: [
[2026-08-10 23:55:18.838] [error] 'C:\\Users\\커피에반하다\\AppData\\Local\\Programs\\haste-client\\resources\\app.asar\\node_modules\\discord.js\\src\\index.js',
[2026-08-10 23:55:18.838] [error] 'C:\\Users\\커피에반하다\\AppData\\Local\\Programs\\haste-client\\resources\\app.asar\\haste_agent_bridge.js'
[2026-08-10 23:55:18.839] [error] ]
[2026-08-10 23:55:18.839] [error] }
[2026-08-10 23:55:18.840] [error] Node.js v24.18.0