[2026-08-15 19:18:43.046] [info]  [HASTE DB Load] Loaded settings from SQLite database successfully. StoreName: "미인증", StoreNo: "unknown", ThemeMode: "Light", KioskType: "SAMSUNG", isKioskDryRun: "false"
[2026-08-15 19:18:44.083] [info]  [HASTE DB Security] Databases locked dynamically on disk after mount.
[2026-08-15 19:18:44.165] [info]  [app] event=app.startup status=started appVersion=3.1.0-t5 packaged=true
[2026-08-15 19:18:44.264] [info]  [HASTE Setup] Unactivated device detected. Launching Setup Wizard Window only (skipping main subscriptions and schedulers).
[2026-08-15 19:18:47.977] [info]  [HASTE Menu DB Init] haste_menu.db established successfully.
[2026-08-15 19:18:48.034] [info]  [HASTE DB Security] Locked on disk: haste_menu.db
[2026-08-15 19:19:12.608] [info]  [HASTE DB Load] Loaded settings from SQLite database successfully. StoreName: "미인증", StoreNo: "unknown", ThemeMode: "Light", KioskType: "SAMSUNG", isKioskDryRun: "false"
[2026-08-15 19:19:12.883] [info]  [HASTE DB Security] Databases closed and locked successfully on exit.
[2026-08-15 19:19:12.938] [info]  [HASTE DB Security] Databases locked dynamically on disk after mount.
[2026-08-15 19:19:43.943] [info]  [task] [HASTE Auto-Store Download Auth] Authenticating Phone: "01074779363" via cafehaste.com
[2026-08-15 19:19:44.426] [info]  [task] [HASTE Store Info Downloaded] Store: "김포운양역점" (075575), Owner: 김성규
[2026-08-15 19:19:44.430] [info]  [HASTE DB Save] Settings category "information" has been updated and saved to SQLite successfully.
[2026-08-15 19:19:44.431] [info]  [task] [HASTE 100% STORE BOUND] Saved to haste_sys.db: StoreNo: 075575, Name: 김포운양역점
[2026-08-15 19:19:44.638] [info]  [HASTE DB Save] Settings category "information" has been updated and saved to SQLite successfully.
[2026-08-15 19:19:44.645] [info]  [HASTE Common Config IPC] Updating store config: adminPin -> "811381"
[2026-08-15 19:19:44.650] [info]  [HASTE DB Save] Settings category "information" has been updated and saved to SQLite successfully.
[2026-08-15 19:19:44.651] [info]  [HASTE Common Config IPC] Successfully updated store config: adminPin
[2026-08-15 19:20:02.735] [error] [task] [HASTE Simulate] Recipe validation failed: no such table: SETTINGS
[2026-08-15 19:20:04.279] [info]  [HASTE Restore] Triggering partial overwrite for HARDWARE CONFIG settings only...
[2026-08-15 19:20:04.283] [info]  [HASTE DB Save] Settings category "coffee" has been updated and saved to SQLite successfully.
[2026-08-15 19:20:04.285] [info]  [HASTE DB Save] Settings category "cup" has been updated and saved to SQLite successfully.
[2026-08-15 19:20:04.287] [info]  [HASTE DB Save] Settings category "parts" has been updated and saved to SQLite successfully.
[2026-08-15 19:20:04.290] [info]  [HASTE DB Save] Settings category "serialport" has been updated and saved to SQLite successfully.
[2026-08-15 19:20:04.293] [info]  [HASTE DB Save] Settings category "sirubs" has been updated and saved to SQLite successfully.
[2026-08-15 19:20:04.295] [info]  [HASTE DB Save] Settings category "water" has been updated and saved to SQLite successfully.
[2026-08-15 19:20:04.296] [info]  [HASTE DB Save] Settings category "unexpected" has been updated and saved to SQLite successfully.
[2026-08-15 19:20:04.298] [info]  [HASTE DB Save] Settings category "information" has been updated and saved to SQLite successfully.
[2026-08-15 19:20:04.299] [info]  [HASTE DB Save] Settings category "inventory" has been updated and saved to SQLite successfully.
[2026-08-15 19:20:04.302] [info]  [HASTE DB Save] Settings category "coffee" has been updated and saved to SQLite successfully.
[2026-08-15 19:20:04.306] [info]  [HASTE DB Save] Settings category "cup" has been updated and saved to SQLite successfully.
[2026-08-15 19:20:04.307] [info]  [HASTE Restore Success] Forcing physical serial port reconnection...
[2026-08-15 19:20:04.309] [info]  [serialport] [serialport] event=serialport.connect status=started scope=all
[2026-08-15 19:20:04.313] [info]  [HASTE DB Restore] Settings backup restored and applied successfully. Path: "unknown_stream", AppliedCategories: [all_settings]
[2026-08-15 19:20:04.314] [info]  [HASTE DB Sync] Reloading memory settingsStore from SQLite database...
[2026-08-15 19:20:04.327] [info]  [HASTE DB Load] Loaded settings from SQLite database successfully. StoreName: "김포운양역점", StoreNo: "303735353735", ThemeMode: "Light", KioskType: "SAMSUNG", isKioskDryRun: "false"
[2026-08-15 19:20:04.328] [info]  [task] [HASTE Manual Commit] Manual config commit to DB completed successfully.
[2026-08-15 19:20:04.415] [info]  [HASTE DB Save] Settings category "information" has been updated and saved to SQLite successfully.
[2026-08-15 19:20:04.416] [info]  [HASTE DB Save] Settings category "information" has been updated and saved to SQLite successfully.
[2026-08-15 19:20:04.418] [info]  [HASTE DB Save] Settings category "information" has been updated and saved to SQLite successfully.
[2026-08-15 19:20:04.465] [info]  [HASTE Product DB] Populated 656 Master Standard products into haste_product.db
[2026-08-15 19:20:04.467] [info]  [HASTE Common Menu IPC] 1:1 single menu import for productNo: undefined
[2026-08-15 19:20:04.468] [info]  [HASTE Common Menu IPC] store:menu:delete for item undefined
[2026-08-15 19:20:04.469] [info]  [HASTE Common Menu IPC] store:menu:update for item undefined
[2026-08-15 19:20:04.471] [info]  [HASTE Common Menu IPC] store:menu:update for item undefined
[2026-08-15 19:20:04.472] [info]  [HASTE Common Menu IPC] store:menu:delete for item undefined
[2026-08-15 19:20:04.473] [info]  [HASTE Common Recipe IPC] store:standard:recipe:get for productNo undefined
[2026-08-15 19:20:04.474] [info]  [HASTE Common Menu IPC] bulk update for 0 items
[2026-08-15 19:20:04.475] [info]  [HASTE Common Menu IPC] 1:1 copy all standard recipes to active menu table
[2026-08-15 19:20:04.483] [info]  [HASTE Common Recipe IPC] store:standard:recipe:get for productNo undefined
[2026-08-15 19:20:04.485] [debug] [serialport] [serialport] event=serialport.connect status=success boardName=board1 port=COM6
[2026-08-15 19:20:04.490] [debug] [serialport] [serialport] event=serialport.connect status=success boardName=board2 port=COM7
[2026-08-15 19:20:04.524] [debug] [serialport] [serialport] event=serialport.packet status=success boardName=board1 length=24 message="bytearray(b'\\x020A1DCP0201A00101A10344\\x03')"
[2026-08-15 19:20:04.558] [info]  [HASTE DB Security] Locked on disk: haste_product.db
[2026-08-15 19:20:04.575] [debug] [serialport] [serialport] event=serialport.packet status=success boardName=board1 length=24 message="bytearray(b'\\x020A1DPC0200A00101A00342\\x03')"
[2026-08-15 19:20:04.577] [debug] [serialport] [serialport] event=serialport.packet.parse status=success boardName=board1 message="{\"isValidStx\":true,\"isValidEtx\":true,\"isValidDst\":true,\"isValidSrc\":true,\"isValidLength\":true,\"fnc\":\"1\",\"act\":\"D\",\"data\":{\"0\":48,\"1\":50,\"2\":48,\"3\":48,\"4\":65,\"5\":48,\"6\":48,\"7\":49,\"8\":48,\"9\":49,\"10\":65,\"11\":48,\"12\":48,\"13\":51,\"14\":52},\"values\":[\"02\",\"00\",\"A0\",\"01\",\"01\",\"A0\",\"03\"],\"part\":{},\"isValidChecksum\":true}"
[2026-08-15 19:20:04.714] [info]  [HASTE DB Save] Settings category "information" has been updated and saved to SQLite successfully.
[2026-08-15 19:20:18.024] [info]  [HASTE Standard Sync] Manual standard menu & recipe sync triggered via GUI.
[2026-08-15 19:20:18.026] [info]  [HASTE Toss Sync] Filtering standard recipes with: Cup=MV, Hopper1=D_SAVE (D), Hopper2=N_SAVE (N) -> Selected 218 items.
[2026-08-15 19:20:18.032] [info]  [HASTE Master Sync] Synced 218 store-tailored standard items (Cup: MV, Hopper1: D_SAVE, Hopper2: N_SAVE) with syrup pump calibration to haste_menu.db
[2026-08-15 19:20:18.032] [info]  [HASTE Standard Sync] Success! Synced 218 recipes directly from haste_product.db to haste_menu.db.
[2026-08-15 19:20:46.142] [info]  [HASTE Standard Sync] Manual standard menu & recipe sync triggered via GUI.
[2026-08-15 19:20:46.144] [info]  [HASTE Toss Sync] Filtering standard recipes with: Cup=MV, Hopper1=D_SAVE (D), Hopper2=N_SAVE (N) -> Selected 218 items.
[2026-08-15 19:20:46.149] [info]  [HASTE Master Sync] Synced 218 store-tailored standard items (Cup: MV, Hopper1: D_SAVE, Hopper2: N_SAVE) with syrup pump calibration to haste_menu.db
[2026-08-15 19:20:46.150] [info]  [HASTE Standard Sync] Success! Synced 218 recipes directly from haste_product.db to haste_menu.db.
[2026-08-15 19:21:16.395] [error] [task] [HASTE Simulate] Recipe validation failed: no such table: SETTINGS