[2026-09-28 08:58:46.453] [info]  🔒 [HASTE Pinmap Lock] Preserved store customized syrup pinmap (25 slots) under strict immutability rule. Context: initSettingsStore
[2026-09-28 08:58:46.469] [info]  [HASTE Menu Alignment] Active store syrups (12 registered, maxSlots: 24): [수박, 오렌지, 바나나, 흑당, 자몽, 설탕, 헤이즐넛, 에너지, 레몬, 오미자, 슈크림, 얼그레이]
[2026-09-28 08:58:46.476] [info]  [HASTE Menu Alignment] 🔴 Deactivated missing syrup menu: "아샷추" (MDI1003) -> is_purchasable = 0
[2026-09-28 08:58:46.477] [info]  [HASTE Menu Alignment] 🔴 Deactivated missing syrup menu: "더블아샷추" (MDI1004) -> is_purchasable = 0
[2026-09-28 08:58:46.478] [info]  [HASTE Menu Alignment] 🔴 Deactivated missing syrup menu: "바닐라라떼" (MDI2003) -> is_purchasable = 0
[2026-09-28 08:58:46.479] [info]  [HASTE Menu Alignment] 🔴 Deactivated missing syrup menu: "카라멜마끼아또" (MDI2005) -> is_purchasable = 0
[2026-09-28 08:58:46.480] [info]  [HASTE Menu Alignment] 🔴 Deactivated missing syrup menu: "카페모카" (MDI2006) -> is_purchasable = 0
[2026-09-28 08:58:46.481] [info]  [HASTE Menu Alignment] 🔴 Deactivated missing syrup menu: "밤샷라떼" (MDI2010) -> is_purchasable = 0
[2026-09-28 08:58:46.482] [info]  [HASTE Menu Alignment] 🔴 Deactivated missing syrup menu: "군고구마샷라떼" (MDI2011) -> is_purchasable = 0
[2026-09-28 08:58:46.489] [info]  [HASTE Menu Alignment] 🔴 Deactivated missing syrup menu: "녹차샷라떼" (MDI2012) -> is_purchasable = 0
[2026-09-28 08:58:46.490] [info]  [HASTE Menu Alignment] 🔴 Deactivated missing syrup menu: "말차샷라떼" (MDI2013) -> is_purchasable = 0
[2026-09-28 08:58:46.491] [info]  [HASTE Menu Alignment] 🔴 Deactivated missing syrup menu: "민트샷라떼" (MDI2014) -> is_purchasable = 0
[2026-09-28 08:58:46.492] [info]  [HASTE Menu Alignment] 🔴 Deactivated missing syrup menu: "군고구마초코라떼" (MMI3000) -> is_purchasable = 0
[2026-09-28 08:58:46.493] [info]  [HASTE Menu Alignment] 🔴 Deactivated missing syrup menu: "녹차초코라떼" (MMI3001) -> is_purchasable = 0
[2026-09-28 08:58:46.493] [info]  [HASTE Menu Alignment] 🔴 Deactivated missing syrup menu: "딸기초코라떼" (MMI3002) -> is_purchasable = 0
[2026-09-28 08:58:46.494] [info]  [HASTE Menu Alignment] 🔴 Deactivated missing syrup menu: "말차초코라떼" (MMI3003) -> is_purchasable = 0
[2026-09-28 08:58:46.496] [info]  [HASTE Menu Alignment] 🔴 Deactivated missing syrup menu: "민트초코라떼" (MMI3004) -> is_purchasable = 0
[2026-09-28 08:58:46.498] [info]  [HASTE Menu Alignment] 🔴 Deactivated missing syrup menu: "초코밀크티" (MMI3005) -> is_purchasable = 0
[2026-09-28 08:58:46.499] [info]  [HASTE Menu Alignment] 🔴 Deactivated missing syrup menu: "초코라떼" (MMI3006) -> is_purchasable = 0
[2026-09-28 08:58:46.500] [info]  [HASTE Menu Alignment] 🔴 Deactivated missing syrup menu: "군고구마말차라떼" (MMI3007) -> is_purchasable = 0
[2026-09-28 08:58:46.503] [info]  [HASTE Menu Alignment] 🔴 Deactivated missing syrup menu: "말차라떼" (MMI3008) -> is_purchasable = 0
[2026-09-28 08:58:46.511] [info]  [HASTE Menu Alignment] 🔴 Deactivated missing syrup menu: "딸기라떼" (MMI3009) -> is_purchasable = 0
[2026-09-28 08:58:46.512] [info]  [HASTE Menu Alignment] 🔴 Deactivated missing syrup menu: "바나나초코라떼" (MMI3011) -> is_purchasable = 0
[2026-09-28 08:58:46.514] [info]  [HASTE Menu Alignment] 🔴 Deactivated missing syrup menu: "군고구마라떼" (MMI3012) -> is_purchasable = 0
[2026-09-28 08:58:46.515] [info]  [HASTE Menu Alignment] 🔴 Deactivated missing syrup menu: "밤초코라떼" (MMI3013) -> is_purchasable = 0
[2026-09-28 08:58:46.517] [info]  [HASTE Menu Alignment] 🔴 Deactivated missing syrup menu: "밤군고구마라떼" (MMI3014) -> is_purchasable = 0
[2026-09-28 08:58:46.519] [info]  [HASTE Menu Alignment] 🔴 Deactivated missing syrup menu: "밤얼그레이라떼" (MMI3015) -> is_purchasable = 0
[2026-09-28 08:58:46.521] [info]  [HASTE Menu Alignment] 🔴 Deactivated missing syrup menu: "밤라떼" (MMI3016) -> is_purchasable = 0
[2026-09-28 08:58:46.522] [info]  [HASTE Menu Alignment] 🔴 Deactivated missing syrup menu: "군고구마녹차라떼" (MMI3017) -> is_purchasable = 0
[2026-09-28 08:58:46.523] [info]  [HASTE Menu Alignment] 🔴 Deactivated missing syrup menu: "군고구마카라멜라떼" (MMI3018) -> is_purchasable = 0
[2026-09-28 08:58:46.524] [info]  [HASTE Menu Alignment] 🔴 Deactivated missing syrup menu: "녹차헤이즐넛라떼" (MMI3019) -> is_purchasable = 0
[2026-09-28 08:58:46.525] [info]  [HASTE Menu Alignment] 🔴 Deactivated missing syrup menu: "녹차라떼" (MMI3020) -> is_purchasable = 0
[2026-09-28 08:58:46.526] [info]  [HASTE Menu Alignment] 🔴 Deactivated missing syrup menu: "딸기바나나라떼" (MMI3021) -> is_purchasable = 0
[2026-09-28 08:58:46.528] [info]  [HASTE Menu Alignment] 🔴 Deactivated missing syrup menu: "딸기슈크림라떼" (MMI3022) -> is_purchasable = 0
[2026-09-28 08:58:46.529] [info]  [HASTE Menu Alignment] 🔴 Deactivated missing syrup menu: "민트라떼" (MMI3023) -> is_purchasable = 0
[2026-09-28 08:58:46.531] [info]  [HASTE Menu Alignment] 🔴 Deactivated missing syrup menu: "바나나카라멜라떼" (MMI3024) -> is_purchasable = 0
[2026-09-28 08:58:46.532] [info]  [HASTE Menu Alignment] 🔴 Deactivated missing syrup menu: "바닐라카라멜라떼" (MMI3026) -> is_purchasable = 0
[2026-09-28 08:58:46.534] [info]  [HASTE Menu Alignment] 🔴 Deactivated missing syrup menu: "오렌지바닐라라떼" (MMI3029) -> is_purchasable = 0
[2026-09-28 08:58:46.539] [info]  [HASTE Menu Alignment] 🔴 Deactivated missing syrup menu: "오렌지카라멜라떼" (MMI3030) -> is_purchasable = 0
[2026-09-28 08:58:46.540] [info]  [HASTE Menu Alignment] 🔴 Deactivated missing syrup menu: "초코헤이즐넛라떼" (MMI3031) -> is_purchasable = 0
[2026-09-28 08:58:46.541] [info]  [HASTE Menu Alignment] 🔴 Deactivated missing syrup menu: "카라멜헤이즐넛" (MMI3032) -> is_purchasable = 0
[2026-09-28 08:58:46.543] [info]  [HASTE Menu Alignment] 🔴 Deactivated missing syrup menu: "플럼바닐라라떼" (MMI3033) -> is_purchasable = 0
[2026-09-28 08:58:46.544] [info]  [HASTE Menu Alignment] 🔴 Deactivated missing syrup menu: "딸기자몽에이드" (MAI4002) -> is_purchasable = 0
[2026-09-28 08:58:46.545] [info]  [HASTE Menu Alignment] 🔴 Deactivated missing syrup menu: "청포도에이드" (MAI4006) -> is_purchasable = 0
[2026-09-28 08:58:46.546] [info]  [HASTE Menu Alignment] 🔴 Deactivated missing syrup menu: "자두에이드" (MAI4007) -> is_purchasable = 0
[2026-09-28 08:58:46.547] [info]  [HASTE Menu Alignment] 🔴 Deactivated missing syrup menu: "딸기에이드" (MAI4009) -> is_purchasable = 0
[2026-09-28 08:58:46.549] [info]  [HASTE Menu Alignment] 🔴 Deactivated missing syrup menu: "레몬딸기에이드" (MAI4010) -> is_purchasable = 0
[2026-09-28 08:58:46.553] [info]  [HASTE Menu Alignment] 🔴 Deactivated missing syrup menu: "복숭아에이드" (MAI4013) -> is_purchasable = 0
[2026-09-28 08:58:46.555] [info]  [HASTE Menu Alignment] 🔴 Deactivated missing syrup menu: "오렌지피치에이드" (MAI4015) -> is_purchasable = 0
[2026-09-28 08:58:46.556] [info]  [HASTE Menu Alignment] 🔴 Deactivated missing syrup menu: "플럼피치에이드" (MAI4018) -> is_purchasable = 0
[2026-09-28 08:58:46.557] [info]  [HASTE Menu Alignment] 🔴 Deactivated missing syrup menu: "피치딸기에이드" (MAI4019) -> is_purchasable = 0
[2026-09-28 08:58:46.559] [info]  [HASTE Menu Alignment] 🔴 Deactivated missing syrup menu: "허니레몬블랙에이드" (MAI4020) -> is_purchasable = 0
[2026-09-28 08:58:46.560] [info]  [HASTE Menu Alignment] 🔴 Deactivated missing syrup menu: "허니자몽블랙에이드" (MAI4021) -> is_purchasable = 0
[2026-09-28 08:58:46.561] [info]  [HASTE Menu Alignment] 🔴 Deactivated missing syrup menu: "복숭아티" (MTI5000) -> is_purchasable = 0
[2026-09-28 08:58:46.562] [info]  [HASTE Menu Alignment] 🔴 Deactivated missing syrup menu: "딸기레몬얼그레이티" (MTI5004) -> is_purchasable = 0
[2026-09-28 08:58:46.563] [info]  [HASTE Menu Alignment] 🔴 Deactivated missing syrup menu: "딸기밀크티" (MTI5005) -> is_purchasable = 0
[2026-09-28 08:58:46.564] [info]  [HASTE Menu Alignment] 🔴 Deactivated missing syrup menu: "딸기티" (MTI5006) -> is_purchasable = 0
[2026-09-28 08:58:46.568] [info]  [HASTE Menu Alignment] 🔴 Deactivated missing syrup menu: "오렌지민트차" (MTI5010) -> is_purchasable = 0
[2026-09-28 08:58:46.570] [info]  [HASTE Menu Alignment] 🔴 Deactivated missing syrup menu: "자두차" (MTI5012) -> is_purchasable = 0
[2026-09-28 08:58:46.571] [info]  [HASTE Menu Alignment] 🔴 Deactivated missing syrup menu: "피치민트차" (MTI5014) -> is_purchasable = 0
[2026-09-28 08:58:46.572] [info]  [HASTE Menu Alignment] 🔴 Deactivated missing syrup menu: "피치오렌지자몽블랙티" (MTI5015) -> is_purchasable = 0
[2026-09-28 08:58:46.574] [info]  [HASTE Menu Alignment] 🔴 Deactivated missing syrup menu: "허니레몬블랙티" (MTI5016) -> is_purchasable = 0
[2026-09-28 08:58:46.575] [info]  [HASTE Menu Alignment] 🔴 Deactivated missing syrup menu: "허니자몽블랙티" (MTI5017) -> is_purchasable = 0
[2026-09-28 08:58:46.578] [info]  [HASTE Menu Alignment Completed] Activated: 0, Deactivated: 61
[2026-09-28 08:58:46.585] [info]  [HASTE DB Load] Loaded settings from SQLite database successfully. StoreName: "김포집", StoreNo: "010-1234-5678", ThemeMode: "Light", isKioskDryRun: "false"
[2026-09-28 08:58:48.011] [info]  [app] event=app.startup status=started appVersion=3.3.1r353 packaged=false
[2026-09-28 08:58:48.364] [info]  [app] event=app.window status=success
[2026-09-28 08:58:48.468] [info]  [app] event=app.tray status=success
[2026-09-28 08:58:48.470] [info]  [app] event=updater.check status=ignored reason=store_managed_distribution
[2026-09-28 08:58:48.487] [info]  [app] event=app.ipc status=success
[2026-09-28 08:58:48.523] [info]  [app] event=task.start status=success
[2026-09-28 08:58:48.525] [debug] [api] [api] event=settings.change status=success port=8080 posStoreNo=010-1234-5678 deviceModelId=D0000
[2026-09-28 08:58:48.529] [info]  [api] [HASTE] Found SSL Certificates at: C:\Users\김성규\Desktop\HASTE-AI\src\cafehaste-client\src\lilly-electron\resources
[2026-09-28 08:58:48.543] [info]  [api] [HASTE] Started HTTP Hono Server on port 8080 (Toss Place HTTP Mode).
[2026-09-28 08:58:48.548] [info]  [api] [HASTE] Started HTTPS Hono Server on port 8443 (Toss Kiosk Mode).
[2026-09-28 08:58:48.551] [debug] [api] [api] event=api.server status=success port=8080 host=0.0.0.0
[2026-09-28 08:58:48.554] [debug] [coffee] [SYS:OP_402] STAT:200 [H:HASTE_ENC:01d64a034baddeeb4731a641:6eb074d8251beb3232a3e97e12444f1e:fdaac23a57f40282786eba50de1d6bbbb5bfcc996ca9bd0de7b88c0172d4e5fc57814467863227c218b675f8069788f11abc856e69cab623518b6d929567e643ec7498676e5bed4152994a26ab9feb9f8dac4d64]
[2026-09-28 08:58:48.561] [debug] [coffee] [SYS:OP_402] STAT:200 [H:HASTE_ENC:c55a386a2995faf475ba7230:597b3ce613efdc18b8d738912edd721f:ad520e71825f96dddd9e90b763931fe22613acb5c2d1c390825765ec65c31d3618c4a4904946715c360c663b9acc8992]
[2026-09-28 08:58:48.565] [debug] [api] [api] event=did.callback status=ignored reason=local_did_not_open screen=temperature
[2026-09-28 08:58:48.574] [info]  [HASTE DB Save] Settings category "inventory" has been updated and saved to SQLite successfully.
[2026-09-28 08:58:48.580] [info]  [HASTE DB Save] Settings category "inventory" has been updated and saved to SQLite successfully.
[2026-09-28 08:58:48.585] [info]  [HASTE DB Save] Settings category "inventory" has been updated and saved to SQLite successfully.
[2026-09-28 08:58:48.590] [info]  [HASTE DB Save] Settings category "inventory" has been updated and saved to SQLite successfully.
[2026-09-28 08:58:48.592] [debug] [api] [HASTE Theme Sync] Applied local UI theme: isDark=false
[2026-09-28 08:58:48.595] [debug] [api] [api] event=did.callback status=started target=local screen=main
[2026-09-28 08:58:48.598] [info]  [app] event=app.startup status=success message="subscriptions registered"
[2026-09-28 08:58:48.601] [debug] [task] [SYS:OP_601] STAT:200 [H:HASTE_ENC:2832bf27cfbd4b3a883bdb7c:c8f46395e0ecbe9a23824a45f8c9eb6e:7284cc02edaed41531bbeb53569f089a856c10ccd84897131a53bad7acd23cbb772a189cc648483fa8adc0925d1210b57638f582c365b01b00f3b0372932f3066bece27a543090459c8b2bee38f89bb530a205a02b971c3d8e755ec1622b7fb25b5be120bd41b319566c3d49eec8f6]
[2026-09-28 08:58:48.608] [info]  [HASTE Foamer Schedule] No foamer/milk history today (fresh install / daily first boot). Triggering initial rinse in 5s!
[2026-09-28 08:58:48.612] [debug] [task] [SYS:OP_601] STAT:200 [H:HASTE_ENC:3b6d29adaa31409142efa293:de566ee6cfcae7e70784f7a987f0586d:fd37d78073193428aff46974a33a20717cef9e8a75cfc6894efac2397959f118be852f6912d7aacef02c12a5302bf429ebdcc978608adbf7c09fc14604010e3af41067ec6d537b8d2788e1bfa86661748e09fdda5b99bd505c909151528afb373b8dd0c720f33b]
[2026-09-28 08:58:48.615] [debug] [task] [SYS:OP_601] STAT:200 [H:HASTE_ENC:879093408e5d7999e405e281:1c5113764dcba8289587bbf9ace2bd37:692afd54843afdf7e8618b5aea6ca00b89c9ee5f788459683d4bcbd4f5194e535b0ee629283f0f9d79ed1ed6127bda9e7e4a5e7aff7bc744d60d008d5b13a56a876dc3bea290a0c76df422be2d80cbe712ed3549ac0c1c7f821d254e51002691557e13334f0bc932]
[2026-09-28 08:58:48.619] [debug] [task] [SYS:OP_601] STAT:200 [H:HASTE_ENC:7b7f7d03cdb140ac612becf3:3a4cc4d05556dadd5b004c0c6d3e66dc:1a7520f7b69604cd7e68566f4d8a0c836a62e6a561357c021fe67110c1dbfb1de3b520c4e49f8eea4d201e075a7dd409451a20e62dd53295ef1f6442b18d3565117dc488e485020255b8c6792888cb8719ea5fd8509e4f52b8ca8c7fc3a646720fef1d5b7ff9dc11c15cde5e]
[2026-09-28 08:58:48.622] [debug] [task] [SYS:OP_601] STAT:200 [H:HASTE_ENC:475d9f2065462e3ba7428150:7f4e1d03dceef35c891530f8878423df:001720e3389d820efb2e48278f084148698167956fa8b2d0c4520115cceaebb88f282f368cb4032e3646d41eca771b1a2560954d227389c342bb25167ccc7853a69cf06c1e509ef3a290b36366ab5af2946d9533fa2d6cd97f1ab9ec5d5ac6c0c56f92f2f23d1f7e510d]
[2026-09-28 08:58:48.627] [debug] [task] [SYS:OP_601] STAT:200 [H:HASTE_ENC:8e9080ddb1750a404566213c:bccf238ef5e709042d467a543b907136:f9d4f99b7a5dc25724ec07b6383653611275296e360442e1c9cff7881dba0e458844bbbdbcea6e6912ebeeb529545772e8e7303d2917d4f375f240ddf9fe1e1b2200aa24e5c8233709a2319cc3c06929182a9cb21fc14c2668c4e18a9f2bf33e97a683720d0b34d927]
[2026-09-28 08:58:48.629] [debug] [app] event=scheduler.change status=success routine=license.verify intervalSec=86400
[2026-09-28 08:58:48.630] [info]  [app] event=app.startup status=success message="schedulers registered"
[2026-09-28 08:58:48.636] [info]  [HASTE Guard] enableHasteAgent is false (OFF). Skipping agent bot launch.
[2026-09-28 08:58:48.637] [info]  [HASTE Official Auto-Updater] Initialized background auto-updater (Target hotpatches & Official releases).
[2026-09-28 08:58:48.654] [debug] [api] [HASTE DevTools Sync] Current window DevTools opened state: false, Target state: false
[2026-09-28 08:58:48.721] [debug] [coffee] [SYS:OP_402] STAT:200 [H:HASTE_ENC:808623574d3d1838bbdacfed:f90fa7438578c9849dd2a6af17b40b1f:b46088a01919ddf4aa121f83e9a001e73e0d84a508973176294f5d68f2153c85dfb3362a329c1d648a1ab5c539e862a174d9aba22392817477fabc0a3a039b291f5a4f74d93634188de0cc295262c8ac398e52cba371fae9569e8ab0f48461dc6ce4bdd9ab2e53f3c3a4a0d09fcab6c3c52e2e4029de]
[2026-09-28 08:58:49.144] [info]  [HASTE DB Save] Settings category "information" has been updated and saved to SQLite successfully.
[2026-09-28 08:58:49.192] [info]  [HASTE DB Save] Settings category "information" has been updated and saved to SQLite successfully.
[2026-09-28 08:58:49.202] [info]  [app] event=license.verify status=success state=approved storeId=010-1234-5678
[2026-09-28 08:58:49.645] [info]  [task] [SYS:OP_601] STAT:200 [H:HASTE_ENC:ab43609830ca6464681c4bf4:3e5962e3c7190c208a489f153d52dd8a:c541bc1c894f14cd14fa66af6068e49a0efccb1f949e7b389a008a629c30bff0201fe1358ccfe4d319e99194b2508a57d087f851d6111feefa3eb9671db3ebc556593e9ff58c8d876fc887f71da748eb14a824d45e9261790158fe46d8a445275cc57550090360ad599676eddc7b]
[2026-09-28 08:58:50.336] [info]  [task] [SYS:OP_601] STAT:200 [H:HASTE_ENC:2301e84a122450889507b356:89b4b36731ab3ac254170a694358591e:ae8ca59a1967190ae2fa13de782e74caa732ab46770af065f3fd86cc55a011f63f9dc355a066747045854b6a008c88528c32342e902e987e84b3cb997d91c72c60f614ea6904a172f1dfae8a5953]
[2026-09-28 08:58:50.639] [info]  [HASTE Startup Auto-Rescue] Serialport incomplete after boot. Executing 1-shot automatic refresh reconnection...
[2026-09-28 08:58:50.641] [info]  [serialport] [serialport] event=serialport.connect status=started scope=all
[2026-09-28 08:58:50.649] [error] [serialport] [serialport] event=serialport.error status=failed reason=port_error boardName=board1 port=COM6 message="Opening COM6: File not found"
[2026-09-28 08:58:50.653] [error] [serialport] [serialport] event=serialport.error status=failed reason=port_error boardName=board2 port=COM7 message="Opening COM7: File not found"
[2026-09-28 08:58:52.244] [debug] [task] [SYS:OP_601] STAT:200 [H:HASTE_ENC:93c175e67a6fc5d089652c64:86f26abdcbd387459b043ce82bbf9f50:a3f5cb6a1889e38d99cb5cb7c851b5184af8d2c122ae45e7d08f1609f8e26b729649167af09cabef63a9b753a02e2d9002055f57a4832c02a8a1e096def5bcba653cace314012522804e5bfcb0793ebb487047753b13f644ddbcec09de97be6d42ddd3a4ea75dfb860739bb5142c913801005d5e690c18fb5b2d3b26f1855826866d4d3d90d92290a2554c60985e0e1c45c140642fc6e1265978585a11df]
[2026-09-28 08:58:52.326] [debug] [task] [SYS:OP_601] STAT:200 [H:HASTE_ENC:961856a40f58ddc22440d74f:3d835a9dc33f7f51e1b663e987d66a37:90157d84a7b9d5ea92c411f7282c858222472064f2095d83e68ae7e04e18d9cc78424fc2c7a5b2349e7a57698f89918131494f54f4042433afa7cdf229a9d16e32ea5edfbb0bd06037aeac4607b1f45b5bab6fa4b33c1099fa37f618e0fe8286a91c5fdb175bc325472c41179e87bf88d6]
[2026-09-28 08:58:52.336] [info]  [HASTE Auto-DID] Successfully auto-launched dual DIDs for approved store "010-1234-5678"!
[2026-09-28 08:58:53.566] [info]  [coffee] [SYS:OP_402] STAT:200 [H:HASTE_ENC:37568216bd085b364e3b8c47:fb161491c2062f967f7cd80c32a6ab3e:f3e8fb4a0fd02bf31282a82a9f6e2adbbb4797178c2754a005bb50a8ffcbf26364ed230f51b99772912a312f9da277cd6c41af63e5928db9cb5895f7dae232ba4d234a76c33634f751aedf11cfd6e3b75ed6b54239ac21a253a3b37a35837e]
[2026-09-28 08:58:53.574] [error] [coffee] [SYS:OP_402] STAT:200 [H:HASTE_ENC:adde5826b93c915976f67fc5:5e5961c53510d9c68c576d1b160c613c:17ddb1050a12e6be227b53e2eca4b7f2c65e7a05cd4055ddb31f0d3f21848a9e38bc011e3d7e1e0c8b3475dae71b3b206a84dd85ff8a78e13af3465064c38ba14e5c5d35ae92290b2ea616b00325644c84c38d736beefe0bdd78b2108c0194fcf5469c744ae798838b361dd206adc524326d8da690423764b4dc10c1bb26b6c0e693e1b76fcaab7801b6d7ef2530f5b1304ab845785e0699c64239eee1e478b2f7221159ce5375cf22c6d236fd365d70c504a22a592c8d9e02b4e0b57f]
[2026-09-28 08:58:53.578] [error] [coffee] [SYS:OP_402] STAT:200 [H:HASTE_ENC:224a26f8f775ef39259a2215:d34f670abf9c72e219bab14a899dcdfc:a9716ae58339c23b55a0071cd38305834254eb60bbe0ecaf9617548ffeadfb34c70762c64b3aa0ac77fdc11a7b5aab7cfd08ccbd838545340c578db1bef0a28a95a34ce8f2561f8b76def3ba0f379b2f6315ea01648ef06b003bc11577ed0db2604ffbfef4c01372166c6d10fdf4e55b0c72b9327e3132d7dc6f389c47e59604eaded9737ff8285a159b0d]
[2026-09-28 08:58:53.738] [debug] [coffee] [SYS:OP_402] STAT:200 [H:HASTE_ENC:569cadad302f62b14c4023d3:acbf1c3f0e842b806e076a5028c3729e:744e34958a8b1195404420b1c768d27e940a421a344231aa45924efb2782365b86350446c460f0ce5610ec80dcc6849a671660e40ac8e380b5e2f1cc3524c607e2ce6f015e802ea57550a2e71018c87cae11ddb4e70802e2e14793d173e780d8e055355738c1980babc245d9896fceacd74177d865de]
[2026-09-28 08:58:58.748] [error] [coffee] [SYS:OP_402] STAT:200 [H:HASTE_ENC:22f873fc1f8a74f265c3dae0:2bbbe491dd53d4ac1aea8f505d10f92d:1baeefc5a50755501913581a383a8280ff26f06b8cc7b926b84e659e71d78a32232a5f4dd08feccec94121af99b5083cb46733fb5baaf1890ca1ae6a6fd9add933527887f86eb399d63ba493a0909f69e0d75a6400ea1dac0ea3895b1232c837bf2b4b3507f5acb4963986d40f67c34c4a7ba3fa4e62f83af43d3daa4e1af5351a0a309aa7c5e95664]
[2026-09-28 08:58:58.754] [error] [coffee] [SYS:OP_402] STAT:200 [H:HASTE_ENC:c33d6f69e9394c86085e12a3:8f3c15bc1eba1f8372f0e24d76563a36:5d4339cf70e32b03c7c4442f7b350522be5111c0f985dce2f53fa39a687368a901d82e4f7db25fffd55d7cb2b144c0110fea0e041570e4708abbeb7927da7ce9b9b412b79c859064001b1d510c33f4f57dd5b4cbf87ae2fe7de12736ff5260df08590da89eb3edf44e34edc829537d287dc09f070cb55a29ea605dbf7e7a4756701339e373d70460a651d3]
[2026-09-28 08:58:58.757] [error] [coffee] [SYS:OP_402] STAT:200 [H:HASTE_ENC:ccb0ffda3a9ea3daa5382124:e1ae30ba21a5f666e996b4558d5b1b44:1b814cd2c8172e42ae01259266820c34b7b2e60e7b5e22c6a0d8fb355f01f4057f7aa25c0a7fd3da6fbc46804743aef7d2acd6e2f7ea096b5071a03ed7453dc83fdfd206653fe18641db180f87ce94d0abefd53d33ac068957a0404639b99d16e71272988df7eb03767333fe7a98c607bfddef824eb9c0600b75435477e96583e1e3156c8e4406be5743314313df37f154e11ec609794043168fb32aae29355f14f93c7e4903c0e1dd1ea967ee736014fc5d4f64f7e626ab2f2de0f1f0]
[2026-09-28 08:59:00.539] [info]  [HASTE Menu Alignment] Active store syrups (12 registered, maxSlots: 24): [수박, 오렌지, 바나나, 흑당, 자몽, 설탕, 헤이즐넛, 에너지, 레몬, 오미자, 슈크림, 얼그레이]
[2026-09-28 08:59:00.544] [info]  [HASTE Menu Alignment Completed] Activated: 0, Deactivated: 0
[2026-09-28 08:59:00.561] [info]  [HASTE Menu Alignment] Active store syrups (12 registered, maxSlots: 24): [수박, 오렌지, 바나나, 흑당, 자몽, 설탕, 헤이즐넛, 에너지, 레몬, 오미자, 슈크림, 얼그레이]
[2026-09-28 08:59:00.566] [info]  [HASTE Menu Alignment Completed] Activated: 0, Deactivated: 0
[2026-09-28 08:59:03.583] [info]  [coffee] [SYS:OP_402] STAT:200 [H:HASTE_ENC:ae21de152d11c8083a775071:a590a9cf5d2f0e15fa564836b646165a:d7b8bc1816fd167097ff159cfe63a30fbcfdf85d13b817fa3a3b57544a0652c8688e3a00da15398be2fdead25c6420bb1ec42bb1679a3843daf0383b233b2b88b88fdaa8af0c7a2d176f2c192d9153f3b610f04899963e2d88a0ba02fbbf9b]
[2026-09-28 08:59:03.741] [debug] [coffee] [SYS:OP_402] STAT:200 [H:HASTE_ENC:14f7d75a9dd499635a125688:94c293c90b69352968619084017d0093:3df12dbc0c160e42e961a5bd0cbdf4bac3499647cc7c5f6b03f57fc58ab81a583a73e801e6623fff68007f6d6c4d0db9a7078da3924c9864e5410f54e062af434db92b443a92ca4da2e010873eb05e601b1145d1d4dd47fc4dd88f897acbbffc1a897516ba54a8e57efa40232b2382d39613225f6a30]
[2026-09-28 08:59:08.748] [error] [coffee] [SYS:OP_402] STAT:200 [H:HASTE_ENC:1f6a805992e0ebe0c1b3c6e5:792f2884c682541ff8803986eb115b7b:632ec2981fe9cf2f2db1f7d509a238179afbc0d14d0db635b28cf31c7c120aad226eab7d87340caf97ac9af5a61509b90983126acb0436d0af8726026dbfebcbe701f906610e8ba42af7ff661f3c8a4473a95516ca5a27b51fbdddeae94258aab01df6571b7de877bbc394f3315d843e98b5ed078a567a05f7b8048090846a54b367f2b605ed13b61d]
[2026-09-28 08:59:08.752] [error] [coffee] [SYS:OP_402] STAT:200 [H:HASTE_ENC:9a893d061bbbb72e516a98d9:b350d41cdedce9e8eeff16d7e46fbc18:65f33899b2d2d68f795455c4311d520bc09b83f4fc563db9328e95ebd8e838877f1af6cc09f57e3f5c5248b9df000e2cebd9d1e612efaec25b91b58e16eba867d2e909d2ff470fb3caa06bfb042921cdc24098f2808b0ffd79d755856299cf9ec7d9bb68334c1fc5a2ebf9de5d20f5d1b705b8a04867f42fbc05ba786cd19d8e99477e54d6abae770c2223]
[2026-09-28 08:59:08.755] [error] [coffee] [SYS:OP_402] STAT:200 [H:HASTE_ENC:f671111c6c8f8730fbb5a744:d3ab4355ff9482079b38182ab51e6211:5364705a9d3c4d9503bcb2fe74b356062e7db47003bce28ec0b509b9c738e10ec9508760fd0fc0b4962f65003d2f7a510e81a2dce7c53ada03031bd446c6edde9e69a1413552f55d920be4d28d531bfa5b47b7b1fff8ab1720d39d96b81e0fa301d65b1b289334d4b8a818dc7c28a792cbe6509c7a723f2072789405fdbf8138793c55195a95a26eaffad7815e85152e647e096a5cf2bffb5b3264d53351766066498bdf8ca45815252457e76877ae027b58c7fa5c4d9575ba6970c12f]
[2026-09-28 08:59:13.600] [info]  [coffee] [SYS:OP_402] STAT:200 [H:HASTE_ENC:8964145410d0b892b947961c:7149e28bfc8aa5be2d9cbd3d9dfe76d4:b113f405b6654c772917b0de85e369c177d4d357176a6e71db55f8508b7613e95f18deb45cd1ddb86e961631991342dbf2faa655b0b471600a9fbc6ea09f5a1b9dac86614f1da5ad598ae2162f68ed103d9e30a63c4cf46c4fa5da0ad0f796]
[2026-09-28 08:59:13.757] [debug] [coffee] [SYS:OP_402] STAT:200 [H:HASTE_ENC:993374afa6c7857779986320:d7acd75f7879111dc4510d4ec0fd4db2:91a683c49f3213ac6b371228d353e1eb546785e23d8e25dde52e51755b7a79cad667e661f9d4f5655e81ffb2ff3fa4be2e5303253a4adceeee45fb1bee3ea06357c93a7d5f1b2174db3f369621c3c4a9ec5b423331cdba7d7da0e99d8c2d88f52c526082a94a71375f45f281e23fde63a7ceb0e5fa91]
[2026-09-28 08:59:18.765] [error] [coffee] [SYS:OP_402] STAT:200 [H:HASTE_ENC:a5de9ff5ff2e63350e3c0c07:f0b835e9c5da0be6706d6dc677d0b560:bf85ae88ebe65686661a5d7ecd06c45a19b0f911d0af0fe6eee15c5925716d40b40fbcdbbef788c4257d51990522473ab45359e29aa58f5f665a14e64e921531073ac6d5d33711ab00a6d346fc2a92604bab0fd892a9217444d8c49d7179689cefe678029dd89745d2d3cb1fa52f9aded29f47e1cc1156116ed5cc82dc84286d9073b7f3d3193f7ca5]
[2026-09-28 08:59:18.769] [error] [coffee] [SYS:OP_402] STAT:200 [H:HASTE_ENC:e963d97647cea587c12431a3:28eb58c015b5bba6fff5e4773a2b051a:6a6421871e1a5fecd8d31f76aace6bd2d509620cc18a771060b9322e2d5504a111c4cad38de5edc55e75deeef301921c49c3ad4674e8780ae795e821233b8906687a6a66b84491c1c36f68884309822b9e2a25bc239ed239a190d7cc70f5710d5346972cea0a902e2b1a3697c8927b6086a28d4d7c600497305164192a1bc55857b67e86977fcdd1ac7515]
[2026-09-28 08:59:18.772] [error] [coffee] [SYS:OP_402] STAT:200 [H:HASTE_ENC:e6f115fff6736b3f6b400b20:887b71311fda0822925c2738c01c2a96:f6c97f9567b39b5b96e1abbe8ac8da7bddf72e168248c8dc6f3e8e9abc472c0ca004f54ae886bac3176c1de2e563cf70aa0aed89509bae8109baff71991a6d8ea3a0cd941c69cb5c6d2ebfa024147c29e4b4281167d4ff66feafb4cb1663228cd53f513ef8603893b60817643303c181558714de3714ab6a165980ee26d9bb6a16f28effe08f0ba5cc25cbc4c1c77a71544910b145f2d3db250b3c35a897959d2aeed89c709ac96187f1ef68f896480e70959a178cb37f03dc6aa48b28]
[2026-09-28 08:59:23.613] [info]  [coffee] [SYS:OP_402] STAT:200 [H:HASTE_ENC:ca1f173102bcf3ea2ed71806:9bbc3c459f1f8791803287f94daed3de:00df89d7060f9f52a22e8dbeaf48441f4743b2d0b550a1cfdc1c21db58f1a5c739833e15d44f0812716907129268468e71d03f53b4ec4917061544f75beffcb0a345992c1fe3fa56b220d589bf220861bfb3957879cf458917d01097f90a5d]
[2026-09-28 08:59:23.772] [debug] [coffee] [SYS:OP_402] STAT:200 [H:HASTE_ENC:701163a7a1ee937c45417cf4:df4f3eba9f25548f41268e7534614f73:cecbdc63f362991937bb73dbb475c9842be78f6f30278d4705b387db437361250c45c4835ee92ecfb198eb627f10a97902f52465fb607200fbc438ebcba5585a0381d1d09edfeb786cfdffe3e21563620ce02dfeec0bae7300b6bc883f37ccf6de7f0a314450efe4cf8638a8f089b6ea599c94821643]
[2026-09-28 08:59:28.788] [error] [coffee] [SYS:OP_402] STAT:200 [H:HASTE_ENC:0d86a062e5705e1dcbcc752e:d32c4e6cfb8125ae9682858f6b866c4c:30890d66c7b74c5e249868e8f45ca5c5dce95469b95c6cdf8cd0088e3b0565505dd707c0235aab847da491070a0b07d8d0fce423420c9137c0673e2c59a9ecbf415a5956f2914589212a522356bd70341527010979fb0c4e5ec93af9753d53d4ad5db14d6084adcf40817a5f408eb9d73771e1825f0ce51b7b2d268f54e60bf5baf7657b7e514997e0]
[2026-09-28 08:59:28.792] [error] [coffee] [SYS:OP_402] STAT:200 [H:HASTE_ENC:4b354a9fb47849b605b52c4d:c6e1c30d88941a45f0871ba2fdc88579:7eb89e63bb85ddd7f71a93b4f6cb3bfb59b62fac6fefb4e25b6f1cbd936859916252098589d1f91cac6ebe94df3347ec36429343af088bf039ddebdc463f600dec2b6e3e886bf8b95a979101dbe4e6fba090cc5cade02609e655859bc09003d29b30b2ad4d9cb6ebca958711d390979d000f4f98d64d55337ce423becf5c6436bd415ee9ee76931f1c21ae]
[2026-09-28 08:59:28.795] [error] [coffee] [SYS:OP_402] STAT:200 [H:HASTE_ENC:5543c7a0ecf532806f1bd2f6:f7a7187b5b889c0ffbd1052baf11def5:2f9ed1349b982ad7f0bd2202ca79caa571caefaa294bebd23151ae656db594a684c23c3064c1c40cf97836154a17bd44ca4fb701b02b2f1d1ae1aa5dee8a35867b5a9082aed3248f2a0a3f3426cafc3c68e63935e636bed4bfb2e16dd55506a761e499451bcf33a766eb139c84e448ed0598fb52dc8b379eb1ca977aa18845645145afb788e239fccc3be80b71d1440ddc8f6525a84f9b69aaa0a5e98b54f5054e0287dbbd99320c4f1b70a6637af4b0ac8d4b9721829d1a4588ee0f6b]
[2026-09-28 08:59:33.622] [info]  [coffee] [SYS:OP_402] STAT:200 [H:HASTE_ENC:5c20d3927956fd9eb309951b:d635ce013d1669fcd16740d7094bf95a:1c0aade46929a6241861f3f6677ddc9bf14ab03b2e0335beea66cf378e2b80d4c16a910073aa281601b6a83fcdf025a61d76c30ee33293d9634ba0b8bb38f63d3ee2fae10dee7d1a4c08b52f4ae62205158219e59136a63b2b8e38e8c21531]
[2026-09-28 08:59:33.777] [debug] [coffee] [SYS:OP_402] STAT:200 [H:HASTE_ENC:7cd15e2d075e70ed8ed9fa60:5eade4e10d9f0c0ba56e3e489388165c:b5adc8fd6710a4dd173b86d23a42587a3f7ed710902208d358a40a0e05a52938ca8ded8d8a0429c90d4e024664a7d7e76053b669944fa7b84948b85e9e66892f47b5df5389087a7cb0ad39fe20a72f0dab738f1b1dbd207a792267740b7a0f6baef7afd2be807876236a6c8fc15590c4f5a13e516879]
[2026-09-28 08:59:38.786] [error] [coffee] [SYS:OP_402] STAT:200 [H:HASTE_ENC:a7cb8a63793b06f6d873ba35:7e1b83b5cd3e2cd5bc7a072176ede61d:73e393ff55fcc14ac9c9f9b92ac73db593d068215ecde085ebb30d8d02875a298bb31149c1870cd73e5d0393f6fc02d28fa69c58835a9484ea6e84e7e78975fa83201f28f3d4e4751dee5ccba1df04a61f6c453a00dfe4d6789f2fd1e64fb92c302dd47fa280a561585b08e33a83b76186607e20ab16fa66feaff0082efb7c5013e7b1bfc5c9f06906]
[2026-09-28 08:59:38.790] [error] [coffee] [SYS:OP_402] STAT:200 [H:HASTE_ENC:2313112ab4ea5cab0eb76ccc:f134a3f17b6b9fc3b81d8016a375aa94:0159e3a008d30b451592b73d77137e6b4497674adfc769efa240120f70992861a6ef77ab528017a8c38c6c80c467d42e79a06c72ba36aa8f6ef163c123fccb133811b9b78c99033f2cc1f6fc58ac155d41b12c9dd9734970150a2153262f8325451c7587617c63529b344139328349b6a8dc708c45d64f11622784d5ec05b6aa7cafd01330902772c22538]
[2026-09-28 08:59:38.792] [error] [coffee] [SYS:OP_402] STAT:200 [H:HASTE_ENC:eb92baf8c643e1209c088aff:56499369dd6c9d393be24c7973293bf3:d927dad6a31cc29d9900aa24684f3f0a5f7d4e4cadc32cfd02173c3a9fe831df67e6317f42d4d13d2e7b3a7c66c8643dde9b46c9c11888017509c997725e34b16a6a60c93f06da7362979faaa475247abef9581b4d0ccbd8fec6ecf1226de2040eaec7c37e5322351e6cda5dac3ef6352722ca270eeb16c3ea0a11a571228503587d5285cca4da5b4ddb3578fb12038d8679c9a4a7640b572aed6d3fc65f4a73b9bdc08e2753efc56b4804a6cc246ffe863b2c6c141f7a50c9a6058bb6]
[2026-09-28 08:59:41.916] [info]  [HASTE Menu Alignment] Active store syrups (12 registered, maxSlots: 24): [수박, 오렌지, 바나나, 흑당, 자몽, 설탕, 헤이즐넛, 에너지, 레몬, 오미자, 슈크림, 얼그레이]
[2026-09-28 08:59:41.922] [info]  [HASTE Menu Alignment Completed] Activated: 0, Deactivated: 0
[2026-09-28 08:59:41.934] [info]  [HASTE Menu Alignment] Active store syrups (12 registered, maxSlots: 24): [수박, 오렌지, 바나나, 흑당, 자몽, 설탕, 헤이즐넛, 에너지, 레몬, 오미자, 슈크림, 얼그레이]
[2026-09-28 08:59:41.940] [info]  [HASTE Menu Alignment Completed] Activated: 0, Deactivated: 0
[2026-09-28 08:59:43.632] [info]  [coffee] [SYS:OP_402] STAT:200 [H:HASTE_ENC:5d965e8d8241eb4bae33f741:5000dd619d27f3fbea97e6c19655f073:afaaa518d17de34e14efb396df72939c52ba3c2683825dc0c3cdd6206c9fd0a3e677444cd808f601e81c3e56380eb9d180f2bf3d27cfed0d5ebbc91aecc487d89a10a03c4e0a58b3900ad15954ef22e6a571b1f24158df9e528bc6c6bbd2cc]
[2026-09-28 08:59:43.786] [debug] [coffee] [SYS:OP_402] STAT:200 [H:HASTE_ENC:6e94671e8db237f71b2b773b:1ad6a49b66fb8b0c27b45921137d7213:b9d546e2f48b746ff1609f24c79b0fd9faa8faf032b8078afa381ae95aba58eff9d133447cb831c4031ddae248e01b8609f401dffdf4e7d9f60f39e746f02feee2be0889baa7cd7b1014bbf69429d144bef6c6f4aef32d9d18ceb9ec85477355a55e06df10966aedefcfe0bac7aece286525143d5710]
[2026-09-28 08:59:48.803] [error] [coffee] [SYS:OP_402] STAT:200 [H:HASTE_ENC:2568fc0f5604092d3410f542:2e6efa89a681f134841f2762e50d5a81:25b3ae36560696821b322f870dd6440f4a67ea7073f31ff4ae6a112e07fa19a1cc9764d2f9bb6bfc06d2e3f96c17a2134b0ed5a9b6d910701e5ddaf6020733daafa1a4a42e1b7112c74671b93ece8a00d3e5e2e939175c6524aff1b873ec08a6f95d13932fdf66706776c349e85e530587bfb9a978c3c1c2268b03c08172f3d6cd3ad802e5f37427ed]
[2026-09-28 08:59:48.806] [error] [coffee] [SYS:OP_402] STAT:200 [H:HASTE_ENC:55a290089c239a77ea9b74ac:385fafe90672af7c7c35d09e5bbbad7b:366ee836f6cd6c5e486b16de4a93a58baa71bf9b6c1c08c62e48f6d9601dafb81943d10e590e28bebc08d6209a17b3329e75936ce73d1774f03360f32d743aec651ce5c764ae70373ee0e2c33a5041d516e02876e7e53a0edbfadba68cdb869f79492f9807f7ac25f4c898084b2856055ec32a0dcdb22964e3b294d48285af6d64524143cf114ba349b46a]
[2026-09-28 08:59:48.810] [error] [coffee] [SYS:OP_402] STAT:200 [H:HASTE_ENC:7cd73e68ba045d4e9a646b9e:75cd5a1906c62f326e4a159cb23b7461:bcef1ed265cfd1eadf4b49b64e67856b192cea9d7926510c42ec116d4bc9f9454ebb4733f05a1ad8bfe8650c021b024031eb538dc980730d0864221b60c3aaa99b607e01a8878da80910e7b5a8cb43d9eec2b204bb01da0436843da408b9dd196fb2ff591d87eb174a4554cf23694d8c8a8cb3ab2c05d92068920882167739a2d808a98c16af71d9a288356e9a2c0fb549f923123c26f56a0944b7882226ba7a7eb38ce575cf26f88b81cbed4b508b8930183d86d9de375939d9a1a4ce]
[2026-09-28 08:59:50.163] [info]  [HASTE Menu Alignment] Active store syrups (12 registered, maxSlots: 24): [수박, 오렌지, 바나나, 흑당, 자몽, 설탕, 헤이즐넛, 에너지, 레몬, 오미자, 슈크림, 얼그레이]
[2026-09-28 08:59:50.169] [info]  [HASTE Menu Alignment Completed] Activated: 0, Deactivated: 0
[2026-09-28 08:59:50.182] [info]  [HASTE Menu Alignment] Active store syrups (12 registered, maxSlots: 24): [수박, 오렌지, 바나나, 흑당, 자몽, 설탕, 헤이즐넛, 에너지, 레몬, 오미자, 슈크림, 얼그레이]
[2026-09-28 08:59:50.190] [info]  [HASTE Menu Alignment Completed] Activated: 0, Deactivated: 0
[2026-09-28 08:59:51.739] [info]  [HASTE Menu Alignment] Active store syrups (12 registered, maxSlots: 24): [수박, 오렌지, 바나나, 흑당, 자몽, 설탕, 헤이즐넛, 에너지, 레몬, 오미자, 슈크림, 얼그레이]
[2026-09-28 08:59:51.743] [info]  [HASTE Menu Alignment Completed] Activated: 0, Deactivated: 0
[2026-09-28 08:59:51.754] [info]  [HASTE Menu Alignment] Active store syrups (12 registered, maxSlots: 24): [수박, 오렌지, 바나나, 흑당, 자몽, 설탕, 헤이즐넛, 에너지, 레몬, 오미자, 슈크림, 얼그레이]
[2026-09-28 08:59:51.758] [info]  [HASTE Menu Alignment Completed] Activated: 0, Deactivated: 0
[2026-09-28 08:59:53.655] [info]  [coffee] [SYS:OP_402] STAT:200 [H:HASTE_ENC:879f1dfcdbb9b1ed3815976d:57ddf740bf32cae2e939c5fb6527287e:56b84ae36835728e2d34e64d5f2f630fe81589bfcff2ab2e3f3ec9ce431b22b851cba30a3c1d3c022c226de5fb90f079d54a655928e96f4abf0f6b20f1cbce48da3ea5f52b177f7ed2bffe94738bff75298d53b9972672d3162ca162104251]
[2026-09-28 08:59:53.813] [debug] [coffee] [SYS:OP_402] STAT:200 [H:HASTE_ENC:a5a4bfa89c7c7cc2fa150343:a84f37dda2d5babf9f37e9f9056371c0:7eb8915f5765a599b1e03027de5daf002c44c300a1700f26d576d1f56b6a4476a64ff81d55230177a17ff4b701c1d2db826450c865d7c2fa6acb5e5e1be54a7279245a03cbaaeaf82f750e72bf8a2bc385d8cf8c85057aa323606f996c57e18db799e75ee3fa66e2c5f15af5f310d3e4e34ec3e52164]
[2026-09-28 08:59:54.442] [info]  [HASTE Menu Alignment] Active store syrups (12 registered, maxSlots: 24): [수박, 오렌지, 바나나, 흑당, 자몽, 설탕, 헤이즐넛, 에너지, 레몬, 오미자, 슈크림, 얼그레이]
[2026-09-28 08:59:54.446] [info]  [HASTE Menu Alignment Completed] Activated: 0, Deactivated: 0
[2026-09-28 08:59:54.899] [info]  [HASTE Menu Alignment] Active store syrups (12 registered, maxSlots: 24): [수박, 오렌지, 바나나, 흑당, 자몽, 설탕, 헤이즐넛, 에너지, 레몬, 오미자, 슈크림, 얼그레이]
[2026-09-28 08:59:54.904] [info]  [HASTE Menu Alignment Completed] Activated: 0, Deactivated: 0
[2026-09-28 08:59:55.722] [info]  [HASTE Menu Alignment] Active store syrups (12 registered, maxSlots: 24): [수박, 오렌지, 바나나, 흑당, 자몽, 설탕, 헤이즐넛, 에너지, 레몬, 오미자, 슈크림, 얼그레이]
[2026-09-28 08:59:55.725] [info]  [HASTE Menu Alignment Completed] Activated: 0, Deactivated: 0
[2026-09-28 08:59:56.351] [info]  [HASTE Menu Alignment] Active store syrups (12 registered, maxSlots: 24): [수박, 오렌지, 바나나, 흑당, 자몽, 설탕, 헤이즐넛, 에너지, 레몬, 오미자, 슈크림, 얼그레이]
[2026-09-28 08:59:56.356] [info]  [HASTE Menu Alignment Completed] Activated: 0, Deactivated: 0
[2026-09-28 08:59:58.832] [error] [coffee] [SYS:OP_402] STAT:200 [H:HASTE_ENC:e0c3d6108d52e2dbd5e196be:7a31b67c91f7dbfe51d58d7c3a68d072:ae530399fe5c296b59c920f19ca3b5db23bd3bfe344987996bb9cfd6656cbc793ba11c9735ef686047580877d8a0c913cfe6157fff0c686c7385cd8ebc099e0306977c328ae663f5e47eb30684cab10c353b000fd3ea5d220fe4b608692d222f1cb0d135c233feba54e83fee082b38ecade9c0aabba9730cd5d213eea7c0c81d560a73b6cb5e0b62b3]
[2026-09-28 08:59:58.837] [error] [coffee] [SYS:OP_402] STAT:200 [H:HASTE_ENC:d2ea6a589bb31db83d538e22:0b17f920b6712039bd014094d36e7eda:7c00d937516c8f096faf0707b6334405fd8bc95a390e05d93740881e1dd7e4da9a0861c20c204015b634c320e8b4ebd6d91ca6238ef2107b32b9dae626d727b8df77c75282d62df1b7d670980c19a04df2986e7d1c9ab60a4685d88b3a1e51d46c9381c9e2326ad4f0160e108919a977235d24ca0cb44a26fe4d58c5b458bab14762b20603b6d926641c16]
[2026-09-28 08:59:58.840] [error] [coffee] [SYS:OP_402] STAT:200 [H:HASTE_ENC:3d4e302663f40cf74395c9f8:a5fff965427b23bf2ab7e78ddc77cd48:4f6d25bd2bffabf3afd258418d38f6e68662f72b7833a3b05f7cf071cf9623782c7f19a031a1392b2ff5af0bccabddb409baa2b2ec83f288969c6e7fa54691997500bc9f197263032b88f0894ab3e89c4a91bcf71508f77f525ac7b29467f08f129b52afa099db81e572b110662bb051cfb087ced56227e9b6c6974a1c50c918638b1bb5d7d9d4b86565367b5061635cd4da48e095c7cc587a7dc5c8edcba54e8baead369e982d9ea1fa12f83c186ac5b6b960532da2d8f8d189be789c]
[2026-09-28 09:00:03.664] [info]  [coffee] [SYS:OP_402] STAT:200 [H:HASTE_ENC:e21b1b3fb0a0b0ab72d75e28:82e3eb6e66693556e70818ead33e7d1b:8a9c0367be0ee10705b9d6ebc79610d8e25a541b74880be39ad8cc057f410345769028435a4a7fa4eb25414f1b0fcd83a67c92e7662d37f6ce19ace7af2fea1ebdc9b8bf6e11e806b3cd9e3244561b4951c201d788cdc26cbf83de358128bc]
[2026-09-28 09:00:03.824] [debug] [coffee] [SYS:OP_402] STAT:200 [H:HASTE_ENC:7a30904dc1d13df6b4bf22ae:5abf0494e98fbd059842d1ba74bc305b:47f30e5d5450ef2b36d9a351d899f845533c43f564d2bd733fcf303cf3d5bc4af05139678706c1d0608d01d6b31674df7b1c9ff146b38e6f68bb6e6e81ed1bc258481673b712f2b7c44cd288c0839e510a12bd4bccc4d1eeee47557758f52c3a88c8e814d102fb87987fd6f3471283ca1d17220c5989]
[2026-09-28 09:00:08.841] [error] [coffee] [SYS:OP_402] STAT:200 [H:HASTE_ENC:76d86f0e048e14d5a14e04b0:2c97d8368bd7a33c92f87d9d175853c1:62a7e0cc7140426d0a14c58fef66ee2a0fb99f44198b7738dd04ebf0948c530967ab69401c4b8050236db53ff15c9b7514778c577f1b65fa0bb0e4b928ab680b24820f02baa5d945e1caf807ef6f484f7462b8fc12b8628aacacfd26d12355bf9db76545acb9838d8f19239d2721746b64e5f4e2d59befe720219cb84866198a6b46ce7a47377df687]
[2026-09-28 09:00:08.845] [error] [coffee] [SYS:OP_402] STAT:200 [H:HASTE_ENC:7e76f0f8dcf66356ed1a34d4:6c150a7334948a95487b42fdaff781ee:c9a592af206dbeb7f011911c966fc402aa3732129b78a1b11bee74d4a7e6bf3df145251a133a7a74e7f711e6674d838c7ca18024329421353da363221944e890b7310ebbe23ee0e2624e7917000e8d0660dc25423ddef4049f6a43651cdeca2d22a58f0cd7428e03fdd0e1e53096e7fea1a005d57675ce34c4dfbeb36b0d5361d51da56adc32bc2b52ff3b]
[2026-09-28 09:00:08.847] [error] [coffee] [SYS:OP_402] STAT:200 [H:HASTE_ENC:8511ef516b72e771e53532a5:77f6fdd39844b8c074d90a81035bba33:cf2c2d6de3ce9a076cba70939c26a279bfdfcb5caa2c2642e1042a71723c7eb7d08a4698c67117c61c80dae19d571cc4294dfd709b97f1c1b4ff8795746c08476a340cac5960389cf544f13026333debe4310dfa540bf8924d75cb7a1a846c46c433b0372051c3c8ce7d47ec252fa5b7efcc3ef01c998d5363ec28715e3a3d43b35cf65387a6d97f41296f2d12f52e89d532788b84a43e99d625f77d1f06f96a7dd1a22aa77cfa98ac1fd9dc2bba13890e78e24034c1392a52f3c7377b]
[2026-09-28 09:00:11.521] [info]  [HASTE DB Save] Settings category "menu" has been updated and saved to SQLite successfully.
[2026-09-28 09:00:11.544] [info]  [HASTE DB Save] Settings category "inventory" has been updated and saved to SQLite successfully.
[2026-09-28 09:00:11.550] [info]  [HASTE DB Save] Settings category "sirubs" has been updated and saved to SQLite successfully.
[2026-09-28 09:00:11.556] [info]  🔒 [HASTE Pinmap Lock] Preserved store customized syrup pinmap (25 slots) under strict immutability rule. Context: initSettingsStore
[2026-09-28 09:00:11.562] [info]  [HASTE Menu Alignment] Active store syrups (23 registered, maxSlots: 24): [초코, 오렌지, 딸기, 흑당, 자몽, 설탕, 헤이즐넛, 에너지, 레몬, 오미자, 슈크림, 얼그레이, 바나나, 청포도, 바닐라, 녹차, 카라멜, 자두, 군고구마, 말차, 수박 시럽, 수박, 복숭아]
[2026-09-28 09:00:11.564] [info]  [HASTE Menu Alignment] 🟢 Activated menu: "아샷추" (MDI1003) -> is_purchasable = 1 (Preserved custom recipe)
[2026-09-28 09:00:11.565] [info]  [HASTE Menu Alignment] 🟢 Activated menu: "더블아샷추" (MDI1004) -> is_purchasable = 1 (Preserved custom recipe)
[2026-09-28 09:00:11.567] [info]  [HASTE Menu Alignment] 🟢 Activated menu: "바닐라라떼" (MDI2003) -> is_purchasable = 1 (Preserved custom recipe)
[2026-09-28 09:00:11.568] [info]  [HASTE Menu Alignment] 🟢 Activated menu: "카라멜마끼아또" (MDI2005) -> is_purchasable = 1 (Preserved custom recipe)
[2026-09-28 09:00:11.569] [info]  [HASTE Menu Alignment] 🟢 Activated menu: "카페모카" (MDI2006) -> is_purchasable = 1 (Preserved custom recipe)
[2026-09-28 09:00:11.570] [info]  [HASTE Menu Alignment] 🟢 Activated menu: "군고구마샷라떼" (MDI2011) -> is_purchasable = 1 (Preserved custom recipe)
[2026-09-28 09:00:11.571] [info]  [HASTE Menu Alignment] 🟢 Activated menu: "녹차샷라떼" (MDI2012) -> is_purchasable = 1 (Preserved custom recipe)
[2026-09-28 09:00:11.573] [info]  [HASTE Menu Alignment] 🟢 Activated menu: "말차샷라떼" (MDI2013) -> is_purchasable = 1 (Preserved custom recipe)
[2026-09-28 09:00:11.574] [info]  [HASTE Menu Alignment] 🟢 Activated menu: "군고구마초코라떼" (MMI3000) -> is_purchasable = 1 (Preserved custom recipe)
[2026-09-28 09:00:11.575] [info]  [HASTE Menu Alignment] 🟢 Activated menu: "녹차초코라떼" (MMI3001) -> is_purchasable = 1 (Preserved custom recipe)
[2026-09-28 09:00:11.578] [info]  [HASTE Menu Alignment] 🟢 Activated menu: "딸기초코라떼" (MMI3002) -> is_purchasable = 1 (Preserved custom recipe)
[2026-09-28 09:00:11.579] [info]  [HASTE Menu Alignment] 🟢 Activated menu: "말차초코라떼" (MMI3003) -> is_purchasable = 1 (Preserved custom recipe)
[2026-09-28 09:00:11.580] [info]  [HASTE Menu Alignment] 🟢 Activated menu: "초코밀크티" (MMI3005) -> is_purchasable = 1 (Preserved custom recipe)
[2026-09-28 09:00:11.581] [info]  [HASTE Menu Alignment] 🟢 Activated menu: "초코라떼" (MMI3006) -> is_purchasable = 1 (Preserved custom recipe)
[2026-09-28 09:00:11.582] [info]  [HASTE Menu Alignment] 🟢 Activated menu: "군고구마말차라떼" (MMI3007) -> is_purchasable = 1 (Preserved custom recipe)
[2026-09-28 09:00:11.583] [info]  [HASTE Menu Alignment] 🟢 Activated menu: "말차라떼" (MMI3008) -> is_purchasable = 1 (Preserved custom recipe)
[2026-09-28 09:00:11.584] [info]  [HASTE Menu Alignment] 🟢 Activated menu: "딸기라떼" (MMI3009) -> is_purchasable = 1 (Preserved custom recipe)
[2026-09-28 09:00:11.586] [info]  [HASTE Menu Alignment] 🟢 Activated menu: "바나나초코라떼" (MMI3011) -> is_purchasable = 1 (Preserved custom recipe)
[2026-09-28 09:00:11.587] [info]  [HASTE Menu Alignment] 🟢 Activated menu: "군고구마라떼" (MMI3012) -> is_purchasable = 1 (Preserved custom recipe)
[2026-09-28 09:00:11.588] [info]  [HASTE Menu Alignment] 🟢 Activated menu: "군고구마녹차라떼" (MMI3017) -> is_purchasable = 1 (Preserved custom recipe)
[2026-09-28 09:00:11.589] [info]  [HASTE Menu Alignment] 🟢 Activated menu: "군고구마카라멜라떼" (MMI3018) -> is_purchasable = 1 (Preserved custom recipe)
[2026-09-28 09:00:11.590] [info]  [HASTE Menu Alignment] 🟢 Activated menu: "녹차헤이즐넛라떼" (MMI3019) -> is_purchasable = 1 (Preserved custom recipe)
[2026-09-28 09:00:11.592] [info]  [HASTE Menu Alignment] 🟢 Activated menu: "녹차라떼" (MMI3020) -> is_purchasable = 1 (Preserved custom recipe)
[2026-09-28 09:00:11.594] [info]  [HASTE Menu Alignment] 🟢 Activated menu: "딸기바나나라떼" (MMI3021) -> is_purchasable = 1 (Preserved custom recipe)
[2026-09-28 09:00:11.595] [info]  [HASTE Menu Alignment] 🟢 Activated menu: "딸기슈크림라떼" (MMI3022) -> is_purchasable = 1 (Preserved custom recipe)
[2026-09-28 09:00:11.596] [info]  [HASTE Menu Alignment] 🟢 Activated menu: "바나나카라멜라떼" (MMI3024) -> is_purchasable = 1 (Preserved custom recipe)
[2026-09-28 09:00:11.597] [info]  [HASTE Menu Alignment] 🟢 Activated menu: "바닐라카라멜라떼" (MMI3026) -> is_purchasable = 1 (Preserved custom recipe)
[2026-09-28 09:00:11.598] [info]  [HASTE Menu Alignment] 🟢 Activated menu: "오렌지바닐라라떼" (MMI3029) -> is_purchasable = 1 (Preserved custom recipe)
[2026-09-28 09:00:11.598] [info]  [HASTE Menu Alignment] 🟢 Activated menu: "오렌지카라멜라떼" (MMI3030) -> is_purchasable = 1 (Preserved custom recipe)
[2026-09-28 09:00:11.599] [info]  [HASTE Menu Alignment] 🟢 Activated menu: "초코헤이즐넛라떼" (MMI3031) -> is_purchasable = 1 (Preserved custom recipe)
[2026-09-28 09:00:11.601] [info]  [HASTE Menu Alignment] 🟢 Activated menu: "카라멜헤이즐넛" (MMI3032) -> is_purchasable = 1 (Preserved custom recipe)
[2026-09-28 09:00:11.602] [info]  [HASTE Menu Alignment] 🟢 Activated menu: "플럼바닐라라떼" (MMI3033) -> is_purchasable = 1 (Preserved custom recipe)
[2026-09-28 09:00:11.603] [info]  [HASTE Menu Alignment] 🟢 Activated menu: "딸기자몽에이드" (MAI4002) -> is_purchasable = 1 (Preserved custom recipe)
[2026-09-28 09:00:11.604] [info]  [HASTE Menu Alignment] 🟢 Activated menu: "청포도에이드" (MAI4006) -> is_purchasable = 1 (Preserved custom recipe)
[2026-09-28 09:00:11.605] [info]  [HASTE Menu Alignment] 🟢 Activated menu: "자두에이드" (MAI4007) -> is_purchasable = 1 (Preserved custom recipe)
[2026-09-28 09:00:11.606] [info]  [HASTE Menu Alignment] 🟢 Activated menu: "딸기에이드" (MAI4009) -> is_purchasable = 1 (Preserved custom recipe)
[2026-09-28 09:00:11.609] [info]  [HASTE Menu Alignment] 🟢 Activated menu: "레몬딸기에이드" (MAI4010) -> is_purchasable = 1 (Preserved custom recipe)
[2026-09-28 09:00:11.610] [info]  [HASTE Menu Alignment] 🟢 Activated menu: "복숭아에이드" (MAI4013) -> is_purchasable = 1 (Preserved custom recipe)
[2026-09-28 09:00:11.611] [info]  [HASTE Menu Alignment] 🟢 Activated menu: "오렌지피치에이드" (MAI4015) -> is_purchasable = 1 (Preserved custom recipe)
[2026-09-28 09:00:11.612] [info]  [HASTE Menu Alignment] 🟢 Activated menu: "플럼피치에이드" (MAI4018) -> is_purchasable = 1 (Preserved custom recipe)
[2026-09-28 09:00:11.613] [info]  [HASTE Menu Alignment] 🟢 Activated menu: "피치딸기에이드" (MAI4019) -> is_purchasable = 1 (Preserved custom recipe)
[2026-09-28 09:00:11.613] [info]  [HASTE Menu Alignment] 🟢 Activated menu: "허니레몬블랙에이드" (MAI4020) -> is_purchasable = 1 (Preserved custom recipe)
[2026-09-28 09:00:11.614] [info]  [HASTE Menu Alignment] 🟢 Activated menu: "허니자몽블랙에이드" (MAI4021) -> is_purchasable = 1 (Preserved custom recipe)
[2026-09-28 09:00:11.615] [info]  [HASTE Menu Alignment] 🟢 Activated menu: "복숭아티" (MTI5000) -> is_purchasable = 1 (Preserved custom recipe)
[2026-09-28 09:00:11.617] [info]  [HASTE Menu Alignment] 🟢 Activated menu: "딸기레몬얼그레이티" (MTI5004) -> is_purchasable = 1 (Preserved custom recipe)
[2026-09-28 09:00:11.618] [info]  [HASTE Menu Alignment] 🟢 Activated menu: "딸기밀크티" (MTI5005) -> is_purchasable = 1 (Preserved custom recipe)
[2026-09-28 09:00:11.619] [info]  [HASTE Menu Alignment] 🟢 Activated menu: "딸기티" (MTI5006) -> is_purchasable = 1 (Preserved custom recipe)
[2026-09-28 09:00:11.620] [info]  [HASTE Menu Alignment] 🟢 Activated menu: "자두차" (MTI5012) -> is_purchasable = 1 (Preserved custom recipe)
[2026-09-28 09:00:11.621] [info]  [HASTE Menu Alignment] 🟢 Activated menu: "피치오렌지자몽블랙티" (MTI5015) -> is_purchasable = 1 (Preserved custom recipe)
[2026-09-28 09:00:11.622] [info]  [HASTE Menu Alignment] 🟢 Activated menu: "허니레몬블랙티" (MTI5016) -> is_purchasable = 1 (Preserved custom recipe)
[2026-09-28 09:00:11.625] [info]  [HASTE Menu Alignment] 🟢 Activated menu: "허니자몽블랙티" (MTI5017) -> is_purchasable = 1 (Preserved custom recipe)
[2026-09-28 09:00:11.626] [info]  [HASTE Menu Alignment Completed] Activated: 51, Deactivated: 0
[2026-09-28 09:00:11.627] [info]  [HASTE DB Load] Loaded settings from SQLite database successfully. StoreName: "김포집", StoreNo: "010-1234-5678", ThemeMode: "Light", isKioskDryRun: "false"
[2026-09-28 09:00:11.633] [info]  [HASTE DB Save] Settings category "inventory" has been updated and saved to SQLite successfully.
[2026-09-28 09:00:11.634] [info]  [HASTE DB Reload] Reloaded settingsStore in-memory cache with fresh DB values.
[2026-09-28 09:00:11.635] [info]  [api] [GoldenRecipe] Successfully rolled back recipe: 리얼레몬에이드, pump #undefined restored to '미사용'
[2026-09-28 09:00:11.664] [info]  🔒 [HASTE Pinmap Lock] Preserved store customized syrup pinmap (25 slots) under strict immutability rule. Context: initSettingsStore
[2026-09-28 09:00:11.669] [info]  [HASTE Menu Alignment] Active store syrups (23 registered, maxSlots: 24): [초코, 오렌지, 딸기, 흑당, 자몽, 설탕, 헤이즐넛, 에너지, 레몬, 오미자, 슈크림, 얼그레이, 바나나, 청포도, 바닐라, 녹차, 카라멜, 자두, 군고구마, 말차, 수박 시럽, 수박, 복숭아]
[2026-09-28 09:00:11.672] [info]  [HASTE Menu Alignment Completed] Activated: 0, Deactivated: 0
[2026-09-28 09:00:11.673] [info]  [HASTE DB Load] Loaded settings from SQLite database successfully. StoreName: "김포집", StoreNo: "010-1234-5678", ThemeMode: "Light", isKioskDryRun: "false"
[2026-09-28 09:00:11.674] [info]  [HASTE DB Reload] Reloaded settingsStore in-memory cache with fresh DB values.
[2026-09-28 09:00:11.675] [info]  [api] [GoldenRecipe] Successfully deleted golden recipe: 리얼레몬에이드 from SQLite MENU & menu_item!
[2026-09-28 09:00:11.705] [info]  [HASTE Menu Alignment] Active store syrups (23 registered, maxSlots: 24): [초코, 오렌지, 딸기, 흑당, 자몽, 설탕, 헤이즐넛, 에너지, 레몬, 오미자, 슈크림, 얼그레이, 바나나, 청포도, 바닐라, 녹차, 카라멜, 자두, 군고구마, 말차, 수박 시럽, 수박, 복숭아]
[2026-09-28 09:00:11.707] [info]  [HASTE Menu Alignment Completed] Activated: 0, Deactivated: 0
[2026-09-28 09:00:11.712] [info]  [HASTE Menu Alignment] Active store syrups (23 registered, maxSlots: 24): [초코, 오렌지, 딸기, 흑당, 자몽, 설탕, 헤이즐넛, 에너지, 레몬, 오미자, 슈크림, 얼그레이, 바나나, 청포도, 바닐라, 녹차, 카라멜, 자두, 군고구마, 말차, 수박 시럽, 수박, 복숭아]
[2026-09-28 09:00:11.715] [info]  [HASTE Menu Alignment Completed] Activated: 0, Deactivated: 0
[2026-09-28 09:00:11.721] [info]  [HASTE Menu Alignment] Active store syrups (23 registered, maxSlots: 24): [초코, 오렌지, 딸기, 흑당, 자몽, 설탕, 헤이즐넛, 에너지, 레몬, 오미자, 슈크림, 얼그레이, 바나나, 청포도, 바닐라, 녹차, 카라멜, 자두, 군고구마, 말차, 수박 시럽, 수박, 복숭아]
[2026-09-28 09:00:11.724] [info]  [HASTE Menu Alignment Completed] Activated: 0, Deactivated: 0
[2026-09-28 09:00:11.728] [info]  [HASTE Menu Alignment] Active store syrups (23 registered, maxSlots: 24): [초코, 오렌지, 딸기, 흑당, 자몽, 설탕, 헤이즐넛, 에너지, 레몬, 오미자, 슈크림, 얼그레이, 바나나, 청포도, 바닐라, 녹차, 카라멜, 자두, 군고구마, 말차, 수박 시럽, 수박, 복숭아]
[2026-09-28 09:00:11.731] [info]  [HASTE Menu Alignment Completed] Activated: 0, Deactivated: 0
[2026-09-28 09:00:11.737] [info]  [HASTE Menu Alignment] Active store syrups (23 registered, maxSlots: 24): [초코, 오렌지, 딸기, 흑당, 자몽, 설탕, 헤이즐넛, 에너지, 레몬, 오미자, 슈크림, 얼그레이, 바나나, 청포도, 바닐라, 녹차, 카라멜, 자두, 군고구마, 말차, 수박 시럽, 수박, 복숭아]
[2026-09-28 09:00:11.740] [info]  [HASTE Menu Alignment Completed] Activated: 0, Deactivated: 0
[2026-09-28 09:00:11.745] [info]  [HASTE Menu Alignment] Active store syrups (23 registered, maxSlots: 24): [초코, 오렌지, 딸기, 흑당, 자몽, 설탕, 헤이즐넛, 에너지, 레몬, 오미자, 슈크림, 얼그레이, 바나나, 청포도, 바닐라, 녹차, 카라멜, 자두, 군고구마, 말차, 수박 시럽, 수박, 복숭아]
[2026-09-28 09:00:11.748] [info]  [HASTE Menu Alignment Completed] Activated: 0, Deactivated: 0
[2026-09-28 09:00:11.754] [info]  [HASTE Menu Alignment] Active store syrups (23 registered, maxSlots: 24): [초코, 오렌지, 딸기, 흑당, 자몽, 설탕, 헤이즐넛, 에너지, 레몬, 오미자, 슈크림, 얼그레이, 바나나, 청포도, 바닐라, 녹차, 카라멜, 자두, 군고구마, 말차, 수박 시럽, 수박, 복숭아]
[2026-09-28 09:00:11.757] [info]  [HASTE Menu Alignment Completed] Activated: 0, Deactivated: 0
[2026-09-28 09:00:11.762] [info]  [HASTE Menu Alignment] Active store syrups (23 registered, maxSlots: 24): [초코, 오렌지, 딸기, 흑당, 자몽, 설탕, 헤이즐넛, 에너지, 레몬, 오미자, 슈크림, 얼그레이, 바나나, 청포도, 바닐라, 녹차, 카라멜, 자두, 군고구마, 말차, 수박 시럽, 수박, 복숭아]
[2026-09-28 09:00:11.765] [info]  [HASTE Menu Alignment Completed] Activated: 0, Deactivated: 0
[2026-09-28 09:00:11.771] [info]  [HASTE Menu Alignment] Active store syrups (23 registered, maxSlots: 24): [초코, 오렌지, 딸기, 흑당, 자몽, 설탕, 헤이즐넛, 에너지, 레몬, 오미자, 슈크림, 얼그레이, 바나나, 청포도, 바닐라, 녹차, 카라멜, 자두, 군고구마, 말차, 수박 시럽, 수박, 복숭아]
[2026-09-28 09:00:11.773] [info]  [HASTE Menu Alignment Completed] Activated: 0, Deactivated: 0
[2026-09-28 09:00:11.778] [info]  [HASTE Menu Alignment] Active store syrups (23 registered, maxSlots: 24): [초코, 오렌지, 딸기, 흑당, 자몽, 설탕, 헤이즐넛, 에너지, 레몬, 오미자, 슈크림, 얼그레이, 바나나, 청포도, 바닐라, 녹차, 카라멜, 자두, 군고구마, 말차, 수박 시럽, 수박, 복숭아]
[2026-09-28 09:00:11.781] [info]  [HASTE Menu Alignment Completed] Activated: 0, Deactivated: 0
[2026-09-28 09:00:11.786] [info]  [HASTE Menu Alignment] Active store syrups (23 registered, maxSlots: 24): [초코, 오렌지, 딸기, 흑당, 자몽, 설탕, 헤이즐넛, 에너지, 레몬, 오미자, 슈크림, 얼그레이, 바나나, 청포도, 바닐라, 녹차, 카라멜, 자두, 군고구마, 말차, 수박 시럽, 수박, 복숭아]
[2026-09-28 09:00:11.788] [info]  [HASTE Menu Alignment Completed] Activated: 0, Deactivated: 0
[2026-09-28 09:00:11.793] [info]  [HASTE Menu Alignment] Active store syrups (23 registered, maxSlots: 24): [초코, 오렌지, 딸기, 흑당, 자몽, 설탕, 헤이즐넛, 에너지, 레몬, 오미자, 슈크림, 얼그레이, 바나나, 청포도, 바닐라, 녹차, 카라멜, 자두, 군고구마, 말차, 수박 시럽, 수박, 복숭아]
[2026-09-28 09:00:11.796] [info]  [HASTE Menu Alignment Completed] Activated: 0, Deactivated: 0
[2026-09-28 09:00:11.802] [info]  [HASTE Menu Alignment] Active store syrups (23 registered, maxSlots: 24): [초코, 오렌지, 딸기, 흑당, 자몽, 설탕, 헤이즐넛, 에너지, 레몬, 오미자, 슈크림, 얼그레이, 바나나, 청포도, 바닐라, 녹차, 카라멜, 자두, 군고구마, 말차, 수박 시럽, 수박, 복숭아]
[2026-09-28 09:00:11.804] [info]  [HASTE Menu Alignment Completed] Activated: 0, Deactivated: 0
[2026-09-28 09:00:11.809] [info]  [HASTE Menu Alignment] Active store syrups (23 registered, maxSlots: 24): [초코, 오렌지, 딸기, 흑당, 자몽, 설탕, 헤이즐넛, 에너지, 레몬, 오미자, 슈크림, 얼그레이, 바나나, 청포도, 바닐라, 녹차, 카라멜, 자두, 군고구마, 말차, 수박 시럽, 수박, 복숭아]
[2026-09-28 09:00:11.813] [info]  [HASTE Menu Alignment Completed] Activated: 0, Deactivated: 0
[2026-09-28 09:00:11.818] [info]  [HASTE Menu Alignment] Active store syrups (23 registered, maxSlots: 24): [초코, 오렌지, 딸기, 흑당, 자몽, 설탕, 헤이즐넛, 에너지, 레몬, 오미자, 슈크림, 얼그레이, 바나나, 청포도, 바닐라, 녹차, 카라멜, 자두, 군고구마, 말차, 수박 시럽, 수박, 복숭아]
[2026-09-28 09:00:11.821] [info]  [HASTE Menu Alignment Completed] Activated: 0, Deactivated: 0
[2026-09-28 09:00:11.825] [info]  [HASTE Menu Alignment] Active store syrups (23 registered, maxSlots: 24): [초코, 오렌지, 딸기, 흑당, 자몽, 설탕, 헤이즐넛, 에너지, 레몬, 오미자, 슈크림, 얼그레이, 바나나, 청포도, 바닐라, 녹차, 카라멜, 자두, 군고구마, 말차, 수박 시럽, 수박, 복숭아]
[2026-09-28 09:00:11.828] [info]  [HASTE Menu Alignment Completed] Activated: 0, Deactivated: 0
[2026-09-28 09:00:11.833] [info]  [HASTE Menu Alignment] Active store syrups (23 registered, maxSlots: 24): [초코, 오렌지, 딸기, 흑당, 자몽, 설탕, 헤이즐넛, 에너지, 레몬, 오미자, 슈크림, 얼그레이, 바나나, 청포도, 바닐라, 녹차, 카라멜, 자두, 군고구마, 말차, 수박 시럽, 수박, 복숭아]
[2026-09-28 09:00:11.836] [info]  [HASTE Menu Alignment Completed] Activated: 0, Deactivated: 0
[2026-09-28 09:00:11.840] [info]  [HASTE Menu Alignment] Active store syrups (23 registered, maxSlots: 24): [초코, 오렌지, 딸기, 흑당, 자몽, 설탕, 헤이즐넛, 에너지, 레몬, 오미자, 슈크림, 얼그레이, 바나나, 청포도, 바닐라, 녹차, 카라멜, 자두, 군고구마, 말차, 수박 시럽, 수박, 복숭아]
[2026-09-28 09:00:11.843] [info]  [HASTE Menu Alignment Completed] Activated: 0, Deactivated: 0
[2026-09-28 09:00:11.848] [info]  [HASTE Menu Alignment] Active store syrups (23 registered, maxSlots: 24): [초코, 오렌지, 딸기, 흑당, 자몽, 설탕, 헤이즐넛, 에너지, 레몬, 오미자, 슈크림, 얼그레이, 바나나, 청포도, 바닐라, 녹차, 카라멜, 자두, 군고구마, 말차, 수박 시럽, 수박, 복숭아]
[2026-09-28 09:00:11.850] [info]  [HASTE Menu Alignment Completed] Activated: 0, Deactivated: 0
[2026-09-28 09:00:11.855] [info]  [HASTE Menu Alignment] Active store syrups (23 registered, maxSlots: 24): [초코, 오렌지, 딸기, 흑당, 자몽, 설탕, 헤이즐넛, 에너지, 레몬, 오미자, 슈크림, 얼그레이, 바나나, 청포도, 바닐라, 녹차, 카라멜, 자두, 군고구마, 말차, 수박 시럽, 수박, 복숭아]
[2026-09-28 09:00:11.859] [info]  [HASTE Menu Alignment Completed] Activated: 0, Deactivated: 0
[2026-09-28 09:00:11.864] [info]  [HASTE Menu Alignment] Active store syrups (23 registered, maxSlots: 24): [초코, 오렌지, 딸기, 흑당, 자몽, 설탕, 헤이즐넛, 에너지, 레몬, 오미자, 슈크림, 얼그레이, 바나나, 청포도, 바닐라, 녹차, 카라멜, 자두, 군고구마, 말차, 수박 시럽, 수박, 복숭아]
[2026-09-28 09:00:11.866] [info]  [HASTE Menu Alignment Completed] Activated: 0, Deactivated: 0
[2026-09-28 09:00:11.871] [info]  [HASTE Menu Alignment] Active store syrups (23 registered, maxSlots: 24): [초코, 오렌지, 딸기, 흑당, 자몽, 설탕, 헤이즐넛, 에너지, 레몬, 오미자, 슈크림, 얼그레이, 바나나, 청포도, 바닐라, 녹차, 카라멜, 자두, 군고구마, 말차, 수박 시럽, 수박, 복숭아]
[2026-09-28 09:00:11.874] [info]  [HASTE Menu Alignment Completed] Activated: 0, Deactivated: 0
[2026-09-28 09:00:11.879] [info]  [HASTE Menu Alignment] Active store syrups (23 registered, maxSlots: 24): [초코, 오렌지, 딸기, 흑당, 자몽, 설탕, 헤이즐넛, 에너지, 레몬, 오미자, 슈크림, 얼그레이, 바나나, 청포도, 바닐라, 녹차, 카라멜, 자두, 군고구마, 말차, 수박 시럽, 수박, 복숭아]
[2026-09-28 09:00:11.882] [info]  [HASTE Menu Alignment Completed] Activated: 0, Deactivated: 0
[2026-09-28 09:00:11.887] [info]  [HASTE Menu Alignment] Active store syrups (23 registered, maxSlots: 24): [초코, 오렌지, 딸기, 흑당, 자몽, 설탕, 헤이즐넛, 에너지, 레몬, 오미자, 슈크림, 얼그레이, 바나나, 청포도, 바닐라, 녹차, 카라멜, 자두, 군고구마, 말차, 수박 시럽, 수박, 복숭아]
[2026-09-28 09:00:11.890] [info]  [HASTE Menu Alignment Completed] Activated: 0, Deactivated: 0
[2026-09-28 09:00:11.895] [info]  [HASTE Menu Alignment] Active store syrups (23 registered, maxSlots: 24): [초코, 오렌지, 딸기, 흑당, 자몽, 설탕, 헤이즐넛, 에너지, 레몬, 오미자, 슈크림, 얼그레이, 바나나, 청포도, 바닐라, 녹차, 카라멜, 자두, 군고구마, 말차, 수박 시럽, 수박, 복숭아]
[2026-09-28 09:00:11.897] [info]  [HASTE Menu Alignment Completed] Activated: 0, Deactivated: 0
[2026-09-28 09:00:11.902] [info]  [HASTE Menu Alignment] Active store syrups (23 registered, maxSlots: 24): [초코, 오렌지, 딸기, 흑당, 자몽, 설탕, 헤이즐넛, 에너지, 레몬, 오미자, 슈크림, 얼그레이, 바나나, 청포도, 바닐라, 녹차, 카라멜, 자두, 군고구마, 말차, 수박 시럽, 수박, 복숭아]
[2026-09-28 09:00:11.905] [info]  [HASTE Menu Alignment Completed] Activated: 0, Deactivated: 0
[2026-09-28 09:00:11.911] [info]  [HASTE Menu Alignment] Active store syrups (23 registered, maxSlots: 24): [초코, 오렌지, 딸기, 흑당, 자몽, 설탕, 헤이즐넛, 에너지, 레몬, 오미자, 슈크림, 얼그레이, 바나나, 청포도, 바닐라, 녹차, 카라멜, 자두, 군고구마, 말차, 수박 시럽, 수박, 복숭아]
[2026-09-28 09:00:11.915] [info]  [HASTE Menu Alignment Completed] Activated: 0, Deactivated: 0
[2026-09-28 09:00:11.921] [info]  [HASTE Menu Alignment] Active store syrups (23 registered, maxSlots: 24): [초코, 오렌지, 딸기, 흑당, 자몽, 설탕, 헤이즐넛, 에너지, 레몬, 오미자, 슈크림, 얼그레이, 바나나, 청포도, 바닐라, 녹차, 카라멜, 자두, 군고구마, 말차, 수박 시럽, 수박, 복숭아]
[2026-09-28 09:00:11.926] [info]  [HASTE Menu Alignment Completed] Activated: 0, Deactivated: 0
[2026-09-28 09:00:11.932] [info]  [HASTE Menu Alignment] Active store syrups (23 registered, maxSlots: 24): [초코, 오렌지, 딸기, 흑당, 자몽, 설탕, 헤이즐넛, 에너지, 레몬, 오미자, 슈크림, 얼그레이, 바나나, 청포도, 바닐라, 녹차, 카라멜, 자두, 군고구마, 말차, 수박 시럽, 수박, 복숭아]
[2026-09-28 09:00:11.936] [info]  [HASTE Menu Alignment Completed] Activated: 0, Deactivated: 0
[2026-09-28 09:00:11.945] [info]  [HASTE Menu Alignment] Active store syrups (23 registered, maxSlots: 24): [초코, 오렌지, 딸기, 흑당, 자몽, 설탕, 헤이즐넛, 에너지, 레몬, 오미자, 슈크림, 얼그레이, 바나나, 청포도, 바닐라, 녹차, 카라멜, 자두, 군고구마, 말차, 수박 시럽, 수박, 복숭아]
[2026-09-28 09:00:11.949] [info]  [HASTE Menu Alignment Completed] Activated: 0, Deactivated: 0
[2026-09-28 09:00:11.955] [info]  [HASTE Menu Alignment] Active store syrups (23 registered, maxSlots: 24): [초코, 오렌지, 딸기, 흑당, 자몽, 설탕, 헤이즐넛, 에너지, 레몬, 오미자, 슈크림, 얼그레이, 바나나, 청포도, 바닐라, 녹차, 카라멜, 자두, 군고구마, 말차, 수박 시럽, 수박, 복숭아]
[2026-09-28 09:00:11.958] [info]  [HASTE Menu Alignment Completed] Activated: 0, Deactivated: 0
[2026-09-28 09:00:11.963] [info]  [HASTE Menu Alignment] Active store syrups (23 registered, maxSlots: 24): [초코, 오렌지, 딸기, 흑당, 자몽, 설탕, 헤이즐넛, 에너지, 레몬, 오미자, 슈크림, 얼그레이, 바나나, 청포도, 바닐라, 녹차, 카라멜, 자두, 군고구마, 말차, 수박 시럽, 수박, 복숭아]
[2026-09-28 09:00:11.966] [info]  [HASTE Menu Alignment Completed] Activated: 0, Deactivated: 0
[2026-09-28 09:00:11.972] [info]  [HASTE Menu Alignment] Active store syrups (23 registered, maxSlots: 24): [초코, 오렌지, 딸기, 흑당, 자몽, 설탕, 헤이즐넛, 에너지, 레몬, 오미자, 슈크림, 얼그레이, 바나나, 청포도, 바닐라, 녹차, 카라멜, 자두, 군고구마, 말차, 수박 시럽, 수박, 복숭아]
[2026-09-28 09:00:11.974] [info]  [HASTE Menu Alignment Completed] Activated: 0, Deactivated: 0
[2026-09-28 09:00:11.979] [info]  [HASTE Menu Alignment] Active store syrups (23 registered, maxSlots: 24): [초코, 오렌지, 딸기, 흑당, 자몽, 설탕, 헤이즐넛, 에너지, 레몬, 오미자, 슈크림, 얼그레이, 바나나, 청포도, 바닐라, 녹차, 카라멜, 자두, 군고구마, 말차, 수박 시럽, 수박, 복숭아]
[2026-09-28 09:00:11.982] [info]  [HASTE Menu Alignment Completed] Activated: 0, Deactivated: 0
[2026-09-28 09:00:11.988] [info]  [HASTE Menu Alignment] Active store syrups (23 registered, maxSlots: 24): [초코, 오렌지, 딸기, 흑당, 자몽, 설탕, 헤이즐넛, 에너지, 레몬, 오미자, 슈크림, 얼그레이, 바나나, 청포도, 바닐라, 녹차, 카라멜, 자두, 군고구마, 말차, 수박 시럽, 수박, 복숭아]
[2026-09-28 09:00:11.991] [info]  [HASTE Menu Alignment Completed] Activated: 0, Deactivated: 0
[2026-09-28 09:00:12.000] [info]  [HASTE Menu Alignment] Active store syrups (23 registered, maxSlots: 24): [초코, 오렌지, 딸기, 흑당, 자몽, 설탕, 헤이즐넛, 에너지, 레몬, 오미자, 슈크림, 얼그레이, 바나나, 청포도, 바닐라, 녹차, 카라멜, 자두, 군고구마, 말차, 수박 시럽, 수박, 복숭아]
[2026-09-28 09:00:12.003] [info]  [HASTE Menu Alignment Completed] Activated: 0, Deactivated: 0
[2026-09-28 09:00:12.526] [info]  [HASTE DB Save] Settings category "information" has been updated and saved to SQLite successfully.
[2026-09-28 09:00:12.528] [info]  [HASTE DB Save] Settings category "information" has been updated and saved to SQLite successfully.
[2026-09-28 09:00:12.530] [info]  [HASTE DB Save] Settings category "information" has been updated and saved to SQLite successfully.