[2026-08-14 07:43:48.811] [info]  [serialport] event=serialport.connect status=started scope=all
[2026-08-14 07:43:48.852] [info]  [serialport] event=serialport.connect status=started scope=all
[2026-08-14 07:43:49.021] [error] [serialport] event=serialport.error status=failed reason=port_error boardName=board1 port=COM3 message="Opening COM3: File not found"
[2026-08-14 07:43:49.026] [error] [serialport] event=serialport.error status=failed reason=port_error boardName=board1 port=COM3 message="Opening COM3: File not found"
[2026-08-14 07:47:14.835] [info]  [serialport] event=serialport.connect status=started scope=all
[2026-08-14 07:47:14.870] [info]  [serialport] event=serialport.connect status=started scope=all
[2026-08-14 07:47:14.974] [error] [serialport] event=serialport.error status=failed reason=port_error boardName=board1 port=COM3 message="Opening COM3: File not found"
[2026-08-14 07:47:14.979] [error] [serialport] event=serialport.error status=failed reason=port_error boardName=board1 port=COM3 message="Opening COM3: File not found"
[2026-08-14 07:48:10.362] [info]  [serialport] event=serialport.connect status=started scope=all
[2026-08-14 07:48:10.418] [info]  [serialport] event=serialport.connect status=started scope=all
[2026-08-14 07:48:10.631] [error] [serialport] event=serialport.error status=failed reason=port_error boardName=board1 port=COM3 message="Opening COM3: File not found"
[2026-08-14 07:48:10.646] [error] [serialport] event=serialport.error status=failed reason=port_error boardName=board1 port=COM3 message="Opening COM3: File not found"
[2026-08-14 08:49:13.826] [info]  [serialport] event=serialport.connect status=started scope=all
[2026-08-14 08:49:13.862] [info]  [serialport] event=serialport.connect status=started scope=all
[2026-08-14 08:49:13.944] [error] [serialport] event=serialport.error status=failed reason=port_error boardName=board1 port=COM3 message="Opening COM3: File not found"
[2026-08-14 08:49:13.949] [error] [serialport] event=serialport.error status=failed reason=port_error boardName=board1 port=COM3 message="Opening COM3: File not found"
[2026-08-14 08:54:54.230] [info]  [serialport] event=serialport.connect status=started scope=all
[2026-08-14 08:54:54.261] [info]  [serialport] event=serialport.connect status=started scope=all
[2026-08-14 08:54:54.330] [error] [serialport] event=serialport.error status=failed reason=port_error boardName=board1 port=COM3 message="Opening COM3: File not found"
[2026-08-14 08:54:54.334] [error] [serialport] event=serialport.error status=failed reason=port_error boardName=board1 port=COM3 message="Opening COM3: File not found"
[2026-08-14 09:00:42.868] [info]  [serialport] event=serialport.connect status=started scope=all
[2026-08-14 09:00:42.897] [info]  [serialport] event=serialport.connect status=started scope=all
[2026-08-14 09:00:42.964] [error] [serialport] event=serialport.error status=failed reason=port_error boardName=board1 port=COM3 message="Opening COM3: File not found"
[2026-08-14 09:00:42.969] [error] [serialport] event=serialport.error status=failed reason=port_error boardName=board1 port=COM3 message="Opening COM3: File not found"
[2026-08-14 09:01:49.524] [info]  [serialport] event=serialport.connect status=started scope=all
[2026-08-14 09:01:49.531] [error] [serialport] event=serialport.error status=failed reason=port_error boardName=board1 port=COM3 message="Opening COM3: File not found"
[2026-08-14 09:07:03.103] [info]  [serialport] event=serialport.connect status=started scope=all
[2026-08-14 09:07:03.138] [info]  [serialport] event=serialport.connect status=started scope=all
[2026-08-14 09:07:03.219] [error] [serialport] event=serialport.error status=failed reason=port_error boardName=board1 port=COM3 message="Opening COM3: File not found"
[2026-08-14 09:07:03.223] [error] [serialport] event=serialport.error status=failed reason=port_error boardName=board1 port=COM3 message="Opening COM3: File not found"
[2026-08-14 09:07:22.018] [info]  [serialport] event=serialport.connect status=started scope=all
[2026-08-14 09:07:22.021] [error] [serialport] event=serialport.error status=failed reason=port_error boardName=board1 port=COM3 message="Opening COM3: File not found"
[2026-08-14 09:10:14.305] [info]  [serialport] event=serialport.connect status=started scope=all
[2026-08-14 09:10:14.338] [info]  [serialport] event=serialport.connect status=started scope=all
[2026-08-14 09:10:14.409] [error] [serialport] event=serialport.error status=failed reason=port_error boardName=board1 port=COM3 message="Opening COM3: File not found"
[2026-08-14 09:10:14.414] [error] [serialport] event=serialport.error status=failed reason=port_error boardName=board1 port=COM3 message="Opening COM3: File not found"
[2026-08-14 09:15:29.842] [info]  [serialport] event=serialport.connect status=started scope=all
[2026-08-14 09:15:29.873] [info]  [serialport] event=serialport.connect status=started scope=all
[2026-08-14 09:15:29.940] [error] [serialport] event=serialport.error status=failed reason=port_error boardName=board1 port=COM3 message="Opening COM3: File not found"
[2026-08-14 09:15:29.944] [error] [serialport] event=serialport.error status=failed reason=port_error boardName=board1 port=COM3 message="Opening COM3: File not found"
[2026-08-14 09:16:48.661] [info]  [serialport] event=serialport.connect status=started scope=all
[2026-08-14 09:16:48.693] [info]  [serialport] event=serialport.connect status=started scope=all
[2026-08-14 09:16:48.758] [error] [serialport] event=serialport.error status=failed reason=port_error boardName=board1 port=COM3 message="Opening COM3: File not found"
[2026-08-14 09:16:48.763] [error] [serialport] event=serialport.error status=failed reason=port_error boardName=board1 port=COM3 message="Opening COM3: File not found"
[2026-08-14 09:19:35.025] [info]  [serialport] event=serialport.connect status=started scope=all
[2026-08-14 09:19:35.062] [info]  [serialport] event=serialport.connect status=started scope=all
[2026-08-14 09:19:35.134] [error] [serialport] event=serialport.error status=failed reason=port_error boardName=board1 port=COM3 message="Opening COM3: File not found"
[2026-08-14 09:19:35.139] [error] [serialport] event=serialport.error status=failed reason=port_error boardName=board1 port=COM3 message="Opening COM3: File not found"
[2026-08-14 09:21:11.469] [info]  [serialport] event=settings.change status=success scope=all
[2026-08-14 09:21:11.475] [info]  [serialport] event=serialport.connect status=started scope=all
[2026-08-14 09:21:11.478] [info]  [serialport] event=serialport.connect status=started scope=all
[2026-08-14 09:21:11.541] [info]  [serialport] event=serialport.connect status=started scope=all
[2026-08-14 09:21:11.582] [error] [serialport] event=serialport.error status=failed reason=port_error boardName=board1 port=COM6 message="Opening COM6: File not found"
[2026-08-14 09:21:11.585] [error] [serialport] event=serialport.error status=failed reason=port_error boardName=board2 port=COM7 message="Opening COM7: File not found"
[2026-08-14 09:21:11.592] [error] [serialport] event=serialport.error status=failed reason=port_error boardName=board1 port=COM6 message="Opening COM6: File not found"
[2026-08-14 09:21:11.595] [error] [serialport] event=serialport.error status=failed reason=port_error boardName=board2 port=COM7 message="Opening COM7: File not found"
[2026-08-14 09:21:11.598] [error] [serialport] event=serialport.error status=failed reason=port_error boardName=board1 port=COM6 message="Opening COM6: File not found"
[2026-08-14 09:21:11.602] [error] [serialport] event=serialport.error status=failed reason=port_error boardName=board2 port=COM7 message="Opening COM7: File not found"
[2026-08-14 09:25:42.347] [info]  [serialport] event=serialport.connect status=started scope=all
[2026-08-14 09:25:42.381] [info]  [serialport] event=serialport.connect status=started scope=all
[2026-08-14 09:25:42.458] [error] [serialport] event=serialport.error status=failed reason=port_error boardName=board1 port=COM6 message="Opening COM6: File not found"
[2026-08-14 09:25:42.463] [error] [serialport] event=serialport.error status=failed reason=port_error boardName=board2 port=COM7 message="Opening COM7: File not found"
[2026-08-14 09:25:42.466] [error] [serialport] event=serialport.error status=failed reason=port_error boardName=board1 port=COM6 message="Opening COM6: File not found"
[2026-08-14 09:25:42.468] [error] [serialport] event=serialport.error status=failed reason=port_error boardName=board2 port=COM7 message="Opening COM7: File not found"
[2026-08-14 09:26:06.210] [info]  [serialport] event=serialport.connect status=started scope=all
[2026-08-14 09:26:06.229] [error] [serialport] event=serialport.error status=failed reason=port_error boardName=board1 port=COM6 message="Opening COM6: File not found"
[2026-08-14 09:26:06.233] [error] [serialport] event=serialport.error status=failed reason=port_error boardName=board2 port=COM7 message="Opening COM7: File not found"
[2026-08-14 09:31:21.620] [info]  [serialport] event=serialport.connect status=started scope=all
[2026-08-14 09:31:21.640] [error] [serialport] event=serialport.error status=failed reason=port_error boardName=board1 port=COM6 message="Opening COM6: File not found"
[2026-08-14 09:31:21.645] [error] [serialport] event=serialport.error status=failed reason=port_error boardName=board2 port=COM7 message="Opening COM7: File not found"
[2026-08-14 09:33:46.067] [info]  [serialport] event=serialport.connect status=started scope=all
[2026-08-14 09:33:46.103] [info]  [serialport] event=serialport.connect status=started scope=all
[2026-08-14 09:33:46.167] [error] [serialport] event=serialport.error status=failed reason=port_error boardName=board1 port=COM6 message="Opening COM6: File not found"
[2026-08-14 09:33:46.171] [error] [serialport] event=serialport.error status=failed reason=port_error boardName=board2 port=COM7 message="Opening COM7: File not found"
[2026-08-14 09:33:46.173] [error] [serialport] event=serialport.error status=failed reason=port_error boardName=board1 port=COM6 message="Opening COM6: File not found"
[2026-08-14 09:33:46.175] [error] [serialport] event=serialport.error status=failed reason=port_error boardName=board2 port=COM7 message="Opening COM7: File not found"
[2026-08-14 09:35:05.035] [info]  [serialport] event=serialport.connect status=started scope=all
[2026-08-14 09:35:05.056] [error] [serialport] event=serialport.error status=failed reason=port_error boardName=board1 port=COM6 message="Opening COM6: File not found"
[2026-08-14 09:35:05.059] [error] [serialport] event=serialport.error status=failed reason=port_error boardName=board2 port=COM7 message="Opening COM7: File not found"
[2026-08-14 09:36:42.666] [error] [serialport] event=serialport.send status=failed reason=not_connected boardName=board1
[2026-08-14 09:36:42.668] [error] [serialport] event=serialport.send status=failed reason=not_connected boardName=board1
[2026-08-14 09:36:44.187] [error] [serialport] event=serialport.send status=failed reason=not_connected boardName=board1
[2026-08-14 09:36:44.921] [error] [serialport] event=serialport.send status=failed reason=not_connected boardName=board1
[2026-08-14 09:36:49.841] [error] [serialport] event=serialport.send status=failed reason=not_connected boardName=board1
[2026-08-14 09:36:53.770] [error] [serialport] event=serialport.send status=failed reason=not_connected boardName=board2
[2026-08-14 09:59:51.416] [info]  [serialport] event=serialport.connect status=started scope=all
[2026-08-14 09:59:51.457] [info]  [serialport] event=serialport.connect status=started scope=all
[2026-08-14 09:59:51.561] [error] [serialport] event=serialport.error status=failed reason=port_error boardName=board1 port=COM6 message="Opening COM6: File not found"
[2026-08-14 09:59:51.565] [error] [serialport] event=serialport.error status=failed reason=port_error boardName=board2 port=COM7 message="Opening COM7: File not found"
[2026-08-14 09:59:51.568] [error] [serialport] event=serialport.error status=failed reason=port_error boardName=board1 port=COM6 message="Opening COM6: File not found"
[2026-08-14 09:59:51.570] [error] [serialport] event=serialport.error status=failed reason=port_error boardName=board2 port=COM7 message="Opening COM7: File not found"
[2026-08-14 10:04:09.988] [info]  [serialport] event=serialport.connect status=started scope=all
[2026-08-14 10:04:10.022] [info]  [serialport] event=serialport.connect status=started scope=all
[2026-08-14 10:04:10.120] [error] [serialport] event=serialport.error status=failed reason=port_error boardName=board1 port=COM6 message="Opening COM6: File not found"
[2026-08-14 10:04:10.126] [error] [serialport] event=serialport.error status=failed reason=port_error boardName=board2 port=COM7 message="Opening COM7: File not found"
[2026-08-14 10:04:10.131] [error] [serialport] event=serialport.error status=failed reason=port_error boardName=board1 port=COM6 message="Opening COM6: File not found"
[2026-08-14 10:04:10.137] [error] [serialport] event=serialport.error status=failed reason=port_error boardName=board2 port=COM7 message="Opening COM7: File not found"
[2026-08-14 10:07:18.268] [info]  [serialport] event=serialport.connect status=started scope=all
[2026-08-14 10:07:18.298] [info]  [serialport] event=serialport.connect status=started scope=all
[2026-08-14 10:07:18.365] [error] [serialport] event=serialport.error status=failed reason=port_error boardName=board1 port=COM6 message="Opening COM6: File not found"
[2026-08-14 10:07:18.369] [error] [serialport] event=serialport.error status=failed reason=port_error boardName=board2 port=COM7 message="Opening COM7: File not found"
[2026-08-14 10:07:18.372] [error] [serialport] event=serialport.error status=failed reason=port_error boardName=board1 port=COM6 message="Opening COM6: File not found"
[2026-08-14 10:07:18.374] [error] [serialport] event=serialport.error status=failed reason=port_error boardName=board2 port=COM7 message="Opening COM7: File not found"
[2026-08-14 10:25:24.934] [info]  [serialport] event=serialport.connect status=started scope=all
[2026-08-14 10:25:24.975] [info]  [serialport] event=serialport.connect status=started scope=all
[2026-08-14 10:25:25.052] [error] [serialport] event=serialport.error status=failed reason=port_error boardName=board1 port=COM6 message="Opening COM6: File not found"
[2026-08-14 10:25:25.057] [error] [serialport] event=serialport.error status=failed reason=port_error boardName=board2 port=COM7 message="Opening COM7: File not found"
[2026-08-14 10:25:25.060] [error] [serialport] event=serialport.error status=failed reason=port_error boardName=board1 port=COM6 message="Opening COM6: File not found"
[2026-08-14 10:25:25.063] [error] [serialport] event=serialport.error status=failed reason=port_error boardName=board2 port=COM7 message="Opening COM7: File not found"
[2026-08-14 10:29:40.357] [info]  [serialport] event=serialport.connect status=started scope=all
[2026-08-14 10:29:40.397] [info]  [serialport] event=serialport.connect status=started scope=all
[2026-08-14 10:29:40.467] [error] [serialport] event=serialport.error status=failed reason=port_error boardName=board1 port=COM6 message="Opening COM6: File not found"
[2026-08-14 10:29:40.472] [error] [serialport] event=serialport.error status=failed reason=port_error boardName=board2 port=COM7 message="Opening COM7: File not found"
[2026-08-14 10:29:40.474] [error] [serialport] event=serialport.error status=failed reason=port_error boardName=board1 port=COM6 message="Opening COM6: File not found"
[2026-08-14 10:29:40.477] [error] [serialport] event=serialport.error status=failed reason=port_error boardName=board2 port=COM7 message="Opening COM7: File not found"
[2026-08-14 10:35:34.302] [info]  [serialport] event=serialport.connect status=started scope=all
[2026-08-14 10:35:34.337] [info]  [serialport] event=serialport.connect status=started scope=all
[2026-08-14 10:35:34.410] [error] [serialport] event=serialport.error status=failed reason=port_error boardName=board1 port=COM6 message="Opening COM6: File not found"
[2026-08-14 10:35:34.415] [error] [serialport] event=serialport.error status=failed reason=port_error boardName=board2 port=COM7 message="Opening COM7: File not found"
[2026-08-14 10:35:34.418] [error] [serialport] event=serialport.error status=failed reason=port_error boardName=board1 port=COM6 message="Opening COM6: File not found"
[2026-08-14 10:35:34.420] [error] [serialport] event=serialport.error status=failed reason=port_error boardName=board2 port=COM7 message="Opening COM7: File not found"
[2026-08-14 10:44:09.478] [info]  [serialport] event=serialport.connect status=started scope=all
[2026-08-14 10:44:09.512] [info]  [serialport] event=serialport.connect status=started scope=all
[2026-08-14 10:44:09.589] [error] [serialport] event=serialport.error status=failed reason=port_error boardName=board1 port=COM6 message="Opening COM6: File not found"
[2026-08-14 10:44:09.593] [error] [serialport] event=serialport.error status=failed reason=port_error boardName=board2 port=COM7 message="Opening COM7: File not found"
[2026-08-14 10:44:09.595] [error] [serialport] event=serialport.error status=failed reason=port_error boardName=board1 port=COM6 message="Opening COM6: File not found"
[2026-08-14 10:44:09.598] [error] [serialport] event=serialport.error status=failed reason=port_error boardName=board2 port=COM7 message="Opening COM7: File not found"
[2026-08-14 11:05:31.636] [info]  [serialport] event=serialport.connect status=started scope=all
[2026-08-14 11:05:31.670] [info]  [serialport] event=serialport.connect status=started scope=all
[2026-08-14 11:05:31.736] [error] [serialport] event=serialport.error status=failed reason=port_error boardName=board1 port=COM6 message="Opening COM6: File not found"
[2026-08-14 11:05:31.740] [error] [serialport] event=serialport.error status=failed reason=port_error boardName=board2 port=COM7 message="Opening COM7: File not found"
[2026-08-14 11:05:31.742] [error] [serialport] event=serialport.error status=failed reason=port_error boardName=board1 port=COM6 message="Opening COM6: File not found"
[2026-08-14 11:05:31.745] [error] [serialport] event=serialport.error status=failed reason=port_error boardName=board2 port=COM7 message="Opening COM7: File not found"
[2026-08-14 11:16:32.476] [info]  [serialport] event=serialport.connect status=started scope=all
[2026-08-14 11:16:32.511] [info]  [serialport] event=serialport.connect status=started scope=all
[2026-08-14 11:16:32.576] [error] [serialport] event=serialport.error status=failed reason=port_error boardName=board1 port=COM6 message="Opening COM6: File not found"
[2026-08-14 11:16:32.580] [error] [serialport] event=serialport.error status=failed reason=port_error boardName=board2 port=COM7 message="Opening COM7: File not found"
[2026-08-14 11:16:32.583] [error] [serialport] event=serialport.error status=failed reason=port_error boardName=board1 port=COM6 message="Opening COM6: File not found"
[2026-08-14 11:16:32.586] [error] [serialport] event=serialport.error status=failed reason=port_error boardName=board2 port=COM7 message="Opening COM7: File not found"
[2026-08-14 11:22:55.490] [info]  [serialport] event=serialport.connect status=started scope=all
[2026-08-14 11:22:55.521] [info]  [serialport] event=serialport.connect status=started scope=all
[2026-08-14 11:22:55.592] [error] [serialport] event=serialport.error status=failed reason=port_error boardName=board1 port=COM6 message="Opening COM6: File not found"
[2026-08-14 11:22:55.596] [error] [serialport] event=serialport.error status=failed reason=port_error boardName=board2 port=COM7 message="Opening COM7: File not found"
[2026-08-14 11:22:55.599] [error] [serialport] event=serialport.error status=failed reason=port_error boardName=board1 port=COM6 message="Opening COM6: File not found"
[2026-08-14 11:22:55.601] [error] [serialport] event=serialport.error status=failed reason=port_error boardName=board2 port=COM7 message="Opening COM7: File not found"
[2026-08-14 11:23:22.741] [info]  [serialport] event=serialport.connect status=started scope=all
[2026-08-14 11:23:22.775] [info]  [serialport] event=serialport.connect status=started scope=all
[2026-08-14 11:23:22.842] [error] [serialport] event=serialport.error status=failed reason=port_error boardName=board1 port=COM6 message="Opening COM6: File not found"
[2026-08-14 11:23:22.846] [error] [serialport] event=serialport.error status=failed reason=port_error boardName=board2 port=COM7 message="Opening COM7: File not found"
[2026-08-14 11:23:22.848] [error] [serialport] event=serialport.error status=failed reason=port_error boardName=board1 port=COM6 message="Opening COM6: File not found"
[2026-08-14 11:23:22.850] [error] [serialport] event=serialport.error status=failed reason=port_error boardName=board2 port=COM7 message="Opening COM7: File not found"
[2026-08-14 11:37:20.387] [info]  [serialport] event=serialport.connect status=started scope=all
[2026-08-14 11:37:20.419] [info]  [serialport] event=serialport.connect status=started scope=all
[2026-08-14 11:37:20.485] [error] [serialport] event=serialport.error status=failed reason=port_error boardName=board1 port=COM6 message="Opening COM6: File not found"
[2026-08-14 11:37:20.489] [error] [serialport] event=serialport.error status=failed reason=port_error boardName=board2 port=COM7 message="Opening COM7: File not found"
[2026-08-14 11:37:20.492] [error] [serialport] event=serialport.error status=failed reason=port_error boardName=board1 port=COM6 message="Opening COM6: File not found"
[2026-08-14 11:37:20.493] [error] [serialport] event=serialport.error status=failed reason=port_error boardName=board2 port=COM7 message="Opening COM7: File not found"
[2026-08-14 11:44:56.176] [info]  [serialport] event=serialport.connect status=started scope=all
[2026-08-14 11:44:56.207] [info]  [serialport] event=serialport.connect status=started scope=all
[2026-08-14 11:44:56.272] [error] [serialport] event=serialport.error status=failed reason=port_error boardName=board1 port=COM6 message="Opening COM6: File not found"
[2026-08-14 11:44:56.276] [error] [serialport] event=serialport.error status=failed reason=port_error boardName=board2 port=COM7 message="Opening COM7: File not found"
[2026-08-14 11:44:56.278] [error] [serialport] event=serialport.error status=failed reason=port_error boardName=board1 port=COM6 message="Opening COM6: File not found"
[2026-08-14 11:44:56.280] [error] [serialport] event=serialport.error status=failed reason=port_error boardName=board2 port=COM7 message="Opening COM7: File not found"
[2026-08-14 11:47:08.217] [info]  [serialport] event=serialport.connect status=started scope=all
[2026-08-14 11:47:08.253] [info]  [serialport] event=serialport.connect status=started scope=all
[2026-08-14 11:47:08.327] [error] [serialport] event=serialport.error status=failed reason=port_error boardName=board1 port=COM6 message="Opening COM6: File not found"
[2026-08-14 11:47:08.331] [error] [serialport] event=serialport.error status=failed reason=port_error boardName=board2 port=COM7 message="Opening COM7: File not found"
[2026-08-14 11:47:08.333] [error] [serialport] event=serialport.error status=failed reason=port_error boardName=board1 port=COM6 message="Opening COM6: File not found"
[2026-08-14 11:47:08.336] [error] [serialport] event=serialport.error status=failed reason=port_error boardName=board2 port=COM7 message="Opening COM7: File not found"
[2026-08-14 11:54:47.954] [info]  [serialport] event=serialport.connect status=started scope=all
[2026-08-14 11:54:47.987] [info]  [serialport] event=serialport.connect status=started scope=all
[2026-08-14 11:54:48.054] [error] [serialport] event=serialport.error status=failed reason=port_error boardName=board1 port=COM6 message="Opening COM6: File not found"
[2026-08-14 11:54:48.060] [error] [serialport] event=serialport.error status=failed reason=port_error boardName=board2 port=COM7 message="Opening COM7: File not found"
[2026-08-14 11:54:48.064] [error] [serialport] event=serialport.error status=failed reason=port_error boardName=board1 port=COM6 message="Opening COM6: File not found"
[2026-08-14 11:54:48.066] [error] [serialport] event=serialport.error status=failed reason=port_error boardName=board2 port=COM7 message="Opening COM7: File not found"
[2026-08-14 11:56:25.089] [info]  [serialport] event=serialport.connect status=started scope=all
[2026-08-14 11:56:25.124] [info]  [serialport] event=serialport.connect status=started scope=all
[2026-08-14 11:56:25.206] [error] [serialport] event=serialport.error status=failed reason=port_error boardName=board1 port=COM6 message="Opening COM6: File not found"
[2026-08-14 11:56:25.212] [error] [serialport] event=serialport.error status=failed reason=port_error boardName=board2 port=COM7 message="Opening COM7: File not found"
[2026-08-14 11:56:25.214] [error] [serialport] event=serialport.error status=failed reason=port_error boardName=board1 port=COM6 message="Opening COM6: File not found"
[2026-08-14 11:56:25.216] [error] [serialport] event=serialport.error status=failed reason=port_error boardName=board2 port=COM7 message="Opening COM7: File not found"
[2026-08-14 11:59:16.357] [error] [serialport] event=serialport.send status=failed reason=not_connected boardName=board1
[2026-08-14 12:10:06.745] [info]  [serialport] event=serialport.connect status=started scope=all
[2026-08-14 12:10:06.781] [info]  [serialport] event=serialport.connect status=started scope=all
[2026-08-14 12:10:06.853] [error] [serialport] event=serialport.error status=failed reason=port_error boardName=board1 port=COM6 message="Opening COM6: File not found"
[2026-08-14 12:10:06.857] [error] [serialport] event=serialport.error status=failed reason=port_error boardName=board2 port=COM7 message="Opening COM7: File not found"
[2026-08-14 12:10:06.859] [error] [serialport] event=serialport.error status=failed reason=port_error boardName=board1 port=COM6 message="Opening COM6: File not found"
[2026-08-14 12:10:06.862] [error] [serialport] event=serialport.error status=failed reason=port_error boardName=board2 port=COM7 message="Opening COM7: File not found"
[2026-08-14 12:11:17.576] [info]  [serialport] event=serialport.connect status=started scope=all
[2026-08-14 12:11:17.608] [info]  [serialport] event=serialport.connect status=started scope=all
[2026-08-14 12:11:17.678] [error] [serialport] event=serialport.error status=failed reason=port_error boardName=board1 port=COM6 message="Opening COM6: File not found"
[2026-08-14 12:11:17.683] [error] [serialport] event=serialport.error status=failed reason=port_error boardName=board2 port=COM7 message="Opening COM7: File not found"
[2026-08-14 12:11:17.686] [error] [serialport] event=serialport.error status=failed reason=port_error boardName=board1 port=COM6 message="Opening COM6: File not found"
[2026-08-14 12:11:17.688] [error] [serialport] event=serialport.error status=failed reason=port_error boardName=board2 port=COM7 message="Opening COM7: File not found"
[2026-08-14 12:13:42.459] [info]  [serialport] event=serialport.connect status=started scope=all
[2026-08-14 12:13:42.497] [info]  [serialport] event=serialport.connect status=started scope=all
[2026-08-14 12:13:42.565] [error] [serialport] event=serialport.error status=failed reason=port_error boardName=board1 port=COM6 message="Opening COM6: File not found"
[2026-08-14 12:13:42.571] [error] [serialport] event=serialport.error status=failed reason=port_error boardName=board2 port=COM7 message="Opening COM7: File not found"
[2026-08-14 12:13:42.573] [error] [serialport] event=serialport.error status=failed reason=port_error boardName=board1 port=COM6 message="Opening COM6: File not found"
[2026-08-14 12:13:42.576] [error] [serialport] event=serialport.error status=failed reason=port_error boardName=board2 port=COM7 message="Opening COM7: File not found"
[2026-08-14 12:13:53.605] [info]  [serialport] event=settings.change status=success scope=all
[2026-08-14 12:13:53.609] [info]  [serialport] event=serialport.connect status=started scope=all
[2026-08-14 12:13:53.611] [info]  [serialport] event=serialport.connect status=started scope=all
[2026-08-14 12:13:53.657] [error] [serialport] event=serialport.error status=failed reason=port_error boardName=board1 port=COM3 message="Opening COM3: File not found"
[2026-08-14 12:13:53.662] [error] [serialport] event=serialport.error status=failed reason=port_error boardName=board1 port=COM3 message="Opening COM3: File not found"
[2026-08-14 12:16:53.094] [info]  [serialport] event=serialport.connect status=started scope=all
[2026-08-14 12:16:53.126] [info]  [serialport] event=serialport.connect status=started scope=all
[2026-08-14 12:16:53.214] [error] [serialport] event=serialport.error status=failed reason=port_error boardName=board1 port=COM3 message="Opening COM3: File not found"
[2026-08-14 12:16:53.220] [error] [serialport] event=serialport.error status=failed reason=port_error boardName=board1 port=COM3 message="Opening COM3: File not found"
[2026-08-14 12:23:42.872] [info]  [serialport] event=serialport.connect status=started scope=all
[2026-08-14 12:23:42.902] [info]  [serialport] event=serialport.connect status=started scope=all
[2026-08-14 12:23:42.997] [error] [serialport] event=serialport.error status=failed reason=port_error boardName=board1 port=COM3 message="Opening COM3: File not found"
[2026-08-14 12:23:43.001] [error] [serialport] event=serialport.error status=failed reason=port_error boardName=board1 port=COM3 message="Opening COM3: File not found"
[2026-08-14 12:25:45.586] [error] [serialport] event=serialport.send status=failed reason=not_connected boardName=board1
[2026-08-14 12:27:08.555] [info]  [serialport] event=settings.change status=success scope=all
[2026-08-14 12:27:08.557] [info]  [serialport] event=serialport.connect status=started scope=all
[2026-08-14 12:27:08.560] [info]  [serialport] event=serialport.connect status=started scope=all
[2026-08-14 12:27:08.622] [info]  [serialport] event=serialport.connect status=started scope=all
[2026-08-14 12:27:08.648] [error] [serialport] event=serialport.error status=failed reason=port_error boardName=board1 port=COM6 message="Opening COM6: File not found"
[2026-08-14 12:27:08.652] [error] [serialport] event=serialport.error status=failed reason=port_error boardName=board2 port=COM7 message="Opening COM7: File not found"
[2026-08-14 12:27:08.656] [error] [serialport] event=serialport.error status=failed reason=port_error boardName=board1 port=COM6 message="Opening COM6: File not found"
[2026-08-14 12:27:08.662] [error] [serialport] event=serialport.error status=failed reason=port_error boardName=board2 port=COM7 message="Opening COM7: File not found"
[2026-08-14 12:27:08.664] [error] [serialport] event=serialport.error status=failed reason=port_error boardName=board1 port=COM6 message="Opening COM6: File not found"
[2026-08-14 12:27:08.667] [error] [serialport] event=serialport.error status=failed reason=port_error boardName=board2 port=COM7 message="Opening COM7: File not found"
[2026-08-14 12:30:45.682] [info]  [serialport] event=serialport.connect status=started scope=all
[2026-08-14 12:30:45.717] [info]  [serialport] event=serialport.connect status=started scope=all
[2026-08-14 12:30:45.806] [error] [serialport] event=serialport.error status=failed reason=port_error boardName=board1 port=COM6 message="Opening COM6: File not found"
[2026-08-14 12:30:45.811] [error] [serialport] event=serialport.error status=failed reason=port_error boardName=board2 port=COM7 message="Opening COM7: File not found"
[2026-08-14 12:30:45.814] [error] [serialport] event=serialport.error status=failed reason=port_error boardName=board1 port=COM6 message="Opening COM6: File not found"
[2026-08-14 12:30:45.817] [error] [serialport] event=serialport.error status=failed reason=port_error boardName=board2 port=COM7 message="Opening COM7: File not found"
[2026-08-14 12:33:19.272] [info]  [serialport] event=serialport.connect status=started scope=all
[2026-08-14 12:33:19.305] [info]  [serialport] event=serialport.connect status=started scope=all
[2026-08-14 12:33:19.398] [error] [serialport] event=serialport.error status=failed reason=port_error boardName=board1 port=COM6 message="Opening COM6: File not found"
[2026-08-14 12:33:19.402] [error] [serialport] event=serialport.error status=failed reason=port_error boardName=board2 port=COM7 message="Opening COM7: File not found"
[2026-08-14 12:33:19.404] [error] [serialport] event=serialport.error status=failed reason=port_error boardName=board1 port=COM6 message="Opening COM6: File not found"
[2026-08-14 12:33:19.407] [error] [serialport] event=serialport.error status=failed reason=port_error boardName=board2 port=COM7 message="Opening COM7: File not found"
[2026-08-14 12:41:06.797] [info]  [serialport] event=serialport.connect status=started scope=all
[2026-08-14 12:41:06.831] [info]  [serialport] event=serialport.connect status=started scope=all
[2026-08-14 12:41:06.945] [error] [serialport] event=serialport.error status=failed reason=port_error boardName=board1 port=COM6 message="Opening COM6: File not found"
[2026-08-14 12:41:06.950] [error] [serialport] event=serialport.error status=failed reason=port_error boardName=board2 port=COM7 message="Opening COM7: File not found"
[2026-08-14 12:41:06.953] [error] [serialport] event=serialport.error status=failed reason=port_error boardName=board1 port=COM6 message="Opening COM6: File not found"
[2026-08-14 12:41:06.956] [error] [serialport] event=serialport.error status=failed reason=port_error boardName=board2 port=COM7 message="Opening COM7: File not found"
[2026-08-14 12:44:26.246] [info]  [serialport] event=serialport.connect status=started scope=all
[2026-08-14 12:44:26.282] [info]  [serialport] event=serialport.connect status=started scope=all
[2026-08-14 12:44:26.376] [error] [serialport] event=serialport.error status=failed reason=port_error boardName=board1 port=COM6 message="Opening COM6: File not found"
[2026-08-14 12:44:26.380] [error] [serialport] event=serialport.error status=failed reason=port_error boardName=board2 port=COM7 message="Opening COM7: File not found"
[2026-08-14 12:44:26.383] [error] [serialport] event=serialport.error status=failed reason=port_error boardName=board1 port=COM6 message="Opening COM6: File not found"
[2026-08-14 12:44:26.386] [error] [serialport] event=serialport.error status=failed reason=port_error boardName=board2 port=COM7 message="Opening COM7: File not found"
[2026-08-14 12:49:57.055] [info]  [serialport] event=serialport.connect status=started scope=all
[2026-08-14 12:49:57.088] [info]  [serialport] event=serialport.connect status=started scope=all
[2026-08-14 12:49:57.157] [error] [serialport] event=serialport.error status=failed reason=port_error boardName=board1 port=COM6 message="Opening COM6: File not found"
[2026-08-14 12:49:57.163] [error] [serialport] event=serialport.error status=failed reason=port_error boardName=board2 port=COM7 message="Opening COM7: File not found"
[2026-08-14 12:49:57.166] [error] [serialport] event=serialport.error status=failed reason=port_error boardName=board1 port=COM6 message="Opening COM6: File not found"
[2026-08-14 12:49:57.168] [error] [serialport] event=serialport.error status=failed reason=port_error boardName=board2 port=COM7 message="Opening COM7: File not found"
[2026-08-14 12:50:10.689] [error] [serialport] event=serialport.send status=failed reason=not_connected boardName=board1
[2026-08-14 12:57:41.812] [info]  [serialport] event=serialport.connect status=started scope=all
[2026-08-14 12:57:41.878] [info]  [serialport] event=serialport.connect status=started scope=all
[2026-08-14 12:57:41.977] [error] [serialport] event=serialport.error status=failed reason=port_error boardName=board1 port=COM6 message="Opening COM6: File not found"
[2026-08-14 12:57:41.983] [error] [serialport] event=serialport.error status=failed reason=port_error boardName=board2 port=COM7 message="Opening COM7: File not found"
[2026-08-14 12:57:41.986] [error] [serialport] event=serialport.error status=failed reason=port_error boardName=board1 port=COM6 message="Opening COM6: File not found"
[2026-08-14 12:57:41.989] [error] [serialport] event=serialport.error status=failed reason=port_error boardName=board2 port=COM7 message="Opening COM7: File not found"
[2026-08-14 12:57:52.648] [error] [serialport] event=serialport.send status=failed reason=not_connected boardName=board1
[2026-08-14 12:58:00.173] [error] [serialport] event=serialport.send status=failed reason=not_connected boardName=board1
[2026-08-14 12:58:05.187] [error] [serialport] event=serialport.send status=failed reason=not_connected boardName=board1
[2026-08-14 12:58:08.938] [error] [serialport] event=serialport.send status=failed reason=not_connected boardName=board1
[2026-08-14 12:58:12.627] [error] [serialport] event=serialport.send status=failed reason=not_connected boardName=board1
[2026-08-14 12:58:15.213] [error] [serialport] event=serialport.send status=failed reason=not_connected boardName=board1
[2026-08-14 13:10:53.096] [info]  [serialport] event=serialport.connect status=started scope=all
[2026-08-14 13:10:53.136] [info]  [serialport] event=serialport.connect status=started scope=all
[2026-08-14 13:10:53.226] [error] [serialport] event=serialport.error status=failed reason=port_error boardName=board1 port=COM6 message="Opening COM6: File not found"
[2026-08-14 13:10:53.230] [error] [serialport] event=serialport.error status=failed reason=port_error boardName=board2 port=COM7 message="Opening COM7: File not found"
[2026-08-14 13:10:53.233] [error] [serialport] event=serialport.error status=failed reason=port_error boardName=board1 port=COM6 message="Opening COM6: File not found"
[2026-08-14 13:10:53.237] [error] [serialport] event=serialport.error status=failed reason=port_error boardName=board2 port=COM7 message="Opening COM7: File not found"
[2026-08-14 13:12:05.653] [info]  [serialport] event=serialport.connect status=started scope=all
[2026-08-14 13:12:05.688] [info]  [serialport] event=serialport.connect status=started scope=all
[2026-08-14 13:12:05.758] [error] [serialport] event=serialport.error status=failed reason=port_error boardName=board1 port=COM6 message="Opening COM6: File not found"
[2026-08-14 13:12:05.763] [error] [serialport] event=serialport.error status=failed reason=port_error boardName=board2 port=COM7 message="Opening COM7: File not found"
[2026-08-14 13:12:05.765] [error] [serialport] event=serialport.error status=failed reason=port_error boardName=board1 port=COM6 message="Opening COM6: File not found"
[2026-08-14 13:12:05.768] [error] [serialport] event=serialport.error status=failed reason=port_error boardName=board2 port=COM7 message="Opening COM7: File not found"
[2026-08-14 13:41:17.116] [info]  [serialport] event=serialport.connect status=started scope=all
[2026-08-14 13:41:17.152] [info]  [serialport] event=serialport.connect status=started scope=all
[2026-08-14 13:41:17.222] [error] [serialport] event=serialport.error status=failed reason=port_error boardName=board1 port=COM6 message="Opening COM6: File not found"
[2026-08-14 13:41:17.226] [error] [serialport] event=serialport.error status=failed reason=port_error boardName=board2 port=COM7 message="Opening COM7: File not found"
[2026-08-14 13:41:17.228] [error] [serialport] event=serialport.error status=failed reason=port_error boardName=board1 port=COM6 message="Opening COM6: File not found"
[2026-08-14 13:41:17.231] [error] [serialport] event=serialport.error status=failed reason=port_error boardName=board2 port=COM7 message="Opening COM7: File not found"
[2026-08-14 13:42:46.770] [error] [serialport] event=serialport.send status=failed reason=not_connected boardName=board1
[2026-08-14 13:50:42.969] [info]  [serialport] event=serialport.connect status=started scope=all
[2026-08-14 13:50:43.003] [info]  [serialport] event=serialport.connect status=started scope=all
[2026-08-14 13:50:43.074] [error] [serialport] event=serialport.error status=failed reason=port_error boardName=board1 port=COM6 message="Opening COM6: File not found"
[2026-08-14 13:50:43.078] [error] [serialport] event=serialport.error status=failed reason=port_error boardName=board2 port=COM7 message="Opening COM7: File not found"
[2026-08-14 13:50:43.081] [error] [serialport] event=serialport.error status=failed reason=port_error boardName=board1 port=COM6 message="Opening COM6: File not found"
[2026-08-14 13:50:43.083] [error] [serialport] event=serialport.error status=failed reason=port_error boardName=board2 port=COM7 message="Opening COM7: File not found"
[2026-08-14 13:52:59.774] [info]  [serialport] event=serialport.connect status=started scope=all
[2026-08-14 13:52:59.817] [info]  [serialport] event=serialport.connect status=started scope=all
[2026-08-14 13:52:59.904] [error] [serialport] event=serialport.error status=failed reason=port_error boardName=board1 port=COM6 message="Opening COM6: File not found"
[2026-08-14 13:52:59.910] [error] [serialport] event=serialport.error status=failed reason=port_error boardName=board2 port=COM7 message="Opening COM7: File not found"
[2026-08-14 13:52:59.913] [error] [serialport] event=serialport.error status=failed reason=port_error boardName=board1 port=COM6 message="Opening COM6: File not found"
[2026-08-14 13:52:59.916] [error] [serialport] event=serialport.error status=failed reason=port_error boardName=board2 port=COM7 message="Opening COM7: File not found"
[2026-08-14 13:57:25.990] [info]  [serialport] event=serialport.connect status=started scope=all
[2026-08-14 13:57:26.028] [info]  [serialport] event=serialport.connect status=started scope=all
[2026-08-14 13:57:26.109] [error] [serialport] event=serialport.error status=failed reason=port_error boardName=board1 port=COM6 message="Opening COM6: File not found"
[2026-08-14 13:57:26.115] [error] [serialport] event=serialport.error status=failed reason=port_error boardName=board2 port=COM7 message="Opening COM7: File not found"
[2026-08-14 13:57:26.118] [error] [serialport] event=serialport.error status=failed reason=port_error boardName=board1 port=COM6 message="Opening COM6: File not found"
[2026-08-14 13:57:26.121] [error] [serialport] event=serialport.error status=failed reason=port_error boardName=board2 port=COM7 message="Opening COM7: File not found"
[2026-08-14 13:57:52.871] [error] [serialport] event=serialport.send status=failed reason=not_connected boardName=board1
[2026-08-14 14:00:08.787] [info]  [serialport] event=serialport.connect status=started scope=all
[2026-08-14 14:00:08.836] [info]  [serialport] event=serialport.connect status=started scope=all
[2026-08-14 14:00:08.916] [error] [serialport] event=serialport.error status=failed reason=port_error boardName=board1 port=COM6 message="Opening COM6: File not found"
[2026-08-14 14:00:08.920] [error] [serialport] event=serialport.error status=failed reason=port_error boardName=board2 port=COM7 message="Opening COM7: File not found"
[2026-08-14 14:00:08.923] [error] [serialport] event=serialport.error status=failed reason=port_error boardName=board1 port=COM6 message="Opening COM6: File not found"
[2026-08-14 14:00:08.925] [error] [serialport] event=serialport.error status=failed reason=port_error boardName=board2 port=COM7 message="Opening COM7: File not found"
[2026-08-14 15:04:30.015] [info]  [serialport] event=serialport.connect status=started scope=all
[2026-08-14 15:04:30.053] [info]  [serialport] event=serialport.connect status=started scope=all
[2026-08-14 15:04:30.128] [error] [serialport] event=serialport.error status=failed reason=port_error boardName=board1 port=COM6 message="Opening COM6: File not found"
[2026-08-14 15:04:30.134] [error] [serialport] event=serialport.error status=failed reason=port_error boardName=board2 port=COM7 message="Opening COM7: File not found"
[2026-08-14 15:04:30.136] [error] [serialport] event=serialport.error status=failed reason=port_error boardName=board1 port=COM6 message="Opening COM6: File not found"
[2026-08-14 15:04:30.141] [error] [serialport] event=serialport.error status=failed reason=port_error boardName=board2 port=COM7 message="Opening COM7: File not found"
[2026-08-14 15:15:07.861] [info]  [serialport] event=serialport.connect status=started scope=all
[2026-08-14 15:15:07.895] [info]  [serialport] event=serialport.connect status=started scope=all
[2026-08-14 15:15:07.974] [error] [serialport] event=serialport.error status=failed reason=port_error boardName=board1 port=COM6 message="Opening COM6: File not found"
[2026-08-14 15:15:07.979] [error] [serialport] event=serialport.error status=failed reason=port_error boardName=board2 port=COM7 message="Opening COM7: File not found"
[2026-08-14 15:15:07.981] [error] [serialport] event=serialport.error status=failed reason=port_error boardName=board1 port=COM6 message="Opening COM6: File not found"
[2026-08-14 15:15:07.984] [error] [serialport] event=serialport.error status=failed reason=port_error boardName=board2 port=COM7 message="Opening COM7: File not found"
[2026-08-14 15:21:51.288] [info]  [serialport] event=serialport.connect status=started scope=all
[2026-08-14 15:21:51.322] [info]  [serialport] event=serialport.connect status=started scope=all
[2026-08-14 15:21:51.405] [error] [serialport] event=serialport.error status=failed reason=port_error boardName=board1 port=COM6 message="Opening COM6: File not found"
[2026-08-14 15:21:51.411] [error] [serialport] event=serialport.error status=failed reason=port_error boardName=board2 port=COM7 message="Opening COM7: File not found"
[2026-08-14 15:21:51.413] [error] [serialport] event=serialport.error status=failed reason=port_error boardName=board1 port=COM6 message="Opening COM6: File not found"
[2026-08-14 15:21:51.416] [error] [serialport] event=serialport.error status=failed reason=port_error boardName=board2 port=COM7 message="Opening COM7: File not found"
[2026-08-14 15:28:59.025] [info]  [serialport] event=serialport.connect status=started scope=all
[2026-08-14 15:28:59.063] [info]  [serialport] event=serialport.connect status=started scope=all
[2026-08-14 15:28:59.136] [error] [serialport] event=serialport.error status=failed reason=port_error boardName=board1 port=COM6 message="Opening COM6: File not found"
[2026-08-14 15:28:59.141] [error] [serialport] event=serialport.error status=failed reason=port_error boardName=board2 port=COM7 message="Opening COM7: File not found"
[2026-08-14 15:28:59.144] [error] [serialport] event=serialport.error status=failed reason=port_error boardName=board1 port=COM6 message="Opening COM6: File not found"
[2026-08-14 15:28:59.147] [error] [serialport] event=serialport.error status=failed reason=port_error boardName=board2 port=COM7 message="Opening COM7: File not found"
[2026-08-14 15:29:33.424] [error] [serialport] event=serialport.send status=failed reason=not_connected boardName=board1
[2026-08-14 15:29:41.546] [error] [serialport] event=serialport.send status=failed reason=not_connected boardName=board1
[2026-08-14 15:29:44.381] [error] [serialport] event=serialport.send status=failed reason=not_connected boardName=board1
[2026-08-14 15:37:55.207] [info]  [serialport] event=serialport.connect status=started scope=all
[2026-08-14 15:37:55.257] [info]  [serialport] event=serialport.connect status=started scope=all
[2026-08-14 15:37:55.339] [error] [serialport] event=serialport.error status=failed reason=port_error boardName=board1 port=COM6 message="Opening COM6: File not found"
[2026-08-14 15:37:55.344] [error] [serialport] event=serialport.error status=failed reason=port_error boardName=board2 port=COM7 message="Opening COM7: File not found"
[2026-08-14 15:37:55.347] [error] [serialport] event=serialport.error status=failed reason=port_error boardName=board1 port=COM6 message="Opening COM6: File not found"
[2026-08-14 15:37:55.351] [error] [serialport] event=serialport.error status=failed reason=port_error boardName=board2 port=COM7 message="Opening COM7: File not found"
[2026-08-14 15:46:44.444] [info]  [serialport] event=serialport.connect status=started scope=all
[2026-08-14 15:46:44.477] [info]  [serialport] event=serialport.connect status=started scope=all
[2026-08-14 15:46:44.547] [error] [serialport] event=serialport.error status=failed reason=port_error boardName=board1 port=COM6 message="Opening COM6: File not found"
[2026-08-14 15:46:44.551] [error] [serialport] event=serialport.error status=failed reason=port_error boardName=board2 port=COM7 message="Opening COM7: File not found"
[2026-08-14 15:46:44.555] [error] [serialport] event=serialport.error status=failed reason=port_error boardName=board1 port=COM6 message="Opening COM6: File not found"
[2026-08-14 15:46:44.558] [error] [serialport] event=serialport.error status=failed reason=port_error boardName=board2 port=COM7 message="Opening COM7: File not found"
[2026-08-14 15:58:21.703] [info]  [serialport] event=serialport.connect status=started scope=all
[2026-08-14 15:58:21.736] [info]  [serialport] event=serialport.connect status=started scope=all
[2026-08-14 15:58:21.812] [error] [serialport] event=serialport.error status=failed reason=port_error boardName=board1 port=COM6 message="Opening COM6: File not found"
[2026-08-14 15:58:21.817] [error] [serialport] event=serialport.error status=failed reason=port_error boardName=board2 port=COM7 message="Opening COM7: File not found"
[2026-08-14 15:58:21.820] [error] [serialport] event=serialport.error status=failed reason=port_error boardName=board1 port=COM6 message="Opening COM6: File not found"
[2026-08-14 15:58:21.822] [error] [serialport] event=serialport.error status=failed reason=port_error boardName=board2 port=COM7 message="Opening COM7: File not found"
[2026-08-14 16:03:02.153] [info]  [serialport] event=serialport.connect status=started scope=all
[2026-08-14 16:03:02.204] [info]  [serialport] event=serialport.connect status=started scope=all
[2026-08-14 16:03:02.284] [error] [serialport] event=serialport.error status=failed reason=port_error boardName=board1 port=COM6 message="Opening COM6: File not found"
[2026-08-14 16:03:02.289] [error] [serialport] event=serialport.error status=failed reason=port_error boardName=board2 port=COM7 message="Opening COM7: File not found"
[2026-08-14 16:03:02.292] [error] [serialport] event=serialport.error status=failed reason=port_error boardName=board1 port=COM6 message="Opening COM6: File not found"
[2026-08-14 16:03:02.294] [error] [serialport] event=serialport.error status=failed reason=port_error boardName=board2 port=COM7 message="Opening COM7: File not found"
[2026-08-14 16:04:50.847] [info]  [serialport] event=serialport.connect status=started scope=all
[2026-08-14 16:04:50.890] [info]  [serialport] event=serialport.connect status=started scope=all
[2026-08-14 16:04:50.973] [error] [serialport] event=serialport.error status=failed reason=port_error boardName=board1 port=COM6 message="Opening COM6: File not found"
[2026-08-14 16:04:50.978] [error] [serialport] event=serialport.error status=failed reason=port_error boardName=board2 port=COM7 message="Opening COM7: File not found"
[2026-08-14 16:04:50.980] [error] [serialport] event=serialport.error status=failed reason=port_error boardName=board1 port=COM6 message="Opening COM6: File not found"
[2026-08-14 16:04:50.983] [error] [serialport] event=serialport.error status=failed reason=port_error boardName=board2 port=COM7 message="Opening COM7: File not found"
[2026-08-14 16:08:20.440] [info]  [serialport] event=serialport.connect status=started scope=all
[2026-08-14 16:08:20.482] [info]  [serialport] event=serialport.connect status=started scope=all
[2026-08-14 16:08:20.555] [error] [serialport] event=serialport.error status=failed reason=port_error boardName=board1 port=COM6 message="Opening COM6: File not found"
[2026-08-14 16:08:20.560] [error] [serialport] event=serialport.error status=failed reason=port_error boardName=board2 port=COM7 message="Opening COM7: File not found"
[2026-08-14 16:08:20.562] [error] [serialport] event=serialport.error status=failed reason=port_error boardName=board1 port=COM6 message="Opening COM6: File not found"
[2026-08-14 16:08:20.566] [error] [serialport] event=serialport.error status=failed reason=port_error boardName=board2 port=COM7 message="Opening COM7: File not found"
[2026-08-14 16:10:43.646] [info]  [serialport] event=serialport.connect status=started scope=all
[2026-08-14 16:10:43.685] [info]  [serialport] event=serialport.connect status=started scope=all
[2026-08-14 16:10:43.771] [error] [serialport] event=serialport.error status=failed reason=port_error boardName=board1 port=COM6 message="Opening COM6: File not found"
[2026-08-14 16:10:43.776] [error] [serialport] event=serialport.error status=failed reason=port_error boardName=board2 port=COM7 message="Opening COM7: File not found"
[2026-08-14 16:10:43.779] [error] [serialport] event=serialport.error status=failed reason=port_error boardName=board1 port=COM6 message="Opening COM6: File not found"
[2026-08-14 16:10:43.783] [error] [serialport] event=serialport.error status=failed reason=port_error boardName=board2 port=COM7 message="Opening COM7: File not found"
[2026-08-14 16:12:23.642] [info]  [serialport] event=serialport.connect status=started scope=all
[2026-08-14 16:12:23.678] [info]  [serialport] event=serialport.connect status=started scope=all
[2026-08-14 16:12:23.757] [error] [serialport] event=serialport.error status=failed reason=port_error boardName=board1 port=COM6 message="Opening COM6: File not found"
[2026-08-14 16:12:23.762] [error] [serialport] event=serialport.error status=failed reason=port_error boardName=board2 port=COM7 message="Opening COM7: File not found"
[2026-08-14 16:12:23.765] [error] [serialport] event=serialport.error status=failed reason=port_error boardName=board1 port=COM6 message="Opening COM6: File not found"
[2026-08-14 16:12:23.767] [error] [serialport] event=serialport.error status=failed reason=port_error boardName=board2 port=COM7 message="Opening COM7: File not found"
[2026-08-14 16:15:58.860] [info]  [serialport] event=serialport.connect status=started scope=all
[2026-08-14 16:15:58.895] [info]  [serialport] event=serialport.connect status=started scope=all
[2026-08-14 16:15:58.967] [error] [serialport] event=serialport.error status=failed reason=port_error boardName=board1 port=COM6 message="Opening COM6: File not found"
[2026-08-14 16:15:58.972] [error] [serialport] event=serialport.error status=failed reason=port_error boardName=board2 port=COM7 message="Opening COM7: File not found"
[2026-08-14 16:15:58.975] [error] [serialport] event=serialport.error status=failed reason=port_error boardName=board1 port=COM6 message="Opening COM6: File not found"
[2026-08-14 16:15:58.977] [error] [serialport] event=serialport.error status=failed reason=port_error boardName=board2 port=COM7 message="Opening COM7: File not found"
[2026-08-14 16:19:01.902] [info]  [serialport] event=serialport.connect status=started scope=all
[2026-08-14 16:19:01.933] [info]  [serialport] event=serialport.connect status=started scope=all
[2026-08-14 16:19:02.012] [error] [serialport] event=serialport.error status=failed reason=port_error boardName=board1 port=COM6 message="Opening COM6: File not found"
[2026-08-14 16:19:02.017] [error] [serialport] event=serialport.error status=failed reason=port_error boardName=board2 port=COM7 message="Opening COM7: File not found"
[2026-08-14 16:19:02.020] [error] [serialport] event=serialport.error status=failed reason=port_error boardName=board1 port=COM6 message="Opening COM6: File not found"
[2026-08-14 16:19:02.023] [error] [serialport] event=serialport.error status=failed reason=port_error boardName=board2 port=COM7 message="Opening COM7: File not found"
[2026-08-14 16:25:36.300] [info]  [serialport] event=serialport.connect status=started scope=all
[2026-08-14 16:25:36.335] [info]  [serialport] event=serialport.connect status=started scope=all
[2026-08-14 16:25:36.418] [error] [serialport] event=serialport.error status=failed reason=port_error boardName=board1 port=COM6 message="Opening COM6: File not found"
[2026-08-14 16:25:36.423] [error] [serialport] event=serialport.error status=failed reason=port_error boardName=board2 port=COM7 message="Opening COM7: File not found"
[2026-08-14 16:25:36.427] [error] [serialport] event=serialport.error status=failed reason=port_error boardName=board1 port=COM6 message="Opening COM6: File not found"
[2026-08-14 16:25:36.432] [error] [serialport] event=serialport.error status=failed reason=port_error boardName=board2 port=COM7 message="Opening COM7: File not found"
[2026-08-14 16:28:10.095] [info]  [serialport] event=serialport.connect status=started scope=all
[2026-08-14 16:28:10.134] [info]  [serialport] event=serialport.connect status=started scope=all
[2026-08-14 16:28:10.216] [error] [serialport] event=serialport.error status=failed reason=port_error boardName=board1 port=COM6 message="Opening COM6: File not found"
[2026-08-14 16:28:10.222] [error] [serialport] event=serialport.error status=failed reason=port_error boardName=board2 port=COM7 message="Opening COM7: File not found"
[2026-08-14 16:28:10.224] [error] [serialport] event=serialport.error status=failed reason=port_error boardName=board1 port=COM6 message="Opening COM6: File not found"
[2026-08-14 16:28:10.229] [error] [serialport] event=serialport.error status=failed reason=port_error boardName=board2 port=COM7 message="Opening COM7: File not found"
[2026-08-14 16:31:39.898] [info]  [serialport] event=serialport.connect status=started scope=all
[2026-08-14 16:31:39.933] [info]  [serialport] event=serialport.connect status=started scope=all
[2026-08-14 16:31:40.006] [error] [serialport] event=serialport.error status=failed reason=port_error boardName=board1 port=COM6 message="Opening COM6: File not found"
[2026-08-14 16:31:40.012] [error] [serialport] event=serialport.error status=failed reason=port_error boardName=board2 port=COM7 message="Opening COM7: File not found"
[2026-08-14 16:31:40.016] [error] [serialport] event=serialport.error status=failed reason=port_error boardName=board1 port=COM6 message="Opening COM6: File not found"
[2026-08-14 16:31:40.018] [error] [serialport] event=serialport.error status=failed reason=port_error boardName=board2 port=COM7 message="Opening COM7: File not found"
[2026-08-14 16:36:03.173] [info]  [serialport] event=serialport.connect status=started scope=all
[2026-08-14 16:36:03.205] [info]  [serialport] event=serialport.connect status=started scope=all
[2026-08-14 16:36:03.275] [error] [serialport] event=serialport.error status=failed reason=port_error boardName=board1 port=COM6 message="Opening COM6: File not found"
[2026-08-14 16:36:03.280] [error] [serialport] event=serialport.error status=failed reason=port_error boardName=board2 port=COM7 message="Opening COM7: File not found"
[2026-08-14 16:36:03.284] [error] [serialport] event=serialport.error status=failed reason=port_error boardName=board1 port=COM6 message="Opening COM6: File not found"
[2026-08-14 16:36:03.286] [error] [serialport] event=serialport.error status=failed reason=port_error boardName=board2 port=COM7 message="Opening COM7: File not found"
[2026-08-14 16:39:45.381] [info]  [serialport] event=serialport.connect status=started scope=all
[2026-08-14 16:39:45.419] [info]  [serialport] event=serialport.connect status=started scope=all
[2026-08-14 16:39:45.494] [error] [serialport] event=serialport.error status=failed reason=port_error boardName=board1 port=COM6 message="Opening COM6: File not found"
[2026-08-14 16:39:45.498] [error] [serialport] event=serialport.error status=failed reason=port_error boardName=board2 port=COM7 message="Opening COM7: File not found"
[2026-08-14 16:39:45.502] [error] [serialport] event=serialport.error status=failed reason=port_error boardName=board1 port=COM6 message="Opening COM6: File not found"
[2026-08-14 16:39:45.505] [error] [serialport] event=serialport.error status=failed reason=port_error boardName=board2 port=COM7 message="Opening COM7: File not found"
[2026-08-14 16:44:06.411] [info]  [serialport] event=serialport.connect status=started scope=all
[2026-08-14 16:44:06.444] [info]  [serialport] event=serialport.connect status=started scope=all
[2026-08-14 16:44:06.510] [error] [serialport] event=serialport.error status=failed reason=port_error boardName=board1 port=COM6 message="Opening COM6: File not found"
[2026-08-14 16:44:06.514] [error] [serialport] event=serialport.error status=failed reason=port_error boardName=board2 port=COM7 message="Opening COM7: File not found"
[2026-08-14 16:44:06.517] [error] [serialport] event=serialport.error status=failed reason=port_error boardName=board1 port=COM6 message="Opening COM6: File not found"
[2026-08-14 16:44:06.520] [error] [serialport] event=serialport.error status=failed reason=port_error boardName=board2 port=COM7 message="Opening COM7: File not found"
[2026-08-14 16:46:54.288] [info]  [serialport] event=serialport.connect status=started scope=all
[2026-08-14 16:46:54.321] [info]  [serialport] event=serialport.connect status=started scope=all
[2026-08-14 16:46:54.394] [error] [serialport] event=serialport.error status=failed reason=port_error boardName=board1 port=COM6 message="Opening COM6: File not found"
[2026-08-14 16:46:54.398] [error] [serialport] event=serialport.error status=failed reason=port_error boardName=board2 port=COM7 message="Opening COM7: File not found"
[2026-08-14 16:46:54.400] [error] [serialport] event=serialport.error status=failed reason=port_error boardName=board1 port=COM6 message="Opening COM6: File not found"
[2026-08-14 16:46:54.403] [error] [serialport] event=serialport.error status=failed reason=port_error boardName=board2 port=COM7 message="Opening COM7: File not found"
[2026-08-14 16:50:43.882] [info]  [serialport] event=serialport.connect status=started scope=all
[2026-08-14 16:50:43.929] [info]  [serialport] event=serialport.connect status=started scope=all
[2026-08-14 16:50:44.011] [error] [serialport] event=serialport.error status=failed reason=port_error boardName=board1 port=COM6 message="Opening COM6: File not found"
[2026-08-14 16:50:44.017] [error] [serialport] event=serialport.error status=failed reason=port_error boardName=board2 port=COM7 message="Opening COM7: File not found"
[2026-08-14 16:50:44.020] [error] [serialport] event=serialport.error status=failed reason=port_error boardName=board1 port=COM6 message="Opening COM6: File not found"
[2026-08-14 16:50:44.025] [error] [serialport] event=serialport.error status=failed reason=port_error boardName=board2 port=COM7 message="Opening COM7: File not found"
[2026-08-14 16:51:58.068] [error] [serialport] event=serialport.send status=failed reason=not_connected boardName=board1
[2026-08-14 16:52:05.398] [error] [serialport] event=serialport.send status=failed reason=not_connected boardName=board1
[2026-08-14 16:52:13.312] [error] [serialport] event=serialport.send status=failed reason=not_connected boardName=board1
[2026-08-14 16:52:22.736] [error] [serialport] event=serialport.send status=failed reason=not_connected boardName=board1
[2026-08-14 16:55:44.234] [info]  [serialport] event=serialport.connect status=started scope=all
[2026-08-14 16:55:44.271] [info]  [serialport] event=serialport.connect status=started scope=all
[2026-08-14 16:55:44.348] [error] [serialport] event=serialport.error status=failed reason=port_error boardName=board1 port=COM6 message="Opening COM6: File not found"
[2026-08-14 16:55:44.352] [error] [serialport] event=serialport.error status=failed reason=port_error boardName=board2 port=COM7 message="Opening COM7: File not found"
[2026-08-14 16:55:44.355] [error] [serialport] event=serialport.error status=failed reason=port_error boardName=board1 port=COM6 message="Opening COM6: File not found"
[2026-08-14 16:55:44.357] [error] [serialport] event=serialport.error status=failed reason=port_error boardName=board2 port=COM7 message="Opening COM7: File not found"
[2026-08-14 17:01:46.172] [info]  [serialport] event=serialport.connect status=started scope=all
[2026-08-14 17:01:46.206] [info]  [serialport] event=serialport.connect status=started scope=all
[2026-08-14 17:01:46.284] [error] [serialport] event=serialport.error status=failed reason=port_error boardName=board1 port=COM6 message="Opening COM6: File not found"
[2026-08-14 17:01:46.289] [error] [serialport] event=serialport.error status=failed reason=port_error boardName=board2 port=COM7 message="Opening COM7: File not found"
[2026-08-14 17:01:46.291] [error] [serialport] event=serialport.error status=failed reason=port_error boardName=board1 port=COM6 message="Opening COM6: File not found"
[2026-08-14 17:01:46.293] [error] [serialport] event=serialport.error status=failed reason=port_error boardName=board2 port=COM7 message="Opening COM7: File not found"
[2026-08-14 17:05:09.494] [info]  [serialport] event=serialport.connect status=started scope=all
[2026-08-14 17:05:09.534] [info]  [serialport] event=serialport.connect status=started scope=all
[2026-08-14 17:05:09.610] [error] [serialport] event=serialport.error status=failed reason=port_error boardName=board1 port=COM6 message="Opening COM6: File not found"
[2026-08-14 17:05:09.614] [error] [serialport] event=serialport.error status=failed reason=port_error boardName=board2 port=COM7 message="Opening COM7: File not found"
[2026-08-14 17:05:09.618] [error] [serialport] event=serialport.error status=failed reason=port_error boardName=board1 port=COM6 message="Opening COM6: File not found"
[2026-08-14 17:05:09.622] [error] [serialport] event=serialport.error status=failed reason=port_error boardName=board2 port=COM7 message="Opening COM7: File not found"
[2026-08-14 17:09:10.473] [info]  [serialport] event=serialport.connect status=started scope=all
[2026-08-14 17:09:10.511] [info]  [serialport] event=serialport.connect status=started scope=all
[2026-08-14 17:09:10.589] [error] [serialport] event=serialport.error status=failed reason=port_error boardName=board1 port=COM6 message="Opening COM6: File not found"
[2026-08-14 17:09:10.594] [error] [serialport] event=serialport.error status=failed reason=port_error boardName=board2 port=COM7 message="Opening COM7: File not found"
[2026-08-14 17:09:10.596] [error] [serialport] event=serialport.error status=failed reason=port_error boardName=board1 port=COM6 message="Opening COM6: File not found"
[2026-08-14 17:09:10.600] [error] [serialport] event=serialport.error status=failed reason=port_error boardName=board2 port=COM7 message="Opening COM7: File not found"
[2026-08-14 17:14:35.365] [info]  [serialport] event=serialport.connect status=started scope=all
[2026-08-14 17:14:35.399] [info]  [serialport] event=serialport.connect status=started scope=all
[2026-08-14 17:14:35.478] [error] [serialport] event=serialport.error status=failed reason=port_error boardName=board1 port=COM6 message="Opening COM6: File not found"
[2026-08-14 17:14:35.484] [error] [serialport] event=serialport.error status=failed reason=port_error boardName=board2 port=COM7 message="Opening COM7: File not found"
[2026-08-14 17:14:35.487] [error] [serialport] event=serialport.error status=failed reason=port_error boardName=board1 port=COM6 message="Opening COM6: File not found"
[2026-08-14 17:14:35.492] [error] [serialport] event=serialport.error status=failed reason=port_error boardName=board2 port=COM7 message="Opening COM7: File not found"
[2026-08-14 17:19:11.290] [info]  [serialport] event=serialport.connect status=started scope=all
[2026-08-14 17:19:11.327] [info]  [serialport] event=serialport.connect status=started scope=all
[2026-08-14 17:19:11.410] [error] [serialport] event=serialport.error status=failed reason=port_error boardName=board1 port=COM6 message="Opening COM6: File not found"
[2026-08-14 17:19:11.415] [error] [serialport] event=serialport.error status=failed reason=port_error boardName=board2 port=COM7 message="Opening COM7: File not found"
[2026-08-14 17:19:11.417] [error] [serialport] event=serialport.error status=failed reason=port_error boardName=board1 port=COM6 message="Opening COM6: File not found"
[2026-08-14 17:19:11.420] [error] [serialport] event=serialport.error status=failed reason=port_error boardName=board2 port=COM7 message="Opening COM7: File not found"
[2026-08-14 17:24:38.402] [info]  [serialport] event=serialport.connect status=started scope=all
[2026-08-14 17:24:38.441] [info]  [serialport] event=serialport.connect status=started scope=all
[2026-08-14 17:24:38.511] [error] [serialport] event=serialport.error status=failed reason=port_error boardName=board1 port=COM6 message="Opening COM6: File not found"
[2026-08-14 17:24:38.517] [error] [serialport] event=serialport.error status=failed reason=port_error boardName=board2 port=COM7 message="Opening COM7: File not found"
[2026-08-14 17:24:38.519] [error] [serialport] event=serialport.error status=failed reason=port_error boardName=board1 port=COM6 message="Opening COM6: File not found"
[2026-08-14 17:24:38.521] [error] [serialport] event=serialport.error status=failed reason=port_error boardName=board2 port=COM7 message="Opening COM7: File not found"
[2026-08-14 17:33:38.310] [info]  [serialport] event=serialport.connect status=started scope=all
[2026-08-14 17:33:38.350] [info]  [serialport] event=serialport.connect status=started scope=all
[2026-08-14 17:33:38.434] [error] [serialport] event=serialport.error status=failed reason=port_error boardName=board1 port=COM6 message="Opening COM6: File not found"
[2026-08-14 17:33:38.441] [error] [serialport] event=serialport.error status=failed reason=port_error boardName=board2 port=COM7 message="Opening COM7: File not found"
[2026-08-14 17:33:38.444] [error] [serialport] event=serialport.error status=failed reason=port_error boardName=board1 port=COM6 message="Opening COM6: File not found"
[2026-08-14 17:33:38.447] [error] [serialport] event=serialport.error status=failed reason=port_error boardName=board2 port=COM7 message="Opening COM7: File not found"
[2026-08-14 17:56:26.292] [info]  [serialport] event=serialport.connect status=started scope=all
[2026-08-14 17:56:26.326] [info]  [serialport] event=serialport.connect status=started scope=all
[2026-08-14 17:56:26.406] [error] [serialport] event=serialport.error status=failed reason=port_error boardName=board1 port=COM6 message="Opening COM6: File not found"
[2026-08-14 17:56:26.413] [error] [serialport] event=serialport.error status=failed reason=port_error boardName=board2 port=COM7 message="Opening COM7: File not found"
[2026-08-14 17:56:26.415] [error] [serialport] event=serialport.error status=failed reason=port_error boardName=board1 port=COM6 message="Opening COM6: File not found"
[2026-08-14 17:56:26.418] [error] [serialport] event=serialport.error status=failed reason=port_error boardName=board2 port=COM7 message="Opening COM7: File not found"
[2026-08-14 18:01:00.168] [info]  [serialport] event=serialport.connect status=started scope=all
[2026-08-14 18:01:00.204] [info]  [serialport] event=serialport.connect status=started scope=all
[2026-08-14 18:01:00.272] [error] [serialport] event=serialport.error status=failed reason=port_error boardName=board1 port=COM6 message="Opening COM6: File not found"
[2026-08-14 18:01:00.277] [error] [serialport] event=serialport.error status=failed reason=port_error boardName=board2 port=COM7 message="Opening COM7: File not found"
[2026-08-14 18:01:00.280] [error] [serialport] event=serialport.error status=failed reason=port_error boardName=board1 port=COM6 message="Opening COM6: File not found"
[2026-08-14 18:01:00.283] [error] [serialport] event=serialport.error status=failed reason=port_error boardName=board2 port=COM7 message="Opening COM7: File not found"
[2026-08-14 18:06:07.922] [info]  [serialport] event=serialport.connect status=started scope=all
[2026-08-14 18:06:07.961] [info]  [serialport] event=serialport.connect status=started scope=all
[2026-08-14 18:06:08.043] [error] [serialport] event=serialport.error status=failed reason=port_error boardName=board1 port=COM6 message="Opening COM6: File not found"
[2026-08-14 18:06:08.049] [error] [serialport] event=serialport.error status=failed reason=port_error boardName=board2 port=COM7 message="Opening COM7: File not found"
[2026-08-14 18:06:08.052] [error] [serialport] event=serialport.error status=failed reason=port_error boardName=board1 port=COM6 message="Opening COM6: File not found"
[2026-08-14 18:06:08.055] [error] [serialport] event=serialport.error status=failed reason=port_error boardName=board2 port=COM7 message="Opening COM7: File not found"
[2026-08-14 18:15:38.013] [info]  [serialport] event=serialport.connect status=started scope=all
[2026-08-14 18:15:38.049] [info]  [serialport] event=serialport.connect status=started scope=all
[2026-08-14 18:15:38.122] [error] [serialport] event=serialport.error status=failed reason=port_error boardName=board1 port=COM6 message="Opening COM6: File not found"
[2026-08-14 18:15:38.127] [error] [serialport] event=serialport.error status=failed reason=port_error boardName=board2 port=COM7 message="Opening COM7: File not found"
[2026-08-14 18:15:38.129] [error] [serialport] event=serialport.error status=failed reason=port_error boardName=board1 port=COM6 message="Opening COM6: File not found"
[2026-08-14 18:15:38.132] [error] [serialport] event=serialport.error status=failed reason=port_error boardName=board2 port=COM7 message="Opening COM7: File not found"
[2026-08-14 18:18:24.703] [info]  [serialport] event=serialport.connect status=started scope=all
[2026-08-14 18:18:24.745] [info]  [serialport] event=serialport.connect status=started scope=all
[2026-08-14 18:18:24.823] [error] [serialport] event=serialport.error status=failed reason=port_error boardName=board1 port=COM6 message="Opening COM6: File not found"
[2026-08-14 18:18:24.829] [error] [serialport] event=serialport.error status=failed reason=port_error boardName=board2 port=COM7 message="Opening COM7: File not found"
[2026-08-14 18:18:24.831] [error] [serialport] event=serialport.error status=failed reason=port_error boardName=board1 port=COM6 message="Opening COM6: File not found"
[2026-08-14 18:18:24.834] [error] [serialport] event=serialport.error status=failed reason=port_error boardName=board2 port=COM7 message="Opening COM7: File not found"
[2026-08-14 18:25:23.027] [info]  [serialport] event=serialport.connect status=started scope=all
[2026-08-14 18:25:23.096] [info]  [serialport] event=serialport.connect status=started scope=all
[2026-08-14 18:25:23.212] [error] [serialport] event=serialport.error status=failed reason=port_error boardName=board1 port=COM6 message="Opening COM6: File not found"
[2026-08-14 18:25:23.217] [error] [serialport] event=serialport.error status=failed reason=port_error boardName=board2 port=COM7 message="Opening COM7: File not found"
[2026-08-14 18:25:23.219] [error] [serialport] event=serialport.error status=failed reason=port_error boardName=board1 port=COM6 message="Opening COM6: File not found"
[2026-08-14 18:25:23.222] [error] [serialport] event=serialport.error status=failed reason=port_error boardName=board2 port=COM7 message="Opening COM7: File not found"
[2026-08-14 18:29:56.942] [info]  [serialport] event=serialport.connect status=started scope=all
[2026-08-14 18:29:56.983] [info]  [serialport] event=serialport.connect status=started scope=all
[2026-08-14 18:29:57.053] [error] [serialport] event=serialport.error status=failed reason=port_error boardName=board1 port=COM6 message="Opening COM6: File not found"
[2026-08-14 18:29:57.058] [error] [serialport] event=serialport.error status=failed reason=port_error boardName=board2 port=COM7 message="Opening COM7: File not found"
[2026-08-14 18:29:57.061] [error] [serialport] event=serialport.error status=failed reason=port_error boardName=board1 port=COM6 message="Opening COM6: File not found"
[2026-08-14 18:29:57.064] [error] [serialport] event=serialport.error status=failed reason=port_error boardName=board2 port=COM7 message="Opening COM7: File not found"
[2026-08-14 18:39:08.538] [info]  [serialport] event=serialport.connect status=started scope=all
[2026-08-14 18:39:08.571] [info]  [serialport] event=serialport.connect status=started scope=all
[2026-08-14 18:39:08.645] [error] [serialport] event=serialport.error status=failed reason=port_error boardName=board1 port=COM6 message="Opening COM6: File not found"
[2026-08-14 18:39:08.650] [error] [serialport] event=serialport.error status=failed reason=port_error boardName=board2 port=COM7 message="Opening COM7: File not found"
[2026-08-14 18:39:08.653] [error] [serialport] event=serialport.error status=failed reason=port_error boardName=board1 port=COM6 message="Opening COM6: File not found"
[2026-08-14 18:39:08.658] [error] [serialport] event=serialport.error status=failed reason=port_error boardName=board2 port=COM7 message="Opening COM7: File not found"
[2026-08-14 18:42:12.653] [info]  [serialport] event=serialport.connect status=started scope=all
[2026-08-14 18:42:12.702] [info]  [serialport] event=serialport.connect status=started scope=all
[2026-08-14 18:42:12.780] [error] [serialport] event=serialport.error status=failed reason=port_error boardName=board1 port=COM6 message="Opening COM6: File not found"
[2026-08-14 18:42:12.786] [error] [serialport] event=serialport.error status=failed reason=port_error boardName=board2 port=COM7 message="Opening COM7: File not found"
[2026-08-14 18:42:12.789] [error] [serialport] event=serialport.error status=failed reason=port_error boardName=board1 port=COM6 message="Opening COM6: File not found"
[2026-08-14 18:42:12.792] [error] [serialport] event=serialport.error status=failed reason=port_error boardName=board2 port=COM7 message="Opening COM7: File not found"
[2026-08-14 18:44:43.675] [info]  [serialport] event=serialport.connect status=started scope=all
[2026-08-14 18:44:43.709] [info]  [serialport] event=serialport.connect status=started scope=all
[2026-08-14 18:44:43.786] [error] [serialport] event=serialport.error status=failed reason=port_error boardName=board1 port=COM6 message="Opening COM6: File not found"
[2026-08-14 18:44:43.793] [error] [serialport] event=serialport.error status=failed reason=port_error boardName=board2 port=COM7 message="Opening COM7: File not found"
[2026-08-14 18:44:43.796] [error] [serialport] event=serialport.error status=failed reason=port_error boardName=board1 port=COM6 message="Opening COM6: File not found"
[2026-08-14 18:44:43.798] [error] [serialport] event=serialport.error status=failed reason=port_error boardName=board2 port=COM7 message="Opening COM7: File not found"