[2026-09-10 00:50:14.324] [info]  [TOSS RAW ORDER] orderId=752918855616239242, items=[{"name":"아메리카노","productNo":"16501919","options":[{"optionCode":"1729278","optionName":"HOT","price":0,"quantity":1},{"optionCode":"1729289","optionName":"스탠다드","price":0,"quantity":1}]}]
[2026-09-10 00:50:14.330] [info]  [TOSS ITEM RESOLVED] orderId=752918855616239242, item="아메리카노" (16501919) | rawOptions=[{"optionCode":"1729278","optionName":"HOT","price":0,"quantity":1},{"optionCode":"1729289","optionName":"스탠다드","price":0,"quantity":1}] ➔ resolved="HOT 아메리카노 (시그니처)" (GSH1002) steps={"step1":["CUP","HOT"],"step2":["COFFEE","60"],"step3":["HOT","260"],"options":[{"group":"온도","name":"아이스","code":"IC","price":0}]}
[2026-09-10 00:51:02.585] [info]  [toss] event=order.completed status=success source=toss virtual=off mode=order orderId=752918855616239242 bill=752918855616239242 menuCount=1
[2026-09-10 05:18:09.927] [info]  [TOSS RAW ORDER] orderId=752986286070106116, items=[{"name":"아메리카노","productNo":"16501919","options":[{"optionCode":"1729279","optionName":"ICE","price":0,"quantity":1},{"optionCode":"1729289","optionName":"스탠다드","price":0,"quantity":1}]}]
[2026-09-10 05:18:09.931] [info]  [TOSS ITEM RESOLVED] orderId=752986286070106116, item="아메리카노" (16501919) | rawOptions=[{"optionCode":"1729279","optionName":"ICE","price":0,"quantity":1},{"optionCode":"1729289","optionName":"스탠다드","price":0,"quantity":1}] ➔ resolved="ICE 아메리카노 (시그니처)" (GSI1002) steps={"step1":["CUP","ICE"],"step2":["COFFEE",60],"step3":["ICE","5000"],"step4":["COLD","120"]}
[2026-09-10 05:18:51.735] [info]  [toss] event=order.completed status=success source=toss virtual=off mode=order orderId=752986286070106116 bill=752986286070106116 menuCount=1
[2026-09-10 06:15:15.785] [info]  [TOSS RAW ORDER] orderId=753000651192209674, items=[{"name":"아메리카노","productNo":"16501919","options":[{"optionCode":"1729278","optionName":"HOT","price":0,"quantity":1},{"optionCode":"1729289","optionName":"스탠다드","price":0,"quantity":1}]}]
[2026-09-10 06:15:15.791] [info]  [TOSS ITEM RESOLVED] orderId=753000651192209674, item="아메리카노" (16501919) | rawOptions=[{"optionCode":"1729278","optionName":"HOT","price":0,"quantity":1},{"optionCode":"1729289","optionName":"스탠다드","price":0,"quantity":1}] ➔ resolved="HOT 아메리카노 (시그니처)" (GSH1002) steps={"step1":["CUP","HOT"],"step2":["COFFEE","60"],"step3":["HOT","260"],"options":[{"group":"온도","name":"아이스","code":"IC","price":0}]}
[2026-09-10 06:16:07.955] [info]  [toss] event=order.completed status=success source=toss virtual=off mode=order orderId=753000651192209674 bill=753000651192209674 menuCount=1
[2026-09-10 06:17:35.677] [info]  [TOSS RAW ORDER] orderId=753001240160566847, items=[{"name":"아메리카노","productNo":"16501919","options":[{"optionCode":"1729278","optionName":"HOT","price":0,"quantity":1},{"optionCode":"1729289","optionName":"스탠다드","price":0,"quantity":1}]}]
[2026-09-10 06:17:35.681] [info]  [TOSS ITEM RESOLVED] orderId=753001240160566847, item="아메리카노" (16501919) | rawOptions=[{"optionCode":"1729278","optionName":"HOT","price":0,"quantity":1},{"optionCode":"1729289","optionName":"스탠다드","price":0,"quantity":1}] ➔ resolved="HOT 아메리카노 (시그니처)" (GSH1002) steps={"step1":["CUP","HOT"],"step2":["COFFEE","60"],"step3":["HOT","260"],"options":[{"group":"온도","name":"아이스","code":"IC","price":0}]}
[2026-09-10 06:18:29.499] [info]  [toss] event=order.completed status=success source=toss virtual=off mode=order orderId=753001240160566847 bill=753001240160566847 menuCount=1
[2026-09-10 06:59:34.938] [info]  [TOSS RAW ORDER] orderId=753011809500459344, items=[{"name":"아메리카노","productNo":"16501919","options":[{"optionCode":"1729279","optionName":"ICE","price":0,"quantity":1},{"optionCode":"1729289","optionName":"스탠다드","price":0,"quantity":1}]}]
[2026-09-10 06:59:34.943] [info]  [TOSS ITEM RESOLVED] orderId=753011809500459344, item="아메리카노" (16501919) | rawOptions=[{"optionCode":"1729279","optionName":"ICE","price":0,"quantity":1},{"optionCode":"1729289","optionName":"스탠다드","price":0,"quantity":1}] ➔ resolved="ICE 아메리카노 (시그니처)" (GSI1002) steps={"step1":["CUP","ICE"],"step2":["COFFEE",60],"step3":["ICE","5000"],"step4":["COLD","120"]}
[2026-09-10 07:00:27.447] [info]  [toss] event=order.completed status=success source=toss virtual=off mode=order orderId=753011809500459344 bill=753011809500459344 menuCount=1
[2026-09-10 07:53:37.187] [info]  [TOSS RAW ORDER] orderId=753025407299820565, items=[{"name":"아메리카노","productNo":"16501919","options":[{"optionCode":"1729279","optionName":"ICE","price":0,"quantity":1},{"optionCode":"1729289","optionName":"스탠다드","price":0,"quantity":1}]}]
[2026-09-10 07:53:37.192] [info]  [TOSS ITEM RESOLVED] orderId=753025407299820565, item="아메리카노" (16501919) | rawOptions=[{"optionCode":"1729279","optionName":"ICE","price":0,"quantity":1},{"optionCode":"1729289","optionName":"스탠다드","price":0,"quantity":1}] ➔ resolved="ICE 아메리카노 (시그니처)" (GSI1002) steps={"step1":["CUP","ICE"],"step2":["COFFEE",60],"step3":["ICE","5000"],"step4":["COLD","120"]}
[2026-09-10 07:55:18.333] [info]  [toss] event=order.completed status=success source=toss virtual=off mode=order orderId=753025407299820565 bill=753025407299820565 menuCount=2
[2026-09-10 08:50:41.470] [info]  [TOSS RAW ORDER] orderId=753039772904257623, items=[{"name":"아메리카노","productNo":"16501919","options":[{"optionCode":"1729278","optionName":"HOT","price":0,"quantity":1},{"optionCode":"1729289","optionName":"스탠다드","price":0,"quantity":1}]}]
[2026-09-10 08:50:41.476] [info]  [TOSS ITEM RESOLVED] orderId=753039772904257623, item="아메리카노" (16501919) | rawOptions=[{"optionCode":"1729278","optionName":"HOT","price":0,"quantity":1},{"optionCode":"1729289","optionName":"스탠다드","price":0,"quantity":1}] ➔ resolved="HOT 아메리카노 (시그니처)" (GSH1002) steps={"step1":["CUP","HOT"],"step2":["COFFEE","60"],"step3":["HOT","260"],"options":[{"group":"온도","name":"아이스","code":"IC","price":0}]}
[2026-09-10 08:51:42.347] [info]  [toss] event=order.completed status=success source=toss virtual=off mode=order orderId=753039772904257623 bill=753039772904257623 menuCount=1
[2026-09-10 09:00:16.266] [info]  [TOSS RAW ORDER] orderId=753042177226118699, items=[{"name":"아메리카노(스페셜티)","productNo":"16501920","options":[{"optionCode":"1729279","optionName":"ICE","price":0,"quantity":1}]}]
[2026-09-10 09:00:16.270] [info]  [TOSS ITEM RESOLVED] orderId=753042177226118699, item="아메리카노(스페셜티)" (16501920) | rawOptions=[{"optionCode":"1729279","optionName":"ICE","price":0,"quantity":1}] ➔ resolved="ICE 아메리카노 (스페셜티)" (GPI1002) steps={"step1":["CUP","ICE"],"step2":["COFFEE",61],"step3":["ICE","5000"],"step4":["COLD","120"]}
[2026-09-10 09:01:03.221] [info]  [toss] event=order.completed status=success source=toss virtual=off mode=order orderId=753042177226118699 bill=753042177226118699 menuCount=1
[2026-09-10 09:05:54.220] [info]  [TOSS RAW ORDER] orderId=753043594749877356, items=[{"name":"아메리카노","productNo":"16501919","options":[{"optionCode":"1729279","optionName":"ICE","price":0,"quantity":1},{"optionCode":"1729289","optionName":"스탠다드","price":0,"quantity":1}]}]
[2026-09-10 09:05:54.225] [info]  [TOSS ITEM RESOLVED] orderId=753043594749877356, item="아메리카노" (16501919) | rawOptions=[{"optionCode":"1729279","optionName":"ICE","price":0,"quantity":1},{"optionCode":"1729289","optionName":"스탠다드","price":0,"quantity":1}] ➔ resolved="ICE 아메리카노 (시그니처)" (GSI1002) steps={"step1":["CUP","ICE"],"step2":["COFFEE",60],"step3":["ICE","5000"],"step4":["COLD","120"]}
[2026-09-10 09:06:42.648] [info]  [toss] event=order.completed status=success source=toss virtual=off mode=order orderId=753043594749877356 bill=753043594749877356 menuCount=1
[2026-09-10 09:24:23.182] [info]  [TOSS RAW ORDER] orderId=753048248284020701, items=[{"name":"아메리카노","productNo":"16501919","options":[{"optionCode":"1729278","optionName":"HOT","price":0,"quantity":1},{"optionCode":"1729289","optionName":"스탠다드","price":0,"quantity":1}]}]
[2026-09-10 09:24:23.187] [info]  [TOSS ITEM RESOLVED] orderId=753048248284020701, item="아메리카노" (16501919) | rawOptions=[{"optionCode":"1729278","optionName":"HOT","price":0,"quantity":1},{"optionCode":"1729289","optionName":"스탠다드","price":0,"quantity":1}] ➔ resolved="HOT 아메리카노 (시그니처)" (GSH1002) steps={"step1":["CUP","HOT"],"step2":["COFFEE","60"],"step3":["HOT","260"],"options":[{"group":"온도","name":"아이스","code":"IC","price":0}]}
[2026-09-10 09:25:14.282] [info]  [toss] event=order.completed status=success source=toss virtual=off mode=order orderId=753048248284020701 bill=753048248284020701 menuCount=1
[2026-09-10 09:54:59.408] [info]  [TOSS RAW ORDER] orderId=753055952482277725, items=[{"name":"아메리카노(연하게)","productNo":"16501921","options":[{"optionCode":"1729278","optionName":"HOT","price":0,"quantity":1},{"optionCode":"1729289","optionName":"스탠다드","price":0,"quantity":1}]}]
[2026-09-10 09:54:59.413] [info]  [TOSS ITEM RESOLVED] orderId=753055952482277725, item="아메리카노(연하게)" (16501921) | rawOptions=[{"optionCode":"1729278","optionName":"HOT","price":0,"quantity":1},{"optionCode":"1729289","optionName":"스탠다드","price":0,"quantity":1}] ➔ resolved="HOT 아메리카노 (시그니처) (연하게)" (GSH1001) steps={"step1":["CUP","HOT"],"step2":["COFFEE",30],"step3":["HOT","310"]}
[2026-09-10 09:55:36.217] [info]  [TOSS RAW ORDER] orderId=753056106245466654, items=[{"name":"아메리카노","productNo":"16501919","options":[{"optionCode":"1729278","optionName":"HOT","price":0,"quantity":1},{"optionCode":"1729289","optionName":"스탠다드","price":0,"quantity":1}]}]
[2026-09-10 09:55:36.222] [info]  [TOSS ITEM RESOLVED] orderId=753056106245466654, item="아메리카노" (16501919) | rawOptions=[{"optionCode":"1729278","optionName":"HOT","price":0,"quantity":1},{"optionCode":"1729289","optionName":"스탠다드","price":0,"quantity":1}] ➔ resolved="HOT 아메리카노 (시그니처)" (GSH1002) steps={"step1":["CUP","HOT"],"step2":["COFFEE","60"],"step3":["HOT","260"],"options":[{"group":"온도","name":"아이스","code":"IC","price":0}]}
[2026-09-10 09:55:50.790] [info]  [toss] event=order.completed status=success source=toss virtual=off mode=order orderId=753055952482277725 bill=753055952482277725 menuCount=1
[2026-09-10 09:56:34.186] [info]  [toss] event=order.completed status=success source=toss virtual=off mode=order orderId=753056106245466654 bill=753056106245466654 menuCount=1
[2026-09-10 09:57:40.200] [info]  [TOSS RAW ORDER] orderId=753056622165820290, items=[{"name":"아메리카노","productNo":"16501919","options":[{"optionCode":"1729279","optionName":"ICE","price":0,"quantity":1},{"optionCode":"1729289","optionName":"스탠다드","price":0,"quantity":1}]}]
[2026-09-10 09:57:40.205] [info]  [TOSS ITEM RESOLVED] orderId=753056622165820290, item="아메리카노" (16501919) | rawOptions=[{"optionCode":"1729279","optionName":"ICE","price":0,"quantity":1},{"optionCode":"1729289","optionName":"스탠다드","price":0,"quantity":1}] ➔ resolved="ICE 아메리카노 (시그니처)" (GSI1002) steps={"step1":["CUP","ICE"],"step2":["COFFEE",60],"step3":["ICE","5000"],"step4":["COLD","120"]}
[2026-09-10 09:58:28.395] [info]  [toss] event=order.completed status=success source=toss virtual=off mode=order orderId=753056622165820290 bill=753056622165820290 menuCount=1
[2026-09-10 10:16:13.259] [info]  [TOSS RAW ORDER] orderId=753061294142326923, items=[{"name":"아메리카노(연하게)","productNo":"16501921","options":[{"optionCode":"1729279","optionName":"ICE","price":0,"quantity":1},{"optionCode":"1729289","optionName":"스탠다드","price":0,"quantity":1}]}]
[2026-09-10 10:16:13.264] [info]  [TOSS ITEM RESOLVED] orderId=753061294142326923, item="아메리카노(연하게)" (16501921) | rawOptions=[{"optionCode":"1729279","optionName":"ICE","price":0,"quantity":1},{"optionCode":"1729289","optionName":"스탠다드","price":0,"quantity":1}] ➔ resolved="ICE 아메리카노 (시그니처) (연하게)" (GSI1001) steps={"step1":["CUP","ICE"],"step2":["COFFEE",30],"step3":["ICE","5000"],"step4":["COLD","150"]}
[2026-09-10 10:16:56.837] [info]  [toss] event=order.completed status=success source=toss virtual=off mode=order orderId=753061294142326923 bill=753061294142326923 menuCount=1
[2026-09-10 10:40:27.351] [info]  [TOSS RAW ORDER] orderId=753067393897670313, items=[{"name":"아메리카노","productNo":"16501919","options":[{"optionCode":"1729279","optionName":"ICE","price":0,"quantity":1},{"optionCode":"1729289","optionName":"스탠다드","price":0,"quantity":1}]}]
[2026-09-10 10:40:27.356] [info]  [TOSS ITEM RESOLVED] orderId=753067393897670313, item="아메리카노" (16501919) | rawOptions=[{"optionCode":"1729279","optionName":"ICE","price":0,"quantity":1},{"optionCode":"1729289","optionName":"스탠다드","price":0,"quantity":1}] ➔ resolved="ICE 아메리카노 (시그니처)" (GSI1002) steps={"step1":["CUP","ICE"],"step2":["COFFEE",60],"step3":["ICE","5000"],"step4":["COLD","120"]}
[2026-09-10 10:41:25.176] [info]  [toss] event=order.completed status=success source=toss virtual=off mode=order orderId=753067393897670313 bill=753067393897670313 menuCount=1
[2026-09-10 10:51:48.260] [info]  [TOSS RAW ORDER] orderId=753070250738788900, items=[{"name":"아메리카노","productNo":"16501919","options":[{"optionCode":"1729278","optionName":"HOT","price":0,"quantity":1},{"optionCode":"1729289","optionName":"스탠다드","price":0,"quantity":1}]}]
[2026-09-10 10:51:48.265] [info]  [TOSS ITEM RESOLVED] orderId=753070250738788900, item="아메리카노" (16501919) | rawOptions=[{"optionCode":"1729278","optionName":"HOT","price":0,"quantity":1},{"optionCode":"1729289","optionName":"스탠다드","price":0,"quantity":1}] ➔ resolved="HOT 아메리카노 (시그니처)" (GSH1002) steps={"step1":["CUP","HOT"],"step2":["COFFEE","60"],"step3":["HOT","260"],"options":[{"group":"온도","name":"아이스","code":"IC","price":0}]}
[2026-09-10 10:53:04.677] [info]  [toss] event=order.completed status=success source=toss virtual=off mode=order orderId=753070250738788900 bill=753070250738788900 menuCount=1
[2026-09-10 12:48:17.319] [info]  [TOSS RAW ORDER] orderId=753099562078634849, items=[{"name":"아메리카노","productNo":"16501919","options":[{"optionCode":"1729279","optionName":"ICE","price":0,"quantity":1},{"optionCode":"1729289","optionName":"스탠다드","price":0,"quantity":1}]}]
[2026-09-10 12:48:17.327] [info]  [TOSS ITEM RESOLVED] orderId=753099562078634849, item="아메리카노" (16501919) | rawOptions=[{"optionCode":"1729279","optionName":"ICE","price":0,"quantity":1},{"optionCode":"1729289","optionName":"스탠다드","price":0,"quantity":1}] ➔ resolved="ICE 아메리카노 (시그니처)" (GSI1002) steps={"step1":["CUP","ICE"],"step2":["COFFEE",60],"step3":["ICE","5000"],"step4":["COLD","120"]}
[2026-09-10 12:50:02.818] [info]  [toss] event=order.completed status=success source=toss virtual=off mode=order orderId=753099562078634849 bill=753099562078634849 menuCount=2
[2026-09-10 13:05:45.180] [info]  [TOSS RAW ORDER] orderId=753103956811685029, items=[{"name":"아메리카노","productNo":"16501919","options":[{"optionCode":"1729279","optionName":"ICE","price":0,"quantity":1},{"optionCode":"1729289","optionName":"스탠다드","price":0,"quantity":1}]}]
[2026-09-10 13:05:45.184] [info]  [TOSS ITEM RESOLVED] orderId=753103956811685029, item="아메리카노" (16501919) | rawOptions=[{"optionCode":"1729279","optionName":"ICE","price":0,"quantity":1},{"optionCode":"1729289","optionName":"스탠다드","price":0,"quantity":1}] ➔ resolved="ICE 아메리카노 (시그니처)" (GSI1002) steps={"step1":["CUP","ICE"],"step2":["COFFEE",60],"step3":["ICE","5000"],"step4":["COLD","120"]}
[2026-09-10 13:06:32.165] [info]  [TOSS RAW ORDER] orderId=753104156506651819, items=[{"name":"아메리카노","productNo":"16501919","options":[{"optionCode":"1729279","optionName":"ICE","price":0,"quantity":1},{"optionCode":"1729289","optionName":"스탠다드","price":0,"quantity":1}]}]
[2026-09-10 13:06:32.169] [info]  [TOSS ITEM RESOLVED] orderId=753104156506651819, item="아메리카노" (16501919) | rawOptions=[{"optionCode":"1729279","optionName":"ICE","price":0,"quantity":1},{"optionCode":"1729289","optionName":"스탠다드","price":0,"quantity":1}] ➔ resolved="ICE 아메리카노 (시그니처)" (GSI1002) steps={"step1":["CUP","ICE"],"step2":["COFFEE",60],"step3":["ICE","5000"],"step4":["COLD","120"]}
[2026-09-10 13:07:24.272] [info]  [toss] event=order.completed status=success source=toss virtual=off mode=order orderId=753103956811685029 bill=753103956811685029 menuCount=2
[2026-09-10 13:08:58.186] [info]  [toss] event=order.completed status=success source=toss virtual=off mode=order orderId=753104156506651819 bill=753104156506651819 menuCount=2
[2026-09-10 13:20:33.699] [info]  [TOSS RAW ORDER] orderId=753107687087251183, items=[{"name":"아메리카노","productNo":"16501919","options":[{"optionCode":"1729279","optionName":"ICE","price":0,"quantity":1},{"optionCode":"1729290","optionName":"스페셜티","price":500,"quantity":1}]}]
[2026-09-10 13:20:33.704] [info]  [TOSS ITEM RESOLVED] orderId=753107687087251183, item="아메리카노" (16501919) | rawOptions=[{"optionCode":"1729279","optionName":"ICE","price":0,"quantity":1},{"optionCode":"1729290","optionName":"스페셜티","price":500,"quantity":1}] ➔ resolved="ICE 아메리카노 (스페셜티)" (GPI1002) steps={"step1":["CUP","ICE"],"step2":["COFFEE",61],"step3":["ICE","5000"],"step4":["COLD","120"]}
[2026-09-10 13:21:41.784] [info]  [toss] event=order.completed status=success source=toss virtual=off mode=order orderId=753107687087251183 bill=753107687087251183 menuCount=1
[2026-09-10 13:32:13.769] [info]  [TOSS RAW ORDER] orderId=753110624043732606, items=[{"name":"아메리카노","productNo":"16501919","options":[{"optionCode":"1729279","optionName":"ICE","price":0,"quantity":1},{"optionCode":"1729289","optionName":"스탠다드","price":0,"quantity":1}]}]
[2026-09-10 13:32:13.773] [info]  [TOSS ITEM RESOLVED] orderId=753110624043732606, item="아메리카노" (16501919) | rawOptions=[{"optionCode":"1729279","optionName":"ICE","price":0,"quantity":1},{"optionCode":"1729289","optionName":"스탠다드","price":0,"quantity":1}] ➔ resolved="ICE 아메리카노 (시그니처)" (GSI1002) steps={"step1":["CUP","ICE"],"step2":["COFFEE",60],"step3":["ICE","5000"],"step4":["COLD","120"]}
[2026-09-10 13:33:00.006] [info]  [toss] event=order.completed status=success source=toss virtual=off mode=order orderId=753110624043732606 bill=753110624043732606 menuCount=1
[2026-09-10 14:19:19.799] [info]  [TOSS RAW ORDER] orderId=753122475255199225, items=[{"name":"아메리카노","productNo":"16501919","options":[{"optionCode":"1729279","optionName":"ICE","price":0,"quantity":1},{"optionCode":"1729289","optionName":"스탠다드","price":0,"quantity":1}]}]
[2026-09-10 14:19:19.803] [info]  [TOSS ITEM RESOLVED] orderId=753122475255199225, item="아메리카노" (16501919) | rawOptions=[{"optionCode":"1729279","optionName":"ICE","price":0,"quantity":1},{"optionCode":"1729289","optionName":"스탠다드","price":0,"quantity":1}] ➔ resolved="ICE 아메리카노 (시그니처)" (GSI1002) steps={"step1":["CUP","ICE"],"step2":["COFFEE",60],"step3":["ICE","5000"],"step4":["COLD","120"]}
[2026-09-10 14:20:09.709] [info]  [toss] event=order.completed status=success source=toss virtual=off mode=order orderId=753122475255199225 bill=753122475255199225 menuCount=1
[2026-09-10 14:28:58.719] [info]  [manual] event=order.received status=success source=manual virtual=off mode=test orderId=INSTANT-1789018138383 bill=0000 menuCount=1 mappings=[{"baseCode":"GSH1002","recipeCode":"GSH1002","matchedMenuName":"HOT_아메리카노(스탠다드)","stepsSummary":"CUP:HOT,_COFFEE:60,_HOT:260,_NONE:NONE,_NONE:NONE,_NONE:NONE,_NONE:NONE,_NONE:NONE,_NONE:NONE,_NONE:NONE"}] isTestBrew=true
[2026-09-10 14:29:49.339] [info]  [manual] event=order.completed status=success source=manual virtual=off mode=test orderId=INSTANT-1789018138383 bill=0000 menuCount=1
[2026-09-10 17:36:13.174] [info]  [TOSS RAW ORDER] orderId=753172028603997490, items=[{"name":"아메리카노","productNo":"17033250","options":[]}]
[2026-09-10 17:36:13.180] [info]  [TOSS ITEM RESOLVED] orderId=753172028603997490, item="아메리카노" (17033250) | rawOptions=[] ➔ resolved="ICE 아메리카노 (시그니처)" (GSI1002) steps={"step1":["CUP","ICE"],"step2":["COFFEE",60],"step3":["ICE","5000"],"step4":["COLD","120"]}
[2026-09-10 17:36:20.918] [info]  [toss] event=order.completed status=success source=toss virtual=on mode=order orderId=753172028603997490 bill=753172028603997490 menuCount=1
[2026-09-10 17:54:43.083] [info]  [TOSS RAW ORDER] orderId=753176683652259079, items=[{"name":"아메리카노","productNo":"17033250","options":[{"optionCode":"1794776","optionName":"ICE","price":0,"quantity":1},{"optionCode":"1794785","optionName":"샷추가","price":500,"quantity":1}]}]
[2026-09-10 17:54:43.087] [info]  [TOSS ITEM RESOLVED] orderId=753176683652259079, item="아메리카노" (17033250) | rawOptions=[{"optionCode":"1794776","optionName":"ICE","price":0,"quantity":1},{"optionCode":"1794785","optionName":"샷추가","price":500,"quantity":1}] ➔ resolved="ICE 아메리카노 (시그니처) (샷추가)" (GSI1005) steps={"step1":["CUP","ICE"],"step2":["COFFEE",90],"step3":["ICE","5000"],"step4":["COLD","90"]}
[2026-09-10 17:54:50.744] [info]  [toss] event=order.completed status=success source=toss virtual=on mode=order orderId=753176683652259079 bill=753176683652259079 menuCount=1
[2026-09-10 18:00:11.978] [info]  [TOSS RAW ORDER] orderId=753178060990421880, items=[{"name":"아메리카노","productNo":"17033250","options":[{"optionCode":"1794775","optionName":"HOT","price":0,"quantity":1}]}]
[2026-09-10 18:00:11.991] [info]  [TOSS ITEM RESOLVED] orderId=753178060990421880, item="아메리카노" (17033250) | rawOptions=[{"optionCode":"1794775","optionName":"HOT","price":0,"quantity":1}] ➔ resolved="HOT 아메리카노 (시그니처)" (GSH1002) steps={"step1":["CUP","HOT"],"step2":["COFFEE","60"],"step3":["HOT","260"],"options":[{"group":"온도","name":"아이스","code":"IC","price":0}]}
[2026-09-10 18:01:03.382] [info]  [toss] event=order.completed status=success source=toss virtual=off mode=order orderId=753178060990421880 bill=753178060990421880 menuCount=1
[2026-09-10 18:06:44.917] [info]  [TOSS RAW ORDER] orderId=753179711021187536, items=[{"name":"아메리카노","productNo":"17033250","options":[{"optionCode":"1794776","optionName":"ICE","price":0,"quantity":1}]}]
[2026-09-10 18:06:44.924] [info]  [TOSS ITEM RESOLVED] orderId=753179711021187536, item="아메리카노" (17033250) | rawOptions=[{"optionCode":"1794776","optionName":"ICE","price":0,"quantity":1}] ➔ resolved="ICE 아메리카노 (시그니처)" (GSI1002) steps={"step1":["CUP","ICE"],"step2":["COFFEE",60],"step3":["ICE","5000"],"step4":["COLD","120"]}
[2026-09-10 18:07:42.986] [info]  [toss] event=order.completed status=success source=toss virtual=off mode=order orderId=753179711021187536 bill=753179711021187536 menuCount=1
[2026-09-10 18:11:00.996] [info]  [TOSS RAW ORDER] orderId=753180783974492101, items=[{"name":"바닐라라떼","productNo":"17033258","options":[{"optionCode":"1794776","optionName":"ICE","price":0,"quantity":1}]}]
[2026-09-10 18:11:01.002] [info]  [TOSS ITEM RESOLVED] orderId=753180783974492101, item="바닐라라떼" (17033258) | rawOptions=[{"optionCode":"1794776","optionName":"ICE","price":0,"quantity":1}] ➔ resolved="ICE 바닐라라떼 (시그니처)" (GSI2003) steps={"step1":["CUP","ICE"],"step2":["COFFEE",60],"step3":["ICE",5000],"step4":["COLD_MILK",120],"step5":["바닐라",35]}
[2026-09-10 18:12:16.855] [info]  [toss] event=order.completed status=success source=toss virtual=off mode=order orderId=753180783974492101 bill=753180783974492101 menuCount=1
[2026-09-10 18:13:18.103] [info]  [manual] event=order.received status=success source=manual virtual=off mode=test orderId=INSTANT-1789031597784 bill=0000 menuCount=1 mappings=[{"baseCode":"GSI2003","recipeCode":"GSI2003","matchedMenuName":"ICED_바닐라라떼(시그니처)","stepsSummary":"CUP:ICE,_COFFEE:61,_ICE:5000,_COLD_MILK:140,_바닐라:35,_NONE:NONE,_NONE:NONE,_NONE:NONE,_NONE:NONE,_NONE:NONE"}] isTestBrew=true
[2026-09-10 18:14:24.574] [info]  [manual] event=order.completed status=success source=manual virtual=off mode=test orderId=INSTANT-1789031597784 bill=0000 menuCount=1