[2026-08-31 15:18:45.796] [info]  [HASTE DB SOT] Populated initial default SETTINGS (MENU: []) on fresh install.
[2026-08-31 15:18:45.812] [info]  [HASTE DB Load] Loaded settings from SQLite database successfully. StoreName: "미인증", StoreNo: "미인증", ThemeMode: "Light", isKioskDryRun: "false"
[2026-08-31 15:18:48.582] [info]  [app] event=app.startup status=started appVersion=3.3.1 packaged=true
[2026-08-31 15:18:48.756] [info]  [app] event=app.window status=success
[2026-08-31 15:18:48.798] [info]  [app] event=app.tray status=success
[2026-08-31 15:18:48.798] [info]  [app] event=updater.check status=ignored reason=store_managed_distribution
[2026-08-31 15:18:48.816] [info]  [task] [HASTE Promo] Initialized default promo video: slot 1 <- C:\Users\커피에반하다\AppData\Local\haste_client3\resources\resources\did\promo\media\promo_slot_1.mp4
[2026-08-31 15:18:48.824] [info]  [task] [HASTE Promo] Initialized default promo video: slot 2 <- C:\Users\커피에반하다\AppData\Local\haste_client3\resources\resources\did\promo\media\promo_slot_2.mp4
[2026-08-31 15:18:48.843] [info]  [task] [HASTE Promo] Initialized default promo video: slot 3 <- C:\Users\커피에반하다\AppData\Local\haste_client3\resources\resources\did\promo\media\promo_slot_3.mp4
[2026-08-31 15:18:48.849] [info]  [task] [HASTE Promo] Initialized default promo video: slot 4 <- C:\Users\커피에반하다\AppData\Local\haste_client3\resources\resources\did\promo\media\promo_slot_4.mp4
[2026-08-31 15:18:48.852] [info]  [app] event=app.ipc status=success
[2026-08-31 15:18:48.999] [info]  [app] event=task.start status=success
[2026-08-31 15:18:49.001] [debug] [api] [api] event=settings.change status=success port=8080 deviceModelId=D0000
[2026-08-31 15:18:49.004] [info]  [api] [HASTE] Found SSL Certificates at: C:\Users\커피에반하다\AppData\Local\haste_client3\resources\resources
[2026-08-31 15:18:49.027] [info]  [api] [HASTE] Started HTTP Hono Server on port 8080 (Toss Place HTTP Mode).
[2026-08-31 15:18:49.030] [info]  [api] [HASTE] Started HTTPS Hono Server on port 8443 (Toss Kiosk Mode).
[2026-08-31 15:18:49.031] [debug] [api] [api] event=api.server status=success port=8080 host=0.0.0.0
[2026-08-31 15:18:49.032] [debug] [coffee] [coffee] event=settings.change status=success field=thirdpartyType value=Lilly_(WMF)
[2026-08-31 15:18:49.035] [debug] [coffee] [coffee] event=coffee.socket status=started transport=ws machineName=WMF model=Lilly_(WMF) ip=192.168.10.99 port=25000
[2026-08-31 15:18:49.042] [debug] [coffee] [coffee] event=temperature.change status=success
[2026-08-31 15:18:49.043] [debug] [api] [api] event=did.callback status=ignored reason=local_did_not_open screen=temperature
[2026-08-31 15:18:49.048] [info]  [HASTE DB Save] Settings category "inventory" has been updated and saved to SQLite successfully.
[2026-08-31 15:18:49.051] [info]  [HASTE DB Save] Settings category "inventory" has been updated and saved to SQLite successfully.
[2026-08-31 15:18:49.052] [info]  [serialport] [serialport] event=serialport.connect status=started scope=all
[2026-08-31 15:18:49.055] [info]  [HASTE DB Save] Settings category "inventory" has been updated and saved to SQLite successfully.
[2026-08-31 15:18:49.057] [info]  [HASTE DB Save] Settings category "inventory" has been updated and saved to SQLite successfully.
[2026-08-31 15:18:49.058] [debug] [api] [HASTE Theme Sync] Applied local UI theme: isDark=false
[2026-08-31 15:18:49.059] [debug] [api] [api] event=did.callback status=started target=local screen=/ reason=local_api_down
[2026-08-31 15:18:49.061] [info]  [app] event=app.startup status=success message="subscriptions registered"
[2026-08-31 15:18:49.063] [debug] [task] [task] event=scheduler.change status=success routine=FOAMER_RINSING intervalSec=3600 normalizedIntervalSec=3600
[2026-08-31 15:18:49.064] [debug] [task] [task] event=scheduler.change status=success routine=WARM_RINSING intervalSec=0 normalizedIntervalSec=0
[2026-08-31 15:18:49.065] [debug] [task] [task] event=scheduler.change status=success routine=MIXER_RINSING intervalSec=0 normalizedIntervalSec=0
[2026-08-31 15:18:49.066] [debug] [task] [task] event=scheduler.change status=success routine=ERROR_CHECK intervalSec=600 normalizedIntervalSec=600
[2026-08-31 15:18:49.068] [debug] [task] [task] event=scheduler.change status=success routine=ICE_MAKER intervalSec=1800 normalizedIntervalSec=1800
[2026-08-31 15:18:49.069] [debug] [task] [task] event=scheduler.change status=success routine=TEMP_CHECK intervalSec=60 normalizedIntervalSec=60
[2026-08-31 15:18:49.070] [debug] [app] event=scheduler.change status=success routine=license.verify intervalSec=86400
[2026-08-31 15:18:49.071] [info]  [app] event=app.startup status=success message="schedulers registered"
[2026-08-31 15:18:49.072] [info]  [HASTE Guard] enableHasteAgent is false (OFF). Skipping agent bot launch.
[2026-08-31 15:18:49.073] [info]  [app] event=license.verify status=success state=unactivated
[2026-08-31 15:18:49.124] [debug] [api] [HASTE DevTools Sync] Current window DevTools opened state: false, Target state: false
[2026-08-31 15:18:49.223] [debug] [serialport] [serialport] event=serialport.connect status=success boardName=board1 port=COM3
[2026-08-31 15:18:49.282] [debug] [serialport] [serialport] event=serialport.packet status=success boardName=board1 length=24 message="bytearray(b'\\x020A1DCP0201A00101A10344\\x03')"
[2026-08-31 15:18:49.785] [debug] [api] [HASTE Theme Sync] Applied local UI theme: isDark=false
[2026-08-31 15:18:49.788] [info]  [HASTE DB Save] Settings category "information" has been updated and saved to SQLite successfully.
[2026-08-31 15:18:50.006] [debug] [api] [HASTE DevTools Sync] Current window DevTools opened state: false, Target state: false
[2026-08-31 15:18:54.037] [error] [coffee] [coffee] event=coffee.socket status=failed reason=open_timeout transport=ws machineName=WMF model=Lilly_(WMF) ip=192.168.10.99 port=25000
[2026-08-31 15:18:54.039] [error] [coffee] [coffee] event=coffee.socket status=failed reason=connect_failed transport=ws machineName=WMF model=Lilly_(WMF) ip=192.168.10.99 port=25000
[2026-08-31 15:19:10.425] [error] [coffee] [coffee] event=coffee.socket status=failed reason=ws_error machineName=WMF model=Lilly_(WMF) ip=192.168.10.99 port=25000 message="connect ETIMEDOUT 192.168.10.99:25000"
[2026-08-31 15:30:15.156] [info]  [HASTE Shutdown] Releasing all serial ports...
[2026-08-31 15:30:15.159] [info]  [app] event=app.shutdown status=started
[2026-08-31 15:30:15.210] [debug] [serialport] [serialport] event=serialport.close status=success boardName=board1 port=COM3
[2026-08-31 15:31:39.319] [info]  [HASTE DB Load] Loaded settings from SQLite database successfully. StoreName: "미인증", StoreNo: "미인증", ThemeMode: "Light", isKioskDryRun: "false"
[2026-08-31 15:31:40.013] [info]  [app] event=app.startup status=started appVersion=3.3.1 packaged=true
[2026-08-31 15:31:40.118] [info]  [app] event=app.window status=success
[2026-08-31 15:31:40.160] [info]  [app] event=app.tray status=success
[2026-08-31 15:31:40.160] [info]  [app] event=updater.check status=ignored reason=store_managed_distribution
[2026-08-31 15:31:40.173] [info]  [app] event=app.ipc status=success
[2026-08-31 15:31:40.251] [info]  [app] event=task.start status=success
[2026-08-31 15:31:40.253] [debug] [api] [api] event=settings.change status=success port=8080 deviceModelId=D0000
[2026-08-31 15:31:40.257] [info]  [api] [HASTE] Found SSL Certificates at: C:\Users\커피에반하다\AppData\Local\haste_client3\resources\resources
[2026-08-31 15:31:40.261] [info]  [api] [HASTE] Started HTTP Hono Server on port 8080 (Toss Place HTTP Mode).
[2026-08-31 15:31:40.263] [info]  [api] [HASTE] Started HTTPS Hono Server on port 8443 (Toss Kiosk Mode).
[2026-08-31 15:31:40.264] [debug] [api] [api] event=api.server status=success port=8080 host=0.0.0.0
[2026-08-31 15:31:40.266] [debug] [coffee] [coffee] event=settings.change status=success field=thirdpartyType value=Lilly_(WMF)
[2026-08-31 15:31:40.268] [debug] [coffee] [coffee] event=coffee.socket status=started transport=ws machineName=WMF model=Lilly_(WMF) ip=192.168.10.99 port=25000
[2026-08-31 15:31:40.274] [debug] [coffee] [coffee] event=temperature.change status=success
[2026-08-31 15:31:40.275] [debug] [api] [api] event=did.callback status=ignored reason=local_did_not_open screen=temperature
[2026-08-31 15:31:40.279] [info]  [HASTE DB Save] Settings category "inventory" has been updated and saved to SQLite successfully.
[2026-08-31 15:31:40.281] [info]  [HASTE DB Save] Settings category "inventory" has been updated and saved to SQLite successfully.
[2026-08-31 15:31:40.282] [info]  [serialport] [serialport] event=serialport.connect status=started scope=all
[2026-08-31 15:31:40.285] [info]  [HASTE DB Save] Settings category "inventory" has been updated and saved to SQLite successfully.
[2026-08-31 15:31:40.288] [info]  [HASTE DB Save] Settings category "inventory" has been updated and saved to SQLite successfully.
[2026-08-31 15:31:40.290] [debug] [api] [HASTE Theme Sync] Applied local UI theme: isDark=false
[2026-08-31 15:31:40.291] [debug] [api] [api] event=did.callback status=started target=local screen=/ reason=local_api_down
[2026-08-31 15:31:40.293] [info]  [app] event=app.startup status=success message="subscriptions registered"
[2026-08-31 15:31:40.294] [debug] [task] [task] event=scheduler.change status=success routine=FOAMER_RINSING intervalSec=3600 normalizedIntervalSec=3600
[2026-08-31 15:31:40.297] [debug] [task] [task] event=scheduler.change status=success routine=WARM_RINSING intervalSec=0 normalizedIntervalSec=0
[2026-08-31 15:31:40.298] [debug] [task] [task] event=scheduler.change status=success routine=MIXER_RINSING intervalSec=0 normalizedIntervalSec=0
[2026-08-31 15:31:40.299] [debug] [task] [task] event=scheduler.change status=success routine=ERROR_CHECK intervalSec=600 normalizedIntervalSec=600
[2026-08-31 15:31:40.300] [debug] [task] [task] event=scheduler.change status=success routine=ICE_MAKER intervalSec=1800 normalizedIntervalSec=1800
[2026-08-31 15:31:40.301] [debug] [task] [task] event=scheduler.change status=success routine=TEMP_CHECK intervalSec=60 normalizedIntervalSec=60
[2026-08-31 15:31:40.302] [debug] [app] event=scheduler.change status=success routine=license.verify intervalSec=86400
[2026-08-31 15:31:40.303] [info]  [app] event=app.startup status=success message="schedulers registered"
[2026-08-31 15:31:40.315] [info]  [HASTE Guard] enableHasteAgent is false (OFF). Skipping agent bot launch.
[2026-08-31 15:31:40.315] [info]  [app] event=license.verify status=success state=unactivated
[2026-08-31 15:31:40.345] [debug] [api] [HASTE DevTools Sync] Current window DevTools opened state: false, Target state: false
[2026-08-31 15:31:40.417] [debug] [serialport] [serialport] event=serialport.connect status=success boardName=board1 port=COM3
[2026-08-31 15:31:40.467] [debug] [serialport] [serialport] event=serialport.packet status=success boardName=board1 length=24 message="bytearray(b'\\x020A1DCP0201A00101A10344\\x03')"
[2026-08-31 15:31:40.717] [info]  [HASTE DB Save] Settings category "information" has been updated and saved to SQLite successfully.
[2026-08-31 15:31:43.051] [info]  [HASTE DB Load] Loaded settings from SQLite database successfully. StoreName: "미인증", StoreNo: "미인증", ThemeMode: "Light", isKioskDryRun: "false"
[2026-08-31 15:31:43.379] [error] [app] event=main_process.error status=failed reason=uncaught_exception stack=Error:_Cannot_find_module_'./utils/window/haste_setup_wizard_window'_Require_stack:_-_C:\Users\커피에반하다\AppData\Local\haste_client3\resources\app.asar\out\main\index.js_-_at_Module._resolveFilename_(node:internal/modules/cjs/loader:1524:15)_at_s._resolveFilename_(node:electron/js2c/browser_init:2:140803)_at_wrapResolveFilename_(node:internal/modules/cjs/loader:1078:27)_at_defaultResolveImplForCJSLoading_(node:internal/modules/cjs/loader:1102:10)_at_resolveForCJSWithHooks_(node:internal/modules/cjs/loader:1129:12)_at_Module._load_(node:internal/modules/cjs/loader:1301:5)_... message="Cannot find module './utils/window/haste_setup_wizard_window'
Require stack:
- C:\\Users\\커피에반하다\\AppData\\Local\\haste_client3\\resources\\app.asar\\out\\main\\index.js
- "
[2026-08-31 15:31:45.281] [error] [coffee] [coffee] event=coffee.socket status=failed reason=open_timeout transport=ws machineName=WMF model=Lilly_(WMF) ip=192.168.10.99 port=25000
[2026-08-31 15:31:45.282] [error] [coffee] [coffee] event=coffee.socket status=failed reason=connect_failed transport=ws machineName=WMF model=Lilly_(WMF) ip=192.168.10.99 port=25000
[2026-08-31 15:32:01.423] [error] [coffee] [coffee] event=coffee.socket status=failed reason=ws_error machineName=WMF model=Lilly_(WMF) ip=192.168.10.99 port=25000 message="connect ETIMEDOUT 192.168.10.99:25000"
[2026-08-31 15:57:31.318] [debug] [api] [api] event=settings.change status=success port=8080 posStoreNo=010-3253-5043 deviceModelId=D0000
[2026-08-31 15:57:31.320] [debug] [api] [HASTE Theme Sync] Applied local UI theme: isDark=false
[2026-08-31 15:57:31.324] [info]  [HASTE DB Save] Settings category "information" has been updated and saved to SQLite successfully.
[2026-08-31 15:57:31.372] [debug] [api] [HASTE DevTools Sync] Current window DevTools opened state: false, Target state: false
[2026-08-31 15:57:31.579] [info]  [HASTE DB Save] Settings category "information" has been updated and saved to SQLite successfully.
[2026-08-31 15:57:31.596] [debug] [api] [HASTE Theme Sync] Applied local UI theme: isDark=false
[2026-08-31 15:57:31.598] [info]  [HASTE DB Save] Settings category "information" has been updated and saved to SQLite successfully.
[2026-08-31 15:57:31.611] [info]  [HASTE DB Save] Settings category "information" has been updated and saved to SQLite successfully.
[2026-08-31 15:57:31.613] [info]  [HASTE DB Save] Settings category "information" has been updated and saved to SQLite successfully.
[2026-08-31 15:57:31.616] [info]  [task] [HASTE Hard-Relaunch] App exit triggered from Renderer safely. Executing OS-Level Hard Relaunch...
[2026-08-31 15:57:31.677] [info]  [task] [HASTE Hard-Relaunch] Gracefully releasing all serial ports before OS-level exit...
[2026-08-31 15:57:31.678] [debug] [api] [HASTE DevTools Sync] Current window DevTools opened state: false, Target state: false
[2026-08-31 15:57:31.817] [debug] [serialport] [serialport] event=serialport.close status=success boardName=board1 port=COM3
[2026-08-31 15:57:31.818] [info]  [task] [HASTE Hard-Relaunch] [Prod Mode] Spawning next Lilly process via PS1: C:\Users\커피에반하다\AppData\Local\haste_client3\haste_client3.exe
[2026-08-31 15:57:31.819] [info]  [task] [HASTE Hard-Relaunch] PS1 written: C:\Users\커피에~1\AppData\Local\Temp\haste_relaunch_1788159451819.ps1
[2026-08-31 15:57:31.946] [info]  [task] [HASTE Hard-Relaunch] Current process exiting via app.exit(0) safely.
[2026-08-31 15:57:37.222] [info]  [HASTE DB Load] Loaded settings from SQLite database successfully. StoreName: "신림금호점", StoreNo: "010-3253-5043", ThemeMode: "Light", isKioskDryRun: "false"
[2026-08-31 15:57:37.722] [info]  [app] event=app.startup status=started appVersion=3.3.1 packaged=true
[2026-08-31 15:57:37.829] [info]  [app] event=app.window status=success
[2026-08-31 15:57:37.867] [info]  [app] event=app.tray status=success
[2026-08-31 15:57:37.868] [info]  [app] event=updater.check status=ignored reason=store_managed_distribution
[2026-08-31 15:57:37.873] [info]  [app] event=app.ipc status=success
[2026-08-31 15:57:38.051] [info]  [app] event=task.start status=success
[2026-08-31 15:57:38.053] [debug] [api] [api] event=settings.change status=success port=8080 posStoreNo=010-3253-5043 deviceModelId=D0000
[2026-08-31 15:57:38.056] [info]  [api] [HASTE] Found SSL Certificates at: C:\Users\커피에반하다\AppData\Local\haste_client3\resources\resources
[2026-08-31 15:57:38.058] [info]  [api] [HASTE] Started HTTP Hono Server on port 8080 (Toss Place HTTP Mode).
[2026-08-31 15:57:38.061] [info]  [api] [HASTE] Started HTTPS Hono Server on port 8443 (Toss Kiosk Mode).
[2026-08-31 15:57:38.062] [debug] [api] [api] event=api.server status=success port=8080 host=0.0.0.0
[2026-08-31 15:57:38.063] [debug] [coffee] [coffee] event=settings.change status=success field=thirdpartyType value=Lilly_(WMF)
[2026-08-31 15:57:38.065] [debug] [coffee] [coffee] event=coffee.socket status=started transport=ws machineName=WMF model=Lilly_(WMF) ip=192.168.10.99 port=25000
[2026-08-31 15:57:38.073] [debug] [coffee] [coffee] event=temperature.change status=success
[2026-08-31 15:57:38.074] [debug] [api] [api] event=did.callback status=ignored reason=local_did_not_open screen=temperature
[2026-08-31 15:57:38.079] [info]  [HASTE DB Save] Settings category "inventory" has been updated and saved to SQLite successfully.
[2026-08-31 15:57:38.081] [info]  [HASTE DB Save] Settings category "inventory" has been updated and saved to SQLite successfully.
[2026-08-31 15:57:38.082] [info]  [serialport] [serialport] event=serialport.connect status=started scope=all
[2026-08-31 15:57:38.085] [info]  [HASTE DB Save] Settings category "inventory" has been updated and saved to SQLite successfully.
[2026-08-31 15:57:38.087] [info]  [HASTE DB Save] Settings category "inventory" has been updated and saved to SQLite successfully.
[2026-08-31 15:57:38.088] [debug] [api] [HASTE Theme Sync] Applied local UI theme: isDark=false
[2026-08-31 15:57:38.089] [debug] [api] [api] event=did.callback status=started target=local screen=/ reason=local_api_down
[2026-08-31 15:57:38.092] [info]  [app] event=app.startup status=success message="subscriptions registered"
[2026-08-31 15:57:38.093] [debug] [task] [task] event=scheduler.change status=success routine=FOAMER_RINSING intervalSec=3600 normalizedIntervalSec=3600
[2026-08-31 15:57:38.095] [debug] [task] [task] event=scheduler.change status=success routine=WARM_RINSING intervalSec=0 normalizedIntervalSec=0
[2026-08-31 15:57:38.096] [debug] [task] [task] event=scheduler.change status=success routine=MIXER_RINSING intervalSec=0 normalizedIntervalSec=0
[2026-08-31 15:57:38.097] [debug] [task] [task] event=scheduler.change status=success routine=ERROR_CHECK intervalSec=600 normalizedIntervalSec=600
[2026-08-31 15:57:38.098] [debug] [task] [task] event=scheduler.change status=success routine=ICE_MAKER intervalSec=1800 normalizedIntervalSec=1800
[2026-08-31 15:57:38.099] [debug] [task] [task] event=scheduler.change status=success routine=TEMP_CHECK intervalSec=60 normalizedIntervalSec=60
[2026-08-31 15:57:38.100] [debug] [app] event=scheduler.change status=success routine=license.verify intervalSec=86400
[2026-08-31 15:57:38.100] [info]  [app] event=app.startup status=success message="schedulers registered"
[2026-08-31 15:57:38.102] [info]  [HASTE Guard] enableHasteAgent is false (OFF). Skipping agent bot launch.
[2026-08-31 15:57:38.175] [debug] [api] [HASTE DevTools Sync] Current window DevTools opened state: false, Target state: false
[2026-08-31 15:57:38.245] [debug] [serialport] [serialport] event=serialport.connect status=success boardName=board1 port=COM3
[2026-08-31 15:57:38.322] [debug] [serialport] [serialport] event=serialport.packet status=success boardName=board1 length=24 message="bytearray(b'\\x020A1DCP0201A00101A10344\\x03')"
[2026-08-31 15:57:38.501] [info]  [HASTE DB Save] Settings category "information" has been updated and saved to SQLite successfully.
[2026-08-31 15:57:38.509] [info]  [HASTE DB Save] Settings category "information" has been updated and saved to SQLite successfully.
[2026-08-31 15:57:38.510] [info]  [app] event=license.verify status=success state=approved storeId=010-3253-5043
[2026-08-31 15:57:43.071] [error] [coffee] [coffee] event=coffee.socket status=failed reason=open_timeout transport=ws machineName=WMF model=Lilly_(WMF) ip=192.168.10.99 port=25000
[2026-08-31 15:57:43.074] [error] [coffee] [coffee] event=coffee.socket status=failed reason=connect_failed transport=ws machineName=WMF model=Lilly_(WMF) ip=192.168.10.99 port=25000
[2026-08-31 15:57:59.171] [error] [coffee] [coffee] event=coffee.socket status=failed reason=ws_error machineName=WMF model=Lilly_(WMF) ip=192.168.10.99 port=25000 message="connect ETIMEDOUT 192.168.10.99:25000"
[2026-08-31 15:58:02.900] [info]  [HASTE Restore] Triggering partial overwrite for HARDWARE CONFIG settings only...
[2026-08-31 15:58:02.902] [debug] [coffee] [coffee] event=settings.change status=success machineName=WMF_1 ip=192.168.10.99 port=25000
[2026-08-31 15:58:02.905] [debug] [coffee] [coffee] event=coffee.socket status=started transport=ws machineName=WMF_1 model=Lilly_(WMF) ip=192.168.10.99 port=25000
[2026-08-31 15:58:02.915] [debug] [task] [task] event=scheduler.change status=success routine=FOAMER_RINSING intervalSec=1500 normalizedIntervalSec=1500
[2026-08-31 15:58:02.917] [debug] [task] [task] event=scheduler.change status=success routine=TEMP_CHECK intervalSec=600 normalizedIntervalSec=600
[2026-08-31 15:58:02.923] [info]  [HASTE DB Save] Settings category "inventory" has been updated and saved to SQLite successfully.
[2026-08-31 15:58:02.927] [info]  [HASTE DB Save] Settings category "coffee" has been updated and saved to SQLite successfully.
[2026-08-31 15:58:02.932] [info]  [HASTE DB Save] Settings category "inventory" has been updated and saved to SQLite successfully.
[2026-08-31 15:58:02.935] [info]  [HASTE DB Save] Settings category "cup" has been updated and saved to SQLite successfully.
[2026-08-31 15:58:02.938] [info]  [HASTE DB Save] Settings category "parts" has been updated and saved to SQLite successfully.
[2026-08-31 15:58:02.939] [info]  [serialport] [serialport] event=settings.change status=success scope=all
[2026-08-31 15:58:02.941] [info]  [serialport] [serialport] event=serialport.connect status=started scope=all
[2026-08-31 15:58:02.945] [info]  [serialport] [serialport] event=serialport.connect status=started scope=all
[2026-08-31 15:58:02.950] [info]  [HASTE DB Save] Settings category "serialport" has been updated and saved to SQLite successfully.
[2026-08-31 15:58:02.956] [info]  [HASTE DB Save] Settings category "inventory" has been updated and saved to SQLite successfully.
[2026-08-31 15:58:02.960] [info]  [HASTE DB Save] Settings category "sirubs" has been updated and saved to SQLite successfully.
[2026-08-31 15:58:02.964] [info]  [HASTE DB Save] Settings category "inventory" has been updated and saved to SQLite successfully.
[2026-08-31 15:58:02.967] [info]  [HASTE DB Save] Settings category "water" has been updated and saved to SQLite successfully.
[2026-08-31 15:58:02.969] [info]  [HASTE DB Save] Settings category "unexpected" has been updated and saved to SQLite successfully.
[2026-08-31 15:58:02.971] [debug] [api] [api] event=settings.change status=success port=8080 posStoreNo=010-3253-5043 deviceModelId=D0000
[2026-08-31 15:58:02.973] [debug] [api] [HASTE Theme Sync] Applied local UI theme: isDark=false
[2026-08-31 15:58:02.978] [info]  [HASTE DB Save] Settings category "information" has been updated and saved to SQLite successfully.
[2026-08-31 15:58:02.983] [info]  [HASTE DB Save] Settings category "inventory" has been updated and saved to SQLite successfully.
[2026-08-31 15:58:02.988] [info]  [HASTE DB Save] Settings category "coffee" has been updated and saved to SQLite successfully.
[2026-08-31 15:58:02.993] [info]  [HASTE DB Save] Settings category "cup" has been updated and saved to SQLite successfully.
[2026-08-31 15:58:02.998] [info]  [HASTE DB Save] Settings category "sirubs" has been updated and saved to SQLite successfully.
[2026-08-31 15:58:03.000] [info]  [HASTE Restore Success] Forcing physical serial port reconnection...
[2026-08-31 15:58:03.000] [info]  [serialport] [serialport] event=serialport.connect status=started scope=all
[2026-08-31 15:58:03.003] [info]  [HASTE DB Restore] Settings backup restored and applied successfully. Path: "unknown_stream", AppliedCategories: [all_settings]
[2026-08-31 15:58:03.015] [info]  [HASTE DB Load] Loaded settings from SQLite database successfully. StoreName: "신림금호점", StoreNo: "010-3253-5043", ThemeMode: "Light", isKioskDryRun: "false"
[2026-08-31 15:58:03.015] [debug] [coffee] [coffee] event=settings.change status=success machineName=WMF ip=192.168.10.99 port=25000
[2026-08-31 15:58:03.017] [debug] [coffee] [coffee] event=coffee.socket status=started transport=ws machineName=WMF model=Lilly_(WMF) ip=192.168.10.99 port=25000
[2026-08-31 15:58:03.022] [info]  [HASTE DB Save] Settings category "inventory" has been updated and saved to SQLite successfully.
[2026-08-31 15:58:03.024] [info]  [HASTE DB Reload] Reloaded settingsStore in-memory cache with fresh DB values.
[2026-08-31 15:58:03.139] [info]  [task] [HASTE Autoload Commit] License auto-activated for: 010-3253-5043
[2026-08-31 15:58:03.144] [info]   [HASTE Guard] Backup JSON successfully saved under SQLite DB folder: C:\Users\커피에반하다\AppData\Roaming\haste_client3.3\haste_injected_config_raw.json
[2026-08-31 15:58:03.146] [error] [task] [app] event=settings.backup.cloud status=failed reason=action_error message="app is not defined"
[2026-08-31 15:58:03.152] [debug] [serialport] [serialport] event=serialport.close status=success boardName=board1 port=COM3
[2026-08-31 15:58:03.158] [error] [serialport] [serialport] event=serialport.error status=failed reason=port_error boardName=board1 port=COM6 message="Opening COM6: Access denied"
[2026-08-31 15:58:03.161] [error] [serialport] [serialport] event=serialport.error status=failed reason=port_error boardName=board2 port=COM3 message="Opening COM3: Access denied"
[2026-08-31 15:58:03.163] [debug] [api] [HASTE DevTools Sync] Current window DevTools opened state: false, Target state: false
[2026-08-31 15:58:03.297] [info]  [HASTE DB Save] Settings category "information" has been updated and saved to SQLite successfully.
[2026-08-31 15:58:03.299] [info]  [HASTE DB Save] Settings category "information" has been updated and saved to SQLite successfully.
[2026-08-31 15:58:03.307] [info]  [HASTE DB Save] Settings category "information" has been updated and saved to SQLite successfully.
[2026-08-31 15:58:03.338] [error] [serialport] [serialport] event=serialport.error status=failed reason=port_error boardName=board1 port=COM6 message="Opening COM6: Access denied"
[2026-08-31 15:58:03.339] [error] [serialport] [serialport] event=serialport.error status=failed reason=port_error boardName=board2 port=COM3 message="Opening COM3: Access denied"
[2026-08-31 15:58:03.341] [debug] [serialport] [serialport] event=serialport.connect status=success boardName=board2 port=COM3
[2026-08-31 15:58:03.342] [debug] [serialport] [serialport] event=serialport.connect status=success boardName=board1 port=COM6
[2026-08-31 15:58:03.391] [debug] [serialport] [serialport] event=serialport.packet status=success boardName=board1 length=24 message="bytearray(b'\\x020A1DCP0201A00101A10344\\x03')"
[2026-08-31 15:58:03.457] [debug] [serialport] [serialport] event=serialport.packet status=success boardName=board1 length=24 message="bytearray(b'\\x020A1DPC0200A00101A00342\\x03')"
[2026-08-31 15:58:03.461] [debug] [serialport] [serialport] event=serialport.packet.parse status=success boardName=board1 message="{\"isValidStx\":true,\"isValidEtx\":true,\"isValidDst\":true,\"isValidSrc\":true,\"isValidLength\":true,\"fnc\":\"1\",\"act\":\"D\",\"data\":{\"0\":48,\"1\":50,\"2\":48,\"3\":48,\"4\":65,\"5\":48,\"6\":48,\"7\":49,\"8\":48,\"9\":49,\"10\":65,\"11\":48,\"12\":48,\"13\":51,\"14\":52},\"values\":[\"02\",\"00\",\"A0\",\"01\",\"01\",\"A0\",\"03\"],\"part\":{},\"isValidChecksum\":true}"
[2026-08-31 15:58:03.580] [info]  [HASTE DB Save] Settings category "information" has been updated and saved to SQLite successfully.
[2026-08-31 15:58:03.828] [info]  [HASTE DB Save] Settings category "information" has been updated and saved to SQLite successfully.
[2026-08-31 15:58:07.912] [error] [coffee] [coffee] event=coffee.socket status=failed reason=open_timeout transport=ws machineName=WMF_1 model=Lilly_(WMF) ip=192.168.10.99 port=25000
[2026-08-31 15:58:07.914] [error] [coffee] [coffee] event=coffee.socket status=failed reason=connect_failed transport=ws machineName=WMF_1 model=Lilly_(WMF) ip=192.168.10.99 port=25000
[2026-08-31 15:58:08.020] [error] [coffee] [coffee] event=coffee.socket status=failed reason=open_timeout transport=ws machineName=WMF model=Lilly_(WMF) ip=192.168.10.99 port=25000
[2026-08-31 15:58:08.021] [error] [coffee] [coffee] event=coffee.socket status=failed reason=connect_failed transport=ws machineName=WMF model=Lilly_(WMF) ip=192.168.10.99 port=25000
[2026-08-31 15:58:24.056] [error] [coffee] [coffee] event=coffee.socket status=failed reason=ws_error machineName=WMF_1 model=Lilly_(WMF) ip=192.168.10.99 port=25000 message="connect ETIMEDOUT 192.168.10.99:25000"
[2026-08-31 15:58:24.211] [error] [coffee] [coffee] event=coffee.socket status=failed reason=ws_error machineName=WMF model=Lilly_(WMF) ip=192.168.10.99 port=25000 message="connect ETIMEDOUT 192.168.10.99:25000"
[2026-08-31 16:05:01.424] [info]  [HASTE Shutdown] Releasing all serial ports...
[2026-08-31 16:05:01.425] [info]  [app] event=app.shutdown status=started
[2026-08-31 16:05:03.948] [info]  [HASTE DB Load] Loaded settings from SQLite database successfully. StoreName: "신림금호점", StoreNo: "010-3253-5043", ThemeMode: "Light", isKioskDryRun: "false"
[2026-08-31 16:05:04.367] [info]  [app] event=app.startup status=started appVersion=3.3.1 packaged=true
[2026-08-31 16:05:04.449] [info]  [app] event=app.window status=success
[2026-08-31 16:05:04.489] [info]  [app] event=app.tray status=success
[2026-08-31 16:05:04.490] [info]  [app] event=updater.check status=ignored reason=store_managed_distribution
[2026-08-31 16:05:04.501] [info]  [app] event=app.ipc status=success
[2026-08-31 16:05:04.637] [info]  [app] event=task.start status=success
[2026-08-31 16:05:04.638] [debug] [api] [api] event=settings.change status=success port=8080 posStoreNo=010-3253-5043 deviceModelId=D0000
[2026-08-31 16:05:04.642] [info]  [api] [HASTE] Found SSL Certificates at: C:\Users\커피에반하다\AppData\Local\haste_client3\resources\resources
[2026-08-31 16:05:04.645] [info]  [api] [HASTE] Started HTTP Hono Server on port 8080 (Toss Place HTTP Mode).
[2026-08-31 16:05:04.647] [info]  [api] [HASTE] Started HTTPS Hono Server on port 8443 (Toss Kiosk Mode).
[2026-08-31 16:05:04.649] [debug] [api] [api] event=api.server status=success port=8080 host=0.0.0.0
[2026-08-31 16:05:04.650] [debug] [coffee] [coffee] event=settings.change status=success field=thirdpartyType value=Lilly_(WMF)
[2026-08-31 16:05:04.652] [debug] [coffee] [coffee] event=coffee.socket status=started transport=ws machineName=WMF model=Lilly_(WMF) ip=192.168.10.99 port=25000
[2026-08-31 16:05:04.659] [debug] [coffee] [coffee] event=temperature.change status=success
[2026-08-31 16:05:04.660] [debug] [api] [api] event=did.callback status=ignored reason=local_did_not_open screen=temperature
[2026-08-31 16:05:04.663] [info]  [HASTE DB Save] Settings category "inventory" has been updated and saved to SQLite successfully.
[2026-08-31 16:05:04.666] [info]  [HASTE DB Save] Settings category "inventory" has been updated and saved to SQLite successfully.
[2026-08-31 16:05:04.667] [info]  [serialport] [serialport] event=serialport.connect status=started scope=all
[2026-08-31 16:05:04.670] [info]  [HASTE DB Save] Settings category "inventory" has been updated and saved to SQLite successfully.
[2026-08-31 16:05:04.672] [info]  [HASTE DB Save] Settings category "inventory" has been updated and saved to SQLite successfully.
[2026-08-31 16:05:04.673] [debug] [api] [HASTE Theme Sync] Applied local UI theme: isDark=false
[2026-08-31 16:05:04.674] [debug] [api] [api] event=did.callback status=started target=local screen=/ reason=local_api_down
[2026-08-31 16:05:04.677] [info]  [app] event=app.startup status=success message="subscriptions registered"
[2026-08-31 16:05:04.678] [debug] [task] [task] event=scheduler.change status=success routine=FOAMER_RINSING intervalSec=1500 normalizedIntervalSec=1500
[2026-08-31 16:05:04.680] [debug] [task] [task] event=scheduler.change status=success routine=WARM_RINSING intervalSec=0 normalizedIntervalSec=0
[2026-08-31 16:05:04.681] [debug] [task] [task] event=scheduler.change status=success routine=MIXER_RINSING intervalSec=0 normalizedIntervalSec=0
[2026-08-31 16:05:04.683] [debug] [task] [task] event=scheduler.change status=success routine=ERROR_CHECK intervalSec=600 normalizedIntervalSec=600
[2026-08-31 16:05:04.684] [debug] [task] [task] event=scheduler.change status=success routine=ICE_MAKER intervalSec=1800 normalizedIntervalSec=1800
[2026-08-31 16:05:04.685] [debug] [task] [task] event=scheduler.change status=success routine=TEMP_CHECK intervalSec=600 normalizedIntervalSec=600
[2026-08-31 16:05:04.686] [debug] [app] event=scheduler.change status=success routine=license.verify intervalSec=86400
[2026-08-31 16:05:04.687] [info]  [app] event=app.startup status=success message="schedulers registered"
[2026-08-31 16:05:04.688] [info]  [HASTE Guard] enableHasteAgent is false (OFF). Skipping agent bot launch.
[2026-08-31 16:05:04.763] [debug] [api] [HASTE DevTools Sync] Current window DevTools opened state: false, Target state: false
[2026-08-31 16:05:04.911] [debug] [serialport] [serialport] event=serialport.connect status=success boardName=board2 port=COM3
[2026-08-31 16:05:05.120] [info]  [HASTE DB Save] Settings category "information" has been updated and saved to SQLite successfully.
[2026-08-31 16:05:05.124] [info]  [HASTE DB Save] Settings category "information" has been updated and saved to SQLite successfully.
[2026-08-31 16:05:05.125] [info]  [app] event=license.verify status=success state=approved storeId=010-3253-5043
[2026-08-31 16:05:05.267] [debug] [serialport] [serialport] event=serialport.connect status=success boardName=board1 port=COM6
[2026-08-31 16:05:05.401] [debug] [serialport] [serialport] event=serialport.packet status=success boardName=board1 length=24 message="bytearray(b'\\x020A1DCP0201A00101A10344\\x03')"
[2026-08-31 16:05:05.647] [debug] [serialport] [serialport] event=serialport.packet status=success boardName=board1 length=24 message="bytearray(b'\\x020A1DPC0200A00101A00342\\x03')"
[2026-08-31 16:05:05.648] [debug] [serialport] [serialport] event=serialport.packet.parse status=success boardName=board1 message="{\"isValidStx\":true,\"isValidEtx\":true,\"isValidDst\":true,\"isValidSrc\":true,\"isValidLength\":true,\"fnc\":\"1\",\"act\":\"D\",\"data\":{\"0\":48,\"1\":50,\"2\":48,\"3\":48,\"4\":65,\"5\":48,\"6\":48,\"7\":49,\"8\":48,\"9\":49,\"10\":65,\"11\":48,\"12\":48,\"13\":51,\"14\":52},\"values\":[\"02\",\"00\",\"A0\",\"01\",\"01\",\"A0\",\"03\"],\"part\":{},\"isValidChecksum\":true}"
[2026-08-31 16:05:09.668] [error] [coffee] [coffee] event=coffee.socket status=failed reason=open_timeout transport=ws machineName=WMF model=Lilly_(WMF) ip=192.168.10.99 port=25000
[2026-08-31 16:05:09.669] [error] [coffee] [coffee] event=coffee.socket status=failed reason=connect_failed transport=ws machineName=WMF model=Lilly_(WMF) ip=192.168.10.99 port=25000
[2026-08-31 16:05:13.310] [debug] [coffee] [coffee] event=coffee.socket status=started transport=ws machineName=WMF model=Lilly_(WMF) ip=192.168.10.99 port=25000
[2026-08-31 16:05:18.317] [error] [coffee] [coffee] event=coffee.socket status=failed reason=open_timeout transport=ws machineName=WMF model=Lilly_(WMF) ip=192.168.10.99 port=25000
[2026-08-31 16:05:18.319] [error] [coffee] [coffee] event=coffee.socket status=failed reason=connect_failed transport=ws machineName=WMF model=Lilly_(WMF) ip=192.168.10.99 port=25000
[2026-08-31 16:05:25.741] [error] [coffee] [coffee] event=coffee.socket status=failed reason=ws_error machineName=WMF model=Lilly_(WMF) ip=192.168.10.99 port=25000 message="connect ETIMEDOUT 192.168.10.99:25000"
[2026-08-31 16:05:34.366] [error] [coffee] [coffee] event=coffee.socket status=failed reason=ws_error machineName=WMF model=Lilly_(WMF) ip=192.168.10.99 port=25000 message="connect ETIMEDOUT 192.168.10.99:25000"
[2026-08-31 16:07:13.031] [info]  [HASTE Restore] Triggering partial overwrite for HARDWARE CONFIG settings only...
[2026-08-31 16:07:13.035] [debug] [coffee] [coffee] event=settings.change status=success machineName=WMF_1 ip=192.168.10.99 port=25000
[2026-08-31 16:07:13.038] [debug] [coffee] [coffee] event=coffee.socket status=started transport=ws machineName=WMF_1 model=Lilly_(WMF) ip=192.168.10.99 port=25000
[2026-08-31 16:07:13.052] [info]  [HASTE DB Save] Settings category "inventory" has been updated and saved to SQLite successfully.
[2026-08-31 16:07:13.072] [info]  [HASTE DB Save] Settings category "coffee" has been updated and saved to SQLite successfully.
[2026-08-31 16:07:13.078] [info]  [HASTE DB Save] Settings category "inventory" has been updated and saved to SQLite successfully.
[2026-08-31 16:07:13.081] [info]  [HASTE DB Save] Settings category "cup" has been updated and saved to SQLite successfully.
[2026-08-31 16:07:13.084] [info]  [HASTE DB Save] Settings category "parts" has been updated and saved to SQLite successfully.
[2026-08-31 16:07:13.086] [info]  [serialport] [serialport] event=settings.change status=success scope=all
[2026-08-31 16:07:13.089] [info]  [serialport] [serialport] event=serialport.connect status=started scope=all
[2026-08-31 16:07:13.093] [info]  [serialport] [serialport] event=serialport.connect status=started scope=all
[2026-08-31 16:07:13.099] [info]  [HASTE DB Save] Settings category "serialport" has been updated and saved to SQLite successfully.
[2026-08-31 16:07:13.103] [info]  [HASTE DB Save] Settings category "inventory" has been updated and saved to SQLite successfully.
[2026-08-31 16:07:13.105] [info]  [HASTE DB Save] Settings category "sirubs" has been updated and saved to SQLite successfully.
[2026-08-31 16:07:13.109] [info]  [HASTE DB Save] Settings category "inventory" has been updated and saved to SQLite successfully.
[2026-08-31 16:07:13.112] [info]  [HASTE DB Save] Settings category "water" has been updated and saved to SQLite successfully.
[2026-08-31 16:07:13.114] [info]  [HASTE DB Save] Settings category "unexpected" has been updated and saved to SQLite successfully.
[2026-08-31 16:07:13.116] [debug] [api] [HASTE Theme Sync] Applied local UI theme: isDark=false
[2026-08-31 16:07:13.119] [info]  [HASTE DB Save] Settings category "information" has been updated and saved to SQLite successfully.
[2026-08-31 16:07:13.123] [info]  [HASTE DB Save] Settings category "inventory" has been updated and saved to SQLite successfully.
[2026-08-31 16:07:13.127] [info]  [HASTE DB Save] Settings category "coffee" has been updated and saved to SQLite successfully.
[2026-08-31 16:07:13.130] [info]  [HASTE DB Save] Settings category "cup" has been updated and saved to SQLite successfully.
[2026-08-31 16:07:13.134] [info]  [HASTE DB Save] Settings category "sirubs" has been updated and saved to SQLite successfully.
[2026-08-31 16:07:13.136] [info]  [HASTE Restore Success] Forcing physical serial port reconnection...
[2026-08-31 16:07:13.137] [info]  [serialport] [serialport] event=serialport.connect status=started scope=all
[2026-08-31 16:07:13.139] [info]  [HASTE DB Restore] Settings backup restored and applied successfully. Path: "unknown_stream", AppliedCategories: [all_settings]
[2026-08-31 16:07:13.150] [info]  [HASTE DB Load] Loaded settings from SQLite database successfully. StoreName: "신림금호점", StoreNo: "010-3253-5043", ThemeMode: "Light", isKioskDryRun: "false"
[2026-08-31 16:07:13.151] [debug] [coffee] [coffee] event=settings.change status=success machineName=WMF ip=192.168.10.99 port=25000
[2026-08-31 16:07:13.154] [debug] [coffee] [coffee] event=coffee.socket status=started transport=ws machineName=WMF model=Lilly_(WMF) ip=192.168.10.99 port=25000
[2026-08-31 16:07:13.160] [info]  [HASTE DB Save] Settings category "inventory" has been updated and saved to SQLite successfully.
[2026-08-31 16:07:13.161] [info]  [HASTE DB Reload] Reloaded settingsStore in-memory cache with fresh DB values.
[2026-08-31 16:07:13.224] [info]  [task] [HASTE Autoload Commit] License auto-activated for: 010-3253-5043
[2026-08-31 16:07:13.231] [info]   [HASTE Guard] Backup JSON successfully saved under SQLite DB folder: C:\Users\커피에반하다\AppData\Roaming\haste_client3.3\haste_injected_config_raw.json
[2026-08-31 16:07:13.232] [error] [task] [app] event=settings.backup.cloud status=failed reason=action_error message="app is not defined"
[2026-08-31 16:07:13.237] [debug] [api] [HASTE DevTools Sync] Current window DevTools opened state: false, Target state: false
[2026-08-31 16:07:13.269] [info]  [HASTE DB Save] Settings category "information" has been updated and saved to SQLite successfully.
[2026-08-31 16:07:13.273] [info]  [HASTE DB Save] Settings category "information" has been updated and saved to SQLite successfully.
[2026-08-31 16:07:13.277] [info]  [HASTE DB Save] Settings category "information" has been updated and saved to SQLite successfully.
[2026-08-31 16:07:13.354] [error] [serialport] [serialport] event=serialport.error status=failed reason=port_error boardName=board1 port=COM6 message="Opening COM6: Access denied"
[2026-08-31 16:07:13.355] [error] [serialport] [serialport] event=serialport.error status=failed reason=port_error boardName=board1 port=COM6 message="Opening COM6: Access denied"
[2026-08-31 16:07:13.358] [debug] [serialport] [serialport] event=serialport.close status=success boardName=board1 port=COM6
[2026-08-31 16:07:13.397] [debug] [serialport] [serialport] event=serialport.connect status=success boardName=board1 port=COM6
[2026-08-31 16:07:13.425] [debug] [serialport] [serialport] event=serialport.packet status=success boardName=board1 length=24 message="bytearray(b'\\x020A1DCP0201A00101A10344\\x03')"
[2026-08-31 16:07:13.478] [debug] [serialport] [serialport] event=serialport.packet status=success boardName=board1 length=24 message="bytearray(b'\\x020A1DPC0200A00101A00342\\x03')"
[2026-08-31 16:07:13.480] [debug] [serialport] [serialport] event=serialport.packet.parse status=success boardName=board1 message="{\"isValidStx\":true,\"isValidEtx\":true,\"isValidDst\":true,\"isValidSrc\":true,\"isValidLength\":true,\"fnc\":\"1\",\"act\":\"D\",\"data\":{\"0\":48,\"1\":50,\"2\":48,\"3\":48,\"4\":65,\"5\":48,\"6\":48,\"7\":49,\"8\":48,\"9\":49,\"10\":65,\"11\":48,\"12\":48,\"13\":51,\"14\":52},\"values\":[\"02\",\"00\",\"A0\",\"01\",\"01\",\"A0\",\"03\"],\"part\":{},\"isValidChecksum\":true}"
[2026-08-31 16:07:13.588] [info]  [HASTE DB Save] Settings category "information" has been updated and saved to SQLite successfully.
[2026-08-31 16:07:13.828] [info]  [HASTE DB Save] Settings category "information" has been updated and saved to SQLite successfully.
[2026-08-31 16:07:18.053] [error] [coffee] [coffee] event=coffee.socket status=failed reason=open_timeout transport=ws machineName=WMF_1 model=Lilly_(WMF) ip=192.168.10.99 port=25000
[2026-08-31 16:07:18.054] [error] [coffee] [coffee] event=coffee.socket status=failed reason=connect_failed transport=ws machineName=WMF_1 model=Lilly_(WMF) ip=192.168.10.99 port=25000
[2026-08-31 16:07:18.162] [error] [coffee] [coffee] event=coffee.socket status=failed reason=open_timeout transport=ws machineName=WMF model=Lilly_(WMF) ip=192.168.10.99 port=25000
[2026-08-31 16:07:18.163] [error] [coffee] [coffee] event=coffee.socket status=failed reason=connect_failed transport=ws machineName=WMF model=Lilly_(WMF) ip=192.168.10.99 port=25000
[2026-08-31 16:07:34.178] [error] [coffee] [coffee] event=coffee.socket status=failed reason=ws_error machineName=WMF_1 model=Lilly_(WMF) ip=192.168.10.99 port=25000 message="connect ETIMEDOUT 192.168.10.99:25000"
[2026-08-31 16:07:34.282] [error] [coffee] [coffee] event=coffee.socket status=failed reason=ws_error machineName=WMF model=Lilly_(WMF) ip=192.168.10.99 port=25000 message="connect ETIMEDOUT 192.168.10.99:25000"
[2026-08-31 16:16:27.127] [debug] [coffee] [coffee] event=coffee.socket status=started transport=ws machineName=WMF model=Lilly_(WMF) ip=192.168.10.99 port=25000
[2026-08-31 16:16:27.171] [debug] [coffee] [coffee] event=coffee.socket status=success transport=ws machineName=WMF action=connected
[2026-08-31 16:16:27.182] [debug] [coffee] [coffee] event=hardware.response status=success machineName=Lilly_(WMF) command=getApiVersion returnvalue=40501
[2026-08-31 16:16:27.692] [debug] [coffee] [coffee] event=hardware.response status=success machineName=Lilly_(WMF) command=getDiagnosticData returnvalue=0
[2026-08-31 16:16:27.695] [debug] [coffee] [coffee] event=temperature.change status=success value=96
[2026-08-31 16:16:27.696] [debug] [api] [api] event=did.callback status=ignored reason=local_did_not_open screen=temperature
[2026-08-31 16:16:28.854] [debug] [coffee] [coffee] event=hardware.response status=success machineName=Lilly_(WMF) command=getMachineInfo returnvalue=0
[2026-08-31 16:16:32.368] [info]  [HASTE Shutdown] Releasing all serial ports...
[2026-08-31 16:16:32.368] [info]  [app] event=app.shutdown status=started
[2026-08-31 16:16:34.726] [info]  [HASTE DB Load] Loaded settings from SQLite database successfully. StoreName: "신림금호점", StoreNo: "010-3253-5043", ThemeMode: "Light", isKioskDryRun: "false"
[2026-08-31 16:16:35.121] [info]  [app] event=app.startup status=started appVersion=3.3.1 packaged=true
[2026-08-31 16:16:35.206] [info]  [app] event=app.window status=success
[2026-08-31 16:16:35.245] [info]  [app] event=app.tray status=success
[2026-08-31 16:16:35.246] [info]  [app] event=updater.check status=ignored reason=store_managed_distribution
[2026-08-31 16:16:35.258] [info]  [app] event=app.ipc status=success
[2026-08-31 16:16:35.365] [info]  [app] event=task.start status=success
[2026-08-31 16:16:35.367] [debug] [api] [api] event=settings.change status=success port=8080 posStoreNo=010-3253-5043 deviceModelId=D0000
[2026-08-31 16:16:35.370] [info]  [api] [HASTE] Found SSL Certificates at: C:\Users\커피에반하다\AppData\Local\haste_client3\resources\resources
[2026-08-31 16:16:35.372] [info]  [api] [HASTE] Started HTTP Hono Server on port 8080 (Toss Place HTTP Mode).
[2026-08-31 16:16:35.375] [info]  [api] [HASTE] Started HTTPS Hono Server on port 8443 (Toss Kiosk Mode).
[2026-08-31 16:16:35.376] [debug] [api] [api] event=api.server status=success port=8080 host=0.0.0.0
[2026-08-31 16:16:35.377] [debug] [coffee] [coffee] event=settings.change status=success field=thirdpartyType value=Lilly_(WMF)
[2026-08-31 16:16:35.380] [debug] [coffee] [coffee] event=coffee.socket status=started transport=ws machineName=WMF model=Lilly_(WMF) ip=192.168.10.99 port=25000
[2026-08-31 16:16:35.386] [debug] [coffee] [coffee] event=temperature.change status=success
[2026-08-31 16:16:35.388] [debug] [api] [api] event=did.callback status=ignored reason=local_did_not_open screen=temperature
[2026-08-31 16:16:35.392] [info]  [HASTE DB Save] Settings category "inventory" has been updated and saved to SQLite successfully.
[2026-08-31 16:16:35.394] [info]  [HASTE DB Save] Settings category "inventory" has been updated and saved to SQLite successfully.
[2026-08-31 16:16:35.398] [info]  [serialport] [serialport] event=serialport.connect status=started scope=all
[2026-08-31 16:16:35.401] [info]  [HASTE DB Save] Settings category "inventory" has been updated and saved to SQLite successfully.
[2026-08-31 16:16:35.403] [info]  [HASTE DB Save] Settings category "inventory" has been updated and saved to SQLite successfully.
[2026-08-31 16:16:35.404] [debug] [api] [HASTE Theme Sync] Applied local UI theme: isDark=false
[2026-08-31 16:16:35.405] [debug] [api] [api] event=did.callback status=started target=local screen=/ reason=local_api_down
[2026-08-31 16:16:35.407] [info]  [app] event=app.startup status=success message="subscriptions registered"
[2026-08-31 16:16:35.408] [debug] [task] [task] event=scheduler.change status=success routine=FOAMER_RINSING intervalSec=1500 normalizedIntervalSec=1500
[2026-08-31 16:16:35.411] [debug] [task] [task] event=scheduler.change status=success routine=WARM_RINSING intervalSec=0 normalizedIntervalSec=0
[2026-08-31 16:16:35.412] [debug] [task] [task] event=scheduler.change status=success routine=MIXER_RINSING intervalSec=0 normalizedIntervalSec=0
[2026-08-31 16:16:35.413] [debug] [task] [task] event=scheduler.change status=success routine=ERROR_CHECK intervalSec=600 normalizedIntervalSec=600
[2026-08-31 16:16:35.414] [debug] [task] [task] event=scheduler.change status=success routine=ICE_MAKER intervalSec=1800 normalizedIntervalSec=1800
[2026-08-31 16:16:35.416] [debug] [task] [task] event=scheduler.change status=success routine=TEMP_CHECK intervalSec=600 normalizedIntervalSec=600
[2026-08-31 16:16:35.417] [debug] [app] event=scheduler.change status=success routine=license.verify intervalSec=86400
[2026-08-31 16:16:35.417] [info]  [app] event=app.startup status=success message="schedulers registered"
[2026-08-31 16:16:35.419] [info]  [HASTE Guard] enableHasteAgent is false (OFF). Skipping agent bot launch.
[2026-08-31 16:16:35.457] [debug] [coffee] [coffee] event=coffee.socket status=success transport=ws machineName=WMF action=connected
[2026-08-31 16:16:35.461] [debug] [api] [HASTE DevTools Sync] Current window DevTools opened state: false, Target state: false
[2026-08-31 16:16:35.484] [debug] [coffee] [coffee] event=hardware.response status=success machineName=Lilly_(WMF) command=getApiVersion returnvalue=40501
[2026-08-31 16:16:35.698] [debug] [api] [api] event=did.callback status=started target=local screen=main
[2026-08-31 16:16:35.699] [debug] [serialport] [serialport] event=serialport.connect status=success boardName=board1 port=COM6
[2026-08-31 16:16:35.740] [debug] [serialport] [serialport] event=serialport.packet status=success boardName=board1 length=24 message="bytearray(b'\\x020A1DCP0201A00101A10344\\x03')"
[2026-08-31 16:16:35.805] [debug] [serialport] [serialport] event=serialport.packet status=success boardName=board1 length=24 message="bytearray(b'\\x020A1DPC0200A00101A00342\\x03')"
[2026-08-31 16:16:35.807] [debug] [serialport] [serialport] event=serialport.packet.parse status=success boardName=board1 message="{\"isValidStx\":true,\"isValidEtx\":true,\"isValidDst\":true,\"isValidSrc\":true,\"isValidLength\":true,\"fnc\":\"1\",\"act\":\"D\",\"data\":{\"0\":48,\"1\":50,\"2\":48,\"3\":48,\"4\":65,\"5\":48,\"6\":48,\"7\":49,\"8\":48,\"9\":49,\"10\":65,\"11\":48,\"12\":48,\"13\":51,\"14\":52},\"values\":[\"02\",\"00\",\"A0\",\"01\",\"01\",\"A0\",\"03\"],\"part\":{},\"isValidChecksum\":true}"
[2026-08-31 16:16:35.873] [info]  [HASTE DB Save] Settings category "information" has been updated and saved to SQLite successfully.
[2026-08-31 16:16:35.955] [info]  [HASTE DB Save] Settings category "information" has been updated and saved to SQLite successfully.
[2026-08-31 16:16:35.956] [info]  [app] event=license.verify status=success state=approved storeId=010-3253-5043
[2026-08-31 16:16:36.026] [debug] [coffee] [coffee] event=hardware.response status=success machineName=Lilly_(WMF) command=getDiagnosticData returnvalue=0
[2026-08-31 16:16:36.027] [debug] [coffee] [coffee] event=temperature.change status=success value=96
[2026-08-31 16:16:36.028] [debug] [api] [api] event=did.callback status=ignored reason=local_did_not_open screen=temperature
[2026-08-31 16:16:37.114] [debug] [coffee] [coffee] event=hardware.response status=success machineName=Lilly_(WMF) command=getMachineInfo returnvalue=0
[2026-08-31 16:17:44.388] [debug] [api] [HASTE Theme Sync] Applied local UI theme: isDark=false
[2026-08-31 16:17:44.391] [info]  [HASTE DB Save] Settings category "information" has been updated and saved to SQLite successfully.
[2026-08-31 16:17:44.394] [debug] [task] [task] event=scheduler.change status=success routine=FOAMER_RINSING intervalSec=3600 normalizedIntervalSec=3600
[2026-08-31 16:17:44.397] [info]  [HASTE DB Save] Settings category "inventory" has been updated and saved to SQLite successfully.
[2026-08-31 16:17:44.398] [info]  [HASTE DB Save] Settings category "coffee" has been updated and saved to SQLite successfully.
[2026-08-31 16:17:44.475] [info]  [HASTE DB Save] Settings category "information" has been updated and saved to SQLite successfully.
[2026-08-31 16:17:44.479] [info]  [HASTE DB Save] Settings category "information" has been updated and saved to SQLite successfully.
[2026-08-31 16:17:44.489] [info]  [HASTE DB Save] Settings category "information" has been updated and saved to SQLite successfully.
[2026-08-31 16:17:44.576] [debug] [api] [HASTE DevTools Sync] Current window DevTools opened state: false, Target state: false
[2026-08-31 16:17:44.826] [info]  [HASTE DB Save] Settings category "information" has been updated and saved to SQLite successfully.
[2026-08-31 16:17:45.065] [info]  [HASTE DB Save] Settings category "information" has been updated and saved to SQLite successfully.
[2026-08-31 16:17:51.635] [debug] [api] [HASTE Theme Sync] Applied local UI theme: isDark=false
[2026-08-31 16:17:51.638] [info]  [HASTE DB Save] Settings category "information" has been updated and saved to SQLite successfully.
[2026-08-31 16:17:51.719] [info]  [HASTE DB Save] Settings category "information" has been updated and saved to SQLite successfully.
[2026-08-31 16:17:51.721] [info]  [HASTE DB Save] Settings category "information" has been updated and saved to SQLite successfully.
[2026-08-31 16:17:51.723] [info]  [HASTE DB Save] Settings category "information" has been updated and saved to SQLite successfully.
[2026-08-31 16:17:51.763] [debug] [api] [HASTE DevTools Sync] Current window DevTools opened state: false, Target state: false
[2026-08-31 16:17:52.000] [info]  [HASTE DB Save] Settings category "information" has been updated and saved to SQLite successfully.
[2026-08-31 16:17:52.251] [info]  [HASTE DB Save] Settings category "information" has been updated and saved to SQLite successfully.
[2026-08-31 16:18:02.311] [debug] [api] [HASTE Theme Sync] Applied local UI theme: isDark=false
[2026-08-31 16:18:02.313] [info]  [HASTE DB Save] Settings category "information" has been updated and saved to SQLite successfully.
[2026-08-31 16:18:02.315] [info]  [HASTE DB Save] Settings category "coffee" has been updated and saved to SQLite successfully.
[2026-08-31 16:18:02.411] [info]  [HASTE DB Save] Settings category "information" has been updated and saved to SQLite successfully.
[2026-08-31 16:18:02.413] [info]  [HASTE DB Save] Settings category "information" has been updated and saved to SQLite successfully.
[2026-08-31 16:18:02.415] [info]  [HASTE DB Save] Settings category "information" has been updated and saved to SQLite successfully.
[2026-08-31 16:18:02.471] [debug] [api] [HASTE DevTools Sync] Current window DevTools opened state: false, Target state: false
[2026-08-31 16:18:02.724] [info]  [HASTE DB Save] Settings category "information" has been updated and saved to SQLite successfully.
[2026-08-31 16:18:02.967] [info]  [HASTE DB Save] Settings category "information" has been updated and saved to SQLite successfully.
[2026-08-31 16:18:08.684] [debug] [api] [HASTE Theme Sync] Applied local UI theme: isDark=false
[2026-08-31 16:18:08.686] [info]  [HASTE DB Save] Settings category "information" has been updated and saved to SQLite successfully.
[2026-08-31 16:18:08.688] [info]  [HASTE DB Save] Settings category "coffee" has been updated and saved to SQLite successfully.
[2026-08-31 16:18:08.773] [info]  [HASTE DB Save] Settings category "information" has been updated and saved to SQLite successfully.
[2026-08-31 16:18:08.783] [info]  [HASTE DB Save] Settings category "information" has been updated and saved to SQLite successfully.
[2026-08-31 16:18:08.786] [info]  [HASTE DB Save] Settings category "information" has been updated and saved to SQLite successfully.
[2026-08-31 16:18:08.825] [debug] [api] [HASTE DevTools Sync] Current window DevTools opened state: false, Target state: false
[2026-08-31 16:18:09.070] [info]  [HASTE DB Save] Settings category "information" has been updated and saved to SQLite successfully.
[2026-08-31 16:18:09.164] [info]  [HASTE DB Save] Settings category "information" has been updated and saved to SQLite successfully.
[2026-08-31 16:18:09.169] [info]  [HASTE DB Save] Settings category "information" has been updated and saved to SQLite successfully.
[2026-08-31 16:18:09.171] [info]  [HASTE DB Save] Settings category "information" has been updated and saved to SQLite successfully.
[2026-08-31 16:18:09.350] [info]  [HASTE DB Save] Settings category "information" has been updated and saved to SQLite successfully.
[2026-08-31 16:18:09.370] [info]  [HASTE DB Save] Settings category "information" has been updated and saved to SQLite successfully.
[2026-08-31 16:18:09.484] [info]  [HASTE DB Save] Settings category "information" has been updated and saved to SQLite successfully.
[2026-08-31 16:18:10.553] [debug] [api] [HASTE Theme Sync] Applied local UI theme: isDark=false
[2026-08-31 16:18:10.556] [info]  [HASTE DB Save] Settings category "information" has been updated and saved to SQLite successfully.
[2026-08-31 16:18:10.572] [info]  [HASTE DB Save] Settings category "information" has been updated and saved to SQLite successfully.
[2026-08-31 16:18:10.573] [info]  [HASTE DB Save] Settings category "coffee" has been updated and saved to SQLite successfully.
[2026-08-31 16:18:10.648] [info]  [HASTE DB Save] Settings category "information" has been updated and saved to SQLite successfully.
[2026-08-31 16:18:10.653] [info]  [HASTE DB Save] Settings category "information" has been updated and saved to SQLite successfully.
[2026-08-31 16:18:10.655] [info]  [HASTE DB Save] Settings category "information" has been updated and saved to SQLite successfully.
[2026-08-31 16:18:10.715] [debug] [api] [HASTE DevTools Sync] Current window DevTools opened state: false, Target state: false
[2026-08-31 16:18:10.835] [info]  [HASTE DB Save] Settings category "information" has been updated and saved to SQLite successfully.
[2026-08-31 16:18:10.968] [info]  [HASTE DB Save] Settings category "information" has been updated and saved to SQLite successfully.
[2026-08-31 16:18:12.043] [info]  [HASTE DB Save] Settings category "information" has been updated and saved to SQLite successfully.
[2026-08-31 16:18:12.045] [info]  [HASTE DB Save] Settings category "information" has been updated and saved to SQLite successfully.
[2026-08-31 16:18:12.049] [info]  [HASTE DB Save] Settings category "information" has been updated and saved to SQLite successfully.
[2026-08-31 16:18:12.210] [info]  [HASTE DB Save] Settings category "information" has been updated and saved to SQLite successfully.
[2026-08-31 16:18:12.342] [info]  [HASTE DB Save] Settings category "information" has been updated and saved to SQLite successfully.
[2026-08-31 16:18:15.518] [info]  [HASTE DB Save] Settings category "information" has been updated and saved to SQLite successfully.
[2026-08-31 16:18:15.526] [info]  [HASTE DB Save] Settings category "information" has been updated and saved to SQLite successfully.
[2026-08-31 16:18:15.528] [info]  [HASTE DB Save] Settings category "information" has been updated and saved to SQLite successfully.
[2026-08-31 16:18:15.691] [info]  [HASTE DB Save] Settings category "information" has been updated and saved to SQLite successfully.
[2026-08-31 16:18:15.827] [info]  [HASTE DB Save] Settings category "information" has been updated and saved to SQLite successfully.
[2026-08-31 16:19:02.557] [debug] [api] [HASTE Theme Sync] Applied local UI theme: isDark=false
[2026-08-31 16:19:02.559] [info]  [HASTE DB Save] Settings category "information" has been updated and saved to SQLite successfully.
[2026-08-31 16:19:02.561] [info]  [HASTE DB Save] Settings category "coffee" has been updated and saved to SQLite successfully.
[2026-08-31 16:19:02.624] [info]  [HASTE DB Save] Settings category "information" has been updated and saved to SQLite successfully.
[2026-08-31 16:19:02.627] [info]  [HASTE DB Save] Settings category "information" has been updated and saved to SQLite successfully.
[2026-08-31 16:19:02.640] [info]  [HASTE DB Save] Settings category "information" has been updated and saved to SQLite successfully.
[2026-08-31 16:19:02.689] [debug] [api] [HASTE DevTools Sync] Current window DevTools opened state: false, Target state: false
[2026-08-31 16:19:02.940] [info]  [HASTE DB Save] Settings category "information" has been updated and saved to SQLite successfully.
[2026-08-31 16:19:03.187] [info]  [HASTE DB Save] Settings category "information" has been updated and saved to SQLite successfully.
[2026-08-31 16:19:07.062] [debug] [api] [HASTE Theme Sync] Applied local UI theme: isDark=false
[2026-08-31 16:19:07.064] [info]  [HASTE DB Save] Settings category "information" has been updated and saved to SQLite successfully.
[2026-08-31 16:19:07.066] [info]  [HASTE DB Save] Settings category "coffee" has been updated and saved to SQLite successfully.
[2026-08-31 16:19:07.161] [info]  [HASTE DB Save] Settings category "information" has been updated and saved to SQLite successfully.
[2026-08-31 16:19:07.163] [info]  [HASTE DB Save] Settings category "information" has been updated and saved to SQLite successfully.
[2026-08-31 16:19:07.165] [info]  [HASTE DB Save] Settings category "information" has been updated and saved to SQLite successfully.
[2026-08-31 16:19:07.260] [debug] [api] [HASTE DevTools Sync] Current window DevTools opened state: false, Target state: false
[2026-08-31 16:19:07.508] [info]  [HASTE DB Save] Settings category "information" has been updated and saved to SQLite successfully.
[2026-08-31 16:19:07.732] [info]  [HASTE DB Save] Settings category "information" has been updated and saved to SQLite successfully.
[2026-08-31 16:19:08.935] [debug] [api] [HASTE Theme Sync] Applied local UI theme: isDark=false
[2026-08-31 16:19:08.937] [info]  [HASTE DB Save] Settings category "information" has been updated and saved to SQLite successfully.
[2026-08-31 16:19:08.988] [info]  [HASTE DB Save] Settings category "information" has been updated and saved to SQLite successfully.
[2026-08-31 16:19:08.990] [info]  [HASTE DB Save] Settings category "information" has been updated and saved to SQLite successfully.
[2026-08-31 16:19:08.992] [info]  [HASTE DB Save] Settings category "information" has been updated and saved to SQLite successfully.
[2026-08-31 16:19:09.047] [debug] [api] [HASTE DevTools Sync] Current window DevTools opened state: false, Target state: false
[2026-08-31 16:19:09.165] [info]  [HASTE DB Save] Settings category "information" has been updated and saved to SQLite successfully.
[2026-08-31 16:19:09.291] [info]  [HASTE DB Save] Settings category "information" has been updated and saved to SQLite successfully.
[2026-08-31 16:19:10.465] [debug] [api] [HASTE Theme Sync] Applied local UI theme: isDark=false
[2026-08-31 16:19:10.467] [info]  [HASTE DB Save] Settings category "information" has been updated and saved to SQLite successfully.
[2026-08-31 16:19:10.488] [info]  [HASTE DB Save] Settings category "information" has been updated and saved to SQLite successfully.
[2026-08-31 16:19:10.492] [info]  [HASTE DB Save] Settings category "information" has been updated and saved to SQLite successfully.
[2026-08-31 16:19:10.494] [info]  [HASTE DB Save] Settings category "information" has been updated and saved to SQLite successfully.
[2026-08-31 16:19:10.538] [debug] [api] [HASTE DevTools Sync] Current window DevTools opened state: false, Target state: false
[2026-08-31 16:19:10.597] [info]  [HASTE DB Save] Settings category "information" has been updated and saved to SQLite successfully.
[2026-08-31 16:19:10.722] [info]  [HASTE DB Save] Settings category "information" has been updated and saved to SQLite successfully.
[2026-08-31 16:19:30.347] [debug] [api] [HASTE Theme Sync] Applied local UI theme: isDark=false
[2026-08-31 16:19:30.361] [info]  [HASTE DB Save] Settings category "information" has been updated and saved to SQLite successfully.
[2026-08-31 16:19:30.387] [info]  [HASTE DB Save] Settings category "information" has been updated and saved to SQLite successfully.
[2026-08-31 16:19:30.389] [info]  [HASTE DB Save] Settings category "coffee" has been updated and saved to SQLite successfully.
[2026-08-31 16:19:30.400] [debug] [api] [HASTE DevTools Sync] Current window DevTools opened state: false, Target state: false
[2026-08-31 16:19:30.428] [info]  [HASTE DB Save] Settings category "information" has been updated and saved to SQLite successfully.
[2026-08-31 16:19:30.431] [info]  [HASTE DB Save] Settings category "information" has been updated and saved to SQLite successfully.
[2026-08-31 16:19:30.442] [info]  [HASTE DB Save] Settings category "information" has been updated and saved to SQLite successfully.
[2026-08-31 16:19:30.734] [info]  [HASTE DB Save] Settings category "information" has been updated and saved to SQLite successfully.
[2026-08-31 16:19:30.993] [info]  [HASTE DB Save] Settings category "information" has been updated and saved to SQLite successfully.
[2026-08-31 16:19:37.595] [info]  [HASTE DB Save] Settings category "information" has been updated and saved to SQLite successfully.
[2026-08-31 16:19:37.602] [info]  [HASTE DB Save] Settings category "information" has been updated and saved to SQLite successfully.
[2026-08-31 16:19:37.604] [info]  [HASTE DB Save] Settings category "information" has been updated and saved to SQLite successfully.
[2026-08-31 16:19:37.912] [info]  [HASTE DB Save] Settings category "information" has been updated and saved to SQLite successfully.
[2026-08-31 16:19:38.038] [info]  [HASTE DB Save] Settings category "information" has been updated and saved to SQLite successfully.
[2026-08-31 16:20:33.277] [debug] [api] [HASTE Theme Sync] Applied local UI theme: isDark=false
[2026-08-31 16:20:33.280] [info]  [HASTE DB Save] Settings category "information" has been updated and saved to SQLite successfully.
[2026-08-31 16:20:33.282] [info]  [HASTE DB Save] Settings category "coffee" has been updated and saved to SQLite successfully.
[2026-08-31 16:20:33.355] [info]  [HASTE DB Save] Settings category "information" has been updated and saved to SQLite successfully.
[2026-08-31 16:20:33.363] [info]  [HASTE DB Save] Settings category "information" has been updated and saved to SQLite successfully.
[2026-08-31 16:20:33.364] [info]  [HASTE DB Save] Settings category "information" has been updated and saved to SQLite successfully.
[2026-08-31 16:20:33.399] [debug] [api] [HASTE DevTools Sync] Current window DevTools opened state: false, Target state: false
[2026-08-31 16:20:33.645] [info]  [HASTE DB Save] Settings category "information" has been updated and saved to SQLite successfully.
[2026-08-31 16:20:33.891] [info]  [HASTE DB Save] Settings category "information" has been updated and saved to SQLite successfully.
[2026-08-31 16:20:40.085] [info]  [HASTE DB Save] Settings category "information" has been updated and saved to SQLite successfully.
[2026-08-31 16:20:40.086] [info]  [HASTE DB Save] Settings category "information" has been updated and saved to SQLite successfully.
[2026-08-31 16:20:40.088] [info]  [HASTE DB Save] Settings category "information" has been updated and saved to SQLite successfully.