[2026-08-24 19:39:40.695] [info]  [HASTE DB Load] Loaded settings from SQLite database successfully. StoreName: "수원금곡삼익점", StoreNo: "105041", ThemeMode: "Light", isKioskDryRun: "false"
[2026-08-24 19:39:41.209] [info]  [app] event=app.startup status=started appVersion=3.1.0t48 packaged=true
[2026-08-24 19:39:41.375] [info]  [app] event=app.window status=success
[2026-08-24 19:39:41.405] [info]  [app] event=app.tray status=success
[2026-08-24 19:39:41.406] [info]  [app] event=updater.check status=ignored reason=store_managed_distribution
[2026-08-24 19:39:41.410] [info]  [app] event=app.ipc status=success
[2026-08-24 19:39:41.444] [info]  [app] event=task.start status=success
[2026-08-24 19:39:41.447] [debug] [api] [api] event=settings.change status=success port=8080 posStoreNo=105041 deviceModelId=D0000
[2026-08-24 19:39:41.450] [info]  [api] [HASTE] Found SSL Certificates at: C:\Users\커피에반하다\AppData\Local\Programs\haste_client3.1\resources\resources
[2026-08-24 19:39:41.479] [info]  [api] [HASTE] Started HTTP Hono Server on port 8080 (Toss Place HTTP Mode).
[2026-08-24 19:39:41.490] [info]  [api] [HASTE] Started HTTPS Hono Server on port 8443 (Toss Kiosk Mode).
[2026-08-24 19:39:41.492] [debug] [api] [api] event=api.server status=success port=8080 host=0.0.0.0
[2026-08-24 19:39:41.493] [info]  [serialport] [serialport] event=serialport.connect status=started scope=all
[2026-08-24 19:39:41.495] [debug] [coffee] [coffee] event=settings.change status=success field=thirdpartyType value=Lilly_(WMF)
[2026-08-24 19:39:41.497] [debug] [coffee] [coffee] event=coffee.socket status=started transport=ws machineName=WMF model=Lilly_(WMF) ip=192.168.10.99 port=25000
[2026-08-24 19:39:41.505] [debug] [coffee] [coffee] event=temperature.change status=success
[2026-08-24 19:39:41.506] [debug] [api] [api] event=did.callback status=ignored reason=local_did_not_open screen=temperature
[2026-08-24 19:39:41.511] [info]  [HASTE DB Save] Settings category "inventory" has been updated and saved to SQLite successfully.
[2026-08-24 19:39:41.513] [info]  [HASTE DB Save] Settings category "inventory" has been updated and saved to SQLite successfully.
[2026-08-24 19:39:41.514] [info]  [serialport] [serialport] event=serialport.connect status=started scope=all
[2026-08-24 19:39:41.516] [info]  [HASTE DB Save] Settings category "inventory" has been updated and saved to SQLite successfully.
[2026-08-24 19:39:41.518] [info]  [HASTE DB Save] Settings category "inventory" has been updated and saved to SQLite successfully.
[2026-08-24 19:39:41.519] [debug] [api] [HASTE Theme Sync] Applied local UI theme: isDark=false
[2026-08-24 19:39:41.520] [debug] [api] [api] event=did.callback status=started target=local screen=/ reason=local_api_down
[2026-08-24 19:39:41.522] [info]  [app] event=app.startup status=success message="subscriptions registered"
[2026-08-24 19:39:41.523] [debug] [task] [task] event=scheduler.change status=success routine=FOAMER_RINSING intervalSec=1500 normalizedIntervalSec=1500
[2026-08-24 19:39:41.526] [debug] [task] [task] event=scheduler.change status=success routine=WARM_RINSING intervalSec=0 normalizedIntervalSec=0
[2026-08-24 19:39:41.527] [debug] [task] [task] event=scheduler.change status=success routine=MIXER_RINSING intervalSec=0 normalizedIntervalSec=0
[2026-08-24 19:39:41.528] [debug] [task] [task] event=scheduler.change status=success routine=ERROR_CHECK intervalSec=600 normalizedIntervalSec=600
[2026-08-24 19:39:41.529] [debug] [task] [task] event=scheduler.change status=success routine=ICE_MAKER intervalSec=1800 normalizedIntervalSec=1800
[2026-08-24 19:39:41.530] [debug] [task] [task] event=scheduler.change status=success routine=TEMP_CHECK intervalSec=600 normalizedIntervalSec=600
[2026-08-24 19:39:41.532] [debug] [app] event=scheduler.change status=success routine=license.verify intervalSec=86400
[2026-08-24 19:39:41.532] [info]  [app] event=app.startup status=success message="schedulers registered"
[2026-08-24 19:39:41.533] [info]  [HASTE Guard] enableHasteAgent is false (OFF). Skipping agent bot launch.
[2026-08-24 19:39:41.663] [error] [app] event=main_process.error status=failed reason=uncaught_exception stack=Error:_listen_EADDRINUSE:_address_already_in_use_0.0.0.0:8080_at_Server.setupListenHandle_[as__listen2]_(node:net:2009:16)_at_listenInCluster_(node:net:2066:12)_at_node:net:2275:7_at_process.processTicksAndRejections_(node:internal/process/task_queues:90:21) message="listen EADDRINUSE: address already in use 0.0.0.0:8080"
[2026-08-24 19:39:41.674] [error] [serialport] [serialport] event=serialport.error status=failed reason=port_error boardName=board1 port=COM5 message="Opening COM5: Access denied"
[2026-08-24 19:39:41.676] [error] [serialport] [serialport] event=serialport.error status=failed reason=port_error boardName=board1 port=COM5 message="Opening COM5: Access denied"
[2026-08-24 19:39:41.678] [debug] [api] [HASTE DevTools Sync] Current window DevTools opened state: false, Target state: false
[2026-08-24 19:39:41.727] [debug] [coffee] [coffee] event=coffee.socket status=success transport=ws machineName=WMF action=connected
[2026-08-24 19:39:41.738] [debug] [coffee] [coffee] event=hardware.response status=success machineName=Lilly_(WMF) command=getApiVersion returnvalue=40401
[2026-08-24 19:39:42.147] [info]  [HASTE DB Save] Settings category "information" has been updated and saved to SQLite successfully.
[2026-08-24 19:39:42.147] [info]  [app] event=license.verify status=success state=approved storeId=105041
[2026-08-24 19:39:42.284] [debug] [coffee] [coffee] event=hardware.response status=success machineName=Lilly_(WMF) command=getDiagnosticData returnvalue=0
[2026-08-24 19:39:42.290] [debug] [coffee] [coffee] event=temperature.change status=success value=97
[2026-08-24 19:39:42.291] [debug] [api] [api] event=did.callback status=ignored reason=local_did_not_open screen=temperature
[2026-08-24 19:39:43.377] [debug] [coffee] [coffee] event=hardware.response status=success machineName=Lilly_(WMF) command=getMachineInfo returnvalue=0
[2026-08-24 19:40:47.469] [info]  [api] [RESOLVE DEBUG] input productNo=GSPHT2003 name=바닐라라떼 options=[] combinedPoolLength=656
[2026-08-24 19:40:47.472] [info]  [api] [RESOLVE DEBUG] input productNo=GSPHT2003 name=바닐라라떼 options=[{"optionCode":"HT","optionName":"HOT"}] combinedPoolLength=656
[2026-08-24 19:40:47.475] [info]  [api] [RESOLVE DEBUG] input productNo=GSPHT2003 name=바닐라라떼 options=[{"optionCode":"IC","optionName":"ICE"}] combinedPoolLength=656
[2026-08-24 19:40:47.478] [info]  [api] [RESOLVE DEBUG] input productNo=GSPHT2003 name=바닐라라떼 options=[{"optionCode":"SD","optionName":"스탠다드"}] combinedPoolLength=656
[2026-08-24 19:40:47.481] [info]  [api] [RESOLVE DEBUG] input productNo=GSPHT2003 name=바닐라라떼 options=[{"optionCode":"SP","optionName":"스페셜티"}] combinedPoolLength=656
[2026-08-24 19:40:47.486] [info]  [api] [RESOLVE DEBUG] input productNo=GSPHT2003 name=바닐라라떼 options=[{"optionCode":"LT","optionName":"연하게"}] combinedPoolLength=656
[2026-08-24 19:40:47.488] [info]  [api] [RESOLVE DEBUG] input productNo=GSPHT2003 name=바닐라라떼 options=[{"optionCode":"1S","optionName":"샷추가"}] combinedPoolLength=656
[2026-08-24 19:40:47.491] [info]  [api] [RESOLVE DEBUG] input productNo=GSPHT1002 name=아메리카노 options=[] combinedPoolLength=656
[2026-08-24 19:40:47.493] [info]  [api] [RESOLVE DEBUG] input productNo=GSPHT1002 name=아메리카노 options=[{"optionCode":"HT","optionName":"HOT"}] combinedPoolLength=656
[2026-08-24 19:40:47.495] [info]  [api] [RESOLVE DEBUG] input productNo=GSPHT1002 name=아메리카노 options=[{"optionCode":"IC","optionName":"ICE"}] combinedPoolLength=656
[2026-08-24 19:40:47.498] [info]  [api] [RESOLVE DEBUG] input productNo=GSPHT1002 name=아메리카노 options=[{"optionCode":"SD","optionName":"스탠다드"}] combinedPoolLength=656
[2026-08-24 19:40:47.501] [info]  [api] [RESOLVE DEBUG] input productNo=GSPHT1002 name=아메리카노 options=[{"optionCode":"SP","optionName":"스페셜티"}] combinedPoolLength=656
[2026-08-24 19:40:47.503] [info]  [api] [RESOLVE DEBUG] input productNo=GSPHT1002 name=아메리카노 options=[{"optionCode":"LT","optionName":"연하게"}] combinedPoolLength=656
[2026-08-24 19:40:47.504] [info]  [api] [RESOLVE DEBUG] input productNo=GSPHT1002 name=아메리카노 options=[{"optionCode":"1S","optionName":"샷추가"}] combinedPoolLength=656
[2026-08-24 19:40:47.506] [info]  [api] [RESOLVE DEBUG] input productNo=GSPHT1002 name=아메리카노 options=[{"optionCode":"SU","optionName":"설탕"}] combinedPoolLength=656
[2026-08-24 19:40:47.507] [info]  [api] [RESOLVE DEBUG] input productNo=GSPHT1002 name=아메리카노 options=[{"optionCode":"HZ","optionName":"헤이즐넛"}] combinedPoolLength=656
[2026-08-24 19:40:47.509] [info]  [api] [RESOLVE DEBUG] input productNo=GSPHT1000 name=에스프레소 도피오 options=[] combinedPoolLength=656
[2026-08-24 19:40:47.512] [info]  [api] [RESOLVE DEBUG] input productNo=GSPHT1000 name=에스프레소 도피오 options=[{"optionCode":"HT","optionName":"HOT"}] combinedPoolLength=656
[2026-08-24 19:40:47.514] [info]  [api] [RESOLVE DEBUG] input productNo=GSPHT1000 name=에스프레소 도피오 options=[{"optionCode":"IC","optionName":"ICE"}] combinedPoolLength=656
[2026-08-24 19:40:47.516] [info]  [api] [RESOLVE DEBUG] input productNo=GSPHT2005 name=카라멜마끼아또 options=[] combinedPoolLength=656
[2026-08-24 19:40:47.519] [info]  [api] [RESOLVE DEBUG] input productNo=GSPHT2005 name=카라멜마끼아또 options=[{"optionCode":"HT","optionName":"HOT"}] combinedPoolLength=656
[2026-08-24 19:40:47.520] [info]  [api] [RESOLVE DEBUG] input productNo=GSPHT2005 name=카라멜마끼아또 options=[{"optionCode":"IC","optionName":"ICE"}] combinedPoolLength=656
[2026-08-24 19:40:47.522] [info]  [api] [RESOLVE DEBUG] input productNo=GSPHT2005 name=카라멜마끼아또 options=[{"optionCode":"SD","optionName":"스탠다드"}] combinedPoolLength=656
[2026-08-24 19:40:47.525] [info]  [api] [RESOLVE DEBUG] input productNo=GSPHT2005 name=카라멜마끼아또 options=[{"optionCode":"SP","optionName":"스페셜티"}] combinedPoolLength=656
[2026-08-24 19:40:47.526] [info]  [api] [RESOLVE DEBUG] input productNo=GSPHT2005 name=카라멜마끼아또 options=[{"optionCode":"LT","optionName":"연하게"}] combinedPoolLength=656
[2026-08-24 19:40:47.530] [info]  [api] [RESOLVE DEBUG] input productNo=GSPHT2006 name=카페모카 options=[] combinedPoolLength=656
[2026-08-24 19:40:47.533] [info]  [api] [RESOLVE DEBUG] input productNo=GSPHT2006 name=카페모카 options=[{"optionCode":"HT","optionName":"HOT"}] combinedPoolLength=656
[2026-08-24 19:40:47.536] [info]  [api] [RESOLVE DEBUG] input productNo=GSPHT2006 name=카페모카 options=[{"optionCode":"IC","optionName":"ICE"}] combinedPoolLength=656
[2026-08-24 19:40:47.541] [info]  [api] [RESOLVE DEBUG] input productNo=GSPHT2006 name=카페모카 options=[{"optionCode":"SD","optionName":"스탠다드"}] combinedPoolLength=656
[2026-08-24 19:40:47.546] [info]  [api] [RESOLVE DEBUG] input productNo=GSPHT2006 name=카페모카 options=[{"optionCode":"SP","optionName":"스페셜티"}] combinedPoolLength=656
[2026-08-24 19:40:47.549] [info]  [api] [RESOLVE DEBUG] input productNo=GSPHT2006 name=카페모카 options=[{"optionCode":"LT","optionName":"연하게"}] combinedPoolLength=656
[2026-08-24 19:40:47.551] [info]  [api] [RESOLVE DEBUG] input productNo=GSPHT2004 name=헤이즐넛라떼 options=[] combinedPoolLength=656
[2026-08-24 19:40:47.566] [info]  [api] [RESOLVE DEBUG] input productNo=GSPHT2004 name=헤이즐넛라떼 options=[{"optionCode":"HT","optionName":"HOT"}] combinedPoolLength=656
[2026-08-24 19:40:47.568] [info]  [api] [RESOLVE DEBUG] input productNo=GSPHT2004 name=헤이즐넛라떼 options=[{"optionCode":"IC","optionName":"ICE"}] combinedPoolLength=656
[2026-08-24 19:40:47.569] [info]  [api] [RESOLVE DEBUG] input productNo=GSPHT2004 name=헤이즐넛라떼 options=[{"optionCode":"SD","optionName":"스탠다드"}] combinedPoolLength=656
[2026-08-24 19:40:47.571] [info]  [api] [RESOLVE DEBUG] input productNo=GSPHT2004 name=헤이즐넛라떼 options=[{"optionCode":"SP","optionName":"스페셜티"}] combinedPoolLength=656
[2026-08-24 19:40:47.574] [info]  [api] [RESOLVE DEBUG] input productNo=GSPHT2004 name=헤이즐넛라떼 options=[{"optionCode":"LT","optionName":"연하게"}] combinedPoolLength=656
[2026-08-24 19:40:47.576] [info]  [api] [RESOLVE DEBUG] input productNo=GSPHT3017 name=군고구마녹차라떼 options=[] combinedPoolLength=656
[2026-08-24 19:40:47.578] [warn]  [api] [SYRUP ADAPT] 미보유 시럽 [모히또](SIRUP16)은 현재 매장 펌프에 없어 안전하게 제외합니다.
[2026-08-24 19:40:47.579] [warn]  [api] [SYRUP ADAPT] 미보유 시럽 [군고구마](SIRUP19)은 현재 매장 펌프에 없어 안전하게 제외합니다.
[2026-08-24 19:40:47.581] [info]  [api] [RESOLVE DEBUG] input productNo=GSPHT3017 name=군고구마녹차라떼 options=[{"optionCode":"HT","optionName":"HOT"}] combinedPoolLength=656
[2026-08-24 19:40:47.582] [warn]  [api] [SYRUP ADAPT] 미보유 시럽 [모히또](SIRUP16)은 현재 매장 펌프에 없어 안전하게 제외합니다.
[2026-08-24 19:40:47.584] [warn]  [api] [SYRUP ADAPT] 미보유 시럽 [군고구마](SIRUP19)은 현재 매장 펌프에 없어 안전하게 제외합니다.
[2026-08-24 19:40:47.585] [info]  [api] [RESOLVE DEBUG] input productNo=GSPHT3017 name=군고구마녹차라떼 options=[{"optionCode":"IC","optionName":"ICE"}] combinedPoolLength=656
[2026-08-24 19:40:47.587] [warn]  [api] [SYRUP ADAPT] 미보유 시럽 [모히또](SIRUP16)은 현재 매장 펌프에 없어 안전하게 제외합니다.
[2026-08-24 19:40:47.588] [warn]  [api] [SYRUP ADAPT] 미보유 시럽 [군고구마](SIRUP19)은 현재 매장 펌프에 없어 안전하게 제외합니다.
[2026-08-24 19:40:47.589] [info]  [api] [RESOLVE DEBUG] input productNo=GSPHT3012 name=군고구마라떼 options=[] combinedPoolLength=656
[2026-08-24 19:40:47.590] [warn]  [api] [SYRUP ADAPT] 미보유 시럽 [군고구마](SIRUP19)은 현재 매장 펌프에 없어 안전하게 제외합니다.
[2026-08-24 19:40:47.591] [info]  [api] [RESOLVE DEBUG] input productNo=GSPHT3012 name=군고구마라떼 options=[{"optionCode":"HT","optionName":"HOT"}] combinedPoolLength=656
[2026-08-24 19:40:47.592] [warn]  [api] [SYRUP ADAPT] 미보유 시럽 [군고구마](SIRUP19)은 현재 매장 펌프에 없어 안전하게 제외합니다.
[2026-08-24 19:40:47.593] [info]  [api] [RESOLVE DEBUG] input productNo=GSPHT3012 name=군고구마라떼 options=[{"optionCode":"IC","optionName":"ICE"}] combinedPoolLength=656
[2026-08-24 19:40:47.595] [warn]  [api] [SYRUP ADAPT] 미보유 시럽 [군고구마](SIRUP19)은 현재 매장 펌프에 없어 안전하게 제외합니다.
[2026-08-24 19:40:47.596] [info]  [api] [RESOLVE DEBUG] input productNo=GSPHT3012 name=군고구마라떼 options=[{"optionCode":"1S","optionName":"샷추가"}] combinedPoolLength=656
[2026-08-24 19:40:47.597] [warn]  [api] [SYRUP ADAPT] 미보유 시럽 [군고구마](SIRUP19)은 현재 매장 펌프에 없어 안전하게 제외합니다.
[2026-08-24 19:40:47.598] [info]  [api] [RESOLVE DEBUG] input productNo=GSPHT3007 name=군고구마말차라떼 options=[] combinedPoolLength=656
[2026-08-24 19:40:47.599] [warn]  [api] [SYRUP ADAPT] 미보유 시럽 [군고구마](SIRUP19)은 현재 매장 펌프에 없어 안전하게 제외합니다.
[2026-08-24 19:40:47.600] [warn]  [api] [SYRUP ADAPT] 미보유 시럽 [말차](SIRUP20)은 현재 매장 펌프에 없어 안전하게 제외합니다.
[2026-08-24 19:40:47.601] [info]  [api] [RESOLVE DEBUG] input productNo=GSPHT3007 name=군고구마말차라떼 options=[{"optionCode":"HT","optionName":"HOT"}] combinedPoolLength=656
[2026-08-24 19:40:47.602] [warn]  [api] [SYRUP ADAPT] 미보유 시럽 [군고구마](SIRUP19)은 현재 매장 펌프에 없어 안전하게 제외합니다.
[2026-08-24 19:40:47.603] [warn]  [api] [SYRUP ADAPT] 미보유 시럽 [말차](SIRUP20)은 현재 매장 펌프에 없어 안전하게 제외합니다.
[2026-08-24 19:40:47.604] [info]  [api] [RESOLVE DEBUG] input productNo=GSPHT3007 name=군고구마말차라떼 options=[{"optionCode":"IC","optionName":"ICE"}] combinedPoolLength=656
[2026-08-24 19:40:47.605] [warn]  [api] [SYRUP ADAPT] 미보유 시럽 [군고구마](SIRUP19)은 현재 매장 펌프에 없어 안전하게 제외합니다.
[2026-08-24 19:40:47.606] [warn]  [api] [SYRUP ADAPT] 미보유 시럽 [말차](SIRUP20)은 현재 매장 펌프에 없어 안전하게 제외합니다.
[2026-08-24 19:40:47.607] [info]  [api] [RESOLVE DEBUG] input productNo=GSPHT2011 name=군고구마샷라떼 options=[] combinedPoolLength=656
[2026-08-24 19:40:47.609] [warn]  [api] [SYRUP ADAPT] 미보유 시럽 [군고구마](SIRUP19)은 현재 매장 펌프에 없어 안전하게 제외합니다.
[2026-08-24 19:40:47.610] [info]  [api] [RESOLVE DEBUG] input productNo=GSPHT2011 name=군고구마샷라떼 options=[{"optionCode":"HT","optionName":"HOT"}] combinedPoolLength=656
[2026-08-24 19:40:47.611] [warn]  [api] [SYRUP ADAPT] 미보유 시럽 [군고구마](SIRUP19)은 현재 매장 펌프에 없어 안전하게 제외합니다.
[2026-08-24 19:40:47.612] [info]  [api] [RESOLVE DEBUG] input productNo=GSPHT2011 name=군고구마샷라떼 options=[{"optionCode":"IC","optionName":"ICE"}] combinedPoolLength=656
[2026-08-24 19:40:47.614] [warn]  [api] [SYRUP ADAPT] 미보유 시럽 [군고구마](SIRUP19)은 현재 매장 펌프에 없어 안전하게 제외합니다.
[2026-08-24 19:40:47.615] [info]  [api] [RESOLVE DEBUG] input productNo=GSPHT2011 name=군고구마샷라떼 options=[{"optionCode":"SD","optionName":"스탠다드"}] combinedPoolLength=656
[2026-08-24 19:40:47.616] [warn]  [api] [SYRUP ADAPT] 미보유 시럽 [군고구마](SIRUP19)은 현재 매장 펌프에 없어 안전하게 제외합니다.
[2026-08-24 19:40:47.617] [info]  [api] [RESOLVE DEBUG] input productNo=GSPHT2011 name=군고구마샷라떼 options=[{"optionCode":"SP","optionName":"스페셜티"}] combinedPoolLength=656
[2026-08-24 19:40:47.618] [warn]  [api] [SYRUP ADAPT] 미보유 시럽 [군고구마](SIRUP19)은 현재 매장 펌프에 없어 안전하게 제외합니다.
[2026-08-24 19:40:47.619] [info]  [api] [RESOLVE DEBUG] input productNo=GSPHT3020 name=녹차라떼 options=[] combinedPoolLength=656
[2026-08-24 19:40:47.620] [warn]  [api] [SYRUP ADAPT] 미보유 시럽 [모히또](SIRUP16)은 현재 매장 펌프에 없어 안전하게 제외합니다.
[2026-08-24 19:40:47.621] [info]  [api] [RESOLVE DEBUG] input productNo=GSPHT3020 name=녹차라떼 options=[{"optionCode":"HT","optionName":"HOT"}] combinedPoolLength=656
[2026-08-24 19:40:47.622] [warn]  [api] [SYRUP ADAPT] 미보유 시럽 [모히또](SIRUP16)은 현재 매장 펌프에 없어 안전하게 제외합니다.
[2026-08-24 19:40:47.623] [info]  [api] [RESOLVE DEBUG] input productNo=GSPHT3020 name=녹차라떼 options=[{"optionCode":"IC","optionName":"ICE"}] combinedPoolLength=656
[2026-08-24 19:40:47.624] [warn]  [api] [SYRUP ADAPT] 미보유 시럽 [모히또](SIRUP16)은 현재 매장 펌프에 없어 안전하게 제외합니다.
[2026-08-24 19:40:47.625] [info]  [api] [RESOLVE DEBUG] input productNo=GSPHT3020 name=녹차라떼 options=[{"optionCode":"1S","optionName":"샷추가"}] combinedPoolLength=656
[2026-08-24 19:40:47.626] [warn]  [api] [SYRUP ADAPT] 미보유 시럽 [모히또](SIRUP16)은 현재 매장 펌프에 없어 안전하게 제외합니다.
[2026-08-24 19:40:47.627] [info]  [api] [RESOLVE DEBUG] input productNo=GSPHT2012 name=녹차샷라떼 options=[] combinedPoolLength=656
[2026-08-24 19:40:47.629] [warn]  [api] [SYRUP ADAPT] 미보유 시럽 [모히또](SIRUP16)은 현재 매장 펌프에 없어 안전하게 제외합니다.
[2026-08-24 19:40:47.629] [info]  [api] [RESOLVE DEBUG] input productNo=GSPHT2012 name=녹차샷라떼 options=[{"optionCode":"HT","optionName":"HOT"}] combinedPoolLength=656
[2026-08-24 19:40:47.631] [warn]  [api] [SYRUP ADAPT] 미보유 시럽 [모히또](SIRUP16)은 현재 매장 펌프에 없어 안전하게 제외합니다.
[2026-08-24 19:40:47.632] [info]  [api] [RESOLVE DEBUG] input productNo=GSPHT2012 name=녹차샷라떼 options=[{"optionCode":"IC","optionName":"ICE"}] combinedPoolLength=656
[2026-08-24 19:40:47.633] [warn]  [api] [SYRUP ADAPT] 미보유 시럽 [모히또](SIRUP16)은 현재 매장 펌프에 없어 안전하게 제외합니다.
[2026-08-24 19:40:47.634] [info]  [api] [RESOLVE DEBUG] input productNo=GSPHT2012 name=녹차샷라떼 options=[{"optionCode":"SD","optionName":"스탠다드"}] combinedPoolLength=656
[2026-08-24 19:40:47.635] [warn]  [api] [SYRUP ADAPT] 미보유 시럽 [모히또](SIRUP16)은 현재 매장 펌프에 없어 안전하게 제외합니다.
[2026-08-24 19:40:47.636] [info]  [api] [RESOLVE DEBUG] input productNo=GSPHT2012 name=녹차샷라떼 options=[{"optionCode":"SP","optionName":"스페셜티"}] combinedPoolLength=656
[2026-08-24 19:40:47.638] [warn]  [api] [SYRUP ADAPT] 미보유 시럽 [모히또](SIRUP16)은 현재 매장 펌프에 없어 안전하게 제외합니다.
[2026-08-24 19:40:47.639] [info]  [api] [RESOLVE DEBUG] input productNo=GSPHT3009 name=딸기라떼 options=[] combinedPoolLength=656
[2026-08-24 19:40:47.640] [info]  [api] [RESOLVE DEBUG] input productNo=GSPHT3009 name=딸기라떼 options=[{"optionCode":"HT","optionName":"HOT"}] combinedPoolLength=656
[2026-08-24 19:40:47.642] [info]  [api] [RESOLVE DEBUG] input productNo=GSPHT3009 name=딸기라떼 options=[{"optionCode":"IC","optionName":"ICE"}] combinedPoolLength=656
[2026-08-24 19:40:47.643] [info]  [api] [RESOLVE DEBUG] input productNo=GSPHT3009 name=딸기라떼 options=[{"optionCode":"CH","optionName":"초코"}] combinedPoolLength=656
[2026-08-24 19:40:47.645] [info]  [api] [RESOLVE DEBUG] input productNo=GSPHT3009 name=딸기라떼 options=[{"optionCode":"BN","optionName":"바나나"}] combinedPoolLength=656
[2026-08-24 19:40:47.646] [warn]  [api] [SYRUP ADAPT] 미보유 시럽 [바나나](SIRUP13)은 현재 매장 펌프에 없어 안전하게 제외합니다.
[2026-08-24 19:40:47.647] [info]  [api] [RESOLVE DEBUG] input productNo=GSPHT3008 name=말차라떼 options=[] combinedPoolLength=656
[2026-08-24 19:40:47.648] [warn]  [api] [SYRUP ADAPT] 미보유 시럽 [말차](SIRUP20)은 현재 매장 펌프에 없어 안전하게 제외합니다.
[2026-08-24 19:40:47.649] [info]  [api] [RESOLVE DEBUG] input productNo=GSPHT3008 name=말차라떼 options=[{"optionCode":"HT","optionName":"HOT"}] combinedPoolLength=656
[2026-08-24 19:40:47.650] [warn]  [api] [SYRUP ADAPT] 미보유 시럽 [말차](SIRUP20)은 현재 매장 펌프에 없어 안전하게 제외합니다.
[2026-08-24 19:40:47.651] [info]  [api] [RESOLVE DEBUG] input productNo=GSPHT3008 name=말차라떼 options=[{"optionCode":"IC","optionName":"ICE"}] combinedPoolLength=656
[2026-08-24 19:40:47.652] [warn]  [api] [SYRUP ADAPT] 미보유 시럽 [말차](SIRUP20)은 현재 매장 펌프에 없어 안전하게 제외합니다.
[2026-08-24 19:40:47.654] [info]  [api] [RESOLVE DEBUG] input productNo=GSPHT3008 name=말차라떼 options=[{"optionCode":"1S","optionName":"샷추가"}] combinedPoolLength=656
[2026-08-24 19:40:47.655] [warn]  [api] [SYRUP ADAPT] 미보유 시럽 [말차](SIRUP20)은 현재 매장 펌프에 없어 안전하게 제외합니다.
[2026-08-24 19:40:47.656] [info]  [api] [RESOLVE DEBUG] input productNo=GSPHT2013 name=말차샷라떼 options=[] combinedPoolLength=656
[2026-08-24 19:40:47.657] [warn]  [api] [SYRUP ADAPT] 미보유 시럽 [말차](SIRUP20)은 현재 매장 펌프에 없어 안전하게 제외합니다.
[2026-08-24 19:40:47.658] [info]  [api] [RESOLVE DEBUG] input productNo=GSPHT2013 name=말차샷라떼 options=[{"optionCode":"HT","optionName":"HOT"}] combinedPoolLength=656
[2026-08-24 19:40:47.659] [warn]  [api] [SYRUP ADAPT] 미보유 시럽 [말차](SIRUP20)은 현재 매장 펌프에 없어 안전하게 제외합니다.
[2026-08-24 19:40:47.660] [info]  [api] [RESOLVE DEBUG] input productNo=GSPHT2013 name=말차샷라떼 options=[{"optionCode":"IC","optionName":"ICE"}] combinedPoolLength=656
[2026-08-24 19:40:47.662] [warn]  [api] [SYRUP ADAPT] 미보유 시럽 [말차](SIRUP20)은 현재 매장 펌프에 없어 안전하게 제외합니다.
[2026-08-24 19:40:47.663] [info]  [api] [RESOLVE DEBUG] input productNo=GSPHT2013 name=말차샷라떼 options=[{"optionCode":"SD","optionName":"스탠다드"}] combinedPoolLength=656
[2026-08-24 19:40:47.665] [warn]  [api] [SYRUP ADAPT] 미보유 시럽 [말차](SIRUP20)은 현재 매장 펌프에 없어 안전하게 제외합니다.
[2026-08-24 19:40:47.667] [info]  [api] [RESOLVE DEBUG] input productNo=GSPHT2013 name=말차샷라떼 options=[{"optionCode":"SP","optionName":"스페셜티"}] combinedPoolLength=656
[2026-08-24 19:40:47.669] [warn]  [api] [SYRUP ADAPT] 미보유 시럽 [말차](SIRUP20)은 현재 매장 펌프에 없어 안전하게 제외합니다.
[2026-08-24 19:40:47.670] [info]  [api] [RESOLVE DEBUG] input productNo=GSPHT3023 name=민트라떼 options=[] combinedPoolLength=656
[2026-08-24 19:40:47.671] [warn]  [api] [SYRUP ADAPT] 미보유 시럽 [민트](SIRUP23)은 현재 매장 펌프에 없어 안전하게 제외합니다.
[2026-08-24 19:40:47.672] [info]  [api] [RESOLVE DEBUG] input productNo=GSPHT3023 name=민트라떼 options=[{"optionCode":"HT","optionName":"HOT"}] combinedPoolLength=656
[2026-08-24 19:40:47.673] [warn]  [api] [SYRUP ADAPT] 미보유 시럽 [민트](SIRUP23)은 현재 매장 펌프에 없어 안전하게 제외합니다.
[2026-08-24 19:40:47.674] [info]  [api] [RESOLVE DEBUG] input productNo=GSPHT3023 name=민트라떼 options=[{"optionCode":"IC","optionName":"ICE"}] combinedPoolLength=656
[2026-08-24 19:40:47.675] [warn]  [api] [SYRUP ADAPT] 미보유 시럽 [민트](SIRUP23)은 현재 매장 펌프에 없어 안전하게 제외합니다.
[2026-08-24 19:40:47.676] [info]  [api] [RESOLVE DEBUG] input productNo=GSPHT3023 name=민트라떼 options=[{"optionCode":"1S","optionName":"샷추가"}] combinedPoolLength=656
[2026-08-24 19:40:47.679] [warn]  [api] [SYRUP ADAPT] 미보유 시럽 [민트](SIRUP23)은 현재 매장 펌프에 없어 안전하게 제외합니다.
[2026-08-24 19:40:47.680] [info]  [api] [RESOLVE DEBUG] input productNo=GSPHT2014 name=민트샷라떼 options=[] combinedPoolLength=656
[2026-08-24 19:40:47.683] [warn]  [api] [SYRUP ADAPT] 미보유 시럽 [민트](SIRUP23)은 현재 매장 펌프에 없어 안전하게 제외합니다.
[2026-08-24 19:40:47.689] [info]  [api] [RESOLVE DEBUG] input productNo=GSPHT2014 name=민트샷라떼 options=[{"optionCode":"HT","optionName":"HOT"}] combinedPoolLength=656
[2026-08-24 19:40:47.692] [warn]  [api] [SYRUP ADAPT] 미보유 시럽 [민트](SIRUP23)은 현재 매장 펌프에 없어 안전하게 제외합니다.
[2026-08-24 19:40:47.766] [info]  [api] [RESOLVE DEBUG] input productNo=GSPHT2014 name=민트샷라떼 options=[{"optionCode":"IC","optionName":"ICE"}] combinedPoolLength=656
[2026-08-24 19:40:47.804] [warn]  [api] [SYRUP ADAPT] 미보유 시럽 [민트](SIRUP23)은 현재 매장 펌프에 없어 안전하게 제외합니다.
[2026-08-24 19:40:47.806] [info]  [api] [RESOLVE DEBUG] input productNo=GSPHT2014 name=민트샷라떼 options=[{"optionCode":"SD","optionName":"스탠다드"}] combinedPoolLength=656
[2026-08-24 19:40:47.808] [warn]  [api] [SYRUP ADAPT] 미보유 시럽 [민트](SIRUP23)은 현재 매장 펌프에 없어 안전하게 제외합니다.
[2026-08-24 19:40:47.809] [info]  [api] [RESOLVE DEBUG] input productNo=GSPHT2014 name=민트샷라떼 options=[{"optionCode":"SP","optionName":"스페셜티"}] combinedPoolLength=656
[2026-08-24 19:40:47.811] [warn]  [api] [SYRUP ADAPT] 미보유 시럽 [민트](SIRUP23)은 현재 매장 펌프에 없어 안전하게 제외합니다.
[2026-08-24 19:40:47.812] [info]  [api] [RESOLVE DEBUG] input productNo=GSPHT3014 name=밤군고구마 options=[] combinedPoolLength=656
[2026-08-24 19:40:47.813] [warn]  [api] [SYRUP ADAPT] 미보유 시럽 [군고구마](SIRUP19)은 현재 매장 펌프에 없어 안전하게 제외합니다.
[2026-08-24 19:40:47.814] [warn]  [api] [SYRUP ADAPT] 미보유 시럽 [밤](SIRUP21)은 현재 매장 펌프에 없어 안전하게 제외합니다.
[2026-08-24 19:40:47.815] [info]  [api] [RESOLVE DEBUG] input productNo=GSPHT3014 name=밤군고구마 options=[{"optionCode":"HT","optionName":"HOT"}] combinedPoolLength=656
[2026-08-24 19:40:47.817] [warn]  [api] [SYRUP ADAPT] 미보유 시럽 [군고구마](SIRUP19)은 현재 매장 펌프에 없어 안전하게 제외합니다.
[2026-08-24 19:40:47.818] [warn]  [api] [SYRUP ADAPT] 미보유 시럽 [밤](SIRUP21)은 현재 매장 펌프에 없어 안전하게 제외합니다.
[2026-08-24 19:40:47.819] [info]  [api] [RESOLVE DEBUG] input productNo=GSPHT3014 name=밤군고구마 options=[{"optionCode":"IC","optionName":"ICE"}] combinedPoolLength=656
[2026-08-24 19:40:47.820] [warn]  [api] [SYRUP ADAPT] 미보유 시럽 [군고구마](SIRUP19)은 현재 매장 펌프에 없어 안전하게 제외합니다.
[2026-08-24 19:40:47.821] [warn]  [api] [SYRUP ADAPT] 미보유 시럽 [밤](SIRUP21)은 현재 매장 펌프에 없어 안전하게 제외합니다.
[2026-08-24 19:40:47.822] [info]  [api] [RESOLVE DEBUG] input productNo=GSPHT3016 name=밤라떼 options=[] combinedPoolLength=656
[2026-08-24 19:40:47.826] [warn]  [api] [SYRUP ADAPT] 미보유 시럽 [밤](SIRUP21)은 현재 매장 펌프에 없어 안전하게 제외합니다.
[2026-08-24 19:40:47.938] [info]  [api] [RESOLVE DEBUG] input productNo=GSPHT3016 name=밤라떼 options=[{"optionCode":"HT","optionName":"HOT"}] combinedPoolLength=656
[2026-08-24 19:40:48.035] [warn]  [api] [SYRUP ADAPT] 미보유 시럽 [밤](SIRUP21)은 현재 매장 펌프에 없어 안전하게 제외합니다.
[2026-08-24 19:40:48.063] [info]  [api] [RESOLVE DEBUG] input productNo=GSPHT3016 name=밤라떼 options=[{"optionCode":"IC","optionName":"ICE"}] combinedPoolLength=656
[2026-08-24 19:40:48.064] [warn]  [api] [SYRUP ADAPT] 미보유 시럽 [밤](SIRUP21)은 현재 매장 펌프에 없어 안전하게 제외합니다.
[2026-08-24 19:40:48.065] [info]  [api] [RESOLVE DEBUG] input productNo=GSPHT3016 name=밤라떼 options=[{"optionCode":"1S","optionName":"샷추가"}] combinedPoolLength=656
[2026-08-24 19:40:48.066] [warn]  [api] [SYRUP ADAPT] 미보유 시럽 [밤](SIRUP21)은 현재 매장 펌프에 없어 안전하게 제외합니다.
[2026-08-24 19:40:48.067] [info]  [api] [RESOLVE DEBUG] input productNo=GSPHT3015 name=밤얼그레이 options=[] combinedPoolLength=656
[2026-08-24 19:40:48.069] [warn]  [api] [SYRUP ADAPT] 미보유 시럽 [밤](SIRUP21)은 현재 매장 펌프에 없어 안전하게 제외합니다.
[2026-08-24 19:40:48.070] [info]  [api] [RESOLVE DEBUG] input productNo=GSPHT3015 name=밤얼그레이 options=[{"optionCode":"HT","optionName":"HOT"}] combinedPoolLength=656
[2026-08-24 19:40:48.071] [warn]  [api] [SYRUP ADAPT] 미보유 시럽 [밤](SIRUP21)은 현재 매장 펌프에 없어 안전하게 제외합니다.
[2026-08-24 19:40:48.071] [info]  [api] [RESOLVE DEBUG] input productNo=GSPHT3015 name=밤얼그레이 options=[{"optionCode":"IC","optionName":"ICE"}] combinedPoolLength=656
[2026-08-24 19:40:48.072] [warn]  [api] [SYRUP ADAPT] 미보유 시럽 [밤](SIRUP21)은 현재 매장 펌프에 없어 안전하게 제외합니다.
[2026-08-24 19:40:48.073] [info]  [api] [RESOLVE DEBUG] input productNo=GSPHT2010 name=밤샷라떼 options=[] combinedPoolLength=656
[2026-08-24 19:40:48.075] [warn]  [api] [SYRUP ADAPT] 미보유 시럽 [밤](SIRUP21)은 현재 매장 펌프에 없어 안전하게 제외합니다.
[2026-08-24 19:40:48.076] [info]  [api] [RESOLVE DEBUG] input productNo=GSPHT2010 name=밤샷라떼 options=[{"optionCode":"HT","optionName":"HOT"}] combinedPoolLength=656
[2026-08-24 19:40:48.077] [warn]  [api] [SYRUP ADAPT] 미보유 시럽 [밤](SIRUP21)은 현재 매장 펌프에 없어 안전하게 제외합니다.
[2026-08-24 19:40:48.078] [info]  [api] [RESOLVE DEBUG] input productNo=GSPHT2010 name=밤샷라떼 options=[{"optionCode":"IC","optionName":"ICE"}] combinedPoolLength=656
[2026-08-24 19:40:48.079] [warn]  [api] [SYRUP ADAPT] 미보유 시럽 [밤](SIRUP21)은 현재 매장 펌프에 없어 안전하게 제외합니다.
[2026-08-24 19:40:48.080] [info]  [api] [RESOLVE DEBUG] input productNo=GSPHT2010 name=밤샷라떼 options=[{"optionCode":"SD","optionName":"스탠다드"}] combinedPoolLength=656
[2026-08-24 19:40:48.081] [warn]  [api] [SYRUP ADAPT] 미보유 시럽 [밤](SIRUP21)은 현재 매장 펌프에 없어 안전하게 제외합니다.
[2026-08-24 19:40:48.082] [info]  [api] [RESOLVE DEBUG] input productNo=GSPHT2010 name=밤샷라떼 options=[{"optionCode":"SP","optionName":"스페셜티"}] combinedPoolLength=656
[2026-08-24 19:40:48.084] [warn]  [api] [SYRUP ADAPT] 미보유 시럽 [밤](SIRUP21)은 현재 매장 펌프에 없어 안전하게 제외합니다.
[2026-08-24 19:40:48.085] [info]  [api] [RESOLVE DEBUG] input productNo=GSPHT3029 name=오렌지바닐라라떼 options=[] combinedPoolLength=656
[2026-08-24 19:40:48.086] [warn]  [api] [SYRUP ADAPT] 미보유 시럽 [블루베리](SIRUP15)은 현재 매장 펌프에 없어 안전하게 제외합니다.
[2026-08-24 19:40:48.087] [info]  [api] [RESOLVE DEBUG] input productNo=GSPHT3029 name=오렌지바닐라라떼 options=[{"optionCode":"HT","optionName":"HOT"}] combinedPoolLength=656
[2026-08-24 19:40:48.088] [warn]  [api] [SYRUP ADAPT] 미보유 시럽 [블루베리](SIRUP15)은 현재 매장 펌프에 없어 안전하게 제외합니다.
[2026-08-24 19:40:48.088] [info]  [api] [RESOLVE DEBUG] input productNo=GSPHT3029 name=오렌지바닐라라떼 options=[{"optionCode":"IC","optionName":"ICE"}] combinedPoolLength=656
[2026-08-24 19:40:48.089] [warn]  [api] [SYRUP ADAPT] 미보유 시럽 [블루베리](SIRUP15)은 현재 매장 펌프에 없어 안전하게 제외합니다.
[2026-08-24 19:40:48.090] [info]  [api] [RESOLVE DEBUG] input productNo=GSPHT2001 name=카페라떼 options=[] combinedPoolLength=656
[2026-08-24 19:40:48.119] [info]  [api] [RESOLVE DEBUG] input productNo=GSPHT2001 name=카페라떼 options=[{"optionCode":"HT","optionName":"HOT"}] combinedPoolLength=656
[2026-08-24 19:40:48.121] [info]  [api] [RESOLVE DEBUG] input productNo=GSPHT2001 name=카페라떼 options=[{"optionCode":"IC","optionName":"ICE"}] combinedPoolLength=656
[2026-08-24 19:40:48.151] [info]  [api] [RESOLVE DEBUG] input productNo=GSPHT2001 name=카페라떼 options=[{"optionCode":"SD","optionName":"스탠다드"}] combinedPoolLength=656
[2026-08-24 19:40:48.153] [info]  [api] [RESOLVE DEBUG] input productNo=GSPHT2001 name=카페라떼 options=[{"optionCode":"SP","optionName":"스페셜티"}] combinedPoolLength=656
[2026-08-24 19:40:48.154] [info]  [api] [RESOLVE DEBUG] input productNo=GSPHT2001 name=카페라떼 options=[{"optionCode":"LT","optionName":"연하게"}] combinedPoolLength=656
[2026-08-24 19:40:48.156] [info]  [api] [RESOLVE DEBUG] input productNo=GSPHT2001 name=카페라떼 options=[{"optionCode":"1S","optionName":"샷추가"}] combinedPoolLength=656
[2026-08-24 19:40:48.157] [info]  [api] [RESOLVE DEBUG] input productNo=GSPHT2001 name=카페라떼 options=[{"optionCode":"SU","optionName":"설탕"}] combinedPoolLength=656
[2026-08-24 19:40:48.158] [info]  [api] [RESOLVE DEBUG] input productNo=GSPHT2001 name=카페라떼 options=[{"optionCode":"HZ","optionName":"헤이즐넛"}] combinedPoolLength=656
[2026-08-24 19:40:48.160] [info]  [api] [RESOLVE DEBUG] input productNo=GSPHT2001 name=카페라떼 options=[{"optionCode":"VN","optionName":"바닐라"}] combinedPoolLength=656
[2026-08-24 19:40:48.161] [info]  [api] [RESOLVE DEBUG] input productNo=GSPHT2001 name=카페라떼 options=[{"optionCode":"CR","optionName":"카라멜"}] combinedPoolLength=656
[2026-08-24 19:40:48.163] [info]  [api] [RESOLVE DEBUG] input productNo=GSPHT2001 name=카페라떼 options=[{"optionCode":"CH","optionName":"초코"}] combinedPoolLength=656
[2026-08-24 19:40:48.165] [info]  [api] [RESOLVE DEBUG] input productNo=GSPHT2001 name=카페라떼 options=[{"optionCode":"BN","optionName":"바나나"}] combinedPoolLength=656
[2026-08-24 19:40:48.166] [warn]  [api] [SYRUP ADAPT] 미보유 시럽 [바나나](SIRUP13)은 현재 매장 펌프에 없어 안전하게 제외합니다.
[2026-08-24 19:40:48.167] [info]  [api] [RESOLVE DEBUG] input productNo=GSPHT3033 name=플럼바닐라라떼 options=[] combinedPoolLength=656
[2026-08-24 19:40:48.169] [info]  [api] [RESOLVE DEBUG] input productNo=GSPHT3033 name=플럼바닐라라떼 options=[{"optionCode":"HT","optionName":"HOT"}] combinedPoolLength=656
[2026-08-24 19:40:48.172] [info]  [api] [RESOLVE DEBUG] input productNo=GSPHT3033 name=플럼바닐라라떼 options=[{"optionCode":"IC","optionName":"ICE"}] combinedPoolLength=656
[2026-08-24 19:40:48.174] [info]  [api] [RESOLVE DEBUG] input productNo=GSPHT3034 name=흑당라떼 options=[] combinedPoolLength=656
[2026-08-24 19:40:48.213] [info]  [api] [RESOLVE DEBUG] input productNo=GSPHT3034 name=흑당라떼 options=[{"optionCode":"HT","optionName":"HOT"}] combinedPoolLength=656
[2026-08-24 19:40:48.214] [info]  [api] [RESOLVE DEBUG] input productNo=GSPHT3034 name=흑당라떼 options=[{"optionCode":"IC","optionName":"ICE"}] combinedPoolLength=656
[2026-08-24 19:40:48.215] [info]  [api] [RESOLVE DEBUG] input productNo=GSPHT4009 name=딸기에이드 options=[] combinedPoolLength=656
[2026-08-24 19:40:48.217] [info]  [api] [RESOLVE DEBUG] input productNo=GSPHT4002 name=딸기자몽에이드 options=[] combinedPoolLength=656
[2026-08-24 19:40:48.218] [info]  [api] [RESOLVE DEBUG] input productNo=GSPHT4010 name=레몬딸기에이드 options=[] combinedPoolLength=656
[2026-08-24 19:40:48.219] [info]  [api] [RESOLVE DEBUG] input productNo=GSPHT4000 name=레몬에이드 options=[] combinedPoolLength=656
[2026-08-24 19:40:48.307] [info]  [api] [RESOLVE DEBUG] input productNo=GSPHT4000 name=레몬에이드 options=[{"optionCode":"BN","optionName":"바나나"}] combinedPoolLength=656
[2026-08-24 19:40:48.318] [warn]  [api] [SYRUP ADAPT] 미보유 시럽 [바나나](SIRUP13)은 현재 매장 펌프에 없어 안전하게 제외합니다.
[2026-08-24 19:40:48.318] [info]  [api] [RESOLVE DEBUG] input productNo=GSPHT4000 name=레몬에이드 options=[{"optionCode":"ST","optionName":"딸기"}] combinedPoolLength=656
[2026-08-24 19:40:48.319] [info]  [api] [RESOLVE DEBUG] input productNo=GSPHT4013 name=복숭아에이드 options=[] combinedPoolLength=656
[2026-08-24 19:40:48.321] [info]  [api] [RESOLVE DEBUG] input productNo=GSPHT4014 name=오렌지에이드 options=[] combinedPoolLength=656
[2026-08-24 19:40:48.322] [info]  [api] [RESOLVE DEBUG] input productNo=GSPHT4015 name=오렌지피치에이드 options=[] combinedPoolLength=656
[2026-08-24 19:40:48.324] [info]  [api] [RESOLVE DEBUG] input productNo=GSPHT4005 name=오미자에이드 options=[] combinedPoolLength=656
[2026-08-24 19:40:48.325] [info]  [api] [RESOLVE DEBUG] input productNo=GSPHT4007 name=자두에이드 options=[] combinedPoolLength=656
[2026-08-24 19:40:48.326] [warn]  [api] [SYRUP ADAPT] 미보유 시럽 [꿀](SIRUP18)은 현재 매장 펌프에 없어 안전하게 제외합니다.
[2026-08-24 19:40:48.327] [info]  [api] [RESOLVE DEBUG] input productNo=GSPHT4004 name=자몽에이드 options=[] combinedPoolLength=656
[2026-08-24 19:40:48.329] [info]  [api] [RESOLVE DEBUG] input productNo=GSPHT4004 name=자몽에이드 options=[{"optionCode":"ST","optionName":"딸기"}] combinedPoolLength=656
[2026-08-24 19:40:48.330] [info]  [api] [RESOLVE DEBUG] input productNo=GSPHT4006 name=청포도에이드 options=[] combinedPoolLength=656
[2026-08-24 19:40:48.331] [info]  [api] [RESOLVE DEBUG] input productNo=GSPHT4018 name=플럼피치에이드 options=[] combinedPoolLength=656
[2026-08-24 19:40:48.334] [warn]  [api] [SYRUP ADAPT] 미보유 시럽 [꿀](SIRUP18)은 현재 매장 펌프에 없어 안전하게 제외합니다.
[2026-08-24 19:40:48.378] [info]  [api] [RESOLVE DEBUG] input productNo=GSPHT4019 name=피치딸기에이드 options=[] combinedPoolLength=656
[2026-08-24 19:40:48.380] [info]  [api] [RESOLVE DEBUG] input productNo=GSPHT4020 name=허니레몬블랙에이드 options=[] combinedPoolLength=656
[2026-08-24 19:40:48.383] [info]  [api] [RESOLVE DEBUG] input productNo=GSPHT4021 name=허니자몽블랙에이드 options=[] combinedPoolLength=656
[2026-08-24 19:40:48.385] [info]  [api] [RESOLVE DEBUG] input productNo=GSPHT1004 name=더블아샷추 options=[] combinedPoolLength=656
[2026-08-24 19:40:48.494] [info]  [api] [RESOLVE DEBUG] input productNo=GSPHT1004 name=더블아샷추 options=[{"optionCode":"SD","optionName":"스탠다드"}] combinedPoolLength=656
[2026-08-24 19:40:48.496] [info]  [api] [RESOLVE DEBUG] input productNo=GSPHT1004 name=더블아샷추 options=[{"optionCode":"SP","optionName":"스페셜티"}] combinedPoolLength=656
[2026-08-24 19:40:48.498] [info]  [api] [RESOLVE DEBUG] input productNo=GSPHT1004 name=더블아샷추 options=[{"optionCode":"LT","optionName":"연하게"}] combinedPoolLength=656
[2026-08-24 19:40:48.499] [info]  [api] [RESOLVE DEBUG] input productNo=GSPHT5004 name=딸기레몬얼그레이티 options=[] combinedPoolLength=656
[2026-08-24 19:40:48.500] [info]  [api] [RESOLVE DEBUG] input productNo=GSPHT5004 name=딸기레몬얼그레이티 options=[{"optionCode":"HT","optionName":"HOT"}] combinedPoolLength=656
[2026-08-24 19:40:48.502] [info]  [api] [RESOLVE DEBUG] input productNo=GSPHT5004 name=딸기레몬얼그레이티 options=[{"optionCode":"IC","optionName":"ICE"}] combinedPoolLength=656
[2026-08-24 19:40:48.503] [info]  [api] [RESOLVE DEBUG] input productNo=GSPHT5005 name=딸기밀크티 options=[] combinedPoolLength=656
[2026-08-24 19:40:48.505] [info]  [api] [RESOLVE DEBUG] input productNo=GSPHT5005 name=딸기밀크티 options=[{"optionCode":"HT","optionName":"HOT"}] combinedPoolLength=656
[2026-08-24 19:40:48.507] [info]  [api] [RESOLVE DEBUG] input productNo=GSPHT5005 name=딸기밀크티 options=[{"optionCode":"IC","optionName":"ICE"}] combinedPoolLength=656
[2026-08-24 19:40:48.509] [info]  [api] [RESOLVE DEBUG] input productNo=GSPHT5006 name=딸기티 options=[] combinedPoolLength=656
[2026-08-24 19:40:48.511] [info]  [api] [RESOLVE DEBUG] input productNo=GSPHT5006 name=딸기티 options=[{"optionCode":"HT","optionName":"HOT"}] combinedPoolLength=656
[2026-08-24 19:40:48.513] [info]  [api] [RESOLVE DEBUG] input productNo=GSPHT5006 name=딸기티 options=[{"optionCode":"IC","optionName":"ICE"}] combinedPoolLength=656
[2026-08-24 19:40:48.524] [info]  [api] [RESOLVE DEBUG] input productNo=GSPHT5007 name=레몬얼그레이티 options=[] combinedPoolLength=656
[2026-08-24 19:40:48.525] [info]  [api] [RESOLVE DEBUG] input productNo=GSPHT5007 name=레몬얼그레이티 options=[{"optionCode":"HT","optionName":"HOT"}] combinedPoolLength=656
[2026-08-24 19:40:48.527] [info]  [api] [RESOLVE DEBUG] input productNo=GSPHT5007 name=레몬얼그레이티 options=[{"optionCode":"IC","optionName":"ICE"}] combinedPoolLength=656
[2026-08-24 19:40:48.528] [info]  [api] [RESOLVE DEBUG] input productNo=GSPHT5007 name=레몬얼그레이티 options=[{"optionCode":"BN","optionName":"바나나"}] combinedPoolLength=656
[2026-08-24 19:40:48.530] [info]  [api] [RESOLVE DEBUG] input productNo=GSPHT5007 name=레몬얼그레이티 options=[{"optionCode":"ST","optionName":"딸기"}] combinedPoolLength=656
[2026-08-24 19:40:48.531] [info]  [api] [RESOLVE DEBUG] input productNo=GSPHT5002 name=레몬차 options=[] combinedPoolLength=656
[2026-08-24 19:40:48.532] [info]  [api] [RESOLVE DEBUG] input productNo=GSPHT5002 name=레몬차 options=[{"optionCode":"HT","optionName":"HOT"}] combinedPoolLength=656
[2026-08-24 19:40:48.533] [info]  [api] [RESOLVE DEBUG] input productNo=GSPHT5002 name=레몬차 options=[{"optionCode":"IC","optionName":"ICE"}] combinedPoolLength=656
[2026-08-24 19:40:48.535] [info]  [api] [RESOLVE DEBUG] input productNo=GSPHT5002 name=레몬차 options=[{"optionCode":"BN","optionName":"바나나"}] combinedPoolLength=656
[2026-08-24 19:40:48.536] [info]  [api] [RESOLVE DEBUG] input productNo=GSPHT5002 name=레몬차 options=[{"optionCode":"ST","optionName":"딸기"}] combinedPoolLength=656
[2026-08-24 19:40:48.537] [info]  [api] [RESOLVE DEBUG] input productNo=GSPHT5008 name=밀크티 options=[] combinedPoolLength=656
[2026-08-24 19:40:48.538] [info]  [api] [RESOLVE DEBUG] input productNo=GSPHT5008 name=밀크티 options=[{"optionCode":"HT","optionName":"HOT"}] combinedPoolLength=656
[2026-08-24 19:40:48.540] [info]  [api] [RESOLVE DEBUG] input productNo=GSPHT5008 name=밀크티 options=[{"optionCode":"IC","optionName":"ICE"}] combinedPoolLength=656
[2026-08-24 19:40:48.582] [info]  [api] [RESOLVE DEBUG] input productNo=GSPHT5008 name=밀크티 options=[{"optionCode":"ST","optionName":"딸기"}] combinedPoolLength=656
[2026-08-24 19:40:48.584] [info]  [api] [RESOLVE DEBUG] input productNo=GSPHT5000 name=복숭아티 options=[] combinedPoolLength=656
[2026-08-24 19:40:48.585] [info]  [api] [RESOLVE DEBUG] input productNo=GSPHT5000 name=복숭아티 options=[{"optionCode":"HT","optionName":"HOT"}] combinedPoolLength=656
[2026-08-24 19:40:48.646] [info]  [api] [RESOLVE DEBUG] input productNo=GSPHT5000 name=복숭아티 options=[{"optionCode":"IC","optionName":"ICE"}] combinedPoolLength=656
[2026-08-24 19:40:48.648] [info]  [api] [RESOLVE DEBUG] input productNo=GSPHT1003 name=아샷추 options=[] combinedPoolLength=656
[2026-08-24 19:40:48.650] [info]  [api] [RESOLVE DEBUG] input productNo=GSPHT1003 name=아샷추 options=[{"optionCode":"SD","optionName":"스탠다드"}] combinedPoolLength=656
[2026-08-24 19:40:48.652] [info]  [api] [RESOLVE DEBUG] input productNo=GSPHT1003 name=아샷추 options=[{"optionCode":"SP","optionName":"스페셜티"}] combinedPoolLength=656
[2026-08-24 19:40:48.653] [info]  [api] [RESOLVE DEBUG] input productNo=GSPHT1003 name=아샷추 options=[{"optionCode":"LT","optionName":"연하게"}] combinedPoolLength=656
[2026-08-24 19:40:48.654] [info]  [api] [RESOLVE DEBUG] input productNo=GSPHT5009 name=얼그레이티 options=[] combinedPoolLength=656
[2026-08-24 19:40:48.655] [info]  [api] [RESOLVE DEBUG] input productNo=GSPHT5009 name=얼그레이티 options=[{"optionCode":"HT","optionName":"HOT"}] combinedPoolLength=656
[2026-08-24 19:40:48.656] [info]  [api] [RESOLVE DEBUG] input productNo=GSPHT5009 name=얼그레이티 options=[{"optionCode":"IC","optionName":"ICE"}] combinedPoolLength=656
[2026-08-24 19:40:48.657] [info]  [api] [RESOLVE DEBUG] input productNo=GSPHT5010 name=오렌지민트차 options=[] combinedPoolLength=656
[2026-08-24 19:40:48.658] [warn]  [api] [SYRUP ADAPT] 미보유 시럽 [민트](SIRUP23)은 현재 매장 펌프에 없어 안전하게 제외합니다.
[2026-08-24 19:40:48.659] [info]  [api] [RESOLVE DEBUG] input productNo=GSPHT5010 name=오렌지민트차 options=[{"optionCode":"HT","optionName":"HOT"}] combinedPoolLength=656
[2026-08-24 19:40:48.661] [warn]  [api] [SYRUP ADAPT] 미보유 시럽 [민트](SIRUP23)은 현재 매장 펌프에 없어 안전하게 제외합니다.
[2026-08-24 19:40:48.661] [info]  [api] [RESOLVE DEBUG] input productNo=GSPHT5010 name=오렌지민트차 options=[{"optionCode":"IC","optionName":"ICE"}] combinedPoolLength=656
[2026-08-24 19:40:48.662] [warn]  [api] [SYRUP ADAPT] 미보유 시럽 [민트](SIRUP23)은 현재 매장 펌프에 없어 안전하게 제외합니다.
[2026-08-24 19:40:48.663] [info]  [api] [RESOLVE DEBUG] input productNo=GSPHT5011 name=오렌지자몽블랙티 options=[] combinedPoolLength=656
[2026-08-24 19:40:48.664] [info]  [api] [RESOLVE DEBUG] input productNo=GSPHT5011 name=오렌지자몽블랙티 options=[{"optionCode":"HT","optionName":"HOT"}] combinedPoolLength=656
[2026-08-24 19:40:48.665] [info]  [api] [RESOLVE DEBUG] input productNo=GSPHT5011 name=오렌지자몽블랙티 options=[{"optionCode":"IC","optionName":"ICE"}] combinedPoolLength=656
[2026-08-24 19:40:48.666] [info]  [api] [RESOLVE DEBUG] input productNo=GSPHT5001 name=오미자차 options=[] combinedPoolLength=656
[2026-08-24 19:40:48.667] [info]  [api] [RESOLVE DEBUG] input productNo=GSPHT5001 name=오미자차 options=[{"optionCode":"HT","optionName":"HOT"}] combinedPoolLength=656
[2026-08-24 19:40:48.669] [info]  [api] [RESOLVE DEBUG] input productNo=GSPHT5001 name=오미자차 options=[{"optionCode":"IC","optionName":"ICE"}] combinedPoolLength=656
[2026-08-24 19:40:48.670] [info]  [api] [RESOLVE DEBUG] input productNo=GSPHT5012 name=자두차 options=[] combinedPoolLength=656
[2026-08-24 19:40:48.671] [warn]  [api] [SYRUP ADAPT] 미보유 시럽 [꿀](SIRUP18)은 현재 매장 펌프에 없어 안전하게 제외합니다.
[2026-08-24 19:40:48.671] [info]  [api] [RESOLVE DEBUG] input productNo=GSPHT5012 name=자두차 options=[{"optionCode":"HT","optionName":"HOT"}] combinedPoolLength=656
[2026-08-24 19:40:48.672] [warn]  [api] [SYRUP ADAPT] 미보유 시럽 [꿀](SIRUP18)은 현재 매장 펌프에 없어 안전하게 제외합니다.
[2026-08-24 19:40:48.673] [info]  [api] [RESOLVE DEBUG] input productNo=GSPHT5012 name=자두차 options=[{"optionCode":"IC","optionName":"ICE"}] combinedPoolLength=656
[2026-08-24 19:40:48.674] [warn]  [api] [SYRUP ADAPT] 미보유 시럽 [꿀](SIRUP18)은 현재 매장 펌프에 없어 안전하게 제외합니다.
[2026-08-24 19:40:48.675] [info]  [api] [RESOLVE DEBUG] input productNo=GSPHT5003 name=자몽차 options=[] combinedPoolLength=656
[2026-08-24 19:40:48.676] [info]  [api] [RESOLVE DEBUG] input productNo=GSPHT5003 name=자몽차 options=[{"optionCode":"HT","optionName":"HOT"}] combinedPoolLength=656
[2026-08-24 19:40:48.677] [info]  [api] [RESOLVE DEBUG] input productNo=GSPHT5003 name=자몽차 options=[{"optionCode":"IC","optionName":"ICE"}] combinedPoolLength=656
[2026-08-24 19:40:48.678] [info]  [api] [RESOLVE DEBUG] input productNo=GSPHT5003 name=자몽차 options=[{"optionCode":"ST","optionName":"딸기"}] combinedPoolLength=656
[2026-08-24 19:40:48.679] [info]  [api] [RESOLVE DEBUG] input productNo=GSPHT5013 name=프리미엄티 options=[] combinedPoolLength=656
[2026-08-24 19:40:48.680] [info]  [api] [RESOLVE DEBUG] input productNo=GSPHT5013 name=프리미엄티 options=[{"optionCode":"HT","optionName":"HOT"}] combinedPoolLength=656
[2026-08-24 19:40:48.681] [info]  [api] [RESOLVE DEBUG] input productNo=GSPHT5013 name=프리미엄티 options=[{"optionCode":"IC","optionName":"ICE"}] combinedPoolLength=656
[2026-08-24 19:40:48.683] [info]  [api] [RESOLVE DEBUG] input productNo=GSPHT5014 name=피치민트차 options=[] combinedPoolLength=656
[2026-08-24 19:40:48.683] [warn]  [api] [SYRUP ADAPT] 미보유 시럽 [민트](SIRUP23)은 현재 매장 펌프에 없어 안전하게 제외합니다.
[2026-08-24 19:40:48.757] [info]  [api] [RESOLVE DEBUG] input productNo=GSPHT5014 name=피치민트차 options=[{"optionCode":"HT","optionName":"HOT"}] combinedPoolLength=656
[2026-08-24 19:40:48.807] [warn]  [api] [SYRUP ADAPT] 미보유 시럽 [민트](SIRUP23)은 현재 매장 펌프에 없어 안전하게 제외합니다.
[2026-08-24 19:40:48.818] [info]  [api] [RESOLVE DEBUG] input productNo=GSPHT5014 name=피치민트차 options=[{"optionCode":"IC","optionName":"ICE"}] combinedPoolLength=656
[2026-08-24 19:40:48.819] [warn]  [api] [SYRUP ADAPT] 미보유 시럽 [민트](SIRUP23)은 현재 매장 펌프에 없어 안전하게 제외합니다.
[2026-08-24 19:40:48.820] [info]  [api] [RESOLVE DEBUG] input productNo=GSPHT5015 name=피치오렌지자몽블랙티 options=[] combinedPoolLength=656
[2026-08-24 19:40:48.821] [info]  [api] [RESOLVE DEBUG] input productNo=GSPHT5015 name=피치오렌지자몽블랙티 options=[{"optionCode":"HT","optionName":"HOT"}] combinedPoolLength=656
[2026-08-24 19:40:48.823] [info]  [api] [RESOLVE DEBUG] input productNo=GSPHT5015 name=피치오렌지자몽블랙티 options=[{"optionCode":"IC","optionName":"ICE"}] combinedPoolLength=656
[2026-08-24 19:40:48.824] [info]  [api] [RESOLVE DEBUG] input productNo=GSPHT5016 name=허니레몬블랙티 options=[] combinedPoolLength=656
[2026-08-24 19:40:48.825] [warn]  [api] [SYRUP ADAPT] 미보유 시럽 [블루베리](SIRUP15)은 현재 매장 펌프에 없어 안전하게 제외합니다.
[2026-08-24 19:40:48.826] [info]  [api] [RESOLVE DEBUG] input productNo=GSPHT5016 name=허니레몬블랙티 options=[{"optionCode":"HT","optionName":"HOT"}] combinedPoolLength=656
[2026-08-24 19:40:48.834] [info]  [api] [RESOLVE DEBUG] input productNo=GSPHT5016 name=허니레몬블랙티 options=[{"optionCode":"IC","optionName":"ICE"}] combinedPoolLength=656
[2026-08-24 19:40:48.841] [info]  [api] [RESOLVE DEBUG] input productNo=GSPHT5017 name=허니자몽블랙티 options=[] combinedPoolLength=656
[2026-08-24 19:40:48.842] [warn]  [api] [SYRUP ADAPT] 미보유 시럽 [블루베리](SIRUP15)은 현재 매장 펌프에 없어 안전하게 제외합니다.
[2026-08-24 19:40:48.843] [info]  [api] [RESOLVE DEBUG] input productNo=GSPHT5017 name=허니자몽블랙티 options=[{"optionCode":"HT","optionName":"HOT"}] combinedPoolLength=656
[2026-08-24 19:40:48.844] [info]  [api] [RESOLVE DEBUG] input productNo=GSPHT5017 name=허니자몽블랙티 options=[{"optionCode":"IC","optionName":"ICE"}] combinedPoolLength=656
[2026-08-24 19:40:48.846] [info]  [api] [RESOLVE DEBUG] input productNo=GSPHT5017 name=허니자몽블랙티 options=[{"optionCode":"ST","optionName":"딸기"}] combinedPoolLength=656
[2026-08-24 19:40:48.847] [info]  [api] [RESOLVE DEBUG] input productNo=GSPHT5018 name=흑당밀크티 options=[] combinedPoolLength=656
[2026-08-24 19:40:48.848] [info]  [api] [RESOLVE DEBUG] input productNo=GSPHT5018 name=흑당밀크티 options=[{"optionCode":"HT","optionName":"HOT"}] combinedPoolLength=656
[2026-08-24 19:40:48.849] [info]  [api] [RESOLVE DEBUG] input productNo=GSPHT5018 name=흑당밀크티 options=[{"optionCode":"IC","optionName":"ICE"}] combinedPoolLength=656
[2026-08-24 19:40:48.850] [info]  [api] [RESOLVE DEBUG] input productNo=GSPHT3006 name=초코라떼 options=[] combinedPoolLength=656
[2026-08-24 19:40:48.851] [info]  [api] [RESOLVE DEBUG] input productNo=GSPHT3006 name=초코라떼 options=[{"optionCode":"HT","optionName":"HOT"}] combinedPoolLength=656
[2026-08-24 19:40:48.852] [info]  [api] [RESOLVE DEBUG] input productNo=GSPHT3006 name=초코라떼 options=[{"optionCode":"IC","optionName":"ICE"}] combinedPoolLength=656
[2026-08-24 19:40:48.853] [info]  [api] [RESOLVE DEBUG] input productNo=GSPHT3006 name=초코라떼 options=[{"optionCode":"1S","optionName":"샷추가"}] combinedPoolLength=656
[2026-08-24 19:40:48.854] [info]  [api] [RESOLVE DEBUG] input productNo=GSPHT3006 name=초코라떼 options=[{"optionCode":"HZ","optionName":"헤이즐넛"}] combinedPoolLength=656
[2026-08-24 19:40:48.856] [info]  [api] [RESOLVE DEBUG] input productNo=GSPHT3010 name=바나나라떼 options=[] combinedPoolLength=656
[2026-08-24 19:40:48.856] [warn]  [api] [SYRUP ADAPT] 미보유 시럽 [바나나](SIRUP13)은 현재 매장 펌프에 없어 안전하게 제외합니다.
[2026-08-24 19:40:48.857] [info]  [api] [RESOLVE DEBUG] input productNo=GSPHT3010 name=바나나라떼 options=[{"optionCode":"HT","optionName":"HOT"}] combinedPoolLength=656
[2026-08-24 19:40:48.858] [warn]  [api] [SYRUP ADAPT] 미보유 시럽 [바나나](SIRUP13)은 현재 매장 펌프에 없어 안전하게 제외합니다.
[2026-08-24 19:40:48.860] [info]  [api] [RESOLVE DEBUG] input productNo=GSPHT3010 name=바나나라떼 options=[{"optionCode":"IC","optionName":"ICE"}] combinedPoolLength=656
[2026-08-24 19:40:48.892] [warn]  [api] [SYRUP ADAPT] 미보유 시럽 [바나나](SIRUP13)은 현재 매장 펌프에 없어 안전하게 제외합니다.
[2026-08-24 19:40:48.893] [info]  [api] [RESOLVE DEBUG] input productNo=GSPHT3010 name=바나나라떼 options=[{"optionCode":"HZ","optionName":"헤이즐넛"}] combinedPoolLength=656
[2026-08-24 19:40:48.894] [warn]  [api] [SYRUP ADAPT] 미보유 시럽 [바나나](SIRUP13)은 현재 매장 펌프에 없어 안전하게 제외합니다.
[2026-08-24 19:40:48.895] [info]  [api] [RESOLVE DEBUG] input productNo=GSPHT3010 name=바나나라떼 options=[{"optionCode":"CR","optionName":"카라멜"}] combinedPoolLength=656
[2026-08-24 19:40:48.896] [warn]  [api] [SYRUP ADAPT] 미보유 시럽 [바나나](SIRUP13)은 현재 매장 펌프에 없어 안전하게 제외합니다.
[2026-08-24 19:40:48.897] [info]  [api] [RESOLVE DEBUG] input productNo=GSPHT3010 name=바나나라떼 options=[{"optionCode":"CH","optionName":"초코"}] combinedPoolLength=656
[2026-08-24 19:40:48.903] [warn]  [api] [SYRUP ADAPT] 미보유 시럽 [바나나](SIRUP13)은 현재 매장 펌프에 없어 안전하게 제외합니다.
[2026-08-24 19:40:48.910] [info]  [api] [RESOLVE DEBUG] input productNo=GSPHT3027 name=슈크림라떼 options=[] combinedPoolLength=656
[2026-08-24 19:40:48.918] [info]  [api] [RESOLVE DEBUG] input productNo=GSPHT3027 name=슈크림라떼 options=[{"optionCode":"HT","optionName":"HOT"}] combinedPoolLength=656
[2026-08-24 19:40:48.933] [info]  [api] [RESOLVE DEBUG] input productNo=GSPHT3027 name=슈크림라떼 options=[{"optionCode":"IC","optionName":"ICE"}] combinedPoolLength=656
[2026-08-24 19:40:48.948] [info]  [api] [RESOLVE DEBUG] input productNo=GSPHT3027 name=슈크림라떼 options=[{"optionCode":"1S","optionName":"샷추가"}] combinedPoolLength=656
[2026-08-24 19:40:48.960] [info]  [api] [RESOLVE DEBUG] input productNo=GSPHT2015 name=바나나샷라떼 options=[] combinedPoolLength=656
[2026-08-24 19:40:48.972] [warn]  [api] [SYRUP ADAPT] 미보유 시럽 [바나나](SIRUP13)은 현재 매장 펌프에 없어 안전하게 제외합니다.
[2026-08-24 19:40:48.977] [info]  [api] [RESOLVE DEBUG] input productNo=GSPHT2015 name=바나나샷라떼 options=[{"optionCode":"HT","optionName":"HOT"}] combinedPoolLength=656
[2026-08-24 19:40:48.979] [warn]  [api] [SYRUP ADAPT] 미보유 시럽 [바나나](SIRUP13)은 현재 매장 펌프에 없어 안전하게 제외합니다.
[2026-08-24 19:40:48.980] [info]  [api] [RESOLVE DEBUG] input productNo=GSPHT2015 name=바나나샷라떼 options=[{"optionCode":"IC","optionName":"ICE"}] combinedPoolLength=656
[2026-08-24 19:40:48.982] [warn]  [api] [SYRUP ADAPT] 미보유 시럽 [바나나](SIRUP13)은 현재 매장 펌프에 없어 안전하게 제외합니다.
[2026-08-24 19:40:48.983] [info]  [api] [RESOLVE DEBUG] input productNo=GSPHT2015 name=바나나샷라떼 options=[{"optionCode":"SD","optionName":"스탠다드"}] combinedPoolLength=656
[2026-08-24 19:40:48.986] [warn]  [api] [SYRUP ADAPT] 미보유 시럽 [바나나](SIRUP13)은 현재 매장 펌프에 없어 안전하게 제외합니다.
[2026-08-24 19:40:48.988] [info]  [api] [RESOLVE DEBUG] input productNo=GSPHT2015 name=바나나샷라떼 options=[{"optionCode":"SP","optionName":"스페셜티"}] combinedPoolLength=656
[2026-08-24 19:40:49.011] [warn]  [api] [SYRUP ADAPT] 미보유 시럽 [바나나](SIRUP13)은 현재 매장 펌프에 없어 안전하게 제외합니다.
[2026-08-24 19:40:49.015] [info]  [api] [RESOLVE DEBUG] input productNo=GSPHT2016 name=슈크림샷라떼 options=[] combinedPoolLength=656
[2026-08-24 19:40:49.043] [info]  [api] [RESOLVE DEBUG] input productNo=GSPHT2016 name=슈크림샷라떼 options=[{"optionCode":"HT","optionName":"HOT"}] combinedPoolLength=656
[2026-08-24 19:40:49.080] [info]  [api] [RESOLVE DEBUG] input productNo=GSPHT2016 name=슈크림샷라떼 options=[{"optionCode":"IC","optionName":"ICE"}] combinedPoolLength=656
[2026-08-24 19:40:49.090] [info]  [api] [RESOLVE DEBUG] input productNo=GSPHT2016 name=슈크림샷라떼 options=[{"optionCode":"SD","optionName":"스탠다드"}] combinedPoolLength=656
[2026-08-24 19:40:49.099] [info]  [api] [RESOLVE DEBUG] input productNo=GSPHT2016 name=슈크림샷라떼 options=[{"optionCode":"SP","optionName":"스페셜티"}] combinedPoolLength=656
[2026-08-24 19:40:49.107] [info]  [api] [RESOLVE DEBUG] input productNo=GSPHT4012 name=바나나에이드 options=[] combinedPoolLength=656
[2026-08-24 19:40:49.116] [warn]  [api] [SYRUP ADAPT] 미보유 시럽 [바나나](SIRUP13)은 현재 매장 펌프에 없어 안전하게 제외합니다.
[2026-08-24 19:40:49.121] [info]  [kiosk] [toss] event=catalog.validate status=success total=67 matched=237 unmatched=0
[2026-08-24 19:45:18.818] [info]  [HASTE Shutdown] Releasing all serial ports...
[2026-08-24 19:45:18.819] [info]  [app] event=app.shutdown status=started
[2026-08-24 19:47:43.155] [info]  [HASTE DB Load] Loaded settings from SQLite database successfully. StoreName: "수원금곡삼익점", StoreNo: "105041", ThemeMode: "Light", isKioskDryRun: "false"
[2026-08-24 19:47:43.583] [info]  [app] event=app.startup status=started appVersion=3.1.0t48 packaged=true
[2026-08-24 19:47:43.668] [info]  [app] event=app.window status=success
[2026-08-24 19:47:43.718] [info]  [app] event=app.tray status=success
[2026-08-24 19:47:43.719] [info]  [app] event=updater.check status=ignored reason=store_managed_distribution
[2026-08-24 19:47:43.723] [info]  [app] event=app.ipc status=success
[2026-08-24 19:47:43.725] [info]  [app] event=task.start status=success
[2026-08-24 19:47:43.730] [debug] [api] [api] event=settings.change status=success port=8080 posStoreNo=105041 deviceModelId=D0000
[2026-08-24 19:47:43.733] [info]  [api] [HASTE] Found SSL Certificates at: C:\Users\커피에반하다\AppData\Local\Programs\haste_client3.1\resources\resources
[2026-08-24 19:47:43.766] [info]  [api] [HASTE] Started HTTP Hono Server on port 8080 (Toss Place HTTP Mode).
[2026-08-24 19:47:43.771] [info]  [api] [HASTE] Started HTTPS Hono Server on port 8443 (Toss Kiosk Mode).
[2026-08-24 19:47:43.772] [debug] [api] [api] event=api.server status=success port=8080 host=0.0.0.0
[2026-08-24 19:47:43.773] [info]  [serialport] [serialport] event=serialport.connect status=started scope=all
[2026-08-24 19:47:43.776] [debug] [coffee] [coffee] event=settings.change status=success field=thirdpartyType value=Lilly_(WMF)
[2026-08-24 19:47:43.778] [debug] [coffee] [coffee] event=coffee.socket status=started transport=ws machineName=WMF model=Lilly_(WMF) ip=192.168.10.99 port=25000
[2026-08-24 19:47:43.785] [debug] [coffee] [coffee] event=temperature.change status=success
[2026-08-24 19:47:43.786] [debug] [api] [api] event=did.callback status=ignored reason=local_did_not_open screen=temperature
[2026-08-24 19:47:43.790] [info]  [HASTE DB Save] Settings category "inventory" has been updated and saved to SQLite successfully.
[2026-08-24 19:47:43.792] [info]  [HASTE DB Save] Settings category "inventory" has been updated and saved to SQLite successfully.
[2026-08-24 19:47:43.793] [info]  [serialport] [serialport] event=serialport.connect status=started scope=all
[2026-08-24 19:47:43.796] [info]  [HASTE DB Save] Settings category "inventory" has been updated and saved to SQLite successfully.
[2026-08-24 19:47:43.797] [info]  [HASTE DB Save] Settings category "inventory" has been updated and saved to SQLite successfully.
[2026-08-24 19:47:43.798] [debug] [api] [HASTE Theme Sync] Applied local UI theme: isDark=false
[2026-08-24 19:47:43.800] [debug] [api] [api] event=did.callback status=started target=local screen=/ reason=local_api_down
[2026-08-24 19:47:43.802] [info]  [app] event=app.startup status=success message="subscriptions registered"
[2026-08-24 19:47:43.802] [debug] [task] [task] event=scheduler.change status=success routine=FOAMER_RINSING intervalSec=1500 normalizedIntervalSec=1500
[2026-08-24 19:47:43.805] [debug] [task] [task] event=scheduler.change status=success routine=WARM_RINSING intervalSec=0 normalizedIntervalSec=0
[2026-08-24 19:47:43.806] [debug] [task] [task] event=scheduler.change status=success routine=MIXER_RINSING intervalSec=0 normalizedIntervalSec=0
[2026-08-24 19:47:43.806] [debug] [task] [task] event=scheduler.change status=success routine=ERROR_CHECK intervalSec=600 normalizedIntervalSec=600
[2026-08-24 19:47:43.808] [debug] [task] [task] event=scheduler.change status=success routine=ICE_MAKER intervalSec=1800 normalizedIntervalSec=1800
[2026-08-24 19:47:43.809] [debug] [task] [task] event=scheduler.change status=success routine=TEMP_CHECK intervalSec=600 normalizedIntervalSec=600
[2026-08-24 19:47:43.810] [debug] [app] event=scheduler.change status=success routine=license.verify intervalSec=86400
[2026-08-24 19:47:43.811] [info]  [app] event=app.startup status=success message="schedulers registered"
[2026-08-24 19:47:43.812] [info]  [HASTE Guard] enableHasteAgent is false (OFF). Skipping agent bot launch.
[2026-08-24 19:47:43.813] [info]  [app] event=license.verify status=success state=approved storeId=105041
[2026-08-24 19:47:43.857] [error] [app] event=main_process.error status=failed reason=uncaught_exception stack=Error:_listen_EADDRINUSE:_address_already_in_use_0.0.0.0:8080_at_Server.setupListenHandle_[as__listen2]_(node:net:2009:16)_at_listenInCluster_(node:net:2066:12)_at_node:net:2275:7_at_process.processTicksAndRejections_(node:internal/process/task_queues:90:21) message="listen EADDRINUSE: address already in use 0.0.0.0:8080"
[2026-08-24 19:47:43.868] [error] [serialport] [serialport] event=serialport.error status=failed reason=port_error boardName=board1 port=COM5 message="Opening COM5: Access denied"
[2026-08-24 19:47:43.870] [error] [serialport] [serialport] event=serialport.error status=failed reason=port_error boardName=board1 port=COM5 message="Opening COM5: Access denied"
[2026-08-24 19:47:43.872] [debug] [api] [HASTE DevTools Sync] Current window DevTools opened state: false, Target state: false
[2026-08-24 19:47:43.881] [debug] [coffee] [coffee] event=coffee.socket status=success transport=ws machineName=WMF action=connected
[2026-08-24 19:47:43.891] [debug] [coffee] [coffee] event=hardware.response status=success machineName=Lilly_(WMF) command=getApiVersion returnvalue=40401
[2026-08-24 19:47:44.428] [debug] [coffee] [coffee] event=hardware.response status=success machineName=Lilly_(WMF) command=getDiagnosticData returnvalue=0
[2026-08-24 19:47:44.429] [debug] [coffee] [coffee] event=temperature.change status=success value=97
[2026-08-24 19:47:44.429] [debug] [api] [api] event=did.callback status=ignored reason=local_did_not_open screen=temperature
[2026-08-24 19:47:45.528] [debug] [coffee] [coffee] event=hardware.response status=success machineName=Lilly_(WMF) command=getMachineInfo returnvalue=0
[2026-08-24 19:49:52.297] [info]  [HASTE Shutdown] Releasing all serial ports...
[2026-08-24 19:49:52.298] [info]  [app] event=app.shutdown status=started
[2026-08-24 19:53:17.039] [info]  [HASTE DB Load] Loaded settings from SQLite database successfully. StoreName: "수원금곡삼익점", StoreNo: "105041", ThemeMode: "Light", isKioskDryRun: "false"
[2026-08-24 19:53:17.903] [info]  [app] event=app.startup status=started appVersion=3.1.4 packaged=true
[2026-08-24 19:53:18.161] [info]  [app] event=app.window status=success
[2026-08-24 19:53:18.198] [info]  [app] event=app.tray status=success
[2026-08-24 19:53:18.198] [info]  [app] event=updater.check status=ignored reason=store_managed_distribution
[2026-08-24 19:53:18.203] [info]  [app] event=app.ipc status=success
[2026-08-24 19:53:18.705] [info]  [app] event=task.start status=success
[2026-08-24 19:53:18.707] [debug] [api] [api] event=settings.change status=success port=8080 posStoreNo=105041 deviceModelId=D0000
[2026-08-24 19:53:18.710] [info]  [api] [HASTE] Found SSL Certificates at: C:\Users\커피에반하다\AppData\Local\haste_client3.1\resources\resources
[2026-08-24 19:53:18.715] [info]  [api] [HASTE] Started HTTP Hono Server on port 8080 (Toss Place HTTP Mode).
[2026-08-24 19:53:18.721] [info]  [api] [HASTE] Started HTTPS Hono Server on port 8443 (Toss Kiosk Mode).
[2026-08-24 19:53:18.722] [debug] [api] [api] event=api.server status=success port=8080 host=0.0.0.0
[2026-08-24 19:53:18.724] [info]  [serialport] [serialport] event=serialport.connect status=started scope=all
[2026-08-24 19:53:18.726] [debug] [coffee] [coffee] event=settings.change status=success field=thirdpartyType value=Lilly_(WMF)
[2026-08-24 19:53:18.728] [debug] [coffee] [coffee] event=coffee.socket status=started transport=ws machineName=WMF model=Lilly_(WMF) ip=192.168.10.99 port=25000
[2026-08-24 19:53:18.734] [debug] [coffee] [coffee] event=temperature.change status=success
[2026-08-24 19:53:18.736] [debug] [api] [api] event=did.callback status=ignored reason=local_did_not_open screen=temperature
[2026-08-24 19:53:18.744] [info]  [HASTE DB Save] Settings category "inventory" has been updated and saved to SQLite successfully.
[2026-08-24 19:53:18.747] [info]  [HASTE DB Save] Settings category "inventory" has been updated and saved to SQLite successfully.
[2026-08-24 19:53:18.748] [info]  [serialport] [serialport] event=serialport.connect status=started scope=all
[2026-08-24 19:53:18.751] [info]  [HASTE DB Save] Settings category "inventory" has been updated and saved to SQLite successfully.
[2026-08-24 19:53:18.752] [info]  [HASTE DB Save] Settings category "inventory" has been updated and saved to SQLite successfully.
[2026-08-24 19:53:18.754] [debug] [api] [HASTE Theme Sync] Applied local UI theme: isDark=false
[2026-08-24 19:53:18.755] [debug] [api] [api] event=did.callback status=started target=local screen=/ reason=local_api_down
[2026-08-24 19:53:18.757] [info]  [app] event=app.startup status=success message="subscriptions registered"
[2026-08-24 19:53:18.758] [debug] [task] [task] event=scheduler.change status=success routine=FOAMER_RINSING intervalSec=1500 normalizedIntervalSec=1500
[2026-08-24 19:53:18.761] [debug] [task] [task] event=scheduler.change status=success routine=WARM_RINSING intervalSec=0 normalizedIntervalSec=0
[2026-08-24 19:53:18.762] [debug] [task] [task] event=scheduler.change status=success routine=MIXER_RINSING intervalSec=0 normalizedIntervalSec=0
[2026-08-24 19:53:18.763] [debug] [task] [task] event=scheduler.change status=success routine=ERROR_CHECK intervalSec=600 normalizedIntervalSec=600
[2026-08-24 19:53:18.765] [debug] [task] [task] event=scheduler.change status=success routine=ICE_MAKER intervalSec=1800 normalizedIntervalSec=1800
[2026-08-24 19:53:18.766] [debug] [task] [task] event=scheduler.change status=success routine=TEMP_CHECK intervalSec=600 normalizedIntervalSec=600
[2026-08-24 19:53:18.767] [debug] [app] event=scheduler.change status=success routine=license.verify intervalSec=86400
[2026-08-24 19:53:18.768] [info]  [app] event=app.startup status=success message="schedulers registered"
[2026-08-24 19:53:18.769] [info]  [HASTE Guard] enableHasteAgent is false (OFF). Skipping agent bot launch.
[2026-08-24 19:53:18.874] [debug] [coffee] [coffee] event=coffee.socket status=success transport=ws machineName=WMF action=connected
[2026-08-24 19:53:18.878] [debug] [api] [HASTE DevTools Sync] Current window DevTools opened state: false, Target state: false
[2026-08-24 19:53:19.023] [debug] [coffee] [coffee] event=hardware.response status=success machineName=Lilly_(WMF) command=getApiVersion returnvalue=40401
[2026-08-24 19:53:19.101] [error] [serialport] [serialport] event=serialport.error status=failed reason=port_error boardName=board1 port=COM5 message="Opening COM5: Access denied"
[2026-08-24 19:53:19.394] [debug] [coffee] [coffee] event=hardware.response status=success machineName=Lilly_(WMF) command=getDiagnosticData returnvalue=0
[2026-08-24 19:53:19.395] [debug] [coffee] [coffee] event=temperature.change status=success value=96
[2026-08-24 19:53:19.396] [debug] [api] [api] event=did.callback status=ignored reason=local_did_not_open screen=temperature
[2026-08-24 19:53:19.570] [debug] [api] [HASTE Theme Sync] Applied local UI theme: isDark=false
[2026-08-24 19:53:19.572] [info]  [HASTE DB Save] Settings category "information" has been updated and saved to SQLite successfully.
[2026-08-24 19:53:19.612] [info]  [HASTE DB Save] Settings category "information" has been updated and saved to SQLite successfully.
[2026-08-24 19:53:19.613] [info]  [app] event=license.verify status=success state=approved storeId=105041
[2026-08-24 19:53:19.628] [debug] [api] [HASTE DevTools Sync] Current window DevTools opened state: false, Target state: false
[2026-08-24 19:53:20.374] [debug] [api] [api] event=did.callback status=started target=local screen=main
[2026-08-24 19:53:20.375] [debug] [serialport] [serialport] event=serialport.connect status=success boardName=board1 port=COM5
[2026-08-24 19:53:20.517] [debug] [coffee] [coffee] event=hardware.response status=success machineName=Lilly_(WMF) command=getMachineInfo returnvalue=0
[2026-08-24 19:53:21.187] [debug] [serialport] [serialport] event=serialport.packet status=success boardName=board1 length=24 message="bytearray(b'\\x020A1DCP0201A00101A10344\\x03')"
[2026-08-24 19:53:21.321] [debug] [serialport] [serialport] event=serialport.packet status=success boardName=board1 length=24 message="bytearray(b'\\x020A1DPC0200A00101A00342\\x03')"
[2026-08-24 19:53:21.323] [debug] [serialport] [serialport] event=serialport.packet.parse status=success boardName=board1 message="{\"isValidStx\":true,\"isValidEtx\":true,\"isValidDst\":true,\"isValidSrc\":true,\"isValidLength\":true,\"fnc\":\"1\",\"act\":\"D\",\"data\":{\"0\":48,\"1\":50,\"2\":48,\"3\":48,\"4\":65,\"5\":48,\"6\":48,\"7\":49,\"8\":48,\"9\":49,\"10\":65,\"11\":48,\"12\":48,\"13\":51,\"14\":52},\"values\":[\"02\",\"00\",\"A0\",\"01\",\"01\",\"A0\",\"03\"],\"part\":{},\"isValidChecksum\":true}"
[2026-08-24 19:55:58.489] [info]  [HASTE DB Save] Settings category "information" has been updated and saved to SQLite successfully.
[2026-08-24 19:55:58.540] [info]  [HASTE DB Save] Settings category "information" has been updated and saved to SQLite successfully.
[2026-08-24 19:55:58.542] [info]  [HASTE DB Save] Settings category "information" has been updated and saved to SQLite successfully.
[2026-08-24 19:55:58.545] [info]  [HASTE DB Save] Settings category "information" has been updated and saved to SQLite successfully.
[2026-08-24 19:55:58.912] [info]  [HASTE DB Save] Settings category "information" has been updated and saved to SQLite successfully.
[2026-08-24 19:55:59.169] [info]  [HASTE DB Save] Settings category "information" has been updated and saved to SQLite successfully.
[2026-08-24 19:56:05.688] [info]  [HASTE DB Save] Settings category "information" has been updated and saved to SQLite successfully.
[2026-08-24 19:56:05.690] [info]  [HASTE DB Save] Settings category "information" has been updated and saved to SQLite successfully.
[2026-08-24 19:56:05.691] [info]  [HASTE DB Save] Settings category "information" has been updated and saved to SQLite successfully.
[2026-08-24 19:56:05.955] [info]  [HASTE DB Save] Settings category "information" has been updated and saved to SQLite successfully.
[2026-08-24 19:56:06.194] [info]  [HASTE DB Save] Settings category "information" has been updated and saved to SQLite successfully.
[2026-08-24 19:56:07.121] [warn]  [api] [api] event=api.request status=ignored version=v1 reason=unsupported_command
[2026-08-24 19:57:17.236] [info]  [HASTE DB Save] Settings category "information" has been updated and saved to SQLite successfully.
[2026-08-24 19:57:17.378] [info]  [HASTE DB Save] Settings category "information" has been updated and saved to SQLite successfully.
[2026-08-24 19:57:17.380] [info]  [HASTE DB Save] Settings category "information" has been updated and saved to SQLite successfully.
[2026-08-24 19:57:17.382] [info]  [HASTE DB Save] Settings category "information" has been updated and saved to SQLite successfully.
[2026-08-24 19:57:17.772] [info]  [HASTE DB Save] Settings category "information" has been updated and saved to SQLite successfully.
[2026-08-24 19:57:18.000] [info]  [HASTE DB Save] Settings category "information" has been updated and saved to SQLite successfully.
[2026-08-24 19:57:24.358] [info]  [HASTE DB Save] Settings category "information" has been updated and saved to SQLite successfully.
[2026-08-24 19:57:24.362] [info]  [HASTE DB Save] Settings category "information" has been updated and saved to SQLite successfully.
[2026-08-24 19:57:24.364] [info]  [HASTE DB Save] Settings category "information" has been updated and saved to SQLite successfully.
[2026-08-24 19:57:24.665] [info]  [HASTE DB Save] Settings category "information" has been updated and saved to SQLite successfully.
[2026-08-24 19:57:24.912] [info]  [HASTE DB Save] Settings category "information" has been updated and saved to SQLite successfully.
[2026-08-24 19:58:24.692] [info]  [task] [HASTE Google Sheet Sync] Synchronizing latest SOT directly from Google Sheets...
[2026-08-24 19:58:24.693] [info]  [HASTE DB Sync] Reloading memory settingsStore from SQLite database...
[2026-08-24 19:58:24.698] [info]  [HASTE DB Load] Loaded settings from SQLite database successfully. StoreName: "수원금곡삼익점", StoreNo: "105041", ThemeMode: "Light", isKioskDryRun: "false"
[2026-08-24 19:58:24.700] [info]  [task] [HASTE Google Sheet Sync] Google Sheet sync & local DB injection completed successfully!
[2026-08-24 19:58:24.821] [info]  [HASTE DB Save] Settings category "information" has been updated and saved to SQLite successfully.
[2026-08-24 19:58:24.833] [info]  [HASTE DB Save] Settings category "information" has been updated and saved to SQLite successfully.
[2026-08-24 19:58:24.834] [info]  [HASTE DB Save] Settings category "information" has been updated and saved to SQLite successfully.
[2026-08-24 19:58:25.207] [info]  [HASTE DB Save] Settings category "information" has been updated and saved to SQLite successfully.
[2026-08-24 19:58:25.333] [info]  [HASTE DB Save] Settings category "information" has been updated and saved to SQLite successfully.
[2026-08-24 19:58:33.620] [info]  [task] [HASTE IPC] Executing settings:apply:standard_recipes (Store Environment Optimized SOT)...
[2026-08-24 19:58:33.626] [info]  [HASTE DB Save] Settings category "menu" has been updated and saved to SQLite successfully.
[2026-08-24 19:58:33.628] [info]  [HASTE DB Save] Settings category "menu" has been updated and saved to SQLite successfully.
[2026-08-24 19:58:33.630] [info]  [HASTE DB Sync] Reloading memory settingsStore from SQLite database...
[2026-08-24 19:58:33.633] [info]  [HASTE DB Load] Loaded settings from SQLite database successfully. StoreName: "수원금곡삼익점", StoreNo: "105041", ThemeMode: "Light", isKioskDryRun: "false"
[2026-08-24 19:58:33.635] [info]  [task] [HASTE SOT] Successfully injected 268 standard recipes + preserved 0 custom user menus (Total: 268).
[2026-08-24 19:58:33.640] [info]  [task] [HASTE SOT] Successfully synced 36 representative items into kiosk menu_item table.
[2026-08-24 19:58:33.985] [info]  [HASTE DB Save] Settings category "information" has been updated and saved to SQLite successfully.
[2026-08-24 19:58:33.986] [info]  [HASTE DB Save] Settings category "information" has been updated and saved to SQLite successfully.
[2026-08-24 19:58:33.987] [info]  [HASTE DB Save] Settings category "information" has been updated and saved to SQLite successfully.